May 28 07:45:20.821609 localhost kernel: Linux version 6.9.1-1-default (geeko@buildhost) (gcc (SUSE Linux) 13.2.1 20240509 [revision b7a2697733d19a093cbdd0e200ffce069a4bc812], GNU ld (GNU Binutils; openSUSE Tumbleweed) 2.42.0.20240130-3) #1 SMP PREEMPT_DYNAMIC Fri May 17 11:59:46 UTC 2024 (0c0b0b5)
May 28 07:45:20.821629 localhost kernel: Command line: initrd=\opensuse-microos\6.9.1-1-default\initrd-911416194678d93f4d5257581fec7fb9cc3181ff root=UUID=e8ad61ea-a99b-49c3-a988-7bb04d760f5e splash=silent console=ttyS0 console=tty swapaccount=1 quiet security=selinux selinux=1 enforcing=1 mitigations=auto rootflags=subvol=@/.snapshots/1/snapshot
May 28 07:45:20.821639 localhost kernel: BIOS-provided physical RAM map:
May 28 07:45:20.821645 localhost kernel: BIOS-e820: [mem 0x0000000000000000-0x000000000009ffff] usable
May 28 07:45:20.821650 localhost kernel: BIOS-e820: [mem 0x0000000000100000-0x00000000007fffff] usable
May 28 07:45:20.821655 localhost kernel: BIOS-e820: [mem 0x0000000000800000-0x0000000000807fff] ACPI NVS
May 28 07:45:20.821661 localhost kernel: BIOS-e820: [mem 0x0000000000808000-0x000000000080afff] usable
May 28 07:45:20.821666 localhost kernel: BIOS-e820: [mem 0x000000000080b000-0x000000000080bfff] ACPI NVS
May 28 07:45:20.821671 localhost kernel: BIOS-e820: [mem 0x000000000080c000-0x000000000080ffff] usable
May 28 07:45:20.821676 localhost kernel: BIOS-e820: [mem 0x0000000000810000-0x00000000008fffff] ACPI NVS
May 28 07:45:20.821681 localhost kernel: BIOS-e820: [mem 0x0000000000900000-0x000000003f8eefff] usable
May 28 07:45:20.821685 localhost kernel: BIOS-e820: [mem 0x000000003f8ef000-0x000000003fb6efff] reserved
May 28 07:45:20.821690 localhost kernel: BIOS-e820: [mem 0x000000003fb6f000-0x000000003fb7efff] ACPI data
May 28 07:45:20.821695 localhost kernel: BIOS-e820: [mem 0x000000003fb7f000-0x000000003fbfefff] ACPI NVS
May 28 07:45:20.821703 localhost kernel: BIOS-e820: [mem 0x000000003fbff000-0x000000003ff57fff] usable
May 28 07:45:20.821708 localhost kernel: BIOS-e820: [mem 0x000000003ff58000-0x000000003ff77fff] reserved
May 28 07:45:20.821713 localhost kernel: BIOS-e820: [mem 0x000000003ff78000-0x000000003fffffff] ACPI NVS
May 28 07:45:20.821718 localhost kernel: BIOS-e820: [mem 0x00000000ffe00000-0x00000000ffffffff] reserved
May 28 07:45:20.821723 localhost kernel: NX (Execute Disable) protection: active
May 28 07:45:20.821728 localhost kernel: APIC: Static calls initialized
May 28 07:45:20.821732 localhost kernel: e820: update [mem 0x3dbc8018-0x3dbd1c57] usable ==> usable
May 28 07:45:20.821738 localhost kernel: e820: update [mem 0x3db9f018-0x3dbc7057] usable ==> usable
May 28 07:45:20.821743 localhost kernel: extended physical RAM map:
May 28 07:45:20.821747 localhost kernel: reserve setup_data: [mem 0x0000000000000000-0x000000000009ffff] usable
May 28 07:45:20.821752 localhost kernel: reserve setup_data: [mem 0x0000000000100000-0x00000000007fffff] usable
May 28 07:45:20.821759 localhost kernel: reserve setup_data: [mem 0x0000000000800000-0x0000000000807fff] ACPI NVS
May 28 07:45:20.821764 localhost kernel: reserve setup_data: [mem 0x0000000000808000-0x000000000080afff] usable
May 28 07:45:20.821769 localhost kernel: reserve setup_data: [mem 0x000000000080b000-0x000000000080bfff] ACPI NVS
May 28 07:45:20.821774 localhost kernel: reserve setup_data: [mem 0x000000000080c000-0x000000000080ffff] usable
May 28 07:45:20.821779 localhost kernel: reserve setup_data: [mem 0x0000000000810000-0x00000000008fffff] ACPI NVS
May 28 07:45:20.821783 localhost kernel: reserve setup_data: [mem 0x0000000000900000-0x000000003db9f017] usable
May 28 07:45:20.821788 localhost kernel: reserve setup_data: [mem 0x000000003db9f018-0x000000003dbc7057] usable
May 28 07:45:20.821793 localhost kernel: reserve setup_data: [mem 0x000000003dbc7058-0x000000003dbc8017] usable
May 28 07:45:20.821798 localhost kernel: reserve setup_data: [mem 0x000000003dbc8018-0x000000003dbd1c57] usable
May 28 07:45:20.821803 localhost kernel: reserve setup_data: [mem 0x000000003dbd1c58-0x000000003f8eefff] usable
May 28 07:45:20.821808 localhost kernel: reserve setup_data: [mem 0x000000003f8ef000-0x000000003fb6efff] reserved
May 28 07:45:20.821812 localhost kernel: reserve setup_data: [mem 0x000000003fb6f000-0x000000003fb7efff] ACPI data
May 28 07:45:20.821817 localhost kernel: reserve setup_data: [mem 0x000000003fb7f000-0x000000003fbfefff] ACPI NVS
May 28 07:45:20.821822 localhost kernel: reserve setup_data: [mem 0x000000003fbff000-0x000000003ff57fff] usable
May 28 07:45:20.821827 localhost kernel: reserve setup_data: [mem 0x000000003ff58000-0x000000003ff77fff] reserved
May 28 07:45:20.821835 localhost kernel: reserve setup_data: [mem 0x000000003ff78000-0x000000003fffffff] ACPI NVS
May 28 07:45:20.821840 localhost kernel: reserve setup_data: [mem 0x00000000ffe00000-0x00000000ffffffff] reserved
May 28 07:45:20.821844 localhost kernel: efi: EFI v2.7 by EDK II
May 28 07:45:20.821850 localhost kernel: efi: SMBIOS=0x3f909000 ACPI=0x3fb7e000 ACPI 2.0=0x3fb7e014 MEMATTR=0x3e76f018 MOKvar=0x3e770000 RNG=0x3fb75f18 INITRD=0x3dbd2f98 
May 28 07:45:20.821856 localhost kernel: random: crng init done
May 28 07:45:20.821861 localhost kernel: efi: Remove mem124: MMIO range=[0xffe00000-0xffffffff] (2MB) from e820 map
May 28 07:45:20.821866 localhost kernel: e820: remove [mem 0xffe00000-0xffffffff] reserved
May 28 07:45:20.821871 localhost kernel: secureboot: Secure boot enabled
May 28 07:45:20.821876 localhost kernel: Kernel is locked down from EFI Secure Boot mode; see man kernel_lockdown.7
May 28 07:45:20.821881 localhost kernel: SMBIOS 2.8 present.
May 28 07:45:20.821885 localhost kernel: DMI: QEMU Standard PC (i440FX + PIIX, 1996), BIOS 0.0.0 02/06/2015
May 28 07:45:20.821890 localhost kernel: Hypervisor detected: KVM
May 28 07:45:20.821895 localhost kernel: kvm-clock: Using msrs 4b564d01 and 4b564d00
May 28 07:45:20.821900 localhost kernel: kvm-clock: using sched offset of 1049557695286 cycles
May 28 07:45:20.821905 localhost kernel: clocksource: kvm-clock: mask: 0xffffffffffffffff max_cycles: 0x1cd42e4dffb, max_idle_ns: 881590591483 ns
May 28 07:45:20.821910 localhost kernel: tsc: Detected 2199.998 MHz processor
May 28 07:45:20.821916 localhost kernel: e820: update [mem 0x00000000-0x00000fff] usable ==> reserved
May 28 07:45:20.821921 localhost kernel: e820: remove [mem 0x000a0000-0x000fffff] usable
May 28 07:45:20.821926 localhost kernel: last_pfn = 0x3ff58 max_arch_pfn = 0x400000000
May 28 07:45:20.821933 localhost kernel: MTRR map: 4 entries (2 fixed + 2 variable; max 18), built from 8 variable MTRRs
May 28 07:45:20.821938 localhost kernel: x86/PAT: Configuration [0-7]: WB  WC  UC- UC  WB  WP  UC- WT  
May 28 07:45:20.821943 localhost kernel: e820: update [mem 0x3e770000-0x3e770fff] usable ==> reserved
May 28 07:45:20.821949 localhost kernel: Using GB pages for direct mapping
May 28 07:45:20.821954 localhost kernel: secureboot: Secure boot enabled
May 28 07:45:20.821959 localhost kernel: RAMDISK: [mem 0x35265000-0x365fffff]
May 28 07:45:20.821964 localhost kernel: ACPI: Early table checksum verification disabled
May 28 07:45:20.821970 localhost kernel: ACPI: RSDP 0x000000003FB7E014 000024 (v02 BOCHS )
May 28 07:45:20.821975 localhost kernel: ACPI: XSDT 0x000000003FB7D0E8 00004C (v01 BOCHS  BXPC     00000001      01000013)
May 28 07:45:20.821980 localhost kernel: ACPI: FACP 0x000000003FB7A000 000074 (v01 BOCHS  BXPC     00000001 BXPC 00000001)
May 28 07:45:20.821985 localhost kernel: ACPI: DSDT 0x000000003FB7B000 001761 (v01 BOCHS  BXPC     00000001 BXPC 00000001)
May 28 07:45:20.821990 localhost kernel: ACPI: FACS 0x000000003FBDD000 000040
May 28 07:45:20.821997 localhost kernel: ACPI: APIC 0x000000003FB79000 000078 (v01 BOCHS  BXPC     00000001 BXPC 00000001)
May 28 07:45:20.822002 localhost kernel: ACPI: HPET 0x000000003FB78000 000038 (v01 BOCHS  BXPC     00000001 BXPC 00000001)
May 28 07:45:20.822007 localhost kernel: ACPI: WAET 0x000000003FB77000 000028 (v01 BOCHS  BXPC     00000001 BXPC 00000001)
May 28 07:45:20.822013 localhost kernel: ACPI: BGRT 0x000000003FB76000 000038 (v01 INTEL  EDK2     00000002      01000013)
May 28 07:45:20.822018 localhost kernel: ACPI: Reserving FACP table memory at [mem 0x3fb7a000-0x3fb7a073]
May 28 07:45:20.822023 localhost kernel: ACPI: Reserving DSDT table memory at [mem 0x3fb7b000-0x3fb7c760]
May 28 07:45:20.822028 localhost kernel: ACPI: Reserving FACS table memory at [mem 0x3fbdd000-0x3fbdd03f]
May 28 07:45:20.822033 localhost kernel: ACPI: Reserving APIC table memory at [mem 0x3fb79000-0x3fb79077]
May 28 07:45:20.822038 localhost kernel: ACPI: Reserving HPET table memory at [mem 0x3fb78000-0x3fb78037]
May 28 07:45:20.822043 localhost kernel: ACPI: Reserving WAET table memory at [mem 0x3fb77000-0x3fb77027]
May 28 07:45:20.822048 localhost kernel: ACPI: Reserving BGRT table memory at [mem 0x3fb76000-0x3fb76037]
May 28 07:45:20.822055 localhost kernel: No NUMA configuration found
May 28 07:45:20.822060 localhost kernel: Faking a node at [mem 0x0000000000000000-0x000000003ff57fff]
May 28 07:45:20.822065 localhost kernel: NODE_DATA(0) allocated [mem 0x3fe87000-0x3feb1fff]
May 28 07:45:20.822070 localhost kernel: Zone ranges:
May 28 07:45:20.822076 localhost kernel:   DMA      [mem 0x0000000000001000-0x0000000000ffffff]
May 28 07:45:20.822081 localhost kernel:   DMA32    [mem 0x0000000001000000-0x000000003ff57fff]
May 28 07:45:20.822086 localhost kernel:   Normal   empty
May 28 07:45:20.822091 localhost kernel:   Device   empty
May 28 07:45:20.822096 localhost kernel: Movable zone start for each node
May 28 07:45:20.822101 localhost kernel: Early memory node ranges
May 28 07:45:20.822106 localhost kernel:   node   0: [mem 0x0000000000001000-0x000000000009ffff]
May 28 07:45:20.822111 localhost kernel:   node   0: [mem 0x0000000000100000-0x00000000007fffff]
May 28 07:45:20.822116 localhost kernel:   node   0: [mem 0x0000000000808000-0x000000000080afff]
May 28 07:45:20.822123 localhost kernel:   node   0: [mem 0x000000000080c000-0x000000000080ffff]
May 28 07:45:20.822128 localhost kernel:   node   0: [mem 0x0000000000900000-0x000000003f8eefff]
May 28 07:45:20.822133 localhost kernel:   node   0: [mem 0x000000003fbff000-0x000000003ff57fff]
May 28 07:45:20.822138 localhost kernel: Initmem setup node 0 [mem 0x0000000000001000-0x000000003ff57fff]
May 28 07:45:20.822143 localhost kernel: On node 0, zone DMA: 1 pages in unavailable ranges
May 28 07:45:20.822148 localhost kernel: On node 0, zone DMA: 96 pages in unavailable ranges
May 28 07:45:20.822153 localhost kernel: On node 0, zone DMA: 8 pages in unavailable ranges
May 28 07:45:20.822158 localhost kernel: On node 0, zone DMA: 1 pages in unavailable ranges
May 28 07:45:20.822163 localhost kernel: On node 0, zone DMA: 240 pages in unavailable ranges
May 28 07:45:20.822169 localhost kernel: On node 0, zone DMA32: 784 pages in unavailable ranges
May 28 07:45:20.822174 localhost kernel: On node 0, zone DMA32: 168 pages in unavailable ranges
May 28 07:45:20.822179 localhost kernel: ACPI: PM-Timer IO Port: 0xb008
May 28 07:45:20.822184 localhost kernel: ACPI: LAPIC_NMI (acpi_id[0xff] dfl dfl lint[0x1])
May 28 07:45:20.822191 localhost kernel: IOAPIC[0]: apic_id 0, version 17, address 0xfec00000, GSI 0-23
May 28 07:45:20.822196 localhost kernel: ACPI: INT_SRC_OVR (bus 0 bus_irq 0 global_irq 2 dfl dfl)
May 28 07:45:20.822201 localhost kernel: ACPI: INT_SRC_OVR (bus 0 bus_irq 5 global_irq 5 high level)
May 28 07:45:20.822206 localhost kernel: ACPI: INT_SRC_OVR (bus 0 bus_irq 9 global_irq 9 high level)
May 28 07:45:20.822211 localhost kernel: ACPI: INT_SRC_OVR (bus 0 bus_irq 10 global_irq 10 high level)
May 28 07:45:20.822216 localhost kernel: ACPI: INT_SRC_OVR (bus 0 bus_irq 11 global_irq 11 high level)
May 28 07:45:20.822221 localhost kernel: ACPI: Using ACPI (MADT) for SMP configuration information
May 28 07:45:20.822226 localhost kernel: ACPI: HPET id: 0x8086a201 base: 0xfed00000
May 28 07:45:20.822231 localhost kernel: e820: update [mem 0x3dc62000-0x3dc6afff] usable ==> reserved
May 28 07:45:20.822236 localhost kernel: TSC deadline timer available
May 28 07:45:20.822246 localhost kernel: CPU topo: Max. logical packages:   1
May 28 07:45:20.822251 localhost kernel: CPU topo: Max. logical dies:       1
May 28 07:45:20.822256 localhost kernel: CPU topo: Max. dies per package:   1
May 28 07:45:20.822263 localhost kernel: CPU topo: Max. threads per core:   1
May 28 07:45:20.822268 localhost kernel: CPU topo: Num. cores per package:     1
May 28 07:45:20.822273 localhost kernel: CPU topo: Num. threads per package:   1
May 28 07:45:20.822278 localhost kernel: CPU topo: Allowing 1 present CPUs plus 0 hotplug CPUs
May 28 07:45:20.822283 localhost kernel: kvm-guest: APIC: eoi() replaced with kvm_guest_apic_eoi_write()
May 28 07:45:20.822288 localhost kernel: PM: hibernation: Registered nosave memory: [mem 0x00000000-0x00000fff]
May 28 07:45:20.822293 localhost kernel: PM: hibernation: Registered nosave memory: [mem 0x000a0000-0x000fffff]
May 28 07:45:20.822299 localhost kernel: PM: hibernation: Registered nosave memory: [mem 0x00800000-0x00807fff]
May 28 07:45:20.822304 localhost kernel: PM: hibernation: Registered nosave memory: [mem 0x0080b000-0x0080bfff]
May 28 07:45:20.822310 localhost kernel: PM: hibernation: Registered nosave memory: [mem 0x00810000-0x008fffff]
May 28 07:45:20.822316 localhost kernel: PM: hibernation: Registered nosave memory: [mem 0x3db9f000-0x3db9ffff]
May 28 07:45:20.822321 localhost kernel: PM: hibernation: Registered nosave memory: [mem 0x3dbc7000-0x3dbc7fff]
May 28 07:45:20.822326 localhost kernel: PM: hibernation: Registered nosave memory: [mem 0x3dbc8000-0x3dbc8fff]
May 28 07:45:20.822331 localhost kernel: PM: hibernation: Registered nosave memory: [mem 0x3dbd1000-0x3dbd1fff]
May 28 07:45:20.822336 localhost kernel: PM: hibernation: Registered nosave memory: [mem 0x3dc62000-0x3dc6afff]
May 28 07:45:20.822341 localhost kernel: PM: hibernation: Registered nosave memory: [mem 0x3e770000-0x3e770fff]
May 28 07:45:20.822346 localhost kernel: PM: hibernation: Registered nosave memory: [mem 0x3f8ef000-0x3fb6efff]
May 28 07:45:20.822351 localhost kernel: PM: hibernation: Registered nosave memory: [mem 0x3fb6f000-0x3fb7efff]
May 28 07:45:20.822356 localhost kernel: PM: hibernation: Registered nosave memory: [mem 0x3fb7f000-0x3fbfefff]
May 28 07:45:20.822361 localhost kernel: [mem 0x40000000-0xffffffff] available for PCI devices
May 28 07:45:20.822366 localhost kernel: Booting paravirtualized kernel on KVM
May 28 07:45:20.822373 localhost kernel: clocksource: refined-jiffies: mask: 0xffffffff max_cycles: 0xffffffff, max_idle_ns: 6370452778343963 ns
May 28 07:45:20.822378 localhost kernel: setup_percpu: NR_CPUS:8192 nr_cpumask_bits:1 nr_cpu_ids:1 nr_node_ids:1
May 28 07:45:20.822384 localhost kernel: percpu: Embedded 72 pages/cpu s258048 r8192 d28672 u2097152
May 28 07:45:20.822389 localhost kernel: pcpu-alloc: s258048 r8192 d28672 u2097152 alloc=1*2097152
May 28 07:45:20.822394 localhost kernel: pcpu-alloc: [0] 0 
May 28 07:45:20.822399 localhost kernel: kvm-guest: PV spinlocks disabled, single CPU
May 28 07:45:20.822405 localhost kernel: Kernel command line: initrd=\opensuse-microos\6.9.1-1-default\initrd-911416194678d93f4d5257581fec7fb9cc3181ff root=UUID=e8ad61ea-a99b-49c3-a988-7bb04d760f5e splash=silent console=ttyS0 console=tty swapaccount=1 quiet security=selinux selinux=1 enforcing=1 mitigations=auto rootflags=subvol=@/.snapshots/1/snapshot
May 28 07:45:20.822410 localhost kernel: Unknown kernel command line parameters "splash=silent", will be passed to user space.
May 28 07:45:20.822416 localhost kernel: Dentry cache hash table entries: 131072 (order: 8, 1048576 bytes, linear)
May 28 07:45:20.822421 localhost kernel: Inode-cache hash table entries: 65536 (order: 7, 524288 bytes, linear)
May 28 07:45:20.822426 localhost kernel: Fallback order for Node 0: 0 
May 28 07:45:20.822433 localhost kernel: Built 1 zonelists, mobility grouping on.  Total pages: 254806
May 28 07:45:20.822438 localhost kernel: Policy zone: DMA32
May 28 07:45:20.822443 localhost kernel: mem auto-init: stack:off, heap alloc:off, heap free:off
May 28 07:45:20.822448 localhost kernel: Memory: 247576K/1043384K available (16384K kernel code, 3000K rwdata, 13020K rodata, 4224K init, 4384K bss, 131148K reserved, 0K cma-reserved)
May 28 07:45:20.822453 localhost kernel: SLUB: HWalign=64, Order=0-3, MinObjects=0, CPUs=1, Nodes=1
May 28 07:45:20.822458 localhost kernel: ftrace: allocating 47505 entries in 186 pages
May 28 07:45:20.822463 localhost kernel: ftrace: allocated 186 pages with 5 groups
May 28 07:45:20.822468 localhost kernel: Dynamic Preempt: voluntary
May 28 07:45:20.822473 localhost kernel: rcu: Preemptible hierarchical RCU implementation.
May 28 07:45:20.822479 localhost kernel: rcu:         RCU event tracing is enabled.
May 28 07:45:20.822484 localhost kernel: rcu:         RCU restricting CPUs from NR_CPUS=8192 to nr_cpu_ids=1.
May 28 07:45:20.822489 localhost kernel:         Trampoline variant of Tasks RCU enabled.
May 28 07:45:20.822496 localhost kernel:         Rude variant of Tasks RCU enabled.
May 28 07:45:20.822501 localhost kernel:         Tracing variant of Tasks RCU enabled.
May 28 07:45:20.822507 localhost kernel: rcu: RCU calculated value of scheduler-enlistment delay is 30 jiffies.
May 28 07:45:20.822512 localhost kernel: rcu: Adjusting geometry for rcu_fanout_leaf=16, nr_cpu_ids=1
May 28 07:45:20.822517 localhost kernel: RCU Tasks: Setting shift to 0 and lim to 1 rcu_task_cb_adjust=1.
May 28 07:45:20.822522 localhost kernel: RCU Tasks Rude: Setting shift to 0 and lim to 1 rcu_task_cb_adjust=1.
May 28 07:45:20.822527 localhost kernel: RCU Tasks Trace: Setting shift to 0 and lim to 1 rcu_task_cb_adjust=1.
May 28 07:45:20.822532 localhost kernel: NR_IRQS: 524544, nr_irqs: 256, preallocated irqs: 16
May 28 07:45:20.822537 localhost kernel: rcu: srcu_init: Setting srcu_struct sizes based on contention.
May 28 07:45:20.822542 localhost kernel: Console: colour dummy device 80x25
May 28 07:45:20.822547 localhost kernel: printk: legacy console [tty0] enabled
May 28 07:45:20.822554 localhost kernel: printk: legacy console [ttyS0] enabled
May 28 07:45:20.822559 localhost kernel: ACPI: Core revision 20230628
May 28 07:45:20.822564 localhost kernel: clocksource: hpet: mask: 0xffffffff max_cycles: 0xffffffff, max_idle_ns: 19112604467 ns
May 28 07:45:20.822569 localhost kernel: APIC: Switch to symmetric I/O mode setup
May 28 07:45:20.822574 localhost kernel: x2apic enabled
May 28 07:45:20.822580 localhost kernel: APIC: Switched APIC routing to: physical x2apic
May 28 07:45:20.822585 localhost kernel: ..TIMER: vector=0x30 apic1=0 pin1=2 apic2=-1 pin2=-1
May 28 07:45:20.822590 localhost kernel: clocksource: tsc-early: mask: 0xffffffffffffffff max_cycles: 0x1fb63109b96, max_idle_ns: 440795265316 ns
May 28 07:45:20.822595 localhost kernel: Calibrating delay loop (skipped) preset value.. 4401.32 BogoMIPS (lpj=7333326)
May 28 07:45:20.822600 localhost kernel: x86/cpu: User Mode Instruction Prevention (UMIP) activated
May 28 07:45:20.822605 localhost kernel: Last level iTLB entries: 4KB 512, 2MB 255, 4MB 127
May 28 07:45:20.822610 localhost kernel: Last level dTLB entries: 4KB 512, 2MB 255, 4MB 127, 1GB 0
May 28 07:45:20.822617 localhost kernel: Spectre V1 : Mitigation: usercopy/swapgs barriers and __user pointer sanitization
May 28 07:45:20.822622 localhost kernel: Spectre V2 : Mitigation: Retpolines
May 28 07:45:20.822627 localhost kernel: Spectre V2 : Spectre v2 / SpectreRSB mitigation: Filling RSB on context switch
May 28 07:45:20.822632 localhost kernel: Spectre V2 : Spectre v2 / SpectreRSB : Filling RSB on VMEXIT
May 28 07:45:20.822637 localhost kernel: Spectre V2 : Enabling Restricted Speculation for firmware calls
May 28 07:45:20.822643 localhost kernel: Spectre V2 : mitigation: Enabling conditional Indirect Branch Prediction Barrier
May 28 07:45:20.822648 localhost kernel: Speculative Store Bypass: Mitigation: Speculative Store Bypass disabled via prctl
May 28 07:45:20.822653 localhost kernel: Speculative Return Stack Overflow: IBPB-extending microcode not applied!
May 28 07:45:20.822659 localhost kernel: Speculative Return Stack Overflow: WARNING: See https://kernel.org/doc/html/latest/admin-guide/hw-vuln/srso.html for mitigation options.
May 28 07:45:20.822664 localhost kernel: Speculative Return Stack Overflow: Vulnerable: Safe RET, no microcode
May 28 07:45:20.822669 localhost kernel: x86/fpu: Supporting XSAVE feature 0x001: 'x87 floating point registers'
May 28 07:45:20.822676 localhost kernel: x86/fpu: Supporting XSAVE feature 0x002: 'SSE registers'
May 28 07:45:20.822681 localhost kernel: x86/fpu: Supporting XSAVE feature 0x004: 'AVX registers'
May 28 07:45:20.822686 localhost kernel: x86/fpu: Supporting XSAVE feature 0x200: 'Protection Keys User registers'
May 28 07:45:20.822691 localhost kernel: x86/fpu: xstate_offset[2]:  576, xstate_sizes[2]:  256
May 28 07:45:20.822696 localhost kernel: x86/fpu: xstate_offset[9]:  832, xstate_sizes[9]:    8
May 28 07:45:20.822701 localhost kernel: x86/fpu: Enabled xstate features 0x207, context size is 840 bytes, using 'compacted' format.
May 28 07:45:20.822706 localhost kernel: Freeing SMP alternatives memory: 40K
May 28 07:45:20.822711 localhost kernel: pid_max: default: 32768 minimum: 301
May 28 07:45:20.822717 localhost kernel: LSM: initializing lsm=lockdown,capability,landlock,yama,selinux,bpf,ima,evm
May 28 07:45:20.822722 localhost kernel: landlock: Up and running.
May 28 07:45:20.822727 localhost kernel: Yama: becoming mindful.
May 28 07:45:20.822733 localhost kernel: SELinux:  Initializing.
May 28 07:45:20.822738 localhost kernel: LSM support for eBPF active
May 28 07:45:20.822743 localhost kernel: Mount-cache hash table entries: 2048 (order: 2, 16384 bytes, linear)
May 28 07:45:20.822749 localhost kernel: Mountpoint-cache hash table entries: 2048 (order: 2, 16384 bytes, linear)
May 28 07:45:20.822754 localhost kernel: smpboot: CPU0: AMD EPYC 7773X 64-Core Processor (family: 0x19, model: 0x1, stepping: 0x2)
May 28 07:45:20.822759 localhost kernel: Performance Events: Fam17h+ core perfctr, AMD PMU driver.
May 28 07:45:20.822764 localhost kernel: ... version:                0
May 28 07:45:20.822769 localhost kernel: ... bit width:              48
May 28 07:45:20.822774 localhost kernel: ... generic registers:      6
May 28 07:45:20.822779 localhost kernel: ... value mask:             0000ffffffffffff
May 28 07:45:20.822784 localhost kernel: ... max period:             00007fffffffffff
May 28 07:45:20.822789 localhost kernel: ... fixed-purpose events:   0
May 28 07:45:20.822796 localhost kernel: ... event mask:             000000000000003f
May 28 07:45:20.822801 localhost kernel: signal: max sigframe size: 3376
May 28 07:45:20.822806 localhost kernel: rcu: Hierarchical SRCU implementation.
May 28 07:45:20.822811 localhost kernel: rcu:         Max phase no-delay instances is 1000.
May 28 07:45:20.822816 localhost kernel: smp: Bringing up secondary CPUs ...
May 28 07:45:20.822821 localhost kernel: smp: Brought up 1 node, 1 CPU
May 28 07:45:20.822826 localhost kernel: smpboot: Total of 1 processors activated (4401.32 BogoMIPS)
May 28 07:45:20.822831 localhost kernel: node 0 deferred pages initialised in 7ms
May 28 07:45:20.822836 localhost kernel: devtmpfs: initialized
May 28 07:45:20.822842 localhost kernel: x86/mm: Memory block size: 128MB
May 28 07:45:20.822847 localhost kernel: ACPI: PM: Registering ACPI NVS region [mem 0x00800000-0x00807fff] (32768 bytes)
May 28 07:45:20.822852 localhost kernel: ACPI: PM: Registering ACPI NVS region [mem 0x0080b000-0x0080bfff] (4096 bytes)
May 28 07:45:20.822857 localhost kernel: ACPI: PM: Registering ACPI NVS region [mem 0x00810000-0x008fffff] (983040 bytes)
May 28 07:45:20.822864 localhost kernel: ACPI: PM: Registering ACPI NVS region [mem 0x3fb7f000-0x3fbfefff] (524288 bytes)
May 28 07:45:20.822869 localhost kernel: ACPI: PM: Registering ACPI NVS region [mem 0x3ff78000-0x3fffffff] (557056 bytes)
May 28 07:45:20.822875 localhost kernel: clocksource: jiffies: mask: 0xffffffff max_cycles: 0xffffffff, max_idle_ns: 6370867519511994 ns
May 28 07:45:20.822880 localhost kernel: futex hash table entries: 256 (order: 2, 16384 bytes, linear)
May 28 07:45:20.822885 localhost kernel: pinctrl core: initialized pinctrl subsystem
May 28 07:45:20.822890 localhost kernel: PM: RTC time: 07:45:20, date: 2024-05-28
May 28 07:45:20.822895 localhost kernel: NET: Registered PF_NETLINK/PF_ROUTE protocol family
May 28 07:45:20.822900 localhost kernel: DMA: preallocated 128 KiB GFP_KERNEL pool for atomic allocations
May 28 07:45:20.822905 localhost kernel: DMA: preallocated 128 KiB GFP_KERNEL|GFP_DMA pool for atomic allocations
May 28 07:45:20.822910 localhost kernel: DMA: preallocated 128 KiB GFP_KERNEL|GFP_DMA32 pool for atomic allocations
May 28 07:45:20.822916 localhost kernel: audit: initializing netlink subsys (disabled)
May 28 07:45:20.822922 localhost kernel: audit: type=2000 audit(1716882321.286:1): state=initialized audit_enabled=0 res=1
May 28 07:45:20.822928 localhost kernel: thermal_sys: Registered thermal governor 'fair_share'
May 28 07:45:20.822933 localhost kernel: thermal_sys: Registered thermal governor 'bang_bang'
May 28 07:45:20.822938 localhost kernel: thermal_sys: Registered thermal governor 'step_wise'
May 28 07:45:20.822943 localhost kernel: thermal_sys: Registered thermal governor 'user_space'
May 28 07:45:20.822948 localhost kernel: cpuidle: using governor ladder
May 28 07:45:20.822953 localhost kernel: cpuidle: using governor menu
May 28 07:45:20.822958 localhost kernel: acpiphp: ACPI Hot Plug PCI Controller Driver version: 0.5
May 28 07:45:20.822963 localhost kernel: PCI: Using configuration type 1 for base access
May 28 07:45:20.822968 localhost kernel: PCI: Using configuration type 1 for extended access
May 28 07:45:20.822973 localhost kernel: kprobes: kprobe jump-optimization is enabled. All kprobes are optimized if possible.
May 28 07:45:20.822980 localhost kernel: HugeTLB: registered 1.00 GiB page size, pre-allocated 0 pages
May 28 07:45:20.822985 localhost kernel: HugeTLB: 16380 KiB vmemmap can be freed for a 1.00 GiB page
May 28 07:45:20.822990 localhost kernel: HugeTLB: registered 2.00 MiB page size, pre-allocated 0 pages
May 28 07:45:20.822995 localhost kernel: HugeTLB: 28 KiB vmemmap can be freed for a 2.00 MiB page
May 28 07:45:20.823001 localhost kernel: Demotion targets for Node 0: null
May 28 07:45:20.823006 localhost kernel: ACPI: Added _OSI(Module Device)
May 28 07:45:20.823011 localhost kernel: ACPI: Added _OSI(Processor Device)
May 28 07:45:20.823016 localhost kernel: ACPI: Added _OSI(3.0 _SCP Extensions)
May 28 07:45:20.823021 localhost kernel: ACPI: Added _OSI(Processor Aggregator Device)
May 28 07:45:20.823026 localhost kernel: ACPI: 1 ACPI AML tables successfully acquired and loaded
May 28 07:45:20.823031 localhost kernel: ACPI: _OSC evaluation for CPUs failed, trying _PDC
May 28 07:45:20.823036 localhost kernel: ACPI: Interpreter enabled
May 28 07:45:20.823043 localhost kernel: ACPI: PM: (supports S0 S3 S4 S5)
May 28 07:45:20.823048 localhost kernel: ACPI: Using IOAPIC for interrupt routing
May 28 07:45:20.823053 localhost kernel: PCI: Using host bridge windows from ACPI; if necessary, use "pci=nocrs" and report a bug
May 28 07:45:20.823058 localhost kernel: PCI: Using E820 reservations for host bridge windows
May 28 07:45:20.823063 localhost kernel: ACPI: Enabled 2 GPEs in block 00 to 0F
May 28 07:45:20.823068 localhost kernel: ACPI: PCI Root Bridge [PCI0] (domain 0000 [bus 00-ff])
May 28 07:45:20.823234 localhost kernel: acpi PNP0A03:00: _OSC: OS supports [ExtendedConfig ASPM ClockPM Segments MSI EDR HPX-Type3]
May 28 07:45:20.823245 localhost kernel: acpiphp: Slot [3] registered
May 28 07:45:20.823251 localhost kernel: acpiphp: Slot [4] registered
May 28 07:45:20.823256 localhost kernel: acpiphp: Slot [5] registered
May 28 07:45:20.823261 localhost kernel: acpiphp: Slot [6] registered
May 28 07:45:20.823268 localhost kernel: acpiphp: Slot [7] registered
May 28 07:45:20.823274 localhost kernel: acpiphp: Slot [8] registered
May 28 07:45:20.823279 localhost kernel: acpiphp: Slot [9] registered
May 28 07:45:20.823284 localhost kernel: acpiphp: Slot [10] registered
May 28 07:45:20.823289 localhost kernel: acpiphp: Slot [11] registered
May 28 07:45:20.823294 localhost kernel: acpiphp: Slot [12] registered
May 28 07:45:20.823299 localhost kernel: acpiphp: Slot [13] registered
May 28 07:45:20.823304 localhost kernel: acpiphp: Slot [14] registered
May 28 07:45:20.823309 localhost kernel: acpiphp: Slot [15] registered
May 28 07:45:20.823314 localhost kernel: acpiphp: Slot [16] registered
May 28 07:45:20.823319 localhost kernel: acpiphp: Slot [17] registered
May 28 07:45:20.823324 localhost kernel: acpiphp: Slot [18] registered
May 28 07:45:20.823331 localhost kernel: acpiphp: Slot [19] registered
May 28 07:45:20.823336 localhost kernel: acpiphp: Slot [20] registered
May 28 07:45:20.823340 localhost kernel: acpiphp: Slot [21] registered
May 28 07:45:20.823345 localhost kernel: acpiphp: Slot [22] registered
May 28 07:45:20.823350 localhost kernel: acpiphp: Slot [23] registered
May 28 07:45:20.823356 localhost kernel: acpiphp: Slot [24] registered
May 28 07:45:20.823360 localhost kernel: acpiphp: Slot [25] registered
May 28 07:45:20.823365 localhost kernel: acpiphp: Slot [26] registered
May 28 07:45:20.823370 localhost kernel: acpiphp: Slot [27] registered
May 28 07:45:20.823375 localhost kernel: acpiphp: Slot [28] registered
May 28 07:45:20.823380 localhost kernel: acpiphp: Slot [29] registered
May 28 07:45:20.823385 localhost kernel: acpiphp: Slot [30] registered
May 28 07:45:20.823390 localhost kernel: acpiphp: Slot [31] registered
May 28 07:45:20.823397 localhost kernel: PCI host bridge to bus 0000:00
May 28 07:45:20.829230 localhost kernel: pci_bus 0000:00: root bus resource [io  0x0000-0x0cf7 window]
May 28 07:45:20.829345 localhost kernel: pci_bus 0000:00: root bus resource [io  0x0d00-0xffff window]
May 28 07:45:20.829450 localhost kernel: pci_bus 0000:00: root bus resource [mem 0x000a0000-0x000bffff window]
May 28 07:45:20.829551 localhost kernel: pci_bus 0000:00: root bus resource [mem 0x40000000-0xfebfffff window]
May 28 07:45:20.829651 localhost kernel: pci_bus 0000:00: root bus resource [mem 0x800000000-0x87fffffff window]
May 28 07:45:20.829750 localhost kernel: pci_bus 0000:00: root bus resource [bus 00-ff]
May 28 07:45:20.829882 localhost kernel: pci 0000:00:00.0: [8086:1237] type 00 class 0x060000 conventional PCI endpoint
May 28 07:45:20.830009 localhost kernel: pci 0000:00:01.0: [8086:7000] type 00 class 0x060100 conventional PCI endpoint
May 28 07:45:20.833746 localhost kernel: pci 0000:00:01.1: [8086:7010] type 00 class 0x010180 conventional PCI endpoint
May 28 07:45:20.833870 localhost kernel: pci 0000:00:01.1: BAR 4 [io  0xc140-0xc14f]
May 28 07:45:20.833982 localhost kernel: pci 0000:00:01.1: BAR 0 [io  0x01f0-0x01f7]: legacy IDE quirk
May 28 07:45:20.834092 localhost kernel: pci 0000:00:01.1: BAR 1 [io  0x03f6]: legacy IDE quirk
May 28 07:45:20.834205 localhost kernel: pci 0000:00:01.1: BAR 2 [io  0x0170-0x0177]: legacy IDE quirk
May 28 07:45:20.834312 localhost kernel: pci 0000:00:01.1: BAR 3 [io  0x0376]: legacy IDE quirk
May 28 07:45:20.834430 localhost kernel: pci 0000:00:01.3: [8086:7113] type 00 class 0x068000 conventional PCI endpoint
May 28 07:45:20.834540 localhost kernel: pci 0000:00:01.3: quirk: [io  0xb000-0xb03f] claimed by PIIX4 ACPI
May 28 07:45:20.834655 localhost kernel: pci 0000:00:01.3: quirk: [io  0xb100-0xb10f] claimed by PIIX4 SMB
May 28 07:45:20.834772 localhost kernel: pci 0000:00:02.0: [1234:1111] type 00 class 0x030000 conventional PCI endpoint
May 28 07:45:20.834881 localhost kernel: pci 0000:00:02.0: BAR 0 [mem 0x80000000-0x80ffffff pref]
May 28 07:45:20.834989 localhost kernel: pci 0000:00:02.0: BAR 2 [mem 0x81048000-0x81048fff]
May 28 07:45:20.835098 localhost kernel: pci 0000:00:02.0: ROM [mem 0xffff0000-0xffffffff pref]
May 28 07:45:20.835205 localhost kernel: pci 0000:00:02.0: Video device with shadowed ROM at [mem 0x000c0000-0x000dffff]
May 28 07:45:20.835324 localhost kernel: pci 0000:00:03.0: [8086:2668] type 00 class 0x040300 conventional PCI endpoint
May 28 07:45:20.835434 localhost kernel: pci 0000:00:03.0: BAR 0 [mem 0x81040000-0x81043fff]
May 28 07:45:20.835567 localhost kernel: pci 0000:00:04.0: [1af4:1000] type 00 class 0x020000 conventional PCI endpoint
May 28 07:45:20.835678 localhost kernel: pci 0000:00:04.0: BAR 0 [io  0xc120-0xc13f]
May 28 07:45:20.835790 localhost kernel: pci 0000:00:04.0: BAR 1 [mem 0x81047000-0x81047fff]
May 28 07:45:20.835897 localhost kernel: pci 0000:00:04.0: BAR 4 [mem 0x800000000-0x800003fff 64bit pref]
May 28 07:45:20.836005 localhost kernel: pci 0000:00:04.0: ROM [mem 0xfffc0000-0xffffffff pref]
May 28 07:45:20.836122 localhost kernel: pci 0000:00:05.0: [1af4:1005] type 00 class 0x00ff00 conventional PCI endpoint
May 28 07:45:20.836230 localhost kernel: pci 0000:00:05.0: BAR 0 [io  0xc100-0xc11f]
May 28 07:45:20.836337 localhost kernel: pci 0000:00:05.0: BAR 4 [mem 0x800004000-0x800007fff 64bit pref]
May 28 07:45:20.836452 localhost kernel: pci 0000:00:06.0: [1b36:000d] type 00 class 0x0c0330 conventional PCI endpoint
May 28 07:45:20.836564 localhost kernel: pci 0000:00:06.0: BAR 0 [mem 0x800014000-0x800017fff 64bit]
May 28 07:45:20.836685 localhost kernel: pci 0000:00:07.0: [1af4:1003] type 00 class 0x078000 conventional PCI endpoint
May 28 07:45:20.843529 localhost kernel: pci 0000:00:07.0: BAR 0 [io  0xc0c0-0xc0ff]
May 28 07:45:20.843656 localhost kernel: pci 0000:00:07.0: BAR 1 [mem 0x81046000-0x81046fff]
May 28 07:45:20.843770 localhost kernel: pci 0000:00:07.0: BAR 4 [mem 0x800008000-0x80000bfff 64bit pref]
May 28 07:45:20.843894 localhost kernel: pci 0000:00:08.0: [1af4:1004] type 00 class 0x010000 conventional PCI endpoint
May 28 07:45:20.844004 localhost kernel: pci 0000:00:08.0: BAR 0 [io  0xc080-0xc0bf]
May 28 07:45:20.844113 localhost kernel: pci 0000:00:08.0: BAR 1 [mem 0x81045000-0x81045fff]
May 28 07:45:20.844238 localhost kernel: pci 0000:00:08.0: BAR 4 [mem 0x80000c000-0x80000ffff 64bit pref]
May 28 07:45:20.844386 localhost kernel: pci 0000:00:09.0: [1af4:1001] type 00 class 0x010000 conventional PCI endpoint
May 28 07:45:20.844520 localhost kernel: pci 0000:00:09.0: BAR 0 [io  0xc000-0xc07f]
May 28 07:45:20.844649 localhost kernel: pci 0000:00:09.0: BAR 1 [mem 0x81044000-0x81044fff]
May 28 07:45:20.844779 localhost kernel: pci 0000:00:09.0: BAR 4 [mem 0x800010000-0x800013fff 64bit pref]
May 28 07:45:20.844800 localhost kernel: ACPI: PCI: Interrupt link LNKA configured for IRQ 10
May 28 07:45:20.844807 localhost kernel: ACPI: PCI: Interrupt link LNKB configured for IRQ 10
May 28 07:45:20.844812 localhost kernel: ACPI: PCI: Interrupt link LNKC configured for IRQ 11
May 28 07:45:20.844817 localhost kernel: ACPI: PCI: Interrupt link LNKD configured for IRQ 11
May 28 07:45:20.844823 localhost kernel: ACPI: PCI: Interrupt link LNKS configured for IRQ 9
May 28 07:45:20.844828 localhost kernel: iommu: Default domain type: Passthrough
May 28 07:45:20.844833 localhost kernel: pps_core: LinuxPPS API ver. 1 registered
May 28 07:45:20.844839 localhost kernel: pps_core: Software ver. 5.3.6 - Copyright 2005-2007 Rodolfo Giometti <giometti@linux.it>
May 28 07:45:20.844844 localhost kernel: PTP clock support registered
May 28 07:45:20.844849 localhost kernel: EDAC MC: Ver: 3.0.0
May 28 07:45:20.844854 localhost kernel: efivars: Registered efivars operations
May 28 07:45:20.844859 localhost kernel: NetLabel: Initializing
May 28 07:45:20.844866 localhost kernel: NetLabel:  domain hash size = 128
May 28 07:45:20.844872 localhost kernel: NetLabel:  protocols = UNLABELED CIPSOv4 CALIPSO
May 28 07:45:20.844877 localhost kernel: NetLabel:  unlabeled traffic allowed by default
May 28 07:45:20.844882 localhost kernel: mctp: management component transport protocol core
May 28 07:45:20.844887 localhost kernel: NET: Registered PF_MCTP protocol family
May 28 07:45:20.844892 localhost kernel: PCI: Using ACPI for IRQ routing
May 28 07:45:20.844899 localhost kernel: PCI: pci_cache_line_size set to 64 bytes
May 28 07:45:20.844904 localhost kernel: e820: reserve RAM buffer [mem 0x0080b000-0x008fffff]
May 28 07:45:20.844909 localhost kernel: e820: reserve RAM buffer [mem 0x00810000-0x008fffff]
May 28 07:45:20.844915 localhost kernel: e820: reserve RAM buffer [mem 0x3db9f018-0x3fffffff]
May 28 07:45:20.844920 localhost kernel: e820: reserve RAM buffer [mem 0x3dbc8018-0x3fffffff]
May 28 07:45:20.844926 localhost kernel: e820: reserve RAM buffer [mem 0x3dc62000-0x3fffffff]
May 28 07:45:20.844931 localhost kernel: e820: reserve RAM buffer [mem 0x3e770000-0x3fffffff]
May 28 07:45:20.844936 localhost kernel: e820: reserve RAM buffer [mem 0x3f8ef000-0x3fffffff]
May 28 07:45:20.844941 localhost kernel: e820: reserve RAM buffer [mem 0x3ff58000-0x3fffffff]
May 28 07:45:20.845054 localhost kernel: pci 0000:00:02.0: vgaarb: setting as boot VGA device
May 28 07:45:20.845162 localhost kernel: pci 0000:00:02.0: vgaarb: bridge control possible
May 28 07:45:20.845270 localhost kernel: pci 0000:00:02.0: vgaarb: VGA device added: decodes=io+mem,owns=io+mem,locks=none
May 28 07:45:20.845278 localhost kernel: vgaarb: loaded
May 28 07:45:20.845283 localhost kernel: hpet0: at MMIO 0xfed00000, IRQs 2, 8, 0
May 28 07:45:20.845288 localhost kernel: hpet0: 3 comparators, 64-bit 100.000000 MHz counter
May 28 07:45:20.845293 localhost kernel: clocksource: Switched to clocksource kvm-clock
May 28 07:45:20.845298 localhost kernel: VFS: Disk quotas dquot_6.6.0
May 28 07:45:20.845304 localhost kernel: VFS: Dquot-cache hash table entries: 512 (order 0, 4096 bytes)
May 28 07:45:20.845309 localhost kernel: pnp: PnP ACPI init
May 28 07:45:20.845430 localhost kernel: pnp 00:02: [dma 2]
May 28 07:45:20.845442 localhost kernel: pnp: PnP ACPI: found 6 devices
May 28 07:45:20.845448 localhost kernel: clocksource: acpi_pm: mask: 0xffffff max_cycles: 0xffffff, max_idle_ns: 2085701024 ns
May 28 07:45:20.845453 localhost kernel: NET: Registered PF_INET protocol family
May 28 07:45:20.845458 localhost kernel: IP idents hash table entries: 16384 (order: 5, 131072 bytes, linear)
May 28 07:45:20.845463 localhost kernel: tcp_listen_portaddr_hash hash table entries: 512 (order: 1, 8192 bytes, linear)
May 28 07:45:20.845469 localhost kernel: Table-perturb hash table entries: 65536 (order: 6, 262144 bytes, linear)
May 28 07:45:20.845474 localhost kernel: TCP established hash table entries: 8192 (order: 4, 65536 bytes, linear)
May 28 07:45:20.845479 localhost kernel: TCP bind hash table entries: 8192 (order: 6, 262144 bytes, linear)
May 28 07:45:20.845484 localhost kernel: TCP: Hash tables configured (established 8192 bind 8192)
May 28 07:45:20.845489 localhost kernel: MPTCP token hash table entries: 1024 (order: 2, 24576 bytes, linear)
May 28 07:45:20.845494 localhost kernel: UDP hash table entries: 512 (order: 2, 16384 bytes, linear)
May 28 07:45:20.845501 localhost kernel: UDP-Lite hash table entries: 512 (order: 2, 16384 bytes, linear)
May 28 07:45:20.845506 localhost kernel: NET: Registered PF_UNIX/PF_LOCAL protocol family
May 28 07:45:20.845512 localhost kernel: NET: Registered PF_XDP protocol family
May 28 07:45:20.845622 localhost kernel: pci 0000:00:04.0: ROM [mem 0xfffc0000-0xffffffff pref]: can't claim; no compatible bridge window
May 28 07:45:20.845732 localhost kernel: pci 0000:00:04.0: ROM [mem 0x40000000-0x4003ffff pref]: assigned
May 28 07:45:20.845835 localhost kernel: pci_bus 0000:00: resource 4 [io  0x0000-0x0cf7 window]
May 28 07:45:20.845935 localhost kernel: pci_bus 0000:00: resource 5 [io  0x0d00-0xffff window]
May 28 07:45:20.846034 localhost kernel: pci_bus 0000:00: resource 6 [mem 0x000a0000-0x000bffff window]
May 28 07:45:20.846133 localhost kernel: pci_bus 0000:00: resource 7 [mem 0x40000000-0xfebfffff window]
May 28 07:45:20.846231 localhost kernel: pci_bus 0000:00: resource 8 [mem 0x800000000-0x87fffffff window]
May 28 07:45:20.846339 localhost kernel: pci 0000:00:01.0: PIIX3: Enabling Passive Release
May 28 07:45:20.846453 localhost kernel: pci 0000:00:00.0: Limiting direct PCI/PCI transfers
May 28 07:45:20.846462 localhost kernel: ACPI: \_SB_.LNKB: Enabled at IRQ 10
May 28 07:45:20.846568 localhost kernel: pci 0000:00:06.0: quirk_usb_early_handoff+0x0/0x710 took 78602 usecs
May 28 07:45:20.846576 localhost kernel: PCI: CLS 0 bytes, default 64
May 28 07:45:20.846582 localhost kernel: clocksource: tsc: mask: 0xffffffffffffffff max_cycles: 0x1fb63109b96, max_idle_ns: 440795265316 ns
May 28 07:45:20.846587 localhost kernel: Initialise system trusted keyrings
May 28 07:45:20.846592 localhost kernel: Key type blacklist registered
May 28 07:45:20.846598 localhost kernel: workingset: timestamp_bits=36 max_order=18 bucket_order=0
May 28 07:45:20.846603 localhost kernel: zbud: loaded
May 28 07:45:20.846608 localhost kernel: integrity: Platform Keyring initialized
May 28 07:45:20.846613 localhost kernel: integrity: Machine keyring initialized
May 28 07:45:20.846621 localhost kernel: Trying to unpack rootfs image as initramfs...
May 28 07:45:20.846626 localhost kernel: Key type asymmetric registered
May 28 07:45:20.846631 localhost kernel: Asymmetric key parser 'x509' registered
May 28 07:45:20.846636 localhost kernel: Freeing initrd memory: 20076K
May 28 07:45:20.846642 localhost kernel: Block layer SCSI generic (bsg) driver version 0.4 loaded (major 247)
May 28 07:45:20.846647 localhost kernel: io scheduler mq-deadline registered
May 28 07:45:20.846652 localhost kernel: io scheduler kyber registered
May 28 07:45:20.846657 localhost kernel: io scheduler bfq registered
May 28 07:45:20.846662 localhost kernel: shpchp: Standard Hot Plug PCI Controller Driver version: 0.4
May 28 07:45:20.846668 localhost kernel: ACPI: \_SB_.LNKD: Enabled at IRQ 11
May 28 07:45:20.846673 localhost kernel: ACPI: \_SB_.LNKA: Enabled at IRQ 10
May 28 07:45:20.846678 localhost kernel: ACPI: \_SB_.LNKC: Enabled at IRQ 11
May 28 07:45:20.846685 localhost kernel: Serial: 8250/16550 driver, 32 ports, IRQ sharing enabled
May 28 07:45:20.846690 localhost kernel: 00:04: ttyS0 at I/O 0x3f8 (irq = 4, base_baud = 115200) is a 16550A
May 28 07:45:20.846695 localhost kernel: Non-volatile memory driver v1.3
May 28 07:45:20.846700 localhost kernel: Linux agpgart interface v0.103
May 28 07:45:20.846705 localhost kernel: ACPI: bus type drm_connector registered
May 28 07:45:20.846710 localhost kernel: i8042: PNP: PS/2 Controller [PNP0303:KBD,PNP0f13:MOU] at 0x60,0x64 irq 1,12
May 28 07:45:20.846716 localhost kernel: serio: i8042 KBD port at 0x60,0x64 irq 1
May 28 07:45:20.846721 localhost kernel: serio: i8042 AUX port at 0x60,0x64 irq 12
May 28 07:45:20.846726 localhost kernel: mousedev: PS/2 mouse device common for all mice
May 28 07:45:20.846731 localhost kernel: input: AT Translated Set 2 keyboard as /devices/platform/i8042/serio0/input/input0
May 28 07:45:20.846736 localhost kernel: input: VirtualPS/2 VMware VMMouse as /devices/platform/i8042/serio1/input/input3
May 28 07:45:20.846742 localhost kernel: input: VirtualPS/2 VMware VMMouse as /devices/platform/i8042/serio1/input/input2
May 28 07:45:20.850252 localhost kernel: rtc_cmos 00:05: RTC can wake from S4
May 28 07:45:20.850364 localhost kernel: rtc_cmos 00:05: registered as rtc0
May 28 07:45:20.850468 localhost kernel: rtc_cmos 00:05: setting system clock to 2024-05-28T07:45:20 UTC (1716882320)
May 28 07:45:20.850572 localhost kernel: rtc_cmos 00:05: alarms up to one day, y3k, 242 bytes nvram, hpet irqs
May 28 07:45:20.850580 localhost kernel: amd_pstate: the _CPC object is not present in SBIOS or ACPI disabled
May 28 07:45:20.850586 localhost kernel: ledtrig-cpu: registered to indicate activity on CPUs
May 28 07:45:20.850592 localhost kernel: [drm] Initialized simpledrm 1.0.0 20200625 for simple-framebuffer.0 on minor 0
May 28 07:45:20.850597 localhost kernel: Console: switching to colour frame buffer device 128x48
May 28 07:45:20.850721 localhost kernel: simple-framebuffer simple-framebuffer.0: [drm] fb0: simpledrmdrmfb frame buffer device
May 28 07:45:20.850735 localhost kernel: hid: raw HID events driver (C) Jiri Kosina
May 28 07:45:20.850741 localhost kernel: drop_monitor: Initializing network drop monitor service
May 28 07:45:20.850746 localhost kernel: NET: Registered PF_INET6 protocol family
May 28 07:45:20.850751 localhost kernel: Segment Routing with IPv6
May 28 07:45:20.850757 localhost kernel: RPL Segment Routing with IPv6
May 28 07:45:20.850762 localhost kernel: In-situ OAM (IOAM) with IPv6
May 28 07:45:20.850767 localhost kernel: IPI shorthand broadcast: enabled
May 28 07:45:20.850772 localhost kernel: sched_clock: Marking stable (740003121, -1028632)->(755449603, -16475114)
May 28 07:45:20.850777 localhost kernel: registered taskstats version 1
May 28 07:45:20.850783 localhost kernel: Loading compiled-in X.509 certificates
May 28 07:45:20.850788 localhost kernel: Loaded X.509 cert 'openSUSE Secure Boot Signkey: fd9f2c12e599d67cc7f9067541adf426b712469e'
May 28 07:45:20.850795 localhost kernel: page_owner is disabled
May 28 07:45:20.850800 localhost kernel: Key type .fscrypt registered
May 28 07:45:20.850806 localhost kernel: Key type fscrypt-provisioning registered
May 28 07:45:20.850811 localhost kernel: Key type encrypted registered
May 28 07:45:20.850816 localhost kernel: integrity: Loading X.509 certificate: UEFI:db
May 28 07:45:20.850821 localhost kernel: integrity: Loaded X.509 cert 'Microsoft Windows Production PCA 2011: a92902398e16c49778cd90f99e4f9ae17c55af53'
May 28 07:45:20.850827 localhost kernel: integrity: Loading X.509 certificate: UEFI:db
May 28 07:45:20.850832 localhost kernel: integrity: Loaded X.509 cert 'Microsoft Corporation UEFI CA 2011: 13adbf4309bd82709c8cd54f316ed522988a1bd4'
May 28 07:45:20.850837 localhost kernel: integrity: Loading X.509 certificate: UEFI:MokListRT (MOKvar table)
May 28 07:45:20.850843 localhost kernel: integrity: Loaded X.509 cert 'openSUSE Secure Boot CA: 6842600de22c4c477e95be23dfea9513e5971762'
May 28 07:45:20.850848 localhost kernel: ima: No TPM chip found, activating TPM-bypass!
May 28 07:45:20.850853 localhost kernel: Loading compiled-in module X.509 certificates
May 28 07:45:20.850860 localhost kernel: Loaded X.509 cert 'openSUSE Secure Boot Signkey: fd9f2c12e599d67cc7f9067541adf426b712469e'
May 28 07:45:20.850865 localhost kernel: ima: Allocated hash algorithm: sha256
May 28 07:45:20.850870 localhost kernel: evm: Initialising EVM extended attributes:
May 28 07:45:20.850875 localhost kernel: evm: security.selinux
May 28 07:45:20.850880 localhost kernel: evm: security.SMACK64 (disabled)
May 28 07:45:20.850885 localhost kernel: evm: security.SMACK64EXEC (disabled)
May 28 07:45:20.850890 localhost kernel: evm: security.SMACK64TRANSMUTE (disabled)
May 28 07:45:20.850895 localhost kernel: evm: security.SMACK64MMAP (disabled)
May 28 07:45:20.850900 localhost kernel: evm: security.apparmor
May 28 07:45:20.850905 localhost kernel: evm: security.ima
May 28 07:45:20.850910 localhost kernel: evm: security.capability
May 28 07:45:20.850915 localhost kernel: evm: HMAC attrs: 0x1
May 28 07:45:20.850921 localhost kernel: audit: type=1807 audit(1716882320.546:2): action=measure func=KEXEC_KERNEL_CHECK res=1
May 28 07:45:20.850928 localhost kernel: audit: type=1807 audit(1716882320.546:3): action=measure func=MODULE_CHECK res=1
May 28 07:45:20.850933 localhost kernel: PM:   Magic number: 8:76:775
May 28 07:45:20.851053 localhost kernel: misc psaux: hash matches
May 28 07:45:20.851064 localhost kernel: RAS: Correctable Errors collector initialized.
May 28 07:45:20.851070 localhost kernel: Lockdown: swapper/0: hibernation is restricted; see man kernel_lockdown.7
May 28 07:45:20.851075 localhost kernel: clk: Disabling unused clocks
May 28 07:45:20.851080 localhost kernel: PM: genpd: Disabling unused power domains
May 28 07:45:20.851085 localhost kernel: Freeing unused decrypted memory: 2028K
May 28 07:45:20.851091 localhost kernel: Freeing unused kernel image (initmem) memory: 4224K
May 28 07:45:20.851096 localhost kernel: Write protecting the kernel read-only data: 30720k
May 28 07:45:20.851103 localhost kernel: Freeing unused kernel image (rodata/data gap) memory: 1316K
May 28 07:45:20.851109 localhost kernel: Run /init as init process
May 28 07:45:20.851114 localhost kernel:   with arguments:
May 28 07:45:20.851119 localhost kernel:     /init
May 28 07:45:20.851124 localhost kernel:   with environment:
May 28 07:45:20.851129 localhost kernel:     HOME=/
May 28 07:45:20.851134 localhost kernel:     TERM=linux
May 28 07:45:20.851139 localhost kernel:     splash=silent
May 28 07:45:20.851146 localhost systemd[1]: systemd 255.6+suse.30.g3ea0e1dff3 running in system mode (+PAM +AUDIT +SELINUX +APPARMOR +IMA -SMACK +SECCOMP +GCRYPT +GNUTLS +OPENSSL +ACL +BLKID +CURL +ELFUTILS +FIDO2 +IDN2 -IDN +IPTC +KMOD +LIBCRYPTSETUP +LIBFDISK +PCRE2 +PWQUALITY +P11KIT +QRENCODE +TPM2 +BZIP2 +LZ4 +XZ +ZLIB +ZSTD +BPF_FRAMEWORK -XKBCOMMON -UTMP +SYSVINIT default-hierarchy=unified)
May 28 07:45:20.851154 localhost systemd[1]: Detected virtualization kvm.
May 28 07:45:20.851162 localhost systemd[1]: Detected architecture x86-64.
May 28 07:45:20.851168 localhost systemd[1]: Running in initrd.
May 28 07:45:20.851173 localhost systemd[1]: No hostname configured, using default hostname.
May 28 07:45:20.851179 localhost systemd[1]: Hostname set to <localhost>.
May 28 07:45:20.851185 localhost systemd[1]: Initializing machine ID from random generator.
May 28 07:45:20.851191 localhost systemd[1]: Queued start job for default target Initrd Default Target.
May 28 07:45:20.851196 localhost systemd[1]: Started Dispatch Password Requests to Console Directory Watch.
May 28 07:45:20.851202 localhost systemd[1]: Expecting device /dev/disk/by-uuid/90C4-D20E...
May 28 07:45:20.851208 localhost systemd[1]: Expecting device /dev/disk/by-uuid/b313c914-deb2-4a92-991d-ce2e6b1b022c...
May 28 07:45:20.851214 localhost systemd[1]: Expecting device /dev/disk/by-uuid/e8ad61ea-a99b-49c3-a988-7bb04d760f5e...
May 28 07:45:20.851220 localhost systemd[1]: Reached target Initrd /usr File System.
May 28 07:45:20.851227 localhost systemd[1]: Reached target Path Units.
May 28 07:45:20.851233 localhost systemd[1]: Reached target Slice Units.
May 28 07:45:20.851239 localhost systemd[1]: Reached target Swaps.
May 28 07:45:20.851245 localhost systemd[1]: Reached target Timer Units.
May 28 07:45:20.851250 localhost systemd[1]: Listening on Journal Socket (/dev/log).
May 28 07:45:20.851256 localhost systemd[1]: Listening on Journal Socket.
May 28 07:45:20.851262 localhost systemd[1]: Listening on udev Control Socket.
May 28 07:45:20.851267 localhost systemd[1]: Listening on udev Kernel Socket.
May 28 07:45:20.851273 localhost systemd[1]: Reached target Socket Units.
May 28 07:45:20.851278 localhost systemd[1]: Starting Create List of Static Device Nodes...
May 28 07:45:20.851284 localhost systemd[1]: Starting Journal Service...
May 28 07:45:20.851293 localhost systemd[1]: Load Kernel Modules was skipped because no trigger condition checks were met.
May 28 07:45:20.851299 localhost systemd[1]: Starting Apply Kernel Variables...
May 28 07:45:20.851304 localhost systemd[1]: Starting Virtual Console Setup...
May 28 07:45:20.851310 localhost systemd[1]: Finished Create List of Static Device Nodes.
May 28 07:45:20.851315 localhost systemd[1]: Starting Create Static Device Nodes in /dev gracefully...
May 28 07:45:20.851340 localhost systemd-journald[172]: Collecting audit messages is disabled.
May 28 07:45:20.851358 localhost systemd[1]: Finished Apply Kernel Variables.
May 28 07:45:20.851364 localhost systemd[1]: Finished Create Static Device Nodes in /dev gracefully.
May 28 07:45:20.851369 localhost systemd[1]: Starting Create Static Device Nodes in /dev...
May 28 07:45:20.851375 localhost systemd[1]: Finished Create Static Device Nodes in /dev.
May 28 07:45:20.851381 localhost systemd[1]: Reached target Preparation for Local File Systems.
May 28 07:45:20.851386 localhost systemd[1]: Reached target Local File Systems.
May 28 07:45:20.851393 localhost systemd-journald[172]: Journal started
May 28 07:45:20.851407 localhost systemd-journald[172]: Runtime Journal (/run/log/journal/fdf04b616ac343208556b5869621b037) is 2.4M, max 19.2M, 16.8M free.
May 28 07:45:20.856766 localhost systemd[1]: Started Journal Service.
May 28 07:45:20.853607 localhost systemd[1]: Starting Create Volatile Files and Directories...
May 28 07:45:20.883749 localhost systemd[1]: Finished Create Volatile Files and Directories.
May 28 07:45:20.887461 localhost systemd[1]: Finished Virtual Console Setup.
May 28 07:45:20.896854 localhost systemd[1]: Starting dracut ask for additional cmdline parameters...
May 28 07:45:20.922380 localhost systemd[1]: Finished dracut ask for additional cmdline parameters.
May 28 07:45:20.930283 localhost systemd[1]: Starting dracut cmdline hook...
May 28 07:45:20.943559 localhost dracut-cmdline[206]: dracut-059+suse.588.g528264be-1.1
May 28 07:45:20.947382 localhost dracut-cmdline[206]: Using kernel command line parameters:  rd.driver.pre=btrfs rd.driver.pre=overlay root=UUID=e8ad61ea-a99b-49c3-a988-7bb04d760f5e rootfstype=btrfs rootflags=rw,relatime,discard=async,space_cache=v2,subvolid=266,subvol=/@/.snapshots/1/snapshot,subvol=@/.snapshots/1/snapshot   initrd=\opensuse-microos\6.9.1-1-default\initrd-911416194678d93f4d5257581fec7fb9cc3181ff root=UUID=e8ad61ea-a99b-49c3-a988-7bb04d760f5e splash=silent console=ttyS0 console=tty swapaccount=1 quiet security=selinux selinux=1 enforcing=1 mitigations=auto rootflags=subvol=@/.snapshots/1/snapshot
May 28 07:45:21.000006 localhost systemd[1]: Finished dracut cmdline hook.
May 28 07:45:21.016997 localhost systemd[1]: Starting dracut pre-udev hook...
May 28 07:45:21.253447 localhost kernel: raid6: avx2x4   gen() 32790 MB/s
May 28 07:45:21.253507 localhost kernel: raid6: avx2x2   gen() 24352 MB/s
May 28 07:45:21.253516 localhost kernel: raid6: avx2x1   gen() 20656 MB/s
May 28 07:45:21.253523 localhost kernel: raid6: using algorithm avx2x4 gen() 32790 MB/s
May 28 07:45:21.253530 localhost kernel: raid6: .... xor() 4728 MB/s, rmw enabled
May 28 07:45:21.253547 localhost kernel: raid6: using avx2x2 recovery algorithm
May 28 07:45:21.256805 localhost kernel: xor: automatically using best checksumming function   avx       
May 28 07:45:21.373439 localhost kernel: Btrfs loaded, assert=on, zoned=yes, fsverity=yes
May 28 07:45:21.389765 localhost systemd[1]: Finished dracut pre-udev hook.
May 28 07:45:21.403576 localhost systemd[1]: Starting Rule-based Manager for Device Events and Files...
May 28 07:45:21.415795 localhost systemd-udevd[310]: Using default interface naming scheme 'v255'.
May 28 07:45:21.418066 localhost systemd[1]: Started Rule-based Manager for Device Events and Files.
May 28 07:45:21.418178 localhost systemd[1]: dracut pre-trigger hook was skipped because no trigger condition checks were met.
May 28 07:45:21.418873 localhost systemd[1]: Starting Coldplug All udev Devices...
May 28 07:45:21.516716 localhost systemd[1]: Finished Coldplug All udev Devices.
May 28 07:45:21.516850 localhost systemd[1]: Reached target System Initialization.
May 28 07:45:21.516865 localhost systemd[1]: Reached target Basic System.
May 28 07:45:21.526918 localhost systemd[1]: Starting dracut initqueue hook...
May 28 07:45:21.645000 localhost kernel: virtio_blk virtio4: 1/0/0 default/read/poll queues
May 28 07:45:21.645311 localhost kernel: virtio_blk virtio4: [vda] 41943040 512-byte logical blocks (21.5 GB/20.0 GiB)
May 28 07:45:21.687622 localhost kernel: FDC 0 is a S82078B
May 28 07:45:21.687645 localhost kernel: cryptd: max_cpu_qlen set to 1000
May 28 07:45:21.706094 localhost kernel: ACPI: bus type USB registered
May 28 07:45:21.706114 localhost kernel: usbcore: registered new interface driver usbfs
May 28 07:45:21.706123 localhost kernel: usbcore: registered new interface driver hub
May 28 07:45:21.706130 localhost kernel: usbcore: registered new device driver usb
May 28 07:45:21.710103 localhost kernel: AVX2 version of gcm_enc/dec engaged.
May 28 07:45:21.710124 localhost kernel: AES CTR mode by8 optimization enabled
May 28 07:45:21.723519 localhost kernel: SCSI subsystem initialized
May 28 07:45:21.743445 localhost kernel:  vda: vda1 vda2 vda3
May 28 07:45:21.768709 localhost kernel: virtio_scsi virtio3: 1/0/0 default/read/poll queues
May 28 07:45:21.768888 localhost kernel: scsi host0: Virtio SCSI HBA
May 28 07:45:21.815747 localhost systemd[1]: systemd-vconsole-setup.service: Deactivated successfully.
May 28 07:45:21.826940 localhost systemd[1]: Stopped Virtual Console Setup.
May 28 07:45:21.826993 localhost systemd[1]: Stopping Virtual Console Setup...
May 28 07:45:21.857211 localhost kernel: libata version 3.00 loaded.
May 28 07:45:21.853702 localhost systemd[1]: Starting Virtual Console Setup...
May 28 07:45:21.856668 localhost systemd[1]: Found device /dev/disk/by-uuid/90C4-D20E.
May 28 07:45:21.866177 localhost systemd[1]: Found device /dev/disk/by-uuid/b313c914-deb2-4a92-991d-ce2e6b1b022c.
May 28 07:45:21.870108 localhost kernel: ata_piix 0000:00:01.1: version 2.13
May 28 07:45:21.884781 localhost kernel: scsi host1: ata_piix
May 28 07:45:21.886789 localhost systemd[1]: Found device /dev/disk/by-uuid/e8ad61ea-a99b-49c3-a988-7bb04d760f5e.
May 28 07:45:21.887851 localhost systemd[1]: Reached target Initrd Root Device.
May 28 07:45:21.890229 localhost kernel: scsi host2: ata_piix
May 28 07:45:21.893458 localhost kernel: ata1: PATA max MWDMA2 cmd 0x1f0 ctl 0x3f6 bmdma 0xc140 irq 14 lpm-pol 0
May 28 07:45:21.893478 localhost kernel: ata2: PATA max MWDMA2 cmd 0x170 ctl 0x376 bmdma 0xc148 irq 15 lpm-pol 0
May 28 07:45:21.913431 localhost kernel: scsi 0:0:0:0: CD-ROM            QEMU     QEMU CD-ROM      2.5+ PQ: 0 ANSI: 5
May 28 07:45:21.950102 localhost kernel: scsi 0:0:0:0: Attached scsi generic sg0 type 5
May 28 07:45:21.960097 localhost kernel: sr 0:0:0:0: Power-on or device reset occurred
May 28 07:45:21.960268 localhost kernel: sr 0:0:0:0: [sr0] scsi3-mmc drive: 16x/50x cd/rw xa/form2 cdda tray
May 28 07:45:21.960408 localhost kernel: cdrom: Uniform CD-ROM driver Revision: 3.20
May 28 07:45:21.963437 localhost kernel: sr 0:0:0:0: Attached scsi CD-ROM sr0
May 28 07:45:21.973435 localhost kernel: xhci_hcd 0000:00:06.0: xHCI Host Controller
May 28 07:45:21.973601 localhost kernel: xhci_hcd 0000:00:06.0: new USB bus registered, assigned bus number 1
May 28 07:45:21.973735 localhost kernel: xhci_hcd 0000:00:06.0: hcc params 0x00087001 hci version 0x100 quirks 0x0000000000000010
May 28 07:45:21.990100 localhost kernel: xhci_hcd 0000:00:06.0: xHCI Host Controller
May 28 07:45:21.990259 localhost kernel: xhci_hcd 0000:00:06.0: new USB bus registered, assigned bus number 2
May 28 07:45:21.990391 localhost kernel: xhci_hcd 0000:00:06.0: Host supports USB 3.0 SuperSpeed
May 28 07:45:21.990517 localhost kernel: usb usb1: New USB device found, idVendor=1d6b, idProduct=0002, bcdDevice= 6.09
May 28 07:45:21.990651 localhost kernel: usb usb1: New USB device strings: Mfr=3, Product=2, SerialNumber=1
May 28 07:45:21.990764 localhost kernel: usb usb1: Product: xHCI Host Controller
May 28 07:45:21.990873 localhost kernel: usb usb1: Manufacturer: Linux 6.9.1-1-default xhci-hcd
May 28 07:45:21.990985 localhost kernel: usb usb1: SerialNumber: 0000:00:06.0
May 28 07:45:21.996791 localhost kernel: hub 1-0:1.0: USB hub found
May 28 07:45:21.996969 localhost kernel: hub 1-0:1.0: 4 ports detected
May 28 07:45:21.997102 localhost kernel: usb usb2: We don't know the algorithms for LPM for this host, disabling LPM.
May 28 07:45:21.997248 localhost kernel: usb usb2: New USB device found, idVendor=1d6b, idProduct=0003, bcdDevice= 6.09
May 28 07:45:21.997366 localhost kernel: usb usb2: New USB device strings: Mfr=3, Product=2, SerialNumber=1
May 28 07:45:21.997477 localhost kernel: usb usb2: Product: xHCI Host Controller
May 28 07:45:21.997586 localhost kernel: usb usb2: Manufacturer: Linux 6.9.1-1-default xhci-hcd
May 28 07:45:21.997694 localhost kernel: usb usb2: SerialNumber: 0000:00:06.0
May 28 07:45:21.997807 localhost kernel: hub 2-0:1.0: USB hub found
May 28 07:45:21.997946 localhost kernel: hub 2-0:1.0: 4 ports detected
May 28 07:45:22.028801 localhost systemd[1]: Finished Virtual Console Setup.
May 28 07:45:22.083438 localhost systemd[1]: Finished dracut initqueue hook.
May 28 07:45:22.083967 localhost systemd[1]: Reached target Preparation for Remote File Systems.
May 28 07:45:22.084246 localhost systemd[1]: Reached target Remote File Systems.
May 28 07:45:22.096855 localhost systemd[1]: Starting dracut pre-mount hook...
May 28 07:45:22.106736 localhost systemd[1]: Finished dracut pre-mount hook.
May 28 07:45:22.110237 localhost systemd[1]: Starting File System Check on /dev/disk/by-uuid/e8ad61ea-a99b-49c3-a988-7bb04d760f5e...
May 28 07:45:22.124522 localhost systemd[1]: Finished File System Check on /dev/disk/by-uuid/e8ad61ea-a99b-49c3-a988-7bb04d760f5e.
May 28 07:45:22.133484 localhost systemd[1]: Mounting /sysroot...
May 28 07:45:22.140120 localhost kernel: BTRFS: device fsid e8ad61ea-a99b-49c3-a988-7bb04d760f5e devid 1 transid 47 /dev/vda2 (254:2) scanned by mount (443)
May 28 07:45:22.140172 localhost kernel: BTRFS info (device vda2): first mount of filesystem e8ad61ea-a99b-49c3-a988-7bb04d760f5e
May 28 07:45:22.140181 localhost kernel: BTRFS info (device vda2): using crc32c (crc32c-intel) checksum algorithm
May 28 07:45:22.140189 localhost kernel: BTRFS info (device vda2): using free-space-tree
May 28 07:45:22.144103 localhost systemd[1]: Mounted /sysroot.
May 28 07:45:22.144214 localhost systemd[1]: Reached target Initrd Root File System.
May 28 07:45:22.156924 localhost systemd[1]: Starting Mountpoints Configured in the Real Root...
May 28 07:45:22.162943 localhost systemd-sysroot-fstab-check[461]: /sysroot/root should be mounted in the initrd, will request daemon-reload.
May 28 07:45:22.165265 localhost systemd[1]: Reloading requested from client PID 461 ('systemd-fstab-g') (unit initrd-parse-etc.service)...
May 28 07:45:22.165311 localhost systemd[1]: Reloading...
May 28 07:45:22.250098 localhost kernel: usb 1-1: new high-speed USB device number 2 using xhci_hcd
May 28 07:45:22.285386 localhost systemd[1]: Reloading finished in 119 ms.
May 28 07:45:22.289794 localhost systemd-sysroot-fstab-check[461]: Requesting initrd-fs.target/start/replace...
May 28 07:45:22.290102 localhost systemd-sysroot-fstab-check[461]: Requesting swap.target/start/replace...
May 28 07:45:22.312386 localhost systemd[1]: Mounting /sysroot/root...
May 28 07:45:22.313066 localhost systemd[1]: Mounting /sysroot/var...
May 28 07:45:22.321852 localhost systemd[1]: initrd-parse-etc.service: Deactivated successfully.
May 28 07:45:22.322058 localhost systemd[1]: Finished Mountpoints Configured in the Real Root.
May 28 07:45:22.322306 localhost systemd[1]: dracut mount hook was skipped because no trigger condition checks were met.
May 28 07:45:22.324707 localhost systemd[1]: Mounted /sysroot/root.
May 28 07:45:22.333434 localhost kernel: BTRFS: device fsid b313c914-deb2-4a92-991d-ce2e6b1b022c devid 1 transid 19 /dev/vda3 (254:3) scanned by mount (498)
May 28 07:45:22.333475 localhost kernel: BTRFS info (device vda3): first mount of filesystem b313c914-deb2-4a92-991d-ce2e6b1b022c
May 28 07:45:22.333489 localhost kernel: BTRFS info (device vda3): using crc32c (crc32c-intel) checksum algorithm
May 28 07:45:22.333497 localhost kernel: BTRFS info (device vda3): using free-space-tree
May 28 07:45:22.336521 localhost systemd[1]: Mounted /sysroot/var.
May 28 07:45:22.390277 localhost kernel: usb 1-1: New USB device found, idVendor=0627, idProduct=0001, bcdDevice= 0.00
May 28 07:45:22.390694 localhost kernel: usb 1-1: New USB device strings: Mfr=1, Product=3, SerialNumber=10
May 28 07:45:22.391043 localhost kernel: usb 1-1: Product: QEMU USB Tablet
May 28 07:45:22.391369 localhost kernel: usb 1-1: Manufacturer: QEMU
May 28 07:45:22.391738 localhost kernel: usb 1-1: SerialNumber: 28754-0000:00:06.0-1
May 28 07:45:22.400101 localhost kernel: usbcore: registered new interface driver usbhid
May 28 07:45:22.400121 localhost kernel: usbhid: USB HID core driver
May 28 07:45:22.400130 localhost kernel: input: QEMU QEMU USB Tablet as /devices/pci0000:00/0000:00:06.0/usb1/1-1/1-1:1.0/0003:0627:0001.0001/input/input4
May 28 07:45:22.400138 localhost kernel: hid-generic 0003:0627:0001.0001: input,hidraw0: USB HID v0.01 Mouse [QEMU QEMU USB Tablet] on usb-0000:00:06.0-1/input0
May 28 07:45:23.121750 localhost systemd[1]: sysroot-etc.mount: Directory /sysroot/etc to mount over is not empty, mounting anyway.
May 28 07:45:23.136816 localhost systemd[1]: Mounting /sysroot/etc...
May 28 07:45:23.142928 localhost systemd[1]: Mounted /sysroot/etc.
May 28 07:45:23.143741 localhost systemd[1]: Reached target Initrd File Systems.
May 28 07:45:23.143825 localhost systemd[1]: Reached target Initrd Default Target.
May 28 07:45:23.146899 localhost systemd[1]: Starting dracut pre-pivot and cleanup hook...
May 28 07:45:23.157979 localhost dracut-pre-pivot[519]: SELinux: relabeling root filesystem
May 28 07:45:23.170434 localhost dracut-pre-pivot[519]: SELinux: mount root read-write and relabel
May 28 07:45:30.033440 localhost kernel: evm: overlay not supported
May 28 07:45:30.282783 localhost systemd[1]: sysroot\x2dselinux-dev-pts.mount: Deactivated successfully.
May 28 07:45:30.284497 localhost systemd[1]: sysroot\x2dselinux-dev-shm.mount: Deactivated successfully.
May 28 07:45:30.284601 localhost systemd[1]: sysroot\x2dselinux-dev.mount: Deactivated successfully.
May 28 07:45:30.284970 localhost systemd[1]: sysroot\x2dselinux-sys-fs-bpf.mount: Deactivated successfully.
May 28 07:45:30.286651 localhost systemd[1]: sysroot\x2dselinux-sys-firmware-efi-efivars.mount: Deactivated successfully.
May 28 07:45:30.286712 localhost systemd[1]: sysroot\x2dselinux-sys-fs-pstore.mount: Deactivated successfully.
May 28 07:45:30.286825 localhost systemd[1]: sysroot\x2dselinux-sys-fs-cgroup.mount: Deactivated successfully.
May 28 07:45:30.287818 localhost systemd[1]: sysroot\x2dselinux-sys-kernel-security.mount: Deactivated successfully.
May 28 07:45:30.287894 localhost systemd[1]: sysroot\x2dselinux-sys.mount: Deactivated successfully.
May 28 07:45:30.287961 localhost systemd[1]: sysroot\x2dselinux-proc.mount: Deactivated successfully.
May 28 07:45:30.288021 localhost systemd[1]: sysroot\x2dselinux-etc.mount: Deactivated successfully.
May 28 07:45:30.288076 localhost systemd[1]: sysroot\x2dselinux-var.mount: Deactivated successfully.
May 28 07:45:30.288131 localhost systemd[1]: sysroot\x2dselinux-root.mount: Deactivated successfully.
May 28 07:45:30.288184 localhost systemd[1]: sysroot\x2dselinux.mount: Deactivated successfully.
May 28 07:45:30.295105 localhost systemd[1]: Finished dracut pre-pivot and cleanup hook.
May 28 07:45:30.296430 localhost systemd[1]: transactional-update /etc overlay cleaner was skipped because of an unmet condition check (ConditionPathExists=/sysroot/var/lib/overlay/transactional-update.newsnapshot).
May 28 07:45:30.306955 localhost systemd[1]: Starting Cleaning Up and Shutting Down Daemons...
May 28 07:45:30.313712 localhost systemd[1]: Stopped target Timer Units.
May 28 07:45:30.313819 localhost systemd[1]: dracut-pre-pivot.service: Deactivated successfully.
May 28 07:45:30.314351 localhost systemd[1]: Stopped dracut pre-pivot and cleanup hook.
May 28 07:45:30.314480 localhost systemd[1]: dracut-pre-pivot.service: Consumed 6.893s CPU time.
May 28 07:45:30.314653 localhost systemd[1]: Stopped target Initrd Default Target.
May 28 07:45:30.314763 localhost systemd[1]: Stopped target Basic System.
May 28 07:45:30.314943 localhost systemd[1]: Stopped target Initrd Root Device.
May 28 07:45:30.315083 localhost systemd[1]: Stopped target Initrd /usr File System.
May 28 07:45:30.315259 localhost systemd[1]: Stopped target Path Units.
May 28 07:45:30.315341 localhost systemd[1]: systemd-ask-password-console.path: Deactivated successfully.
May 28 07:45:30.326792 localhost systemd[1]: Stopped Dispatch Password Requests to Console Directory Watch.
May 28 07:45:30.326894 localhost systemd[1]: Stopped target Remote File Systems.
May 28 07:45:30.326967 localhost systemd[1]: Stopped target Preparation for Remote File Systems.
May 28 07:45:30.327083 localhost systemd[1]: Stopped target Slice Units.
May 28 07:45:30.327157 localhost systemd[1]: Stopped target Socket Units.
May 28 07:45:30.327227 localhost systemd[1]: Stopped target System Initialization.
May 28 07:45:30.327298 localhost systemd[1]: Stopped target Swaps.
May 28 07:45:30.327358 localhost systemd[1]: dracut-pre-mount.service: Deactivated successfully.
May 28 07:45:30.327482 localhost systemd[1]: Stopped dracut pre-mount hook.
May 28 07:45:30.327658 localhost systemd[1]: dracut-initqueue.service: Deactivated successfully.
May 28 07:45:30.327774 localhost systemd[1]: Stopped dracut initqueue hook.
May 28 07:45:30.327949 localhost systemd[1]: systemd-sysctl.service: Deactivated successfully.
May 28 07:45:30.328063 localhost systemd[1]: Stopped Apply Kernel Variables.
May 28 07:45:30.328167 localhost systemd[1]: systemd-tmpfiles-setup.service: Deactivated successfully.
May 28 07:45:30.328277 localhost systemd[1]: Stopped Create Volatile Files and Directories.
May 28 07:45:30.328409 localhost systemd[1]: Stopped target Local File Systems.
May 28 07:45:30.328481 localhost systemd[1]: Stopped target Preparation for Local File Systems.
May 28 07:45:30.328529 localhost systemd[1]: systemd-udev-trigger.service: Deactivated successfully.
May 28 07:45:30.328635 localhost systemd[1]: Stopped Coldplug All udev Devices.
May 28 07:45:30.329687 localhost systemd[1]: Stopping Rule-based Manager for Device Events and Files...
May 28 07:45:30.332130 localhost systemd[1]: initrd-cleanup.service: Deactivated successfully.
May 28 07:45:30.332355 localhost systemd[1]: Finished Cleaning Up and Shutting Down Daemons.
May 28 07:45:30.335415 localhost systemd[1]: systemd-udevd.service: Deactivated successfully.
May 28 07:45:30.335705 localhost systemd[1]: Stopped Rule-based Manager for Device Events and Files.
May 28 07:45:30.336432 localhost systemd[1]: systemd-udevd-control.socket: Deactivated successfully.
May 28 07:45:30.336503 localhost systemd[1]: Closed udev Control Socket.
May 28 07:45:30.336566 localhost systemd[1]: systemd-udevd-kernel.socket: Deactivated successfully.
May 28 07:45:30.336610 localhost systemd[1]: Closed udev Kernel Socket.
May 28 07:45:30.336639 localhost systemd[1]: dracut-pre-udev.service: Deactivated successfully.
May 28 07:45:30.336687 localhost systemd[1]: Stopped dracut pre-udev hook.
May 28 07:45:30.337274 localhost systemd[1]: dracut-cmdline.service: Deactivated successfully.
May 28 07:45:30.337357 localhost systemd[1]: Stopped dracut cmdline hook.
May 28 07:45:30.337497 localhost systemd[1]: dracut-cmdline-ask.service: Deactivated successfully.
May 28 07:45:30.337578 localhost systemd[1]: Stopped dracut ask for additional cmdline parameters.
May 28 07:45:30.343578 localhost systemd[1]: Starting Cleanup udev Database...
May 28 07:45:30.343595 localhost systemd[1]: systemd-tmpfiles-setup-dev.service: Deactivated successfully.
May 28 07:45:30.343656 localhost systemd[1]: Stopped Create Static Device Nodes in /dev.
May 28 07:45:30.343711 localhost systemd[1]: systemd-tmpfiles-setup-dev-early.service: Deactivated successfully.
May 28 07:45:30.343765 localhost systemd[1]: Stopped Create Static Device Nodes in /dev gracefully.
May 28 07:45:30.343811 localhost systemd[1]: kmod-static-nodes.service: Deactivated successfully.
May 28 07:45:30.343866 localhost systemd[1]: Stopped Create List of Static Device Nodes.
May 28 07:45:30.343910 localhost systemd[1]: systemd-vconsole-setup.service: Deactivated successfully.
May 28 07:45:30.343962 localhost systemd[1]: Stopped Virtual Console Setup.
May 28 07:45:30.351485 localhost systemd[1]: initrd-udevadm-cleanup-db.service: Deactivated successfully.
May 28 07:45:30.351684 localhost systemd[1]: Finished Cleanup udev Database.
May 28 07:45:30.351841 localhost systemd[1]: Reached target Switch Root.
May 28 07:45:30.353808 localhost systemd[1]: Starting Switch Root...
May 28 07:45:30.362962 localhost systemd[1]: Switching root.
May 28 07:45:30.394045 localhost systemd-journald[172]: Journal stopped
May 28 07:45:31.501050 localhost systemd-journald[172]: Received SIGTERM from PID 1 (systemd).
May 28 07:45:31.501074 localhost kernel: SELinux:  policy capability network_peer_controls=1
May 28 07:45:31.501089 localhost kernel: SELinux:  policy capability open_perms=1
May 28 07:45:31.501097 localhost kernel: SELinux:  policy capability extended_socket_class=1
May 28 07:45:31.501105 localhost kernel: SELinux:  policy capability always_check_network=0
May 28 07:45:31.501114 localhost kernel: SELinux:  policy capability cgroup_seclabel=1
May 28 07:45:31.501123 localhost kernel: SELinux:  policy capability nnp_nosuid_transition=1
May 28 07:45:31.501131 localhost kernel: SELinux:  policy capability genfs_seclabel_symlinks=1
May 28 07:45:31.501139 localhost kernel: SELinux:  policy capability ioctl_skip_cloexec=0
May 28 07:45:31.501146 localhost kernel: SELinux:  policy capability userspace_initial_context=0
May 28 07:45:31.501154 localhost kernel: audit: type=1403 audit(1716882330.586:4): auid=4294967295 ses=4294967295 lsm=selinux res=1
May 28 07:45:31.501165 localhost systemd[1]: Successfully loaded SELinux policy in 151.537ms.
May 28 07:45:31.501174 localhost systemd[1]: Relabeled /dev, /dev/shm, /run, /sys/fs/cgroup in 29.169ms.
May 28 07:45:31.501184 localhost systemd[1]: systemd 255.6+suse.30.g3ea0e1dff3 running in system mode (+PAM +AUDIT +SELINUX +APPARMOR +IMA -SMACK +SECCOMP +GCRYPT +GNUTLS +OPENSSL +ACL +BLKID +CURL +ELFUTILS +FIDO2 +IDN2 -IDN +IPTC +KMOD +LIBCRYPTSETUP +LIBFDISK +PCRE2 +PWQUALITY +P11KIT +QRENCODE +TPM2 +BZIP2 +LZ4 +XZ +ZLIB +ZSTD +BPF_FRAMEWORK -XKBCOMMON -UTMP +SYSVINIT default-hierarchy=unified)
May 28 07:45:31.501193 localhost systemd[1]: Detected virtualization kvm.
May 28 07:45:31.501202 localhost systemd[1]: Detected architecture x86-64.
May 28 07:45:31.501210 localhost systemd[1]: Initializing machine ID from random generator.
May 28 07:45:31.501220 localhost systemd[1]: bpf-lsm: LSM BPF program attached
May 28 07:45:31.501229 localhost kernel: audit: type=1400 audit(1716882331.010:5): avc:  denied  { map_read map_write } for  pid=566 comm="systemd-fstab-g" scontext=system_u:system_r:systemd_fstab_generator_t:s0 tcontext=system_u:system_r:init_t:s0 tclass=bpf permissive=0
May 28 07:45:31.501237 localhost kernel: audit: type=1400 audit(1716882331.020:6): avc:  denied  { map_read map_write } for  pid=569 comm="systemd-gpt-aut" scontext=system_u:system_r:systemd_gpt_generator_t:s0 tcontext=system_u:system_r:init_t:s0 tclass=bpf permissive=0
May 28 07:45:31.501246 localhost systemd[1]: initrd-switch-root.service: Deactivated successfully.
May 28 07:45:31.501254 localhost systemd[1]: Stopped Switch Root.
May 28 07:45:31.501262 localhost systemd[1]: systemd-journald.service: Scheduled restart job, restart counter is at 1.
May 28 07:45:31.501271 localhost systemd[1]: Created slice Slice /system/getty.
May 28 07:45:31.501279 localhost systemd[1]: Created slice Slice /system/modprobe.
May 28 07:45:31.501287 localhost systemd[1]: Created slice Slice /system/serial-getty.
May 28 07:45:31.501296 localhost systemd[1]: Created slice Slice /system/systemd-fsck.
May 28 07:45:31.501306 localhost systemd[1]: Created slice User and Session Slice.
May 28 07:45:31.501314 localhost systemd[1]: Started Dispatch Password Requests to Console Directory Watch.
May 28 07:45:31.501323 localhost systemd[1]: Set up automount Arbitrary Executable File Formats File System Automount Point.
May 28 07:45:31.501331 localhost systemd[1]: Expecting device /dev/disk/by-uuid/90C4-D20E...
May 28 07:45:31.501339 localhost systemd[1]: Expecting device /dev/disk/by-uuid/e8ad61ea-a99b-49c3-a988-7bb04d760f5e...
May 28 07:45:31.501347 localhost systemd[1]: Expecting device /dev/hvc0...
May 28 07:45:31.501355 localhost systemd[1]: Expecting device /dev/ttyS0...
May 28 07:45:31.501363 localhost systemd[1]: Reached target Local Encrypted Volumes.
May 28 07:45:31.501371 localhost systemd[1]: Stopped target Switch Root.
May 28 07:45:31.501379 localhost systemd[1]: Stopped target Initrd File Systems.
May 28 07:45:31.501387 localhost systemd[1]: Stopped target Initrd Root File System.
May 28 07:45:31.501397 localhost systemd[1]: Reached target Local Integrity Protected Volumes.
May 28 07:45:31.501405 localhost systemd[1]: Reached target Remote File Systems.
May 28 07:45:31.501414 localhost systemd[1]: Reached target Slice Units.
May 28 07:45:31.501422 localhost systemd[1]: Reached target Swaps.
May 28 07:45:31.501430 localhost systemd[1]: Reached target System Time Set.
May 28 07:45:31.501438 localhost systemd[1]: Reached target Local Verity Protected Volumes.
May 28 07:45:31.501448 localhost systemd[1]: Listening on Device-mapper event daemon FIFOs.
May 28 07:45:31.501456 localhost systemd[1]: Listening on Process Core Dump Socket.
May 28 07:45:31.501464 localhost systemd[1]: TPM2 PCR Extension (Varlink) was skipped because of an unmet condition check (ConditionSecurity=measured-uki).
May 28 07:45:31.501473 localhost systemd[1]: Listening on udev Control Socket.
May 28 07:45:31.501481 localhost systemd[1]: Listening on udev Kernel Socket.
May 28 07:45:31.501489 localhost systemd[1]: Mounting Huge Pages File System...
May 28 07:45:31.501497 localhost systemd[1]: Mounting POSIX Message Queue File System...
May 28 07:45:31.501505 localhost systemd[1]: Mounting Kernel Debug File System...
May 28 07:45:31.501513 localhost systemd[1]: Mounting Kernel Trace File System...
May 28 07:45:31.501523 localhost systemd[1]: Mounting Temporary Directory /tmp...
May 28 07:45:31.501531 localhost systemd[1]: Starting Create List of Static Device Nodes...
May 28 07:45:31.501539 localhost systemd[1]: Starting Load Kernel Module configfs...
May 28 07:45:31.501547 localhost systemd[1]: Starting Load Kernel Module dm_mod...
May 28 07:45:31.501555 localhost systemd[1]: Starting Load Kernel Module drm...
May 28 07:45:31.501563 localhost systemd[1]: Starting Load Kernel Module efi_pstore...
May 28 07:45:31.501571 localhost systemd[1]: Starting Load Kernel Module fuse...
May 28 07:45:31.501579 localhost systemd[1]: Starting Load Kernel Module loop...
May 28 07:45:31.501587 localhost systemd[1]: Starting Relabel /root...
May 28 07:45:31.501595 localhost systemd[1]: systemd-fsck-root.service: Deactivated successfully.
May 28 07:45:31.501603 localhost systemd[1]: Stopped File System Check on Root Device.
May 28 07:45:31.501613 localhost kernel: device-mapper: uevent: version 1.0.3
May 28 07:45:31.501621 localhost kernel: device-mapper: ioctl: 4.48.0-ioctl (2023-03-01) initialised: dm-devel@lists.linux.dev
May 28 07:45:31.501629 localhost systemd[1]: Starting Journal Service...
May 28 07:45:31.501638 localhost systemd[1]: Load Kernel Modules was skipped because no trigger condition checks were met.
May 28 07:45:31.501646 localhost systemd[1]: Apply Kernel Variables for 6.9.1-1-default from /boot was skipped because of an unmet condition check (ConditionPathExists=/boot/sysctl.conf-6.9.1-1-default).
May 28 07:45:31.501655 localhost systemd[1]: Starting Apply Kernel Variables for 6.9.1-1-default...
May 28 07:45:31.501663 localhost systemd[1]: TPM2 PCR Machine ID Measurement was skipped because of an unmet condition check (ConditionSecurity=measured-uki).
May 28 07:45:31.501671 localhost kernel: loop: module loaded
May 28 07:45:31.501679 localhost systemd[1]: Starting Remount Root and Kernel File Systems...
May 28 07:45:31.501687 localhost systemd[1]: TPM2 SRK Setup (Early) was skipped because of an unmet condition check (ConditionSecurity=measured-uki).
May 28 07:45:31.501697 localhost systemd[1]: Starting Coldplug All udev Devices...
May 28 07:45:31.501705 localhost kernel: fuse: init (API version 7.40)
May 28 07:45:31.501713 localhost systemd[1]: Mounted Huge Pages File System.
May 28 07:45:31.501721 localhost systemd[1]: Mounted POSIX Message Queue File System.
May 28 07:45:31.501729 localhost systemd[1]: Mounted Kernel Debug File System.
May 28 07:45:31.501737 localhost systemd[1]: Mounted Kernel Trace File System.
May 28 07:45:31.501745 localhost systemd[1]: Mounted Temporary Directory /tmp.
May 28 07:45:31.501753 localhost systemd[1]: Finished Create List of Static Device Nodes.
May 28 07:45:31.501761 localhost systemd[1]: modprobe@configfs.service: Deactivated successfully.
May 28 07:45:31.501769 localhost systemd[1]: Finished Load Kernel Module configfs.
May 28 07:45:31.501777 localhost systemd[1]: modprobe@dm_mod.service: Deactivated successfully.
May 28 07:45:31.501785 localhost systemd[1]: Finished Load Kernel Module dm_mod.
May 28 07:45:31.501795 localhost systemd[1]: modprobe@drm.service: Deactivated successfully.
May 28 07:45:31.501803 localhost systemd[1]: Finished Load Kernel Module drm.
May 28 07:45:31.501811 localhost systemd[1]: modprobe@efi_pstore.service: Deactivated successfully.
May 28 07:45:31.501819 localhost systemd[1]: Finished Load Kernel Module efi_pstore.
May 28 07:45:31.501827 localhost systemd[1]: modprobe@fuse.service: Deactivated successfully.
May 28 07:45:31.501835 localhost systemd[1]: Finished Load Kernel Module fuse.
May 28 07:45:31.501843 localhost systemd[1]: modprobe@loop.service: Deactivated successfully.
May 28 07:45:31.501851 localhost systemd[1]: Finished Load Kernel Module loop.
May 28 07:45:31.501859 localhost systemd[1]: Finished Apply Kernel Variables for 6.9.1-1-default.
May 28 07:45:31.501867 localhost systemd[1]: Mounting FUSE Control File System...
May 28 07:45:31.501875 localhost systemd[1]: Mounting Kernel Configuration File System...
May 28 07:45:31.501884 localhost systemd[1]: Repartition Root Disk was skipped because no trigger condition checks were met.
May 28 07:45:31.501912 localhost systemd-journald[618]: Collecting audit messages is disabled.
May 28 07:45:31.501931 localhost systemd[1]: Starting Apply Kernel Variables...
May 28 07:45:31.501940 localhost systemd-journald[618]: Journal started
May 28 07:45:31.501958 localhost systemd-journald[618]: Runtime Journal (/run/log/journal/28a2217aec31446e932d3ee4f14f23d8) is 2.4M, max 19.2M, 16.8M free.
May 28 07:45:31.214708 localhost systemd[1]: Queued start job for default target Multi-User System.
May 28 07:45:31.234777 localhost systemd[1]: Unnecessary job was removed for /dev/vda3.
May 28 07:45:31.234788 localhost systemd[1]: Unnecessary job was removed for /dev/vda2.
May 28 07:45:31.235139 localhost systemd[1]: systemd-journald.service: Deactivated successfully.
May 28 07:45:31.520163 localhost systemd[1]: Starting Create Static Device Nodes in /dev gracefully...
May 28 07:45:31.520185 localhost systemd[1]: Started Journal Service.
May 28 07:45:31.510871 localhost systemd[1]: root-relabel.service: Deactivated successfully.
May 28 07:45:31.510980 localhost systemd[1]: Finished Relabel /root.
May 28 07:45:31.511283 localhost systemd[1]: Mounted FUSE Control File System.
May 28 07:45:31.511395 localhost systemd[1]: Mounted Kernel Configuration File System.
May 28 07:45:31.592182 localhost systemd[1]: Finished Remount Root and Kernel File Systems.
May 28 07:45:31.610287 localhost systemd[1]: Starting Rebuild Hardware Database...
May 28 07:45:31.610342 localhost systemd[1]: Platform Persistent Storage Archival was skipped because of an unmet condition check (ConditionDirectoryNotEmpty=/sys/fs/pstore).
May 28 07:45:31.630182 localhost systemd[1]: Starting Load/Save OS Random Seed...
May 28 07:45:31.630206 localhost systemd[1]: TPM2 SRK Setup was skipped because of an unmet condition check (ConditionSecurity=measured-uki).
May 28 07:45:31.630498 localhost systemd[1]: Finished Apply Kernel Variables.
May 28 07:45:31.653873 localhost systemd[1]: Finished Load/Save OS Random Seed.
May 28 07:45:31.684388 localhost systemd[1]: Finished Create Static Device Nodes in /dev gracefully.
May 28 07:45:31.700196 localhost systemd[1]: Starting Create System Users...
May 28 07:45:31.798242 localhost systemd[1]: Finished Create System Users.
May 28 07:45:31.813567 localhost systemd[1]: Starting Create Static Device Nodes in /dev...
May 28 07:45:31.815165 localhost systemd[1]: Finished Coldplug All udev Devices.
May 28 07:45:31.897590 localhost systemd[1]: Finished Create Static Device Nodes in /dev.
May 28 07:45:31.897811 localhost systemd[1]: Reached target Preparation for Local File Systems.
May 28 07:45:32.156139 localhost systemd[1]: Finished Rebuild Hardware Database.
May 28 07:45:32.166902 localhost systemd[1]: Starting Rule-based Manager for Device Events and Files...
May 28 07:45:32.202382 localhost systemd-udevd[662]: Using default interface naming scheme 'v255'.
May 28 07:45:32.222274 localhost systemd[1]: Started Rule-based Manager for Device Events and Files.
May 28 07:45:32.304989 localhost systemd[1]: Condition check resulted in /dev/hvc0 being skipped.
May 28 07:45:32.382604 localhost systemd[1]: Found device /dev/disk/by-uuid/90C4-D20E.
May 28 07:45:32.410205 localhost systemd[1]: Starting File System Check on /dev/disk/by-uuid/90C4-D20E...
May 28 07:45:32.410497 localhost systemd[1]: Condition check resulted in /dev/ttyS0 being skipped.
May 28 07:45:32.533612 localhost kernel: piix4_smbus 0000:00:01.3: SMBus Host Controller at 0xb100, revision 0
May 28 07:45:32.540286 localhost kernel: input: Power Button as /devices/LNXSYSTM:00/LNXPWRBN:00/input/input5
May 28 07:45:32.548505 localhost systemd[1]: Found device /dev/disk/by-uuid/e8ad61ea-a99b-49c3-a988-7bb04d760f5e.
May 28 07:45:32.556763 localhost kernel: ACPI: button: Power Button [PWRF]
May 28 07:45:32.590106 localhost kernel: parport_pc 00:03: reported by Plug and Play ACPI
May 28 07:45:32.590251 localhost kernel: parport0: PC-style at 0x378, irq 7 [PCSPP,TRISTATE]
May 28 07:45:32.590309 localhost systemd[1]: Mounting /.snapshots...
May 28 07:45:32.593429 localhost kernel: Console: switching to colour dummy device 80x25
May 28 07:45:32.603447 localhost kernel: bochs-drm 0000:00:02.0: vgaarb: deactivate vga console
May 28 07:45:32.603622 localhost kernel: [drm] Found bochs VGA, ID 0xb0c5.
May 28 07:45:32.603635 localhost kernel: [drm] Framebuffer size 16384 kB @ 0x80000000, mmio @ 0x81048000.
May 28 07:45:32.607627 localhost systemd[1]: Mounting /boot/grub2/i386-pc...
May 28 07:45:32.613443 localhost kernel: [drm] Found EDID data blob.
May 28 07:45:32.630110 localhost kernel: [drm] Initialized bochs-drm 1.0.0 20130925 for 0000:00:02.0 on minor 0
May 28 07:45:32.674343 localhost kernel: input: PC Speaker as /devices/platform/pcspkr/input/input6
May 28 07:45:32.674373 localhost kernel: fbcon: bochs-drmdrmfb (fb0) is primary device
May 28 07:45:32.687417 localhost systemd-fsck[685]: fsck.fat 4.2 (2021-01-31)
May 28 07:45:32.687417 localhost systemd-fsck[685]: /dev/vda1: 21 files, 9526/130811 clusters
May 28 07:45:32.690394 localhost systemd[1]: Mounting /boot/grub2/x86_64-efi...
May 28 07:45:32.730397 localhost systemd[1]: Mounting /boot/writable...
May 28 07:45:32.760165 localhost systemd[1]: Mounting /home...
May 28 07:45:32.766801 localhost kernel: virtio_net virtio0 ens4: renamed from eth0
May 28 07:45:32.804862 localhost systemd[1]: Mounting /opt...
May 28 07:45:32.809080 localhost kernel: ppdev: user-space parallel port driver
May 28 07:45:32.853307 localhost systemd[1]: Mounting /srv...
May 28 07:45:32.873502 localhost systemd[1]: Mounting /usr/local...
May 28 07:45:32.875147 localhost systemd[1]: Mounted /.snapshots.
May 28 07:45:32.890912 localhost kernel: Console: switching to colour frame buffer device 128x48
May 28 07:45:33.036761 localhost kernel: bochs-drm 0000:00:02.0: [drm] fb0: bochs-drmdrmfb frame buffer device
May 28 07:45:33.048004 localhost systemd[1]: Starting Relabel /.snapshots...
May 28 07:45:33.076640 localhost systemd[1]: Starting Virtual Console Setup...
May 28 07:45:33.078896 localhost systemd[1]: Finished File System Check on /dev/disk/by-uuid/90C4-D20E.
May 28 07:45:33.114965 localhost systemd[1]: Mounting /boot/efi...
May 28 07:45:33.116706 localhost systemd[1]: Mounted /boot/grub2/i386-pc.
May 28 07:45:33.133276 localhost systemd[1]: Mounted /boot/grub2/x86_64-efi.
May 28 07:45:33.153764 localhost kernel: kvm_amd: Nested Virtualization enabled
May 28 07:45:33.153792 localhost kernel: kvm_amd: Nested Paging enabled
May 28 07:45:33.146025 localhost systemd[1]: Mounted /boot/writable.
May 28 07:45:33.146227 localhost systemd[1]: Mounted /home.
May 28 07:45:33.146436 localhost systemd[1]: Mounted /opt.
May 28 07:45:33.146636 localhost systemd[1]: Mounted /srv.
May 28 07:45:33.170330 localhost kernel: snd_hda_codec_generic hdaudioC0D0: autoconfig for Generic: line_outs=1 (0x3/0x0/0x0/0x0/0x0) type:line
May 28 07:45:33.170519 localhost kernel: snd_hda_codec_generic hdaudioC0D0:    speaker_outs=0 (0x0/0x0/0x0/0x0/0x0)
May 28 07:45:33.170645 localhost kernel: snd_hda_codec_generic hdaudioC0D0:    hp_outs=0 (0x0/0x0/0x0/0x0/0x0)
May 28 07:45:33.170816 localhost kernel: snd_hda_codec_generic hdaudioC0D0:    mono: mono_out=0x0
May 28 07:45:33.170959 localhost kernel: snd_hda_codec_generic hdaudioC0D0:    inputs:
May 28 07:45:33.154014 localhost systemd[1]: Mounted /usr/local.
May 28 07:45:33.174556 localhost systemd[1]: \x2esnapshots-relabel.service: Deactivated successfully.
May 28 07:45:33.174681 localhost systemd[1]: Finished Relabel /.snapshots.
May 28 07:45:33.201280 localhost systemd[1]: Reached target Sound Card.
May 28 07:45:33.220403 localhost systemd[1]: Starting Relabel /boot/grub2/i386-pc...
May 28 07:45:33.240375 localhost systemd[1]: Starting Relabel /boot/grub2/x86_64-efi...
May 28 07:45:33.264183 localhost kernel: audit: type=1400 audit(1716882333.256:7): avc:  denied  { getattr } for  pid=738 comm="systemd-sysctl" path="/usr/local" dev="vda2" ino=256 scontext=system_u:system_r:systemd_sysctl_t:s0-s0:c0.c1023 tcontext=system_u:object_r:unlabeled_t:s0 tclass=dir permissive=0
May 28 07:45:33.263580 localhost systemd[1]: Starting Relabel /boot/writable...
May 28 07:45:33.270307 localhost systemd[1]: Starting Relabel /home...
May 28 07:45:33.283569 localhost systemd[1]: Starting Relabel /opt...
May 28 07:45:33.290599 localhost systemd[1]: Starting Relabel /srv...
May 28 07:45:33.313685 localhost systemd[1]: Starting Relabel /usr/local...
May 28 07:45:33.400666 localhost systemd[1]: Mounted /boot/efi.
May 28 07:45:33.401050 localhost systemd[1]: boot-grub2-i386\x2dpc-relabel.service: Deactivated successfully.
May 28 07:45:33.408125 localhost systemd[1]: Finished Relabel /boot/grub2/i386-pc.
May 28 07:45:33.408502 localhost systemd[1]: boot-grub2-x86_64\x2defi-relabel.service: Deactivated successfully.
May 28 07:45:33.408604 localhost systemd[1]: Finished Relabel /boot/grub2/x86_64-efi.
May 28 07:45:33.408935 localhost systemd[1]: boot-writable-relabel.service: Deactivated successfully.
May 28 07:45:33.409037 localhost systemd[1]: Finished Relabel /boot/writable.
May 28 07:45:33.428691 localhost systemd[1]: home-relabel.service: Deactivated successfully.
May 28 07:45:33.428822 localhost systemd[1]: Finished Relabel /home.
May 28 07:45:33.429222 localhost systemd[1]: opt-relabel.service: Deactivated successfully.
May 28 07:45:33.429320 localhost systemd[1]: Finished Relabel /opt.
May 28 07:45:33.449558 localhost systemd[1]: systemd-vconsole-setup.service: Deactivated successfully.
May 28 07:45:33.457010 localhost systemd[1]: Stopped Virtual Console Setup.
May 28 07:45:33.467008 localhost systemd[1]: Starting Virtual Console Setup...
May 28 07:45:33.515222 localhost systemd[1]: srv-relabel.service: Deactivated successfully.
May 28 07:45:33.515371 localhost systemd[1]: Finished Relabel /srv.
May 28 07:45:33.516593 localhost systemd[1]: usr-local-relabel.service: Deactivated successfully.
May 28 07:45:33.516780 localhost systemd[1]: Finished Relabel /usr/local.
May 28 07:45:33.533538 localhost systemd[1]: Starting Mark autorelabel as done...
May 28 07:45:33.536108 localhost systemd[1]: mark-autorelabel-done.service: Deactivated successfully.
May 28 07:45:33.536213 localhost systemd[1]: Finished Mark autorelabel as done.
May 28 07:45:33.537383 localhost systemd[1]: Reached target Local File Systems.
May 28 07:45:33.539924 localhost systemd[1]: Listening on System Extension Image Management (Varlink).
May 28 07:45:33.546898 localhost systemd[1]: Starting Create missing directories from rpmdb...
May 28 07:45:33.547081 localhost systemd[1]: Set Up Additional Binary Formats was skipped because no trigger condition checks were met.
May 28 07:45:33.551403 localhost systemd[1]: Starting Update Boot Loader Random Seed...
May 28 07:45:33.556876 localhost systemd[1]: Starting Flush Journal to Persistent Storage...
May 28 07:45:33.591621 localhost systemd-journald[618]: Time spent on flushing to /var/log/journal/28a2217aec31446e932d3ee4f14f23d8 is 15.995ms for 979 entries.
May 28 07:45:33.591621 localhost systemd-journald[618]: System Journal (/var/log/journal/28a2217aec31446e932d3ee4f14f23d8) is 8.0M, max 1.1G, 1.1G free.
May 28 07:45:33.737133 localhost systemd-journald[618]: Received client request to flush runtime journal.
May 28 07:45:33.737174 localhost systemd-journald[618]: Creating journal file /var/log/journal/28a2217aec31446e932d3ee4f14f23d8/system.journal on a btrfs file system, and copy-on-write is enabled. This is likely to slow down journal access substantially, please consider turning off the copy-on-write file attribute on the journal directory, using chattr +C.
May 28 07:45:33.757383 localhost systemd[1]: Finished Flush Journal to Persistent Storage.
May 28 07:45:33.813948 localhost bootctl[788]: ! Mount point '/boot/efi' which backs the random seed file is world accessible, which is a security hole! !
May 28 07:45:33.818825 localhost bootctl[788]: ! Random seed file '/boot/efi/loader/random-seed' is world accessible, which is a security hole! !
May 28 07:45:33.833252 localhost systemd[1]: Finished Virtual Console Setup.
May 28 07:45:33.840352 localhost bootctl[788]: Random seed file /boot/efi/loader/random-seed successfully refreshed (32 bytes).
May 28 07:45:33.916786 localhost bootctl[788]: Successfully initialized system token in EFI variable with 32 bytes.
May 28 07:45:33.917489 localhost systemd[1]: Finished Update Boot Loader Random Seed.
May 28 07:45:33.932488 localhost systemd[1]: Finished Create missing directories from rpmdb.
May 28 07:45:33.946881 localhost systemd[1]: Starting Create Volatile Files and Directories...
May 28 07:45:34.020540 localhost systemd[1]: Finished Create Volatile Files and Directories.
May 28 07:45:34.036810 localhost systemd[1]: Starting Security Auditing Service...
May 28 07:45:34.036843 localhost systemd[1]: First Boot Wizard was skipped because of an unmet condition check (ConditionFirstBoot=yes).
May 28 07:45:34.036861 localhost systemd[1]: First Boot Complete was skipped because of an unmet condition check (ConditionFirstBoot=yes).
May 28 07:45:34.040196 localhost systemd[1]: Starting Rebuild Journal Catalog...
May 28 07:45:34.040261 localhost systemd[1]: Commit a transient machine-id on disk was skipped because of an unmet condition check (ConditionPathIsMountPoint=/etc/machine-id).
May 28 07:45:34.047665 localhost systemd[1]: Starting Write boot and shutdown times into wtmpdb...
May 28 07:45:34.065519 localhost systemd[1]: Finished Rebuild Journal Catalog.
May 28 07:45:34.076891 localhost systemd[1]: Starting Update is Completed...
May 28 07:45:34.106274 localhost systemd[1]: Finished Update is Completed.
May 28 07:45:34.113770 localhost wtmpdb[804]: Error: cannot open dbus
May 28 07:45:34.114899 localhost systemd[1]: Finished Write boot and shutdown times into wtmpdb.
May 28 07:45:34.124964 localhost auditd[809]: Option builtin_af_unix line 10 is obsolete - using /sbin/audisp-af_unix
May 28 07:45:34.125204 localhost auditd[809]: Option builtin line 11 is obsolete - update it
May 28 07:45:34.125303 localhost auditd[809]: No plugins found, not dispatching events
May 28 07:45:34.125678 localhost auditd[809]: Init complete, auditd 3.1.1 listening for events (startup state enable)
May 28 07:45:34.127120 localhost systemd[1]: Started Security Auditing Service.
May 28 07:45:34.127458 localhost systemd[1]: Reached target System Initialization.
May 28 07:45:34.127618 localhost systemd[1]: Started Watch /etc/sysconfig/btrfsmaintenance.
May 28 07:45:34.127880 localhost systemd[1]: Started Watch for changes in CA certificates.
May 28 07:45:34.127992 localhost systemd[1]: Started Watch for changes in issue snippets.
May 28 07:45:34.128057 localhost systemd[1]: Started Daily Cleanup of Snapper Snapshots.
May 28 07:45:34.128119 localhost systemd[1]: Started Daily Cleanup of Temporary Directories.
May 28 07:45:34.128176 localhost systemd[1]: Reached target Path Units.
May 28 07:45:34.131054 localhost systemd[1]: Listening on D-Bus System Message Bus Socket.
May 28 07:45:34.131130 localhost systemd[1]: Reached target Socket Units.
May 28 07:45:34.131222 localhost systemd[1]: TPM2 PCR Barrier (Initialization) was skipped because of an unmet condition check (ConditionSecurity=measured-uki).
May 28 07:45:34.131280 localhost systemd[1]: Reached target Basic System.
May 28 07:45:34.143557 localhost systemd[1]: Starting auditd rules generation...
May 28 07:45:34.150241 localhost systemd[1]: Starting D-Bus System Message Bus...
May 28 07:45:34.153528 localhost systemd[1]: Starting Restore /run/initramfs on shutdown...
May 28 07:45:34.153554 localhost systemd[1]: irqbalance daemon was skipped because of an unmet condition check (ConditionCPUs=>1).
May 28 07:45:34.161826 localhost systemd[1]: Starting Generate issue file for login session...
May 28 07:45:34.177043 localhost systemd[1]: Starting Apply settings from /etc/sysconfig/keyboard...
May 28 07:45:34.177107 localhost systemd[1]: Import lastlog data into lastlog2 database was skipped because of an unmet condition check (ConditionPathExists=/var/log/lastlog).
May 28 07:45:34.179862 localhost dbus-daemon[814]: [system] SELinux support is enabled
May 28 07:45:34.185475 localhost systemd[1]: Starting Authorization Manager...
May 28 07:45:34.206876 localhost systemd[1]: Starting User Login Management...
May 28 07:45:34.206900 localhost systemd[1]: TPM2 PCR Barrier (User) was skipped because of an unmet condition check (ConditionSecurity=measured-uki).
May 28 07:45:34.207258 localhost systemd[1]: Started D-Bus System Message Bus.
May 28 07:45:34.213367 localhost systemd[1]: Finished Restore /run/initramfs on shutdown.
May 28 07:45:34.216803 localhost kernel: Lockdown: numlockbios: /dev/mem,kmem,port is restricted; see man kernel_lockdown.7
May 28 07:45:34.236806 localhost kernel: Lockdown: numlockbios: /dev/mem,kmem,port is restricted; see man kernel_lockdown.7
May 28 07:45:34.243517 localhost systemd[1]: Starting Network Manager...
May 28 07:45:34.253548 localhost systemd[1]: Starting Reboot Manager...
May 28 07:45:34.253951 localhost systemd[1]: issue-generator.service: Deactivated successfully.
May 28 07:45:34.254061 localhost systemd[1]: Finished Generate issue file for login session.
May 28 07:45:34.270102 localhost kernel: Lockdown: numlockbios: /dev/mem,kmem,port is restricted; see man kernel_lockdown.7
May 28 07:45:34.284091 localhost systemd[1]: Started Reboot Manager.
May 28 07:45:34.293440 localhost kernel: Lockdown: numlockbios: /dev/mem,kmem,port is restricted; see man kernel_lockdown.7
May 28 07:45:34.320100 localhost kernel: Lockdown: numlockbios: /dev/mem,kmem,port is restricted; see man kernel_lockdown.7
