May 28 07:29:13.199981 localhost kernel: Linux version 6.9.1-1-default (geeko@buildhost) (gcc (SUSE Linux) 13.2.1 20240509 [revision b7a2697733d19a093cbdd0e200ffce069a4bc812], GNU ld (GNU Binutils; openSUSE Tumbleweed) 2.42.0.20240130-3) #1 SMP PREEMPT_DYNAMIC Fri May 17 11:59:46 UTC 2024 (0c0b0b5)
May 28 07:29:13.200004 localhost kernel: Command line: BOOT_IMAGE=/boot/vmlinuz-6.9.1-1-default root=UUID=8bc5a620-43f2-4cb4-bc93-ae33026e601c rd.timeout=60 rd.retry=45 quiet systemd.show_status=yes console=ttyS0,115200 console=tty0 ignition.platform.id=qemu security=selinux selinux=1
May 28 07:29:13.200012 localhost kernel: BIOS-provided physical RAM map:
May 28 07:29:13.200018 localhost kernel: BIOS-e820: [mem 0x0000000000000000-0x000000000009fbff] usable
May 28 07:29:13.200023 localhost kernel: BIOS-e820: [mem 0x000000000009fc00-0x000000000009ffff] reserved
May 28 07:29:13.200028 localhost kernel: BIOS-e820: [mem 0x00000000000f0000-0x00000000000fffff] reserved
May 28 07:29:13.200034 localhost kernel: BIOS-e820: [mem 0x0000000000100000-0x000000003ffd8fff] usable
May 28 07:29:13.200039 localhost kernel: BIOS-e820: [mem 0x000000003ffd9000-0x000000003fffffff] reserved
May 28 07:29:13.200044 localhost kernel: BIOS-e820: [mem 0x00000000feffc000-0x00000000feffffff] reserved
May 28 07:29:13.200048 localhost kernel: BIOS-e820: [mem 0x00000000fffc0000-0x00000000ffffffff] reserved
May 28 07:29:13.200053 localhost kernel: BIOS-e820: [mem 0x000000fd00000000-0x000000ffffffffff] reserved
May 28 07:29:13.200058 localhost kernel: NX (Execute Disable) protection: active
May 28 07:29:13.200063 localhost kernel: APIC: Static calls initialized
May 28 07:29:13.200070 localhost kernel: SMBIOS 2.8 present.
May 28 07:29:13.200077 localhost kernel: DMI: QEMU Standard PC (i440FX + PIIX, 1996), BIOS rel-1.16.0-0-gd239552c-rebuilt.opensuse.org 04/01/2014
May 28 07:29:13.200082 localhost kernel: Hypervisor detected: KVM
May 28 07:29:13.200087 localhost kernel: kvm-clock: Using msrs 4b564d01 and 4b564d00
May 28 07:29:13.200091 localhost kernel: kvm-clock: using sched offset of 9940720126 cycles
May 28 07:29:13.200097 localhost kernel: clocksource: kvm-clock: mask: 0xffffffffffffffff max_cycles: 0x1cd42e4dffb, max_idle_ns: 881590591483 ns
May 28 07:29:13.200102 localhost kernel: tsc: Detected 2199.998 MHz processor
May 28 07:29:13.200107 localhost kernel: e820: update [mem 0x00000000-0x00000fff] usable ==> reserved
May 28 07:29:13.200113 localhost kernel: e820: remove [mem 0x000a0000-0x000fffff] usable
May 28 07:29:13.200120 localhost kernel: last_pfn = 0x3ffd9 max_arch_pfn = 0x400000000
May 28 07:29:13.200125 localhost kernel: MTRR map: 4 entries (3 fixed + 1 variable; max 19), built from 8 variable MTRRs
May 28 07:29:13.200130 localhost kernel: x86/PAT: Configuration [0-7]: WB  WC  UC- UC  WB  WP  UC- WT  
May 28 07:29:13.200136 localhost kernel: found SMP MP-table at [mem 0x000f5b40-0x000f5b4f]
May 28 07:29:13.200141 localhost kernel: Using GB pages for direct mapping
May 28 07:29:13.200146 localhost kernel: RAMDISK: [mem 0x2bc9b000-0x31e44fff]
May 28 07:29:13.200151 localhost kernel: ACPI: Early table checksum verification disabled
May 28 07:29:13.200156 localhost kernel: ACPI: RSDP 0x00000000000F5960 000014 (v00 BOCHS )
May 28 07:29:13.200161 localhost kernel: ACPI: RSDT 0x000000003FFE18F4 000034 (v01 BOCHS  BXPC     00000001 BXPC 00000001)
May 28 07:29:13.200166 localhost kernel: ACPI: FACP 0x000000003FFE17A8 000074 (v01 BOCHS  BXPC     00000001 BXPC 00000001)
May 28 07:29:13.200172 localhost kernel: ACPI: DSDT 0x000000003FFE0040 001768 (v01 BOCHS  BXPC     00000001 BXPC 00000001)
May 28 07:29:13.200177 localhost kernel: ACPI: FACS 0x000000003FFE0000 000040
May 28 07:29:13.200184 localhost kernel: ACPI: APIC 0x000000003FFE181C 000078 (v01 BOCHS  BXPC     00000001 BXPC 00000001)
May 28 07:29:13.200189 localhost kernel: ACPI: HPET 0x000000003FFE1894 000038 (v01 BOCHS  BXPC     00000001 BXPC 00000001)
May 28 07:29:13.200194 localhost kernel: ACPI: WAET 0x000000003FFE18CC 000028 (v01 BOCHS  BXPC     00000001 BXPC 00000001)
May 28 07:29:13.200199 localhost kernel: ACPI: Reserving FACP table memory at [mem 0x3ffe17a8-0x3ffe181b]
May 28 07:29:13.200204 localhost kernel: ACPI: Reserving DSDT table memory at [mem 0x3ffe0040-0x3ffe17a7]
May 28 07:29:13.200209 localhost kernel: ACPI: Reserving FACS table memory at [mem 0x3ffe0000-0x3ffe003f]
May 28 07:29:13.200217 localhost kernel: ACPI: Reserving APIC table memory at [mem 0x3ffe181c-0x3ffe1893]
May 28 07:29:13.200223 localhost kernel: ACPI: Reserving HPET table memory at [mem 0x3ffe1894-0x3ffe18cb]
May 28 07:29:13.200228 localhost kernel: ACPI: Reserving WAET table memory at [mem 0x3ffe18cc-0x3ffe18f3]
May 28 07:29:13.200233 localhost kernel: No NUMA configuration found
May 28 07:29:13.200238 localhost kernel: Faking a node at [mem 0x0000000000000000-0x000000003ffd8fff]
May 28 07:29:13.200244 localhost kernel: NODE_DATA(0) allocated [mem 0x3ffae000-0x3ffd8fff]
May 28 07:29:13.200249 localhost kernel: Zone ranges:
May 28 07:29:13.200254 localhost kernel:   DMA      [mem 0x0000000000001000-0x0000000000ffffff]
May 28 07:29:13.200259 localhost kernel:   DMA32    [mem 0x0000000001000000-0x000000003ffd8fff]
May 28 07:29:13.200266 localhost kernel:   Normal   empty
May 28 07:29:13.200271 localhost kernel:   Device   empty
May 28 07:29:13.200276 localhost kernel: Movable zone start for each node
May 28 07:29:13.200281 localhost kernel: Early memory node ranges
May 28 07:29:13.200286 localhost kernel:   node   0: [mem 0x0000000000001000-0x000000000009efff]
May 28 07:29:13.200291 localhost kernel:   node   0: [mem 0x0000000000100000-0x000000003ffd8fff]
May 28 07:29:13.200296 localhost kernel: Initmem setup node 0 [mem 0x0000000000001000-0x000000003ffd8fff]
May 28 07:29:13.200301 localhost kernel: On node 0, zone DMA: 1 pages in unavailable ranges
May 28 07:29:13.200306 localhost kernel: On node 0, zone DMA: 97 pages in unavailable ranges
May 28 07:29:13.200311 localhost kernel: On node 0, zone DMA32: 39 pages in unavailable ranges
May 28 07:29:13.200316 localhost kernel: ACPI: PM-Timer IO Port: 0x608
May 28 07:29:13.200321 localhost kernel: ACPI: LAPIC_NMI (acpi_id[0xff] dfl dfl lint[0x1])
May 28 07:29:13.200327 localhost kernel: IOAPIC[0]: apic_id 0, version 17, address 0xfec00000, GSI 0-23
May 28 07:29:13.200333 localhost kernel: ACPI: INT_SRC_OVR (bus 0 bus_irq 0 global_irq 2 dfl dfl)
May 28 07:29:13.200339 localhost kernel: ACPI: INT_SRC_OVR (bus 0 bus_irq 5 global_irq 5 high level)
May 28 07:29:13.200344 localhost kernel: ACPI: INT_SRC_OVR (bus 0 bus_irq 9 global_irq 9 high level)
May 28 07:29:13.200349 localhost kernel: ACPI: INT_SRC_OVR (bus 0 bus_irq 10 global_irq 10 high level)
May 28 07:29:13.200354 localhost kernel: ACPI: INT_SRC_OVR (bus 0 bus_irq 11 global_irq 11 high level)
May 28 07:29:13.200359 localhost kernel: ACPI: Using ACPI (MADT) for SMP configuration information
May 28 07:29:13.200364 localhost kernel: ACPI: HPET id: 0x8086a201 base: 0xfed00000
May 28 07:29:13.200369 localhost kernel: TSC deadline timer available
May 28 07:29:13.200374 localhost kernel: CPU topo: Max. logical packages:   1
May 28 07:29:13.200379 localhost kernel: CPU topo: Max. logical dies:       1
May 28 07:29:13.200384 localhost kernel: CPU topo: Max. dies per package:   1
May 28 07:29:13.200389 localhost kernel: CPU topo: Max. threads per core:   1
May 28 07:29:13.200396 localhost kernel: CPU topo: Num. cores per package:     1
May 28 07:29:13.200401 localhost kernel: CPU topo: Num. threads per package:   1
May 28 07:29:13.200406 localhost kernel: CPU topo: Allowing 1 present CPUs plus 0 hotplug CPUs
May 28 07:29:13.200411 localhost kernel: kvm-guest: APIC: eoi() replaced with kvm_guest_apic_eoi_write()
May 28 07:29:13.200416 localhost kernel: PM: hibernation: Registered nosave memory: [mem 0x00000000-0x00000fff]
May 28 07:29:13.200422 localhost kernel: PM: hibernation: Registered nosave memory: [mem 0x0009f000-0x0009ffff]
May 28 07:29:13.200427 localhost kernel: PM: hibernation: Registered nosave memory: [mem 0x000a0000-0x000effff]
May 28 07:29:13.200432 localhost kernel: PM: hibernation: Registered nosave memory: [mem 0x000f0000-0x000fffff]
May 28 07:29:13.200437 localhost kernel: [mem 0x40000000-0xfeffbfff] available for PCI devices
May 28 07:29:13.200442 localhost kernel: Booting paravirtualized kernel on KVM
May 28 07:29:13.200447 localhost kernel: clocksource: refined-jiffies: mask: 0xffffffff max_cycles: 0xffffffff, max_idle_ns: 6370452778343963 ns
May 28 07:29:13.200452 localhost kernel: setup_percpu: NR_CPUS:8192 nr_cpumask_bits:1 nr_cpu_ids:1 nr_node_ids:1
May 28 07:29:13.200459 localhost kernel: percpu: Embedded 72 pages/cpu s258048 r8192 d28672 u2097152
May 28 07:29:13.200464 localhost kernel: pcpu-alloc: s258048 r8192 d28672 u2097152 alloc=1*2097152
May 28 07:29:13.200469 localhost kernel: pcpu-alloc: [0] 0 
May 28 07:29:13.200474 localhost kernel: kvm-guest: PV spinlocks disabled, single CPU
May 28 07:29:13.200480 localhost kernel: Kernel command line: BOOT_IMAGE=/boot/vmlinuz-6.9.1-1-default root=UUID=8bc5a620-43f2-4cb4-bc93-ae33026e601c rd.timeout=60 rd.retry=45 quiet systemd.show_status=yes console=ttyS0,115200 console=tty0 ignition.platform.id=qemu security=selinux selinux=1
May 28 07:29:13.200486 localhost kernel: Unknown kernel command line parameters "BOOT_IMAGE=/boot/vmlinuz-6.9.1-1-default", will be passed to user space.
May 28 07:29:13.200491 localhost kernel: random: crng init done
May 28 07:29:13.200496 localhost kernel: Dentry cache hash table entries: 131072 (order: 8, 1048576 bytes, linear)
May 28 07:29:13.200501 localhost kernel: Inode-cache hash table entries: 65536 (order: 7, 524288 bytes, linear)
May 28 07:29:13.200506 localhost kernel: Fallback order for Node 0: 0 
May 28 07:29:13.200511 localhost kernel: Built 1 zonelists, mobility grouping on.  Total pages: 257753
May 28 07:29:13.200518 localhost kernel: Policy zone: DMA32
May 28 07:29:13.200523 localhost kernel: mem auto-init: stack:off, heap alloc:off, heap free:off
May 28 07:29:13.200529 localhost kernel: Memory: 260860K/1048028K available (16384K kernel code, 3000K rwdata, 13020K rodata, 4224K init, 4384K bss, 166260K reserved, 0K cma-reserved)
May 28 07:29:13.200534 localhost kernel: SLUB: HWalign=64, Order=0-3, MinObjects=0, CPUs=1, Nodes=1
May 28 07:29:13.200539 localhost kernel: ftrace: allocating 47505 entries in 186 pages
May 28 07:29:13.200544 localhost kernel: ftrace: allocated 186 pages with 5 groups
May 28 07:29:13.200549 localhost kernel: Dynamic Preempt: voluntary
May 28 07:29:13.200554 localhost kernel: rcu: Preemptible hierarchical RCU implementation.
May 28 07:29:13.200560 localhost kernel: rcu:         RCU event tracing is enabled.
May 28 07:29:13.200566 localhost kernel: rcu:         RCU restricting CPUs from NR_CPUS=8192 to nr_cpu_ids=1.
May 28 07:29:13.200571 localhost kernel:         Trampoline variant of Tasks RCU enabled.
May 28 07:29:13.200576 localhost kernel:         Rude variant of Tasks RCU enabled.
May 28 07:29:13.200583 localhost kernel:         Tracing variant of Tasks RCU enabled.
May 28 07:29:13.200588 localhost kernel: rcu: RCU calculated value of scheduler-enlistment delay is 30 jiffies.
May 28 07:29:13.200593 localhost kernel: rcu: Adjusting geometry for rcu_fanout_leaf=16, nr_cpu_ids=1
May 28 07:29:13.200598 localhost kernel: RCU Tasks: Setting shift to 0 and lim to 1 rcu_task_cb_adjust=1.
May 28 07:29:13.200604 localhost kernel: RCU Tasks Rude: Setting shift to 0 and lim to 1 rcu_task_cb_adjust=1.
May 28 07:29:13.200609 localhost kernel: RCU Tasks Trace: Setting shift to 0 and lim to 1 rcu_task_cb_adjust=1.
May 28 07:29:13.200614 localhost kernel: NR_IRQS: 524544, nr_irqs: 256, preallocated irqs: 16
May 28 07:29:13.200619 localhost kernel: rcu: srcu_init: Setting srcu_struct sizes based on contention.
May 28 07:29:13.200624 localhost kernel: Console: colour dummy device 80x25
May 28 07:29:13.200634 localhost kernel: printk: legacy console [tty0] enabled
May 28 07:29:13.200639 localhost kernel: printk: legacy console [ttyS0] enabled
May 28 07:29:13.200644 localhost kernel: ACPI: Core revision 20230628
May 28 07:29:13.200649 localhost kernel: clocksource: hpet: mask: 0xffffffff max_cycles: 0xffffffff, max_idle_ns: 19112604467 ns
May 28 07:29:13.200656 localhost kernel: APIC: Switch to symmetric I/O mode setup
May 28 07:29:13.200661 localhost kernel: x2apic enabled
May 28 07:29:13.200666 localhost kernel: APIC: Switched APIC routing to: physical x2apic
May 28 07:29:13.200671 localhost kernel: ..TIMER: vector=0x30 apic1=0 pin1=2 apic2=-1 pin2=-1
May 28 07:29:13.200677 localhost kernel: clocksource: tsc-early: mask: 0xffffffffffffffff max_cycles: 0x1fb63109b96, max_idle_ns: 440795265316 ns
May 28 07:29:13.200682 localhost kernel: Calibrating delay loop (skipped) preset value.. 4401.32 BogoMIPS (lpj=7333326)
May 28 07:29:13.200687 localhost kernel: x86/cpu: User Mode Instruction Prevention (UMIP) activated
May 28 07:29:13.200692 localhost kernel: Last level iTLB entries: 4KB 512, 2MB 255, 4MB 127
May 28 07:29:13.200697 localhost kernel: Last level dTLB entries: 4KB 512, 2MB 255, 4MB 127, 1GB 0
May 28 07:29:13.200704 localhost kernel: Spectre V1 : Mitigation: usercopy/swapgs barriers and __user pointer sanitization
May 28 07:29:13.200709 localhost kernel: Spectre V2 : Mitigation: Retpolines
May 28 07:29:13.200714 localhost kernel: Spectre V2 : Spectre v2 / SpectreRSB mitigation: Filling RSB on context switch
May 28 07:29:13.200719 localhost kernel: Spectre V2 : Spectre v2 / SpectreRSB : Filling RSB on VMEXIT
May 28 07:29:13.200724 localhost kernel: Spectre V2 : Enabling Restricted Speculation for firmware calls
May 28 07:29:13.200730 localhost kernel: Spectre V2 : mitigation: Enabling conditional Indirect Branch Prediction Barrier
May 28 07:29:13.200735 localhost kernel: Speculative Store Bypass: Mitigation: Speculative Store Bypass disabled via prctl
May 28 07:29:13.200740 localhost kernel: Speculative Return Stack Overflow: IBPB-extending microcode not applied!
May 28 07:29:13.200745 localhost kernel: Speculative Return Stack Overflow: WARNING: See https://kernel.org/doc/html/latest/admin-guide/hw-vuln/srso.html for mitigation options.
May 28 07:29:13.200751 localhost kernel: Speculative Return Stack Overflow: Vulnerable: Safe RET, no microcode
May 28 07:29:13.200756 localhost kernel: x86/fpu: Supporting XSAVE feature 0x001: 'x87 floating point registers'
May 28 07:29:13.200763 localhost kernel: x86/fpu: Supporting XSAVE feature 0x002: 'SSE registers'
May 28 07:29:13.200768 localhost kernel: x86/fpu: Supporting XSAVE feature 0x004: 'AVX registers'
May 28 07:29:13.200773 localhost kernel: x86/fpu: Supporting XSAVE feature 0x200: 'Protection Keys User registers'
May 28 07:29:13.200778 localhost kernel: x86/fpu: xstate_offset[2]:  576, xstate_sizes[2]:  256
May 28 07:29:13.200783 localhost kernel: x86/fpu: xstate_offset[9]:  832, xstate_sizes[9]:    8
May 28 07:29:13.200789 localhost kernel: x86/fpu: Enabled xstate features 0x207, context size is 840 bytes, using 'compacted' format.
May 28 07:29:13.200794 localhost kernel: Freeing SMP alternatives memory: 40K
May 28 07:29:13.200799 localhost kernel: pid_max: default: 32768 minimum: 301
May 28 07:29:13.200804 localhost kernel: LSM: initializing lsm=lockdown,capability,landlock,yama,selinux,bpf,ima,evm
May 28 07:29:13.200809 localhost kernel: landlock: Up and running.
May 28 07:29:13.200814 localhost kernel: Yama: becoming mindful.
May 28 07:29:13.200819 localhost kernel: SELinux:  Initializing.
May 28 07:29:13.200826 localhost kernel: LSM support for eBPF active
May 28 07:29:13.200831 localhost kernel: Mount-cache hash table entries: 2048 (order: 2, 16384 bytes, linear)
May 28 07:29:13.200836 localhost kernel: Mountpoint-cache hash table entries: 2048 (order: 2, 16384 bytes, linear)
May 28 07:29:13.200841 localhost kernel: smpboot: CPU0: AMD EPYC 7773X 64-Core Processor (family: 0x19, model: 0x1, stepping: 0x2)
May 28 07:29:13.200846 localhost kernel: Performance Events: Fam17h+ core perfctr, AMD PMU driver.
May 28 07:29:13.200851 localhost kernel: ... version:                0
May 28 07:29:13.200856 localhost kernel: ... bit width:              48
May 28 07:29:13.200861 localhost kernel: ... generic registers:      6
May 28 07:29:13.200866 localhost kernel: ... value mask:             0000ffffffffffff
May 28 07:29:13.200871 localhost kernel: ... max period:             00007fffffffffff
May 28 07:29:13.200876 localhost kernel: ... fixed-purpose events:   0
May 28 07:29:13.200882 localhost kernel: ... event mask:             000000000000003f
May 28 07:29:13.200888 localhost kernel: signal: max sigframe size: 3376
May 28 07:29:13.200894 localhost kernel: rcu: Hierarchical SRCU implementation.
May 28 07:29:13.200899 localhost kernel: rcu:         Max phase no-delay instances is 1000.
May 28 07:29:13.200904 localhost kernel: smp: Bringing up secondary CPUs ...
May 28 07:29:13.200909 localhost kernel: smp: Brought up 1 node, 1 CPU
May 28 07:29:13.200914 localhost kernel: smpboot: Total of 1 processors activated (4401.32 BogoMIPS)
May 28 07:29:13.200919 localhost kernel: node 0 deferred pages initialised in 4ms
May 28 07:29:13.200924 localhost kernel: devtmpfs: initialized
May 28 07:29:13.200929 localhost kernel: x86/mm: Memory block size: 128MB
May 28 07:29:13.200934 localhost kernel: clocksource: jiffies: mask: 0xffffffff max_cycles: 0xffffffff, max_idle_ns: 6370867519511994 ns
May 28 07:29:13.200939 localhost kernel: futex hash table entries: 256 (order: 2, 16384 bytes, linear)
May 28 07:29:13.200944 localhost kernel: pinctrl core: initialized pinctrl subsystem
May 28 07:29:13.200949 localhost kernel: PM: RTC time: 07:29:10, date: 2024-05-28
May 28 07:29:13.200956 localhost kernel: NET: Registered PF_NETLINK/PF_ROUTE protocol family
May 28 07:29:13.200961 localhost kernel: DMA: preallocated 128 KiB GFP_KERNEL pool for atomic allocations
May 28 07:29:13.200966 localhost kernel: DMA: preallocated 128 KiB GFP_KERNEL|GFP_DMA pool for atomic allocations
May 28 07:29:13.200972 localhost kernel: DMA: preallocated 128 KiB GFP_KERNEL|GFP_DMA32 pool for atomic allocations
May 28 07:29:13.200977 localhost kernel: audit: initializing netlink subsys (disabled)
May 28 07:29:13.200982 localhost kernel: audit: type=2000 audit(1716881351.844:1): state=initialized audit_enabled=0 res=1
May 28 07:29:13.200987 localhost kernel: thermal_sys: Registered thermal governor 'fair_share'
May 28 07:29:13.200992 localhost kernel: thermal_sys: Registered thermal governor 'bang_bang'
May 28 07:29:13.200997 localhost kernel: thermal_sys: Registered thermal governor 'step_wise'
May 28 07:29:13.201002 localhost kernel: thermal_sys: Registered thermal governor 'user_space'
May 28 07:29:13.201007 localhost kernel: cpuidle: using governor ladder
May 28 07:29:13.201014 localhost kernel: cpuidle: using governor menu
May 28 07:29:13.201019 localhost kernel: acpiphp: ACPI Hot Plug PCI Controller Driver version: 0.5
May 28 07:29:13.201024 localhost kernel: PCI: Using configuration type 1 for base access
May 28 07:29:13.201029 localhost kernel: PCI: Using configuration type 1 for extended access
May 28 07:29:13.201034 localhost kernel: kprobes: kprobe jump-optimization is enabled. All kprobes are optimized if possible.
May 28 07:29:13.201040 localhost kernel: HugeTLB: registered 1.00 GiB page size, pre-allocated 0 pages
May 28 07:29:13.201045 localhost kernel: HugeTLB: 16380 KiB vmemmap can be freed for a 1.00 GiB page
May 28 07:29:13.201050 localhost kernel: HugeTLB: registered 2.00 MiB page size, pre-allocated 0 pages
May 28 07:29:13.201055 localhost kernel: HugeTLB: 28 KiB vmemmap can be freed for a 2.00 MiB page
May 28 07:29:13.201060 localhost kernel: Demotion targets for Node 0: null
May 28 07:29:13.201065 localhost kernel: ACPI: Added _OSI(Module Device)
May 28 07:29:13.201070 localhost kernel: ACPI: Added _OSI(Processor Device)
May 28 07:29:13.201077 localhost kernel: ACPI: Added _OSI(3.0 _SCP Extensions)
May 28 07:29:13.201082 localhost kernel: ACPI: Added _OSI(Processor Aggregator Device)
May 28 07:29:13.201087 localhost kernel: ACPI: 1 ACPI AML tables successfully acquired and loaded
May 28 07:29:13.201092 localhost kernel: ACPI: _OSC evaluation for CPUs failed, trying _PDC
May 28 07:29:13.201097 localhost kernel: ACPI: Interpreter enabled
May 28 07:29:13.201102 localhost kernel: ACPI: PM: (supports S0 S3 S4 S5)
May 28 07:29:13.201107 localhost kernel: ACPI: Using IOAPIC for interrupt routing
May 28 07:29:13.201112 localhost kernel: PCI: Using host bridge windows from ACPI; if necessary, use "pci=nocrs" and report a bug
May 28 07:29:13.201117 localhost kernel: PCI: Using E820 reservations for host bridge windows
May 28 07:29:13.201122 localhost kernel: ACPI: Enabled 2 GPEs in block 00 to 0F
May 28 07:29:13.201127 localhost kernel: ACPI: PCI Root Bridge [PCI0] (domain 0000 [bus 00-ff])
May 28 07:29:13.205210 localhost kernel: acpi PNP0A03:00: _OSC: OS supports [ExtendedConfig ASPM ClockPM Segments MSI EDR HPX-Type3]
May 28 07:29:13.205229 localhost kernel: acpiphp: Slot [3] registered
May 28 07:29:13.205235 localhost kernel: acpiphp: Slot [4] registered
May 28 07:29:13.205240 localhost kernel: acpiphp: Slot [5] registered
May 28 07:29:13.205245 localhost kernel: acpiphp: Slot [6] registered
May 28 07:29:13.205251 localhost kernel: acpiphp: Slot [7] registered
May 28 07:29:13.205256 localhost kernel: acpiphp: Slot [8] registered
May 28 07:29:13.205261 localhost kernel: acpiphp: Slot [9] registered
May 28 07:29:13.205266 localhost kernel: acpiphp: Slot [10] registered
May 28 07:29:13.205271 localhost kernel: acpiphp: Slot [11] registered
May 28 07:29:13.205276 localhost kernel: acpiphp: Slot [12] registered
May 28 07:29:13.205282 localhost kernel: acpiphp: Slot [13] registered
May 28 07:29:13.205288 localhost kernel: acpiphp: Slot [14] registered
May 28 07:29:13.205293 localhost kernel: acpiphp: Slot [15] registered
May 28 07:29:13.205298 localhost kernel: acpiphp: Slot [16] registered
May 28 07:29:13.205302 localhost kernel: acpiphp: Slot [17] registered
May 28 07:29:13.205307 localhost kernel: acpiphp: Slot [18] registered
May 28 07:29:13.205313 localhost kernel: acpiphp: Slot [19] registered
May 28 07:29:13.205318 localhost kernel: acpiphp: Slot [20] registered
May 28 07:29:13.205323 localhost kernel: acpiphp: Slot [21] registered
May 28 07:29:13.205328 localhost kernel: acpiphp: Slot [22] registered
May 28 07:29:13.205332 localhost kernel: acpiphp: Slot [23] registered
May 28 07:29:13.205338 localhost kernel: acpiphp: Slot [24] registered
May 28 07:29:13.205343 localhost kernel: acpiphp: Slot [25] registered
May 28 07:29:13.205349 localhost kernel: acpiphp: Slot [26] registered
May 28 07:29:13.205355 localhost kernel: acpiphp: Slot [27] registered
May 28 07:29:13.205360 localhost kernel: acpiphp: Slot [28] registered
May 28 07:29:13.205365 localhost kernel: acpiphp: Slot [29] registered
May 28 07:29:13.205370 localhost kernel: acpiphp: Slot [30] registered
May 28 07:29:13.205375 localhost kernel: acpiphp: Slot [31] registered
May 28 07:29:13.205380 localhost kernel: PCI host bridge to bus 0000:00
May 28 07:29:13.205532 localhost kernel: pci_bus 0000:00: root bus resource [io  0x0000-0x0cf7 window]
May 28 07:29:13.205640 localhost kernel: pci_bus 0000:00: root bus resource [io  0x0d00-0xffff window]
May 28 07:29:13.205741 localhost kernel: pci_bus 0000:00: root bus resource [mem 0x000a0000-0x000bffff window]
May 28 07:29:13.205843 localhost kernel: pci_bus 0000:00: root bus resource [mem 0x40000000-0xfebfffff window]
May 28 07:29:13.205948 localhost kernel: pci_bus 0000:00: root bus resource [mem 0x100000000-0x17fffffff window]
May 28 07:29:13.206048 localhost kernel: pci_bus 0000:00: root bus resource [bus 00-ff]
May 28 07:29:13.206176 localhost kernel: pci 0000:00:00.0: [8086:1237] type 00 class 0x060000 conventional PCI endpoint
May 28 07:29:13.206297 localhost kernel: pci 0000:00:01.0: [8086:7000] type 00 class 0x060100 conventional PCI endpoint
May 28 07:29:13.206416 localhost kernel: pci 0000:00:01.1: [8086:7010] type 00 class 0x010180 conventional PCI endpoint
May 28 07:29:13.206526 localhost kernel: pci 0000:00:01.1: BAR 4 [io  0xc1c0-0xc1cf]
May 28 07:29:13.206638 localhost kernel: pci 0000:00:01.1: BAR 0 [io  0x01f0-0x01f7]: legacy IDE quirk
May 28 07:29:13.206747 localhost kernel: pci 0000:00:01.1: BAR 1 [io  0x03f6]: legacy IDE quirk
May 28 07:29:13.206860 localhost kernel: pci 0000:00:01.1: BAR 2 [io  0x0170-0x0177]: legacy IDE quirk
May 28 07:29:13.206970 localhost kernel: pci 0000:00:01.1: BAR 3 [io  0x0376]: legacy IDE quirk
May 28 07:29:13.207087 localhost kernel: pci 0000:00:01.3: [8086:7113] type 00 class 0x068000 conventional PCI endpoint
May 28 07:29:13.207196 localhost kernel: pci 0000:00:01.3: quirk: [io  0x0600-0x063f] claimed by PIIX4 ACPI
May 28 07:29:13.207303 localhost kernel: pci 0000:00:01.3: quirk: [io  0x0700-0x070f] claimed by PIIX4 SMB
May 28 07:29:13.207420 localhost kernel: pci 0000:00:02.0: [1234:1111] type 00 class 0x030000 conventional PCI endpoint
May 28 07:29:13.207530 localhost kernel: pci 0000:00:02.0: BAR 0 [mem 0xfd000000-0xfdffffff pref]
May 28 07:29:13.207640 localhost kernel: pci 0000:00:02.0: BAR 2 [mem 0xfebd8000-0xfebd8fff]
May 28 07:29:13.207749 localhost kernel: pci 0000:00:02.0: ROM [mem 0xfebc0000-0xfebcffff pref]
May 28 07:29:13.214756 localhost kernel: pci 0000:00:02.0: Video device with shadowed ROM at [mem 0x000c0000-0x000dffff]
May 28 07:29:13.214894 localhost kernel: pci 0000:00:03.0: [8086:2668] type 00 class 0x040300 conventional PCI endpoint
May 28 07:29:13.215009 localhost kernel: pci 0000:00:03.0: BAR 0 [mem 0xfebd0000-0xfebd3fff]
May 28 07:29:13.215131 localhost kernel: pci 0000:00:04.0: [1af4:1000] type 00 class 0x020000 conventional PCI endpoint
May 28 07:29:13.215242 localhost kernel: pci 0000:00:04.0: BAR 0 [io  0xc180-0xc19f]
May 28 07:29:13.215351 localhost kernel: pci 0000:00:04.0: BAR 1 [mem 0xfebd9000-0xfebd9fff]
May 28 07:29:13.215462 localhost kernel: pci 0000:00:04.0: BAR 4 [mem 0xfe000000-0xfe003fff 64bit pref]
May 28 07:29:13.215570 localhost kernel: pci 0000:00:04.0: ROM [mem 0xfeb80000-0xfebbffff pref]
May 28 07:29:13.215692 localhost kernel: pci 0000:00:05.0: [1af4:1005] type 00 class 0x00ff00 conventional PCI endpoint
May 28 07:29:13.215810 localhost kernel: pci 0000:00:05.0: BAR 0 [io  0xc1a0-0xc1bf]
May 28 07:29:13.215921 localhost kernel: pci 0000:00:05.0: BAR 4 [mem 0xfe004000-0xfe007fff 64bit pref]
May 28 07:29:13.216044 localhost kernel: pci 0000:00:06.0: [1b36:000d] type 00 class 0x0c0330 conventional PCI endpoint
May 28 07:29:13.216153 localhost kernel: pci 0000:00:06.0: BAR 0 [mem 0xfebd4000-0xfebd7fff 64bit]
May 28 07:29:13.216271 localhost kernel: pci 0000:00:07.0: [1af4:1003] type 00 class 0x078000 conventional PCI endpoint
May 28 07:29:13.216379 localhost kernel: pci 0000:00:07.0: BAR 0 [io  0xc100-0xc13f]
May 28 07:29:13.216501 localhost kernel: pci 0000:00:07.0: BAR 1 [mem 0xfebda000-0xfebdafff]
May 28 07:29:13.216612 localhost kernel: pci 0000:00:07.0: BAR 4 [mem 0xfe008000-0xfe00bfff 64bit pref]
May 28 07:29:13.216737 localhost kernel: pci 0000:00:08.0: [1af4:1004] type 00 class 0x010000 conventional PCI endpoint
May 28 07:29:13.216845 localhost kernel: pci 0000:00:08.0: BAR 0 [io  0xc140-0xc17f]
May 28 07:29:13.216955 localhost kernel: pci 0000:00:08.0: BAR 1 [mem 0xfebdb000-0xfebdbfff]
May 28 07:29:13.217064 localhost kernel: pci 0000:00:08.0: BAR 4 [mem 0xfe00c000-0xfe00ffff 64bit pref]
May 28 07:29:13.217181 localhost kernel: pci 0000:00:09.0: [1af4:1001] type 00 class 0x010000 conventional PCI endpoint
May 28 07:29:13.217291 localhost kernel: pci 0000:00:09.0: BAR 0 [io  0xc000-0xc07f]
May 28 07:29:13.217421 localhost kernel: pci 0000:00:09.0: BAR 1 [mem 0xfebdc000-0xfebdcfff]
May 28 07:29:13.217535 localhost kernel: pci 0000:00:09.0: BAR 4 [mem 0xfe010000-0xfe013fff 64bit pref]
May 28 07:29:13.217659 localhost kernel: pci 0000:00:0a.0: [1af4:1001] type 00 class 0x010000 conventional PCI endpoint
May 28 07:29:13.217774 localhost kernel: pci 0000:00:0a.0: BAR 0 [io  0xc080-0xc0ff]
May 28 07:29:13.222847 localhost kernel: pci 0000:00:0a.0: BAR 1 [mem 0xfebdd000-0xfebddfff]
May 28 07:29:13.222972 localhost kernel: pci 0000:00:0a.0: BAR 4 [mem 0xfe014000-0xfe017fff 64bit pref]
May 28 07:29:13.222982 localhost kernel: ACPI: PCI: Interrupt link LNKA configured for IRQ 10
May 28 07:29:13.222988 localhost kernel: ACPI: PCI: Interrupt link LNKB configured for IRQ 10
May 28 07:29:13.222993 localhost kernel: ACPI: PCI: Interrupt link LNKC configured for IRQ 11
May 28 07:29:13.222998 localhost kernel: ACPI: PCI: Interrupt link LNKD configured for IRQ 11
May 28 07:29:13.223004 localhost kernel: ACPI: PCI: Interrupt link LNKS configured for IRQ 9
May 28 07:29:13.223009 localhost kernel: iommu: Default domain type: Passthrough
May 28 07:29:13.223014 localhost kernel: pps_core: LinuxPPS API ver. 1 registered
May 28 07:29:13.223023 localhost kernel: pps_core: Software ver. 5.3.6 - Copyright 2005-2007 Rodolfo Giometti <giometti@linux.it>
May 28 07:29:13.223029 localhost kernel: PTP clock support registered
May 28 07:29:13.223034 localhost kernel: EDAC MC: Ver: 3.0.0
May 28 07:29:13.223039 localhost kernel: NetLabel: Initializing
May 28 07:29:13.223044 localhost kernel: NetLabel:  domain hash size = 128
May 28 07:29:13.223049 localhost kernel: NetLabel:  protocols = UNLABELED CIPSOv4 CALIPSO
May 28 07:29:13.223055 localhost kernel: NetLabel:  unlabeled traffic allowed by default
May 28 07:29:13.223060 localhost kernel: mctp: management component transport protocol core
May 28 07:29:13.223065 localhost kernel: NET: Registered PF_MCTP protocol family
May 28 07:29:13.223070 localhost kernel: PCI: Using ACPI for IRQ routing
May 28 07:29:13.223075 localhost kernel: PCI: pci_cache_line_size set to 64 bytes
May 28 07:29:13.223080 localhost kernel: e820: reserve RAM buffer [mem 0x0009fc00-0x0009ffff]
May 28 07:29:13.223088 localhost kernel: e820: reserve RAM buffer [mem 0x3ffd9000-0x3fffffff]
May 28 07:29:13.223200 localhost kernel: pci 0000:00:02.0: vgaarb: setting as boot VGA device
May 28 07:29:13.223312 localhost kernel: pci 0000:00:02.0: vgaarb: bridge control possible
May 28 07:29:13.223420 localhost kernel: pci 0000:00:02.0: vgaarb: VGA device added: decodes=io+mem,owns=io+mem,locks=none
May 28 07:29:13.223428 localhost kernel: vgaarb: loaded
May 28 07:29:13.223434 localhost kernel: hpet0: at MMIO 0xfed00000, IRQs 2, 8, 0
May 28 07:29:13.223439 localhost kernel: hpet0: 3 comparators, 64-bit 100.000000 MHz counter
May 28 07:29:13.223444 localhost kernel: clocksource: Switched to clocksource kvm-clock
May 28 07:29:13.223450 localhost kernel: VFS: Disk quotas dquot_6.6.0
May 28 07:29:13.223455 localhost kernel: VFS: Dquot-cache hash table entries: 512 (order 0, 4096 bytes)
May 28 07:29:13.223460 localhost kernel: pnp: PnP ACPI init
May 28 07:29:13.223583 localhost kernel: pnp 00:02: [dma 2]
May 28 07:29:13.223595 localhost kernel: pnp: PnP ACPI: found 6 devices
May 28 07:29:13.223601 localhost kernel: clocksource: acpi_pm: mask: 0xffffff max_cycles: 0xffffff, max_idle_ns: 2085701024 ns
May 28 07:29:13.223606 localhost kernel: NET: Registered PF_INET protocol family
May 28 07:29:13.223611 localhost kernel: IP idents hash table entries: 16384 (order: 5, 131072 bytes, linear)
May 28 07:29:13.223616 localhost kernel: tcp_listen_portaddr_hash hash table entries: 512 (order: 1, 8192 bytes, linear)
May 28 07:29:13.223622 localhost kernel: Table-perturb hash table entries: 65536 (order: 6, 262144 bytes, linear)
May 28 07:29:13.223627 localhost kernel: TCP established hash table entries: 8192 (order: 4, 65536 bytes, linear)
May 28 07:29:13.223632 localhost kernel: TCP bind hash table entries: 8192 (order: 6, 262144 bytes, linear)
May 28 07:29:13.223637 localhost kernel: TCP: Hash tables configured (established 8192 bind 8192)
May 28 07:29:13.223642 localhost kernel: MPTCP token hash table entries: 1024 (order: 2, 24576 bytes, linear)
May 28 07:29:13.223649 localhost kernel: UDP hash table entries: 512 (order: 2, 16384 bytes, linear)
May 28 07:29:13.223654 localhost kernel: UDP-Lite hash table entries: 512 (order: 2, 16384 bytes, linear)
May 28 07:29:13.223659 localhost kernel: NET: Registered PF_UNIX/PF_LOCAL protocol family
May 28 07:29:13.223665 localhost kernel: NET: Registered PF_XDP protocol family
May 28 07:29:13.223767 localhost kernel: pci_bus 0000:00: resource 4 [io  0x0000-0x0cf7 window]
May 28 07:29:13.223868 localhost kernel: pci_bus 0000:00: resource 5 [io  0x0d00-0xffff window]
May 28 07:29:13.223967 localhost kernel: pci_bus 0000:00: resource 6 [mem 0x000a0000-0x000bffff window]
May 28 07:29:13.224066 localhost kernel: pci_bus 0000:00: resource 7 [mem 0x40000000-0xfebfffff window]
May 28 07:29:13.224165 localhost kernel: pci_bus 0000:00: resource 8 [mem 0x100000000-0x17fffffff window]
May 28 07:29:13.224275 localhost kernel: pci 0000:00:01.0: PIIX3: Enabling Passive Release
May 28 07:29:13.224385 localhost kernel: pci 0000:00:00.0: Limiting direct PCI/PCI transfers
May 28 07:29:13.227855 localhost kernel: ACPI: \_SB_.LNKB: Enabled at IRQ 10
May 28 07:29:13.227987 localhost kernel: pci 0000:00:06.0: quirk_usb_early_handoff+0x0/0x710 took 76367 usecs
May 28 07:29:13.227996 localhost kernel: PCI: CLS 0 bytes, default 64
May 28 07:29:13.228002 localhost kernel: clocksource: tsc: mask: 0xffffffffffffffff max_cycles: 0x1fb63109b96, max_idle_ns: 440795265316 ns
May 28 07:29:13.228007 localhost kernel: Initialise system trusted keyrings
May 28 07:29:13.228012 localhost kernel: Key type blacklist registered
May 28 07:29:13.228028 localhost kernel: workingset: timestamp_bits=36 max_order=18 bucket_order=0
May 28 07:29:13.228035 localhost kernel: zbud: loaded
May 28 07:29:13.228040 localhost kernel: Trying to unpack rootfs image as initramfs...
May 28 07:29:13.228046 localhost kernel: integrity: Platform Keyring initialized
May 28 07:29:13.228051 localhost kernel: integrity: Machine keyring initialized
May 28 07:29:13.228056 localhost kernel: Key type asymmetric registered
May 28 07:29:13.228061 localhost kernel: Asymmetric key parser 'x509' registered
May 28 07:29:13.228067 localhost kernel: Freeing initrd memory: 100008K
May 28 07:29:13.228072 localhost kernel: Block layer SCSI generic (bsg) driver version 0.4 loaded (major 247)
May 28 07:29:13.228077 localhost kernel: io scheduler mq-deadline registered
May 28 07:29:13.228082 localhost kernel: io scheduler kyber registered
May 28 07:29:13.228089 localhost kernel: io scheduler bfq registered
May 28 07:29:13.228094 localhost kernel: shpchp: Standard Hot Plug PCI Controller Driver version: 0.4
May 28 07:29:13.228099 localhost kernel: ACPI: \_SB_.LNKD: Enabled at IRQ 11
May 28 07:29:13.228104 localhost kernel: ACPI: \_SB_.LNKA: Enabled at IRQ 10
May 28 07:29:13.228110 localhost kernel: ACPI: \_SB_.LNKC: Enabled at IRQ 11
May 28 07:29:13.228115 localhost kernel: Serial: 8250/16550 driver, 32 ports, IRQ sharing enabled
May 28 07:29:13.228120 localhost kernel: 00:04: ttyS0 at I/O 0x3f8 (irq = 4, base_baud = 115200) is a 16550A
May 28 07:29:13.228125 localhost kernel: Non-volatile memory driver v1.3
May 28 07:29:13.228131 localhost kernel: Linux agpgart interface v0.103
May 28 07:29:13.228136 localhost kernel: ACPI: bus type drm_connector registered
May 28 07:29:13.228141 localhost kernel: i8042: PNP: PS/2 Controller [PNP0303:KBD,PNP0f13:MOU] at 0x60,0x64 irq 1,12
May 28 07:29:13.228146 localhost kernel: serio: i8042 KBD port at 0x60,0x64 irq 1
May 28 07:29:13.228153 localhost kernel: serio: i8042 AUX port at 0x60,0x64 irq 12
May 28 07:29:13.228158 localhost kernel: mousedev: PS/2 mouse device common for all mice
May 28 07:29:13.228164 localhost kernel: input: AT Translated Set 2 keyboard as /devices/platform/i8042/serio0/input/input0
May 28 07:29:13.228169 localhost kernel: input: VirtualPS/2 VMware VMMouse as /devices/platform/i8042/serio1/input/input3
May 28 07:29:13.228293 localhost kernel: rtc_cmos 00:05: RTC can wake from S4
May 28 07:29:13.228302 localhost kernel: input: VirtualPS/2 VMware VMMouse as /devices/platform/i8042/serio1/input/input2
May 28 07:29:13.228404 localhost kernel: rtc_cmos 00:05: registered as rtc0
May 28 07:29:13.228507 localhost kernel: rtc_cmos 00:05: setting system clock to 2024-05-28T07:29:12 UTC (1716881352)
May 28 07:29:13.228608 localhost kernel: rtc_cmos 00:05: alarms up to one day, y3k, 242 bytes nvram, hpet irqs
May 28 07:29:13.228633 localhost kernel: amd_pstate: the _CPC object is not present in SBIOS or ACPI disabled
May 28 07:29:13.228638 localhost kernel: ledtrig-cpu: registered to indicate activity on CPUs
May 28 07:29:13.228644 localhost kernel: [drm] Initialized simpledrm 1.0.0 20200625 for simple-framebuffer.0 on minor 0
May 28 07:29:13.228649 localhost kernel: Console: switching to colour frame buffer device 100x37
May 28 07:29:13.228774 localhost kernel: simple-framebuffer simple-framebuffer.0: [drm] fb0: simpledrmdrmfb frame buffer device
May 28 07:29:13.228787 localhost kernel: hid: raw HID events driver (C) Jiri Kosina
May 28 07:29:13.228792 localhost kernel: drop_monitor: Initializing network drop monitor service
May 28 07:29:13.228798 localhost kernel: NET: Registered PF_INET6 protocol family
May 28 07:29:13.228803 localhost kernel: Segment Routing with IPv6
May 28 07:29:13.228808 localhost kernel: RPL Segment Routing with IPv6
May 28 07:29:13.228813 localhost kernel: In-situ OAM (IOAM) with IPv6
May 28 07:29:13.228819 localhost kernel: IPI shorthand broadcast: enabled
May 28 07:29:13.228824 localhost kernel: sched_clock: Marking stable (1110003852, -977212)->(1197968695, -88942055)
May 28 07:29:13.228829 localhost kernel: registered taskstats version 1
May 28 07:29:13.228834 localhost kernel: Loading compiled-in X.509 certificates
May 28 07:29:13.228839 localhost kernel: Loaded X.509 cert 'openSUSE Secure Boot Signkey: fd9f2c12e599d67cc7f9067541adf426b712469e'
May 28 07:29:13.228846 localhost kernel: page_owner is disabled
May 28 07:29:13.228851 localhost kernel: Key type .fscrypt registered
May 28 07:29:13.228857 localhost kernel: Key type fscrypt-provisioning registered
May 28 07:29:13.228862 localhost kernel: Key type encrypted registered
May 28 07:29:13.228867 localhost kernel: ima: No TPM chip found, activating TPM-bypass!
May 28 07:29:13.228872 localhost kernel: Loading compiled-in module X.509 certificates
May 28 07:29:13.228877 localhost kernel: Loaded X.509 cert 'openSUSE Secure Boot Signkey: fd9f2c12e599d67cc7f9067541adf426b712469e'
May 28 07:29:13.228882 localhost kernel: ima: Allocated hash algorithm: sha256
May 28 07:29:13.228887 localhost kernel: ima: No architecture policies found
May 28 07:29:13.228892 localhost kernel: evm: Initialising EVM extended attributes:
May 28 07:29:13.228898 localhost kernel: evm: security.selinux
May 28 07:29:13.228903 localhost kernel: evm: security.SMACK64 (disabled)
May 28 07:29:13.228910 localhost kernel: evm: security.SMACK64EXEC (disabled)
May 28 07:29:13.228915 localhost kernel: evm: security.SMACK64TRANSMUTE (disabled)
May 28 07:29:13.228920 localhost kernel: evm: security.SMACK64MMAP (disabled)
May 28 07:29:13.228925 localhost kernel: evm: security.apparmor
May 28 07:29:13.228930 localhost kernel: evm: security.ima
May 28 07:29:13.228935 localhost kernel: evm: security.capability
May 28 07:29:13.228940 localhost kernel: evm: HMAC attrs: 0x1
May 28 07:29:13.228945 localhost kernel: PM:   Magic number: 8:764:471
May 28 07:29:13.228951 localhost kernel: RAS: Correctable Errors collector initialized.
May 28 07:29:13.228956 localhost kernel: clk: Disabling unused clocks
May 28 07:29:13.228961 localhost kernel: PM: genpd: Disabling unused power domains
May 28 07:29:13.228966 localhost kernel: Freeing unused decrypted memory: 2028K
May 28 07:29:13.228971 localhost kernel: Freeing unused kernel image (initmem) memory: 4224K
May 28 07:29:13.228978 localhost kernel: Write protecting the kernel read-only data: 30720k
May 28 07:29:13.228983 localhost kernel: Freeing unused kernel image (rodata/data gap) memory: 1316K
May 28 07:29:13.228988 localhost kernel: Run /init as init process
May 28 07:29:13.228993 localhost kernel:   with arguments:
May 28 07:29:13.228998 localhost kernel:     /init
May 28 07:29:13.229003 localhost kernel:   with environment:
May 28 07:29:13.229008 localhost kernel:     HOME=/
May 28 07:29:13.229013 localhost kernel:     TERM=linux
May 28 07:29:13.229019 localhost kernel:     BOOT_IMAGE=/boot/vmlinuz-6.9.1-1-default
May 28 07:29:13.229026 localhost systemd[1]: systemd 255.6+suse.30.g3ea0e1dff3 running in system mode (+PAM +AUDIT +SELINUX +APPARMOR +IMA -SMACK +SECCOMP +GCRYPT +GNUTLS +OPENSSL +ACL +BLKID +CURL +ELFUTILS +FIDO2 +IDN2 -IDN +IPTC +KMOD +LIBCRYPTSETUP +LIBFDISK +PCRE2 +PWQUALITY +P11KIT +QRENCODE +TPM2 +BZIP2 +LZ4 +XZ +ZLIB +ZSTD +BPF_FRAMEWORK -XKBCOMMON -UTMP +SYSVINIT default-hierarchy=unified)
May 28 07:29:13.229035 localhost systemd[1]: Detected virtualization kvm.
May 28 07:29:13.229041 localhost systemd[1]: Detected architecture x86-64.
May 28 07:29:13.229047 localhost systemd[1]: Running in initrd.
May 28 07:29:13.229052 localhost systemd[1]: No hostname configured, using default hostname.
May 28 07:29:13.229058 localhost systemd[1]: Hostname set to <localhost>.
May 28 07:29:13.229064 localhost systemd[1]: Initializing machine ID from random generator.
May 28 07:29:13.229069 localhost systemd[1]: bpf-lsm: LSM BPF program attached
May 28 07:29:13.229075 localhost systemd[1]: Queued start job for default target Initrd Default Target.
May 28 07:29:13.229081 localhost systemd[1]: Started Dispatch Password Requests to Console Directory Watch.
May 28 07:29:13.229086 localhost systemd[1]: Expecting device /dev/disk/by-uuid/8bc5a620-43f2-4cb4-bc93-ae33026e601c...
May 28 07:29:13.229094 localhost systemd[1]: Reached target Local Encrypted Volumes.
May 28 07:29:13.229099 localhost systemd[1]: Reached target Initrd /usr File System.
May 28 07:29:13.229105 localhost systemd[1]: Reached target Path Units.
May 28 07:29:13.229111 localhost systemd[1]: Reached target Slice Units.
May 28 07:29:13.229116 localhost systemd[1]: Reached target Swaps.
May 28 07:29:13.229122 localhost systemd[1]: Reached target Timer Units.
May 28 07:29:13.229127 localhost systemd[1]: Listening on D-Bus System Message Bus Socket.
May 28 07:29:13.229133 localhost systemd[1]: Listening on Journal Socket (/dev/log).
May 28 07:29:13.229138 localhost systemd[1]: Listening on Journal Socket.
May 28 07:29:13.229144 localhost systemd[1]: Listening on udev Control Socket.
May 28 07:29:13.229149 localhost systemd[1]: Listening on udev Kernel Socket.
May 28 07:29:13.229157 localhost systemd[1]: Reached target Socket Units.
May 28 07:29:13.229162 localhost systemd[1]: Starting Create List of Static Device Nodes...
May 28 07:29:13.229168 localhost systemd[1]: Starting Journal Service...
May 28 07:29:13.229173 localhost systemd[1]: Load Kernel Modules was skipped because no trigger condition checks were met.
May 28 07:29:13.229179 localhost systemd[1]: Starting Apply Kernel Variables...
May 28 07:29:13.229184 localhost systemd[1]: Starting Virtual Console Setup...
May 28 07:29:13.229190 localhost systemd[1]: Finished Create List of Static Device Nodes.
May 28 07:29:13.229196 localhost systemd[1]: Starting Create Static Device Nodes in /dev gracefully...
May 28 07:29:13.229201 localhost systemd[1]: Finished Apply Kernel Variables.
May 28 07:29:13.229207 localhost systemd[1]: Finished Create Static Device Nodes in /dev gracefully.
May 28 07:29:13.229232 localhost systemd-journald[185]: Collecting audit messages is disabled.
May 28 07:29:13.229250 localhost systemd[1]: Starting Create Static Device Nodes in /dev...
May 28 07:29:13.229255 localhost systemd[1]: Finished Create Static Device Nodes in /dev.
May 28 07:29:13.229261 localhost systemd[1]: Reached target Preparation for Local File Systems.
May 28 07:29:13.229267 localhost systemd[1]: Reached target Local File Systems.
May 28 07:29:13.229273 localhost systemd-journald[185]: Journal started
May 28 07:29:13.229289 localhost systemd-journald[185]: Runtime Journal (/run/log/journal/1b34cdf559f3431186adb4b624fffc1e) is 2.4M, max 19.3M, 16.9M free.
May 28 07:29:13.234235 localhost systemd[1]: Started Journal Service.
May 28 07:29:13.241297 localhost systemd[1]: Starting Create Volatile Files and Directories...
May 28 07:29:13.258233 localhost systemd[1]: Finished Create Volatile Files and Directories.
May 28 07:29:13.266588 localhost systemd[1]: Finished Virtual Console Setup.
May 28 07:29:13.277969 localhost systemd[1]: Starting dracut ask for additional cmdline parameters...
May 28 07:29:13.289592 localhost systemd[1]: Finished dracut ask for additional cmdline parameters.
May 28 07:29:13.294693 localhost systemd[1]: Starting dracut cmdline hook...
May 28 07:29:13.304809 localhost dracut-cmdline[219]: dracut-059+suse.588.g528264be-1.1
May 28 07:29:13.307686 localhost dracut-cmdline[219]: Using kernel command line parameters:  rd.driver.pre=btrfs rd.driver.pre=overlay   BOOT_IMAGE=/boot/vmlinuz-6.9.1-1-default root=UUID=8bc5a620-43f2-4cb4-bc93-ae33026e601c rd.timeout=60 rd.retry=45 quiet systemd.show_status=yes console=ttyS0,115200 console=tty0 ignition.platform.id=qemu security=selinux selinux=1
May 28 07:29:13.400320 localhost systemd[1]: Finished dracut cmdline hook.
May 28 07:29:13.414640 localhost systemd[1]: Starting dracut pre-udev hook...
May 28 07:29:13.437850 localhost kernel: device-mapper: uevent: version 1.0.3
May 28 07:29:13.437872 localhost kernel: device-mapper: ioctl: 4.48.0-ioctl (2023-03-01) initialised: dm-devel@lists.linux.dev
May 28 07:29:13.677901 localhost kernel: raid6: avx2x4   gen() 33837 MB/s
May 28 07:29:13.677948 localhost kernel: raid6: avx2x2   gen() 30663 MB/s
May 28 07:29:13.677957 localhost kernel: raid6: avx2x1   gen() 22386 MB/s
May 28 07:29:13.677965 localhost kernel: raid6: using algorithm avx2x4 gen() 33837 MB/s
May 28 07:29:13.677973 localhost kernel: raid6: .... xor() 5139 MB/s, rmw enabled
May 28 07:29:13.677980 localhost kernel: raid6: using avx2x2 recovery algorithm
May 28 07:29:13.681185 localhost kernel: xor: automatically using best checksumming function   avx       
May 28 07:29:13.791182 localhost kernel: Btrfs loaded, assert=on, zoned=yes, fsverity=yes
May 28 07:29:13.808853 localhost systemd[1]: Finished dracut pre-udev hook.
May 28 07:29:13.824645 localhost systemd[1]: Starting Rule-based Manager for Device Events and Files...
May 28 07:29:13.837036 localhost systemd-udevd[384]: Using default interface naming scheme 'v255'.
May 28 07:29:13.840494 localhost systemd[1]: Started Rule-based Manager for Device Events and Files.
May 28 07:29:13.841824 localhost systemd[1]: Starting dracut pre-trigger hook...
May 28 07:29:13.871666 localhost dracut-pre-trigger[385]: rd.md=0: removing MD RAID activation
May 28 07:29:13.897818 localhost systemd[1]: Finished dracut pre-trigger hook.
May 28 07:29:13.908052 localhost systemd[1]: Starting Coldplug All udev Devices...
May 28 07:29:13.996451 localhost systemd[1]: Finished Coldplug All udev Devices.
May 28 07:29:13.996919 localhost systemd[1]: Reached target System Initialization.
May 28 07:29:13.997258 localhost systemd[1]: Reached target Basic System.
May 28 07:29:14.081276 localhost kernel: input: Power Button as /devices/LNXSYSTM:00/LNXPWRBN:00/input/input4
May 28 07:29:14.094533 localhost kernel: ACPI: button: Power Button [PWRF]
May 28 07:29:14.112586 localhost kernel: virtio_blk virtio4: 1/0/0 default/read/poll queues
May 28 07:29:14.112789 localhost kernel: virtio_blk virtio4: [vda] 62914560 512-byte logical blocks (32.2 GB/30.0 GiB)
May 28 07:29:14.141195 localhost kernel: Console: switching to colour dummy device 80x25
May 28 07:29:14.180542 localhost kernel: FDC 0 is a S82078B
May 28 07:29:14.180566 localhost kernel: bochs-drm 0000:00:02.0: vgaarb: deactivate vga console
May 28 07:29:14.180723 localhost kernel: [drm] Found bochs VGA, ID 0xb0c5.
May 28 07:29:14.180733 localhost kernel: [drm] Framebuffer size 16384 kB @ 0xfd000000, mmio @ 0xfebd8000.
May 28 07:29:14.192158 localhost kernel: cryptd: max_cpu_qlen set to 1000
May 28 07:29:14.197849 localhost kernel: [drm] Found EDID data blob.
May 28 07:29:14.197868 localhost kernel: ACPI: bus type USB registered
May 28 07:29:14.197877 localhost kernel: usbcore: registered new interface driver usbfs
May 28 07:29:14.197884 localhost kernel: usbcore: registered new interface driver hub
May 28 07:29:14.197891 localhost kernel: usbcore: registered new device driver usb
May 28 07:29:14.240326 localhost kernel: [drm] Initialized bochs-drm 1.0.0 20130925 for 0000:00:02.0 on minor 0
May 28 07:29:14.240347 localhost kernel: fbcon: bochs-drmdrmfb (fb0) is primary device
May 28 07:29:14.260794 localhost kernel: AVX2 version of gcm_enc/dec engaged.
May 28 07:29:14.260820 localhost kernel: AES CTR mode by8 optimization enabled
May 28 07:29:14.260829 localhost kernel: SCSI subsystem initialized
May 28 07:29:14.327879 localhost kernel: virtio_scsi virtio3: 1/0/0 default/read/poll queues
May 28 07:29:14.328038 localhost kernel: scsi host0: Virtio SCSI HBA
May 28 07:29:14.328204 localhost kernel: virtio_net virtio0 ens4: renamed from eth0
May 28 07:29:14.328727 localhost systemd[1]: systemd-vconsole-setup.service: Deactivated successfully.
May 28 07:29:14.328913 localhost systemd[1]: Stopped Virtual Console Setup.
May 28 07:29:14.347934 localhost kernel: libata version 3.00 loaded.
May 28 07:29:14.351776 localhost kernel: ata_piix 0000:00:01.1: version 2.13
May 28 07:29:14.367852 localhost kernel: scsi host1: ata_piix
May 28 07:29:14.375472 localhost kernel: scsi host2: ata_piix
May 28 07:29:14.375831 localhost kernel: ata1: PATA max MWDMA2 cmd 0x1f0 ctl 0x3f6 bmdma 0xc1c0 irq 14 lpm-pol 0
May 28 07:29:14.375845 localhost kernel: ata2: PATA max MWDMA2 cmd 0x170 ctl 0x376 bmdma 0xc1c8 irq 15 lpm-pol 0
May 28 07:29:14.375855 localhost kernel: GPT:Primary header thinks Alt. header is not at the end of the disk.
May 28 07:29:14.375865 localhost kernel: GPT:41943039 != 62914559
May 28 07:29:14.375875 localhost kernel: GPT:Alternate GPT header not at the end of the disk.
May 28 07:29:14.375885 localhost kernel: GPT:41943039 != 62914559
May 28 07:29:14.375906 localhost kernel: GPT: Use GNU Parted to correct GPT errors.
May 28 07:29:14.375916 localhost kernel:  vda: vda1 vda2 vda3
May 28 07:29:14.375925 localhost kernel: virtio_blk virtio5: 1/0/0 default/read/poll queues
May 28 07:29:14.376092 localhost kernel: virtio_blk virtio5: [vdb] 20480 512-byte logical blocks (10.5 MB/10.0 MiB)
May 28 07:29:14.397944 localhost kernel: Console: switching to colour frame buffer device 128x48
May 28 07:29:14.569195 localhost kernel: bochs-drm 0000:00:02.0: [drm] fb0: bochs-drmdrmfb frame buffer device
May 28 07:29:14.569532 localhost kernel: xhci_hcd 0000:00:06.0: xHCI Host Controller
May 28 07:29:14.569735 localhost kernel: xhci_hcd 0000:00:06.0: new USB bus registered, assigned bus number 1
May 28 07:29:14.569930 localhost kernel: xhci_hcd 0000:00:06.0: hcc params 0x00087001 hci version 0x100 quirks 0x0000000000000010
May 28 07:29:14.570126 localhost kernel: xhci_hcd 0000:00:06.0: xHCI Host Controller
May 28 07:29:14.570316 localhost kernel: xhci_hcd 0000:00:06.0: new USB bus registered, assigned bus number 2
May 28 07:29:14.570520 localhost kernel: xhci_hcd 0000:00:06.0: Host supports USB 3.0 SuperSpeed
May 28 07:29:14.570709 localhost kernel: ata2: found unknown device (class 0)
May 28 07:29:14.568226 localhost systemd[1]: Stopping Virtual Console Setup...
May 28 07:29:14.583543 localhost kernel: ata2.00: ATAPI: QEMU DVD-ROM, 2.5+, max UDMA/100
May 28 07:29:14.583567 localhost kernel: usb usb1: New USB device found, idVendor=1d6b, idProduct=0002, bcdDevice= 6.09
May 28 07:29:14.583756 localhost kernel: usb usb1: New USB device strings: Mfr=3, Product=2, SerialNumber=1
May 28 07:29:14.583877 localhost kernel: usb usb1: Product: xHCI Host Controller
May 28 07:29:14.583993 localhost kernel: usb usb1: Manufacturer: Linux 6.9.1-1-default xhci-hcd
May 28 07:29:14.584109 localhost kernel: usb usb1: SerialNumber: 0000:00:06.0
May 28 07:29:14.584220 localhost kernel: scsi: waiting for bus probes to complete ...
May 28 07:29:14.581794 localhost systemd[1]: Starting Virtual Console Setup...
May 28 07:29:14.585681 localhost kernel: hub 1-0:1.0: USB hub found
May 28 07:29:14.585858 localhost kernel: hub 1-0:1.0: 4 ports detected
May 28 07:29:14.588121 localhost kernel: usb usb2: We don't know the algorithms for LPM for this host, disabling LPM.
May 28 07:29:14.588292 localhost kernel: usb usb2: New USB device found, idVendor=1d6b, idProduct=0003, bcdDevice= 6.09
May 28 07:29:14.588414 localhost kernel: usb usb2: New USB device strings: Mfr=3, Product=2, SerialNumber=1
May 28 07:29:14.588528 localhost kernel: usb usb2: Product: xHCI Host Controller
May 28 07:29:14.588642 localhost kernel: usb usb2: Manufacturer: Linux 6.9.1-1-default xhci-hcd
May 28 07:29:14.588754 localhost kernel: usb usb2: SerialNumber: 0000:00:06.0
May 28 07:29:14.595957 localhost kernel: hub 2-0:1.0: USB hub found
May 28 07:29:14.596139 localhost kernel: hub 2-0:1.0: 4 ports detected
May 28 07:29:14.596795 localhost systemd[1]: systemd-vconsole-setup.service: Deactivated successfully.
May 28 07:29:14.597075 localhost systemd[1]: Stopped Virtual Console Setup.
May 28 07:29:14.608059 localhost systemd[1]: Starting Virtual Console Setup...
May 28 07:29:14.609162 localhost systemd[1]: systemd-vconsole-setup.service: Deactivated successfully.
May 28 07:29:14.609315 localhost systemd[1]: Stopped Virtual Console Setup.
May 28 07:29:14.611333 localhost systemd[1]: Starting Virtual Console Setup...
May 28 07:29:14.624517 localhost kernel: scsi 2:0:0:0: CD-ROM            QEMU     QEMU DVD-ROM     2.5+ PQ: 0 ANSI: 5
May 28 07:29:14.761251 localhost kernel: scsi 2:0:0:0: Attached scsi generic sg0 type 5
May 28 07:29:14.801231 localhost kernel: sr 2:0:0:0: [sr0] scsi3-mmc drive: 4x/4x cd/rw xa/form2 tray
May 28 07:29:14.801450 localhost kernel: cdrom: Uniform CD-ROM driver Revision: 3.20
May 28 07:29:14.818116 localhost kernel: sr 2:0:0:0: Attached scsi CD-ROM sr0
May 28 07:29:14.859867 localhost systemd[1]: Found device /dev/disk/by-uuid/8bc5a620-43f2-4cb4-bc93-ae33026e601c.
May 28 07:29:14.861499 localhost kernel: usb 1-1: new high-speed USB device number 2 using xhci_hcd
May 28 07:29:14.862817 localhost systemd[1]: Finished Virtual Console Setup.
May 28 07:29:14.864235 localhost systemd[1]: Reached target Initrd Root Device.
May 28 07:29:14.878442 localhost systemd[1]: Starting Detect Firstboot...
May 28 07:29:14.907851 localhost kernel: BTRFS: device label ROOT devid 1 transid 12 /dev/vda3 (253:3) scanned by mount (534)
May 28 07:29:14.907876 localhost kernel: BTRFS info (device vda3): first mount of filesystem 8bc5a620-43f2-4cb4-bc93-ae33026e601c
May 28 07:29:14.907885 localhost kernel: BTRFS info (device vda3): using crc32c (crc32c-intel) checksum algorithm
May 28 07:29:14.907893 localhost kernel: BTRFS info (device vda3): using free-space-tree
May 28 07:29:14.937322 localhost firstboot-detect[529]: Firstboot detected
May 28 07:29:14.943301 localhost systemd[1]: Reloading requested from client PID 556 ('systemctl') (unit firstboot-detect.service)...
May 28 07:29:14.943310 localhost systemd[1]: Reloading...
May 28 07:29:15.001777 localhost kernel: usb 1-1: New USB device found, idVendor=0627, idProduct=0001, bcdDevice= 0.00
May 28 07:29:15.001972 localhost kernel: usb 1-1: New USB device strings: Mfr=1, Product=3, SerialNumber=10
May 28 07:29:15.002101 localhost kernel: usb 1-1: Product: QEMU USB Tablet
May 28 07:29:15.002222 localhost kernel: usb 1-1: Manufacturer: QEMU
May 28 07:29:15.002338 localhost kernel: usb 1-1: SerialNumber: 28754-0000:00:06.0-1
May 28 07:29:15.018768 localhost kernel: usbcore: registered new interface driver usbhid
May 28 07:29:15.018788 localhost kernel: usbhid: USB HID core driver
May 28 07:29:15.024962 localhost kernel: input: QEMU QEMU USB Tablet as /devices/pci0000:00/0000:00:06.0/usb1/1-1/1-1:1.0/0003:0627:0001.0001/input/input5
May 28 07:29:15.024981 localhost kernel: hid-generic 0003:0627:0001.0001: input,hidraw0: USB HID v0.01 Mouse [QEMU QEMU USB Tablet] on usb-0000:00:06.0-1/input0
May 28 07:29:15.130775 localhost systemd[1]: Reloading finished in 187 ms.
May 28 07:29:15.160635 localhost systemd[1]: Starting Ignition User Config Setup...
May 28 07:29:15.171402 localhost kernel: BTRFS info (device vda3): last unmount of filesystem 8bc5a620-43f2-4cb4-bc93-ae33026e601c
May 28 07:29:15.181699 localhost systemd[1]: firstboot-detect.service: Deactivated successfully.
May 28 07:29:15.184985 localhost systemd[1]: Finished Detect Firstboot.
May 28 07:29:15.227756 localhost ignition-setup-user[607]: Copying /mnt/boot_partition/ignition/config.ign to /usr/lib/ignition/user.ign
May 28 07:29:15.228038 localhost kernel: EXT4-fs (vdb): mounted filesystem ee8647d4-8463-436f-bec3-9a34d06f5408 r/w with ordered data mode. Quota mode: none.
May 28 07:29:15.228052 localhost kernel: ext4 filesystem being mounted at /mnt/boot_partition supports timestamps until 2038-01-19 (0x7fffffff)
May 28 07:29:15.231191 localhost kernel: EXT4-fs (vdb): unmounting filesystem ee8647d4-8463-436f-bec3-9a34d06f5408.
May 28 07:29:15.232010 localhost systemd[1]: Finished Ignition User Config Setup.
May 28 07:29:15.244188 localhost systemd[1]: Starting Combustion (preparations)...
May 28 07:29:15.245800 localhost systemd[1]: Starting Ignition (fetch-offline)...
May 28 07:29:15.256097 localhost (ignition)[620]: ignition-fetch-offline.service: Referenced but unset environment variable evaluates to an empty string: IGNITION_ARGS
May 28 07:29:15.270038 localhost combustion[618]: No config found on drive.
May 28 07:29:15.271218 localhost kernel: EXT4-fs (vdb): mounted filesystem ee8647d4-8463-436f-bec3-9a34d06f5408 ro with ordered data mode. Quota mode: none.
May 28 07:29:15.274735 localhost kernel: EXT4-fs (vdb): unmounting filesystem ee8647d4-8463-436f-bec3-9a34d06f5408.
May 28 07:29:15.275622 localhost combustion[618]: No config source found
May 28 07:29:15.275773 localhost systemd[1]: run-combustion-mount.mount: Deactivated successfully.
May 28 07:29:15.276164 localhost systemd[1]: combustion-prepare.service: Deactivated successfully.
May 28 07:29:15.276382 localhost systemd[1]: Finished Combustion (preparations).
May 28 07:29:15.280697 localhost ignition[620]: Ignition 2.18.0
May 28 07:29:15.280764 localhost ignition[620]: Stage: fetch-offline
May 28 07:29:15.280825 localhost ignition[620]: no config dir at "/usr/lib/ignition/base.d"
May 28 07:29:15.280866 localhost ignition[620]: no config dir at "/usr/lib/ignition/base.platform.d/qemu"
May 28 07:29:15.281005 localhost ignition[620]: parsed url from cmdline: ""
May 28 07:29:15.281042 localhost ignition[620]: no config URL provided
May 28 07:29:15.281074 localhost ignition[620]: reading system config file "/usr/lib/ignition/user.ign"
May 28 07:29:15.281119 localhost ignition[620]: parsing config with SHA512: 37b4232fd3d9780fa75efd39f528d050a0a097ea8b9f01017d7b77cadfdc72258f82c9065f25735f6fbb1eae2cb5b2d3e23094786bfbb8f3925fbd962216d5bf
May 28 07:29:15.283091 localhost (ignition)[620]: fetched base config from "system"
May 28 07:29:15.283140 localhost (ignition)[620]: fetched user config from "system"
May 28 07:29:15.283301 localhost ignition[620]: fetch-offline: fetch-offline passed
May 28 07:29:15.283408 localhost ignition[620]: Ignition finished successfully
May 28 07:29:15.285208 localhost systemd[1]: Finished Ignition (fetch-offline).
May 28 07:29:15.286405 localhost systemd[1]: Start network if needed was skipped because no trigger condition checks were met.
May 28 07:29:15.286819 localhost systemd[1]: nm-initrd.service was skipped because of an unmet condition check (ConditionPathExists=/run/NetworkManager/initrd/neednet).
May 28 07:29:15.286875 localhost systemd[1]: Reached target Network.
May 28 07:29:15.287491 localhost systemd[1]: Ignition (fetch) was skipped because of an unmet condition check (ConditionPathExists=!/run/ignition.json).
May 28 07:29:15.301300 localhost systemd[1]: Starting Ignition (kargs)...
May 28 07:29:15.301386 localhost systemd[1]: nm-wait-online-initrd.service was skipped because of an unmet condition check (ConditionPathExists=/run/NetworkManager/initrd/neednet).
May 28 07:29:15.304635 localhost systemd[1]: Starting dracut initqueue hook...
May 28 07:29:15.308530 localhost (ignition)[634]: ignition-kargs.service: Referenced but unset environment variable evaluates to an empty string: IGNITION_ARGS
May 28 07:29:15.338013 localhost ignition[634]: Ignition 2.18.0
May 28 07:29:15.338082 localhost ignition[634]: Stage: kargs
May 28 07:29:15.338336 localhost ignition[634]: no config dir at "/usr/lib/ignition/base.d"
May 28 07:29:15.339135 localhost ignition[634]: no config dir at "/usr/lib/ignition/base.platform.d/qemu"
May 28 07:29:15.341701 localhost ignition[634]: kargs: kargs passed
May 28 07:29:15.341754 localhost ignition[634]: Ignition finished successfully
May 28 07:29:15.344825 localhost systemd[1]: Finished Ignition (kargs).
May 28 07:29:15.354640 localhost systemd[1]: Starting Ignition (disks)...
May 28 07:29:15.355666 localhost systemd[1]: Finished dracut initqueue hook.
May 28 07:29:15.357338 localhost (ignition)[648]: ignition-disks.service: Referenced but unset environment variable evaluates to an empty string: IGNITION_ARGS
May 28 07:29:15.446087 localhost systemd[1]: Reached target Preparation for Remote File Systems.
May 28 07:29:15.446474 localhost systemd[1]: Reached target Remote Encrypted Volumes.
May 28 07:29:15.446736 localhost systemd[1]: Reached target Remote File Systems.
May 28 07:29:15.455607 localhost ignition[648]: Ignition 2.18.0
May 28 07:29:15.455614 localhost ignition[648]: Stage: disks
May 28 07:29:15.455731 localhost ignition[648]: no config dir at "/usr/lib/ignition/base.d"
May 28 07:29:15.455740 localhost ignition[648]: no config dir at "/usr/lib/ignition/base.platform.d/qemu"
May 28 07:29:15.456112 localhost ignition[648]: disks: disks passed
May 28 07:29:15.456157 localhost ignition[648]: Ignition finished successfully
May 28 07:29:15.457635 localhost systemd[1]: Finished Ignition (disks).
May 28 07:29:15.584731 localhost systemd[1]: Starting dracut pre-mount hook...
May 28 07:29:15.705703 localhost dracut-pre-mount[656]: disable systemd-fsck-root.service
May 28 07:29:15.712341 localhost dracut-pre-mount[666]: Created symlink /etc/systemd/system/systemd-fsck-root.service  /dev/null.
May 28 07:29:15.825323 localhost systemd[1]: Reloading requested from client PID 666 ('systemctl') (unit dracut-pre-mount.service)...
May 28 07:29:15.825335 localhost systemd[1]: Reloading...
May 28 07:29:15.981332 localhost systemd[1]: Reloading finished in 155 ms.
May 28 07:29:16.186135 localhost dracut-pre-mount[656]: System resize is active on every reboot
May 28 07:29:16.199459 localhost dracut-pre-mount[656]: Activating resize operation
May 28 07:29:16.214514 localhost kernel:  vda: vda1 vda2 vda3
May 28 07:29:17.223031 localhost dracut-pre-mount[937]: The operation has completed successfully.
May 28 07:29:17.227906 localhost kernel:  vda: vda1 vda2 vda3
May 28 07:29:18.336922 localhost kernel:  vda: vda1 vda2
May 28 07:29:19.338148 localhost kernel:  vda: vda1 vda2
May 28 07:29:19.338203 localhost dracut-pre-mount[975]: The operation has completed successfully.
May 28 07:29:20.351295 localhost kernel:  vda: vda1 vda2 vda3
May 28 07:29:20.351870 localhost dracut-pre-mount[979]: The operation has completed successfully.
May 28 07:29:21.369866 localhost dracut-pre-mount[980]: The operation has completed successfully.
May 28 07:29:21.372761 localhost kernel:  vda: vda1 vda2 vda3
May 28 07:29:21.489807 localhost dracut-pre-mount[656]: Checking btrfs filesystem on /dev/vda3...
May 28 07:29:21.494077 localhost dracut-pre-mount[1010]: [1/7] checking root items
May 28 07:29:21.581283 localhost dracut-pre-mount[1010]: [2/7] checking extents
May 28 07:29:21.733604 localhost dracut-pre-mount[1010]: [3/7] checking free space tree
May 28 07:29:21.871194 localhost dracut-pre-mount[1010]: [4/7] checking fs roots
May 28 07:29:21.871194 localhost dracut-pre-mount[1010]: [5/7] checking only csums items (without verifying data)
May 28 07:29:21.871194 localhost dracut-pre-mount[1010]: [6/7] checking root refs
May 28 07:29:21.871194 localhost dracut-pre-mount[1010]: [7/7] checking quota groups
May 28 07:29:21.875539 localhost dracut-pre-mount[1010]: Opening filesystem to check...
May 28 07:29:21.875539 localhost dracut-pre-mount[1010]: Checking filesystem on /dev/vda3
May 28 07:29:21.875539 localhost dracut-pre-mount[1010]: UUID: 8bc5a620-43f2-4cb4-bc93-ae33026e601c
May 28 07:29:21.875539 localhost dracut-pre-mount[1010]: found 770760704 bytes used, no error found
May 28 07:29:21.875539 localhost dracut-pre-mount[1010]: total csum bytes: 709036
May 28 07:29:21.875539 localhost dracut-pre-mount[1010]: total tree bytes: 18825216
May 28 07:29:21.875539 localhost dracut-pre-mount[1010]: total fs tree bytes: 16777216
May 28 07:29:21.875539 localhost dracut-pre-mount[1010]: total extent tree bytes: 1097728
May 28 07:29:21.875539 localhost dracut-pre-mount[1010]: btree space waste bytes: 3178630
May 28 07:29:21.875539 localhost dracut-pre-mount[1010]: file data blocks allocated: 751935488
May 28 07:29:21.875539 localhost dracut-pre-mount[1010]:  referenced 751935488
May 28 07:29:21.876087 localhost dracut-pre-mount[656]: Resizing btrfs filesystem on /dev/vda3...
May 28 07:29:21.987873 localhost kernel: BTRFS: device label ROOT devid 1 transid 14 /dev/vda3 (253:3) scanned by mount (1012)
May 28 07:29:21.987917 localhost kernel: BTRFS info (device vda3): first mount of filesystem 8bc5a620-43f2-4cb4-bc93-ae33026e601c
May 28 07:29:21.987927 localhost kernel: BTRFS info (device vda3): using crc32c (crc32c-intel) checksum algorithm
May 28 07:29:21.987935 localhost kernel: BTRFS info (device vda3): using free-space-tree
May 28 07:29:22.003603 localhost dracut-pre-mount[1028]: Resize device id 1 (/dev/vda3) from 19.98GiB to max
May 28 07:29:22.003039 localhost systemd[1]: fs\x2dresize.mount: Deactivated successfully.
May 28 07:29:22.004600 localhost kernel: BTRFS info (device vda3): resize device /dev/vda3 (devid 1) from 21450698752 to 32188116992
May 28 07:29:22.004618 localhost kernel: BTRFS info (device vda3): last unmount of filesystem 8bc5a620-43f2-4cb4-bc93-ae33026e601c
May 28 07:29:22.011577 localhost dracut-pre-mount[656]: enabling systemd-fsck-root.service
May 28 07:29:22.018356 localhost dracut-pre-mount[1031]: Removed "/etc/systemd/system/systemd-fsck-root.service".
May 28 07:29:22.020743 localhost systemd[1]: Reloading requested from client PID 1031 ('systemctl') (unit dracut-pre-mount.service)...
May 28 07:29:22.020783 localhost systemd[1]: Reloading...
May 28 07:29:22.276596 localhost systemd[1]: Reloading finished in 255 ms.
May 28 07:29:22.283055 localhost systemd[1]: Finished dracut pre-mount hook.
May 28 07:29:22.381323 localhost systemd[1]: Starting File System Check on /dev/disk/by-uuid/8bc5a620-43f2-4cb4-bc93-ae33026e601c...
May 28 07:29:22.508172 localhost systemd[1]: Finished File System Check on /dev/disk/by-uuid/8bc5a620-43f2-4cb4-bc93-ae33026e601c.
May 28 07:29:22.621340 localhost systemd[1]: Mounting /sysroot...
May 28 07:29:22.721190 localhost kernel: BTRFS: device label ROOT devid 1 transid 16 /dev/vda3 (253:3) scanned by mount (1086)
May 28 07:29:22.724543 localhost kernel: BTRFS info (device vda3): first mount of filesystem 8bc5a620-43f2-4cb4-bc93-ae33026e601c
May 28 07:29:22.724564 localhost kernel: BTRFS info (device vda3): using crc32c (crc32c-intel) checksum algorithm
May 28 07:29:22.724573 localhost kernel: BTRFS info (device vda3): using free-space-tree
May 28 07:29:22.728616 localhost systemd[1]: Mounted /sysroot.
May 28 07:29:22.730299 localhost systemd[1]: Reached target Initrd Root File System.
May 28 07:29:22.959999 localhost systemd[1]: Starting Remount /sysroot read-write for Ignition...
May 28 07:29:22.961429 localhost systemd[1]: Finished Remount /sysroot read-write for Ignition.
May 28 07:29:22.962208 localhost systemd[1]: Reached target Ignition Boot Disk Setup.
May 28 07:29:22.964608 localhost systemd[1]: Starting Ignition (mount)...
May 28 07:29:23.080217 localhost (ignition)[1105]: ignition-mount.service: Referenced but unset environment variable evaluates to an empty string: IGNITION_ARGS
May 28 07:29:23.090644 localhost ignition[1105]: Ignition 2.18.0
May 28 07:29:23.090713 localhost ignition[1105]: Stage: mount
May 28 07:29:23.090877 localhost ignition[1105]: no config dir at "/usr/lib/ignition/base.d"
May 28 07:29:23.090887 localhost ignition[1105]: no config dir at "/usr/lib/ignition/base.platform.d/qemu"
May 28 07:29:23.091522 localhost ignition[1105]: mount: mount passed
May 28 07:29:23.092816 localhost ignition[1105]: Ignition finished successfully
May 28 07:29:23.094462 localhost systemd[1]: Finished Ignition (mount).
May 28 07:29:23.204747 localhost systemd[1]: Starting Mount initrd fstab entries for Ignition...
May 28 07:29:23.340109 localhost systemd[1]: ignition-mount-initrd-fstab.service: Deactivated successfully.
May 28 07:29:23.340339 localhost systemd[1]: Finished Mount initrd fstab entries for Ignition.
May 28 07:29:23.464692 localhost systemd[1]: Starting Ignition (files)...
May 28 07:29:23.557475 localhost (ignition)[1119]: ignition-files.service: Referenced but unset environment variable evaluates to an empty string: IGNITION_ARGS
May 28 07:29:23.567723 localhost ignition[1119]: Ignition 2.18.0
May 28 07:29:23.567785 localhost ignition[1119]: Stage: files
May 28 07:29:23.568012 localhost ignition[1119]: no config dir at "/usr/lib/ignition/base.d"
May 28 07:29:23.568025 localhost ignition[1119]: no config dir at "/usr/lib/ignition/base.platform.d/qemu"
May 28 07:29:23.568701 localhost ignition[1119]: files: compiled without relabeling support, skipping
May 28 07:29:23.577752 localhost ignition[1119]: files: ensureUsers: op(1): [started]  creating or modifying user "root"
May 28 07:29:23.577844 localhost ignition[1119]: files: ensureUsers: op(1): executing: "usermod" "--root" "/sysroot" "--password" "$6$eEm2HpuzI7dfE4i7$dbYiTRLhrqVvwryR7zmMEcnrp13IqZ3mzLbsx9EeHAX7849PibGVgX5vdPuaeYYIO7hVfcboI9/JDpGiDZhHf/" "root"
May 28 07:29:23.594541 localhost kernel: evm: overlay not supported
May 28 07:29:23.599325 localhost ignition[1119]: files: ensureUsers: op(1): [finished] creating or modifying user "root"
May 28 07:29:23.599790 localhost ignition[1119]: files: ensureUsers: op(2): [started]  setting password for "root"
May 28 07:29:23.599802 localhost ignition[1119]: files: ensureUsers: op(2): executing: "usermod" "--root" "/sysroot" "--password" "$6$eEm2HpuzI7dfE4i7$dbYiTRLhrqVvwryR7zmMEcnrp13IqZ3mzLbsx9EeHAX7849PibGVgX5vdPuaeYYIO7hVfcboI9/JDpGiDZhHf/" "root"
May 28 07:29:23.614827 localhost ignition[1119]: files: ensureUsers: op(2): [finished] setting password for "root"
May 28 07:29:23.615859 localhost ignition[1119]: files: createResultFile: createFiles: op(3): [started]  writing file "/sysroot/etc/.ignition-result.json"
May 28 07:29:23.616152 localhost ignition[1119]: files: createResultFile: createFiles: op(3): [finished] writing file "/sysroot/etc/.ignition-result.json"
May 28 07:29:23.616175 localhost ignition[1119]: files: files passed
May 28 07:29:23.616311 localhost ignition[1119]: Ignition finished successfully
May 28 07:29:23.631028 localhost systemd[1]: Finished Ignition (files).
May 28 07:29:23.722283 localhost systemd[1]: Starting Unmount initrd fstab entries for Ignition...
May 28 07:29:23.841723 localhost systemd[1]: ignition-umount-initrd-fstab.service: Deactivated successfully.
May 28 07:29:23.841999 localhost systemd[1]: Finished Unmount initrd fstab entries for Ignition.
May 28 07:29:23.842699 localhost systemd[1]: Reached target Ignition Complete.
May 28 07:29:23.934689 localhost systemd[1]: Starting Combustion...
May 28 07:29:24.051193 localhost kernel: BTRFS info (device vda3): last unmount of filesystem 8bc5a620-43f2-4cb4-bc93-ae33026e601c
May 28 07:29:24.322395 localhost systemd[1]: sysroot-root.mount: Deactivated successfully.
May 28 07:29:24.322550 localhost systemd[1]: sysroot.mount: Deactivated successfully.
May 28 07:29:24.596235 localhost systemd[1]: Mounting /sysroot...
May 28 07:29:24.684549 localhost kernel: BTRFS: device label ROOT devid 1 transid 18 /dev/vda3 (253:3) scanned by mount (1160)
May 28 07:29:24.684582 localhost kernel: BTRFS info (device vda3): first mount of filesystem 8bc5a620-43f2-4cb4-bc93-ae33026e601c
May 28 07:29:24.684591 localhost kernel: BTRFS info (device vda3): using crc32c (crc32c-intel) checksum algorithm
May 28 07:29:24.684599 localhost kernel: BTRFS info (device vda3): using free-space-tree
May 28 07:29:24.689351 localhost systemd[1]: Mounted /sysroot.
May 28 07:29:24.691345 localhost systemd[1]: combustion.service: Deactivated successfully.
May 28 07:29:24.691495 localhost systemd[1]: Finished Combustion.
May 28 07:29:24.692513 localhost systemd[1]: Reached target Initrd Firstboot.
May 28 07:29:24.801368 localhost systemd[1]: Starting Mountpoints Configured in the Real Root...
May 28 07:29:24.902919 localhost systemd-sysroot-fstab-check[1178]: /sysroot/root should be mounted in the initrd, will request daemon-reload.
May 28 07:29:24.904750 localhost systemd[1]: Reloading requested from client PID 1178 ('systemd-fstab-g') (unit initrd-parse-etc.service)...
May 28 07:29:24.904766 localhost systemd[1]: Reloading...
May 28 07:29:25.060947 localhost systemd[1]: Reloading finished in 155 ms.
May 28 07:29:25.065986 localhost systemd-sysroot-fstab-check[1178]: Requesting initrd-fs.target/start/replace...
May 28 07:29:25.066772 localhost systemd-sysroot-fstab-check[1178]: Requesting swap.target/start/replace...
May 28 07:29:25.090968 localhost systemd[1]: Mounting /sysroot/root...
May 28 07:29:25.187962 localhost systemd[1]: Mounting /sysroot/var...
May 28 07:29:25.279586 localhost systemd[1]: initrd-parse-etc.service: Deactivated successfully.
May 28 07:29:25.279738 localhost systemd[1]: Finished Mountpoints Configured in the Real Root.
May 28 07:29:25.290760 localhost systemd[1]: Starting dracut mount hook...
May 28 07:29:25.291838 localhost systemd[1]: Mounted /sysroot/root.
May 28 07:29:25.297158 localhost systemd[1]: Mounted /sysroot/var.
May 28 07:29:25.299852 localhost systemd[1]: sysroot-etc.mount: Directory /sysroot/etc to mount over is not empty, mounting anyway.
May 28 07:29:25.411511 localhost systemd[1]: Mounting /sysroot/etc...
May 28 07:29:25.412416 localhost systemd[1]: Finished dracut mount hook.
May 28 07:29:25.524961 localhost systemd[1]: Mounted /sysroot/etc.
May 28 07:29:25.525350 localhost systemd[1]: Reached target Initrd File Systems.
May 28 07:29:25.653348 localhost systemd[1]: Starting Disable firstboot wizard if ignition ran...
May 28 07:29:25.759483 localhost systemd[1]: Finished Disable firstboot wizard if ignition ran.
May 28 07:29:25.760231 localhost systemd[1]: Reached target Initrd Default Target.
May 28 07:29:25.858225 localhost systemd[1]: Starting dracut pre-pivot and cleanup hook...
May 28 07:29:25.967712 localhost dracut-pre-pivot[1246]: SELinux: relabeling root filesystem
May 28 07:29:25.981294 localhost dracut-pre-pivot[1246]: SELinux: mount root read-write and relabel
May 28 07:29:31.578239 localhost systemd[1]: sysroot\x2dselinux-dev-pts.mount: Deactivated successfully.
May 28 07:29:31.580083 localhost systemd[1]: sysroot\x2dselinux-dev-shm.mount: Deactivated successfully.
May 28 07:29:31.582776 localhost systemd[1]: sysroot\x2dselinux-dev.mount: Deactivated successfully.
May 28 07:29:31.584610 localhost systemd[1]: sysroot\x2dselinux-sys-fs-bpf.mount: Deactivated successfully.
May 28 07:29:31.584723 localhost systemd[1]: sysroot\x2dselinux-sys-fs-pstore.mount: Deactivated successfully.
May 28 07:29:31.584814 localhost systemd[1]: sysroot\x2dselinux-sys-fs-cgroup.mount: Deactivated successfully.
May 28 07:29:31.584909 localhost systemd[1]: sysroot\x2dselinux-sys-kernel-security.mount: Deactivated successfully.
May 28 07:29:31.584996 localhost systemd[1]: sysroot\x2dselinux-sys.mount: Deactivated successfully.
May 28 07:29:31.585084 localhost systemd[1]: sysroot\x2dselinux-proc.mount: Deactivated successfully.
May 28 07:29:31.585181 localhost systemd[1]: sysroot\x2dselinux-etc.mount: Deactivated successfully.
May 28 07:29:31.586215 localhost systemd[1]: sysroot\x2dselinux-var.mount: Deactivated successfully.
May 28 07:29:31.587282 localhost systemd[1]: sysroot\x2dselinux-root.mount: Deactivated successfully.
May 28 07:29:31.587391 localhost systemd[1]: sysroot\x2dselinux.mount: Deactivated successfully.
May 28 07:29:31.595483 localhost systemd[1]: Finished dracut pre-pivot and cleanup hook.
May 28 07:29:31.676272 localhost systemd[1]: transactional-update /etc overlay cleaner was skipped because of an unmet condition check (ConditionPathExists=/sysroot/var/lib/overlay/transactional-update.newsnapshot).
May 28 07:29:31.691390 localhost systemd[1]: Starting Cleaning Up and Shutting Down Daemons...
May 28 07:29:31.783501 localhost systemd[1]: Stopped target Network.
May 28 07:29:31.783843 localhost systemd[1]: Stopped target Remote Encrypted Volumes.
May 28 07:29:31.784174 localhost systemd[1]: Stopped target Timer Units.
May 28 07:29:31.784517 localhost systemd[1]: dbus.socket: Deactivated successfully.
May 28 07:29:31.784628 localhost systemd[1]: Closed D-Bus System Message Bus Socket.
May 28 07:29:31.784972 localhost systemd[1]: dracut-pre-pivot.service: Deactivated successfully.
May 28 07:29:31.785069 localhost systemd[1]: Stopped dracut pre-pivot and cleanup hook.
May 28 07:29:31.785408 localhost systemd[1]: dracut-pre-pivot.service: Consumed 5.260s CPU time.
May 28 07:29:31.785530 localhost systemd[1]: Stopped target Initrd Default Target.
May 28 07:29:31.785855 localhost systemd[1]: Stopped target Initrd Firstboot.
May 28 07:29:31.786172 localhost systemd[1]: Stopped target Initrd Root Device.
May 28 07:29:31.786480 localhost systemd[1]: Stopped target Initrd /usr File System.
May 28 07:29:31.786779 localhost systemd[1]: Stopped target Remote File Systems.
May 28 07:29:31.787076 localhost systemd[1]: Stopped target Preparation for Remote File Systems.
May 28 07:29:31.787356 localhost systemd[1]: dracut-mount.service: Deactivated successfully.
May 28 07:29:31.787451 localhost systemd[1]: Stopped dracut mount hook.
May 28 07:29:31.787846 localhost systemd[1]: dracut-pre-mount.service: Deactivated successfully.
May 28 07:29:31.787945 localhost systemd[1]: Stopped dracut pre-mount hook.
May 28 07:29:31.788321 localhost systemd[1]: dracut-initqueue.service: Deactivated successfully.
May 28 07:29:31.788415 localhost systemd[1]: Stopped dracut initqueue hook.
May 28 07:29:31.788800 localhost systemd[1]: ignition-remove-reconfig_system.service: Deactivated successfully.
May 28 07:29:31.788897 localhost systemd[1]: Stopped Disable firstboot wizard if ignition ran.
May 28 07:29:31.789281 localhost systemd[1]: Stopped target Ignition Complete.
May 28 07:29:31.789583 localhost systemd[1]: Stopped target Ignition Boot Disk Setup.
May 28 07:29:31.789855 localhost systemd[1]: ignition-fetch-offline.service: Deactivated successfully.
May 28 07:29:31.789950 localhost systemd[1]: Stopped Ignition (fetch-offline).
May 28 07:29:31.790290 localhost systemd[1]: Stopped target Basic System.
May 28 07:29:31.790576 localhost systemd[1]: Stopped target Path Units.
May 28 07:29:31.790860 localhost systemd[1]: Stopped target Slice Units.
May 28 07:29:31.791136 localhost systemd[1]: Stopped target Socket Units.
May 28 07:29:31.792026 localhost systemd[1]: Stopped target System Initialization.
May 28 07:29:31.792313 localhost systemd[1]: Stopped target Local Encrypted Volumes.
May 28 07:29:31.792567 localhost systemd[1]: systemd-ask-password-console.path: Deactivated successfully.
May 28 07:29:31.888465 localhost systemd[1]: Stopped Dispatch Password Requests to Console Directory Watch.
May 28 07:29:31.889031 localhost systemd[1]: Stopped target Local File Systems.
May 28 07:29:31.889568 localhost systemd[1]: Stopped target Preparation for Local File Systems.
May 28 07:29:31.890016 localhost systemd[1]: Stopped target Swaps.
May 28 07:29:31.890433 localhost systemd[1]: ignition-files.service: Deactivated successfully.
May 28 07:29:31.890577 localhost systemd[1]: Stopped Ignition (files).
May 28 07:29:31.891052 localhost systemd[1]: ignition-mount.service: Deactivated successfully.
May 28 07:29:31.891213 localhost systemd[1]: Stopped Ignition (mount).
May 28 07:29:31.891699 localhost systemd[1]: ignition-disks.service: Deactivated successfully.
May 28 07:29:31.891826 localhost systemd[1]: Stopped Ignition (disks).
May 28 07:29:31.892286 localhost systemd[1]: ignition-kargs.service: Deactivated successfully.
May 28 07:29:31.892425 localhost systemd[1]: Stopped Ignition (kargs).
May 28 07:29:31.892891 localhost systemd[1]: ignition-remount-sysroot.service: Deactivated successfully.
May 28 07:29:31.893037 localhost systemd[1]: Stopped Remount /sysroot read-write for Ignition.
May 28 07:29:31.893521 localhost systemd[1]: ignition-setup-user.service: Deactivated successfully.
May 28 07:29:31.893662 localhost systemd[1]: Stopped Ignition User Config Setup.
May 28 07:29:31.894140 localhost systemd[1]: systemd-sysctl.service: Deactivated successfully.
May 28 07:29:31.894278 localhost systemd[1]: Stopped Apply Kernel Variables.
May 28 07:29:31.894766 localhost systemd[1]: systemd-tmpfiles-setup.service: Deactivated successfully.
May 28 07:29:31.894908 localhost systemd[1]: Stopped Create Volatile Files and Directories.
May 28 07:29:31.895366 localhost systemd[1]: systemd-udev-trigger.service: Deactivated successfully.
May 28 07:29:31.895504 localhost systemd[1]: Stopped Coldplug All udev Devices.
May 28 07:29:31.895965 localhost systemd[1]: dracut-pre-trigger.service: Deactivated successfully.
May 28 07:29:31.896102 localhost systemd[1]: Stopped dracut pre-trigger hook.
May 28 07:29:31.896811 localhost systemd[1]: Stopping Rule-based Manager for Device Events and Files...
May 28 07:29:31.902254 localhost systemd[1]: initrd-cleanup.service: Deactivated successfully.
May 28 07:29:31.902450 localhost systemd[1]: Finished Cleaning Up and Shutting Down Daemons.
May 28 07:29:32.019435 localhost systemd[1]: systemd-udevd.service: Deactivated successfully.
May 28 07:29:32.019729 localhost systemd[1]: Stopped Rule-based Manager for Device Events and Files.
May 28 07:29:32.020937 localhost systemd[1]: systemd-udevd-control.socket: Deactivated successfully.
May 28 07:29:32.021042 localhost systemd[1]: Closed udev Control Socket.
May 28 07:29:32.021531 localhost systemd[1]: systemd-udevd-kernel.socket: Deactivated successfully.
May 28 07:29:32.021598 localhost systemd[1]: Closed udev Kernel Socket.
May 28 07:29:32.021997 localhost systemd[1]: dracut-pre-udev.service: Deactivated successfully.
May 28 07:29:32.022073 localhost systemd[1]: Stopped dracut pre-udev hook.
May 28 07:29:32.022647 localhost systemd[1]: dracut-cmdline.service: Deactivated successfully.
May 28 07:29:32.022718 localhost systemd[1]: Stopped dracut cmdline hook.
May 28 07:29:32.023204 localhost systemd[1]: dracut-cmdline-ask.service: Deactivated successfully.
May 28 07:29:32.023278 localhost systemd[1]: Stopped dracut ask for additional cmdline parameters.
May 28 07:29:32.122383 localhost systemd[1]: Starting Cleanup udev Database...
May 28 07:29:32.122623 localhost systemd[1]: systemd-tmpfiles-setup-dev.service: Deactivated successfully.
May 28 07:29:32.122678 localhost systemd[1]: Stopped Create Static Device Nodes in /dev.
May 28 07:29:32.122945 localhost systemd[1]: systemd-tmpfiles-setup-dev-early.service: Deactivated successfully.
May 28 07:29:32.122993 localhost systemd[1]: Stopped Create Static Device Nodes in /dev gracefully.
May 28 07:29:32.123252 localhost systemd[1]: kmod-static-nodes.service: Deactivated successfully.
May 28 07:29:32.123300 localhost systemd[1]: Stopped Create List of Static Device Nodes.
May 28 07:29:32.123553 localhost systemd[1]: systemd-vconsole-setup.service: Deactivated successfully.
May 28 07:29:32.123599 localhost systemd[1]: Stopped Virtual Console Setup.
May 28 07:29:32.130882 localhost systemd[1]: initrd-udevadm-cleanup-db.service: Deactivated successfully.
May 28 07:29:32.131026 localhost systemd[1]: Finished Cleanup udev Database.
May 28 07:29:32.131372 localhost systemd[1]: Reached target Switch Root.
May 28 07:29:32.136287 localhost systemd[1]: Starting Switch Root...
May 28 07:29:32.144430 localhost systemd[1]: Switching root.
May 28 07:29:32.292038 localhost systemd-journald[185]: Journal stopped
May 28 07:29:34.524882 localhost systemd-journald[185]: Received SIGTERM from PID 1 (systemd).
May 28 07:29:34.524910 localhost kernel: audit: type=1404 audit(1716881372.396:2): enforcing=1 old_enforcing=0 auid=4294967295 ses=4294967295 enabled=1 old-enabled=1 lsm=selinux res=1
May 28 07:29:34.524922 localhost kernel: SELinux:  policy capability network_peer_controls=1
May 28 07:29:34.524930 localhost kernel: SELinux:  policy capability open_perms=1
May 28 07:29:34.524938 localhost kernel: SELinux:  policy capability extended_socket_class=1
May 28 07:29:34.524946 localhost kernel: SELinux:  policy capability always_check_network=0
May 28 07:29:34.524955 localhost kernel: SELinux:  policy capability cgroup_seclabel=1
May 28 07:29:34.524963 localhost kernel: SELinux:  policy capability nnp_nosuid_transition=1
May 28 07:29:34.524970 localhost kernel: SELinux:  policy capability genfs_seclabel_symlinks=1
May 28 07:29:34.524980 localhost kernel: SELinux:  policy capability ioctl_skip_cloexec=0
May 28 07:29:34.524988 localhost kernel: SELinux:  policy capability userspace_initial_context=0
May 28 07:29:34.524996 localhost kernel: audit: type=1403 audit(1716881372.549:3): auid=4294967295 ses=4294967295 lsm=selinux res=1
May 28 07:29:34.525004 localhost systemd[1]: Successfully loaded SELinux policy in 154.632ms.
May 28 07:29:34.525014 localhost systemd[1]: Relabeled /dev, /dev/shm, /run, /sys/fs/cgroup in 33.389ms.
May 28 07:29:34.525024 localhost systemd[1]: systemd 255.6+suse.30.g3ea0e1dff3 running in system mode (+PAM +AUDIT +SELINUX +APPARMOR +IMA -SMACK +SECCOMP +GCRYPT +GNUTLS +OPENSSL +ACL +BLKID +CURL +ELFUTILS +FIDO2 +IDN2 -IDN +IPTC +KMOD +LIBCRYPTSETUP +LIBFDISK +PCRE2 +PWQUALITY +P11KIT +QRENCODE +TPM2 +BZIP2 +LZ4 +XZ +ZLIB +ZSTD +BPF_FRAMEWORK -XKBCOMMON -UTMP +SYSVINIT default-hierarchy=unified)
May 28 07:29:34.525033 localhost systemd[1]: Detected virtualization kvm.
May 28 07:29:34.525041 localhost systemd[1]: Detected architecture x86-64.
May 28 07:29:34.525052 localhost systemd[1]: Detected first boot.
May 28 07:29:34.525061 localhost systemd[1]: Initializing machine ID from random generator.
May 28 07:29:34.525085 localhost systemd[1]: bpf-lsm: LSM BPF program attached
May 28 07:29:34.525095 localhost kernel: audit: type=1400 audit(1716881373.239:4): avc:  denied  { map_read map_write } for  pid=1292 comm="systemd-fstab-g" scontext=system_u:system_r:systemd_fstab_generator_t:s0 tcontext=system_u:system_r:init_t:s0 tclass=bpf permissive=0
May 28 07:29:34.525104 localhost kernel: audit: type=1400 audit(1716881373.249:5): avc:  denied  { map_read map_write } for  pid=1294 comm="systemd-gpt-aut" scontext=system_u:system_r:systemd_gpt_generator_t:s0 tcontext=system_u:system_r:init_t:s0 tclass=bpf permissive=0
May 28 07:29:34.525112 localhost systemd[1]: Populated /etc with preset unit settings.
May 28 07:29:34.525120 localhost systemd[1]: initrd-switch-root.service: Deactivated successfully.
May 28 07:29:34.525128 localhost systemd[1]: Stopped Switch Root.
May 28 07:29:34.525137 localhost systemd[1]: systemd-journald.service: Scheduled restart job, restart counter is at 1.
May 28 07:29:34.525145 localhost systemd[1]: Created slice Slice /system/getty.
May 28 07:29:34.525156 localhost systemd[1]: Created slice Slice /system/modprobe.
May 28 07:29:34.525164 localhost systemd[1]: Created slice Slice /system/serial-getty.
May 28 07:29:34.525172 localhost systemd[1]: Created slice User and Session Slice.
May 28 07:29:34.525181 localhost systemd[1]: Started Dispatch Password Requests to Console Directory Watch.
May 28 07:29:34.525189 localhost systemd[1]: Set up automount Arbitrary Executable File Formats File System Automount Point.
May 28 07:29:34.525197 localhost systemd[1]: Expecting device /dev/disk/by-uuid/8bc5a620-43f2-4cb4-bc93-ae33026e601c...
May 28 07:29:34.525205 localhost systemd[1]: Expecting device /dev/disk/by-uuid/D27B-68DF...
May 28 07:29:34.525213 localhost systemd[1]: Expecting device /dev/hvc0...
May 28 07:29:34.525221 localhost systemd[1]: Expecting device /dev/ttyS0...
May 28 07:29:34.525229 localhost systemd[1]: Reached target Local Encrypted Volumes.
May 28 07:29:34.525239 localhost systemd[1]: Stopped target Switch Root.
May 28 07:29:34.525247 localhost systemd[1]: Stopped target Initrd File Systems.
May 28 07:29:34.525255 localhost systemd[1]: Stopped target Initrd Root File System.
May 28 07:29:34.525264 localhost systemd[1]: Reached target Local Integrity Protected Volumes.
May 28 07:29:34.525272 localhost systemd[1]: Reached target Remote File Systems.
May 28 07:29:34.525280 localhost systemd[1]: Reached target Slice Units.
May 28 07:29:34.525290 localhost systemd[1]: Reached target Swaps.
May 28 07:29:34.525298 localhost systemd[1]: Reached target System Time Set.
May 28 07:29:34.525306 localhost systemd[1]: Reached target Local Verity Protected Volumes.
May 28 07:29:34.525315 localhost systemd[1]: Listening on Device-mapper event daemon FIFOs.
May 28 07:29:34.525322 localhost systemd[1]: Listening on LVM2 poll daemon socket.
May 28 07:29:34.525330 localhost systemd[1]: Listening on Process Core Dump Socket.
May 28 07:29:34.525339 localhost systemd[1]: Listening on udev Control Socket.
May 28 07:29:34.525347 localhost systemd[1]: Listening on udev Kernel Socket.
May 28 07:29:34.525355 localhost systemd[1]: Mounting Huge Pages File System...
May 28 07:29:34.525363 localhost systemd[1]: Mounting POSIX Message Queue File System...
May 28 07:29:34.525371 localhost systemd[1]: Mounting Kernel Debug File System...
May 28 07:29:34.525382 localhost systemd[1]: Mounting Kernel Trace File System...
May 28 07:29:34.525390 localhost systemd[1]: Mounting Temporary Directory /tmp...
May 28 07:29:34.525398 localhost systemd[1]: Ignition (delete config) was skipped because no trigger condition checks were met.
May 28 07:29:34.525406 localhost systemd[1]: Starting Create List of Static Device Nodes...
May 28 07:29:34.525415 localhost systemd[1]: Starting Monitoring of LVM2 mirrors, snapshots etc. using dmeventd or progress polling...
May 28 07:29:34.525423 localhost systemd[1]: Starting Load Kernel Module configfs...
May 28 07:29:34.525431 localhost systemd[1]: Starting Load Kernel Module dm_mod...
May 28 07:29:34.525439 localhost systemd[1]: Starting Load Kernel Module drm...
May 28 07:29:34.525447 localhost systemd[1]: Starting Load Kernel Module efi_pstore...
May 28 07:29:34.525457 localhost systemd[1]: Starting Load Kernel Module fuse...
May 28 07:29:34.525465 localhost systemd[1]: Starting Load Kernel Module loop...
May 28 07:29:34.525473 localhost systemd[1]: Starting Relabel /root...
May 28 07:29:34.525481 localhost systemd[1]: systemd-fsck-root.service: Deactivated successfully.
May 28 07:29:34.525489 localhost systemd[1]: Stopped File System Check on Root Device.
May 28 07:29:34.525497 localhost systemd[1]: Starting Journal Service...
May 28 07:29:34.525506 localhost systemd[1]: Load Kernel Modules was skipped because no trigger condition checks were met.
May 28 07:29:34.525514 localhost systemd[1]: Apply Kernel Variables for 6.9.1-1-default from /boot was skipped because of an unmet condition check (ConditionPathExists=!/usr/lib/modules/6.9.1-1-default/sysctl.conf).
May 28 07:29:34.525522 localhost kernel: loop: module loaded
May 28 07:29:34.525531 localhost systemd[1]: Starting Apply Kernel Variables for 6.9.1-1-default...
May 28 07:29:34.525541 localhost systemd[1]: Starting Remount Root and Kernel File Systems...
May 28 07:29:34.525549 localhost systemd[1]: Starting Coldplug All udev Devices...
May 28 07:29:34.525557 localhost systemd[1]: Mounted Huge Pages File System.
May 28 07:29:34.525565 localhost kernel: fuse: init (API version 7.40)
May 28 07:29:34.525572 localhost systemd[1]: Mounted POSIX Message Queue File System.
May 28 07:29:34.525580 localhost systemd[1]: Mounted Kernel Debug File System.
May 28 07:29:34.525588 localhost systemd[1]: Mounted Kernel Trace File System.
May 28 07:29:34.525596 localhost systemd[1]: Mounted Temporary Directory /tmp.
May 28 07:29:34.525604 localhost systemd[1]: Finished Create List of Static Device Nodes.
May 28 07:29:34.525612 localhost systemd[1]: modprobe@configfs.service: Deactivated successfully.
May 28 07:29:34.525621 localhost systemd[1]: Finished Load Kernel Module configfs.
May 28 07:29:34.525629 localhost systemd[1]: modprobe@dm_mod.service: Deactivated successfully.
May 28 07:29:34.525639 localhost systemd[1]: Finished Load Kernel Module dm_mod.
May 28 07:29:34.525647 localhost systemd[1]: modprobe@drm.service: Deactivated successfully.
May 28 07:29:34.525655 localhost systemd[1]: Finished Load Kernel Module drm.
May 28 07:29:34.525663 localhost systemd[1]: modprobe@efi_pstore.service: Deactivated successfully.
May 28 07:29:34.525671 localhost systemd[1]: Finished Load Kernel Module efi_pstore.
May 28 07:29:34.525679 localhost systemd[1]: modprobe@fuse.service: Deactivated successfully.
May 28 07:29:34.525687 localhost systemd[1]: Finished Load Kernel Module fuse.
May 28 07:29:34.525695 localhost systemd[1]: modprobe@loop.service: Deactivated successfully.
May 28 07:29:34.525703 localhost systemd[1]: Finished Load Kernel Module loop.
May 28 07:29:34.525711 localhost systemd[1]: root-relabel.service: Deactivated successfully.
May 28 07:29:34.525719 localhost systemd[1]: Finished Relabel /root.
May 28 07:29:34.525727 localhost systemd[1]: Finished Apply Kernel Variables for 6.9.1-1-default.
May 28 07:29:34.525755 localhost systemd-journald[1347]: Collecting audit messages is disabled.
May 28 07:29:34.525773 localhost systemd-journald[1347]: Journal started
May 28 07:29:34.525789 localhost systemd-journald[1347]: Runtime Journal (/run/log/journal/1a7c91a58ee54cc3abf5c65af5a2269e) is 2.4M, max 19.3M, 16.9M free.
May 28 07:29:33.625294 localhost systemd[1]: Queued start job for default target Multi-User System.
May 28 07:29:33.645891 localhost systemd[1]: Unnecessary job was removed for /dev/vda3.
May 28 07:29:33.646255 localhost systemd[1]: systemd-journald.service: Deactivated successfully.
May 28 07:29:34.548876 localhost systemd[1]: Mounting FUSE Control File System...
May 28 07:29:34.548903 localhost systemd[1]: Mounting Kernel Configuration File System...
May 28 07:29:34.548920 localhost systemd[1]: Repartition Root Disk was skipped because no trigger condition checks were met.
May 28 07:29:34.577842 localhost systemd[1]: Starting Apply Kernel Variables...
May 28 07:29:34.604512 localhost systemd[1]: Starting Create Static Device Nodes in /dev gracefully...
May 28 07:29:34.604540 localhost systemd[1]: Started Journal Service.
May 28 07:29:34.605777 localhost systemd[1]: Finished Monitoring of LVM2 mirrors, snapshots etc. using dmeventd or progress polling.
May 28 07:29:34.611597 localhost systemd[1]: Mounted FUSE Control File System.
May 28 07:29:34.611918 localhost systemd[1]: Mounted Kernel Configuration File System.
May 28 07:29:34.658373 localhost systemd[1]: Finished Apply Kernel Variables.
May 28 07:29:34.686968 localhost systemd[1]: Finished Remount Root and Kernel File Systems.
May 28 07:29:34.775506 localhost systemd[1]: Rebuild Hardware Database was skipped because of an unmet condition check (ConditionNeedsUpdate=/etc).
May 28 07:29:34.775629 localhost systemd[1]: Platform Persistent Storage Archival was skipped because of an unmet condition check (ConditionDirectoryNotEmpty=/sys/fs/pstore).
May 28 07:29:34.815445 localhost systemd[1]: Starting Load/Save OS Random Seed...
May 28 07:29:34.816681 localhost systemd[1]: Finished Coldplug All udev Devices.
May 28 07:29:34.935867 localhost systemd[1]: Finished Load/Save OS Random Seed.
May 28 07:29:35.058698 localhost systemd[1]: Finished Create Static Device Nodes in /dev gracefully.
May 28 07:29:35.059501 localhost systemd[1]: Create System Users was skipped because no trigger condition checks were met.
May 28 07:29:35.064705 localhost systemd[1]: Starting Create Static Device Nodes in /dev...
May 28 07:29:35.226500 localhost systemd[1]: Finished Create Static Device Nodes in /dev.
May 28 07:29:35.226999 localhost systemd[1]: Reached target Preparation for Local File Systems.
May 28 07:29:35.319718 localhost systemd[1]: Starting Rule-based Manager for Device Events and Files...
May 28 07:29:35.451148 localhost systemd-udevd[1387]: Using default interface naming scheme 'v255'.
May 28 07:29:35.480405 localhost systemd[1]: Started Rule-based Manager for Device Events and Files.
May 28 07:29:35.648207 localhost systemd[1]: Condition check resulted in /dev/ttyS0 being skipped.
May 28 07:29:35.648268 localhost systemd[1]: Condition check resulted in /dev/hvc0 being skipped.
May 28 07:29:35.739564 localhost systemd[1]: Condition check resulted in /dev/disk/by-uuid/D27B-68DF being skipped.
May 28 07:29:35.784581 localhost systemd[1]: Mounting /boot/efi...
May 28 07:29:35.966145 localhost systemd[1]: Found device /dev/disk/by-uuid/8bc5a620-43f2-4cb4-bc93-ae33026e601c.
May 28 07:29:36.003654 localhost systemd[1]: Mounting /.snapshots...
May 28 07:29:36.013062 localhost kernel: piix4_smbus 0000:00:01.3: SMBus Host Controller at 0x700, revision 0
May 28 07:29:36.044536 localhost kernel: parport_pc 00:03: reported by Plug and Play ACPI
May 28 07:29:36.044678 localhost kernel: parport0: PC-style at 0x378, irq 7 [PCSPP,TRISTATE]
May 28 07:29:36.044690 localhost kernel: input: PC Speaker as /devices/platform/pcspkr/input/input6
May 28 07:29:36.050304 localhost systemd[1]: Mounting /boot/grub2/i386-pc...
May 28 07:29:36.109257 localhost systemd[1]: Mounting /boot/grub2/x86_64-efi...
May 28 07:29:36.133118 localhost systemd[1]: Mounting /boot/writable...
May 28 07:29:36.144593 localhost systemd[1]: Mounting /home...
May 28 07:29:36.151289 localhost kernel: ppdev: user-space parallel port driver
May 28 07:29:36.151408 localhost systemd[1]: Mounting /opt...
May 28 07:29:36.354701 localhost systemd[1]: Mounting /srv...
May 28 07:29:36.366597 localhost systemd[1]: Mounting /usr/local...
May 28 07:29:36.391185 localhost kernel: kvm_amd: Nested Virtualization enabled
May 28 07:29:36.391214 localhost kernel: kvm_amd: Nested Paging enabled
May 28 07:29:36.387350 localhost systemd[1]: Mounted /boot/efi.
May 28 07:29:36.387718 localhost systemd[1]: Mounted /.snapshots.
May 28 07:29:36.388087 localhost systemd[1]: Mounted /boot/grub2/i386-pc.
May 28 07:29:36.388435 localhost systemd[1]: Mounted /boot/grub2/x86_64-efi.
May 28 07:29:36.388781 localhost systemd[1]: Mounted /boot/writable.
May 28 07:29:36.389122 localhost systemd[1]: Mounted /home.
May 28 07:29:36.389455 localhost systemd[1]: Mounted /opt.
May 28 07:29:36.389775 localhost systemd[1]: Mounted /srv.
May 28 07:29:36.390104 localhost systemd[1]: Mounted /usr/local.
May 28 07:29:36.512441 localhost kernel: snd_hda_codec_generic hdaudioC0D0: autoconfig for Generic: line_outs=1 (0x3/0x0/0x0/0x0/0x0) type:line
May 28 07:29:36.512622 localhost kernel: snd_hda_codec_generic hdaudioC0D0:    speaker_outs=0 (0x0/0x0/0x0/0x0/0x0)
May 28 07:29:36.512743 localhost kernel: snd_hda_codec_generic hdaudioC0D0:    hp_outs=0 (0x0/0x0/0x0/0x0/0x0)
