May 28 07:30:37.178323 localhost kernel: Linux version 6.9.1-1-default (geeko@buildhost) (gcc (SUSE Linux) 13.2.1 20240509 [revision b7a2697733d19a093cbdd0e200ffce069a4bc812], GNU ld (GNU Binutils; openSUSE Tumbleweed) 2.42.0.20240130-3) #1 SMP PREEMPT_DYNAMIC Fri May 17 11:59:46 UTC 2024 (0c0b0b5)
May 28 07:30:37.178343 localhost kernel: Command line: BOOT_IMAGE=/boot/vmlinuz-6.9.1-1-default root=UUID=8bc5a620-43f2-4cb4-bc93-ae33026e601c rd.timeout=60 rd.retry=45 quiet systemd.show_status=yes console=ttyS0,115200 console=tty0 ignition.platform.id=qemu security=selinux selinux=1
May 28 07:30:37.178350 localhost kernel: BIOS-provided physical RAM map:
May 28 07:30:37.178356 localhost kernel: BIOS-e820: [mem 0x0000000000000000-0x000000000009fbff] usable
May 28 07:30:37.178361 localhost kernel: BIOS-e820: [mem 0x000000000009fc00-0x000000000009ffff] reserved
May 28 07:30:37.178366 localhost kernel: BIOS-e820: [mem 0x00000000000f0000-0x00000000000fffff] reserved
May 28 07:30:37.178372 localhost kernel: BIOS-e820: [mem 0x0000000000100000-0x000000003ffd8fff] usable
May 28 07:30:37.178377 localhost kernel: BIOS-e820: [mem 0x000000003ffd9000-0x000000003fffffff] reserved
May 28 07:30:37.178382 localhost kernel: BIOS-e820: [mem 0x00000000feffc000-0x00000000feffffff] reserved
May 28 07:30:37.178387 localhost kernel: BIOS-e820: [mem 0x00000000fffc0000-0x00000000ffffffff] reserved
May 28 07:30:37.178392 localhost kernel: BIOS-e820: [mem 0x000000fd00000000-0x000000ffffffffff] reserved
May 28 07:30:37.178397 localhost kernel: NX (Execute Disable) protection: active
May 28 07:30:37.178402 localhost kernel: APIC: Static calls initialized
May 28 07:30:37.178409 localhost kernel: SMBIOS 2.8 present.
May 28 07:30:37.178415 localhost kernel: DMI: QEMU Standard PC (i440FX + PIIX, 1996), BIOS rel-1.16.0-0-gd239552c-rebuilt.opensuse.org 04/01/2014
May 28 07:30:37.178420 localhost kernel: Hypervisor detected: KVM
May 28 07:30:37.178425 localhost kernel: kvm-clock: Using msrs 4b564d01 and 4b564d00
May 28 07:30:37.178430 localhost kernel: kvm-clock: using sched offset of 9902967411 cycles
May 28 07:30:37.178435 localhost kernel: clocksource: kvm-clock: mask: 0xffffffffffffffff max_cycles: 0x1cd42e4dffb, max_idle_ns: 881590591483 ns
May 28 07:30:37.178440 localhost kernel: tsc: Detected 2199.998 MHz processor
May 28 07:30:37.178446 localhost kernel: e820: update [mem 0x00000000-0x00000fff] usable ==> reserved
May 28 07:30:37.178451 localhost kernel: e820: remove [mem 0x000a0000-0x000fffff] usable
May 28 07:30:37.178458 localhost kernel: last_pfn = 0x3ffd9 max_arch_pfn = 0x400000000
May 28 07:30:37.178463 localhost kernel: MTRR map: 4 entries (3 fixed + 1 variable; max 19), built from 8 variable MTRRs
May 28 07:30:37.178469 localhost kernel: x86/PAT: Configuration [0-7]: WB  WC  UC- UC  WB  WP  UC- WT  
May 28 07:30:37.178474 localhost kernel: found SMP MP-table at [mem 0x000f5b40-0x000f5b4f]
May 28 07:30:37.178479 localhost kernel: Using GB pages for direct mapping
May 28 07:30:37.178484 localhost kernel: RAMDISK: [mem 0x2bc9b000-0x31e44fff]
May 28 07:30:37.178489 localhost kernel: ACPI: Early table checksum verification disabled
May 28 07:30:37.178494 localhost kernel: ACPI: RSDP 0x00000000000F5960 000014 (v00 BOCHS )
May 28 07:30:37.178499 localhost kernel: ACPI: RSDT 0x000000003FFE18F4 000034 (v01 BOCHS  BXPC     00000001 BXPC 00000001)
May 28 07:30:37.178504 localhost kernel: ACPI: FACP 0x000000003FFE17A8 000074 (v01 BOCHS  BXPC     00000001 BXPC 00000001)
May 28 07:30:37.178509 localhost kernel: ACPI: DSDT 0x000000003FFE0040 001768 (v01 BOCHS  BXPC     00000001 BXPC 00000001)
May 28 07:30:37.178514 localhost kernel: ACPI: FACS 0x000000003FFE0000 000040
May 28 07:30:37.178521 localhost kernel: ACPI: APIC 0x000000003FFE181C 000078 (v01 BOCHS  BXPC     00000001 BXPC 00000001)
May 28 07:30:37.178526 localhost kernel: ACPI: HPET 0x000000003FFE1894 000038 (v01 BOCHS  BXPC     00000001 BXPC 00000001)
May 28 07:30:37.178531 localhost kernel: ACPI: WAET 0x000000003FFE18CC 000028 (v01 BOCHS  BXPC     00000001 BXPC 00000001)
May 28 07:30:37.178537 localhost kernel: ACPI: Reserving FACP table memory at [mem 0x3ffe17a8-0x3ffe181b]
May 28 07:30:37.178542 localhost kernel: ACPI: Reserving DSDT table memory at [mem 0x3ffe0040-0x3ffe17a7]
May 28 07:30:37.178547 localhost kernel: ACPI: Reserving FACS table memory at [mem 0x3ffe0000-0x3ffe003f]
May 28 07:30:37.178555 localhost kernel: ACPI: Reserving APIC table memory at [mem 0x3ffe181c-0x3ffe1893]
May 28 07:30:37.178560 localhost kernel: ACPI: Reserving HPET table memory at [mem 0x3ffe1894-0x3ffe18cb]
May 28 07:30:37.178565 localhost kernel: ACPI: Reserving WAET table memory at [mem 0x3ffe18cc-0x3ffe18f3]
May 28 07:30:37.178570 localhost kernel: No NUMA configuration found
May 28 07:30:37.178575 localhost kernel: Faking a node at [mem 0x0000000000000000-0x000000003ffd8fff]
May 28 07:30:37.178580 localhost kernel: NODE_DATA(0) allocated [mem 0x3ffae000-0x3ffd8fff]
May 28 07:30:37.178585 localhost kernel: Zone ranges:
May 28 07:30:37.178590 localhost kernel:   DMA      [mem 0x0000000000001000-0x0000000000ffffff]
May 28 07:30:37.178595 localhost kernel:   DMA32    [mem 0x0000000001000000-0x000000003ffd8fff]
May 28 07:30:37.178602 localhost kernel:   Normal   empty
May 28 07:30:37.178607 localhost kernel:   Device   empty
May 28 07:30:37.178612 localhost kernel: Movable zone start for each node
May 28 07:30:37.178617 localhost kernel: Early memory node ranges
May 28 07:30:37.178622 localhost kernel:   node   0: [mem 0x0000000000001000-0x000000000009efff]
May 28 07:30:37.178627 localhost kernel:   node   0: [mem 0x0000000000100000-0x000000003ffd8fff]
May 28 07:30:37.178632 localhost kernel: Initmem setup node 0 [mem 0x0000000000001000-0x000000003ffd8fff]
May 28 07:30:37.178637 localhost kernel: On node 0, zone DMA: 1 pages in unavailable ranges
May 28 07:30:37.178642 localhost kernel: On node 0, zone DMA: 97 pages in unavailable ranges
May 28 07:30:37.178647 localhost kernel: On node 0, zone DMA32: 39 pages in unavailable ranges
May 28 07:30:37.178652 localhost kernel: ACPI: PM-Timer IO Port: 0x608
May 28 07:30:37.178658 localhost kernel: ACPI: LAPIC_NMI (acpi_id[0xff] dfl dfl lint[0x1])
May 28 07:30:37.178663 localhost kernel: IOAPIC[0]: apic_id 0, version 17, address 0xfec00000, GSI 0-23
May 28 07:30:37.178669 localhost kernel: ACPI: INT_SRC_OVR (bus 0 bus_irq 0 global_irq 2 dfl dfl)
May 28 07:30:37.178674 localhost kernel: ACPI: INT_SRC_OVR (bus 0 bus_irq 5 global_irq 5 high level)
May 28 07:30:37.178680 localhost kernel: ACPI: INT_SRC_OVR (bus 0 bus_irq 9 global_irq 9 high level)
May 28 07:30:37.178685 localhost kernel: ACPI: INT_SRC_OVR (bus 0 bus_irq 10 global_irq 10 high level)
May 28 07:30:37.178690 localhost kernel: ACPI: INT_SRC_OVR (bus 0 bus_irq 11 global_irq 11 high level)
May 28 07:30:37.178695 localhost kernel: ACPI: Using ACPI (MADT) for SMP configuration information
May 28 07:30:37.178700 localhost kernel: ACPI: HPET id: 0x8086a201 base: 0xfed00000
May 28 07:30:37.178705 localhost kernel: TSC deadline timer available
May 28 07:30:37.178710 localhost kernel: CPU topo: Max. logical packages:   1
May 28 07:30:37.178715 localhost kernel: CPU topo: Max. logical dies:       1
May 28 07:30:37.178720 localhost kernel: CPU topo: Max. dies per package:   1
May 28 07:30:37.178725 localhost kernel: CPU topo: Max. threads per core:   1
May 28 07:30:37.178731 localhost kernel: CPU topo: Num. cores per package:     1
May 28 07:30:37.178736 localhost kernel: CPU topo: Num. threads per package:   1
May 28 07:30:37.178741 localhost kernel: CPU topo: Allowing 1 present CPUs plus 0 hotplug CPUs
May 28 07:30:37.178746 localhost kernel: kvm-guest: APIC: eoi() replaced with kvm_guest_apic_eoi_write()
May 28 07:30:37.178752 localhost kernel: PM: hibernation: Registered nosave memory: [mem 0x00000000-0x00000fff]
May 28 07:30:37.178757 localhost kernel: PM: hibernation: Registered nosave memory: [mem 0x0009f000-0x0009ffff]
May 28 07:30:37.178762 localhost kernel: PM: hibernation: Registered nosave memory: [mem 0x000a0000-0x000effff]
May 28 07:30:37.178767 localhost kernel: PM: hibernation: Registered nosave memory: [mem 0x000f0000-0x000fffff]
May 28 07:30:37.178772 localhost kernel: [mem 0x40000000-0xfeffbfff] available for PCI devices
May 28 07:30:37.178777 localhost kernel: Booting paravirtualized kernel on KVM
May 28 07:30:37.178782 localhost kernel: clocksource: refined-jiffies: mask: 0xffffffff max_cycles: 0xffffffff, max_idle_ns: 6370452778343963 ns
May 28 07:30:37.178787 localhost kernel: setup_percpu: NR_CPUS:8192 nr_cpumask_bits:1 nr_cpu_ids:1 nr_node_ids:1
May 28 07:30:37.178794 localhost kernel: percpu: Embedded 72 pages/cpu s258048 r8192 d28672 u2097152
May 28 07:30:37.178799 localhost kernel: pcpu-alloc: s258048 r8192 d28672 u2097152 alloc=1*2097152
May 28 07:30:37.178804 localhost kernel: pcpu-alloc: [0] 0 
May 28 07:30:37.178809 localhost kernel: kvm-guest: PV spinlocks disabled, single CPU
May 28 07:30:37.178815 localhost kernel: Kernel command line: BOOT_IMAGE=/boot/vmlinuz-6.9.1-1-default root=UUID=8bc5a620-43f2-4cb4-bc93-ae33026e601c rd.timeout=60 rd.retry=45 quiet systemd.show_status=yes console=ttyS0,115200 console=tty0 ignition.platform.id=qemu security=selinux selinux=1
May 28 07:30:37.178821 localhost kernel: Unknown kernel command line parameters "BOOT_IMAGE=/boot/vmlinuz-6.9.1-1-default", will be passed to user space.
May 28 07:30:37.178826 localhost kernel: random: crng init done
May 28 07:30:37.178831 localhost kernel: Dentry cache hash table entries: 131072 (order: 8, 1048576 bytes, linear)
May 28 07:30:37.178837 localhost kernel: Inode-cache hash table entries: 65536 (order: 7, 524288 bytes, linear)
May 28 07:30:37.178842 localhost kernel: Fallback order for Node 0: 0 
May 28 07:30:37.178847 localhost kernel: Built 1 zonelists, mobility grouping on.  Total pages: 257753
May 28 07:30:37.178853 localhost kernel: Policy zone: DMA32
May 28 07:30:37.178859 localhost kernel: mem auto-init: stack:off, heap alloc:off, heap free:off
May 28 07:30:37.178864 localhost kernel: Memory: 260860K/1048028K available (16384K kernel code, 3000K rwdata, 13020K rodata, 4224K init, 4384K bss, 166260K reserved, 0K cma-reserved)
May 28 07:30:37.178869 localhost kernel: SLUB: HWalign=64, Order=0-3, MinObjects=0, CPUs=1, Nodes=1
May 28 07:30:37.178874 localhost kernel: ftrace: allocating 47505 entries in 186 pages
May 28 07:30:37.178879 localhost kernel: ftrace: allocated 186 pages with 5 groups
May 28 07:30:37.178884 localhost kernel: Dynamic Preempt: voluntary
May 28 07:30:37.178890 localhost kernel: rcu: Preemptible hierarchical RCU implementation.
May 28 07:30:37.178898 localhost kernel: rcu:         RCU event tracing is enabled.
May 28 07:30:37.178904 localhost kernel: rcu:         RCU restricting CPUs from NR_CPUS=8192 to nr_cpu_ids=1.
May 28 07:30:37.178909 localhost kernel:         Trampoline variant of Tasks RCU enabled.
May 28 07:30:37.178914 localhost kernel:         Rude variant of Tasks RCU enabled.
May 28 07:30:37.178921 localhost kernel:         Tracing variant of Tasks RCU enabled.
May 28 07:30:37.178926 localhost kernel: rcu: RCU calculated value of scheduler-enlistment delay is 30 jiffies.
May 28 07:30:37.187737 localhost kernel: rcu: Adjusting geometry for rcu_fanout_leaf=16, nr_cpu_ids=1
May 28 07:30:37.187747 localhost kernel: RCU Tasks: Setting shift to 0 and lim to 1 rcu_task_cb_adjust=1.
May 28 07:30:37.187754 localhost kernel: RCU Tasks Rude: Setting shift to 0 and lim to 1 rcu_task_cb_adjust=1.
May 28 07:30:37.187759 localhost kernel: RCU Tasks Trace: Setting shift to 0 and lim to 1 rcu_task_cb_adjust=1.
May 28 07:30:37.187765 localhost kernel: NR_IRQS: 524544, nr_irqs: 256, preallocated irqs: 16
May 28 07:30:37.187770 localhost kernel: rcu: srcu_init: Setting srcu_struct sizes based on contention.
May 28 07:30:37.187775 localhost kernel: Console: colour dummy device 80x25
May 28 07:30:37.187787 localhost kernel: printk: legacy console [tty0] enabled
May 28 07:30:37.187792 localhost kernel: printk: legacy console [ttyS0] enabled
May 28 07:30:37.187797 localhost kernel: ACPI: Core revision 20230628
May 28 07:30:37.187802 localhost kernel: clocksource: hpet: mask: 0xffffffff max_cycles: 0xffffffff, max_idle_ns: 19112604467 ns
May 28 07:30:37.187807 localhost kernel: APIC: Switch to symmetric I/O mode setup
May 28 07:30:37.187814 localhost kernel: x2apic enabled
May 28 07:30:37.187819 localhost kernel: APIC: Switched APIC routing to: physical x2apic
May 28 07:30:37.187824 localhost kernel: ..TIMER: vector=0x30 apic1=0 pin1=2 apic2=-1 pin2=-1
May 28 07:30:37.187830 localhost kernel: clocksource: tsc-early: mask: 0xffffffffffffffff max_cycles: 0x1fb63109b96, max_idle_ns: 440795265316 ns
May 28 07:30:37.187835 localhost kernel: Calibrating delay loop (skipped) preset value.. 4401.32 BogoMIPS (lpj=7333326)
May 28 07:30:37.187841 localhost kernel: x86/cpu: User Mode Instruction Prevention (UMIP) activated
May 28 07:30:37.187846 localhost kernel: Last level iTLB entries: 4KB 512, 2MB 255, 4MB 127
May 28 07:30:37.187851 localhost kernel: Last level dTLB entries: 4KB 512, 2MB 255, 4MB 127, 1GB 0
May 28 07:30:37.187858 localhost kernel: Spectre V1 : Mitigation: usercopy/swapgs barriers and __user pointer sanitization
May 28 07:30:37.187863 localhost kernel: Spectre V2 : Mitigation: Retpolines
May 28 07:30:37.187868 localhost kernel: Spectre V2 : Spectre v2 / SpectreRSB mitigation: Filling RSB on context switch
May 28 07:30:37.187873 localhost kernel: Spectre V2 : Spectre v2 / SpectreRSB : Filling RSB on VMEXIT
May 28 07:30:37.187878 localhost kernel: Spectre V2 : Enabling Restricted Speculation for firmware calls
May 28 07:30:37.187884 localhost kernel: Spectre V2 : mitigation: Enabling conditional Indirect Branch Prediction Barrier
May 28 07:30:37.187889 localhost kernel: Speculative Store Bypass: Mitigation: Speculative Store Bypass disabled via prctl
May 28 07:30:37.187894 localhost kernel: Speculative Return Stack Overflow: IBPB-extending microcode not applied!
May 28 07:30:37.187900 localhost kernel: Speculative Return Stack Overflow: WARNING: See https://kernel.org/doc/html/latest/admin-guide/hw-vuln/srso.html for mitigation options.
May 28 07:30:37.187905 localhost kernel: Speculative Return Stack Overflow: Vulnerable: Safe RET, no microcode
May 28 07:30:37.187910 localhost kernel: x86/fpu: Supporting XSAVE feature 0x001: 'x87 floating point registers'
May 28 07:30:37.187917 localhost kernel: x86/fpu: Supporting XSAVE feature 0x002: 'SSE registers'
May 28 07:30:37.187922 localhost kernel: x86/fpu: Supporting XSAVE feature 0x004: 'AVX registers'
May 28 07:30:37.187927 localhost kernel: x86/fpu: Supporting XSAVE feature 0x200: 'Protection Keys User registers'
May 28 07:30:37.187932 localhost kernel: x86/fpu: xstate_offset[2]:  576, xstate_sizes[2]:  256
May 28 07:30:37.187937 localhost kernel: x86/fpu: xstate_offset[9]:  832, xstate_sizes[9]:    8
May 28 07:30:37.187943 localhost kernel: x86/fpu: Enabled xstate features 0x207, context size is 840 bytes, using 'compacted' format.
May 28 07:30:37.187948 localhost kernel: Freeing SMP alternatives memory: 40K
May 28 07:30:37.187953 localhost kernel: pid_max: default: 32768 minimum: 301
May 28 07:30:37.187958 localhost kernel: LSM: initializing lsm=lockdown,capability,landlock,yama,selinux,bpf,ima,evm
May 28 07:30:37.187963 localhost kernel: landlock: Up and running.
May 28 07:30:37.187968 localhost kernel: Yama: becoming mindful.
May 28 07:30:37.187973 localhost kernel: SELinux:  Initializing.
May 28 07:30:37.187978 localhost kernel: LSM support for eBPF active
May 28 07:30:37.187985 localhost kernel: Mount-cache hash table entries: 2048 (order: 2, 16384 bytes, linear)
May 28 07:30:37.187990 localhost kernel: Mountpoint-cache hash table entries: 2048 (order: 2, 16384 bytes, linear)
May 28 07:30:37.187995 localhost kernel: smpboot: CPU0: AMD EPYC 7773X 64-Core Processor (family: 0x19, model: 0x1, stepping: 0x2)
May 28 07:30:37.188000 localhost kernel: Performance Events: Fam17h+ core perfctr, AMD PMU driver.
May 28 07:30:37.188005 localhost kernel: ... version:                0
May 28 07:30:37.188010 localhost kernel: ... bit width:              48
May 28 07:30:37.188015 localhost kernel: ... generic registers:      6
May 28 07:30:37.188020 localhost kernel: ... value mask:             0000ffffffffffff
May 28 07:30:37.188025 localhost kernel: ... max period:             00007fffffffffff
May 28 07:30:37.188030 localhost kernel: ... fixed-purpose events:   0
May 28 07:30:37.188035 localhost kernel: ... event mask:             000000000000003f
May 28 07:30:37.188042 localhost kernel: signal: max sigframe size: 3376
May 28 07:30:37.188047 localhost kernel: rcu: Hierarchical SRCU implementation.
May 28 07:30:37.188053 localhost kernel: rcu:         Max phase no-delay instances is 1000.
May 28 07:30:37.188058 localhost kernel: smp: Bringing up secondary CPUs ...
May 28 07:30:37.188063 localhost kernel: smp: Brought up 1 node, 1 CPU
May 28 07:30:37.188068 localhost kernel: smpboot: Total of 1 processors activated (4401.32 BogoMIPS)
May 28 07:30:37.188073 localhost kernel: node 0 deferred pages initialised in 4ms
May 28 07:30:37.188078 localhost kernel: devtmpfs: initialized
May 28 07:30:37.188083 localhost kernel: x86/mm: Memory block size: 128MB
May 28 07:30:37.188089 localhost kernel: clocksource: jiffies: mask: 0xffffffff max_cycles: 0xffffffff, max_idle_ns: 6370867519511994 ns
May 28 07:30:37.188094 localhost kernel: futex hash table entries: 256 (order: 2, 16384 bytes, linear)
May 28 07:30:37.188099 localhost kernel: pinctrl core: initialized pinctrl subsystem
May 28 07:30:37.188105 localhost kernel: PM: RTC time: 07:30:35, date: 2024-05-28
May 28 07:30:37.188111 localhost kernel: NET: Registered PF_NETLINK/PF_ROUTE protocol family
May 28 07:30:37.188116 localhost kernel: DMA: preallocated 128 KiB GFP_KERNEL pool for atomic allocations
May 28 07:30:37.188121 localhost kernel: DMA: preallocated 128 KiB GFP_KERNEL|GFP_DMA pool for atomic allocations
May 28 07:30:37.188126 localhost kernel: DMA: preallocated 128 KiB GFP_KERNEL|GFP_DMA32 pool for atomic allocations
May 28 07:30:37.188131 localhost kernel: audit: initializing netlink subsys (disabled)
May 28 07:30:37.188136 localhost kernel: audit: type=2000 audit(1716881436.653:1): state=initialized audit_enabled=0 res=1
May 28 07:30:37.188141 localhost kernel: thermal_sys: Registered thermal governor 'fair_share'
May 28 07:30:37.188146 localhost kernel: thermal_sys: Registered thermal governor 'bang_bang'
May 28 07:30:37.188151 localhost kernel: thermal_sys: Registered thermal governor 'step_wise'
May 28 07:30:37.188157 localhost kernel: thermal_sys: Registered thermal governor 'user_space'
May 28 07:30:37.188162 localhost kernel: cpuidle: using governor ladder
May 28 07:30:37.188168 localhost kernel: cpuidle: using governor menu
May 28 07:30:37.188173 localhost kernel: acpiphp: ACPI Hot Plug PCI Controller Driver version: 0.5
May 28 07:30:37.188179 localhost kernel: PCI: Using configuration type 1 for base access
May 28 07:30:37.188184 localhost kernel: PCI: Using configuration type 1 for extended access
May 28 07:30:37.188189 localhost kernel: kprobes: kprobe jump-optimization is enabled. All kprobes are optimized if possible.
May 28 07:30:37.188194 localhost kernel: HugeTLB: registered 1.00 GiB page size, pre-allocated 0 pages
May 28 07:30:37.188199 localhost kernel: HugeTLB: 16380 KiB vmemmap can be freed for a 1.00 GiB page
May 28 07:30:37.188204 localhost kernel: HugeTLB: registered 2.00 MiB page size, pre-allocated 0 pages
May 28 07:30:37.188209 localhost kernel: HugeTLB: 28 KiB vmemmap can be freed for a 2.00 MiB page
May 28 07:30:37.188214 localhost kernel: Demotion targets for Node 0: null
May 28 07:30:37.188219 localhost kernel: ACPI: Added _OSI(Module Device)
May 28 07:30:37.188224 localhost kernel: ACPI: Added _OSI(Processor Device)
May 28 07:30:37.188231 localhost kernel: ACPI: Added _OSI(3.0 _SCP Extensions)
May 28 07:30:37.188236 localhost kernel: ACPI: Added _OSI(Processor Aggregator Device)
May 28 07:30:37.188241 localhost kernel: ACPI: 1 ACPI AML tables successfully acquired and loaded
May 28 07:30:37.188246 localhost kernel: ACPI: _OSC evaluation for CPUs failed, trying _PDC
May 28 07:30:37.188251 localhost kernel: ACPI: Interpreter enabled
May 28 07:30:37.188256 localhost kernel: ACPI: PM: (supports S0 S3 S4 S5)
May 28 07:30:37.188261 localhost kernel: ACPI: Using IOAPIC for interrupt routing
May 28 07:30:37.188267 localhost kernel: PCI: Using host bridge windows from ACPI; if necessary, use "pci=nocrs" and report a bug
May 28 07:30:37.188272 localhost kernel: PCI: Using E820 reservations for host bridge windows
May 28 07:30:37.188277 localhost kernel: ACPI: Enabled 2 GPEs in block 00 to 0F
May 28 07:30:37.188282 localhost kernel: ACPI: PCI Root Bridge [PCI0] (domain 0000 [bus 00-ff])
May 28 07:30:37.188452 localhost kernel: acpi PNP0A03:00: _OSC: OS supports [ExtendedConfig ASPM ClockPM Segments MSI EDR HPX-Type3]
May 28 07:30:37.188464 localhost kernel: acpiphp: Slot [3] registered
May 28 07:30:37.188469 localhost kernel: acpiphp: Slot [4] registered
May 28 07:30:37.188474 localhost kernel: acpiphp: Slot [5] registered
May 28 07:30:37.188479 localhost kernel: acpiphp: Slot [6] registered
May 28 07:30:37.188484 localhost kernel: acpiphp: Slot [7] registered
May 28 07:30:37.188489 localhost kernel: acpiphp: Slot [8] registered
May 28 07:30:37.188494 localhost kernel: acpiphp: Slot [9] registered
May 28 07:30:37.188499 localhost kernel: acpiphp: Slot [10] registered
May 28 07:30:37.188504 localhost kernel: acpiphp: Slot [11] registered
May 28 07:30:37.188509 localhost kernel: acpiphp: Slot [12] registered
May 28 07:30:37.188517 localhost kernel: acpiphp: Slot [13] registered
May 28 07:30:37.188522 localhost kernel: acpiphp: Slot [14] registered
May 28 07:30:37.188527 localhost kernel: acpiphp: Slot [15] registered
May 28 07:30:37.188532 localhost kernel: acpiphp: Slot [16] registered
May 28 07:30:37.188537 localhost kernel: acpiphp: Slot [17] registered
May 28 07:30:37.188542 localhost kernel: acpiphp: Slot [18] registered
May 28 07:30:37.188547 localhost kernel: acpiphp: Slot [19] registered
May 28 07:30:37.188552 localhost kernel: acpiphp: Slot [20] registered
May 28 07:30:37.188557 localhost kernel: acpiphp: Slot [21] registered
May 28 07:30:37.188562 localhost kernel: acpiphp: Slot [22] registered
May 28 07:30:37.188567 localhost kernel: acpiphp: Slot [23] registered
May 28 07:30:37.188572 localhost kernel: acpiphp: Slot [24] registered
May 28 07:30:37.188577 localhost kernel: acpiphp: Slot [25] registered
May 28 07:30:37.188583 localhost kernel: acpiphp: Slot [26] registered
May 28 07:30:37.188588 localhost kernel: acpiphp: Slot [27] registered
May 28 07:30:37.188593 localhost kernel: acpiphp: Slot [28] registered
May 28 07:30:37.188598 localhost kernel: acpiphp: Slot [29] registered
May 28 07:30:37.188603 localhost kernel: acpiphp: Slot [30] registered
May 28 07:30:37.188608 localhost kernel: acpiphp: Slot [31] registered
May 28 07:30:37.188613 localhost kernel: PCI host bridge to bus 0000:00
May 28 07:30:37.188736 localhost kernel: pci_bus 0000:00: root bus resource [io  0x0000-0x0cf7 window]
May 28 07:30:37.188841 localhost kernel: pci_bus 0000:00: root bus resource [io  0x0d00-0xffff window]
May 28 07:30:37.192598 localhost kernel: pci_bus 0000:00: root bus resource [mem 0x000a0000-0x000bffff window]
May 28 07:30:37.192728 localhost kernel: pci_bus 0000:00: root bus resource [mem 0x40000000-0xfebfffff window]
May 28 07:30:37.192833 localhost kernel: pci_bus 0000:00: root bus resource [mem 0x100000000-0x17fffffff window]
May 28 07:30:37.192934 localhost kernel: pci_bus 0000:00: root bus resource [bus 00-ff]
May 28 07:30:37.193066 localhost kernel: pci 0000:00:00.0: [8086:1237] type 00 class 0x060000 conventional PCI endpoint
May 28 07:30:37.193224 localhost kernel: pci 0000:00:01.0: [8086:7000] type 00 class 0x060100 conventional PCI endpoint
May 28 07:30:37.193451 localhost kernel: pci 0000:00:01.1: [8086:7010] type 00 class 0x010180 conventional PCI endpoint
May 28 07:30:37.193562 localhost kernel: pci 0000:00:01.1: BAR 4 [io  0xc1c0-0xc1cf]
May 28 07:30:37.193671 localhost kernel: pci 0000:00:01.1: BAR 0 [io  0x01f0-0x01f7]: legacy IDE quirk
May 28 07:30:37.193778 localhost kernel: pci 0000:00:01.1: BAR 1 [io  0x03f6]: legacy IDE quirk
May 28 07:30:37.193890 localhost kernel: pci 0000:00:01.1: BAR 2 [io  0x0170-0x0177]: legacy IDE quirk
May 28 07:30:37.194001 localhost kernel: pci 0000:00:01.1: BAR 3 [io  0x0376]: legacy IDE quirk
May 28 07:30:37.194124 localhost kernel: pci 0000:00:01.3: [8086:7113] type 00 class 0x068000 conventional PCI endpoint
May 28 07:30:37.194232 localhost kernel: pci 0000:00:01.3: quirk: [io  0x0600-0x063f] claimed by PIIX4 ACPI
May 28 07:30:37.194338 localhost kernel: pci 0000:00:01.3: quirk: [io  0x0700-0x070f] claimed by PIIX4 SMB
May 28 07:30:37.194458 localhost kernel: pci 0000:00:02.0: [1234:1111] type 00 class 0x030000 conventional PCI endpoint
May 28 07:30:37.194567 localhost kernel: pci 0000:00:02.0: BAR 0 [mem 0xfd000000-0xfdffffff pref]
May 28 07:30:37.194675 localhost kernel: pci 0000:00:02.0: BAR 2 [mem 0xfebd8000-0xfebd8fff]
May 28 07:30:37.194788 localhost kernel: pci 0000:00:02.0: ROM [mem 0xfebc0000-0xfebcffff pref]
May 28 07:30:37.194895 localhost kernel: pci 0000:00:02.0: Video device with shadowed ROM at [mem 0x000c0000-0x000dffff]
May 28 07:30:37.195013 localhost kernel: pci 0000:00:03.0: [8086:2668] type 00 class 0x040300 conventional PCI endpoint
May 28 07:30:37.195121 localhost kernel: pci 0000:00:03.0: BAR 0 [mem 0xfebd0000-0xfebd3fff]
May 28 07:30:37.195239 localhost kernel: pci 0000:00:04.0: [1af4:1000] type 00 class 0x020000 conventional PCI endpoint
May 28 07:30:37.195350 localhost kernel: pci 0000:00:04.0: BAR 0 [io  0xc180-0xc19f]
May 28 07:30:37.195459 localhost kernel: pci 0000:00:04.0: BAR 1 [mem 0xfebd9000-0xfebd9fff]
May 28 07:30:37.195567 localhost kernel: pci 0000:00:04.0: BAR 4 [mem 0xfe000000-0xfe003fff 64bit pref]
May 28 07:30:37.201003 localhost kernel: pci 0000:00:04.0: ROM [mem 0xfeb80000-0xfebbffff pref]
May 28 07:30:37.201164 localhost kernel: pci 0000:00:05.0: [1af4:1005] type 00 class 0x00ff00 conventional PCI endpoint
May 28 07:30:37.201285 localhost kernel: pci 0000:00:05.0: BAR 0 [io  0xc1a0-0xc1bf]
May 28 07:30:37.201397 localhost kernel: pci 0000:00:05.0: BAR 4 [mem 0xfe004000-0xfe007fff 64bit pref]
May 28 07:30:37.201524 localhost kernel: pci 0000:00:06.0: [1b36:000d] type 00 class 0x0c0330 conventional PCI endpoint
May 28 07:30:37.201635 localhost kernel: pci 0000:00:06.0: BAR 0 [mem 0xfebd4000-0xfebd7fff 64bit]
May 28 07:30:37.201754 localhost kernel: pci 0000:00:07.0: [1af4:1003] type 00 class 0x078000 conventional PCI endpoint
May 28 07:30:37.201865 localhost kernel: pci 0000:00:07.0: BAR 0 [io  0xc100-0xc13f]
May 28 07:30:37.201973 localhost kernel: pci 0000:00:07.0: BAR 1 [mem 0xfebda000-0xfebdafff]
May 28 07:30:37.202079 localhost kernel: pci 0000:00:07.0: BAR 4 [mem 0xfe008000-0xfe00bfff 64bit pref]
May 28 07:30:37.202204 localhost kernel: pci 0000:00:08.0: [1af4:1004] type 00 class 0x010000 conventional PCI endpoint
May 28 07:30:37.205755 localhost kernel: pci 0000:00:08.0: BAR 0 [io  0xc140-0xc17f]
May 28 07:30:37.205882 localhost kernel: pci 0000:00:08.0: BAR 1 [mem 0xfebdb000-0xfebdbfff]
May 28 07:30:37.205997 localhost kernel: pci 0000:00:08.0: BAR 4 [mem 0xfe00c000-0xfe00ffff 64bit pref]
May 28 07:30:37.206120 localhost kernel: pci 0000:00:09.0: [1af4:1001] type 00 class 0x010000 conventional PCI endpoint
May 28 07:30:37.206231 localhost kernel: pci 0000:00:09.0: BAR 0 [io  0xc000-0xc07f]
May 28 07:30:37.206341 localhost kernel: pci 0000:00:09.0: BAR 1 [mem 0xfebdc000-0xfebdcfff]
May 28 07:30:37.206448 localhost kernel: pci 0000:00:09.0: BAR 4 [mem 0xfe010000-0xfe013fff 64bit pref]
May 28 07:30:37.206571 localhost kernel: pci 0000:00:0a.0: [1af4:1001] type 00 class 0x010000 conventional PCI endpoint
May 28 07:30:37.206687 localhost kernel: pci 0000:00:0a.0: BAR 0 [io  0xc080-0xc0ff]
May 28 07:30:37.206795 localhost kernel: pci 0000:00:0a.0: BAR 1 [mem 0xfebdd000-0xfebddfff]
May 28 07:30:37.206901 localhost kernel: pci 0000:00:0a.0: BAR 4 [mem 0xfe014000-0xfe017fff 64bit pref]
May 28 07:30:37.206909 localhost kernel: ACPI: PCI: Interrupt link LNKA configured for IRQ 10
May 28 07:30:37.206914 localhost kernel: ACPI: PCI: Interrupt link LNKB configured for IRQ 10
May 28 07:30:37.206920 localhost kernel: ACPI: PCI: Interrupt link LNKC configured for IRQ 11
May 28 07:30:37.206925 localhost kernel: ACPI: PCI: Interrupt link LNKD configured for IRQ 11
May 28 07:30:37.206930 localhost kernel: ACPI: PCI: Interrupt link LNKS configured for IRQ 9
May 28 07:30:37.206935 localhost kernel: iommu: Default domain type: Passthrough
May 28 07:30:37.206940 localhost kernel: pps_core: LinuxPPS API ver. 1 registered
May 28 07:30:37.206948 localhost kernel: pps_core: Software ver. 5.3.6 - Copyright 2005-2007 Rodolfo Giometti <giometti@linux.it>
May 28 07:30:37.206954 localhost kernel: PTP clock support registered
May 28 07:30:37.206959 localhost kernel: EDAC MC: Ver: 3.0.0
May 28 07:30:37.206964 localhost kernel: NetLabel: Initializing
May 28 07:30:37.206969 localhost kernel: NetLabel:  domain hash size = 128
May 28 07:30:37.206974 localhost kernel: NetLabel:  protocols = UNLABELED CIPSOv4 CALIPSO
May 28 07:30:37.206979 localhost kernel: NetLabel:  unlabeled traffic allowed by default
May 28 07:30:37.206984 localhost kernel: mctp: management component transport protocol core
May 28 07:30:37.206989 localhost kernel: NET: Registered PF_MCTP protocol family
May 28 07:30:37.206994 localhost kernel: PCI: Using ACPI for IRQ routing
May 28 07:30:37.206999 localhost kernel: PCI: pci_cache_line_size set to 64 bytes
May 28 07:30:37.207004 localhost kernel: e820: reserve RAM buffer [mem 0x0009fc00-0x0009ffff]
May 28 07:30:37.207011 localhost kernel: e820: reserve RAM buffer [mem 0x3ffd9000-0x3fffffff]
May 28 07:30:37.207120 localhost kernel: pci 0000:00:02.0: vgaarb: setting as boot VGA device
May 28 07:30:37.207236 localhost kernel: pci 0000:00:02.0: vgaarb: bridge control possible
May 28 07:30:37.207342 localhost kernel: pci 0000:00:02.0: vgaarb: VGA device added: decodes=io+mem,owns=io+mem,locks=none
May 28 07:30:37.207350 localhost kernel: vgaarb: loaded
May 28 07:30:37.207355 localhost kernel: hpet0: at MMIO 0xfed00000, IRQs 2, 8, 0
May 28 07:30:37.207360 localhost kernel: hpet0: 3 comparators, 64-bit 100.000000 MHz counter
May 28 07:30:37.207365 localhost kernel: clocksource: Switched to clocksource kvm-clock
May 28 07:30:37.207370 localhost kernel: VFS: Disk quotas dquot_6.6.0
May 28 07:30:37.207376 localhost kernel: VFS: Dquot-cache hash table entries: 512 (order 0, 4096 bytes)
May 28 07:30:37.207381 localhost kernel: pnp: PnP ACPI init
May 28 07:30:37.207503 localhost kernel: pnp 00:02: [dma 2]
May 28 07:30:37.207515 localhost kernel: pnp: PnP ACPI: found 6 devices
May 28 07:30:37.207520 localhost kernel: clocksource: acpi_pm: mask: 0xffffff max_cycles: 0xffffff, max_idle_ns: 2085701024 ns
May 28 07:30:37.207526 localhost kernel: NET: Registered PF_INET protocol family
May 28 07:30:37.207531 localhost kernel: IP idents hash table entries: 16384 (order: 5, 131072 bytes, linear)
May 28 07:30:37.207536 localhost kernel: tcp_listen_portaddr_hash hash table entries: 512 (order: 1, 8192 bytes, linear)
May 28 07:30:37.207541 localhost kernel: Table-perturb hash table entries: 65536 (order: 6, 262144 bytes, linear)
May 28 07:30:37.207547 localhost kernel: TCP established hash table entries: 8192 (order: 4, 65536 bytes, linear)
May 28 07:30:37.207552 localhost kernel: TCP bind hash table entries: 8192 (order: 6, 262144 bytes, linear)
May 28 07:30:37.207557 localhost kernel: TCP: Hash tables configured (established 8192 bind 8192)
May 28 07:30:37.207562 localhost kernel: MPTCP token hash table entries: 1024 (order: 2, 24576 bytes, linear)
May 28 07:30:37.207567 localhost kernel: UDP hash table entries: 512 (order: 2, 16384 bytes, linear)
May 28 07:30:37.207574 localhost kernel: UDP-Lite hash table entries: 512 (order: 2, 16384 bytes, linear)
May 28 07:30:37.207579 localhost kernel: NET: Registered PF_UNIX/PF_LOCAL protocol family
May 28 07:30:37.207584 localhost kernel: NET: Registered PF_XDP protocol family
May 28 07:30:37.207686 localhost kernel: pci_bus 0000:00: resource 4 [io  0x0000-0x0cf7 window]
May 28 07:30:37.207785 localhost kernel: pci_bus 0000:00: resource 5 [io  0x0d00-0xffff window]
May 28 07:30:37.207882 localhost kernel: pci_bus 0000:00: resource 6 [mem 0x000a0000-0x000bffff window]
May 28 07:30:37.207980 localhost kernel: pci_bus 0000:00: resource 7 [mem 0x40000000-0xfebfffff window]
May 28 07:30:37.208078 localhost kernel: pci_bus 0000:00: resource 8 [mem 0x100000000-0x17fffffff window]
May 28 07:30:37.208188 localhost kernel: pci 0000:00:01.0: PIIX3: Enabling Passive Release
May 28 07:30:37.208296 localhost kernel: pci 0000:00:00.0: Limiting direct PCI/PCI transfers
May 28 07:30:37.208305 localhost kernel: ACPI: \_SB_.LNKB: Enabled at IRQ 10
May 28 07:30:37.208415 localhost kernel: pci 0000:00:06.0: quirk_usb_early_handoff+0x0/0x710 took 77162 usecs
May 28 07:30:37.208423 localhost kernel: PCI: CLS 0 bytes, default 64
May 28 07:30:37.208428 localhost kernel: clocksource: tsc: mask: 0xffffffffffffffff max_cycles: 0x1fb63109b96, max_idle_ns: 440795265316 ns
May 28 07:30:37.208434 localhost kernel: Trying to unpack rootfs image as initramfs...
May 28 07:30:37.208439 localhost kernel: Initialise system trusted keyrings
May 28 07:30:37.208454 localhost kernel: Key type blacklist registered
May 28 07:30:37.208461 localhost kernel: workingset: timestamp_bits=36 max_order=18 bucket_order=0
May 28 07:30:37.208466 localhost kernel: zbud: loaded
May 28 07:30:37.208471 localhost kernel: integrity: Platform Keyring initialized
May 28 07:30:37.208476 localhost kernel: integrity: Machine keyring initialized
May 28 07:30:37.208481 localhost kernel: Key type asymmetric registered
May 28 07:30:37.208487 localhost kernel: Asymmetric key parser 'x509' registered
May 28 07:30:37.208492 localhost kernel: Freeing initrd memory: 100008K
May 28 07:30:37.208497 localhost kernel: Block layer SCSI generic (bsg) driver version 0.4 loaded (major 247)
May 28 07:30:37.208502 localhost kernel: io scheduler mq-deadline registered
May 28 07:30:37.208507 localhost kernel: io scheduler kyber registered
May 28 07:30:37.208512 localhost kernel: io scheduler bfq registered
May 28 07:30:37.208517 localhost kernel: shpchp: Standard Hot Plug PCI Controller Driver version: 0.4
May 28 07:30:37.208524 localhost kernel: ACPI: \_SB_.LNKD: Enabled at IRQ 11
May 28 07:30:37.208530 localhost kernel: ACPI: \_SB_.LNKA: Enabled at IRQ 10
May 28 07:30:37.208535 localhost kernel: ACPI: \_SB_.LNKC: Enabled at IRQ 11
May 28 07:30:37.208540 localhost kernel: Serial: 8250/16550 driver, 32 ports, IRQ sharing enabled
May 28 07:30:37.208545 localhost kernel: 00:04: ttyS0 at I/O 0x3f8 (irq = 4, base_baud = 115200) is a 16550A
May 28 07:30:37.208550 localhost kernel: Non-volatile memory driver v1.3
May 28 07:30:37.208555 localhost kernel: Linux agpgart interface v0.103
May 28 07:30:37.208560 localhost kernel: ACPI: bus type drm_connector registered
May 28 07:30:37.208565 localhost kernel: i8042: PNP: PS/2 Controller [PNP0303:KBD,PNP0f13:MOU] at 0x60,0x64 irq 1,12
May 28 07:30:37.208571 localhost kernel: serio: i8042 KBD port at 0x60,0x64 irq 1
May 28 07:30:37.208577 localhost kernel: serio: i8042 AUX port at 0x60,0x64 irq 12
May 28 07:30:37.208582 localhost kernel: mousedev: PS/2 mouse device common for all mice
May 28 07:30:37.208588 localhost kernel: input: AT Translated Set 2 keyboard as /devices/platform/i8042/serio0/input/input0
May 28 07:30:37.208593 localhost kernel: input: VirtualPS/2 VMware VMMouse as /devices/platform/i8042/serio1/input/input3
May 28 07:30:37.208598 localhost kernel: input: VirtualPS/2 VMware VMMouse as /devices/platform/i8042/serio1/input/input2
May 28 07:30:37.208729 localhost kernel: rtc_cmos 00:05: RTC can wake from S4
May 28 07:30:37.208837 localhost kernel: rtc_cmos 00:05: registered as rtc0
May 28 07:30:37.212520 localhost kernel: rtc_cmos 00:05: setting system clock to 2024-05-28T07:30:36 UTC (1716881436)
May 28 07:30:37.212642 localhost kernel: rtc_cmos 00:05: alarms up to one day, y3k, 242 bytes nvram, hpet irqs
May 28 07:30:37.212651 localhost kernel: amd_pstate: the _CPC object is not present in SBIOS or ACPI disabled
May 28 07:30:37.212657 localhost kernel: ledtrig-cpu: registered to indicate activity on CPUs
May 28 07:30:37.212662 localhost kernel: [drm] Initialized simpledrm 1.0.0 20200625 for simple-framebuffer.0 on minor 0
May 28 07:30:37.212668 localhost kernel: Console: switching to colour frame buffer device 100x37
May 28 07:30:37.212795 localhost kernel: simple-framebuffer simple-framebuffer.0: [drm] fb0: simpledrmdrmfb frame buffer device
May 28 07:30:37.212809 localhost kernel: hid: raw HID events driver (C) Jiri Kosina
May 28 07:30:37.212814 localhost kernel: drop_monitor: Initializing network drop monitor service
May 28 07:30:37.212820 localhost kernel: NET: Registered PF_INET6 protocol family
May 28 07:30:37.212825 localhost kernel: Segment Routing with IPv6
May 28 07:30:37.212830 localhost kernel: RPL Segment Routing with IPv6
May 28 07:30:37.212835 localhost kernel: In-situ OAM (IOAM) with IPv6
May 28 07:30:37.212840 localhost kernel: IPI shorthand broadcast: enabled
May 28 07:30:37.212845 localhost kernel: sched_clock: Marking stable (946669862, -294942)->(1026090896, -79715976)
May 28 07:30:37.212851 localhost kernel: registered taskstats version 1
May 28 07:30:37.212856 localhost kernel: Loading compiled-in X.509 certificates
May 28 07:30:37.212861 localhost kernel: Loaded X.509 cert 'openSUSE Secure Boot Signkey: fd9f2c12e599d67cc7f9067541adf426b712469e'
May 28 07:30:37.212866 localhost kernel: page_owner is disabled
May 28 07:30:37.212874 localhost kernel: Key type .fscrypt registered
May 28 07:30:37.212879 localhost kernel: Key type fscrypt-provisioning registered
May 28 07:30:37.212884 localhost kernel: Key type encrypted registered
May 28 07:30:37.212889 localhost kernel: ima: No TPM chip found, activating TPM-bypass!
May 28 07:30:37.212894 localhost kernel: Loading compiled-in module X.509 certificates
May 28 07:30:37.212899 localhost kernel: Loaded X.509 cert 'openSUSE Secure Boot Signkey: fd9f2c12e599d67cc7f9067541adf426b712469e'
May 28 07:30:37.212904 localhost kernel: ima: Allocated hash algorithm: sha256
May 28 07:30:37.212910 localhost kernel: ima: No architecture policies found
May 28 07:30:37.212915 localhost kernel: evm: Initialising EVM extended attributes:
May 28 07:30:37.212920 localhost kernel: evm: security.selinux
May 28 07:30:37.212925 localhost kernel: evm: security.SMACK64 (disabled)
May 28 07:30:37.212930 localhost kernel: evm: security.SMACK64EXEC (disabled)
May 28 07:30:37.212937 localhost kernel: evm: security.SMACK64TRANSMUTE (disabled)
May 28 07:30:37.212942 localhost kernel: evm: security.SMACK64MMAP (disabled)
May 28 07:30:37.212947 localhost kernel: evm: security.apparmor
May 28 07:30:37.212952 localhost kernel: evm: security.ima
May 28 07:30:37.212957 localhost kernel: evm: security.capability
May 28 07:30:37.212962 localhost kernel: evm: HMAC attrs: 0x1
May 28 07:30:37.212967 localhost kernel: PM:   Magic number: 8:317:522
May 28 07:30:37.212972 localhost kernel: RAS: Correctable Errors collector initialized.
May 28 07:30:37.212977 localhost kernel: clk: Disabling unused clocks
May 28 07:30:37.212982 localhost kernel: PM: genpd: Disabling unused power domains
May 28 07:30:37.212987 localhost kernel: Freeing unused decrypted memory: 2028K
May 28 07:30:37.212992 localhost kernel: Freeing unused kernel image (initmem) memory: 4224K
May 28 07:30:37.212998 localhost kernel: Write protecting the kernel read-only data: 30720k
May 28 07:30:37.213004 localhost kernel: Freeing unused kernel image (rodata/data gap) memory: 1316K
May 28 07:30:37.213009 localhost kernel: Run /init as init process
May 28 07:30:37.213014 localhost kernel:   with arguments:
May 28 07:30:37.213019 localhost kernel:     /init
May 28 07:30:37.213025 localhost kernel:   with environment:
May 28 07:30:37.213030 localhost kernel:     HOME=/
May 28 07:30:37.213035 localhost kernel:     TERM=linux
May 28 07:30:37.213040 localhost kernel:     BOOT_IMAGE=/boot/vmlinuz-6.9.1-1-default
May 28 07:30:37.213047 localhost systemd[1]: systemd 255.6+suse.30.g3ea0e1dff3 running in system mode (+PAM +AUDIT +SELINUX +APPARMOR +IMA -SMACK +SECCOMP +GCRYPT +GNUTLS +OPENSSL +ACL +BLKID +CURL +ELFUTILS +FIDO2 +IDN2 -IDN +IPTC +KMOD +LIBCRYPTSETUP +LIBFDISK +PCRE2 +PWQUALITY +P11KIT +QRENCODE +TPM2 +BZIP2 +LZ4 +XZ +ZLIB +ZSTD +BPF_FRAMEWORK -XKBCOMMON -UTMP +SYSVINIT default-hierarchy=unified)
May 28 07:30:37.213054 localhost systemd[1]: Detected virtualization kvm.
May 28 07:30:37.213062 localhost systemd[1]: Detected architecture x86-64.
May 28 07:30:37.213068 localhost systemd[1]: Running in initrd.
May 28 07:30:37.213073 localhost systemd[1]: No hostname configured, using default hostname.
May 28 07:30:37.213079 localhost systemd[1]: Hostname set to <localhost>.
May 28 07:30:37.213085 localhost systemd[1]: Initializing machine ID from random generator.
May 28 07:30:37.213091 localhost systemd[1]: bpf-lsm: LSM BPF program attached
May 28 07:30:37.213104 localhost systemd[1]: Queued start job for default target Initrd Default Target.
May 28 07:30:37.213110 localhost systemd[1]: Started Dispatch Password Requests to Console Directory Watch.
May 28 07:30:37.213116 localhost systemd[1]: Expecting device /dev/disk/by-uuid/8bc5a620-43f2-4cb4-bc93-ae33026e601c...
May 28 07:30:37.213121 localhost systemd[1]: Reached target Local Encrypted Volumes.
May 28 07:30:37.213129 localhost systemd[1]: Reached target Initrd /usr File System.
May 28 07:30:37.213134 localhost systemd[1]: Reached target Path Units.
May 28 07:30:37.213140 localhost systemd[1]: Reached target Slice Units.
May 28 07:30:37.213146 localhost systemd[1]: Reached target Swaps.
May 28 07:30:37.213151 localhost systemd[1]: Reached target Timer Units.
May 28 07:30:37.213157 localhost systemd[1]: Listening on D-Bus System Message Bus Socket.
May 28 07:30:37.213162 localhost systemd[1]: Listening on Journal Socket (/dev/log).
May 28 07:30:37.213168 localhost systemd[1]: Listening on Journal Socket.
May 28 07:30:37.213173 localhost systemd[1]: Listening on udev Control Socket.
May 28 07:30:37.213178 localhost systemd[1]: Listening on udev Kernel Socket.
May 28 07:30:37.213184 localhost systemd[1]: Reached target Socket Units.
May 28 07:30:37.213191 localhost systemd[1]: Starting Create List of Static Device Nodes...
May 28 07:30:37.213196 localhost systemd[1]: Starting Journal Service...
May 28 07:30:37.213202 localhost systemd[1]: Load Kernel Modules was skipped because no trigger condition checks were met.
May 28 07:30:37.213208 localhost systemd[1]: Starting Apply Kernel Variables...
May 28 07:30:37.213213 localhost systemd[1]: Starting Virtual Console Setup...
May 28 07:30:37.213218 localhost systemd[1]: Finished Create List of Static Device Nodes.
May 28 07:30:37.213224 localhost systemd[1]: Starting Create Static Device Nodes in /dev gracefully...
May 28 07:30:37.213251 localhost systemd-journald[185]: Collecting audit messages is disabled.
May 28 07:30:37.213268 localhost systemd[1]: Finished Create Static Device Nodes in /dev gracefully.
May 28 07:30:37.213274 localhost systemd[1]: Starting Create Static Device Nodes in /dev...
May 28 07:30:37.213279 localhost systemd[1]: Finished Apply Kernel Variables.
May 28 07:30:37.213285 localhost systemd[1]: Finished Create Static Device Nodes in /dev.
May 28 07:30:37.213291 localhost systemd[1]: Reached target Preparation for Local File Systems.
May 28 07:30:37.213296 localhost systemd[1]: Reached target Local File Systems.
May 28 07:30:37.213302 localhost systemd-journald[185]: Journal started
May 28 07:30:37.213317 localhost systemd-journald[185]: Runtime Journal (/run/log/journal/28efed806dd747448e80867db5d39f35) is 2.4M, max 19.3M, 16.9M free.
May 28 07:30:37.219039 localhost systemd[1]: Started Journal Service.
May 28 07:30:37.229035 localhost systemd[1]: Starting Create Volatile Files and Directories...
May 28 07:30:37.245888 localhost systemd[1]: Finished Create Volatile Files and Directories.
May 28 07:30:37.257428 localhost systemd[1]: Finished Virtual Console Setup.
May 28 07:30:37.269064 localhost systemd[1]: Starting dracut ask for additional cmdline parameters...
May 28 07:30:37.283563 localhost systemd[1]: Finished dracut ask for additional cmdline parameters.
May 28 07:30:37.292400 localhost systemd[1]: Starting dracut cmdline hook...
May 28 07:30:37.302561 localhost dracut-cmdline[221]: dracut-059+suse.588.g528264be-1.1
May 28 07:30:37.305440 localhost dracut-cmdline[221]: Using kernel command line parameters:  rd.driver.pre=btrfs rd.driver.pre=overlay   BOOT_IMAGE=/boot/vmlinuz-6.9.1-1-default root=UUID=8bc5a620-43f2-4cb4-bc93-ae33026e601c rd.timeout=60 rd.retry=45 quiet systemd.show_status=yes console=ttyS0,115200 console=tty0 ignition.platform.id=qemu security=selinux selinux=1
May 28 07:30:37.391756 localhost systemd[1]: Finished dracut cmdline hook.
May 28 07:30:37.409258 localhost systemd[1]: Starting dracut pre-udev hook...
May 28 07:30:37.425623 localhost kernel: device-mapper: uevent: version 1.0.3
May 28 07:30:37.425644 localhost kernel: device-mapper: ioctl: 4.48.0-ioctl (2023-03-01) initialised: dm-devel@lists.linux.dev
May 28 07:30:37.668998 localhost kernel: raid6: avx2x4   gen() 35114 MB/s
May 28 07:30:37.669079 localhost kernel: raid6: avx2x2   gen() 36774 MB/s
May 28 07:30:37.669103 localhost kernel: raid6: avx2x1   gen() 26509 MB/s
May 28 07:30:37.669111 localhost kernel: raid6: using algorithm avx2x2 gen() 36774 MB/s
May 28 07:30:37.669118 localhost kernel: raid6: .... xor() 31337 MB/s, rmw enabled
May 28 07:30:37.669125 localhost kernel: raid6: using avx2x2 recovery algorithm
May 28 07:30:37.672293 localhost kernel: xor: automatically using best checksumming function   avx       
May 28 07:30:37.778952 localhost kernel: Btrfs loaded, assert=on, zoned=yes, fsverity=yes
May 28 07:30:37.798552 localhost systemd[1]: Finished dracut pre-udev hook.
May 28 07:30:37.815756 localhost systemd[1]: Starting Rule-based Manager for Device Events and Files...
May 28 07:30:37.827867 localhost systemd-udevd[384]: Using default interface naming scheme 'v255'.
May 28 07:30:37.831319 localhost systemd[1]: Started Rule-based Manager for Device Events and Files.
May 28 07:30:37.842427 localhost systemd[1]: Starting dracut pre-trigger hook...
May 28 07:30:37.853059 localhost dracut-pre-trigger[385]: rd.md=0: removing MD RAID activation
May 28 07:30:37.878924 localhost systemd[1]: Finished dracut pre-trigger hook.
May 28 07:30:37.889149 localhost systemd[1]: Starting Coldplug All udev Devices...
May 28 07:30:37.971727 localhost systemd[1]: Finished Coldplug All udev Devices.
May 28 07:30:37.972152 localhost systemd[1]: Reached target System Initialization.
May 28 07:30:37.972512 localhost systemd[1]: Reached target Basic System.
May 28 07:30:38.066104 localhost kernel: input: Power Button as /devices/LNXSYSTM:00/LNXPWRBN:00/input/input4
May 28 07:30:38.091871 localhost kernel: ACPI: button: Power Button [PWRF]
May 28 07:30:38.091952 localhost kernel: virtio_blk virtio4: 1/0/0 default/read/poll queues
May 28 07:30:38.092340 localhost kernel: virtio_blk virtio4: [vda] 62914560 512-byte logical blocks (32.2 GB/30.0 GiB)
May 28 07:30:38.142305 localhost kernel: FDC 0 is a S82078B
May 28 07:30:38.145649 localhost kernel: Console: switching to colour dummy device 80x25
May 28 07:30:38.145669 localhost kernel: cryptd: max_cpu_qlen set to 1000
May 28 07:30:38.158984 localhost kernel: bochs-drm 0000:00:02.0: vgaarb: deactivate vga console
May 28 07:30:38.159308 localhost kernel: [drm] Found bochs VGA, ID 0xb0c5.
May 28 07:30:38.159327 localhost kernel: [drm] Framebuffer size 16384 kB @ 0xfd000000, mmio @ 0xfebd8000.
May 28 07:30:38.159340 localhost kernel: ACPI: bus type USB registered
May 28 07:30:38.159351 localhost kernel: usbcore: registered new interface driver usbfs
May 28 07:30:38.159363 localhost kernel: usbcore: registered new interface driver hub
May 28 07:30:38.159381 localhost kernel: usbcore: registered new device driver usb
May 28 07:30:38.171028 localhost kernel: [drm] Found EDID data blob.
May 28 07:30:38.171048 localhost kernel: SCSI subsystem initialized
May 28 07:30:38.230363 localhost kernel: [drm] Initialized bochs-drm 1.0.0 20130925 for 0000:00:02.0 on minor 0
May 28 07:30:38.230389 localhost kernel: AVX2 version of gcm_enc/dec engaged.
May 28 07:30:38.230398 localhost kernel: AES CTR mode by8 optimization enabled
May 28 07:30:38.230412 localhost kernel: fbcon: bochs-drmdrmfb (fb0) is primary device
May 28 07:30:38.272021 localhost systemd[1]: systemd-vconsole-setup.service: Deactivated successfully.
May 28 07:30:38.272412 localhost kernel: virtio_net virtio0 ens4: renamed from eth0
May 28 07:30:38.272179 localhost systemd[1]: Stopped Virtual Console Setup.
May 28 07:30:38.298969 localhost kernel: virtio_scsi virtio3: 1/0/0 default/read/poll queues
May 28 07:30:38.299202 localhost kernel: scsi host0: Virtio SCSI HBA
May 28 07:30:38.315617 localhost kernel: libata version 3.00 loaded.
May 28 07:30:38.325177 localhost kernel: GPT:Primary header thinks Alt. header is not at the end of the disk.
May 28 07:30:38.325203 localhost kernel: GPT:41943039 != 62914559
May 28 07:30:38.325214 localhost kernel: GPT:Alternate GPT header not at the end of the disk.
May 28 07:30:38.325225 localhost kernel: GPT:41943039 != 62914559
May 28 07:30:38.325233 localhost kernel: GPT: Use GNU Parted to correct GPT errors.
May 28 07:30:38.325242 localhost kernel:  vda: vda1 vda2 vda3
May 28 07:30:38.325251 localhost kernel: virtio_blk virtio5: 1/0/0 default/read/poll queues
May 28 07:30:38.325445 localhost kernel: virtio_blk virtio5: [vdb] 20480 512-byte logical blocks (10.5 MB/10.0 MiB)
May 28 07:30:38.336302 localhost kernel: ata_piix 0000:00:01.1: version 2.13
May 28 07:30:38.348957 localhost kernel: scsi host1: ata_piix
May 28 07:30:38.355641 localhost kernel: scsi host2: ata_piix
May 28 07:30:38.355816 localhost kernel: ata1: PATA max MWDMA2 cmd 0x1f0 ctl 0x3f6 bmdma 0xc1c0 irq 14 lpm-pol 0
May 28 07:30:38.355826 localhost kernel: ata2: PATA max MWDMA2 cmd 0x170 ctl 0x376 bmdma 0xc1c8 irq 15 lpm-pol 0
May 28 07:30:38.408974 localhost kernel: Console: switching to colour frame buffer device 128x48
May 28 07:30:38.415633 localhost kernel: xhci_hcd 0000:00:06.0: xHCI Host Controller
May 28 07:30:38.416004 localhost kernel: xhci_hcd 0000:00:06.0: new USB bus registered, assigned bus number 1
May 28 07:30:38.416232 localhost kernel: xhci_hcd 0000:00:06.0: hcc params 0x00087001 hci version 0x100 quirks 0x0000000000000010
May 28 07:30:38.416449 localhost kernel: xhci_hcd 0000:00:06.0: xHCI Host Controller
May 28 07:30:38.416659 localhost kernel: xhci_hcd 0000:00:06.0: new USB bus registered, assigned bus number 2
May 28 07:30:38.416866 localhost kernel: xhci_hcd 0000:00:06.0: Host supports USB 3.0 SuperSpeed
May 28 07:30:38.417072 localhost kernel: usb usb1: New USB device found, idVendor=1d6b, idProduct=0002, bcdDevice= 6.09
May 28 07:30:38.417373 localhost kernel: usb usb1: New USB device strings: Mfr=3, Product=2, SerialNumber=1
May 28 07:30:38.417575 localhost kernel: usb usb1: Product: xHCI Host Controller
May 28 07:30:38.417768 localhost kernel: usb usb1: Manufacturer: Linux 6.9.1-1-default xhci-hcd
May 28 07:30:38.417955 localhost kernel: usb usb1: SerialNumber: 0000:00:06.0
May 28 07:30:38.418123 localhost kernel: hub 1-0:1.0: USB hub found
May 28 07:30:38.418266 localhost kernel: hub 1-0:1.0: 4 ports detected
May 28 07:30:38.418391 localhost kernel: usb usb2: We don't know the algorithms for LPM for this host, disabling LPM.
May 28 07:30:38.418534 localhost kernel: usb usb2: New USB device found, idVendor=1d6b, idProduct=0003, bcdDevice= 6.09
May 28 07:30:38.418650 localhost kernel: usb usb2: New USB device strings: Mfr=3, Product=2, SerialNumber=1
May 28 07:30:38.418759 localhost kernel: usb usb2: Product: xHCI Host Controller
May 28 07:30:38.418866 localhost kernel: usb usb2: Manufacturer: Linux 6.9.1-1-default xhci-hcd
May 28 07:30:38.419635 localhost kernel: usb usb2: SerialNumber: 0000:00:06.0
May 28 07:30:38.419752 localhost kernel: hub 2-0:1.0: USB hub found
May 28 07:30:38.419894 localhost kernel: hub 2-0:1.0: 4 ports detected
May 28 07:30:38.540350 localhost systemd[1]: Stopping Virtual Console Setup...
May 28 07:30:38.544948 localhost kernel: bochs-drm 0000:00:02.0: [drm] fb0: bochs-drmdrmfb frame buffer device
May 28 07:30:38.545128 localhost kernel: ata2: found unknown device (class 0)
May 28 07:30:38.551109 localhost kernel: ata2.00: ATAPI: QEMU DVD-ROM, 2.5+, max UDMA/100
May 28 07:30:38.551127 localhost kernel: scsi 2:0:0:0: CD-ROM            QEMU     QEMU DVD-ROM     2.5+ PQ: 0 ANSI: 5
May 28 07:30:38.553037 localhost systemd[1]: Starting Virtual Console Setup...
May 28 07:30:38.567113 localhost systemd[1]: systemd-vconsole-setup.service: Deactivated successfully.
May 28 07:30:38.567322 localhost systemd[1]: Stopped Virtual Console Setup.
May 28 07:30:38.572412 localhost systemd[1]: Starting Virtual Console Setup...
May 28 07:30:38.578166 localhost systemd[1]: systemd-vconsole-setup.service: Deactivated successfully.
May 28 07:30:38.578363 localhost systemd[1]: Stopped Virtual Console Setup.
May 28 07:30:38.585680 localhost kernel: scsi 2:0:0:0: Attached scsi generic sg0 type 5
May 28 07:30:38.619142 localhost systemd[1]: Starting Virtual Console Setup...
May 28 07:30:38.635625 localhost kernel: sr 2:0:0:0: [sr0] scsi3-mmc drive: 4x/4x cd/rw xa/form2 tray
May 28 07:30:38.635802 localhost kernel: cdrom: Uniform CD-ROM driver Revision: 3.20
May 28 07:30:38.655994 localhost kernel: sr 2:0:0:0: Attached scsi CD-ROM sr0
May 28 07:30:38.771450 localhost systemd[1]: Found device /dev/disk/by-uuid/8bc5a620-43f2-4cb4-bc93-ae33026e601c.
May 28 07:30:38.771569 localhost systemd[1]: Reached target Initrd Root Device.
May 28 07:30:38.785105 localhost systemd[1]: Starting Detect Firstboot...
May 28 07:30:38.825032 localhost systemd[1]: Finished Virtual Console Setup.
May 28 07:30:38.832325 localhost kernel: usb 1-1: new high-speed USB device number 2 using xhci_hcd
May 28 07:30:38.852288 localhost kernel: BTRFS: device label ROOT devid 1 transid 12 /dev/vda3 (253:3) scanned by mount (533)
May 28 07:30:38.852310 localhost kernel: BTRFS info (device vda3): first mount of filesystem 8bc5a620-43f2-4cb4-bc93-ae33026e601c
May 28 07:30:38.852319 localhost kernel: BTRFS info (device vda3): using crc32c (crc32c-intel) checksum algorithm
May 28 07:30:38.852327 localhost kernel: BTRFS info (device vda3): using free-space-tree
May 28 07:30:38.877865 localhost firstboot-detect[524]: Firstboot detected
May 28 07:30:38.883718 localhost systemd[1]: Reloading requested from client PID 554 ('systemctl') (unit firstboot-detect.service)...
May 28 07:30:38.883727 localhost systemd[1]: Reloading...
May 28 07:30:38.972392 localhost kernel: usb 1-1: New USB device found, idVendor=0627, idProduct=0001, bcdDevice= 0.00
May 28 07:30:38.972606 localhost kernel: usb 1-1: New USB device strings: Mfr=1, Product=3, SerialNumber=10
May 28 07:30:38.972775 localhost kernel: usb 1-1: Product: QEMU USB Tablet
May 28 07:30:38.972943 localhost kernel: usb 1-1: Manufacturer: QEMU
May 28 07:30:38.973111 localhost kernel: usb 1-1: SerialNumber: 28754-0000:00:06.0-1
May 28 07:30:38.985652 localhost kernel: usbcore: registered new interface driver usbhid
May 28 07:30:38.985672 localhost kernel: usbhid: USB HID core driver
May 28 07:30:38.992296 localhost kernel: input: QEMU QEMU USB Tablet as /devices/pci0000:00/0000:00:06.0/usb1/1-1/1-1:1.0/0003:0627:0001.0001/input/input5
May 28 07:30:38.992316 localhost kernel: hid-generic 0003:0627:0001.0001: input,hidraw0: USB HID v0.01 Mouse [QEMU QEMU USB Tablet] on usb-0000:00:06.0-1/input0
May 28 07:30:39.073881 localhost systemd[1]: Reloading finished in 189 ms.
May 28 07:30:39.101628 localhost systemd[1]: Starting Ignition User Config Setup...
May 28 07:30:39.112356 localhost kernel: BTRFS info (device vda3): last unmount of filesystem 8bc5a620-43f2-4cb4-bc93-ae33026e601c
May 28 07:30:39.129144 localhost systemd[1]: firstboot-detect.service: Deactivated successfully.
May 28 07:30:39.129307 localhost systemd[1]: Finished Detect Firstboot.
May 28 07:30:39.168297 localhost ignition-setup-user[606]: Copying /mnt/boot_partition/ignition/config.ign to /usr/lib/ignition/user.ign
May 28 07:30:39.168952 localhost kernel: EXT4-fs (vdb): mounted filesystem ee8647d4-8463-436f-bec3-9a34d06f5408 r/w with ordered data mode. Quota mode: none.
May 28 07:30:39.168973 localhost kernel: ext4 filesystem being mounted at /mnt/boot_partition supports timestamps until 2038-01-19 (0x7fffffff)
May 28 07:30:39.172754 localhost kernel: EXT4-fs (vdb): unmounting filesystem ee8647d4-8463-436f-bec3-9a34d06f5408.
May 28 07:30:39.172062 localhost systemd[1]: Finished Ignition User Config Setup.
May 28 07:30:39.185737 localhost systemd[1]: Starting Combustion (preparations)...
May 28 07:30:39.192388 localhost systemd[1]: Starting Ignition (fetch-offline)...
May 28 07:30:39.199528 localhost (ignition)[618]: ignition-fetch-offline.service: Referenced but unset environment variable evaluates to an empty string: IGNITION_ARGS
May 28 07:30:39.215665 localhost kernel: EXT4-fs (vdb): mounted filesystem ee8647d4-8463-436f-bec3-9a34d06f5408 ro with ordered data mode. Quota mode: none.
May 28 07:30:39.218300 localhost systemd[1]: run-combustion-mount.mount: Deactivated successfully.
May 28 07:30:39.222353 localhost kernel: EXT4-fs (vdb): unmounting filesystem ee8647d4-8463-436f-bec3-9a34d06f5408.
May 28 07:30:39.225766 localhost ignition[618]: Ignition 2.18.0
May 28 07:30:39.225817 localhost ignition[618]: Stage: fetch-offline
May 28 07:30:39.225861 localhost ignition[618]: no config dir at "/usr/lib/ignition/base.d"
May 28 07:30:39.225894 localhost ignition[618]: no config dir at "/usr/lib/ignition/base.platform.d/qemu"
May 28 07:30:39.226031 localhost ignition[618]: parsed url from cmdline: ""
May 28 07:30:39.226216 localhost ignition[618]: no config URL provided
May 28 07:30:39.226254 localhost ignition[618]: reading system config file "/usr/lib/ignition/user.ign"
May 28 07:30:39.227149 localhost ignition[618]: parsing config with SHA512: 37b4232fd3d9780fa75efd39f528d050a0a097ea8b9f01017d7b77cadfdc72258f82c9065f25735f6fbb1eae2cb5b2d3e23094786bfbb8f3925fbd962216d5bf
May 28 07:30:39.231526 localhost ignition[618]: fetched base config from "system"
May 28 07:30:39.231674 localhost ignition[618]: fetch-offline: fetch-offline passed
May 28 07:30:39.231539 localhost ignition[618]: fetched user config from "system"
May 28 07:30:39.231748 localhost ignition[618]: Ignition finished successfully
May 28 07:30:39.233913 localhost systemd[1]: Finished Ignition (fetch-offline).
May 28 07:30:39.258110 localhost systemd[1]: combustion-prepare.service: Deactivated successfully.
May 28 07:30:39.258272 localhost systemd[1]: Finished Combustion (preparations).
May 28 07:30:39.259136 localhost systemd[1]: Start network if needed was skipped because no trigger condition checks were met.
May 28 07:30:39.269097 localhost systemd[1]: Starting nm-initrd.service...
May 28 07:30:39.280449 localhost NetworkManager[662]: <info>  [1716881439.2804] NetworkManager (version 1.44.4) is starting... (boot:c306d8a0-64e6-421f-9f27-7f275c53a888)
May 28 07:30:39.280687 localhost NetworkManager[662]: <info>  [1716881439.2806] Read config: /etc/NetworkManager/NetworkManager.conf (lib: initrd-no-auto-default.conf) (run: 15-carrier-timeout.conf)
May 28 07:30:39.285728 localhost systemd[1]: Starting D-Bus System Message Bus...
May 28 07:30:39.290715 localhost systemd[1]: Started D-Bus System Message Bus.
May 28 07:30:39.297424 localhost NetworkManager[662]: <info>  [1716881439.2974] manager[0x55fdce267ef0]: monitoring kernel firmware directory '/lib/firmware'.
May 28 07:30:39.298309 localhost NetworkManager[662]: <info>  [1716881439.2982] hostname: hostname: couldn't get property from hostnamed
May 28 07:30:39.299221 localhost NetworkManager[662]: <info>  [1716881439.2992] dns-mgr: init: dns=default,systemd-resolved rc-manager=symlink (auto)
May 28 07:30:39.299353 localhost NetworkManager[662]: <info>  [1716881439.2993] policy: set-hostname: set hostname to 'localhost.localdomain' (no hostname found)
May 28 07:30:39.306773 localhost.localdomain NetworkManager[662]: <info>  [1716881439.3067] manager[0x55fdce267ef0]: rfkill: Wi-Fi hardware radio set enabled
May 28 07:30:39.306833 localhost.localdomain NetworkManager[662]: <info>  [1716881439.3068] manager[0x55fdce267ef0]: rfkill: WWAN hardware radio set enabled
May 28 07:30:39.307522 localhost.localdomain NetworkManager[662]: <info>  [1716881439.3075] manager: rfkill: Wi-Fi enabled by radio killswitch; enabled by state file
May 28 07:30:39.307756 localhost.localdomain NetworkManager[662]: <info>  [1716881439.3077] manager: rfkill: WWAN enabled by radio killswitch; enabled by state file
May 28 07:30:39.307885 localhost.localdomain NetworkManager[662]: <info>  [1716881439.3078] manager: Networking is enabled by state file
May 28 07:30:39.308162 localhost.localdomain NetworkManager[662]: <info>  [1716881439.3081] settings: Loaded settings plugin: keyfile (internal)
May 28 07:30:39.309487 localhost.localdomain NetworkManager[662]: <info>  [1716881439.3094] dhcp: init: Using DHCP client 'internal'
May 28 07:30:39.309765 localhost.localdomain NetworkManager[662]: <info>  [1716881439.3097] manager: (lo): new Loopback device (/org/freedesktop/NetworkManager/Devices/1)
May 28 07:30:39.310901 localhost.localdomain NetworkManager[662]: <info>  [1716881439.3108] device (lo): state change: unmanaged -> unavailable (reason 'connection-assumed', sys-iface-state: 'external')
May 28 07:30:39.311514 localhost.localdomain NetworkManager[662]: <info>  [1716881439.3114] device (lo): state change: unavailable -> disconnected (reason 'connection-assumed', sys-iface-state: 'external')
May 28 07:30:39.312056 localhost.localdomain NetworkManager[662]: <info>  [1716881439.3120] device (lo): Activation: starting connection 'lo' (5a6b442d-d1d3-4dcc-a8e8-b01ed694c1ed)
May 28 07:30:39.313099 localhost.localdomain NetworkManager[662]: <info>  [1716881439.3130] manager: (ens4): new Ethernet device (/org/freedesktop/NetworkManager/Devices/2)
May 28 07:30:39.313543 localhost.localdomain NetworkManager[662]: <info>  [1716881439.3135] device (ens4): state change: unmanaged -> unavailable (reason 'managed', sys-iface-state: 'external')
May 28 07:30:39.314904 localhost.localdomain NetworkManager[662]: <info>  [1716881439.3148] bus-manager: acquired D-Bus service "org.freedesktop.NetworkManager"
May 28 07:30:39.315126 localhost.localdomain NetworkManager[662]: <info>  [1716881439.3151] device (lo): state change: disconnected -> prepare (reason 'none', sys-iface-state: 'external')
May 28 07:30:39.315357 localhost.localdomain systemd[1]: Started nm-initrd.service.
May 28 07:30:39.316110 localhost.localdomain systemd[1]: Reached target Network.
May 28 07:30:39.316324 localhost.localdomain NetworkManager[662]: <info>  [1716881439.3163] device (lo): state change: prepare -> config (reason 'none', sys-iface-state: 'external')
May 28 07:30:39.316430 localhost.localdomain systemd[1]: Ignition (fetch) was skipped because of an unmet condition check (ConditionPathExists=!/run/ignition.json).
May 28 07:30:39.317970 localhost.localdomain NetworkManager[662]: <info>  [1716881439.3179] device (lo): state change: config -> ip-config (reason 'none', sys-iface-state: 'external')
May 28 07:30:39.319059 localhost.localdomain NetworkManager[662]: <info>  [1716881439.3190] device (ens4): carrier: link connected
May 28 07:30:39.319198 localhost.localdomain NetworkManager[662]: <info>  [1716881439.3191] device (lo): state change: ip-config -> ip-check (reason 'none', sys-iface-state: 'external')
May 28 07:30:39.319436 localhost.localdomain NetworkManager[662]: <info>  [1716881439.3194] device (ens4): state change: unavailable -> disconnected (reason 'carrier-changed', sys-iface-state: 'managed')
May 28 07:30:39.322573 localhost.localdomain NetworkManager[662]: <info>  [1716881439.3225] policy: auto-activating connection 'Wired Connection' (d9787eaf-5d54-44d3-a399-7671704257be)
May 28 07:30:39.322770 localhost.localdomain NetworkManager[662]: <info>  [1716881439.3227] device (ens4): Activation: starting connection 'Wired Connection' (d9787eaf-5d54-44d3-a399-7671704257be)
May 28 07:30:39.322812 localhost.localdomain NetworkManager[662]: <info>  [1716881439.3228] device (ens4): state change: disconnected -> prepare (reason 'none', sys-iface-state: 'managed')
May 28 07:30:39.322916 localhost.localdomain NetworkManager[662]: <info>  [1716881439.3229] manager: NetworkManager state is now CONNECTING
May 28 07:30:39.322996 localhost.localdomain NetworkManager[662]: <info>  [1716881439.3229] device (ens4): state change: prepare -> config (reason 'none', sys-iface-state: 'managed')
May 28 07:30:39.323326 localhost.localdomain NetworkManager[662]: <info>  [1716881439.3233] device (ens4): state change: config -> ip-config (reason 'none', sys-iface-state: 'managed')
May 28 07:30:39.323556 localhost.localdomain NetworkManager[662]: <info>  [1716881439.3235] dhcp4 (ens4): activation: beginning transaction (timeout in 90 seconds)
May 28 07:30:39.325744 localhost.localdomain systemd[1]: Starting Ignition (kargs)...
May 28 07:30:39.427629 localhost.localdomain kernel: NET: Registered PF_PACKET protocol family
May 28 07:30:39.415737 localhost.localdomain systemd[1]: Starting nm-wait-online-initrd.service...
May 28 07:30:39.417406 localhost.localdomain (ignition)[669]: ignition-kargs.service: Referenced but unset environment variable evaluates to an empty string: IGNITION_ARGS
May 28 07:30:39.428885 localhost.localdomain NetworkManager[662]: <info>  [1716881439.4288] device (lo): state change: ip-check -> secondaries (reason 'none', sys-iface-state: 'external')
May 28 07:30:39.429163 localhost.localdomain NetworkManager[662]: <info>  [1716881439.4291] device (lo): state change: secondaries -> activated (reason 'none', sys-iface-state: 'external')
May 28 07:30:39.429415 localhost.localdomain NetworkManager[662]: <info>  [1716881439.4294] device (lo): Activation: successful, device activated.
May 28 07:30:39.429696 localhost.localdomain NetworkManager[662]: <info>  [1716881439.4296] dhcp4 (ens4): state changed new lease, address=10.0.2.15
May 28 07:30:39.429927 localhost.localdomain NetworkManager[662]: <info>  [1716881439.4299] policy: set 'Wired Connection' (ens4) as default for IPv4 routing and DNS
May 28 07:30:39.439607 localhost.localdomain ignition[669]: Ignition 2.18.0
May 28 07:30:39.439618 localhost.localdomain ignition[669]: Stage: kargs
May 28 07:30:39.439760 localhost.localdomain ignition[669]: no config dir at "/usr/lib/ignition/base.d"
May 28 07:30:39.439769 localhost.localdomain ignition[669]: no config dir at "/usr/lib/ignition/base.platform.d/qemu"
May 28 07:30:39.440357 localhost.localdomain ignition[669]: kargs: kargs passed
May 28 07:30:39.440399 localhost.localdomain ignition[669]: Ignition finished successfully
May 28 07:30:39.441966 localhost.localdomain NetworkManager[662]: <info>  [1716881439.4419] device (ens4): state change: ip-config -> ip-check (reason 'none', sys-iface-state: 'managed')
May 28 07:30:39.443319 localhost.localdomain systemd[1]: Finished Ignition (kargs).
May 28 07:30:39.443917 localhost.localdomain NetworkManager[662]: <info>  [1716881439.4438] device (ens4): state change: ip-check -> secondaries (reason 'none', sys-iface-state: 'managed')
May 28 07:30:39.444008 localhost.localdomain NetworkManager[662]: <info>  [1716881439.4439] device (ens4): state change: secondaries -> activated (reason 'none', sys-iface-state: 'managed')
May 28 07:30:39.444179 localhost.localdomain NetworkManager[662]: <info>  [1716881439.4441] manager: NetworkManager state is now CONNECTED_SITE
May 28 07:30:39.444307 localhost.localdomain NetworkManager[662]: <info>  [1716881439.4442] device (ens4): Activation: successful, device activated.
May 28 07:30:39.444509 localhost.localdomain NetworkManager[662]: <info>  [1716881439.4444] manager: NetworkManager state is now CONNECTED_GLOBAL
May 28 07:30:39.444619 localhost.localdomain NetworkManager[662]: <info>  [1716881439.4446] manager: startup complete
May 28 07:30:39.572387 localhost.localdomain systemd[1]: Starting Ignition (disks)...
May 28 07:30:39.572882 localhost.localdomain systemd[1]: Finished nm-wait-online-initrd.service.
May 28 07:30:39.573757 localhost.localdomain (ignition)[681]: ignition-disks.service: Referenced but unset environment variable evaluates to an empty string: IGNITION_ARGS
May 28 07:30:39.582228 localhost.localdomain systemd[1]: Starting dracut initqueue hook...
May 28 07:30:39.705533 localhost.localdomain ignition[681]: Ignition 2.18.0
May 28 07:30:39.706298 localhost.localdomain ignition[681]: Stage: disks
May 28 07:30:39.706433 localhost.localdomain ignition[681]: no config dir at "/usr/lib/ignition/base.d"
May 28 07:30:39.706443 localhost.localdomain ignition[681]: no config dir at "/usr/lib/ignition/base.platform.d/qemu"
May 28 07:30:39.706817 localhost.localdomain ignition[681]: disks: disks passed
May 28 07:30:39.706856 localhost.localdomain ignition[681]: Ignition finished successfully
May 28 07:30:39.709554 localhost.localdomain systemd[1]: Finished Ignition (disks).
May 28 07:30:39.891306 localhost.localdomain systemd[1]: Finished dracut initqueue hook.
May 28 07:30:39.891745 localhost.localdomain systemd[1]: Reached target Preparation for Remote File Systems.
May 28 07:30:39.892053 localhost.localdomain systemd[1]: Reached target Remote Encrypted Volumes.
May 28 07:30:39.892368 localhost.localdomain systemd[1]: Reached target Remote File Systems.
May 28 07:30:40.023337 localhost.localdomain systemd[1]: Starting dracut pre-mount hook...
May 28 07:30:40.148218 localhost.localdomain dracut-pre-mount[743]: disable systemd-fsck-root.service
May 28 07:30:40.154161 localhost.localdomain dracut-pre-mount[753]: Created symlink /etc/systemd/system/systemd-fsck-root.service  /dev/null.
May 28 07:30:40.254461 localhost.localdomain systemd[1]: Reloading requested from client PID 753 ('systemctl') (unit dracut-pre-mount.service)...
May 28 07:30:40.254472 localhost.localdomain systemd[1]: Reloading...
May 28 07:30:40.412230 localhost.localdomain systemd[1]: Reloading finished in 157 ms.
May 28 07:30:40.600620 localhost.localdomain dracut-pre-mount[743]: System resize is active on every reboot
May 28 07:30:40.614667 localhost.localdomain dracut-pre-mount[743]: Activating resize operation
May 28 07:30:40.633369 localhost.localdomain kernel:  vda: vda1 vda2 vda3
May 28 07:30:40.915499 localhost.localdomain NetworkManager[662]: <info>  [1716881440.9154] policy: set 'Wired Connection' (ens4) as default for IPv6 routing and DNS
May 28 07:30:41.638664 localhost.localdomain dracut-pre-mount[1025]: The operation has completed successfully.
May 28 07:30:41.639332 localhost.localdomain kernel:  vda: vda1 vda2 vda3
May 28 07:30:42.715678 localhost.localdomain kernel:  vda: vda1 vda2
May 28 07:30:43.720522 localhost.localdomain dracut-pre-mount[1065]: The operation has completed successfully.
May 28 07:30:43.722674 localhost.localdomain kernel:  vda: vda1 vda2
May 28 07:30:44.735174 localhost.localdomain dracut-pre-mount[1069]: The operation has completed successfully.
May 28 07:30:44.736063 localhost.localdomain kernel:  vda: vda1 vda2 vda3
May 28 07:30:45.745752 localhost.localdomain kernel:  vda: vda1 vda2 vda3
May 28 07:30:45.746321 localhost.localdomain dracut-pre-mount[1070]: The operation has completed successfully.
May 28 07:30:45.870278 localhost.localdomain dracut-pre-mount[743]: Checking btrfs filesystem on /dev/vda3...
May 28 07:30:45.873009 localhost.localdomain dracut-pre-mount[1099]: [1/7] checking root items
May 28 07:30:45.968968 localhost.localdomain dracut-pre-mount[1099]: [2/7] checking extents
May 28 07:30:46.132294 localhost.localdomain dracut-pre-mount[1099]: [3/7] checking free space tree
May 28 07:30:46.281683 localhost.localdomain dracut-pre-mount[1099]: [4/7] checking fs roots
May 28 07:30:46.281683 localhost.localdomain dracut-pre-mount[1099]: [5/7] checking only csums items (without verifying data)
May 28 07:30:46.281683 localhost.localdomain dracut-pre-mount[1099]: [6/7] checking root refs
May 28 07:30:46.281683 localhost.localdomain dracut-pre-mount[1099]: [7/7] checking quota groups
May 28 07:30:46.282828 localhost.localdomain dracut-pre-mount[1099]: Opening filesystem to check...
May 28 07:30:46.282828 localhost.localdomain dracut-pre-mount[1099]: Checking filesystem on /dev/vda3
May 28 07:30:46.282828 localhost.localdomain dracut-pre-mount[1099]: UUID: 8bc5a620-43f2-4cb4-bc93-ae33026e601c
May 28 07:30:46.282828 localhost.localdomain dracut-pre-mount[1099]: found 770760704 bytes used, no error found
May 28 07:30:46.282828 localhost.localdomain dracut-pre-mount[1099]: total csum bytes: 709036
May 28 07:30:46.282828 localhost.localdomain dracut-pre-mount[1099]: total tree bytes: 18825216
May 28 07:30:46.282828 localhost.localdomain dracut-pre-mount[1099]: total fs tree bytes: 16777216
May 28 07:30:46.282828 localhost.localdomain dracut-pre-mount[1099]: total extent tree bytes: 1097728
May 28 07:30:46.282828 localhost.localdomain dracut-pre-mount[1099]: btree space waste bytes: 3178630
May 28 07:30:46.282828 localhost.localdomain dracut-pre-mount[1099]: file data blocks allocated: 751935488
May 28 07:30:46.282828 localhost.localdomain dracut-pre-mount[1099]:  referenced 751935488
May 28 07:30:46.283362 localhost.localdomain dracut-pre-mount[743]: Resizing btrfs filesystem on /dev/vda3...
May 28 07:30:46.408959 localhost.localdomain kernel: BTRFS: device label ROOT devid 1 transid 14 /dev/vda3 (253:3) scanned by mount (1101)
May 28 07:30:46.408991 localhost.localdomain kernel: BTRFS info (device vda3): first mount of filesystem 8bc5a620-43f2-4cb4-bc93-ae33026e601c
May 28 07:30:46.409001 localhost.localdomain kernel: BTRFS info (device vda3): using crc32c (crc32c-intel) checksum algorithm
May 28 07:30:46.409009 localhost.localdomain kernel: BTRFS info (device vda3): using free-space-tree
May 28 07:30:46.421404 localhost.localdomain dracut-pre-mount[1117]: Resize device id 1 (/dev/vda3) from 19.98GiB to max
May 28 07:30:46.422307 localhost.localdomain kernel: BTRFS info (device vda3): resize device /dev/vda3 (devid 1) from 21450698752 to 32188116992
May 28 07:30:46.423644 localhost.localdomain systemd[1]: fs\x2dresize.mount: Deactivated successfully.
May 28 07:30:46.429550 localhost.localdomain kernel: BTRFS info (device vda3): last unmount of filesystem 8bc5a620-43f2-4cb4-bc93-ae33026e601c
May 28 07:30:46.431250 localhost.localdomain dracut-pre-mount[743]: enabling systemd-fsck-root.service
May 28 07:30:46.438286 localhost.localdomain dracut-pre-mount[1120]: Removed "/etc/systemd/system/systemd-fsck-root.service".
May 28 07:30:46.555396 localhost.localdomain systemd[1]: Reloading requested from client PID 1120 ('systemctl') (unit dracut-pre-mount.service)...
May 28 07:30:46.555407 localhost.localdomain systemd[1]: Reloading...
May 28 07:30:46.713503 localhost.localdomain systemd[1]: Reloading finished in 157 ms.
May 28 07:30:46.721895 localhost.localdomain systemd[1]: Finished dracut pre-mount hook.
May 28 07:30:46.809148 localhost.localdomain systemd[1]: Starting File System Check on /dev/disk/by-uuid/8bc5a620-43f2-4cb4-bc93-ae33026e601c...
May 28 07:30:46.933870 localhost.localdomain systemd[1]: Finished File System Check on /dev/disk/by-uuid/8bc5a620-43f2-4cb4-bc93-ae33026e601c.
May 28 07:30:46.934894 localhost.localdomain systemd[1]: Mounting /sysroot...
May 28 07:30:47.062286 localhost.localdomain kernel: BTRFS: device label ROOT devid 1 transid 16 /dev/vda3 (253:3) scanned by mount (1176)
May 28 07:30:47.062328 localhost.localdomain kernel: BTRFS info (device vda3): first mount of filesystem 8bc5a620-43f2-4cb4-bc93-ae33026e601c
May 28 07:30:47.062339 localhost.localdomain kernel: BTRFS info (device vda3): using crc32c (crc32c-intel) checksum algorithm
May 28 07:30:47.062348 localhost.localdomain kernel: BTRFS info (device vda3): using free-space-tree
May 28 07:30:47.068297 localhost.localdomain systemd[1]: Mounted /sysroot.
May 28 07:30:47.068639 localhost.localdomain systemd[1]: Reached target Initrd Root File System.
May 28 07:30:47.192460 localhost.localdomain systemd[1]: Starting Remount /sysroot read-write for Ignition...
May 28 07:30:47.195254 localhost.localdomain systemd[1]: Finished Remount /sysroot read-write for Ignition.
May 28 07:30:47.195799 localhost.localdomain systemd[1]: Reached target Ignition Boot Disk Setup.
May 28 07:30:47.199131 localhost.localdomain systemd[1]: Starting Ignition (mount)...
May 28 07:30:47.293752 localhost.localdomain (ignition)[1194]: ignition-mount.service: Referenced but unset environment variable evaluates to an empty string: IGNITION_ARGS
May 28 07:30:47.305155 localhost.localdomain ignition[1194]: Ignition 2.18.0
May 28 07:30:47.305221 localhost.localdomain ignition[1194]: Stage: mount
May 28 07:30:47.305370 localhost.localdomain ignition[1194]: no config dir at "/usr/lib/ignition/base.d"
May 28 07:30:47.305380 localhost.localdomain ignition[1194]: no config dir at "/usr/lib/ignition/base.platform.d/qemu"
May 28 07:30:47.305793 localhost.localdomain ignition[1194]: mount: mount passed
May 28 07:30:47.305838 localhost.localdomain ignition[1194]: Ignition finished successfully
May 28 07:30:47.307756 localhost.localdomain systemd[1]: Finished Ignition (mount).
May 28 07:30:47.419142 localhost.localdomain systemd[1]: Starting Mount initrd fstab entries for Ignition...
May 28 07:30:47.558342 localhost.localdomain systemd[1]: ignition-mount-initrd-fstab.service: Deactivated successfully.
May 28 07:30:47.558498 localhost.localdomain systemd[1]: Finished Mount initrd fstab entries for Ignition.
May 28 07:30:47.685800 localhost.localdomain systemd[1]: Starting Ignition (files)...
May 28 07:30:47.686472 localhost.localdomain (ignition)[1209]: ignition-files.service: Referenced but unset environment variable evaluates to an empty string: IGNITION_ARGS
May 28 07:30:47.794200 localhost.localdomain ignition[1209]: Ignition 2.18.0
May 28 07:30:47.794263 localhost.localdomain ignition[1209]: Stage: files
May 28 07:30:47.794464 localhost.localdomain ignition[1209]: no config dir at "/usr/lib/ignition/base.d"
May 28 07:30:47.794475 localhost.localdomain ignition[1209]: no config dir at "/usr/lib/ignition/base.platform.d/qemu"
May 28 07:30:47.795074 localhost.localdomain ignition[1209]: files: compiled without relabeling support, skipping
May 28 07:30:47.802925 localhost.localdomain ignition[1209]: files: ensureUsers: op(1): [started]  creating or modifying user "root"
May 28 07:30:47.802999 localhost.localdomain ignition[1209]: files: ensureUsers: op(1): executing: "usermod" "--root" "/sysroot" "--password" "$6$eEm2HpuzI7dfE4i7$dbYiTRLhrqVvwryR7zmMEcnrp13IqZ3mzLbsx9EeHAX7849PibGVgX5vdPuaeYYIO7hVfcboI9/JDpGiDZhHf/" "root"
May 28 07:30:47.818982 localhost.localdomain kernel: evm: overlay not supported
May 28 07:30:47.821129 localhost.localdomain ignition[1209]: files: ensureUsers: op(1): [finished] creating or modifying user "root"
May 28 07:30:47.821439 localhost.localdomain ignition[1209]: files: ensureUsers: op(2): [started]  setting password for "root"
May 28 07:30:47.821496 localhost.localdomain ignition[1209]: files: ensureUsers: op(2): executing: "usermod" "--root" "/sysroot" "--password" "$6$eEm2HpuzI7dfE4i7$dbYiTRLhrqVvwryR7zmMEcnrp13IqZ3mzLbsx9EeHAX7849PibGVgX5vdPuaeYYIO7hVfcboI9/JDpGiDZhHf/" "root"
May 28 07:30:47.837360 localhost.localdomain ignition[1209]: files: ensureUsers: op(2): [finished] setting password for "root"
May 28 07:30:47.838793 localhost.localdomain ignition[1209]: files: createResultFile: createFiles: op(3): [started]  writing file "/sysroot/etc/.ignition-result.json"
May 28 07:30:47.839133 localhost.localdomain ignition[1209]: files: createResultFile: createFiles: op(3): [finished] writing file "/sysroot/etc/.ignition-result.json"
May 28 07:30:47.839219 localhost.localdomain ignition[1209]: files: files passed
May 28 07:30:47.839340 localhost.localdomain ignition[1209]: Ignition finished successfully
May 28 07:30:47.852208 localhost.localdomain systemd[1]: Finished Ignition (files).
May 28 07:30:47.969075 localhost.localdomain systemd[1]: Starting Unmount initrd fstab entries for Ignition...
May 28 07:30:48.105228 localhost.localdomain systemd[1]: ignition-umount-initrd-fstab.service: Deactivated successfully.
May 28 07:30:48.105459 localhost.localdomain systemd[1]: Finished Unmount initrd fstab entries for Ignition.
May 28 07:30:48.106808 localhost.localdomain systemd[1]: Reached target Ignition Complete.
May 28 07:30:48.285041 localhost.localdomain systemd[1]: Starting Combustion...
May 28 07:30:48.543592 localhost.localdomain systemd[1]: sysroot-root.mount: Deactivated successfully.
May 28 07:30:48.595623 localhost.localdomain dracut: SELinux: relabeling root filesystem
May 28 07:30:48.605675 localhost.localdomain dracut: SELinux: mount root read-write and relabel
May 28 07:30:54.126594 localhost.localdomain systemd[1]: sysroot\x2dselinux-dev-pts.mount: Deactivated successfully.
May 28 07:30:54.128492 localhost.localdomain systemd[1]: sysroot\x2dselinux-dev-shm.mount: Deactivated successfully.
May 28 07:30:54.130659 localhost.localdomain systemd[1]: sysroot\x2dselinux-dev.mount: Deactivated successfully.
May 28 07:30:54.132145 localhost.localdomain systemd[1]: sysroot\x2dselinux-sys-fs-bpf.mount: Deactivated successfully.
May 28 07:30:54.132414 localhost.localdomain systemd[1]: sysroot\x2dselinux-sys-fs-pstore.mount: Deactivated successfully.
May 28 07:30:54.132666 localhost.localdomain systemd[1]: sysroot\x2dselinux-sys-fs-cgroup.mount: Deactivated successfully.
May 28 07:30:54.135510 localhost.localdomain systemd[1]: sysroot\x2dselinux-sys-kernel-security.mount: Deactivated successfully.
May 28 07:30:54.135992 localhost.localdomain systemd[1]: sysroot\x2dselinux-sys.mount: Deactivated successfully.
May 28 07:30:54.136105 localhost.localdomain systemd[1]: sysroot\x2dselinux-proc.mount: Deactivated successfully.
May 28 07:30:54.136197 localhost.localdomain systemd[1]: sysroot\x2dselinux-etc.mount: Deactivated successfully.
May 28 07:30:54.139070 localhost.localdomain systemd[1]: sysroot\x2dselinux-var.mount: Deactivated successfully.
May 28 07:30:54.139177 localhost.localdomain systemd[1]: sysroot\x2dselinux-root.mount: Deactivated successfully.
May 28 07:30:54.139272 localhost.localdomain systemd[1]: sysroot\x2dselinux.mount: Deactivated successfully.
May 28 07:30:54.202945 localhost.localdomain combustion[1311]: Checking for newer version.
May 28 07:31:00.276272 localhost.localdomain combustion[1311]: transactional-update 4.6.8 started
May 28 07:31:00.277752 localhost.localdomain combustion[1311]: Options: shell
May 28 07:31:00.325959 localhost.localdomain combustion[1311]: Separate /var detected.
May 28 07:31:00.469443 localhost.localdomain combustion[1311]: 2024-05-28 07:31:00 tukit 4.6.8 started
May 28 07:31:00.469524 localhost.localdomain combustion[1311]: 2024-05-28 07:31:00 Options: -c1 open
May 28 07:31:00.469546 localhost.localdomain combustion[1311]: 2024-05-28 07:31:00 Using snapshot 1 as base for new snapshot 2.
May 28 07:31:00.469563 localhost.localdomain combustion[1311]: 2024-05-28 07:31:00 /var/lib/overlay/1/etc
May 28 07:31:00.469579 localhost.localdomain combustion[1311]: 2024-05-28 07:31:00 No previous snapshot to sync with - skipping
May 28 07:31:00.469601 localhost.localdomain combustion[1311]: 2024-05-28 07:31:00 Not bind mounting directory '/run/salt-tmp' as it doesn't exist.
May 28 07:31:00.469617 localhost.localdomain combustion[1311]: ID: 2
May 28 07:31:00.469633 localhost.localdomain combustion[1311]: 2024-05-28 07:31:00 Transaction completed.
May 28 07:31:00.473720 localhost.localdomain combustion[1311]: Opening chroot in snapshot 2, continue with 'exit'
May 28 07:31:00.476270 localhost.localdomain combustion[1611]: 2024-05-28 07:31:00 tukit 4.6.8 started
May 28 07:31:00.476520 localhost.localdomain combustion[1611]: 2024-05-28 07:31:00 Options: call 2 bash
May 28 07:31:00.483597 localhost.localdomain combustion[1611]: 2024-05-28 07:31:00 Not bind mounting directory '/run/salt-tmp' as it doesn't exist.
May 28 07:31:00.484857 localhost.localdomain combustion[1611]: 2024-05-28 07:31:00 Executing `bash`:
May 28 07:31:00.502724 localhost.localdomain combustion[1614]: + systemctl enable sshd.service
May 28 07:31:00.554730 localhost.localdomain combustion[1614]: + echo Combustion was here
May 28 07:31:00.554897 localhost.localdomain combustion[1614]: + curl conncheck.opensuse.org
May 28 07:31:00.589165 localhost.localdomain combustion[1616]:   % Total    % Received % Xferd  Average Speed   Time    Time     Time  Current
May 28 07:31:00.589840 localhost.localdomain combustion[1616]:                                  Dload  Upload   Total   Spent    Left  Speed
May 28 07:31:00.592315 localhost.localdomain combustion[1616]: [158B blob data]
May 28 07:31:00.593500 localhost.localdomain combustion[1611]: 2024-05-28 07:31:00 Application returned with exit status 0.
May 28 07:31:00.614269 localhost.localdomain combustion[1611]: 2024-05-28 07:31:00 Transaction completed.
May 28 07:31:00.622334 localhost.localdomain combustion[1622]: 2024-05-28 07:31:00 tukit 4.6.8 started
May 28 07:31:00.622334 localhost.localdomain combustion[1622]: 2024-05-28 07:31:00 Options: close 2
May 28 07:31:00.628727 localhost.localdomain combustion[1622]: 2024-05-28 07:31:00 Not bind mounting directory '/run/salt-tmp' as it doesn't exist.
May 28 07:31:00.709189 localhost.localdomain combustion[1622]: 2024-05-28 07:31:00 New default snapshot is #2 (/.snapshots/2/snapshot).
May 28 07:31:00.709271 localhost.localdomain combustion[1622]: 2024-05-28 07:31:00 Transaction completed.
May 28 07:31:00.729861 localhost.localdomain combustion[1311]: Please reboot your machine to activate the changes and avoid data loss.
May 28 07:31:00.730989 localhost.localdomain combustion[1311]: New default snapshot is #2 (/.snapshots/2/snapshot).
May 28 07:31:00.732198 localhost.localdomain combustion[1311]: transactional-update finished
May 28 07:31:00.751535 localhost.localdomain systemd[1]: sysroot-tmp.mount: Deactivated successfully.
May 28 07:31:00.753421 localhost.localdomain systemd[1]: sysroot-boot-grub2-x86_64\x2defi.mount: Deactivated successfully.
May 28 07:31:00.753926 localhost.localdomain systemd[1]: sysroot-boot-grub2-i386\x2dpc.mount: Deactivated successfully.
May 28 07:31:00.755396 localhost.localdomain systemd[1]: sysroot-run.mount: Deactivated successfully.
May 28 07:31:00.756572 localhost.localdomain systemd[1]: sysroot-usr-local.mount: Deactivated successfully.
May 28 07:31:00.756677 localhost.localdomain systemd[1]: sysroot-boot-writable.mount: Deactivated successfully.
May 28 07:31:00.756932 localhost.localdomain systemd[1]: sysroot-boot-efi.mount: Deactivated successfully.
May 28 07:31:00.757030 localhost.localdomain systemd[1]: sysroot-srv.mount: Deactivated successfully.
May 28 07:31:00.757755 localhost.localdomain systemd[1]: sysroot-opt.mount: Deactivated successfully.
May 28 07:31:00.757811 localhost.localdomain systemd[1]: sysroot-home.mount: Deactivated successfully.
May 28 07:31:00.757867 localhost.localdomain systemd[1]: sysroot-.snapshots.mount: Deactivated successfully.
May 28 07:31:00.757922 localhost.localdomain systemd[1]: sysroot-dev-pts.mount: Deactivated successfully.
May 28 07:31:00.757974 localhost.localdomain systemd[1]: sysroot-dev-shm.mount: Deactivated successfully.
May 28 07:31:00.759558 localhost.localdomain systemd[1]: sysroot-dev.mount: Deactivated successfully.
May 28 07:31:00.759664 localhost.localdomain systemd[1]: sysroot-sys-fs-bpf.mount: Deactivated successfully.
May 28 07:31:00.759755 localhost.localdomain systemd[1]: sysroot-sys-fs-pstore.mount: Deactivated successfully.
May 28 07:31:00.759841 localhost.localdomain systemd[1]: sysroot-sys-fs-cgroup.mount: Deactivated successfully.
May 28 07:31:00.759934 localhost.localdomain systemd[1]: sysroot-sys-kernel-security.mount: Deactivated successfully.
May 28 07:31:00.760038 localhost.localdomain systemd[1]: sysroot-sys.mount: Deactivated successfully.
May 28 07:31:00.761153 localhost.localdomain systemd[1]: sysroot-proc.mount: Deactivated successfully.
May 28 07:31:00.761254 localhost.localdomain systemd[1]: sysroot-etc.mount: Deactivated successfully.
May 28 07:31:00.763658 localhost.localdomain systemd[1]: sysroot-var.mount: Deactivated successfully.
May 28 07:31:00.765720 localhost.localdomain systemd[1]: sysroot-root.mount: Deactivated successfully.
May 28 07:31:00.765792 localhost.localdomain systemd[1]: sysroot.mount: Deactivated successfully.
May 28 07:31:00.839228 localhost.localdomain kernel: BTRFS info (device vda3): last unmount of filesystem 8bc5a620-43f2-4cb4-bc93-ae33026e601c
May 28 07:31:00.872496 localhost.localdomain systemd[1]: Mounting /sysroot...
May 28 07:31:00.885640 localhost.localdomain kernel: BTRFS: device label ROOT devid 1 transid 30 /dev/vda3 (253:3) scanned by mount (1685)
May 28 07:31:00.888955 localhost.localdomain kernel: BTRFS info (device vda3): first mount of filesystem 8bc5a620-43f2-4cb4-bc93-ae33026e601c
May 28 07:31:00.888975 localhost.localdomain kernel: BTRFS info (device vda3): using crc32c (crc32c-intel) checksum algorithm
May 28 07:31:00.888984 localhost.localdomain kernel: BTRFS info (device vda3): using free-space-tree
May 28 07:31:00.890738 localhost.localdomain systemd[1]: Mounted /sysroot.
May 28 07:31:00.973600 localhost.localdomain systemd[1]: combustion.service: Deactivated successfully.
May 28 07:31:00.973747 localhost.localdomain systemd[1]: Finished Combustion.
May 28 07:31:00.974049 localhost.localdomain systemd[1]: combustion.service: Consumed 10.196s CPU time.
May 28 07:31:00.974422 localhost.localdomain systemd[1]: Reached target Initrd Firstboot.
May 28 07:31:01.062378 localhost.localdomain systemd[1]: Starting Mountpoints Configured in the Real Root...
May 28 07:31:01.179359 localhost.localdomain systemd-sysroot-fstab-check[1703]: /sysroot/root should be mounted in the initrd, will request daemon-reload.
May 28 07:31:01.181031 localhost.localdomain systemd[1]: Reloading requested from client PID 1703 ('systemd-fstab-g') (unit initrd-parse-etc.service)...
May 28 07:31:01.181040 localhost.localdomain systemd[1]: Reloading...
May 28 07:31:01.339123 localhost.localdomain systemd[1]: Reloading finished in 157 ms.
May 28 07:31:01.344590 localhost.localdomain systemd-sysroot-fstab-check[1703]: Requesting initrd-fs.target/start/replace...
May 28 07:31:01.344883 localhost.localdomain systemd-sysroot-fstab-check[1703]: Requesting swap.target/start/replace...
May 28 07:31:01.367740 localhost.localdomain systemd[1]: initrd-parse-etc.service: Deactivated successfully.
May 28 07:31:01.367954 localhost.localdomain systemd[1]: Finished Mountpoints Configured in the Real Root.
May 28 07:31:01.465724 localhost.localdomain systemd[1]: Starting dracut mount hook...
May 28 07:31:01.585806 localhost.localdomain systemd[1]: Finished dracut mount hook.
May 28 07:31:01.762362 localhost.localdomain systemd[1]: Mounting /sysroot/root...
May 28 07:31:01.763091 localhost.localdomain systemd[1]: sysroot-var.mount: Directory /sysroot/var to mount over is not empty, mounting anyway.
May 28 07:31:01.856737 localhost.localdomain systemd[1]: Mounting /sysroot/var...
May 28 07:31:01.975219 localhost.localdomain systemd[1]: Mounted /sysroot/root.
May 28 07:31:02.094296 localhost.localdomain systemd[1]: Mounted /sysroot/var.
May 28 07:31:02.095049 localhost.localdomain systemd[1]: sysroot-etc.mount: Directory /sysroot/etc to mount over is not empty, mounting anyway.
May 28 07:31:02.215720 localhost.localdomain systemd[1]: Mounting /sysroot/etc...
May 28 07:31:02.326418 localhost.localdomain systemd[1]: Mounted /sysroot/etc.
May 28 07:31:02.326837 localhost.localdomain systemd[1]: Reached target Initrd File Systems.
May 28 07:31:02.443615 localhost.localdomain systemd[1]: Disable firstboot wizard if ignition ran was skipped because of an unmet condition check (ConditionPathExists=/sysroot/var/lib/YaST2/reconfig_system).
May 28 07:31:02.443648 localhost.localdomain systemd[1]: Reached target Initrd Default Target.
May 28 07:31:02.565905 localhost.localdomain systemd[1]: Starting dracut pre-pivot and cleanup hook...
May 28 07:31:02.672596 localhost.localdomain dracut-pre-pivot[1768]: SELinux: relabeling root filesystem
May 28 07:31:02.682478 localhost.localdomain dracut-pre-pivot[1768]: SELinux: mount root read-write and relabel
May 28 07:31:08.064406 localhost.localdomain systemd[1]: sysroot\x2dselinux-dev-pts.mount: Deactivated successfully.
May 28 07:31:08.067149 localhost.localdomain systemd[1]: sysroot\x2dselinux-dev-shm.mount: Deactivated successfully.
May 28 07:31:08.071771 localhost.localdomain systemd[1]: sysroot\x2dselinux-dev.mount: Deactivated successfully.
May 28 07:31:08.071893 localhost.localdomain systemd[1]: sysroot\x2dselinux-sys-fs-bpf.mount: Deactivated successfully.
May 28 07:31:08.071991 localhost.localdomain systemd[1]: sysroot\x2dselinux-sys-fs-pstore.mount: Deactivated successfully.
May 28 07:31:08.072093 localhost.localdomain systemd[1]: sysroot\x2dselinux-sys-fs-cgroup.mount: Deactivated successfully.
May 28 07:31:08.072182 localhost.localdomain systemd[1]: sysroot\x2dselinux-sys-kernel-security.mount: Deactivated successfully.
May 28 07:31:08.072310 localhost.localdomain systemd[1]: sysroot\x2dselinux-sys.mount: Deactivated successfully.
May 28 07:31:08.072410 localhost.localdomain systemd[1]: sysroot\x2dselinux-proc.mount: Deactivated successfully.
May 28 07:31:08.072497 localhost.localdomain systemd[1]: sysroot\x2dselinux-etc.mount: Deactivated successfully.
May 28 07:31:08.073828 localhost.localdomain systemd[1]: sysroot\x2dselinux-var.mount: Deactivated successfully.
May 28 07:31:08.074774 localhost.localdomain systemd[1]: sysroot\x2dselinux-root.mount: Deactivated successfully.
May 28 07:31:08.075701 localhost.localdomain systemd[1]: sysroot\x2dselinux.mount: Deactivated successfully.
May 28 07:31:08.081498 localhost.localdomain systemd[1]: Finished dracut pre-pivot and cleanup hook.
May 28 07:31:08.178106 localhost.localdomain systemd[1]: Starting transactional-update /etc overlay cleaner...
May 28 07:31:08.283153 localhost.localdomain transactional-update-etc-cleaner[1801]: Checking for conflicts between /sysroot/var/lib/overlay/1/etc/. and /sysroot/var/lib/overlay/2/etc/....
May 28 07:31:08.283622 localhost.localdomain transactional-update-etc-cleaner[1801]: Checking for conflicts between /sysroot/var/lib/overlay/1/etc/./selinux and /sysroot/var/lib/overlay/2/etc/./selinux...
May 28 07:31:08.284973 localhost.localdomain systemd[1]: transactional-update-etc-cleaner.service: Deactivated successfully.
May 28 07:31:08.285198 localhost.localdomain systemd[1]: Finished transactional-update /etc overlay cleaner.
May 28 07:31:08.409208 localhost.localdomain systemd[1]: Starting Cleaning Up and Shutting Down Daemons...
May 28 07:31:08.492957 localhost.localdomain systemd[1]: Stopped target Network.
May 28 07:31:08.493366 localhost.localdomain systemd[1]: Stopped target Remote Encrypted Volumes.
May 28 07:31:08.493702 localhost.localdomain systemd[1]: Stopped target Timer Units.
May 28 07:31:08.494015 localhost.localdomain systemd[1]: dracut-pre-pivot.service: Deactivated successfully.
May 28 07:31:08.494132 localhost.localdomain systemd[1]: Stopped dracut pre-pivot and cleanup hook.
May 28 07:31:08.494458 localhost.localdomain systemd[1]: dracut-pre-pivot.service: Consumed 5.070s CPU time.
May 28 07:31:08.494587 localhost.localdomain systemd[1]: Stopped target Initrd Default Target.
May 28 07:31:08.494901 localhost.localdomain systemd[1]: Stopped target Initrd Firstboot.
May 28 07:31:08.495206 localhost.localdomain systemd[1]: Stopped target Ignition Complete.
May 28 07:31:08.495506 localhost.localdomain systemd[1]: Stopped target Ignition Boot Disk Setup.
May 28 07:31:08.496080 localhost.localdomain systemd[1]: Stopped target Initrd Root Device.
May 28 07:31:08.496380 localhost.localdomain systemd[1]: Stopped target Initrd /usr File System.
May 28 07:31:08.496680 localhost.localdomain systemd[1]: Stopped target Remote File Systems.
May 28 07:31:08.496966 localhost.localdomain systemd[1]: Stopped target Preparation for Remote File Systems.
May 28 07:31:08.497235 localhost.localdomain systemd[1]: dracut-mount.service: Deactivated successfully.
May 28 07:31:08.497340 localhost.localdomain systemd[1]: Stopped dracut mount hook.
May 28 07:31:08.497711 localhost.localdomain systemd[1]: dracut-pre-mount.service: Deactivated successfully.
May 28 07:31:08.497807 localhost.localdomain systemd[1]: Stopped dracut pre-mount hook.
May 28 07:31:08.498169 localhost.localdomain systemd[1]: dracut-initqueue.service: Deactivated successfully.
May 28 07:31:08.498266 localhost.localdomain systemd[1]: Stopped dracut initqueue hook.
May 28 07:31:08.498629 localhost.localdomain systemd[1]: ignition-fetch-offline.service: Deactivated successfully.
May 28 07:31:08.498728 localhost.localdomain systemd[1]: Stopped Ignition (fetch-offline).
May 28 07:31:08.500141 localhost.localdomain systemd[1]: Stopped target Basic System.
May 28 07:31:08.500426 localhost.localdomain systemd[1]: Stopped target Path Units.
May 28 07:31:08.500724 localhost.localdomain systemd[1]: Stopped target Slice Units.
May 28 07:31:08.500995 localhost.localdomain systemd[1]: Stopped target Socket Units.
May 28 07:31:08.501264 localhost.localdomain systemd[1]: Stopped target System Initialization.
May 28 07:31:08.501531 localhost.localdomain systemd[1]: Stopped target Local Encrypted Volumes.
May 28 07:31:08.501777 localhost.localdomain systemd[1]: systemd-ask-password-console.path: Deactivated successfully.
May 28 07:31:08.619019 localhost.localdomain systemd[1]: Stopped Dispatch Password Requests to Console Directory Watch.
May 28 07:31:08.619692 localhost.localdomain systemd[1]: Stopped target Local File Systems.
May 28 07:31:08.620005 localhost.localdomain systemd[1]: Stopped target Preparation for Local File Systems.
May 28 07:31:08.620303 localhost.localdomain systemd[1]: Stopped target Swaps.
May 28 07:31:08.620587 localhost.localdomain systemd[1]: ignition-files.service: Deactivated successfully.
May 28 07:31:08.620721 localhost.localdomain systemd[1]: Stopped Ignition (files).
May 28 07:31:08.621041 localhost.localdomain systemd[1]: ignition-mount.service: Deactivated successfully.
May 28 07:31:08.621136 localhost.localdomain systemd[1]: Stopped Ignition (mount).
May 28 07:31:08.621439 localhost.localdomain systemd[1]: ignition-disks.service: Deactivated successfully.
May 28 07:31:08.621528 localhost.localdomain systemd[1]: Stopped Ignition (disks).
May 28 07:31:08.621820 localhost.localdomain systemd[1]: ignition-kargs.service: Deactivated successfully.
May 28 07:31:08.621907 localhost.localdomain systemd[1]: Stopped Ignition (kargs).
May 28 07:31:08.622204 localhost.localdomain systemd[1]: ignition-remount-sysroot.service: Deactivated successfully.
May 28 07:31:08.622777 localhost.localdomain systemd[1]: Stopped Remount /sysroot read-write for Ignition.
