May 28 07:30:30.757033 localhost kernel: Linux version 6.1.8-1-default (geeko@buildhost) (gcc (SUSE Linux) 12.2.1 20221020 [revision 0aaef83351473e8f4eb774f8f999bbe87a4866d7], GNU ld (GNU Binutils; openSUSE Tumbleweed) 2.39.0.20220810-2) #1 SMP PREEMPT_DYNAMIC Tue Jan 24 06:29:25 UTC 2023 (baebfe0)
May 28 07:30:30.757049 localhost kernel: Command line: BOOT_IMAGE=/boot/vmlinuz-6.1.8-1-default root=UUID=abaa1944-370d-470b-ba6d-6242252f0ed1 rd.timeout=60 rd.retry=45 quiet systemd.show_status=yes console=ttyS0,115200 console=tty0 ignition.firstboot ignition.platform.id=qemu security=selinux selinux=1
May 28 07:30:30.757056 localhost kernel: x86/fpu: Supporting XSAVE feature 0x001: 'x87 floating point registers'
May 28 07:30:30.757061 localhost kernel: x86/fpu: Supporting XSAVE feature 0x002: 'SSE registers'
May 28 07:30:30.757065 localhost kernel: x86/fpu: Supporting XSAVE feature 0x004: 'AVX registers'
May 28 07:30:30.757070 localhost kernel: x86/fpu: Supporting XSAVE feature 0x200: 'Protection Keys User registers'
May 28 07:30:30.757075 localhost kernel: x86/fpu: xstate_offset[2]:  576, xstate_sizes[2]:  256
May 28 07:30:30.757079 localhost kernel: x86/fpu: xstate_offset[9]:  832, xstate_sizes[9]:    8
May 28 07:30:30.757083 localhost kernel: x86/fpu: Enabled xstate features 0x207, context size is 840 bytes, using 'compacted' format.
May 28 07:30:30.757088 localhost kernel: signal: max sigframe size: 3376
May 28 07:30:30.757092 localhost kernel: BIOS-provided physical RAM map:
May 28 07:30:30.757096 localhost kernel: BIOS-e820: [mem 0x0000000000000000-0x000000000009fbff] usable
May 28 07:30:30.757101 localhost kernel: BIOS-e820: [mem 0x000000000009fc00-0x000000000009ffff] reserved
May 28 07:30:30.757106 localhost kernel: BIOS-e820: [mem 0x00000000000f0000-0x00000000000fffff] reserved
May 28 07:30:30.757111 localhost kernel: BIOS-e820: [mem 0x0000000000100000-0x000000003ffd8fff] usable
May 28 07:30:30.757115 localhost kernel: BIOS-e820: [mem 0x000000003ffd9000-0x000000003fffffff] reserved
May 28 07:30:30.757119 localhost kernel: BIOS-e820: [mem 0x00000000feffc000-0x00000000feffffff] reserved
May 28 07:30:30.757123 localhost kernel: BIOS-e820: [mem 0x00000000fffc0000-0x00000000ffffffff] reserved
May 28 07:30:30.757127 localhost kernel: BIOS-e820: [mem 0x000000fd00000000-0x000000ffffffffff] reserved
May 28 07:30:30.757131 localhost kernel: NX (Execute Disable) protection: active
May 28 07:30:30.757135 localhost kernel: SMBIOS 2.8 present.
May 28 07:30:30.757140 localhost kernel: DMI: QEMU Standard PC (i440FX + PIIX, 1996), BIOS rel-1.16.0-0-gd239552c-rebuilt.opensuse.org 04/01/2014
May 28 07:30:30.757144 localhost kernel: Hypervisor detected: KVM
May 28 07:30:30.757149 localhost kernel: kvm-clock: Using msrs 4b564d01 and 4b564d00
May 28 07:30:30.757153 localhost kernel: kvm-clock: using sched offset of 9059381987 cycles
May 28 07:30:30.757158 localhost kernel: clocksource: kvm-clock: mask: 0xffffffffffffffff max_cycles: 0x1cd42e4dffb, max_idle_ns: 881590591483 ns
May 28 07:30:30.757162 localhost kernel: tsc: Detected 2200.000 MHz processor
May 28 07:30:30.757167 localhost kernel: e820: update [mem 0x00000000-0x00000fff] usable ==> reserved
May 28 07:30:30.757171 localhost kernel: e820: remove [mem 0x000a0000-0x000fffff] usable
May 28 07:30:30.757176 localhost kernel: last_pfn = 0x3ffd9 max_arch_pfn = 0x400000000
May 28 07:30:30.757180 localhost kernel: x86/PAT: Configuration [0-7]: WB  WC  UC- UC  WB  WP  UC- WT  
May 28 07:30:30.757184 localhost kernel: found SMP MP-table at [mem 0x000f5b40-0x000f5b4f]
May 28 07:30:30.757189 localhost kernel: Using GB pages for direct mapping
May 28 07:30:30.757193 localhost kernel: RAMDISK: [mem 0x2d58d000-0x32abdfff]
May 28 07:30:30.757197 localhost kernel: ACPI: Early table checksum verification disabled
May 28 07:30:30.757202 localhost kernel: ACPI: RSDP 0x00000000000F5960 000014 (v00 BOCHS )
May 28 07:30:30.757207 localhost kernel: ACPI: RSDT 0x000000003FFE18F4 000034 (v01 BOCHS  BXPC     00000001 BXPC 00000001)
May 28 07:30:30.757211 localhost kernel: ACPI: FACP 0x000000003FFE17A8 000074 (v01 BOCHS  BXPC     00000001 BXPC 00000001)
May 28 07:30:30.757216 localhost kernel: ACPI: DSDT 0x000000003FFE0040 001768 (v01 BOCHS  BXPC     00000001 BXPC 00000001)
May 28 07:30:30.757220 localhost kernel: ACPI: FACS 0x000000003FFE0000 000040
May 28 07:30:30.757227 localhost kernel: ACPI: APIC 0x000000003FFE181C 000078 (v01 BOCHS  BXPC     00000001 BXPC 00000001)
May 28 07:30:30.757231 localhost kernel: ACPI: HPET 0x000000003FFE1894 000038 (v01 BOCHS  BXPC     00000001 BXPC 00000001)
May 28 07:30:30.757235 localhost kernel: ACPI: WAET 0x000000003FFE18CC 000028 (v01 BOCHS  BXPC     00000001 BXPC 00000001)
May 28 07:30:30.757240 localhost kernel: ACPI: Reserving FACP table memory at [mem 0x3ffe17a8-0x3ffe181b]
May 28 07:30:30.757244 localhost kernel: ACPI: Reserving DSDT table memory at [mem 0x3ffe0040-0x3ffe17a7]
May 28 07:30:30.757248 localhost kernel: ACPI: Reserving FACS table memory at [mem 0x3ffe0000-0x3ffe003f]
May 28 07:30:30.757253 localhost kernel: ACPI: Reserving APIC table memory at [mem 0x3ffe181c-0x3ffe1893]
May 28 07:30:30.757257 localhost kernel: ACPI: Reserving HPET table memory at [mem 0x3ffe1894-0x3ffe18cb]
May 28 07:30:30.757261 localhost kernel: ACPI: Reserving WAET table memory at [mem 0x3ffe18cc-0x3ffe18f3]
May 28 07:30:30.757265 localhost kernel: No NUMA configuration found
May 28 07:30:30.757270 localhost kernel: Faking a node at [mem 0x0000000000000000-0x000000003ffd8fff]
May 28 07:30:30.757275 localhost kernel: NODE_DATA(0) allocated [mem 0x3ffae000-0x3ffd8fff]
May 28 07:30:30.757279 localhost kernel: Zone ranges:
May 28 07:30:30.757283 localhost kernel:   DMA      [mem 0x0000000000001000-0x0000000000ffffff]
May 28 07:30:30.757288 localhost kernel:   DMA32    [mem 0x0000000001000000-0x000000003ffd8fff]
May 28 07:30:30.757292 localhost kernel:   Normal   empty
May 28 07:30:30.757296 localhost kernel:   Device   empty
May 28 07:30:30.757300 localhost kernel: Movable zone start for each node
May 28 07:30:30.757304 localhost kernel: Early memory node ranges
May 28 07:30:30.757309 localhost kernel:   node   0: [mem 0x0000000000001000-0x000000000009efff]
May 28 07:30:30.757313 localhost kernel:   node   0: [mem 0x0000000000100000-0x000000003ffd8fff]
May 28 07:30:30.757317 localhost kernel: Initmem setup node 0 [mem 0x0000000000001000-0x000000003ffd8fff]
May 28 07:30:30.757322 localhost kernel: On node 0, zone DMA: 1 pages in unavailable ranges
May 28 07:30:30.757327 localhost kernel: On node 0, zone DMA: 97 pages in unavailable ranges
May 28 07:30:30.757331 localhost kernel: On node 0, zone DMA32: 39 pages in unavailable ranges
May 28 07:30:30.757335 localhost kernel: ACPI: PM-Timer IO Port: 0x608
May 28 07:30:30.757339 localhost kernel: ACPI: LAPIC_NMI (acpi_id[0xff] dfl dfl lint[0x1])
May 28 07:30:30.757344 localhost kernel: IOAPIC[0]: apic_id 0, version 17, address 0xfec00000, GSI 0-23
May 28 07:30:30.757348 localhost kernel: ACPI: INT_SRC_OVR (bus 0 bus_irq 0 global_irq 2 dfl dfl)
May 28 07:30:30.757352 localhost kernel: ACPI: INT_SRC_OVR (bus 0 bus_irq 5 global_irq 5 high level)
May 28 07:30:30.757357 localhost kernel: ACPI: INT_SRC_OVR (bus 0 bus_irq 9 global_irq 9 high level)
May 28 07:30:30.757361 localhost kernel: ACPI: INT_SRC_OVR (bus 0 bus_irq 10 global_irq 10 high level)
May 28 07:30:30.757365 localhost kernel: ACPI: INT_SRC_OVR (bus 0 bus_irq 11 global_irq 11 high level)
May 28 07:30:30.757369 localhost kernel: ACPI: Using ACPI (MADT) for SMP configuration information
May 28 07:30:30.757374 localhost kernel: ACPI: HPET id: 0x8086a201 base: 0xfed00000
May 28 07:30:30.757379 localhost kernel: TSC deadline timer available
May 28 07:30:30.757383 localhost kernel: smpboot: Allowing 1 CPUs, 0 hotplug CPUs
May 28 07:30:30.757387 localhost kernel: PM: hibernation: Registered nosave memory: [mem 0x00000000-0x00000fff]
May 28 07:30:30.757392 localhost kernel: PM: hibernation: Registered nosave memory: [mem 0x0009f000-0x0009ffff]
May 28 07:30:30.757396 localhost kernel: PM: hibernation: Registered nosave memory: [mem 0x000a0000-0x000effff]
May 28 07:30:30.757400 localhost kernel: PM: hibernation: Registered nosave memory: [mem 0x000f0000-0x000fffff]
May 28 07:30:30.757404 localhost kernel: [mem 0x40000000-0xfeffbfff] available for PCI devices
May 28 07:30:30.757409 localhost kernel: Booting paravirtualized kernel on KVM
May 28 07:30:30.757413 localhost kernel: clocksource: refined-jiffies: mask: 0xffffffff max_cycles: 0xffffffff, max_idle_ns: 7645519600211568 ns
May 28 07:30:30.757417 localhost kernel: setup_percpu: NR_CPUS:8192 nr_cpumask_bits:1 nr_cpu_ids:1 nr_node_ids:1
May 28 07:30:30.757422 localhost kernel: percpu: Embedded 64 pages/cpu s225280 r8192 d28672 u2097152
May 28 07:30:30.757426 localhost kernel: pcpu-alloc: s225280 r8192 d28672 u2097152 alloc=1*2097152
May 28 07:30:30.757431 localhost kernel: pcpu-alloc: [0] 0 
May 28 07:30:30.757435 localhost kernel: kvm-guest: PV spinlocks disabled, single CPU
May 28 07:30:30.757439 localhost kernel: Fallback order for Node 0: 0 
May 28 07:30:30.757444 localhost kernel: Built 1 zonelists, mobility grouping on.  Total pages: 257753
May 28 07:30:30.757448 localhost kernel: Policy zone: DMA32
May 28 07:30:30.757453 localhost kernel: Kernel command line: BOOT_IMAGE=/boot/vmlinuz-6.1.8-1-default root=UUID=abaa1944-370d-470b-ba6d-6242252f0ed1 rd.timeout=60 rd.retry=45 quiet systemd.show_status=yes console=ttyS0,115200 console=tty0 ignition.firstboot ignition.platform.id=qemu security=selinux selinux=1
May 28 07:30:30.757458 localhost kernel: Unknown kernel command line parameters "BOOT_IMAGE=/boot/vmlinuz-6.1.8-1-default", will be passed to user space.
May 28 07:30:30.757462 localhost kernel: random: crng init done
May 28 07:30:30.757466 localhost kernel: Dentry cache hash table entries: 131072 (order: 8, 1048576 bytes, linear)
May 28 07:30:30.757470 localhost kernel: Inode-cache hash table entries: 65536 (order: 7, 524288 bytes, linear)
May 28 07:30:30.757475 localhost kernel: mem auto-init: stack:off, heap alloc:off, heap free:off
May 28 07:30:30.757480 localhost kernel: Memory: 260860K/1048028K available (14343K kernel code, 3000K rwdata, 10976K rodata, 2944K init, 5960K bss, 151408K reserved, 0K cma-reserved)
May 28 07:30:30.757485 localhost kernel: SLUB: HWalign=64, Order=0-3, MinObjects=0, CPUs=1, Nodes=1
May 28 07:30:30.757489 localhost kernel: ftrace: allocating 44989 entries in 176 pages
May 28 07:30:30.757493 localhost kernel: ftrace: allocated 176 pages with 3 groups
May 28 07:30:30.757498 localhost kernel: Dynamic Preempt: voluntary
May 28 07:30:30.757502 localhost kernel: rcu: Preemptible hierarchical RCU implementation.
May 28 07:30:30.757507 localhost kernel: rcu:         RCU event tracing is enabled.
May 28 07:30:30.757511 localhost kernel: rcu:         RCU restricting CPUs from NR_CPUS=8192 to nr_cpu_ids=1.
May 28 07:30:30.757515 localhost kernel:         Trampoline variant of Tasks RCU enabled.
May 28 07:30:30.757520 localhost kernel:         Rude variant of Tasks RCU enabled.
May 28 07:30:30.757524 localhost kernel:         Tracing variant of Tasks RCU enabled.
May 28 07:30:30.757528 localhost kernel: rcu: RCU calculated value of scheduler-enlistment delay is 25 jiffies.
May 28 07:30:30.757532 localhost kernel: rcu: Adjusting geometry for rcu_fanout_leaf=16, nr_cpu_ids=1
May 28 07:30:30.757537 localhost kernel: NR_IRQS: 524544, nr_irqs: 256, preallocated irqs: 16
May 28 07:30:30.757542 localhost kernel: rcu: srcu_init: Setting srcu_struct sizes based on contention.
May 28 07:30:30.757546 localhost kernel: Console: colour dummy device 80x25
May 28 07:30:30.757550 localhost kernel: printk: console [tty0] enabled
May 28 07:30:30.757555 localhost kernel: printk: console [ttyS0] enabled
May 28 07:30:30.757559 localhost kernel: ACPI: Core revision 20220331
May 28 07:30:30.757563 localhost kernel: clocksource: hpet: mask: 0xffffffff max_cycles: 0xffffffff, max_idle_ns: 19112604467 ns
May 28 07:30:30.757570 localhost kernel: APIC: Switch to symmetric I/O mode setup
May 28 07:30:30.757574 localhost kernel: x2apic enabled
May 28 07:30:30.757578 localhost kernel: Switched APIC routing to physical x2apic.
May 28 07:30:30.757583 localhost kernel: ..TIMER: vector=0x30 apic1=0 pin1=2 apic2=-1 pin2=-1
May 28 07:30:30.757587 localhost kernel: clocksource: tsc-early: mask: 0xffffffffffffffff max_cycles: 0x1fb633008a4, max_idle_ns: 440795292230 ns
May 28 07:30:30.757592 localhost kernel: Calibrating delay loop (skipped) preset value.. 4400.00 BogoMIPS (lpj=8800000)
May 28 07:30:30.757597 localhost kernel: pid_max: default: 32768 minimum: 301
May 28 07:30:30.757601 localhost kernel: LSM: Security Framework initializing
May 28 07:30:30.757605 localhost kernel: SELinux:  Initializing.
May 28 07:30:30.757610 localhost kernel: Mount-cache hash table entries: 2048 (order: 2, 16384 bytes, linear)
May 28 07:30:30.757614 localhost kernel: Mountpoint-cache hash table entries: 2048 (order: 2, 16384 bytes, linear)
May 28 07:30:30.757618 localhost kernel: x86/cpu: User Mode Instruction Prevention (UMIP) activated
May 28 07:30:30.757622 localhost kernel: Last level iTLB entries: 4KB 512, 2MB 255, 4MB 127
May 28 07:30:30.757627 localhost kernel: Last level dTLB entries: 4KB 512, 2MB 255, 4MB 127, 1GB 0
May 28 07:30:30.757631 localhost kernel: Spectre V1 : Mitigation: usercopy/swapgs barriers and __user pointer sanitization
May 28 07:30:30.757636 localhost kernel: Spectre V2 : Mitigation: Retpolines
May 28 07:30:30.757641 localhost kernel: Spectre V2 : Spectre v2 / SpectreRSB mitigation: Filling RSB on context switch
May 28 07:30:30.757645 localhost kernel: Spectre V2 : Spectre v2 / SpectreRSB : Filling RSB on VMEXIT
May 28 07:30:30.757649 localhost kernel: Spectre V2 : Enabling Restricted Speculation for firmware calls
May 28 07:30:30.757654 localhost kernel: Spectre V2 : mitigation: Enabling conditional Indirect Branch Prediction Barrier
May 28 07:30:30.757658 localhost kernel: Speculative Store Bypass: Mitigation: Speculative Store Bypass disabled via prctl
May 28 07:30:30.757662 localhost kernel: Freeing SMP alternatives memory: 36K
May 28 07:30:30.757667 localhost kernel: smpboot: CPU0: AMD EPYC 7773X 64-Core Processor (family: 0x19, model: 0x1, stepping: 0x2)
May 28 07:30:30.757671 localhost kernel: cblist_init_generic: Setting adjustable number of callback queues.
May 28 07:30:30.757675 localhost kernel: cblist_init_generic: Setting shift to 0 and lim to 1.
May 28 07:30:30.757679 localhost kernel: cblist_init_generic: Setting shift to 0 and lim to 1.
May 28 07:30:30.757684 localhost kernel: cblist_init_generic: Setting shift to 0 and lim to 1.
May 28 07:30:30.757689 localhost kernel: Performance Events: Fam17h+ core perfctr, AMD PMU driver.
May 28 07:30:30.757693 localhost kernel: ... version:                0
May 28 07:30:30.757697 localhost kernel: ... bit width:              48
May 28 07:30:30.757702 localhost kernel: ... generic registers:      6
May 28 07:30:30.757706 localhost kernel: ... value mask:             0000ffffffffffff
May 28 07:30:30.757710 localhost kernel: ... max period:             00007fffffffffff
May 28 07:30:30.757714 localhost kernel: ... fixed-purpose events:   0
May 28 07:30:30.757718 localhost kernel: ... event mask:             000000000000003f
May 28 07:30:30.757723 localhost kernel: rcu: Hierarchical SRCU implementation.
May 28 07:30:30.757727 localhost kernel: rcu:         Max phase no-delay instances is 1000.
May 28 07:30:30.757731 localhost kernel: smp: Bringing up secondary CPUs ...
May 28 07:30:30.757735 localhost kernel: smp: Brought up 1 node, 1 CPU
May 28 07:30:30.757740 localhost kernel: smpboot: Max logical packages: 1
May 28 07:30:30.757745 localhost kernel: smpboot: Total of 1 processors activated (4400.00 BogoMIPS)
May 28 07:30:30.757749 localhost kernel: node 0 deferred pages initialised in 0ms
May 28 07:30:30.757753 localhost kernel: devtmpfs: initialized
May 28 07:30:30.757757 localhost kernel: x86/mm: Memory block size: 128MB
May 28 07:30:30.757762 localhost kernel: clocksource: jiffies: mask: 0xffffffff max_cycles: 0xffffffff, max_idle_ns: 7645041785100000 ns
May 28 07:30:30.757766 localhost kernel: futex hash table entries: 256 (order: 2, 16384 bytes, linear)
May 28 07:30:30.757770 localhost kernel: pinctrl core: initialized pinctrl subsystem
May 28 07:30:30.757774 localhost kernel: PM: RTC time: 07:30:30, date: 2024-05-28
May 28 07:30:30.757779 localhost kernel: NET: Registered PF_NETLINK/PF_ROUTE protocol family
May 28 07:30:30.757783 localhost kernel: DMA: preallocated 128 KiB GFP_KERNEL pool for atomic allocations
May 28 07:30:30.757787 localhost kernel: DMA: preallocated 128 KiB GFP_KERNEL|GFP_DMA pool for atomic allocations
May 28 07:30:30.757791 localhost kernel: DMA: preallocated 128 KiB GFP_KERNEL|GFP_DMA32 pool for atomic allocations
May 28 07:30:30.757795 localhost kernel: audit: initializing netlink subsys (disabled)
May 28 07:30:30.757799 localhost kernel: thermal_sys: Registered thermal governor 'fair_share'
May 28 07:30:30.757804 localhost kernel: thermal_sys: Registered thermal governor 'bang_bang'
May 28 07:30:30.757808 localhost kernel: thermal_sys: Registered thermal governor 'step_wise'
May 28 07:30:30.757813 localhost kernel: thermal_sys: Registered thermal governor 'user_space'
May 28 07:30:30.757817 localhost kernel: cpuidle: using governor ladder
May 28 07:30:30.757821 localhost kernel: cpuidle: using governor menu
May 28 07:30:30.757825 localhost kernel: acpiphp: ACPI Hot Plug PCI Controller Driver version: 0.5
May 28 07:30:30.757829 localhost kernel: PCI: Using configuration type 1 for base access
May 28 07:30:30.757833 localhost kernel: PCI: Using configuration type 1 for extended access
May 28 07:30:30.757837 localhost kernel: kprobes: kprobe jump-optimization is enabled. All kprobes are optimized if possible.
May 28 07:30:30.757842 localhost kernel: audit: type=2000 audit(1716881430.674:1): state=initialized audit_enabled=0 res=1
May 28 07:30:30.757846 localhost kernel: HugeTLB: registered 1.00 GiB page size, pre-allocated 0 pages
May 28 07:30:30.757851 localhost kernel: HugeTLB: 16380 KiB vmemmap can be freed for a 1.00 GiB page
May 28 07:30:30.757855 localhost kernel: HugeTLB: registered 2.00 MiB page size, pre-allocated 0 pages
May 28 07:30:30.757859 localhost kernel: HugeTLB: 28 KiB vmemmap can be freed for a 2.00 MiB page
May 28 07:30:30.757864 localhost kernel: ACPI: Added _OSI(Module Device)
May 28 07:30:30.757869 localhost kernel: ACPI: Added _OSI(Processor Device)
May 28 07:30:30.757873 localhost kernel: ACPI: Added _OSI(3.0 _SCP Extensions)
May 28 07:30:30.757877 localhost kernel: ACPI: Added _OSI(Processor Aggregator Device)
May 28 07:30:30.757881 localhost kernel: ACPI: 1 ACPI AML tables successfully acquired and loaded
May 28 07:30:30.757886 localhost kernel: ACPI: Interpreter enabled
May 28 07:30:30.757890 localhost kernel: ACPI: PM: (supports S0 S3 S4 S5)
May 28 07:30:30.757894 localhost kernel: ACPI: Using IOAPIC for interrupt routing
May 28 07:30:30.757899 localhost kernel: PCI: Using host bridge windows from ACPI; if necessary, use "pci=nocrs" and report a bug
May 28 07:30:30.757903 localhost kernel: PCI: Using E820 reservations for host bridge windows
May 28 07:30:30.757907 localhost kernel: ACPI: Enabled 2 GPEs in block 00 to 0F
May 28 07:30:30.757912 localhost kernel: ACPI: PCI Root Bridge [PCI0] (domain 0000 [bus 00-ff])
May 28 07:30:30.758000 localhost kernel: acpi PNP0A03:00: _OSC: OS supports [ExtendedConfig ASPM ClockPM Segments MSI EDR HPX-Type3]
May 28 07:30:30.758011 localhost kernel: acpiphp: Slot [3] registered
May 28 07:30:30.758015 localhost kernel: acpiphp: Slot [4] registered
May 28 07:30:30.758020 localhost kernel: acpiphp: Slot [5] registered
May 28 07:30:30.758024 localhost kernel: acpiphp: Slot [6] registered
May 28 07:30:30.758028 localhost kernel: acpiphp: Slot [7] registered
May 28 07:30:30.758032 localhost kernel: acpiphp: Slot [8] registered
May 28 07:30:30.758037 localhost kernel: acpiphp: Slot [9] registered
May 28 07:30:30.758041 localhost kernel: acpiphp: Slot [10] registered
May 28 07:30:30.758045 localhost kernel: acpiphp: Slot [11] registered
May 28 07:30:30.758049 localhost kernel: acpiphp: Slot [12] registered
May 28 07:30:30.758053 localhost kernel: acpiphp: Slot [13] registered
May 28 07:30:30.758058 localhost kernel: acpiphp: Slot [14] registered
May 28 07:30:30.758063 localhost kernel: acpiphp: Slot [15] registered
May 28 07:30:30.758067 localhost kernel: acpiphp: Slot [16] registered
May 28 07:30:30.759143 localhost kernel: acpiphp: Slot [17] registered
May 28 07:30:30.759150 localhost kernel: acpiphp: Slot [18] registered
May 28 07:30:30.759155 localhost kernel: acpiphp: Slot [19] registered
May 28 07:30:30.759160 localhost kernel: acpiphp: Slot [20] registered
May 28 07:30:30.759164 localhost kernel: acpiphp: Slot [21] registered
May 28 07:30:30.759168 localhost kernel: acpiphp: Slot [22] registered
May 28 07:30:30.759172 localhost kernel: acpiphp: Slot [23] registered
May 28 07:30:30.759176 localhost kernel: acpiphp: Slot [24] registered
May 28 07:30:30.759180 localhost kernel: acpiphp: Slot [25] registered
May 28 07:30:30.759185 localhost kernel: acpiphp: Slot [26] registered
May 28 07:30:30.759191 localhost kernel: acpiphp: Slot [27] registered
May 28 07:30:30.759195 localhost kernel: acpiphp: Slot [28] registered
May 28 07:30:30.759200 localhost kernel: acpiphp: Slot [29] registered
May 28 07:30:30.759204 localhost kernel: acpiphp: Slot [30] registered
May 28 07:30:30.759209 localhost kernel: acpiphp: Slot [31] registered
May 28 07:30:30.759213 localhost kernel: PCI host bridge to bus 0000:00
May 28 07:30:30.759288 localhost kernel: pci_bus 0000:00: root bus resource [io  0x0000-0x0cf7 window]
May 28 07:30:30.759340 localhost kernel: pci_bus 0000:00: root bus resource [io  0x0d00-0xffff window]
May 28 07:30:30.759387 localhost kernel: pci_bus 0000:00: root bus resource [mem 0x000a0000-0x000bffff window]
May 28 07:30:30.759432 localhost kernel: pci_bus 0000:00: root bus resource [mem 0x40000000-0xfebfffff window]
May 28 07:30:30.759479 localhost kernel: pci_bus 0000:00: root bus resource [mem 0x100000000-0x17fffffff window]
May 28 07:30:30.759524 localhost kernel: pci_bus 0000:00: root bus resource [bus 00-ff]
May 28 07:30:30.759589 localhost kernel: pci 0000:00:00.0: [8086:1237] type 00 class 0x060000
May 28 07:30:30.759648 localhost kernel: pci 0000:00:01.0: [8086:7000] type 00 class 0x060100
May 28 07:30:30.759706 localhost kernel: pci 0000:00:01.1: [8086:7010] type 00 class 0x010180
May 28 07:30:30.759758 localhost kernel: pci 0000:00:01.1: reg 0x20: [io  0xc1c0-0xc1cf]
May 28 07:30:30.759810 localhost kernel: pci 0000:00:01.1: legacy IDE quirk: reg 0x10: [io  0x01f0-0x01f7]
May 28 07:30:30.759861 localhost kernel: pci 0000:00:01.1: legacy IDE quirk: reg 0x14: [io  0x03f6]
May 28 07:30:30.759916 localhost kernel: pci 0000:00:01.1: legacy IDE quirk: reg 0x18: [io  0x0170-0x0177]
May 28 07:30:30.759968 localhost kernel: pci 0000:00:01.1: legacy IDE quirk: reg 0x1c: [io  0x0376]
May 28 07:30:30.760024 localhost kernel: pci 0000:00:01.3: [8086:7113] type 00 class 0x068000
May 28 07:30:30.760076 localhost kernel: pci 0000:00:01.3: quirk: [io  0x0600-0x063f] claimed by PIIX4 ACPI
May 28 07:30:30.760127 localhost kernel: pci 0000:00:01.3: quirk: [io  0x0700-0x070f] claimed by PIIX4 SMB
May 28 07:30:30.760184 localhost kernel: pci 0000:00:02.0: [1234:1111] type 00 class 0x030000
May 28 07:30:30.760236 localhost kernel: pci 0000:00:02.0: reg 0x10: [mem 0xfd000000-0xfdffffff pref]
May 28 07:30:30.760287 localhost kernel: pci 0000:00:02.0: reg 0x18: [mem 0xfebd8000-0xfebd8fff]
May 28 07:30:30.760338 localhost kernel: pci 0000:00:02.0: reg 0x30: [mem 0xfebc0000-0xfebcffff pref]
May 28 07:30:30.760393 localhost kernel: pci 0000:00:02.0: BAR 0: assigned to efifb
May 28 07:30:30.760444 localhost kernel: pci 0000:00:02.0: Video device with shadowed ROM at [mem 0x000c0000-0x000dffff]
May 28 07:30:30.760499 localhost kernel: pci 0000:00:03.0: [8086:2668] type 00 class 0x040300
May 28 07:30:30.760550 localhost kernel: pci 0000:00:03.0: reg 0x10: [mem 0xfebd0000-0xfebd3fff]
May 28 07:30:30.760609 localhost kernel: pci 0000:00:04.0: [1af4:1000] type 00 class 0x020000
May 28 07:30:30.760663 localhost kernel: pci 0000:00:04.0: reg 0x10: [io  0xc180-0xc19f]
May 28 07:30:30.760714 localhost kernel: pci 0000:00:04.0: reg 0x14: [mem 0xfebd9000-0xfebd9fff]
May 28 07:30:30.760765 localhost kernel: pci 0000:00:04.0: reg 0x20: [mem 0xfe000000-0xfe003fff 64bit pref]
May 28 07:30:30.760817 localhost kernel: pci 0000:00:04.0: reg 0x30: [mem 0xfeb80000-0xfebbffff pref]
May 28 07:30:30.760876 localhost kernel: pci 0000:00:05.0: [1af4:1005] type 00 class 0x00ff00
May 28 07:30:30.760931 localhost kernel: pci 0000:00:05.0: reg 0x10: [io  0xc1a0-0xc1bf]
May 28 07:30:30.760983 localhost kernel: pci 0000:00:05.0: reg 0x20: [mem 0xfe004000-0xfe007fff 64bit pref]
May 28 07:30:30.761040 localhost kernel: pci 0000:00:06.0: [1b36:000d] type 00 class 0x0c0330
May 28 07:30:30.761091 localhost kernel: pci 0000:00:06.0: reg 0x10: [mem 0xfebd4000-0xfebd7fff 64bit]
May 28 07:30:30.761147 localhost kernel: pci 0000:00:07.0: [1af4:1003] type 00 class 0x078000
May 28 07:30:30.761199 localhost kernel: pci 0000:00:07.0: reg 0x10: [io  0xc100-0xc13f]
May 28 07:30:30.761251 localhost kernel: pci 0000:00:07.0: reg 0x14: [mem 0xfebda000-0xfebdafff]
May 28 07:30:30.761302 localhost kernel: pci 0000:00:07.0: reg 0x20: [mem 0xfe008000-0xfe00bfff 64bit pref]
May 28 07:30:30.761363 localhost kernel: pci 0000:00:08.0: [1af4:1004] type 00 class 0x010000
May 28 07:30:30.761416 localhost kernel: pci 0000:00:08.0: reg 0x10: [io  0xc140-0xc17f]
May 28 07:30:30.761467 localhost kernel: pci 0000:00:08.0: reg 0x14: [mem 0xfebdb000-0xfebdbfff]
May 28 07:30:30.761518 localhost kernel: pci 0000:00:08.0: reg 0x20: [mem 0xfe00c000-0xfe00ffff 64bit pref]
May 28 07:30:30.761574 localhost kernel: pci 0000:00:09.0: [1af4:1001] type 00 class 0x010000
May 28 07:30:30.761626 localhost kernel: pci 0000:00:09.0: reg 0x10: [io  0xc000-0xc07f]
May 28 07:30:30.761676 localhost kernel: pci 0000:00:09.0: reg 0x14: [mem 0xfebdc000-0xfebdcfff]
May 28 07:30:30.761729 localhost kernel: pci 0000:00:09.0: reg 0x20: [mem 0xfe010000-0xfe013fff 64bit pref]
May 28 07:30:30.761786 localhost kernel: pci 0000:00:0a.0: [1af4:1001] type 00 class 0x010000
May 28 07:30:30.761842 localhost kernel: pci 0000:00:0a.0: reg 0x10: [io  0xc080-0xc0ff]
May 28 07:30:30.761893 localhost kernel: pci 0000:00:0a.0: reg 0x14: [mem 0xfebdd000-0xfebddfff]
May 28 07:30:30.761943 localhost kernel: pci 0000:00:0a.0: reg 0x20: [mem 0xfe014000-0xfe017fff 64bit pref]
May 28 07:30:30.761949 localhost kernel: ACPI: PCI: Interrupt link LNKA configured for IRQ 10
May 28 07:30:30.761954 localhost kernel: ACPI: PCI: Interrupt link LNKB configured for IRQ 10
May 28 07:30:30.761958 localhost kernel: ACPI: PCI: Interrupt link LNKC configured for IRQ 11
May 28 07:30:30.761963 localhost kernel: ACPI: PCI: Interrupt link LNKD configured for IRQ 11
May 28 07:30:30.761967 localhost kernel: ACPI: PCI: Interrupt link LNKS configured for IRQ 9
May 28 07:30:30.761971 localhost kernel: iommu: Default domain type: Passthrough 
May 28 07:30:30.761976 localhost kernel: SCSI subsystem initialized
May 28 07:30:30.761982 localhost kernel: libata version 3.00 loaded.
May 28 07:30:30.761987 localhost kernel: pps_core: LinuxPPS API ver. 1 registered
May 28 07:30:30.761991 localhost kernel: pps_core: Software ver. 5.3.6 - Copyright 2005-2007 Rodolfo Giometti <giometti@linux.it>
May 28 07:30:30.761995 localhost kernel: PTP clock support registered
May 28 07:30:30.762000 localhost kernel: EDAC MC: Ver: 3.0.0
May 28 07:30:30.762004 localhost kernel: NetLabel: Initializing
May 28 07:30:30.762008 localhost kernel: NetLabel:  domain hash size = 128
May 28 07:30:30.762014 localhost kernel: NetLabel:  protocols = UNLABELED CIPSOv4 CALIPSO
May 28 07:30:30.762018 localhost kernel: NetLabel:  unlabeled traffic allowed by default
May 28 07:30:30.762022 localhost kernel: mctp: management component transport protocol core
May 28 07:30:30.762027 localhost kernel: NET: Registered PF_MCTP protocol family
May 28 07:30:30.762031 localhost kernel: PCI: Using ACPI for IRQ routing
May 28 07:30:30.762035 localhost kernel: PCI: pci_cache_line_size set to 64 bytes
May 28 07:30:30.762040 localhost kernel: e820: reserve RAM buffer [mem 0x0009fc00-0x0009ffff]
May 28 07:30:30.762045 localhost kernel: e820: reserve RAM buffer [mem 0x3ffd9000-0x3fffffff]
May 28 07:30:30.769376 localhost kernel: pci 0000:00:02.0: vgaarb: setting as boot VGA device
May 28 07:30:30.769442 localhost kernel: pci 0000:00:02.0: vgaarb: bridge control possible
May 28 07:30:30.769497 localhost kernel: pci 0000:00:02.0: vgaarb: VGA device added: decodes=io+mem,owns=io+mem,locks=none
May 28 07:30:30.769504 localhost kernel: vgaarb: loaded
May 28 07:30:30.769509 localhost kernel: hpet0: at MMIO 0xfed00000, IRQs 2, 8, 0
May 28 07:30:30.769514 localhost kernel: hpet0: 3 comparators, 64-bit 100.000000 MHz counter
May 28 07:30:30.769518 localhost kernel: clocksource: Switched to clocksource kvm-clock
May 28 07:30:30.769523 localhost kernel: VFS: Disk quotas dquot_6.6.0
May 28 07:30:30.769527 localhost kernel: VFS: Dquot-cache hash table entries: 512 (order 0, 4096 bytes)
May 28 07:30:30.769535 localhost kernel: pnp: PnP ACPI init
May 28 07:30:30.769596 localhost kernel: pnp 00:02: [dma 2]
May 28 07:30:30.769603 localhost kernel: pnp: PnP ACPI: found 6 devices
May 28 07:30:30.769608 localhost kernel: clocksource: acpi_pm: mask: 0xffffff max_cycles: 0xffffff, max_idle_ns: 2085701024 ns
May 28 07:30:30.769612 localhost kernel: NET: Registered PF_INET protocol family
May 28 07:30:30.769617 localhost kernel: IP idents hash table entries: 16384 (order: 5, 131072 bytes, linear)
May 28 07:30:30.769621 localhost kernel: tcp_listen_portaddr_hash hash table entries: 512 (order: 1, 8192 bytes, linear)
May 28 07:30:30.769626 localhost kernel: Table-perturb hash table entries: 65536 (order: 6, 262144 bytes, linear)
May 28 07:30:30.769630 localhost kernel: TCP established hash table entries: 8192 (order: 4, 65536 bytes, linear)
May 28 07:30:30.769634 localhost kernel: TCP bind hash table entries: 8192 (order: 6, 262144 bytes, linear)
May 28 07:30:30.769639 localhost kernel: TCP: Hash tables configured (established 8192 bind 8192)
May 28 07:30:30.769645 localhost kernel: MPTCP token hash table entries: 1024 (order: 2, 24576 bytes, linear)
May 28 07:30:30.769649 localhost kernel: UDP hash table entries: 512 (order: 2, 16384 bytes, linear)
May 28 07:30:30.769653 localhost kernel: UDP-Lite hash table entries: 512 (order: 2, 16384 bytes, linear)
May 28 07:30:30.769658 localhost kernel: NET: Registered PF_UNIX/PF_LOCAL protocol family
May 28 07:30:30.769662 localhost kernel: NET: Registered PF_XDP protocol family
May 28 07:30:30.769710 localhost kernel: pci_bus 0000:00: resource 4 [io  0x0000-0x0cf7 window]
May 28 07:30:30.769756 localhost kernel: pci_bus 0000:00: resource 5 [io  0x0d00-0xffff window]
May 28 07:30:30.769800 localhost kernel: pci_bus 0000:00: resource 6 [mem 0x000a0000-0x000bffff window]
May 28 07:30:30.769845 localhost kernel: pci_bus 0000:00: resource 7 [mem 0x40000000-0xfebfffff window]
May 28 07:30:30.769889 localhost kernel: pci_bus 0000:00: resource 8 [mem 0x100000000-0x17fffffff window]
May 28 07:30:30.769942 localhost kernel: pci 0000:00:01.0: PIIX3: Enabling Passive Release
May 28 07:30:30.769998 localhost kernel: pci 0000:00:00.0: Limiting direct PCI/PCI transfers
May 28 07:30:30.770005 localhost kernel: ACPI: \_SB_.LNKB: Enabled at IRQ 10
May 28 07:30:30.770058 localhost kernel: pci 0000:00:06.0: quirk_usb_early_handoff+0x0/0x720 took 27596 usecs
May 28 07:30:30.770065 localhost kernel: PCI: CLS 0 bytes, default 64
May 28 07:30:30.771800 localhost kernel: Trying to unpack rootfs image as initramfs...
May 28 07:30:30.771810 localhost kernel: clocksource: tsc: mask: 0xffffffffffffffff max_cycles: 0x1fb633008a4, max_idle_ns: 440795292230 ns
May 28 07:30:30.771815 localhost kernel: Initialise system trusted keyrings
May 28 07:30:30.771820 localhost kernel: Key type blacklist registered
May 28 07:30:30.771825 localhost kernel: workingset: timestamp_bits=36 max_order=18 bucket_order=0
May 28 07:30:30.771829 localhost kernel: zbud: loaded
May 28 07:30:30.771833 localhost kernel: integrity: Platform Keyring initialized
May 28 07:30:30.771838 localhost kernel: integrity: Machine keyring initialized
May 28 07:30:30.771844 localhost kernel: Key type asymmetric registered
May 28 07:30:30.771849 localhost kernel: Asymmetric key parser 'x509' registered
May 28 07:30:30.771853 localhost kernel: Freeing initrd memory: 87236K
May 28 07:30:30.771857 localhost kernel: alg: self-tests for CTR-KDF (hmac(sha256)) passed
May 28 07:30:30.771862 localhost kernel: Block layer SCSI generic (bsg) driver version 0.4 loaded (major 247)
May 28 07:30:30.771866 localhost kernel: io scheduler mq-deadline registered
May 28 07:30:30.771871 localhost kernel: io scheduler kyber registered
May 28 07:30:30.771880 localhost kernel: io scheduler bfq registered
May 28 07:30:30.771885 localhost kernel: shpchp: Standard Hot Plug PCI Controller Driver version: 0.4
May 28 07:30:30.771890 localhost kernel: ACPI: \_SB_.LNKD: Enabled at IRQ 11
May 28 07:30:30.771895 localhost kernel: ACPI: \_SB_.LNKA: Enabled at IRQ 10
May 28 07:30:30.771899 localhost kernel: ACPI: \_SB_.LNKC: Enabled at IRQ 11
May 28 07:30:30.771903 localhost kernel: Serial: 8250/16550 driver, 32 ports, IRQ sharing enabled
May 28 07:30:30.771908 localhost kernel: 00:04: ttyS0 at I/O 0x3f8 (irq = 4, base_baud = 115200) is a 16550A
May 28 07:30:30.771912 localhost kernel: Non-volatile memory driver v1.3
May 28 07:30:30.771916 localhost kernel: Linux agpgart interface v0.103
May 28 07:30:30.771920 localhost kernel: ACPI: bus type drm_connector registered
May 28 07:30:30.771925 localhost kernel: i8042: PNP: PS/2 Controller [PNP0303:KBD,PNP0f13:MOU] at 0x60,0x64 irq 1,12
May 28 07:30:30.771930 localhost kernel: serio: i8042 KBD port at 0x60,0x64 irq 1
May 28 07:30:30.771934 localhost kernel: serio: i8042 AUX port at 0x60,0x64 irq 12
May 28 07:30:30.771938 localhost kernel: mousedev: PS/2 mouse device common for all mice
May 28 07:30:30.771943 localhost kernel: input: AT Translated Set 2 keyboard as /devices/platform/i8042/serio0/input/input0
May 28 07:30:30.771947 localhost kernel: input: VirtualPS/2 VMware VMMouse as /devices/platform/i8042/serio1/input/input3
May 28 07:30:30.771952 localhost kernel: input: VirtualPS/2 VMware VMMouse as /devices/platform/i8042/serio1/input/input2
May 28 07:30:30.772027 localhost kernel: rtc_cmos 00:05: RTC can wake from S4
May 28 07:30:30.772080 localhost kernel: rtc_cmos 00:05: registered as rtc0
May 28 07:30:30.772129 localhost kernel: rtc_cmos 00:05: setting system clock to 2024-05-28T07:30:30 UTC (1716881430)
May 28 07:30:30.772176 localhost kernel: rtc_cmos 00:05: alarms up to one day, y3k, 242 bytes nvram, hpet irqs
May 28 07:30:30.772184 localhost kernel: ledtrig-cpu: registered to indicate activity on CPUs
May 28 07:30:30.772189 localhost kernel: [drm] Initialized simpledrm 1.0.0 20200625 for simple-framebuffer.0 on minor 0
May 28 07:30:30.772193 localhost kernel: Console: switching to colour frame buffer device 100x37
May 28 07:30:30.772254 localhost kernel: simple-framebuffer simple-framebuffer.0: [drm] fb0: simpledrmdrmfb frame buffer device
May 28 07:30:30.772261 localhost kernel: hid: raw HID events driver (C) Jiri Kosina
May 28 07:30:30.772265 localhost kernel: drop_monitor: Initializing network drop monitor service
May 28 07:30:30.772270 localhost kernel: NET: Registered PF_INET6 protocol family
May 28 07:30:30.772274 localhost kernel: Segment Routing with IPv6
May 28 07:30:30.772279 localhost kernel: RPL Segment Routing with IPv6
May 28 07:30:30.772283 localhost kernel: In-situ OAM (IOAM) with IPv6
May 28 07:30:30.772288 localhost kernel: IPI shorthand broadcast: enabled
May 28 07:30:30.772292 localhost kernel: sched_clock: Marking stable (579581130, -1717060)->(645061190, -67197120)
May 28 07:30:30.772296 localhost kernel: registered taskstats version 1
May 28 07:30:30.772301 localhost kernel: Loading compiled-in X.509 certificates
May 28 07:30:30.772307 localhost kernel: Loaded X.509 cert 'openSUSE Secure Boot Signkey: fd9f2c12e599d67cc7f9067541adf426b712469e'
May 28 07:30:30.772311 localhost kernel: zswap: loaded using pool lzo/zbud
May 28 07:30:30.772315 localhost kernel: page_owner is disabled
May 28 07:30:30.772320 localhost kernel: Key type .fscrypt registered
May 28 07:30:30.772324 localhost kernel: Key type fscrypt-provisioning registered
May 28 07:30:30.772328 localhost kernel: Key type encrypted registered
May 28 07:30:30.772333 localhost kernel: ima: No TPM chip found, activating TPM-bypass!
May 28 07:30:30.772337 localhost kernel: Loading compiled-in module X.509 certificates
May 28 07:30:30.772341 localhost kernel: Loaded X.509 cert 'openSUSE Secure Boot Signkey: fd9f2c12e599d67cc7f9067541adf426b712469e'
May 28 07:30:30.772346 localhost kernel: ima: Allocated hash algorithm: sha256
May 28 07:30:30.772350 localhost kernel: ima: No architecture policies found
May 28 07:30:30.772354 localhost kernel: evm: Initialising EVM extended attributes:
May 28 07:30:30.772359 localhost kernel: evm: security.selinux
May 28 07:30:30.772364 localhost kernel: evm: security.SMACK64 (disabled)
May 28 07:30:30.772368 localhost kernel: evm: security.SMACK64EXEC (disabled)
May 28 07:30:30.772372 localhost kernel: evm: security.SMACK64TRANSMUTE (disabled)
May 28 07:30:30.772377 localhost kernel: evm: security.SMACK64MMAP (disabled)
May 28 07:30:30.772381 localhost kernel: evm: security.apparmor
May 28 07:30:30.772385 localhost kernel: evm: security.ima
May 28 07:30:30.772389 localhost kernel: evm: security.capability
May 28 07:30:30.772393 localhost kernel: evm: HMAC attrs: 0x1
May 28 07:30:30.772397 localhost kernel: PM:   Magic number: 8:317:522
May 28 07:30:30.772402 localhost kernel: RAS: Correctable Errors collector initialized.
May 28 07:30:30.772406 localhost kernel: Freeing unused decrypted memory: 2036K
May 28 07:30:30.772410 localhost kernel: Freeing unused kernel image (initmem) memory: 2944K
May 28 07:30:30.772415 localhost kernel: Write protecting the kernel read-only data: 28672k
May 28 07:30:30.772420 localhost kernel: Freeing unused kernel image (text/rodata gap) memory: 2040K
May 28 07:30:30.772424 localhost kernel: Freeing unused kernel image (rodata/data gap) memory: 1312K
May 28 07:30:30.772429 localhost kernel: Run /init as init process
May 28 07:30:30.772433 localhost kernel:   with arguments:
May 28 07:30:30.772437 localhost kernel:     /init
May 28 07:30:30.772441 localhost kernel:   with environment:
May 28 07:30:30.772446 localhost kernel:     HOME=/
May 28 07:30:30.772450 localhost kernel:     TERM=linux
May 28 07:30:30.772454 localhost kernel:     BOOT_IMAGE=/boot/vmlinuz-6.1.8-1-default
May 28 07:30:30.772460 localhost systemd[1]: systemd 252.4+suse.44.g5a506d73bd running in system mode (+PAM +AUDIT +SELINUX +APPARMOR -IMA -SMACK +SECCOMP +GCRYPT +GNUTLS +OPENSSL +ACL +BLKID +CURL +ELFUTILS +FIDO2 +IDN2 -IDN +IPTC +KMOD +LIBCRYPTSETUP +LIBFDISK +PCRE2 +PWQUALITY +P11KIT +QRENCODE +TPM2 +BZIP2 +LZ4 +XZ +ZLIB +ZSTD +BPF_FRAMEWORK -XKBCOMMON +UTMP +SYSVINIT default-hierarchy=unified)
May 28 07:30:30.772468 localhost systemd[1]: Detected virtualization kvm.
May 28 07:30:30.772473 localhost systemd[1]: Detected architecture x86-64.
May 28 07:30:30.772478 localhost systemd[1]: Running in initrd.
May 28 07:30:30.772483 localhost systemd[1]: No hostname configured, using default hostname.
May 28 07:30:30.772487 localhost systemd[1]: Hostname set to <localhost>.
May 28 07:30:30.772493 localhost systemd[1]: Initializing machine ID from random generator.
May 28 07:30:30.772497 localhost systemd[1]: bpf-lsm: BPF LSM hook not enabled in the kernel, BPF LSM not supported
May 28 07:30:30.772502 localhost systemd[1]: Queued start job for default target Initrd Default Target.
May 28 07:30:30.772507 localhost systemd[1]: Started Dispatch Password Requests to Console Directory Watch.
May 28 07:30:30.772512 localhost systemd[1]: Reached target Initrd /usr File System.
May 28 07:30:30.772517 localhost systemd[1]: Reached target Local File Systems.
May 28 07:30:30.772522 localhost systemd[1]: Reached target Path Units.
May 28 07:30:30.772527 localhost systemd[1]: Reached target Slice Units.
May 28 07:30:30.772533 localhost systemd[1]: Reached target Swaps.
May 28 07:30:30.772537 localhost systemd[1]: Reached target Timer Units.
May 28 07:30:30.772542 localhost systemd[1]: Listening on D-Bus System Message Bus Socket.
May 28 07:30:30.772547 localhost systemd[1]: Listening on Journal Socket (/dev/log).
May 28 07:30:30.772552 localhost systemd[1]: Listening on Journal Socket.
May 28 07:30:30.772556 localhost systemd[1]: Listening on udev Control Socket.
May 28 07:30:30.772561 localhost systemd[1]: Listening on udev Kernel Socket.
May 28 07:30:30.772566 localhost systemd[1]: Reached target Socket Units.
May 28 07:30:30.772571 localhost systemd[1]: Starting Create List of Static Device Nodes...
May 28 07:30:30.772576 localhost systemd[1]: Starting Journal Service...
May 28 07:30:30.772581 localhost systemd[1]: Starting Load Kernel Modules...
May 28 07:30:30.772586 localhost systemd[1]: Starting Setup Virtual Console...
May 28 07:30:30.772591 localhost systemd[1]: Finished Create List of Static Device Nodes.
May 28 07:30:30.772595 localhost systemd[1]: Starting Create Static Device Nodes in /dev...
May 28 07:30:30.772600 localhost systemd[1]: Finished Load Kernel Modules.
May 28 07:30:30.772605 localhost systemd[1]: Finished Setup Virtual Console.
May 28 07:30:30.772610 localhost systemd[1]: Starting dracut ask for additional cmdline parameters...
May 28 07:30:30.772615 localhost systemd[1]: Starting Apply Kernel Variables...
May 28 07:30:30.772619 localhost systemd[1]: Finished Create Static Device Nodes in /dev.
May 28 07:30:30.772624 localhost systemd[1]: Finished Apply Kernel Variables.
May 28 07:30:30.772631 localhost systemd-journald[176]: Journal started
May 28 07:30:30.772660 localhost systemd-journald[176]: Runtime Journal (/run/log/journal/b3b4d488dda344fdb44d7f975b5b2fef) is 2.4M, max 19.3M, 16.9M free.
May 28 07:30:30.747669 localhost systemd-modules-load[177]: Inserted module 'sg'
May 28 07:30:30.774196 localhost systemd[1]: Started Journal Service.
May 28 07:30:30.778196 localhost systemd[1]: Starting Create Volatile Files and Directories...
May 28 07:30:30.783152 localhost systemd[1]: Finished Create Volatile Files and Directories.
May 28 07:30:30.784317 localhost systemd[1]: Finished dracut ask for additional cmdline parameters.
May 28 07:30:30.784849 localhost systemd[1]: Starting dracut cmdline hook...
May 28 07:30:30.791604 localhost dracut-cmdline[201]: dracut-dracut-059+suse.358.g8ecd6e83-2.1
May 28 07:30:30.793285 localhost dracut-cmdline[201]: Using kernel command line parameters:  rd.driver.pre=btrfs rd.driver.pre=overlay   BOOT_IMAGE=/boot/vmlinuz-6.1.8-1-default root=UUID=abaa1944-370d-470b-ba6d-6242252f0ed1 rd.timeout=60 rd.retry=45 quiet systemd.show_status=yes console=ttyS0,115200 console=tty0 ignition.firstboot ignition.platform.id=qemu security=selinux selinux=1
May 28 07:30:30.824771 localhost systemd[1]: Finished dracut cmdline hook.
May 28 07:30:30.830216 localhost systemd[1]: Starting dracut pre-udev hook...
May 28 07:30:31.110137 localhost kernel: raid6: avx2x4   gen() 41178 MB/s
May 28 07:30:31.110185 localhost kernel: raid6: avx2x2   gen() 43385 MB/s
May 28 07:30:31.110192 localhost kernel: raid6: avx2x1   gen() 31041 MB/s
May 28 07:30:31.110198 localhost kernel: raid6: using algorithm avx2x2 gen() 43385 MB/s
May 28 07:30:31.110203 localhost kernel: raid6: .... xor() 32925 MB/s, rmw enabled
May 28 07:30:31.110208 localhost kernel: raid6: using avx2x2 recovery algorithm
May 28 07:30:31.114093 localhost kernel: xor: automatically using best checksumming function   avx       
May 28 07:30:31.191244 localhost kernel: Btrfs loaded, crc32c=crc32c-intel, assert=on, zoned=yes, fsverity=yes
May 28 07:30:31.198191 localhost systemd[1]: Finished dracut pre-udev hook.
May 28 07:30:31.202249 localhost systemd[1]: Starting Rule-based Manager for Device Events and Files...
May 28 07:30:31.212566 localhost systemd-udevd[316]: Using default interface naming scheme 'v252'.
May 28 07:30:31.214436 localhost systemd[1]: Started Rule-based Manager for Device Events and Files.
May 28 07:30:31.214834 localhost systemd[1]: dracut pre-trigger hook was skipped because no trigger condition checks were met.
May 28 07:30:31.215263 localhost systemd[1]: Starting Coldplug All udev Devices...
May 28 07:30:31.295479 localhost systemd[1]: Finished Coldplug All udev Devices.
May 28 07:30:31.298095 localhost kernel: input: Power Button as /devices/LNXSYSTM:00/LNXPWRBN:00/input/input4
May 28 07:30:31.314270 localhost kernel: ACPI: button: Power Button [PWRF]
May 28 07:30:31.314288 localhost kernel: ata_piix 0000:00:01.1: version 2.13
May 28 07:30:31.326091 localhost kernel: FDC 0 is a S82078B
May 28 07:30:31.338643 localhost kernel: virtio_blk virtio4: 1/0/0 default/read/poll queues
May 28 07:30:31.338800 localhost kernel: virtio_blk virtio4: [vda] 62914560 512-byte logical blocks (32.2 GB/30.0 GiB)
May 28 07:30:31.354091 localhost kernel: Console: switching to colour dummy device 80x25
May 28 07:30:31.407988 localhost kernel: bochs-drm 0000:00:02.0: vgaarb: deactivate vga console
May 28 07:30:31.408084 localhost kernel: [drm] Found bochs VGA, ID 0xb0c5.
May 28 07:30:31.408093 localhost kernel: [drm] Framebuffer size 16384 kB @ 0xfd000000, mmio @ 0xfebd8000.
May 28 07:30:31.408099 localhost kernel: [drm] Found EDID data blob.
May 28 07:30:31.408105 localhost kernel: [drm] Initialized bochs-drm 1.0.0 20130925 for 0000:00:02.0 on minor 0
May 28 07:30:31.408111 localhost kernel: fbcon: bochs-drmdrmfb (fb0) is primary device
May 28 07:30:31.434752 localhost kernel: scsi host1: Virtio SCSI HBA
May 28 07:30:31.438103 localhost kernel: scsi host0: ata_piix
May 28 07:30:31.438199 localhost kernel: cryptd: max_cpu_qlen set to 1000
May 28 07:30:31.450093 localhost kernel: scsi host2: ata_piix
May 28 07:30:31.450191 localhost kernel: ata1: PATA max MWDMA2 cmd 0x1f0 ctl 0x3f6 bmdma 0xc1c0 irq 14
May 28 07:30:31.450199 localhost kernel: ata2: PATA max MWDMA2 cmd 0x170 ctl 0x376 bmdma 0xc1c8 irq 15
May 28 07:30:31.458565 localhost kernel: AVX2 version of gcm_enc/dec engaged.
May 28 07:30:31.458584 localhost kernel: AES CTR mode by8 optimization enabled
May 28 07:30:31.462024 localhost systemd[1]: Reached target System Initialization.
May 28 07:30:31.462103 localhost kernel: ACPI: bus type USB registered
May 28 07:30:31.462119 localhost kernel: usbcore: registered new interface driver usbfs
May 28 07:30:31.462125 localhost kernel: usbcore: registered new interface driver hub
May 28 07:30:31.462131 localhost kernel: usbcore: registered new device driver usb
May 28 07:30:31.470728 localhost kernel: GPT:Primary header thinks Alt. header is not at the end of the disk.
May 28 07:30:31.470752 localhost kernel: GPT:41943039 != 62914559
May 28 07:30:31.470761 localhost kernel: GPT:Alternate GPT header not at the end of the disk.
May 28 07:30:31.470769 localhost kernel: GPT:41943039 != 62914559
May 28 07:30:31.470775 localhost kernel: GPT: Use GNU Parted to correct GPT errors.
May 28 07:30:31.470782 localhost kernel:  vda: vda1 vda2 vda3 vda4
May 28 07:30:31.470789 localhost kernel: virtio_blk virtio5: 1/0/0 default/read/poll queues
May 28 07:30:31.470891 localhost kernel: virtio_blk virtio5: [vdb] 20480 512-byte logical blocks (10.5 MB/10.0 MiB)
May 28 07:30:31.506110 localhost kernel: Console: switching to colour frame buffer device 128x48
May 28 07:30:31.614132 localhost kernel: ata2: found unknown device (class 0)
May 28 07:30:31.614150 localhost kernel: bochs-drm 0000:00:02.0: [drm] fb0: bochs-drmdrmfb frame buffer device
May 28 07:30:31.613967 localhost systemd[1]: Reached target Basic System.
May 28 07:30:31.805626 localhost kernel: ata2.00: ATAPI: QEMU DVD-ROM, 2.5+, max UDMA/100
May 28 07:30:31.810094 localhost kernel: scsi 2:0:0:0: CD-ROM            QEMU     QEMU DVD-ROM     2.5+ PQ: 0 ANSI: 5
May 28 07:30:31.846629 localhost kernel: scsi 2:0:0:0: Attached scsi generic sg0 type 5
May 28 07:30:31.858160 localhost kernel: virtio_net virtio0 ens4: renamed from eth0
May 28 07:30:31.860318 localhost systemd[1]: Found device /dev/combustion/config.
May 28 07:30:31.861622 localhost systemd[1]: Found device /dev/disk/by-label/ignition.
May 28 07:30:31.875177 localhost systemd[1]: Starting Ignition User Config Setup...
May 28 07:30:31.879637 localhost kernel: BTRFS: device label SPARE devid 1 transid 8 /dev/vda4 scanned by systemd-udevd (324)
May 28 07:30:31.882092 localhost kernel: BTRFS: device label ROOT devid 1 transid 28 /dev/vda3 scanned by systemd-udevd (322)
May 28 07:30:31.898090 localhost kernel: sr 2:0:0:0: [sr0] scsi3-mmc drive: 4x/4x cd/rw xa/form2 tray
May 28 07:30:31.898197 localhost kernel: cdrom: Uniform CD-ROM driver Revision: 3.20
May 28 07:30:31.915280 localhost systemd[1]: Found device /dev/disk/by-uuid/abaa1944-370d-470b-ba6d-6242252f0ed1.
May 28 07:30:31.922090 localhost kernel: sr 2:0:0:0: Attached scsi CD-ROM sr0
May 28 07:30:31.951871 localhost kernel: xhci_hcd 0000:00:06.0: xHCI Host Controller
May 28 07:30:31.951969 localhost kernel: xhci_hcd 0000:00:06.0: new USB bus registered, assigned bus number 1
May 28 07:30:31.952034 localhost kernel: xhci_hcd 0000:00:06.0: hcc params 0x00087001 hci version 0x100 quirks 0x0000000000000010
May 28 07:30:31.952092 localhost kernel: xhci_hcd 0000:00:06.0: xHCI Host Controller
May 28 07:30:31.952147 localhost kernel: xhci_hcd 0000:00:06.0: new USB bus registered, assigned bus number 2
May 28 07:30:31.952201 localhost kernel: xhci_hcd 0000:00:06.0: Host supports USB 3.0 SuperSpeed
May 28 07:30:31.955086 localhost kernel: usb usb1: New USB device found, idVendor=1d6b, idProduct=0002, bcdDevice= 6.01
May 28 07:30:31.955221 localhost kernel: usb usb1: New USB device strings: Mfr=3, Product=2, SerialNumber=1
May 28 07:30:31.955326 localhost kernel: usb usb1: Product: xHCI Host Controller
May 28 07:30:31.955422 localhost kernel: usb usb1: Manufacturer: Linux 6.1.8-1-default xhci-hcd
May 28 07:30:31.955517 localhost kernel: usb usb1: SerialNumber: 0000:00:06.0
May 28 07:30:31.955610 localhost kernel: hub 1-0:1.0: USB hub found
May 28 07:30:31.955685 localhost kernel: hub 1-0:1.0: 4 ports detected
May 28 07:30:31.955774 localhost kernel: usb usb2: We don't know the algorithms for LPM for this host, disabling LPM.
May 28 07:30:31.955872 localhost kernel: usb usb2: New USB device found, idVendor=1d6b, idProduct=0003, bcdDevice= 6.01
May 28 07:30:31.955954 localhost kernel: usb usb2: New USB device strings: Mfr=3, Product=2, SerialNumber=1
May 28 07:30:31.956030 localhost kernel: usb usb2: Product: xHCI Host Controller
May 28 07:30:31.956101 localhost kernel: usb usb2: Manufacturer: Linux 6.1.8-1-default xhci-hcd
May 28 07:30:31.956170 localhost kernel: usb usb2: SerialNumber: 0000:00:06.0
May 28 07:30:31.956224 localhost kernel: hub 2-0:1.0: USB hub found
May 28 07:30:31.956294 localhost kernel: hub 2-0:1.0: 4 ports detected
May 28 07:30:31.986599 localhost ignition-setup-user[396]: Copying /mnt/boot_partition/ignition/config.ign to /usr/lib/ignition/user.ign
May 28 07:30:31.989262 localhost systemd[1]: Finished Ignition User Config Setup.
May 28 07:30:31.991807 localhost kernel: EXT4-fs (vdb): mounted filesystem with ordered data mode. Quota mode: none.
May 28 07:30:31.991821 localhost kernel: ext4 filesystem being mounted at /mnt/boot_partition supports timestamps until 2038 (0x7fffffff)
May 28 07:30:31.991828 localhost kernel: EXT4-fs (vdb): unmounting filesystem.
May 28 07:30:31.994229 localhost systemd[1]: Starting Combustion (preparations)...
May 28 07:30:31.994867 localhost systemd[1]: Starting Ignition (fetch-offline)...
May 28 07:30:32.005470 localhost ignition[429]: Ignition 2.14.0
May 28 07:30:32.007189 localhost ignition[429]: Stage: fetch-offline
May 28 07:30:32.007276 localhost ignition[429]: no config dir at "/usr/lib/ignition/base.d"
May 28 07:30:32.007353 localhost ignition[429]: no config dir at "/usr/lib/ignition/base.platform.d/qemu"
May 28 07:30:32.007542 localhost ignition[429]: parsed url from cmdline: ""
May 28 07:30:32.007613 localhost ignition[429]: no config URL provided
May 28 07:30:32.007674 localhost ignition[429]: reading system config file "/usr/lib/ignition/user.ign"
May 28 07:30:32.007769 localhost ignition[429]: parsing config with SHA512: 37b4232fd3d9780fa75efd39f528d050a0a097ea8b9f01017d7b77cadfdc72258f82c9065f25735f6fbb1eae2cb5b2d3e23094786bfbb8f3925fbd962216d5bf
May 28 07:30:32.009881 localhost ignition[429]: fetched base config from "system"
May 28 07:30:32.009921 localhost ignition[429]: fetched user config from "system"
May 28 07:30:32.010268 localhost ignition[429]: fetch-offline: fetch-offline passed
May 28 07:30:32.010366 localhost ignition[429]: Ignition finished successfully
May 28 07:30:32.010846 localhost systemd[1]: Finished Ignition (fetch-offline).
May 28 07:30:32.010943 localhost systemd[1]: Start network if needed was skipped because no trigger condition checks were met.
May 28 07:30:32.014095 localhost kernel: EXT4-fs (vdb): mounted filesystem with ordered data mode. Quota mode: none.
May 28 07:30:32.034234 localhost systemd[1]: combustion-prepare.service: Deactivated successfully.
May 28 07:30:32.034310 localhost systemd[1]: Finished Combustion (preparations).
May 28 07:30:32.042290 localhost systemd[1]: Starting nm-initrd.service...
May 28 07:30:32.052083 localhost NetworkManager[464]: <info>  [1716881432.0520] NetworkManager (version 1.40.10) is starting... (boot:7a17990e-bb1d-4c40-a858-4583dfee320c)
May 28 07:30:32.052224 localhost NetworkManager[464]: <info>  [1716881432.0522] Read config: /etc/NetworkManager/NetworkManager.conf (lib: initrd-no-auto-default.conf) (run: 15-carrier-timeout.conf)
May 28 07:30:32.052934 localhost systemd[1]: Starting D-Bus System Message Bus...
May 28 07:30:32.057290 localhost systemd[1]: Started D-Bus System Message Bus.
May 28 07:30:32.061219 localhost systemd[1]: Started nm-initrd.service.
May 28 07:30:32.061302 localhost systemd[1]: Reached target Network.
May 28 07:30:32.061342 localhost systemd[1]: Ignition (fetch) was skipped because of an unmet condition check (ConditionPathExists=!/run/ignition.json).
May 28 07:30:32.061813 localhost systemd[1]: Starting Ignition (kargs)...
May 28 07:30:32.062446 localhost systemd[1]: Starting nm-wait-online-initrd.service...
May 28 07:30:32.067779 localhost NetworkManager[464]: <info>  [1716881432.0677] bus-manager: acquired D-Bus service "org.freedesktop.NetworkManager"
May 28 07:30:32.068892 localhost NetworkManager[464]: <info>  [1716881432.0688] manager[0x55f004fda090]: monitoring kernel firmware directory '/lib/firmware'.
May 28 07:30:32.069680 localhost NetworkManager[464]: <info>  [1716881432.0696] hostname: hostname: couldn't get property from hostnamed
May 28 07:30:32.069965 localhost NetworkManager[464]: <info>  [1716881432.0699] dns-mgr: init: dns=default,systemd-resolved rc-manager=symlink (auto)
May 28 07:30:32.070037 localhost NetworkManager[464]: <info>  [1716881432.0700] policy: set-hostname: set hostname to 'localhost.localdomain' (no hostname found)
May 28 07:30:32.082456 localhost.localdomain NetworkManager[464]: <info>  [1716881432.0824] manager[0x55f004fda090]: rfkill: Wi-Fi hardware radio set enabled
May 28 07:30:32.082478 localhost.localdomain NetworkManager[464]: <info>  [1716881432.0824] manager[0x55f004fda090]: rfkill: WWAN hardware radio set enabled
May 28 07:30:32.082868 localhost.localdomain NetworkManager[464]: <info>  [1716881432.0828] manager: rfkill: Wi-Fi enabled by radio killswitch; enabled by state file
May 28 07:30:32.082906 localhost.localdomain NetworkManager[464]: <info>  [1716881432.0828] manager: rfkill: WWAN enabled by radio killswitch; enabled by state file
May 28 07:30:32.082936 localhost.localdomain NetworkManager[464]: <info>  [1716881432.0829] manager: Networking is enabled by state file
May 28 07:30:32.083005 localhost.localdomain NetworkManager[464]: <info>  [1716881432.0829] settings: Loaded settings plugin: keyfile (internal)
May 28 07:30:32.083803 localhost.localdomain NetworkManager[464]: <info>  [1716881432.0837] dhcp: init: Using DHCP client 'internal'
May 28 07:30:32.083816 localhost.localdomain NetworkManager[464]: <info>  [1716881432.0838] device (lo): carrier: link connected
May 28 07:30:32.083971 localhost.localdomain NetworkManager[464]: <info>  [1716881432.0839] manager: (lo): new Generic device (/org/freedesktop/NetworkManager/Devices/1)
May 28 07:30:32.084466 localhost.localdomain NetworkManager[464]: <info>  [1716881432.0844] manager: (ens4): new Ethernet device (/org/freedesktop/NetworkManager/Devices/2)
May 28 07:30:32.084612 localhost.localdomain NetworkManager[464]: <info>  [1716881432.0845] device (ens4): state change: unmanaged -> unavailable (reason 'managed', sys-iface-state: 'external')
May 28 07:30:32.085496 localhost.localdomain NetworkManager[464]: <info>  [1716881432.0854] device (ens4): carrier: link connected
May 28 07:30:32.085600 localhost.localdomain NetworkManager[464]: <info>  [1716881432.0855] device (ens4): state change: unavailable -> disconnected (reason 'carrier-changed', sys-iface-state: 'managed')
May 28 07:30:32.085795 localhost.localdomain NetworkManager[464]: <info>  [1716881432.0857] policy: auto-activating connection 'Wired Connection' (b44a173a-010d-4e1a-ac5f-c4390822d764)
May 28 07:30:32.086040 localhost.localdomain NetworkManager[464]: <info>  [1716881432.0860] device (ens4): Activation: starting connection 'Wired Connection' (b44a173a-010d-4e1a-ac5f-c4390822d764)
May 28 07:30:32.089873 localhost.localdomain ignition[468]: Ignition 2.14.0
May 28 07:30:32.090820 localhost.localdomain NetworkManager[464]: <info>  [1716881432.0900] device (ens4): state change: disconnected -> prepare (reason 'none', sys-iface-state: 'managed')
May 28 07:30:32.091476 localhost.localdomain NetworkManager[464]: <info>  [1716881432.0914] manager: NetworkManager state is now CONNECTING
May 28 07:30:32.092212 localhost.localdomain NetworkManager[464]: <info>  [1716881432.0921] device (ens4): state change: prepare -> config (reason 'none', sys-iface-state: 'managed')
May 28 07:30:32.096209 localhost.localdomain NetworkManager[464]: <info>  [1716881432.0961] device (ens4): state change: config -> ip-config (reason 'none', sys-iface-state: 'managed')
May 28 07:30:32.098639 localhost.localdomain NetworkManager[464]: <info>  [1716881432.0986] dhcp4 (ens4): activation: beginning transaction (timeout in 90 seconds)
May 28 07:30:32.098783 localhost.localdomain ignition[468]: Stage: kargs
May 28 07:30:32.098898 localhost.localdomain ignition[468]: no config dir at "/usr/lib/ignition/base.d"
May 28 07:30:32.099184 localhost.localdomain ignition[468]: no config dir at "/usr/lib/ignition/base.platform.d/qemu"
May 28 07:30:32.099929 localhost.localdomain ignition[468]: kargs: kargs passed
May 28 07:30:32.100006 localhost.localdomain ignition[468]: Ignition finished successfully
May 28 07:30:32.100483 localhost.localdomain systemd[1]: Finished Ignition (kargs).
May 28 07:30:32.106096 localhost.localdomain kernel: NET: Registered PF_PACKET protocol family
May 28 07:30:32.106989 localhost.localdomain NetworkManager[464]: <info>  [1716881432.1069] dhcp4 (ens4): state changed new lease, address=10.0.2.15
May 28 07:30:32.107221 localhost.localdomain NetworkManager[464]: <info>  [1716881432.1072] policy: set 'Wired Connection' (ens4) as default for IPv4 routing and DNS
May 28 07:30:32.109716 localhost.localdomain NetworkManager[464]: <info>  [1716881432.1096] device (ens4): state change: ip-config -> ip-check (reason 'none', sys-iface-state: 'managed')
May 28 07:30:32.110585 localhost.localdomain systemd[1]: Starting Ignition (disks)...
May 28 07:30:32.114105 localhost.localdomain NetworkManager[464]: <info>  [1716881432.1140] device (ens4): state change: ip-check -> secondaries (reason 'none', sys-iface-state: 'managed')
May 28 07:30:32.114218 localhost.localdomain NetworkManager[464]: <info>  [1716881432.1142] device (ens4): state change: secondaries -> activated (reason 'none', sys-iface-state: 'managed')
May 28 07:30:32.114408 localhost.localdomain NetworkManager[464]: <info>  [1716881432.1143] manager: NetworkManager state is now CONNECTED_SITE
May 28 07:30:32.114594 localhost.localdomain NetworkManager[464]: <info>  [1716881432.1145] device (ens4): Activation: successful, device activated.
May 28 07:30:32.114842 localhost.localdomain NetworkManager[464]: <info>  [1716881432.1148] manager: NetworkManager state is now CONNECTED_GLOBAL
May 28 07:30:32.115010 localhost.localdomain NetworkManager[464]: <info>  [1716881432.1149] manager: startup complete
May 28 07:30:32.117571 localhost.localdomain systemd[1]: Finished nm-wait-online-initrd.service.
May 28 07:30:32.118117 localhost.localdomain systemd[1]: Starting dracut initqueue hook...
May 28 07:30:32.127842 localhost.localdomain ignition[480]: Ignition 2.14.0
May 28 07:30:32.127977 localhost.localdomain ignition[480]: Stage: disks
May 28 07:30:32.128066 localhost.localdomain ignition[480]: no config dir at "/usr/lib/ignition/base.d"
May 28 07:30:32.128125 localhost.localdomain ignition[480]: no config dir at "/usr/lib/ignition/base.platform.d/qemu"
May 28 07:30:32.128509 localhost.localdomain ignition[480]: disks: disks passed
May 28 07:30:32.128571 localhost.localdomain ignition[480]: Ignition finished successfully
May 28 07:30:32.129588 localhost.localdomain systemd[1]: Finished Ignition (disks).
May 28 07:30:32.129683 localhost.localdomain systemd[1]: Reached target Initrd Root Device.
May 28 07:30:32.294116 localhost.localdomain kernel: usb 1-1: new high-speed USB device number 2 using xhci_hcd
May 28 07:30:32.442111 localhost.localdomain kernel: usb 1-1: New USB device found, idVendor=0627, idProduct=0001, bcdDevice= 0.00
May 28 07:30:32.442405 localhost.localdomain kernel: usb 1-1: New USB device strings: Mfr=1, Product=3, SerialNumber=10
May 28 07:30:32.442641 localhost.localdomain kernel: usb 1-1: Product: QEMU USB Tablet
May 28 07:30:32.442859 localhost.localdomain kernel: usb 1-1: Manufacturer: QEMU
May 28 07:30:32.443056 localhost.localdomain kernel: usb 1-1: SerialNumber: 28754-0000:00:06.0-1
May 28 07:30:32.446174 localhost.localdomain kernel: usbcore: registered new interface driver usbhid
May 28 07:30:32.446197 localhost.localdomain kernel: usbhid: USB HID core driver
May 28 07:30:32.450095 localhost.localdomain kernel: input: QEMU QEMU USB Tablet as /devices/pci0000:00/0000:00:06.0/usb1/1-1/1-1:1.0/0003:0627:0001.0001/input/input5
May 28 07:30:32.450114 localhost.localdomain kernel: hid-generic 0003:0627:0001.0001: input,hidraw0: USB HID v0.01 Mouse [QEMU QEMU USB Tablet] on usb-0000:00:06.0-1/input0
May 28 07:30:32.486089 localhost.localdomain kernel: IPv6: ADDRCONF(NETDEV_CHANGE): ens4: link becomes ready
May 28 07:30:32.494889 localhost.localdomain systemd[1]: Finished dracut initqueue hook.
May 28 07:30:32.495200 localhost.localdomain systemd[1]: Reached target Preparation for Remote File Systems.
May 28 07:30:32.495413 localhost.localdomain systemd[1]: Reached target Remote File Systems.
May 28 07:30:32.578215 localhost.localdomain systemd[1]: Starting dracut pre-mount hook...
May 28 07:30:32.677951 localhost.localdomain systemd[1]: Finished dracut pre-mount hook.
May 28 07:30:32.678746 localhost.localdomain systemd[1]: Starting File System Check on /dev/disk/by-uuid/abaa1944-370d-470b-ba6d-6242252f0ed1...
May 28 07:30:32.792425 localhost.localdomain systemd[1]: Finished File System Check on /dev/disk/by-uuid/abaa1944-370d-470b-ba6d-6242252f0ed1.
May 28 07:30:32.894257 localhost.localdomain systemd[1]: Mounting /sysroot...
May 28 07:30:33.010106 localhost.localdomain kernel: BTRFS info (device vda3): using crc32c (crc32c-intel) checksum algorithm
May 28 07:30:33.010159 localhost.localdomain kernel: BTRFS info (device vda3): using free space tree
May 28 07:30:33.017102 localhost.localdomain systemd[1]: Mounted /sysroot.
May 28 07:30:33.017629 localhost.localdomain systemd[1]: Reached target Initrd Root File System.
May 28 07:30:33.138265 localhost.localdomain systemd[1]: Starting Remount /sysroot read-write for Ignition...
May 28 07:30:33.240834 localhost.localdomain systemd[1]: Finished Remount /sysroot read-write for Ignition.
May 28 07:30:33.241166 localhost.localdomain systemd[1]: Reached target Ignition Boot Disk Setup.
May 28 07:30:33.241926 localhost.localdomain systemd[1]: Starting Ignition (mount)...
May 28 07:30:33.247155 localhost.localdomain ignition[556]: INFO     : Ignition 2.14.0
May 28 07:30:33.247309 localhost.localdomain ignition[556]: INFO     : Stage: mount
May 28 07:30:33.247410 localhost.localdomain ignition[556]: INFO     : no config dir at "/usr/lib/ignition/base.d"
May 28 07:30:33.247446 localhost.localdomain ignition[556]: INFO     : no config dir at "/usr/lib/ignition/base.platform.d/qemu"
May 28 07:30:33.247855 localhost.localdomain ignition[556]: INFO     : mount: mount passed
May 28 07:30:33.247918 localhost.localdomain ignition[556]: INFO     : Ignition finished successfully
May 28 07:30:33.248377 localhost.localdomain systemd[1]: Finished Ignition (mount).
May 28 07:30:33.249100 localhost.localdomain systemd[1]: Starting Mount initrd fstab entries for Ignition...
May 28 07:30:33.378094 localhost.localdomain kernel: BTRFS info (device vda4): using crc32c (crc32c-intel) checksum algorithm
May 28 07:30:33.378115 localhost.localdomain kernel: BTRFS info (device vda4): using free space tree
May 28 07:30:33.386331 localhost.localdomain systemd[1]: ignition-mount-initrd-fstab.service: Deactivated successfully.
May 28 07:30:33.386411 localhost.localdomain systemd[1]: Finished Mount initrd fstab entries for Ignition.
May 28 07:30:33.465736 localhost.localdomain systemd[1]: Starting Ignition (files)...
May 28 07:30:33.470227 localhost.localdomain ignition[586]: INFO     : Ignition 2.14.0
May 28 07:30:33.470371 localhost.localdomain ignition[586]: INFO     : Stage: files
May 28 07:30:33.470471 localhost.localdomain ignition[586]: INFO     : no config dir at "/usr/lib/ignition/base.d"
May 28 07:30:33.470506 localhost.localdomain ignition[586]: INFO     : no config dir at "/usr/lib/ignition/base.platform.d/qemu"
May 28 07:30:33.470905 localhost.localdomain ignition[586]: DEBUG    : files: compiled without relabeling support, skipping
May 28 07:30:33.580783 localhost.localdomain ignition[586]: INFO     : files: ensureUsers: op(1): [started]  creating or modifying user "root"
May 28 07:30:33.580783 localhost.localdomain ignition[586]: DEBUG    : files: ensureUsers: op(1): executing: "usermod" "--root" "/sysroot" "--password" "$6$eEm2HpuzI7dfE4i7$dbYiTRLhrqVvwryR7zmMEcnrp13IqZ3mzLbsx9EeHAX7849PibGVgX5vdPuaeYYIO7hVfcboI9/JDpGiDZhHf/" "root"
May 28 07:30:33.599723 localhost.localdomain ignition[586]: INFO     : files: ensureUsers: op(1): [finished] creating or modifying user "root"
May 28 07:30:33.599922 localhost.localdomain ignition[586]: INFO     : files: ensureUsers: op(2): [started]  setting password for "root"
May 28 07:30:33.599922 localhost.localdomain ignition[586]: DEBUG    : files: ensureUsers: op(2): executing: "usermod" "--root" "/sysroot" "--password" "$6$eEm2HpuzI7dfE4i7$dbYiTRLhrqVvwryR7zmMEcnrp13IqZ3mzLbsx9EeHAX7849PibGVgX5vdPuaeYYIO7hVfcboI9/JDpGiDZhHf/" "root"
May 28 07:30:33.612932 localhost.localdomain ignition[586]: INFO     : files: ensureUsers: op(2): [finished] setting password for "root"
May 28 07:30:33.613320 localhost.localdomain ignition[586]: INFO     : files: createResultFile: createFiles: op(3): [started]  writing file "/sysroot/etc/.ignition-result.json"
May 28 07:30:33.613320 localhost.localdomain ignition[586]: INFO     : files: createResultFile: createFiles: op(3): [finished] writing file "/sysroot/etc/.ignition-result.json"
May 28 07:30:33.613320 localhost.localdomain ignition[586]: INFO     : files: files passed
May 28 07:30:33.613320 localhost.localdomain ignition[586]: INFO     : Ignition finished successfully
May 28 07:30:33.620086 localhost.localdomain systemd[1]: Finished Ignition (files).
May 28 07:30:33.620818 localhost.localdomain systemd[1]: Starting Unmount initrd fstab entries for Ignition...
May 28 07:30:33.742374 localhost.localdomain systemd[1]: ignition-umount-initrd-fstab.service: Deactivated successfully.
May 28 07:30:33.742487 localhost.localdomain systemd[1]: Finished Unmount initrd fstab entries for Ignition.
May 28 07:30:33.742913 localhost.localdomain systemd[1]: Reached target Ignition Complete.
May 28 07:30:33.856326 localhost.localdomain systemd[1]: Starting Combustion...
May 28 07:30:33.856947 localhost.localdomain NetworkManager[464]: <info>  [1716881433.8569] policy: set 'Wired Connection' (ens4) as default for IPv6 routing and DNS
May 28 07:30:34.016558 localhost.localdomain systemd[1]: sysroot-etc.mount: Deactivated successfully.
May 28 07:30:34.016630 localhost.localdomain systemd[1]: sysroot-var.mount: Deactivated successfully.
May 28 07:30:34.016677 localhost.localdomain systemd[1]: sysroot-root.mount: Deactivated successfully.
May 28 07:30:34.034089 localhost.localdomain kernel: BTRFS info (device vda4): using crc32c (crc32c-intel) checksum algorithm
May 28 07:30:34.034118 localhost.localdomain kernel: BTRFS info (device vda4): using free space tree
May 28 07:30:34.054407 localhost.localdomain dracut: SELinux: relabeling root filesystem
May 28 07:30:34.062095 localhost.localdomain dracut: SELinux: loading policy
May 28 07:30:34.074093 localhost.localdomain kernel: audit: type=1404 audit(1716881434.068:2): enforcing=1 old_enforcing=0 auid=4294967295 ses=4294967295 enabled=1 old-enabled=1 lsm=selinux res=1
May 28 07:30:34.110718 localhost.localdomain kernel: SELinux:  Class user_namespace not defined in policy.
May 28 07:30:34.110741 localhost.localdomain kernel: SELinux: the above unknown classes and permissions will be allowed
May 28 07:30:34.110752 localhost.localdomain kernel: SELinux:  policy capability network_peer_controls=1
May 28 07:30:34.110761 localhost.localdomain kernel: SELinux:  policy capability open_perms=1
May 28 07:30:34.110769 localhost.localdomain kernel: SELinux:  policy capability extended_socket_class=1
May 28 07:30:34.110778 localhost.localdomain kernel: SELinux:  policy capability always_check_network=0
May 28 07:30:34.110786 localhost.localdomain kernel: SELinux:  policy capability cgroup_seclabel=1
May 28 07:30:34.110794 localhost.localdomain kernel: SELinux:  policy capability nnp_nosuid_transition=1
May 28 07:30:34.110807 localhost.localdomain kernel: SELinux:  policy capability genfs_seclabel_symlinks=1
May 28 07:30:34.110815 localhost.localdomain kernel: SELinux:  policy capability ioctl_skip_cloexec=0
May 28 07:30:34.158108 localhost.localdomain kernel: audit: type=1403 audit(1716881434.152:3): auid=4294967295 ses=4294967295 lsm=selinux res=1
May 28 07:30:34.158140 localhost.localdomain dracut: 
May 28 07:30:34.158155 localhost.localdomain dracut: SELinux: mount root read-write and relabel
May 28 07:30:38.824871 localhost.localdomain systemd[1]: sysroot\x2dselinux-root.mount: Deactivated successfully.
May 28 07:30:38.826128 localhost.localdomain systemd[1]: sysroot\x2dselinux-var.mount: Deactivated successfully.
May 28 07:30:38.827136 localhost.localdomain systemd[1]: sysroot\x2dselinux-etc.mount: Deactivated successfully.
May 28 07:30:38.828154 localhost.localdomain systemd[1]: sysroot\x2dselinux-proc.mount: Deactivated successfully.
May 28 07:30:38.829183 localhost.localdomain systemd[1]: sysroot\x2dselinux-sys-kernel-security.mount: Deactivated successfully.
May 28 07:30:38.886564 localhost.localdomain combustion[713]: Checking for newer version.
May 28 07:30:39.827971 localhost.localdomain systemd[1]: sysroot\x2dselinux-dev-pts.mount: Deactivated successfully.
May 28 07:30:39.828997 localhost.localdomain systemd[1]: sysroot\x2dselinux-dev-shm.mount: Deactivated successfully.
May 28 07:30:39.829075 localhost.localdomain systemd[1]: sysroot\x2dselinux-dev.mount: Deactivated successfully.
May 28 07:30:39.829146 localhost.localdomain systemd[1]: sysroot\x2dselinux-sys-fs-selinux.mount: Deactivated successfully.
May 28 07:30:39.829208 localhost.localdomain systemd[1]: sysroot\x2dselinux-sys-fs-bpf.mount: Deactivated successfully.
May 28 07:30:39.829266 localhost.localdomain systemd[1]: sysroot\x2dselinux-sys-fs-pstore.mount: Deactivated successfully.
May 28 07:30:39.829320 localhost.localdomain systemd[1]: sysroot\x2dselinux-sys-fs-cgroup.mount: Deactivated successfully.
May 28 07:30:39.829378 localhost.localdomain systemd[1]: sysroot\x2dselinux-sys.mount: Deactivated successfully.
May 28 07:30:39.829435 localhost.localdomain systemd[1]: sysroot\x2dselinux.mount: Deactivated successfully.
May 28 07:30:39.829497 localhost.localdomain systemd[1]: sysroot-sys-fs-selinux.mount: Deactivated successfully.
May 28 07:30:44.726165 localhost.localdomain combustion[713]: New version found - updating...
May 28 07:30:44.785715 localhost.localdomain combustion[859]: Loading repository data...
May 28 07:30:44.937947 localhost.localdomain combustion[859]: Reading installed packages...
May 28 07:30:45.203330 localhost.localdomain combustion[859]: Retrieving: transactional-update-4.6.8-1.1.x86_64 (openSUSE-Tumbleweed-Oss) (1/1),  73.6 KiB
May 28 07:30:45.213837 localhost.localdomain combustion[859]: Retrieving: transactional-update-4.6.8-1.1.x86_64.rpm [.done]
May 28 07:30:45.222186 localhost.localdomain combustion[859]: .done]
May 28 07:30:45.316477 localhost.localdomain combustion[892]: Loading repository data...
May 28 07:30:45.489926 localhost.localdomain combustion[892]: Reading installed packages...
May 28 07:30:45.706571 localhost.localdomain combustion[892]: Retrieving: libtukit4-4.6.8-1.1.x86_64 (openSUSE-Tumbleweed-Oss) (1/2), 167.4 KiB
May 28 07:30:45.810183 localhost.localdomain combustion[892]: Retrieving: libtukit4-4.6.8-1.1.x86_64.rpm [.done]
May 28 07:30:45.814896 localhost.localdomain combustion[892]: .done]
May 28 07:30:45.814896 localhost.localdomain combustion[892]: Retrieving: tukit-4.6.8-1.1.x86_64 (openSUSE-Tumbleweed-Oss) (2/2),  73.5 KiB
May 28 07:30:45.820512 localhost.localdomain combustion[892]: Retrieving: tukit-4.6.8-1.1.x86_64.rpm [.done]
May 28 07:30:45.826196 localhost.localdomain combustion[892]: .done]
May 28 07:30:45.849707 localhost.localdomain combustion[891]: /tmp/transactional-update.Jbq8y8OA3s/usr/sbin/tukit: /lib64/libstdc++.so.6: version `GLIBCXX_3.4.32' not found (required by /tmp/transactional-update.Jbq8y8OA3s/usr/sbin/tukit)
May 28 07:30:45.849928 localhost.localdomain combustion[891]: /tmp/transactional-update.Jbq8y8OA3s/usr/sbin/tukit: /lib64/libstdc++.so.6: version `GLIBCXX_3.4.32' not found (required by /tmp/transactional-update.Jbq8y8OA3s/usr/lib64/libtukit.so.4)
May 28 07:30:45.850276 localhost.localdomain combustion[713]: WARNING: New tukit version cannot be executed - using the old one.
May 28 07:30:45.851331 localhost.localdomain combustion[713]: transactional-update 4.6.8 started
May 28 07:30:45.852144 localhost.localdomain combustion[713]: Options: shell
May 28 07:30:45.892455 localhost.localdomain combustion[713]: Separate /var detected.
May 28 07:30:45.998515 localhost.localdomain combustion[713]: 2024-05-28 07:30:45 tukit 4.1.2 started
May 28 07:30:45.998515 localhost.localdomain combustion[713]: 2024-05-28 07:30:45 Options: -c1 open
May 28 07:30:45.998515 localhost.localdomain combustion[713]: Failure (dbus fatal exception).
May 28 07:30:45.998515 localhost.localdomain combustion[713]: 2024-05-28 07:30:45 Using snapshot 1 as base for new snapshot 2.
May 28 07:30:45.998515 localhost.localdomain combustion[713]: 2024-05-28 07:30:45 No previous snapshot to sync with - skipping
May 28 07:30:45.998515 localhost.localdomain combustion[713]: 2024-05-28 07:30:45 Not bind mounting directory '/run/salt-tmp' as it doesn't exist.
May 28 07:30:45.998515 localhost.localdomain combustion[713]: ID: 2
May 28 07:30:45.998515 localhost.localdomain combustion[713]: 2024-05-28 07:30:45 Transaction completed.
May 28 07:30:46.000863 localhost.localdomain combustion[713]: Opening chroot in snapshot 2, continue with 'exit'
May 28 07:30:46.002298 localhost.localdomain combustion[1008]: 2024-05-28 07:30:46 tukit 4.1.2 started
May 28 07:30:46.002427 localhost.localdomain combustion[1008]: 2024-05-28 07:30:46 Options: call 2 bash
May 28 07:30:46.005891 localhost.localdomain combustion[1009]: Failure (dbus fatal exception).
May 28 07:30:46.011575 localhost.localdomain combustion[1008]: 2024-05-28 07:30:46 Not bind mounting directory '/run/salt-tmp' as it doesn't exist.
May 28 07:30:46.011575 localhost.localdomain combustion[1008]: 2024-05-28 07:30:46 Executing `bash`:
May 28 07:30:46.028861 localhost.localdomain combustion[1013]: + systemctl enable sshd.service
May 28 07:30:46.077935 localhost.localdomain combustion[1013]: + echo Combustion was here
May 28 07:30:46.077935 localhost.localdomain combustion[1013]: + curl conncheck.opensuse.org
May 28 07:30:46.107267 localhost.localdomain combustion[1015]:   % Total    % Received % Xferd  Average Speed   Time    Time     Time  Current
May 28 07:30:46.107782 localhost.localdomain combustion[1015]:                                  Dload  Upload   Total   Spent    Left  Speed
May 28 07:30:46.110548 localhost.localdomain combustion[1015]: [158B blob data]
May 28 07:30:46.111421 localhost.localdomain combustion[1008]: 2024-05-28 07:30:46 Application returned with exit status 0.
May 28 07:30:46.128383 localhost.localdomain combustion[1008]: 2024-05-28 07:30:46 Transaction completed.
May 28 07:30:46.132823 localhost.localdomain combustion[1021]: 2024-05-28 07:30:46 tukit 4.1.2 started
May 28 07:30:46.132969 localhost.localdomain combustion[1021]: 2024-05-28 07:30:46 Options: close 2
May 28 07:30:46.136742 localhost.localdomain combustion[1021]: Failure (dbus fatal exception).
May 28 07:30:46.142461 localhost.localdomain combustion[1021]: 2024-05-28 07:30:46 Not bind mounting directory '/run/salt-tmp' as it doesn't exist.
May 28 07:30:46.180819 localhost.localdomain combustion[1021]: 2024-05-28 07:30:46 New default snapshot is #2 (/.snapshots/2/snapshot).
May 28 07:30:46.180819 localhost.localdomain combustion[1021]: 2024-05-28 07:30:46 Transaction completed.
May 28 07:30:46.198319 localhost.localdomain combustion[713]: Please reboot your machine to activate the changes and avoid data loss.
May 28 07:30:46.198972 localhost.localdomain combustion[713]: New default snapshot is #2 (/.snapshots/2/snapshot).
May 28 07:30:46.199700 localhost.localdomain combustion[713]: transactional-update finished
May 28 07:30:46.209947 localhost.localdomain systemd[1]: run-combustion-mount.mount: Deactivated successfully.
May 28 07:30:46.214093 localhost.localdomain kernel: EXT4-fs (vdb): unmounting filesystem.
May 28 07:30:46.214183 localhost.localdomain systemd[1]: sysroot-root.mount: Deactivated successfully.
May 28 07:30:46.216845 localhost.localdomain systemd[1]: sysroot-var.mount: Deactivated successfully.
May 28 07:30:46.219392 localhost.localdomain systemd[1]: sysroot-sys-kernel-security.mount: Deactivated successfully.
May 28 07:30:46.219684 localhost.localdomain systemd[1]: sysroot-proc.mount: Deactivated successfully.
May 28 07:30:46.220127 localhost.localdomain systemd[1]: sysroot-etc.mount: Deactivated successfully.
May 28 07:30:47.208857 localhost.localdomain systemd[1]: sysroot-tmp.mount: Deactivated successfully.
May 28 07:30:47.208965 localhost.localdomain systemd[1]: sysroot-run.mount: Deactivated successfully.
May 28 07:30:47.209021 localhost.localdomain systemd[1]: sysroot-boot-grub2-x86_64\x2defi.mount: Deactivated successfully.
May 28 07:30:47.209081 localhost.localdomain systemd[1]: sysroot-boot-grub2-i386\x2dpc.mount: Deactivated successfully.
May 28 07:30:47.209139 localhost.localdomain systemd[1]: sysroot-usr-local.mount: Deactivated successfully.
May 28 07:30:47.209194 localhost.localdomain systemd[1]: sysroot-boot-writable.mount: Deactivated successfully.
May 28 07:30:47.209251 localhost.localdomain systemd[1]: sysroot-boot-efi.mount: Deactivated successfully.
May 28 07:30:47.209305 localhost.localdomain systemd[1]: sysroot-srv.mount: Deactivated successfully.
May 28 07:30:47.209360 localhost.localdomain systemd[1]: sysroot-opt.mount: Deactivated successfully.
May 28 07:30:47.209415 localhost.localdomain systemd[1]: sysroot-home.mount: Deactivated successfully.
May 28 07:30:47.209466 localhost.localdomain systemd[1]: sysroot-.snapshots.mount: Deactivated successfully.
May 28 07:30:47.209519 localhost.localdomain systemd[1]: sysroot-dev-pts.mount: Deactivated successfully.
May 28 07:30:47.209569 localhost.localdomain systemd[1]: sysroot-dev-shm.mount: Deactivated successfully.
May 28 07:30:47.209624 localhost.localdomain systemd[1]: sysroot-dev.mount: Deactivated successfully.
May 28 07:30:47.209680 localhost.localdomain systemd[1]: sysroot-sys-fs-bpf.mount: Deactivated successfully.
May 28 07:30:47.209733 localhost.localdomain systemd[1]: sysroot-sys-fs-pstore.mount: Deactivated successfully.
May 28 07:30:47.209785 localhost.localdomain systemd[1]: sysroot-sys-fs-cgroup.mount: Deactivated successfully.
May 28 07:30:47.209834 localhost.localdomain systemd[1]: sysroot-sys.mount: Deactivated successfully.
May 28 07:30:47.209891 localhost.localdomain systemd[1]: sysroot.mount: Deactivated successfully.
May 28 07:30:47.258234 localhost.localdomain systemd[1]: Mounting /sysroot...
May 28 07:30:47.267495 localhost.localdomain systemd[1]: Mounted /sysroot.
May 28 07:30:47.268378 localhost.localdomain systemd[1]: combustion.service: Deactivated successfully.
May 28 07:30:47.268500 localhost.localdomain systemd[1]: Finished Combustion.
May 28 07:30:47.268793 localhost.localdomain systemd[1]: combustion.service: Consumed 10.132s CPU time.
May 28 07:30:47.269730 localhost.localdomain systemd[1]: Starting Mountpoints Configured in the Real Root...
May 28 07:30:47.353075 localhost.localdomain systemd-sysroot-fstab-check[1088]: /sysroot/root should be mounted in the initrd, will request daemon-reload.
May 28 07:30:47.354492 localhost.localdomain systemd[1]: Reloading.
May 28 07:30:47.633025 localhost.localdomain systemd-sysroot-fstab-check[1088]: Requesting initrd-fs.target/start/replace...
May 28 07:30:47.633381 localhost.localdomain systemd-sysroot-fstab-check[1088]: Requesting swap.target/start/replace...
May 28 07:30:47.647576 localhost.localdomain systemd[1]: Created slice Slice /system/systemd-growfs.
May 28 07:30:47.649398 localhost.localdomain systemd[1]: Mounting /sysroot/root...
May 28 07:30:47.734197 localhost.localdomain systemd[1]: sysroot-var.mount: Directory /sysroot/var to mount over is not empty, mounting anyway.
May 28 07:30:47.735081 localhost.localdomain systemd[1]: Mounting /sysroot/var...
May 28 07:30:47.745289 localhost.localdomain systemd[1]: initrd-parse-etc.service: Deactivated successfully.
May 28 07:30:47.745419 localhost.localdomain systemd[1]: Finished Mountpoints Configured in the Real Root.
May 28 07:30:47.745753 localhost.localdomain systemd[1]: dracut mount hook was skipped because no trigger condition checks were met.
May 28 07:30:47.863768 localhost.localdomain systemd[1]: Mounted /sysroot/var.
May 28 07:30:47.864094 localhost.localdomain systemd[1]: sysroot-etc.mount: Directory /sysroot/etc to mount over is not empty, mounting anyway.
May 28 07:30:47.982157 localhost.localdomain systemd[1]: Mounting /sysroot/etc...
May 28 07:30:47.982925 localhost.localdomain systemd[1]: Starting Grow File System on /sysroot/var...
May 28 07:30:47.983917 localhost.localdomain systemd[1]: Mounted /sysroot/root.
May 28 07:30:48.082448 localhost.localdomain kernel: overlayfs: lowerdir is in-use as upperdir/workdir of another mount, accessing files from both mounts will result in undefined behavior.
May 28 07:30:48.083122 localhost.localdomain systemd[1]: Mounted /sysroot/etc.
May 28 07:30:48.083493 localhost.localdomain systemd[1]: Disable firstboot wizard if ignition ran was skipped because of an unmet condition check (ConditionPathExists=/sysroot/var/lib/YaST2/reconfig_system).
May 28 07:30:48.087237 localhost.localdomain systemd-growfs[1139]: Successfully resized "/sysroot/var" to 5.0G bytes (3584 bytes lost due to blocksize).
May 28 07:30:48.087746 localhost.localdomain systemd[1]: Finished Grow File System on /sysroot/var.
May 28 07:30:48.088052 localhost.localdomain systemd[1]: Reached target Initrd File Systems.
May 28 07:30:48.088279 localhost.localdomain systemd[1]: Reached target Initrd Default Target.
May 28 07:30:48.089020 localhost.localdomain systemd[1]: Starting dracut pre-pivot and cleanup hook...
May 28 07:30:48.095379 localhost.localdomain dracut-pre-pivot[1140]: SELinux: relabeling root filesystem
May 28 07:30:48.100541 localhost.localdomain dracut-pre-pivot[1140]: SELinux: loading policy
May 28 07:30:48.222100 localhost.localdomain kernel: SELinux:  Class user_namespace not defined in policy.
May 28 07:30:48.222136 localhost.localdomain kernel: SELinux: the above unknown classes and permissions will be allowed
May 28 07:30:48.222144 localhost.localdomain kernel: SELinux:  Converting 205 SID table entries...
May 28 07:30:48.226087 localhost.localdomain kernel: SELinux:  policy capability network_peer_controls=1
May 28 07:30:48.226100 localhost.localdomain kernel: SELinux:  policy capability open_perms=1
May 28 07:30:48.226106 localhost.localdomain kernel: SELinux:  policy capability extended_socket_class=1
May 28 07:30:48.226112 localhost.localdomain kernel: SELinux:  policy capability always_check_network=0
May 28 07:30:48.226118 localhost.localdomain kernel: SELinux:  policy capability cgroup_seclabel=1
May 28 07:30:48.226123 localhost.localdomain kernel: SELinux:  policy capability nnp_nosuid_transition=1
May 28 07:30:48.226129 localhost.localdomain kernel: SELinux:  policy capability genfs_seclabel_symlinks=1
May 28 07:30:48.226134 localhost.localdomain kernel: SELinux:  policy capability ioctl_skip_cloexec=0
May 28 07:30:48.268167 localhost.localdomain dracut-pre-pivot[1140]: SELinux: mount root read-write and relabel
May 28 07:30:48.270094 localhost.localdomain kernel: audit: type=1403 audit(1716881448.264:4): auid=4294967295 ses=4294967295 lsm=selinux res=1
May 28 07:30:52.557083 localhost.localdomain systemd[1]: sysroot\x2dselinux-var.mount: Deactivated successfully.
May 28 07:30:52.558321 localhost.localdomain systemd[1]: sysroot\x2dselinux-root.mount: Deactivated successfully.
May 28 07:30:52.559248 localhost.localdomain systemd[1]: sysroot\x2dselinux-etc.mount: Deactivated successfully.
May 28 07:30:52.560197 localhost.localdomain systemd[1]: sysroot\x2dselinux-proc.mount: Deactivated successfully.
May 28 07:30:52.561128 localhost.localdomain systemd[1]: sysroot\x2dselinux-sys-kernel-security.mount: Deactivated successfully.
May 28 07:30:52.570023 localhost.localdomain systemd[1]: Finished dracut pre-pivot and cleanup hook.
May 28 07:30:52.654255 localhost.localdomain systemd[1]: Starting transactional-update /etc overlay cleaner...
May 28 07:30:52.757671 localhost.localdomain transactional-update-etc-cleaner[1174]: Checking for conflicts between /sysroot/var/lib/overlay/1/etc/. and /sysroot/var/lib/overlay/2/etc/....
May 28 07:30:52.757671 localhost.localdomain transactional-update-etc-cleaner[1174]: Checking for conflicts between /sysroot/var/lib/overlay/1/etc/./selinux and /sysroot/var/lib/overlay/2/etc/./selinux...
May 28 07:30:52.757956 localhost.localdomain systemd[1]: transactional-update-etc-cleaner.service: Deactivated successfully.
May 28 07:30:52.758034 localhost.localdomain systemd[1]: Finished transactional-update /etc overlay cleaner.
May 28 07:30:52.758850 localhost.localdomain systemd[1]: Starting Cleaning Up and Shutting Down Daemons...
May 28 07:30:52.765365 localhost.localdomain systemd[1]: Stopped target Network.
May 28 07:30:52.765689 localhost.localdomain systemd[1]: Stopped target Timer Units.
May 28 07:30:52.767367 localhost.localdomain systemd[1]: Stopping D-Bus System Message Bus...
May 28 07:30:52.767643 localhost.localdomain systemd[1]: dracut-pre-pivot.service: Deactivated successfully.
May 28 07:30:52.767752 localhost.localdomain systemd[1]: Stopped dracut pre-pivot and cleanup hook.
May 28 07:30:52.768083 localhost.localdomain systemd[1]: dracut-pre-pivot.service: Consumed 4.341s CPU time.
May 28 07:30:52.768186 localhost.localdomain systemd[1]: Stopped target Initrd Default Target.
May 28 07:30:52.768506 localhost.localdomain systemd[1]: Stopped target Ignition Complete.
May 28 07:30:52.768818 localhost.localdomain systemd[1]: Stopped target Ignition Boot Disk Setup.
May 28 07:30:52.769131 localhost.localdomain systemd[1]: Stopped target Initrd Root Device.
May 28 07:30:52.769439 localhost.localdomain systemd[1]: Stopped target Initrd /usr File System.
May 28 07:30:52.769737 localhost.localdomain systemd[1]: Stopped target Remote File Systems.
May 28 07:30:52.770035 localhost.localdomain systemd[1]: Stopped target Preparation for Remote File Systems.
May 28 07:30:52.770356 localhost.localdomain systemd[1]: dracut-pre-mount.service: Deactivated successfully.
May 28 07:30:52.770482 localhost.localdomain systemd[1]: Stopped dracut pre-mount hook.
May 28 07:30:52.770797 localhost.localdomain systemd[1]: dracut-initqueue.service: Deactivated successfully.
May 28 07:30:52.770919 localhost.localdomain systemd[1]: Stopped dracut initqueue hook.
May 28 07:30:52.771233 localhost.localdomain systemd[1]: ignition-fetch-offline.service: Deactivated successfully.
May 28 07:30:52.771351 localhost.localdomain systemd[1]: Stopped Ignition (fetch-offline).
May 28 07:30:52.771694 localhost.localdomain systemd[1]: Stopped target Basic System.
May 28 07:30:52.771988 localhost.localdomain systemd[1]: Stopped target Path Units.
May 28 07:30:52.772246 localhost.localdomain systemd[1]: systemd-ask-password-console.path: Deactivated successfully.
May 28 07:30:52.894121 localhost.localdomain systemd[1]: Stopped Dispatch Password Requests to Console Directory Watch.
May 28 07:30:52.894461 localhost.localdomain systemd[1]: Stopped target Slice Units.
May 28 07:30:52.894760 localhost.localdomain systemd[1]: Stopped target Socket Units.
May 28 07:30:52.895052 localhost.localdomain systemd[1]: Stopped target System Initialization.
May 28 07:30:52.895324 localhost.localdomain systemd[1]: Stopped target Local File Systems.
May 28 07:30:52.895569 localhost.localdomain systemd[1]: Stopped target Swaps.
May 28 07:30:52.895798 localhost.localdomain systemd[1]: ignition-files.service: Deactivated successfully.
May 28 07:30:52.895870 localhost.localdomain systemd[1]: Stopped Ignition (files).
May 28 07:30:52.896131 localhost.localdomain systemd[1]: ignition-mount.service: Deactivated successfully.
May 28 07:30:52.896194 localhost.localdomain systemd[1]: Stopped Ignition (mount).
May 28 07:30:52.896430 localhost.localdomain systemd[1]: ignition-disks.service: Deactivated successfully.
May 28 07:30:52.896491 localhost.localdomain systemd[1]: Stopped Ignition (disks).
May 28 07:30:52.896717 localhost.localdomain systemd[1]: ignition-kargs.service: Deactivated successfully.
May 28 07:30:52.896776 localhost.localdomain systemd[1]: Stopped Ignition (kargs).
May 28 07:30:52.896997 localhost.localdomain systemd[1]: ignition-remount-sysroot.service: Deactivated successfully.
May 28 07:30:52.897061 localhost.localdomain systemd[1]: Stopped Remount /sysroot read-write for Ignition.
May 28 07:30:52.897291 localhost.localdomain systemd[1]: ignition-setup-user.service: Deactivated successfully.
May 28 07:30:52.897354 localhost.localdomain systemd[1]: Stopped Ignition User Config Setup.
May 28 07:30:52.897587 localhost.localdomain systemd[1]: nm-wait-online-initrd.service: Deactivated successfully.
May 28 07:30:52.897647 localhost.localdomain systemd[1]: Stopped nm-wait-online-initrd.service.
May 28 07:30:52.898456 localhost.localdomain NetworkManager[464]: <info>  [1716881452.8984] caught SIGTERM, shutting down normally.
May 28 07:30:53.008565 localhost.localdomain systemd[1]: Stopping nm-initrd.service...
May 28 07:30:53.008820 localhost.localdomain systemd[1]: systemd-sysctl.service: Deactivated successfully.
May 28 07:30:53.008952 localhost.localdomain systemd[1]: Stopped Apply Kernel Variables.
May 28 07:30:53.100692 localhost.localdomain NetworkManager[464]: <info>  [1716881453.1006] dhcp4 (ens4): canceled DHCP transaction
May 28 07:30:53.100704 localhost.localdomain NetworkManager[464]: <info>  [1716881453.1006] dhcp4 (ens4): activation: beginning transaction (timeout in 90 seconds)
May 28 07:30:53.100714 localhost.localdomain NetworkManager[464]: <info>  [1716881453.1007] dhcp4 (ens4): state changed no lease
May 28 07:30:53.100812 localhost.localdomain NetworkManager[464]: <info>  [1716881453.1008] manager: NetworkManager state is now CONNECTED_SITE
May 28 07:30:53.100965 localhost.localdomain NetworkManager[464]: <info>  [1716881453.1009] exiting (success)
May 28 07:30:53.101882 localhost.localdomain systemd[1]: systemd-modules-load.service: Deactivated successfully.
May 28 07:30:53.101973 localhost.localdomain systemd[1]: Stopped Load Kernel Modules.
May 28 07:30:53.102306 localhost.localdomain systemd[1]: systemd-tmpfiles-setup.service: Deactivated successfully.
May 28 07:30:53.102376 localhost.localdomain systemd[1]: Stopped Create Volatile Files and Directories.
May 28 07:30:53.183821 localhost.localdomain systemd[1]: Stopping Rule-based Manager for Device Events and Files...
May 28 07:30:53.185089 localhost.localdomain systemd[1]: dbus.service: Deactivated successfully.
May 28 07:30:53.185433 localhost.localdomain systemd[1]: Stopped D-Bus System Message Bus.
May 28 07:30:53.186790 localhost.localdomain systemd[1]: initrd-cleanup.service: Deactivated successfully.
May 28 07:30:53.186898 localhost.localdomain systemd[1]: Finished Cleaning Up and Shutting Down Daemons.
May 28 07:30:53.278963 localhost.localdomain systemd[1]: systemd-udevd.service: Deactivated successfully.
May 28 07:30:53.279087 localhost.localdomain systemd[1]: Stopped Rule-based Manager for Device Events and Files.
May 28 07:30:53.279388 localhost.localdomain systemd[1]: dracut-pre-udev.service: Deactivated successfully.
May 28 07:30:53.279420 localhost.localdomain systemd[1]: Stopped dracut pre-udev hook.
May 28 07:30:53.279637 localhost.localdomain systemd[1]: systemd-tmpfiles-setup-dev.service: Deactivated successfully.
May 28 07:30:53.279666 localhost.localdomain systemd[1]: Stopped Create Static Device Nodes in /dev.
May 28 07:30:53.391327 localhost.localdomain systemd[1]: kmod-static-nodes.service: Deactivated successfully.
May 28 07:30:53.391363 localhost.localdomain systemd[1]: Stopped Create List of Static Device Nodes.
May 28 07:30:53.478234 localhost.localdomain systemd[1]: nm-initrd.service: Deactivated successfully.
May 28 07:30:53.478340 localhost.localdomain systemd[1]: Stopped nm-initrd.service.
May 28 07:30:53.478639 localhost.localdomain systemd[1]: dbus.socket: Deactivated successfully.
May 28 07:30:53.478673 localhost.localdomain systemd[1]: Closed D-Bus System Message Bus Socket.
May 28 07:30:53.478903 localhost.localdomain systemd[1]: dracut-cmdline.service: Deactivated successfully.
May 28 07:30:53.478936 localhost.localdomain systemd[1]: Stopped dracut cmdline hook.
May 28 07:30:53.479176 localhost.localdomain systemd[1]: dracut-cmdline-ask.service: Deactivated successfully.
May 28 07:30:53.479208 localhost.localdomain systemd[1]: Stopped dracut ask for additional cmdline parameters.
May 28 07:30:53.479449 localhost.localdomain systemd[1]: systemd-udev-trigger.service: Deactivated successfully.
May 28 07:30:53.479480 localhost.localdomain systemd[1]: Stopped Coldplug All udev Devices.
May 28 07:30:53.479726 localhost.localdomain systemd[1]: systemd-udevd-control.socket: Deactivated successfully.
May 28 07:30:53.479755 localhost.localdomain systemd[1]: Closed udev Control Socket.
May 28 07:30:53.479989 localhost.localdomain systemd[1]: systemd-udevd-kernel.socket: Deactivated successfully.
May 28 07:30:53.480013 localhost.localdomain systemd[1]: Closed udev Kernel Socket.
May 28 07:30:53.582242 localhost.localdomain systemd[1]: Starting Cleanup udev Database...
May 28 07:30:53.582479 localhost.localdomain systemd[1]: systemd-vconsole-setup.service: Deactivated successfully.
May 28 07:30:53.582528 localhost.localdomain systemd[1]: Stopped Setup Virtual Console.
May 28 07:30:53.583511 localhost.localdomain systemd[1]: sysroot\x2dselinux-dev-pts.mount: Deactivated successfully.
May 28 07:30:53.583569 localhost.localdomain systemd[1]: sysroot\x2dselinux-dev-shm.mount: Deactivated successfully.
May 28 07:30:53.583608 localhost.localdomain systemd[1]: sysroot\x2dselinux-dev.mount: Deactivated successfully.
May 28 07:30:53.583644 localhost.localdomain systemd[1]: sysroot\x2dselinux-sys-fs-selinux.mount: Deactivated successfully.
May 28 07:30:53.583679 localhost.localdomain systemd[1]: sysroot\x2dselinux-sys-fs-bpf.mount: Deactivated successfully.
May 28 07:30:53.583712 localhost.localdomain systemd[1]: sysroot\x2dselinux-sys-fs-pstore.mount: Deactivated successfully.
May 28 07:30:53.583747 localhost.localdomain systemd[1]: sysroot\x2dselinux-sys-fs-cgroup.mount: Deactivated successfully.
May 28 07:30:53.583777 localhost.localdomain systemd[1]: sysroot\x2dselinux-sys.mount: Deactivated successfully.
May 28 07:30:53.583808 localhost.localdomain systemd[1]: sysroot\x2dselinux.mount: Deactivated successfully.
May 28 07:30:53.583848 localhost.localdomain systemd[1]: sysroot-sys-fs-selinux.mount: Deactivated successfully.
May 28 07:30:53.583883 localhost.localdomain systemd[1]: sysroot-dev-pts.mount: Deactivated successfully.
May 28 07:30:53.583915 localhost.localdomain systemd[1]: sysroot-dev-shm.mount: Deactivated successfully.
May 28 07:30:53.583948 localhost.localdomain systemd[1]: sysroot-dev.mount: Deactivated successfully.
May 28 07:30:53.583978 localhost.localdomain systemd[1]: sysroot-sys-fs-bpf.mount: Deactivated successfully.
May 28 07:30:53.584008 localhost.localdomain systemd[1]: sysroot-sys-fs-pstore.mount: Deactivated successfully.
May 28 07:30:53.584038 localhost.localdomain systemd[1]: sysroot-sys-fs-cgroup.mount: Deactivated successfully.
May 28 07:30:53.584069 localhost.localdomain systemd[1]: sysroot-sys-kernel-security.mount: Deactivated successfully.
May 28 07:30:53.584098 localhost.localdomain systemd[1]: sysroot-sys.mount: Deactivated successfully.
May 28 07:30:53.584132 localhost.localdomain systemd[1]: sysroot-proc.mount: Deactivated successfully.
May 28 07:30:53.584164 localhost.localdomain systemd[1]: run-credentials-systemd\x2dtmpfiles\x2dsetup.service.mount: Deactivated successfully.
May 28 07:30:53.584193 localhost.localdomain systemd[1]: run-credentials-systemd\x2dsysctl.service.mount: Deactivated successfully.
May 28 07:30:53.584223 localhost.localdomain systemd[1]: run-credentials-systemd\x2dtmpfiles\x2dsetup\x2ddev.service.mount: Deactivated successfully.
May 28 07:30:53.687189 localhost.localdomain systemd[1]: initrd-udevadm-cleanup-db.service: Deactivated successfully.
May 28 07:30:53.687308 localhost.localdomain systemd[1]: Finished Cleanup udev Database.
May 28 07:30:53.687622 localhost.localdomain systemd[1]: Reached target Switch Root.
May 28 07:30:53.688312 localhost.localdomain systemd[1]: Starting Switch Root...
