May 28 07:29:38.197004 localhost kernel: Linux version 6.9.1-1-default (geeko@buildhost) (gcc (SUSE Linux) 13.2.1 20240509 [revision b7a2697733d19a093cbdd0e200ffce069a4bc812], GNU ld (GNU Binutils; openSUSE Tumbleweed) 2.42.0.20240130-3) #1 SMP PREEMPT_DYNAMIC Fri May 17 11:59:46 UTC 2024 (0c0b0b5)
May 28 07:29:38.197027 localhost kernel: Command line: BOOT_IMAGE=/boot/vmlinuz-6.9.1-1-default root=UUID=867e78f3-c199-421a-aaea-06b442c929ea rd.timeout=60 rd.retry=45 quiet systemd.show_status=yes console=ttyS0,115200 console=tty0 ignition.platform.id=qemu security=selinux selinux=1
May 28 07:29:38.197034 localhost kernel: BIOS-provided physical RAM map:
May 28 07:29:38.197040 localhost kernel: BIOS-e820: [mem 0x0000000000000000-0x000000000009fbff] usable
May 28 07:29:38.197045 localhost kernel: BIOS-e820: [mem 0x000000000009fc00-0x000000000009ffff] reserved
May 28 07:29:38.197051 localhost kernel: BIOS-e820: [mem 0x00000000000f0000-0x00000000000fffff] reserved
May 28 07:29:38.197057 localhost kernel: BIOS-e820: [mem 0x0000000000100000-0x000000003ffd8fff] usable
May 28 07:29:38.197062 localhost kernel: BIOS-e820: [mem 0x000000003ffd9000-0x000000003fffffff] reserved
May 28 07:29:38.197066 localhost kernel: BIOS-e820: [mem 0x00000000feffc000-0x00000000feffffff] reserved
May 28 07:29:38.197071 localhost kernel: BIOS-e820: [mem 0x00000000fffc0000-0x00000000ffffffff] reserved
May 28 07:29:38.197076 localhost kernel: BIOS-e820: [mem 0x000000fd00000000-0x000000ffffffffff] reserved
May 28 07:29:38.197081 localhost kernel: NX (Execute Disable) protection: active
May 28 07:29:38.197086 localhost kernel: APIC: Static calls initialized
May 28 07:29:38.197093 localhost kernel: SMBIOS 2.8 present.
May 28 07:29:38.197100 localhost kernel: DMI: QEMU Standard PC (i440FX + PIIX, 1996), BIOS rel-1.16.0-0-gd239552c-rebuilt.opensuse.org 04/01/2014
May 28 07:29:38.197105 localhost kernel: Hypervisor detected: KVM
May 28 07:29:38.197110 localhost kernel: kvm-clock: Using msrs 4b564d01 and 4b564d00
May 28 07:29:38.197115 localhost kernel: kvm-clock: using sched offset of 10293905597 cycles
May 28 07:29:38.197120 localhost kernel: clocksource: kvm-clock: mask: 0xffffffffffffffff max_cycles: 0x1cd42e4dffb, max_idle_ns: 881590591483 ns
May 28 07:29:38.197125 localhost kernel: tsc: Detected 2200.000 MHz processor
May 28 07:29:38.197131 localhost kernel: e820: update [mem 0x00000000-0x00000fff] usable ==> reserved
May 28 07:29:38.197136 localhost kernel: e820: remove [mem 0x000a0000-0x000fffff] usable
May 28 07:29:38.197143 localhost kernel: last_pfn = 0x3ffd9 max_arch_pfn = 0x400000000
May 28 07:29:38.197149 localhost kernel: MTRR map: 4 entries (3 fixed + 1 variable; max 19), built from 8 variable MTRRs
May 28 07:29:38.197154 localhost kernel: x86/PAT: Configuration [0-7]: WB  WC  UC- UC  WB  WP  UC- WT  
May 28 07:29:38.197159 localhost kernel: found SMP MP-table at [mem 0x000f5b40-0x000f5b4f]
May 28 07:29:38.197164 localhost kernel: Using GB pages for direct mapping
May 28 07:29:38.197169 localhost kernel: RAMDISK: [mem 0x2bc9b000-0x31e44fff]
May 28 07:29:38.197174 localhost kernel: ACPI: Early table checksum verification disabled
May 28 07:29:38.197179 localhost kernel: ACPI: RSDP 0x00000000000F5960 000014 (v00 BOCHS )
May 28 07:29:38.197184 localhost kernel: ACPI: RSDT 0x000000003FFE18F4 000034 (v01 BOCHS  BXPC     00000001 BXPC 00000001)
May 28 07:29:38.197190 localhost kernel: ACPI: FACP 0x000000003FFE17A8 000074 (v01 BOCHS  BXPC     00000001 BXPC 00000001)
May 28 07:29:38.197195 localhost kernel: ACPI: DSDT 0x000000003FFE0040 001768 (v01 BOCHS  BXPC     00000001 BXPC 00000001)
May 28 07:29:38.197200 localhost kernel: ACPI: FACS 0x000000003FFE0000 000040
May 28 07:29:38.197207 localhost kernel: ACPI: APIC 0x000000003FFE181C 000078 (v01 BOCHS  BXPC     00000001 BXPC 00000001)
May 28 07:29:38.197212 localhost kernel: ACPI: HPET 0x000000003FFE1894 000038 (v01 BOCHS  BXPC     00000001 BXPC 00000001)
May 28 07:29:38.197217 localhost kernel: ACPI: WAET 0x000000003FFE18CC 000028 (v01 BOCHS  BXPC     00000001 BXPC 00000001)
May 28 07:29:38.197222 localhost kernel: ACPI: Reserving FACP table memory at [mem 0x3ffe17a8-0x3ffe181b]
May 28 07:29:38.197228 localhost kernel: ACPI: Reserving DSDT table memory at [mem 0x3ffe0040-0x3ffe17a7]
May 28 07:29:38.197233 localhost kernel: ACPI: Reserving FACS table memory at [mem 0x3ffe0000-0x3ffe003f]
May 28 07:29:38.197241 localhost kernel: ACPI: Reserving APIC table memory at [mem 0x3ffe181c-0x3ffe1893]
May 28 07:29:38.197246 localhost kernel: ACPI: Reserving HPET table memory at [mem 0x3ffe1894-0x3ffe18cb]
May 28 07:29:38.197251 localhost kernel: ACPI: Reserving WAET table memory at [mem 0x3ffe18cc-0x3ffe18f3]
May 28 07:29:38.197256 localhost kernel: No NUMA configuration found
May 28 07:29:38.197261 localhost kernel: Faking a node at [mem 0x0000000000000000-0x000000003ffd8fff]
May 28 07:29:38.197267 localhost kernel: NODE_DATA(0) allocated [mem 0x3ffae000-0x3ffd8fff]
May 28 07:29:38.197272 localhost kernel: Zone ranges:
May 28 07:29:38.197277 localhost kernel:   DMA      [mem 0x0000000000001000-0x0000000000ffffff]
May 28 07:29:38.197282 localhost kernel:   DMA32    [mem 0x0000000001000000-0x000000003ffd8fff]
May 28 07:29:38.197289 localhost kernel:   Normal   empty
May 28 07:29:38.197294 localhost kernel:   Device   empty
May 28 07:29:38.197300 localhost kernel: Movable zone start for each node
May 28 07:29:38.197305 localhost kernel: Early memory node ranges
May 28 07:29:38.197310 localhost kernel:   node   0: [mem 0x0000000000001000-0x000000000009efff]
May 28 07:29:38.197315 localhost kernel:   node   0: [mem 0x0000000000100000-0x000000003ffd8fff]
May 28 07:29:38.197320 localhost kernel: Initmem setup node 0 [mem 0x0000000000001000-0x000000003ffd8fff]
May 28 07:29:38.197325 localhost kernel: On node 0, zone DMA: 1 pages in unavailable ranges
May 28 07:29:38.197330 localhost kernel: On node 0, zone DMA: 97 pages in unavailable ranges
May 28 07:29:38.197335 localhost kernel: On node 0, zone DMA32: 39 pages in unavailable ranges
May 28 07:29:38.197340 localhost kernel: ACPI: PM-Timer IO Port: 0x608
May 28 07:29:38.197345 localhost kernel: ACPI: LAPIC_NMI (acpi_id[0xff] dfl dfl lint[0x1])
May 28 07:29:38.197351 localhost kernel: IOAPIC[0]: apic_id 0, version 17, address 0xfec00000, GSI 0-23
May 28 07:29:38.197358 localhost kernel: ACPI: INT_SRC_OVR (bus 0 bus_irq 0 global_irq 2 dfl dfl)
May 28 07:29:38.197363 localhost kernel: ACPI: INT_SRC_OVR (bus 0 bus_irq 5 global_irq 5 high level)
May 28 07:29:38.197368 localhost kernel: ACPI: INT_SRC_OVR (bus 0 bus_irq 9 global_irq 9 high level)
May 28 07:29:38.197373 localhost kernel: ACPI: INT_SRC_OVR (bus 0 bus_irq 10 global_irq 10 high level)
May 28 07:29:38.197378 localhost kernel: ACPI: INT_SRC_OVR (bus 0 bus_irq 11 global_irq 11 high level)
May 28 07:29:38.197383 localhost kernel: ACPI: Using ACPI (MADT) for SMP configuration information
May 28 07:29:38.197388 localhost kernel: ACPI: HPET id: 0x8086a201 base: 0xfed00000
May 28 07:29:38.197393 localhost kernel: TSC deadline timer available
May 28 07:29:38.197398 localhost kernel: CPU topo: Max. logical packages:   1
May 28 07:29:38.197403 localhost kernel: CPU topo: Max. logical dies:       1
May 28 07:29:38.197408 localhost kernel: CPU topo: Max. dies per package:   1
May 28 07:29:38.197413 localhost kernel: CPU topo: Max. threads per core:   1
May 28 07:29:38.197420 localhost kernel: CPU topo: Num. cores per package:     1
May 28 07:29:38.197425 localhost kernel: CPU topo: Num. threads per package:   1
May 28 07:29:38.197430 localhost kernel: CPU topo: Allowing 1 present CPUs plus 0 hotplug CPUs
May 28 07:29:38.197436 localhost kernel: kvm-guest: APIC: eoi() replaced with kvm_guest_apic_eoi_write()
May 28 07:29:38.197441 localhost kernel: PM: hibernation: Registered nosave memory: [mem 0x00000000-0x00000fff]
May 28 07:29:38.197446 localhost kernel: PM: hibernation: Registered nosave memory: [mem 0x0009f000-0x0009ffff]
May 28 07:29:38.197451 localhost kernel: PM: hibernation: Registered nosave memory: [mem 0x000a0000-0x000effff]
May 28 07:29:38.197456 localhost kernel: PM: hibernation: Registered nosave memory: [mem 0x000f0000-0x000fffff]
May 28 07:29:38.197461 localhost kernel: [mem 0x40000000-0xfeffbfff] available for PCI devices
May 28 07:29:38.197466 localhost kernel: Booting paravirtualized kernel on KVM
May 28 07:29:38.197472 localhost kernel: clocksource: refined-jiffies: mask: 0xffffffff max_cycles: 0xffffffff, max_idle_ns: 6370452778343963 ns
May 28 07:29:38.197477 localhost kernel: setup_percpu: NR_CPUS:8192 nr_cpumask_bits:1 nr_cpu_ids:1 nr_node_ids:1
May 28 07:29:38.197484 localhost kernel: percpu: Embedded 72 pages/cpu s258048 r8192 d28672 u2097152
May 28 07:29:38.197489 localhost kernel: pcpu-alloc: s258048 r8192 d28672 u2097152 alloc=1*2097152
May 28 07:29:38.197494 localhost kernel: pcpu-alloc: [0] 0 
May 28 07:29:38.197499 localhost kernel: kvm-guest: PV spinlocks disabled, single CPU
May 28 07:29:38.197505 localhost kernel: Kernel command line: BOOT_IMAGE=/boot/vmlinuz-6.9.1-1-default root=UUID=867e78f3-c199-421a-aaea-06b442c929ea rd.timeout=60 rd.retry=45 quiet systemd.show_status=yes console=ttyS0,115200 console=tty0 ignition.platform.id=qemu security=selinux selinux=1
May 28 07:29:38.197511 localhost kernel: Unknown kernel command line parameters "BOOT_IMAGE=/boot/vmlinuz-6.9.1-1-default", will be passed to user space.
May 28 07:29:38.197516 localhost kernel: random: crng init done
May 28 07:29:38.197521 localhost kernel: Dentry cache hash table entries: 131072 (order: 8, 1048576 bytes, linear)
May 28 07:29:38.197526 localhost kernel: Inode-cache hash table entries: 65536 (order: 7, 524288 bytes, linear)
May 28 07:29:38.197531 localhost kernel: Fallback order for Node 0: 0 
May 28 07:29:38.197536 localhost kernel: Built 1 zonelists, mobility grouping on.  Total pages: 257753
May 28 07:29:38.197543 localhost kernel: Policy zone: DMA32
May 28 07:29:38.197548 localhost kernel: mem auto-init: stack:off, heap alloc:off, heap free:off
May 28 07:29:38.197554 localhost kernel: Memory: 260860K/1048028K available (16384K kernel code, 3000K rwdata, 13020K rodata, 4224K init, 4384K bss, 166260K reserved, 0K cma-reserved)
May 28 07:29:38.197559 localhost kernel: SLUB: HWalign=64, Order=0-3, MinObjects=0, CPUs=1, Nodes=1
May 28 07:29:38.197564 localhost kernel: ftrace: allocating 47505 entries in 186 pages
May 28 07:29:38.197569 localhost kernel: ftrace: allocated 186 pages with 5 groups
May 28 07:29:38.197574 localhost kernel: Dynamic Preempt: voluntary
May 28 07:29:38.197580 localhost kernel: rcu: Preemptible hierarchical RCU implementation.
May 28 07:29:38.197585 localhost kernel: rcu:         RCU event tracing is enabled.
May 28 07:29:38.197591 localhost kernel: rcu:         RCU restricting CPUs from NR_CPUS=8192 to nr_cpu_ids=1.
May 28 07:29:38.197596 localhost kernel:         Trampoline variant of Tasks RCU enabled.
May 28 07:29:38.197602 localhost kernel:         Rude variant of Tasks RCU enabled.
May 28 07:29:38.197609 localhost kernel:         Tracing variant of Tasks RCU enabled.
May 28 07:29:38.197614 localhost kernel: rcu: RCU calculated value of scheduler-enlistment delay is 30 jiffies.
May 28 07:29:38.197619 localhost kernel: rcu: Adjusting geometry for rcu_fanout_leaf=16, nr_cpu_ids=1
May 28 07:29:38.197624 localhost kernel: RCU Tasks: Setting shift to 0 and lim to 1 rcu_task_cb_adjust=1.
May 28 07:29:38.197629 localhost kernel: RCU Tasks Rude: Setting shift to 0 and lim to 1 rcu_task_cb_adjust=1.
May 28 07:29:38.197635 localhost kernel: RCU Tasks Trace: Setting shift to 0 and lim to 1 rcu_task_cb_adjust=1.
May 28 07:29:38.197640 localhost kernel: NR_IRQS: 524544, nr_irqs: 256, preallocated irqs: 16
May 28 07:29:38.197645 localhost kernel: rcu: srcu_init: Setting srcu_struct sizes based on contention.
May 28 07:29:38.197650 localhost kernel: Console: colour dummy device 80x25
May 28 07:29:38.197659 localhost kernel: printk: legacy console [tty0] enabled
May 28 07:29:38.197664 localhost kernel: printk: legacy console [ttyS0] enabled
May 28 07:29:38.197669 localhost kernel: ACPI: Core revision 20230628
May 28 07:29:38.197675 localhost kernel: clocksource: hpet: mask: 0xffffffff max_cycles: 0xffffffff, max_idle_ns: 19112604467 ns
May 28 07:29:38.197680 localhost kernel: APIC: Switch to symmetric I/O mode setup
May 28 07:29:38.197687 localhost kernel: x2apic enabled
May 28 07:29:38.197692 localhost kernel: APIC: Switched APIC routing to: physical x2apic
May 28 07:29:38.197697 localhost kernel: ..TIMER: vector=0x30 apic1=0 pin1=2 apic2=-1 pin2=-1
May 28 07:29:38.197702 localhost kernel: clocksource: tsc-early: mask: 0xffffffffffffffff max_cycles: 0x1fb633008a4, max_idle_ns: 440795292230 ns
May 28 07:29:38.197708 localhost kernel: Calibrating delay loop (skipped) preset value.. 4401.33 BogoMIPS (lpj=7333333)
May 28 07:29:38.197713 localhost kernel: x86/cpu: User Mode Instruction Prevention (UMIP) activated
May 28 07:29:38.197718 localhost kernel: Last level iTLB entries: 4KB 512, 2MB 255, 4MB 127
May 28 07:29:38.197723 localhost kernel: Last level dTLB entries: 4KB 512, 2MB 255, 4MB 127, 1GB 0
May 28 07:29:38.197728 localhost kernel: Spectre V1 : Mitigation: usercopy/swapgs barriers and __user pointer sanitization
May 28 07:29:38.197735 localhost kernel: Spectre V2 : Mitigation: Retpolines
May 28 07:29:38.197741 localhost kernel: Spectre V2 : Spectre v2 / SpectreRSB mitigation: Filling RSB on context switch
May 28 07:29:38.197746 localhost kernel: Spectre V2 : Spectre v2 / SpectreRSB : Filling RSB on VMEXIT
May 28 07:29:38.197751 localhost kernel: Spectre V2 : Enabling Restricted Speculation for firmware calls
May 28 07:29:38.197756 localhost kernel: Spectre V2 : mitigation: Enabling conditional Indirect Branch Prediction Barrier
May 28 07:29:38.197761 localhost kernel: Speculative Store Bypass: Mitigation: Speculative Store Bypass disabled via prctl
May 28 07:29:38.197777 localhost kernel: Speculative Return Stack Overflow: IBPB-extending microcode not applied!
May 28 07:29:38.197783 localhost kernel: Speculative Return Stack Overflow: WARNING: See https://kernel.org/doc/html/latest/admin-guide/hw-vuln/srso.html for mitigation options.
May 28 07:29:38.197788 localhost kernel: Speculative Return Stack Overflow: Vulnerable: Safe RET, no microcode
May 28 07:29:38.197794 localhost kernel: x86/fpu: Supporting XSAVE feature 0x001: 'x87 floating point registers'
May 28 07:29:38.197801 localhost kernel: x86/fpu: Supporting XSAVE feature 0x002: 'SSE registers'
May 28 07:29:38.197806 localhost kernel: x86/fpu: Supporting XSAVE feature 0x004: 'AVX registers'
May 28 07:29:38.197811 localhost kernel: x86/fpu: Supporting XSAVE feature 0x200: 'Protection Keys User registers'
May 28 07:29:38.197816 localhost kernel: x86/fpu: xstate_offset[2]:  576, xstate_sizes[2]:  256
May 28 07:29:38.197821 localhost kernel: x86/fpu: xstate_offset[9]:  832, xstate_sizes[9]:    8
May 28 07:29:38.197827 localhost kernel: x86/fpu: Enabled xstate features 0x207, context size is 840 bytes, using 'compacted' format.
May 28 07:29:38.197832 localhost kernel: Freeing SMP alternatives memory: 40K
May 28 07:29:38.197837 localhost kernel: pid_max: default: 32768 minimum: 301
May 28 07:29:38.197842 localhost kernel: LSM: initializing lsm=lockdown,capability,landlock,yama,selinux,bpf,ima,evm
May 28 07:29:38.197847 localhost kernel: landlock: Up and running.
May 28 07:29:38.197852 localhost kernel: Yama: becoming mindful.
May 28 07:29:38.197857 localhost kernel: SELinux:  Initializing.
May 28 07:29:38.203278 localhost kernel: LSM support for eBPF active
May 28 07:29:38.203286 localhost kernel: Mount-cache hash table entries: 2048 (order: 2, 16384 bytes, linear)
May 28 07:29:38.203292 localhost kernel: Mountpoint-cache hash table entries: 2048 (order: 2, 16384 bytes, linear)
May 28 07:29:38.203298 localhost kernel: smpboot: CPU0: AMD EPYC 7773X 64-Core Processor (family: 0x19, model: 0x1, stepping: 0x2)
May 28 07:29:38.203303 localhost kernel: Performance Events: Fam17h+ core perfctr, AMD PMU driver.
May 28 07:29:38.203308 localhost kernel: ... version:                0
May 28 07:29:38.203313 localhost kernel: ... bit width:              48
May 28 07:29:38.203318 localhost kernel: ... generic registers:      6
May 28 07:29:38.203324 localhost kernel: ... value mask:             0000ffffffffffff
May 28 07:29:38.203329 localhost kernel: ... max period:             00007fffffffffff
May 28 07:29:38.203334 localhost kernel: ... fixed-purpose events:   0
May 28 07:29:38.203339 localhost kernel: ... event mask:             000000000000003f
May 28 07:29:38.203346 localhost kernel: signal: max sigframe size: 3376
May 28 07:29:38.203351 localhost kernel: rcu: Hierarchical SRCU implementation.
May 28 07:29:38.203357 localhost kernel: rcu:         Max phase no-delay instances is 1000.
May 28 07:29:38.203363 localhost kernel: smp: Bringing up secondary CPUs ...
May 28 07:29:38.203368 localhost kernel: smp: Brought up 1 node, 1 CPU
May 28 07:29:38.203373 localhost kernel: smpboot: Total of 1 processors activated (4401.33 BogoMIPS)
May 28 07:29:38.203378 localhost kernel: node 0 deferred pages initialised in 4ms
May 28 07:29:38.203384 localhost kernel: devtmpfs: initialized
May 28 07:29:38.203389 localhost kernel: x86/mm: Memory block size: 128MB
May 28 07:29:38.203394 localhost kernel: clocksource: jiffies: mask: 0xffffffff max_cycles: 0xffffffff, max_idle_ns: 6370867519511994 ns
May 28 07:29:38.203399 localhost kernel: futex hash table entries: 256 (order: 2, 16384 bytes, linear)
May 28 07:29:38.203405 localhost kernel: pinctrl core: initialized pinctrl subsystem
May 28 07:29:38.203410 localhost kernel: PM: RTC time: 07:29:36, date: 2024-05-28
May 28 07:29:38.203417 localhost kernel: NET: Registered PF_NETLINK/PF_ROUTE protocol family
May 28 07:29:38.203422 localhost kernel: DMA: preallocated 128 KiB GFP_KERNEL pool for atomic allocations
May 28 07:29:38.203427 localhost kernel: DMA: preallocated 128 KiB GFP_KERNEL|GFP_DMA pool for atomic allocations
May 28 07:29:38.203432 localhost kernel: DMA: preallocated 128 KiB GFP_KERNEL|GFP_DMA32 pool for atomic allocations
May 28 07:29:38.203437 localhost kernel: audit: initializing netlink subsys (disabled)
May 28 07:29:38.203442 localhost kernel: audit: type=2000 audit(1716881377.036:1): state=initialized audit_enabled=0 res=1
May 28 07:29:38.203448 localhost kernel: thermal_sys: Registered thermal governor 'fair_share'
May 28 07:29:38.203453 localhost kernel: thermal_sys: Registered thermal governor 'bang_bang'
May 28 07:29:38.203458 localhost kernel: thermal_sys: Registered thermal governor 'step_wise'
May 28 07:29:38.203463 localhost kernel: thermal_sys: Registered thermal governor 'user_space'
May 28 07:29:38.203468 localhost kernel: cpuidle: using governor ladder
May 28 07:29:38.203475 localhost kernel: cpuidle: using governor menu
May 28 07:29:38.203480 localhost kernel: acpiphp: ACPI Hot Plug PCI Controller Driver version: 0.5
May 28 07:29:38.203485 localhost kernel: PCI: Using configuration type 1 for base access
May 28 07:29:38.203490 localhost kernel: PCI: Using configuration type 1 for extended access
May 28 07:29:38.203496 localhost kernel: kprobes: kprobe jump-optimization is enabled. All kprobes are optimized if possible.
May 28 07:29:38.203501 localhost kernel: HugeTLB: registered 1.00 GiB page size, pre-allocated 0 pages
May 28 07:29:38.203506 localhost kernel: HugeTLB: 16380 KiB vmemmap can be freed for a 1.00 GiB page
May 28 07:29:38.203511 localhost kernel: HugeTLB: registered 2.00 MiB page size, pre-allocated 0 pages
May 28 07:29:38.203516 localhost kernel: HugeTLB: 28 KiB vmemmap can be freed for a 2.00 MiB page
May 28 07:29:38.203521 localhost kernel: Demotion targets for Node 0: null
May 28 07:29:38.203526 localhost kernel: ACPI: Added _OSI(Module Device)
May 28 07:29:38.203531 localhost kernel: ACPI: Added _OSI(Processor Device)
May 28 07:29:38.203538 localhost kernel: ACPI: Added _OSI(3.0 _SCP Extensions)
May 28 07:29:38.203543 localhost kernel: ACPI: Added _OSI(Processor Aggregator Device)
May 28 07:29:38.203548 localhost kernel: ACPI: 1 ACPI AML tables successfully acquired and loaded
May 28 07:29:38.203554 localhost kernel: ACPI: _OSC evaluation for CPUs failed, trying _PDC
May 28 07:29:38.203559 localhost kernel: ACPI: Interpreter enabled
May 28 07:29:38.203564 localhost kernel: ACPI: PM: (supports S0 S3 S4 S5)
May 28 07:29:38.203569 localhost kernel: ACPI: Using IOAPIC for interrupt routing
May 28 07:29:38.203574 localhost kernel: PCI: Using host bridge windows from ACPI; if necessary, use "pci=nocrs" and report a bug
May 28 07:29:38.203579 localhost kernel: PCI: Using E820 reservations for host bridge windows
May 28 07:29:38.203584 localhost kernel: ACPI: Enabled 2 GPEs in block 00 to 0F
May 28 07:29:38.203589 localhost kernel: ACPI: PCI Root Bridge [PCI0] (domain 0000 [bus 00-ff])
May 28 07:29:38.203759 localhost kernel: acpi PNP0A03:00: _OSC: OS supports [ExtendedConfig ASPM ClockPM Segments MSI EDR HPX-Type3]
May 28 07:29:38.203773 localhost kernel: acpiphp: Slot [3] registered
May 28 07:29:38.203779 localhost kernel: acpiphp: Slot [4] registered
May 28 07:29:38.203784 localhost kernel: acpiphp: Slot [5] registered
May 28 07:29:38.203789 localhost kernel: acpiphp: Slot [6] registered
May 28 07:29:38.203795 localhost kernel: acpiphp: Slot [7] registered
May 28 07:29:38.203800 localhost kernel: acpiphp: Slot [8] registered
May 28 07:29:38.203805 localhost kernel: acpiphp: Slot [9] registered
May 28 07:29:38.203810 localhost kernel: acpiphp: Slot [10] registered
May 28 07:29:38.203815 localhost kernel: acpiphp: Slot [11] registered
May 28 07:29:38.203820 localhost kernel: acpiphp: Slot [12] registered
May 28 07:29:38.203827 localhost kernel: acpiphp: Slot [13] registered
May 28 07:29:38.203832 localhost kernel: acpiphp: Slot [14] registered
May 28 07:29:38.203837 localhost kernel: acpiphp: Slot [15] registered
May 28 07:29:38.203842 localhost kernel: acpiphp: Slot [16] registered
May 28 07:29:38.203847 localhost kernel: acpiphp: Slot [17] registered
May 28 07:29:38.203852 localhost kernel: acpiphp: Slot [18] registered
May 28 07:29:38.203857 localhost kernel: acpiphp: Slot [19] registered
May 28 07:29:38.203862 localhost kernel: acpiphp: Slot [20] registered
May 28 07:29:38.203867 localhost kernel: acpiphp: Slot [21] registered
May 28 07:29:38.203872 localhost kernel: acpiphp: Slot [22] registered
May 28 07:29:38.203877 localhost kernel: acpiphp: Slot [23] registered
May 28 07:29:38.203882 localhost kernel: acpiphp: Slot [24] registered
May 28 07:29:38.203887 localhost kernel: acpiphp: Slot [25] registered
May 28 07:29:38.203894 localhost kernel: acpiphp: Slot [26] registered
May 28 07:29:38.203899 localhost kernel: acpiphp: Slot [27] registered
May 28 07:29:38.203904 localhost kernel: acpiphp: Slot [28] registered
May 28 07:29:38.203909 localhost kernel: acpiphp: Slot [29] registered
May 28 07:29:38.203914 localhost kernel: acpiphp: Slot [30] registered
May 28 07:29:38.203919 localhost kernel: acpiphp: Slot [31] registered
May 28 07:29:38.203924 localhost kernel: PCI host bridge to bus 0000:00
May 28 07:29:38.204048 localhost kernel: pci_bus 0000:00: root bus resource [io  0x0000-0x0cf7 window]
May 28 07:29:38.204156 localhost kernel: pci_bus 0000:00: root bus resource [io  0x0d00-0xffff window]
May 28 07:29:38.204258 localhost kernel: pci_bus 0000:00: root bus resource [mem 0x000a0000-0x000bffff window]
May 28 07:29:38.204359 localhost kernel: pci_bus 0000:00: root bus resource [mem 0x40000000-0xfebfffff window]
May 28 07:29:38.204465 localhost kernel: pci_bus 0000:00: root bus resource [mem 0x100000000-0x17fffffff window]
May 28 07:29:38.208066 localhost kernel: pci_bus 0000:00: root bus resource [bus 00-ff]
May 28 07:29:38.208207 localhost kernel: pci 0000:00:00.0: [8086:1237] type 00 class 0x060000 conventional PCI endpoint
May 28 07:29:38.208333 localhost kernel: pci 0000:00:01.0: [8086:7000] type 00 class 0x060100 conventional PCI endpoint
May 28 07:29:38.208455 localhost kernel: pci 0000:00:01.1: [8086:7010] type 00 class 0x010180 conventional PCI endpoint
May 28 07:29:38.208567 localhost kernel: pci 0000:00:01.1: BAR 4 [io  0xc1c0-0xc1cf]
May 28 07:29:38.208680 localhost kernel: pci 0000:00:01.1: BAR 0 [io  0x01f0-0x01f7]: legacy IDE quirk
May 28 07:29:38.208789 localhost kernel: pci 0000:00:01.1: BAR 1 [io  0x03f6]: legacy IDE quirk
May 28 07:29:38.208906 localhost kernel: pci 0000:00:01.1: BAR 2 [io  0x0170-0x0177]: legacy IDE quirk
May 28 07:29:38.209018 localhost kernel: pci 0000:00:01.1: BAR 3 [io  0x0376]: legacy IDE quirk
May 28 07:29:38.209137 localhost kernel: pci 0000:00:01.3: [8086:7113] type 00 class 0x068000 conventional PCI endpoint
May 28 07:29:38.209246 localhost kernel: pci 0000:00:01.3: quirk: [io  0x0600-0x063f] claimed by PIIX4 ACPI
May 28 07:29:38.209355 localhost kernel: pci 0000:00:01.3: quirk: [io  0x0700-0x070f] claimed by PIIX4 SMB
May 28 07:29:38.209473 localhost kernel: pci 0000:00:02.0: [1234:1111] type 00 class 0x030000 conventional PCI endpoint
May 28 07:29:38.209582 localhost kernel: pci 0000:00:02.0: BAR 0 [mem 0xfd000000-0xfdffffff pref]
May 28 07:29:38.209692 localhost kernel: pci 0000:00:02.0: BAR 2 [mem 0xfebd8000-0xfebd8fff]
May 28 07:29:38.209818 localhost kernel: pci 0000:00:02.0: ROM [mem 0xfebc0000-0xfebcffff pref]
May 28 07:29:38.209935 localhost kernel: pci 0000:00:02.0: Video device with shadowed ROM at [mem 0x000c0000-0x000dffff]
May 28 07:29:38.210053 localhost kernel: pci 0000:00:03.0: [8086:2668] type 00 class 0x040300 conventional PCI endpoint
May 28 07:29:38.210162 localhost kernel: pci 0000:00:03.0: BAR 0 [mem 0xfebd0000-0xfebd3fff]
May 28 07:29:38.210280 localhost kernel: pci 0000:00:04.0: [1af4:1000] type 00 class 0x020000 conventional PCI endpoint
May 28 07:29:38.210390 localhost kernel: pci 0000:00:04.0: BAR 0 [io  0xc180-0xc19f]
May 28 07:29:38.210499 localhost kernel: pci 0000:00:04.0: BAR 1 [mem 0xfebd9000-0xfebd9fff]
May 28 07:29:38.210607 localhost kernel: pci 0000:00:04.0: BAR 4 [mem 0xfe000000-0xfe003fff 64bit pref]
May 28 07:29:38.210716 localhost kernel: pci 0000:00:04.0: ROM [mem 0xfeb80000-0xfebbffff pref]
May 28 07:29:38.210837 localhost kernel: pci 0000:00:05.0: [1af4:1005] type 00 class 0x00ff00 conventional PCI endpoint
May 28 07:29:38.210953 localhost kernel: pci 0000:00:05.0: BAR 0 [io  0xc1a0-0xc1bf]
May 28 07:29:38.211064 localhost kernel: pci 0000:00:05.0: BAR 4 [mem 0xfe004000-0xfe007fff 64bit pref]
May 28 07:29:38.217903 localhost kernel: pci 0000:00:06.0: [1b36:000d] type 00 class 0x0c0330 conventional PCI endpoint
May 28 07:29:38.218044 localhost kernel: pci 0000:00:06.0: BAR 0 [mem 0xfebd4000-0xfebd7fff 64bit]
May 28 07:29:38.218173 localhost kernel: pci 0000:00:07.0: [1af4:1003] type 00 class 0x078000 conventional PCI endpoint
May 28 07:29:38.218292 localhost kernel: pci 0000:00:07.0: BAR 0 [io  0xc100-0xc13f]
May 28 07:29:38.218404 localhost kernel: pci 0000:00:07.0: BAR 1 [mem 0xfebda000-0xfebdafff]
May 28 07:29:38.218516 localhost kernel: pci 0000:00:07.0: BAR 4 [mem 0xfe008000-0xfe00bfff 64bit pref]
May 28 07:29:38.218643 localhost kernel: pci 0000:00:08.0: [1af4:1004] type 00 class 0x010000 conventional PCI endpoint
May 28 07:29:38.218755 localhost kernel: pci 0000:00:08.0: BAR 0 [io  0xc140-0xc17f]
May 28 07:29:38.218865 localhost kernel: pci 0000:00:08.0: BAR 1 [mem 0xfebdb000-0xfebdbfff]
May 28 07:29:38.218973 localhost kernel: pci 0000:00:08.0: BAR 4 [mem 0xfe00c000-0xfe00ffff 64bit pref]
May 28 07:29:38.219092 localhost kernel: pci 0000:00:09.0: [1af4:1001] type 00 class 0x010000 conventional PCI endpoint
May 28 07:29:38.219202 localhost kernel: pci 0000:00:09.0: BAR 0 [io  0xc000-0xc07f]
May 28 07:29:38.219311 localhost kernel: pci 0000:00:09.0: BAR 1 [mem 0xfebdc000-0xfebdcfff]
May 28 07:29:38.219420 localhost kernel: pci 0000:00:09.0: BAR 4 [mem 0xfe010000-0xfe013fff 64bit pref]
May 28 07:29:38.219546 localhost kernel: pci 0000:00:0a.0: [1af4:1001] type 00 class 0x010000 conventional PCI endpoint
May 28 07:29:38.219662 localhost kernel: pci 0000:00:0a.0: BAR 0 [io  0xc080-0xc0ff]
May 28 07:29:38.219772 localhost kernel: pci 0000:00:0a.0: BAR 1 [mem 0xfebdd000-0xfebddfff]
May 28 07:29:38.219881 localhost kernel: pci 0000:00:0a.0: BAR 4 [mem 0xfe014000-0xfe017fff 64bit pref]
May 28 07:29:38.219889 localhost kernel: ACPI: PCI: Interrupt link LNKA configured for IRQ 10
May 28 07:29:38.219894 localhost kernel: ACPI: PCI: Interrupt link LNKB configured for IRQ 10
May 28 07:29:38.219899 localhost kernel: ACPI: PCI: Interrupt link LNKC configured for IRQ 11
May 28 07:29:38.219905 localhost kernel: ACPI: PCI: Interrupt link LNKD configured for IRQ 11
May 28 07:29:38.219910 localhost kernel: ACPI: PCI: Interrupt link LNKS configured for IRQ 9
May 28 07:29:38.219915 localhost kernel: iommu: Default domain type: Passthrough
May 28 07:29:38.219920 localhost kernel: pps_core: LinuxPPS API ver. 1 registered
May 28 07:29:38.219929 localhost kernel: pps_core: Software ver. 5.3.6 - Copyright 2005-2007 Rodolfo Giometti <giometti@linux.it>
May 28 07:29:38.219934 localhost kernel: PTP clock support registered
May 28 07:29:38.219939 localhost kernel: EDAC MC: Ver: 3.0.0
May 28 07:29:38.219944 localhost kernel: NetLabel: Initializing
May 28 07:29:38.219949 localhost kernel: NetLabel:  domain hash size = 128
May 28 07:29:38.219954 localhost kernel: NetLabel:  protocols = UNLABELED CIPSOv4 CALIPSO
May 28 07:29:38.219960 localhost kernel: NetLabel:  unlabeled traffic allowed by default
May 28 07:29:38.219965 localhost kernel: mctp: management component transport protocol core
May 28 07:29:38.219970 localhost kernel: NET: Registered PF_MCTP protocol family
May 28 07:29:38.219975 localhost kernel: PCI: Using ACPI for IRQ routing
May 28 07:29:38.219980 localhost kernel: PCI: pci_cache_line_size set to 64 bytes
May 28 07:29:38.219985 localhost kernel: e820: reserve RAM buffer [mem 0x0009fc00-0x0009ffff]
May 28 07:29:38.219992 localhost kernel: e820: reserve RAM buffer [mem 0x3ffd9000-0x3fffffff]
May 28 07:29:38.220103 localhost kernel: pci 0000:00:02.0: vgaarb: setting as boot VGA device
May 28 07:29:38.220212 localhost kernel: pci 0000:00:02.0: vgaarb: bridge control possible
May 28 07:29:38.220319 localhost kernel: pci 0000:00:02.0: vgaarb: VGA device added: decodes=io+mem,owns=io+mem,locks=none
May 28 07:29:38.220327 localhost kernel: vgaarb: loaded
May 28 07:29:38.220333 localhost kernel: hpet0: at MMIO 0xfed00000, IRQs 2, 8, 0
May 28 07:29:38.220338 localhost kernel: hpet0: 3 comparators, 64-bit 100.000000 MHz counter
May 28 07:29:38.220343 localhost kernel: clocksource: Switched to clocksource kvm-clock
May 28 07:29:38.220348 localhost kernel: VFS: Disk quotas dquot_6.6.0
May 28 07:29:38.220354 localhost kernel: VFS: Dquot-cache hash table entries: 512 (order 0, 4096 bytes)
May 28 07:29:38.220359 localhost kernel: pnp: PnP ACPI init
May 28 07:29:38.220479 localhost kernel: pnp 00:02: [dma 2]
May 28 07:29:38.220491 localhost kernel: pnp: PnP ACPI: found 6 devices
May 28 07:29:38.220496 localhost kernel: clocksource: acpi_pm: mask: 0xffffff max_cycles: 0xffffff, max_idle_ns: 2085701024 ns
May 28 07:29:38.220501 localhost kernel: NET: Registered PF_INET protocol family
May 28 07:29:38.220507 localhost kernel: IP idents hash table entries: 16384 (order: 5, 131072 bytes, linear)
May 28 07:29:38.220512 localhost kernel: tcp_listen_portaddr_hash hash table entries: 512 (order: 1, 8192 bytes, linear)
May 28 07:29:38.220517 localhost kernel: Table-perturb hash table entries: 65536 (order: 6, 262144 bytes, linear)
May 28 07:29:38.220523 localhost kernel: TCP established hash table entries: 8192 (order: 4, 65536 bytes, linear)
May 28 07:29:38.220528 localhost kernel: TCP bind hash table entries: 8192 (order: 6, 262144 bytes, linear)
May 28 07:29:38.220533 localhost kernel: TCP: Hash tables configured (established 8192 bind 8192)
May 28 07:29:38.220538 localhost kernel: MPTCP token hash table entries: 1024 (order: 2, 24576 bytes, linear)
May 28 07:29:38.220543 localhost kernel: UDP hash table entries: 512 (order: 2, 16384 bytes, linear)
May 28 07:29:38.220550 localhost kernel: UDP-Lite hash table entries: 512 (order: 2, 16384 bytes, linear)
May 28 07:29:38.220555 localhost kernel: NET: Registered PF_UNIX/PF_LOCAL protocol family
May 28 07:29:38.220561 localhost kernel: NET: Registered PF_XDP protocol family
May 28 07:29:38.220663 localhost kernel: pci_bus 0000:00: resource 4 [io  0x0000-0x0cf7 window]
May 28 07:29:38.220763 localhost kernel: pci_bus 0000:00: resource 5 [io  0x0d00-0xffff window]
May 28 07:29:38.220863 localhost kernel: pci_bus 0000:00: resource 6 [mem 0x000a0000-0x000bffff window]
May 28 07:29:38.220962 localhost kernel: pci_bus 0000:00: resource 7 [mem 0x40000000-0xfebfffff window]
May 28 07:29:38.221061 localhost kernel: pci_bus 0000:00: resource 8 [mem 0x100000000-0x17fffffff window]
May 28 07:29:38.221171 localhost kernel: pci 0000:00:01.0: PIIX3: Enabling Passive Release
May 28 07:29:38.228020 localhost kernel: pci 0000:00:00.0: Limiting direct PCI/PCI transfers
May 28 07:29:38.228034 localhost kernel: ACPI: \_SB_.LNKB: Enabled at IRQ 10
May 28 07:29:38.228157 localhost kernel: pci 0000:00:06.0: quirk_usb_early_handoff+0x0/0x710 took 76825 usecs
May 28 07:29:38.228166 localhost kernel: PCI: CLS 0 bytes, default 64
May 28 07:29:38.228172 localhost kernel: clocksource: tsc: mask: 0xffffffffffffffff max_cycles: 0x1fb633008a4, max_idle_ns: 440795292230 ns
May 28 07:29:38.228178 localhost kernel: Trying to unpack rootfs image as initramfs...
May 28 07:29:38.228184 localhost kernel: Initialise system trusted keyrings
May 28 07:29:38.228199 localhost kernel: Key type blacklist registered
May 28 07:29:38.228206 localhost kernel: workingset: timestamp_bits=36 max_order=18 bucket_order=0
May 28 07:29:38.228211 localhost kernel: zbud: loaded
May 28 07:29:38.228216 localhost kernel: integrity: Platform Keyring initialized
May 28 07:29:38.228221 localhost kernel: integrity: Machine keyring initialized
May 28 07:29:38.228227 localhost kernel: Key type asymmetric registered
May 28 07:29:38.228232 localhost kernel: Asymmetric key parser 'x509' registered
May 28 07:29:38.228237 localhost kernel: Freeing initrd memory: 100008K
May 28 07:29:38.228242 localhost kernel: Block layer SCSI generic (bsg) driver version 0.4 loaded (major 247)
May 28 07:29:38.228247 localhost kernel: io scheduler mq-deadline registered
May 28 07:29:38.228253 localhost kernel: io scheduler kyber registered
May 28 07:29:38.228258 localhost kernel: io scheduler bfq registered
May 28 07:29:38.228263 localhost kernel: shpchp: Standard Hot Plug PCI Controller Driver version: 0.4
May 28 07:29:38.228270 localhost kernel: ACPI: \_SB_.LNKD: Enabled at IRQ 11
May 28 07:29:38.228276 localhost kernel: ACPI: \_SB_.LNKA: Enabled at IRQ 10
May 28 07:29:38.228281 localhost kernel: ACPI: \_SB_.LNKC: Enabled at IRQ 11
May 28 07:29:38.228286 localhost kernel: Serial: 8250/16550 driver, 32 ports, IRQ sharing enabled
May 28 07:29:38.228292 localhost kernel: 00:04: ttyS0 at I/O 0x3f8 (irq = 4, base_baud = 115200) is a 16550A
May 28 07:29:38.228297 localhost kernel: Non-volatile memory driver v1.3
May 28 07:29:38.228302 localhost kernel: Linux agpgart interface v0.103
May 28 07:29:38.228307 localhost kernel: ACPI: bus type drm_connector registered
May 28 07:29:38.228312 localhost kernel: i8042: PNP: PS/2 Controller [PNP0303:KBD,PNP0f13:MOU] at 0x60,0x64 irq 1,12
May 28 07:29:38.228318 localhost kernel: serio: i8042 KBD port at 0x60,0x64 irq 1
May 28 07:29:38.228325 localhost kernel: serio: i8042 AUX port at 0x60,0x64 irq 12
May 28 07:29:38.228330 localhost kernel: mousedev: PS/2 mouse device common for all mice
May 28 07:29:38.228335 localhost kernel: input: AT Translated Set 2 keyboard as /devices/platform/i8042/serio0/input/input0
May 28 07:29:38.228340 localhost kernel: input: VirtualPS/2 VMware VMMouse as /devices/platform/i8042/serio1/input/input3
May 28 07:29:38.228465 localhost kernel: rtc_cmos 00:05: RTC can wake from S4
May 28 07:29:38.228477 localhost kernel: input: VirtualPS/2 VMware VMMouse as /devices/platform/i8042/serio1/input/input2
May 28 07:29:38.228585 localhost kernel: rtc_cmos 00:05: registered as rtc0
May 28 07:29:38.228690 localhost kernel: rtc_cmos 00:05: setting system clock to 2024-05-28T07:29:37 UTC (1716881377)
May 28 07:29:38.228794 localhost kernel: rtc_cmos 00:05: alarms up to one day, y3k, 242 bytes nvram, hpet irqs
May 28 07:29:38.228802 localhost kernel: amd_pstate: the _CPC object is not present in SBIOS or ACPI disabled
May 28 07:29:38.228808 localhost kernel: ledtrig-cpu: registered to indicate activity on CPUs
May 28 07:29:38.228813 localhost kernel: [drm] Initialized simpledrm 1.0.0 20200625 for simple-framebuffer.0 on minor 0
May 28 07:29:38.228819 localhost kernel: Console: switching to colour frame buffer device 100x37
May 28 07:29:38.228962 localhost kernel: simple-framebuffer simple-framebuffer.0: [drm] fb0: simpledrmdrmfb frame buffer device
May 28 07:29:38.228979 localhost kernel: hid: raw HID events driver (C) Jiri Kosina
May 28 07:29:38.228987 localhost kernel: drop_monitor: Initializing network drop monitor service
May 28 07:29:38.228994 localhost kernel: NET: Registered PF_INET6 protocol family
May 28 07:29:38.229002 localhost kernel: Segment Routing with IPv6
May 28 07:29:38.229009 localhost kernel: RPL Segment Routing with IPv6
May 28 07:29:38.229016 localhost kernel: In-situ OAM (IOAM) with IPv6
May 28 07:29:38.229024 localhost kernel: IPI shorthand broadcast: enabled
May 28 07:29:38.229031 localhost kernel: sched_clock: Marking stable (983339144, -929713)->(1050400280, -67990849)
May 28 07:29:38.229039 localhost kernel: registered taskstats version 1
May 28 07:29:38.229046 localhost kernel: Loading compiled-in X.509 certificates
May 28 07:29:38.229053 localhost kernel: Loaded X.509 cert 'openSUSE Secure Boot Signkey: fd9f2c12e599d67cc7f9067541adf426b712469e'
May 28 07:29:38.229061 localhost kernel: page_owner is disabled
May 28 07:29:38.229071 localhost kernel: Key type .fscrypt registered
May 28 07:29:38.229078 localhost kernel: Key type fscrypt-provisioning registered
May 28 07:29:38.229085 localhost kernel: Key type encrypted registered
May 28 07:29:38.229093 localhost kernel: ima: No TPM chip found, activating TPM-bypass!
May 28 07:29:38.229100 localhost kernel: Loading compiled-in module X.509 certificates
May 28 07:29:38.229108 localhost kernel: Loaded X.509 cert 'openSUSE Secure Boot Signkey: fd9f2c12e599d67cc7f9067541adf426b712469e'
May 28 07:29:38.229115 localhost kernel: ima: Allocated hash algorithm: sha256
May 28 07:29:38.229123 localhost kernel: ima: No architecture policies found
May 28 07:29:38.229130 localhost kernel: evm: Initialising EVM extended attributes:
May 28 07:29:38.229137 localhost kernel: evm: security.selinux
May 28 07:29:38.229145 localhost kernel: evm: security.SMACK64 (disabled)
May 28 07:29:38.229152 localhost kernel: evm: security.SMACK64EXEC (disabled)
May 28 07:29:38.229162 localhost kernel: evm: security.SMACK64TRANSMUTE (disabled)
May 28 07:29:38.229170 localhost kernel: evm: security.SMACK64MMAP (disabled)
May 28 07:29:38.229177 localhost kernel: evm: security.apparmor
May 28 07:29:38.229185 localhost kernel: evm: security.ima
May 28 07:29:38.229194 localhost kernel: evm: security.capability
May 28 07:29:38.229202 localhost kernel: evm: HMAC attrs: 0x1
May 28 07:29:38.229210 localhost kernel: PM:   Magic number: 8:764:471
May 28 07:29:38.229218 localhost kernel: RAS: Correctable Errors collector initialized.
May 28 07:29:38.229226 localhost kernel: clk: Disabling unused clocks
May 28 07:29:38.229234 localhost kernel: PM: genpd: Disabling unused power domains
May 28 07:29:38.229242 localhost kernel: Freeing unused decrypted memory: 2028K
May 28 07:29:38.229250 localhost kernel: Freeing unused kernel image (initmem) memory: 4224K
May 28 07:29:38.229258 localhost kernel: Write protecting the kernel read-only data: 30720k
May 28 07:29:38.229268 localhost kernel: Freeing unused kernel image (rodata/data gap) memory: 1316K
May 28 07:29:38.229276 localhost kernel: Run /init as init process
May 28 07:29:38.229284 localhost kernel:   with arguments:
May 28 07:29:38.229292 localhost kernel:     /init
May 28 07:29:38.229300 localhost kernel:   with environment:
May 28 07:29:38.229307 localhost kernel:     HOME=/
May 28 07:29:38.229316 localhost kernel:     TERM=linux
May 28 07:29:38.229324 localhost kernel:     BOOT_IMAGE=/boot/vmlinuz-6.9.1-1-default
May 28 07:29:38.229335 localhost systemd[1]: systemd 255.6+suse.30.g3ea0e1dff3 running in system mode (+PAM +AUDIT +SELINUX +APPARMOR +IMA -SMACK +SECCOMP +GCRYPT +GNUTLS +OPENSSL +ACL +BLKID +CURL +ELFUTILS +FIDO2 +IDN2 -IDN +IPTC +KMOD +LIBCRYPTSETUP +LIBFDISK +PCRE2 +PWQUALITY +P11KIT +QRENCODE +TPM2 +BZIP2 +LZ4 +XZ +ZLIB +ZSTD +BPF_FRAMEWORK -XKBCOMMON -UTMP +SYSVINIT default-hierarchy=unified)
May 28 07:29:38.229346 localhost systemd[1]: Detected virtualization kvm.
May 28 07:29:38.229357 localhost systemd[1]: Detected architecture x86-64.
May 28 07:29:38.229366 localhost systemd[1]: Running in initrd.
May 28 07:29:38.229375 localhost systemd[1]: No hostname configured, using default hostname.
May 28 07:29:38.229384 localhost systemd[1]: Hostname set to <localhost>.
May 28 07:29:38.229395 localhost systemd[1]: Initializing machine ID from random generator.
May 28 07:29:38.229405 localhost systemd[1]: bpf-lsm: LSM BPF program attached
May 28 07:29:38.229411 localhost systemd[1]: Queued start job for default target Initrd Default Target.
May 28 07:29:38.229416 localhost systemd[1]: Started Dispatch Password Requests to Console Directory Watch.
May 28 07:29:38.229422 localhost systemd[1]: Expecting device /dev/disk/by-uuid/867e78f3-c199-421a-aaea-06b442c929ea...
May 28 07:29:38.229428 localhost systemd[1]: Reached target Local Encrypted Volumes.
May 28 07:29:38.229433 localhost systemd[1]: Reached target Initrd /usr File System.
May 28 07:29:38.229441 localhost systemd[1]: Reached target Path Units.
May 28 07:29:38.229447 localhost systemd[1]: Reached target Slice Units.
May 28 07:29:38.229453 localhost systemd[1]: Reached target Swaps.
May 28 07:29:38.229459 localhost systemd[1]: Reached target Timer Units.
May 28 07:29:38.229464 localhost systemd[1]: Listening on D-Bus System Message Bus Socket.
May 28 07:29:38.229470 localhost systemd[1]: Listening on Journal Socket (/dev/log).
May 28 07:29:38.229475 localhost systemd[1]: Listening on Journal Socket.
May 28 07:29:38.229481 localhost systemd[1]: Listening on udev Control Socket.
May 28 07:29:38.229486 localhost systemd[1]: Listening on udev Kernel Socket.
May 28 07:29:38.229492 localhost systemd[1]: Reached target Socket Units.
May 28 07:29:38.229498 localhost systemd[1]: Starting Create List of Static Device Nodes...
May 28 07:29:38.229505 localhost systemd[1]: Starting Journal Service...
May 28 07:29:38.229511 localhost systemd[1]: Load Kernel Modules was skipped because no trigger condition checks were met.
May 28 07:29:38.229516 localhost systemd[1]: Starting Apply Kernel Variables...
May 28 07:29:38.229522 localhost systemd[1]: Starting Virtual Console Setup...
May 28 07:29:38.229527 localhost systemd[1]: Finished Create List of Static Device Nodes.
May 28 07:29:38.229533 localhost systemd[1]: Starting Create Static Device Nodes in /dev gracefully...
May 28 07:29:38.229539 localhost systemd[1]: Finished Apply Kernel Variables.
May 28 07:29:38.229565 localhost systemd-journald[185]: Collecting audit messages is disabled.
May 28 07:29:38.229583 localhost systemd[1]: Finished Create Static Device Nodes in /dev gracefully.
May 28 07:29:38.229589 localhost systemd[1]: Starting Create Static Device Nodes in /dev...
May 28 07:29:38.229595 localhost systemd[1]: Finished Create Static Device Nodes in /dev.
May 28 07:29:38.229600 localhost systemd[1]: Reached target Preparation for Local File Systems.
May 28 07:29:38.229606 localhost systemd[1]: Reached target Local File Systems.
May 28 07:29:38.229612 localhost systemd-journald[185]: Journal started
May 28 07:29:38.229627 localhost systemd-journald[185]: Runtime Journal (/run/log/journal/9de9a3f1eb1a4ff9adf533ca4defac96) is 2.4M, max 19.3M, 16.9M free.
May 28 07:29:38.231290 localhost systemd[1]: Started Journal Service.
May 28 07:29:38.247973 localhost systemd[1]: Starting Create Volatile Files and Directories...
May 28 07:29:38.264765 localhost systemd[1]: Finished Create Volatile Files and Directories.
May 28 07:29:38.268260 localhost systemd[1]: Finished Virtual Console Setup.
May 28 07:29:38.277969 localhost systemd[1]: Starting dracut ask for additional cmdline parameters...
May 28 07:29:38.301474 localhost systemd[1]: Finished dracut ask for additional cmdline parameters.
May 28 07:29:38.311374 localhost systemd[1]: Starting dracut cmdline hook...
May 28 07:29:38.321471 localhost dracut-cmdline[221]: dracut-059+suse.588.g528264be-1.1
May 28 07:29:38.324299 localhost dracut-cmdline[221]: Using kernel command line parameters:  rd.driver.pre=btrfs rd.driver.pre=overlay   BOOT_IMAGE=/boot/vmlinuz-6.9.1-1-default root=UUID=867e78f3-c199-421a-aaea-06b442c929ea rd.timeout=60 rd.retry=45 quiet systemd.show_status=yes console=ttyS0,115200 console=tty0 ignition.platform.id=qemu security=selinux selinux=1
May 28 07:29:38.415983 localhost systemd[1]: Finished dracut cmdline hook.
May 28 07:29:38.428006 localhost systemd[1]: Starting dracut pre-udev hook...
May 28 07:29:38.447880 localhost kernel: device-mapper: uevent: version 1.0.3
May 28 07:29:38.447906 localhost kernel: device-mapper: ioctl: 4.48.0-ioctl (2023-03-01) initialised: dm-devel@lists.linux.dev
May 28 07:29:38.687939 localhost kernel: raid6: avx2x4   gen() 36361 MB/s
May 28 07:29:38.687976 localhost kernel: raid6: avx2x2   gen() 31343 MB/s
May 28 07:29:38.687985 localhost kernel: raid6: avx2x1   gen() 24023 MB/s
May 28 07:29:38.687993 localhost kernel: raid6: using algorithm avx2x4 gen() 36361 MB/s
May 28 07:29:38.688000 localhost kernel: raid6: .... xor() 5293 MB/s, rmw enabled
May 28 07:29:38.688007 localhost kernel: raid6: using avx2x2 recovery algorithm
May 28 07:29:38.691241 localhost kernel: xor: automatically using best checksumming function   avx       
May 28 07:29:38.801215 localhost kernel: Btrfs loaded, assert=on, zoned=yes, fsverity=yes
May 28 07:29:38.818724 localhost systemd[1]: Finished dracut pre-udev hook.
May 28 07:29:38.831323 localhost systemd[1]: Starting Rule-based Manager for Device Events and Files...
May 28 07:29:38.843731 localhost systemd-udevd[384]: Using default interface naming scheme 'v255'.
May 28 07:29:38.847500 localhost systemd[1]: Started Rule-based Manager for Device Events and Files.
May 28 07:29:38.857973 localhost systemd[1]: Starting dracut pre-trigger hook...
May 28 07:29:38.868461 localhost dracut-pre-trigger[385]: rd.md=0: removing MD RAID activation
May 28 07:29:38.894652 localhost systemd[1]: Finished dracut pre-trigger hook.
May 28 07:29:38.908008 localhost systemd[1]: Starting Coldplug All udev Devices...
May 28 07:29:38.992135 localhost systemd[1]: Finished Coldplug All udev Devices.
May 28 07:29:38.993925 localhost systemd[1]: Reached target System Initialization.
May 28 07:29:38.998945 localhost systemd[1]: Reached target Basic System.
May 28 07:29:39.071219 localhost kernel: input: Power Button as /devices/LNXSYSTM:00/LNXPWRBN:00/input/input4
May 28 07:29:39.117878 localhost kernel: virtio_blk virtio4: 1/0/0 default/read/poll queues
May 28 07:29:39.122236 localhost kernel: ACPI: button: Power Button [PWRF]
May 28 07:29:39.149709 localhost kernel: virtio_blk virtio4: [vda] 62914560 512-byte logical blocks (32.2 GB/30.0 GiB)
May 28 07:29:39.149863 localhost kernel: FDC 0 is a S82078B
May 28 07:29:39.149873 localhost kernel: SCSI subsystem initialized
May 28 07:29:39.191982 localhost kernel: cryptd: max_cpu_qlen set to 1000
May 28 07:29:39.197889 localhost kernel: ACPI: bus type USB registered
May 28 07:29:39.197909 localhost kernel: usbcore: registered new interface driver usbfs
May 28 07:29:39.197918 localhost kernel: usbcore: registered new interface driver hub
May 28 07:29:39.197925 localhost kernel: usbcore: registered new device driver usb
May 28 07:29:39.201311 localhost kernel: AVX2 version of gcm_enc/dec engaged.
May 28 07:29:39.201329 localhost kernel: AES CTR mode by8 optimization enabled
May 28 07:29:39.204552 localhost kernel: Console: switching to colour dummy device 80x25
May 28 07:29:39.217883 localhost kernel: bochs-drm 0000:00:02.0: vgaarb: deactivate vga console
May 28 07:29:39.218050 localhost kernel: [drm] Found bochs VGA, ID 0xb0c5.
May 28 07:29:39.218059 localhost kernel: [drm] Framebuffer size 16384 kB @ 0xfd000000, mmio @ 0xfebd8000.
May 28 07:29:39.230211 localhost kernel: [drm] Found EDID data blob.
May 28 07:29:39.230230 localhost kernel: virtio_scsi virtio3: 1/0/0 default/read/poll queues
May 28 07:29:39.230380 localhost kernel: scsi host0: Virtio SCSI HBA
May 28 07:29:39.244547 localhost kernel: [drm] Initialized bochs-drm 1.0.0 20130925 for 0000:00:02.0 on minor 0
May 28 07:29:39.289718 localhost kernel: fbcon: bochs-drmdrmfb (fb0) is primary device
May 28 07:29:39.304772 localhost systemd[1]: systemd-vconsole-setup.service: Deactivated successfully.
May 28 07:29:39.304922 localhost systemd[1]: Stopped Virtual Console Setup.
May 28 07:29:39.324653 localhost kernel: libata version 3.00 loaded.
May 28 07:29:39.354840 localhost kernel: GPT:Primary header thinks Alt. header is not at the end of the disk.
May 28 07:29:39.354879 localhost kernel: GPT:41943039 != 62914559
May 28 07:29:39.354904 localhost kernel: GPT:Alternate GPT header not at the end of the disk.
May 28 07:29:39.354918 localhost kernel: GPT:41943039 != 62914559
May 28 07:29:39.354929 localhost kernel: GPT: Use GNU Parted to correct GPT errors.
May 28 07:29:39.354940 localhost kernel:  vda: vda1 vda2 vda3
May 28 07:29:39.354952 localhost kernel: virtio_blk virtio5: 1/0/0 default/read/poll queues
May 28 07:29:39.355196 localhost kernel: virtio_blk virtio5: [vdb] 20480 512-byte logical blocks (10.5 MB/10.0 MiB)
May 28 07:29:39.364595 localhost kernel: Console: switching to colour frame buffer device 128x48
May 28 07:29:39.371926 localhost systemd[1]: Stopping Virtual Console Setup...
May 28 07:29:39.485860 localhost kernel: bochs-drm 0000:00:02.0: [drm] fb0: bochs-drmdrmfb frame buffer device
May 28 07:29:39.494565 localhost kernel: xhci_hcd 0000:00:06.0: xHCI Host Controller
May 28 07:29:39.494741 localhost kernel: xhci_hcd 0000:00:06.0: new USB bus registered, assigned bus number 1
May 28 07:29:39.494877 localhost kernel: xhci_hcd 0000:00:06.0: hcc params 0x00087001 hci version 0x100 quirks 0x0000000000000010
May 28 07:29:39.495004 localhost kernel: xhci_hcd 0000:00:06.0: xHCI Host Controller
May 28 07:29:39.495129 localhost kernel: xhci_hcd 0000:00:06.0: new USB bus registered, assigned bus number 2
May 28 07:29:39.495253 localhost kernel: xhci_hcd 0000:00:06.0: Host supports USB 3.0 SuperSpeed
May 28 07:29:39.495377 localhost kernel: usb usb1: New USB device found, idVendor=1d6b, idProduct=0002, bcdDevice= 6.09
May 28 07:29:39.495521 localhost kernel: usb usb1: New USB device strings: Mfr=3, Product=2, SerialNumber=1
May 28 07:29:39.495637 localhost kernel: usb usb1: Product: xHCI Host Controller
May 28 07:29:39.495748 localhost kernel: usb usb1: Manufacturer: Linux 6.9.1-1-default xhci-hcd
May 28 07:29:39.495862 localhost kernel: usb usb1: SerialNumber: 0000:00:06.0
May 28 07:29:39.506231 localhost kernel: hub 1-0:1.0: USB hub found
May 28 07:29:39.506424 localhost kernel: hub 1-0:1.0: 4 ports detected
May 28 07:29:39.506561 localhost kernel: usb usb2: We don't know the algorithms for LPM for this host, disabling LPM.
May 28 07:29:39.506716 localhost kernel: usb usb2: New USB device found, idVendor=1d6b, idProduct=0003, bcdDevice= 6.09
May 28 07:29:39.506835 localhost kernel: usb usb2: New USB device strings: Mfr=3, Product=2, SerialNumber=1
May 28 07:29:39.506947 localhost kernel: usb usb2: Product: xHCI Host Controller
May 28 07:29:39.507058 localhost kernel: usb usb2: Manufacturer: Linux 6.9.1-1-default xhci-hcd
May 28 07:29:39.507168 localhost kernel: usb usb2: SerialNumber: 0000:00:06.0
May 28 07:29:39.507283 localhost kernel: hub 2-0:1.0: USB hub found
May 28 07:29:39.507425 localhost kernel: hub 2-0:1.0: 4 ports detected
May 28 07:29:39.498445 localhost systemd[1]: Starting Virtual Console Setup...
May 28 07:29:39.511760 localhost systemd[1]: systemd-vconsole-setup.service: Deactivated successfully.
May 28 07:29:39.511948 localhost systemd[1]: Stopped Virtual Console Setup.
May 28 07:29:39.529990 localhost systemd[1]: Starting Virtual Console Setup...
May 28 07:29:39.533486 localhost systemd[1]: systemd-vconsole-setup.service: Deactivated successfully.
May 28 07:29:39.533629 localhost systemd[1]: Stopped Virtual Console Setup.
May 28 07:29:39.537802 localhost systemd[1]: Starting Virtual Console Setup...
May 28 07:29:39.568448 localhost kernel: virtio_net virtio0 ens4: renamed from eth0
May 28 07:29:39.594807 localhost kernel: ata_piix 0000:00:01.1: version 2.13
May 28 07:29:39.745836 localhost kernel: scsi host1: ata_piix
May 28 07:29:39.766389 localhost kernel: scsi host2: ata_piix
May 28 07:29:39.766558 localhost kernel: ata1: PATA max MWDMA2 cmd 0x1f0 ctl 0x3f6 bmdma 0xc1c0 irq 14 lpm-pol 0
May 28 07:29:39.766570 localhost kernel: ata2: PATA max MWDMA2 cmd 0x170 ctl 0x376 bmdma 0xc1c8 irq 15 lpm-pol 0
May 28 07:29:39.765601 localhost systemd[1]: Finished Virtual Console Setup.
May 28 07:29:39.792437 localhost systemd[1]: Found device /dev/disk/by-uuid/867e78f3-c199-421a-aaea-06b442c929ea.
May 28 07:29:39.793675 localhost systemd[1]: Reached target Initrd Root Device.
May 28 07:29:39.808011 localhost systemd[1]: Starting Detect Firstboot...
May 28 07:29:39.837900 localhost kernel: BTRFS: device label ROOT devid 1 transid 12 /dev/vda3 (253:3) scanned by mount (511)
May 28 07:29:39.837924 localhost kernel: BTRFS info (device vda3): first mount of filesystem 867e78f3-c199-421a-aaea-06b442c929ea
May 28 07:29:39.837933 localhost kernel: BTRFS info (device vda3): using crc32c (crc32c-intel) checksum algorithm
May 28 07:29:39.837942 localhost kernel: BTRFS info (device vda3): using free-space-tree
May 28 07:29:39.851216 localhost kernel: usb 1-1: new high-speed USB device number 2 using xhci_hcd
May 28 07:29:39.863140 localhost firstboot-detect[506]: Firstboot detected
May 28 07:29:39.869248 localhost systemd[1]: Reloading requested from client PID 532 ('systemctl') (unit firstboot-detect.service)...
May 28 07:29:39.869296 localhost systemd[1]: Reloading...
May 28 07:29:39.924660 localhost kernel: ata2: found unknown device (class 0)
May 28 07:29:39.924682 localhost kernel: ata2.00: ATAPI: QEMU DVD-ROM, 2.5+, max UDMA/100
May 28 07:29:39.924697 localhost kernel: scsi 2:0:0:0: CD-ROM            QEMU     QEMU DVD-ROM     2.5+ PQ: 0 ANSI: 5
May 28 07:29:39.948158 localhost kernel: scsi 2:0:0:0: Attached scsi generic sg0 type 5
May 28 07:29:39.964548 localhost kernel: sr 2:0:0:0: [sr0] scsi3-mmc drive: 4x/4x cd/rw xa/form2 tray
May 28 07:29:39.964718 localhost kernel: cdrom: Uniform CD-ROM driver Revision: 3.20
May 28 07:29:39.984593 localhost kernel: sr 2:0:0:0: Attached scsi CD-ROM sr0
May 28 07:29:39.991316 localhost kernel: usb 1-1: New USB device found, idVendor=0627, idProduct=0001, bcdDevice= 0.00
May 28 07:29:39.991521 localhost kernel: usb 1-1: New USB device strings: Mfr=1, Product=3, SerialNumber=10
May 28 07:29:39.991688 localhost kernel: usb 1-1: Product: QEMU USB Tablet
May 28 07:29:39.991855 localhost kernel: usb 1-1: Manufacturer: QEMU
May 28 07:29:39.992015 localhost kernel: usb 1-1: SerialNumber: 28754-0000:00:06.0-1
May 28 07:29:39.997882 localhost kernel: usbcore: registered new interface driver usbhid
May 28 07:29:39.997902 localhost kernel: usbhid: USB HID core driver
May 28 07:29:40.004583 localhost kernel: input: QEMU QEMU USB Tablet as /devices/pci0000:00/0000:00:06.0/usb1/1-1/1-1:1.0/0003:0627:0001.0001/input/input5
May 28 07:29:40.004603 localhost kernel: hid-generic 0003:0627:0001.0001: input,hidraw0: USB HID v0.01 Mouse [QEMU QEMU USB Tablet] on usb-0000:00:06.0-1/input0
May 28 07:29:40.076278 localhost systemd[1]: Reloading finished in 206 ms.
May 28 07:29:40.100721 localhost systemd[1]: Starting Ignition User Config Setup...
May 28 07:29:40.115785 localhost kernel: BTRFS info (device vda3): last unmount of filesystem 867e78f3-c199-421a-aaea-06b442c929ea
May 28 07:29:40.125209 localhost systemd[1]: firstboot-detect.service: Deactivated successfully.
May 28 07:29:40.125424 localhost systemd[1]: Finished Detect Firstboot.
May 28 07:29:40.173587 localhost ignition-setup-user[602]: Copying /mnt/boot_partition/ignition/config.ign to /usr/lib/ignition/user.ign
May 28 07:29:40.174552 localhost kernel: EXT4-fs (vdb): mounted filesystem ee8647d4-8463-436f-bec3-9a34d06f5408 r/w with ordered data mode. Quota mode: none.
May 28 07:29:40.174572 localhost kernel: ext4 filesystem being mounted at /mnt/boot_partition supports timestamps until 2038-01-19 (0x7fffffff)
May 28 07:29:40.181077 localhost systemd[1]: Finished Ignition User Config Setup.
May 28 07:29:40.181853 localhost kernel: EXT4-fs (vdb): unmounting filesystem ee8647d4-8463-436f-bec3-9a34d06f5408.
May 28 07:29:40.191503 localhost systemd[1]: Starting Combustion (preparations)...
May 28 07:29:40.194659 localhost systemd[1]: Starting Ignition (fetch-offline)...
May 28 07:29:40.211736 localhost (ignition)[616]: ignition-fetch-offline.service: Referenced but unset environment variable evaluates to an empty string: IGNITION_ARGS
May 28 07:29:40.221218 localhost kernel: EXT4-fs (vdb): mounted filesystem ee8647d4-8463-436f-bec3-9a34d06f5408 ro with ordered data mode. Quota mode: none.
May 28 07:29:40.229251 localhost systemd[1]: run-combustion-mount.mount: Deactivated successfully.
May 28 07:29:40.231214 localhost kernel: EXT4-fs (vdb): unmounting filesystem ee8647d4-8463-436f-bec3-9a34d06f5408.
May 28 07:29:40.241735 localhost ignition[616]: Ignition 2.18.0
May 28 07:29:40.241796 localhost ignition[616]: Stage: fetch-offline
May 28 07:29:40.241847 localhost ignition[616]: no config dir at "/usr/lib/ignition/base.d"
May 28 07:29:40.241881 localhost ignition[616]: no config dir at "/usr/lib/ignition/base.platform.d/qemu"
May 28 07:29:40.242018 localhost ignition[616]: parsed url from cmdline: ""
May 28 07:29:40.242759 localhost ignition[616]: no config URL provided
May 28 07:29:40.242802 localhost ignition[616]: reading system config file "/usr/lib/ignition/user.ign"
May 28 07:29:40.242860 localhost ignition[616]: parsing config with SHA512: 37b4232fd3d9780fa75efd39f528d050a0a097ea8b9f01017d7b77cadfdc72258f82c9065f25735f6fbb1eae2cb5b2d3e23094786bfbb8f3925fbd962216d5bf
May 28 07:29:40.249088 localhost ignition[616]: fetched base config from "system"
May 28 07:29:40.251259 localhost ignition[616]: fetched user config from "system"
May 28 07:29:40.251445 localhost ignition[616]: fetch-offline: fetch-offline passed
May 28 07:29:40.251556 localhost ignition[616]: Ignition finished successfully
May 28 07:29:40.254471 localhost systemd[1]: Finished Ignition (fetch-offline).
May 28 07:29:40.275714 localhost systemd[1]: combustion-prepare.service: Deactivated successfully.
May 28 07:29:40.275909 localhost systemd[1]: Finished Combustion (preparations).
May 28 07:29:40.277416 localhost systemd[1]: Start network if needed was skipped because no trigger condition checks were met.
May 28 07:29:40.288027 localhost systemd[1]: Starting nm-initrd.service...
May 28 07:29:40.299170 localhost NetworkManager[661]: <info>  [1716881380.2991] NetworkManager (version 1.44.4) is starting... (boot:54683cc3-9bab-4926-8ef9-39303297efb3)
May 28 07:29:40.299412 localhost NetworkManager[661]: <info>  [1716881380.2993] Read config: /etc/NetworkManager/NetworkManager.conf (lib: initrd-no-auto-default.conf) (run: 15-carrier-timeout.conf)
May 28 07:29:40.300425 localhost systemd[1]: Starting D-Bus System Message Bus...
May 28 07:29:40.308665 localhost systemd[1]: Started D-Bus System Message Bus.
May 28 07:29:40.314631 localhost NetworkManager[661]: <info>  [1716881380.3146] manager[0x5596cc56f180]: monitoring kernel firmware directory '/lib/firmware'.
May 28 07:29:40.315478 localhost NetworkManager[661]: <info>  [1716881380.3154] hostname: hostname: couldn't get property from hostnamed
May 28 07:29:40.316165 localhost NetworkManager[661]: <info>  [1716881380.3161] dns-mgr: init: dns=default,systemd-resolved rc-manager=symlink (auto)
May 28 07:29:40.316527 localhost NetworkManager[661]: <info>  [1716881380.3165] policy: set-hostname: set hostname to 'localhost.localdomain' (no hostname found)
May 28 07:29:40.321415 localhost.localdomain NetworkManager[661]: <info>  [1716881380.3213] manager[0x5596cc56f180]: rfkill: Wi-Fi hardware radio set enabled
May 28 07:29:40.321475 localhost.localdomain NetworkManager[661]: <info>  [1716881380.3214] manager[0x5596cc56f180]: rfkill: WWAN hardware radio set enabled
May 28 07:29:40.322214 localhost.localdomain NetworkManager[661]: <info>  [1716881380.3221] manager: rfkill: Wi-Fi enabled by radio killswitch; enabled by state file
May 28 07:29:40.322450 localhost.localdomain NetworkManager[661]: <info>  [1716881380.3224] manager: rfkill: WWAN enabled by radio killswitch; enabled by state file
May 28 07:29:40.322584 localhost.localdomain NetworkManager[661]: <info>  [1716881380.3225] manager: Networking is enabled by state file
May 28 07:29:40.322864 localhost.localdomain NetworkManager[661]: <info>  [1716881380.3228] settings: Loaded settings plugin: keyfile (internal)
May 28 07:29:40.324128 localhost.localdomain NetworkManager[661]: <info>  [1716881380.3241] dhcp: init: Using DHCP client 'internal'
May 28 07:29:40.324403 localhost.localdomain NetworkManager[661]: <info>  [1716881380.3243] manager: (lo): new Loopback device (/org/freedesktop/NetworkManager/Devices/1)
May 28 07:29:40.325272 localhost.localdomain NetworkManager[661]: <info>  [1716881380.3252] device (lo): state change: unmanaged -> unavailable (reason 'connection-assumed', sys-iface-state: 'external')
May 28 07:29:40.326158 localhost.localdomain NetworkManager[661]: <info>  [1716881380.3261] device (lo): state change: unavailable -> disconnected (reason 'connection-assumed', sys-iface-state: 'external')
May 28 07:29:40.326622 localhost.localdomain NetworkManager[661]: <info>  [1716881380.3266] device (lo): Activation: starting connection 'lo' (44c81e8d-d705-4a02-98b0-29737a065566)
May 28 07:29:40.327614 localhost.localdomain NetworkManager[661]: <info>  [1716881380.3275] manager: (ens4): new Ethernet device (/org/freedesktop/NetworkManager/Devices/2)
May 28 07:29:40.328262 localhost.localdomain NetworkManager[661]: <info>  [1716881380.3282] device (ens4): state change: unmanaged -> unavailable (reason 'managed', sys-iface-state: 'external')
May 28 07:29:40.329982 localhost.localdomain systemd[1]: Started nm-initrd.service.
May 28 07:29:40.330647 localhost.localdomain systemd[1]: Reached target Network.
May 28 07:29:40.330721 localhost.localdomain NetworkManager[661]: <info>  [1716881380.3307] bus-manager: acquired D-Bus service "org.freedesktop.NetworkManager"
May 28 07:29:40.331411 localhost.localdomain systemd[1]: Ignition (fetch) was skipped because of an unmet condition check (ConditionPathExists=!/run/ignition.json).
May 28 07:29:40.332335 localhost.localdomain NetworkManager[661]: <info>  [1716881380.3323] device (lo): state change: disconnected -> prepare (reason 'none', sys-iface-state: 'external')
May 28 07:29:40.332499 localhost.localdomain NetworkManager[661]: <info>  [1716881380.3324] device (lo): state change: prepare -> config (reason 'none', sys-iface-state: 'external')
May 28 07:29:40.332811 localhost.localdomain NetworkManager[661]: <info>  [1716881380.3327] device (lo): state change: config -> ip-config (reason 'none', sys-iface-state: 'external')
May 28 07:29:40.334670 localhost.localdomain NetworkManager[661]: <info>  [1716881380.3346] device (ens4): carrier: link connected
May 28 07:29:40.334842 localhost.localdomain NetworkManager[661]: <info>  [1716881380.3348] device (lo): state change: ip-config -> ip-check (reason 'none', sys-iface-state: 'external')
May 28 07:29:40.335079 localhost.localdomain NetworkManager[661]: <info>  [1716881380.3350] device (ens4): state change: unavailable -> disconnected (reason 'carrier-changed', sys-iface-state: 'managed')
May 28 07:29:40.335630 localhost.localdomain NetworkManager[661]: <info>  [1716881380.3356] policy: auto-activating connection 'Wired Connection' (99c3f5b9-dc1a-403d-85b1-7ea120dfc0d7)
May 28 07:29:40.335974 localhost.localdomain NetworkManager[661]: <info>  [1716881380.3359] device (ens4): Activation: starting connection 'Wired Connection' (99c3f5b9-dc1a-403d-85b1-7ea120dfc0d7)
May 28 07:29:40.336403 localhost.localdomain NetworkManager[661]: <info>  [1716881380.3363] device (ens4): state change: disconnected -> prepare (reason 'none', sys-iface-state: 'managed')
May 28 07:29:40.336921 localhost.localdomain NetworkManager[661]: <info>  [1716881380.3369] manager: NetworkManager state is now CONNECTING
May 28 07:29:40.337045 localhost.localdomain NetworkManager[661]: <info>  [1716881380.3370] device (ens4): state change: prepare -> config (reason 'none', sys-iface-state: 'managed')
May 28 07:29:40.337540 localhost.localdomain NetworkManager[661]: <info>  [1716881380.3375] device (lo): state change: ip-check -> secondaries (reason 'none', sys-iface-state: 'external')
May 28 07:29:40.338160 localhost.localdomain NetworkManager[661]: <info>  [1716881380.3381] device (ens4): state change: config -> ip-config (reason 'none', sys-iface-state: 'managed')
May 28 07:29:40.339948 localhost.localdomain NetworkManager[661]: <info>  [1716881380.3399] dhcp4 (ens4): activation: beginning transaction (timeout in 90 seconds)
May 28 07:29:40.340200 localhost.localdomain NetworkManager[661]: <info>  [1716881380.3401] device (lo): state change: secondaries -> activated (reason 'none', sys-iface-state: 'external')
May 28 07:29:40.340463 localhost.localdomain NetworkManager[661]: <info>  [1716881380.3404] device (lo): Activation: successful, device activated.
May 28 07:29:40.344702 localhost.localdomain systemd[1]: Starting Ignition (kargs)...
May 28 07:29:40.346788 localhost.localdomain (ignition)[668]: ignition-kargs.service: Referenced but unset environment variable evaluates to an empty string: IGNITION_ARGS
May 28 07:29:40.440315 localhost.localdomain kernel: NET: Registered PF_PACKET protocol family
May 28 07:29:40.431343 localhost.localdomain systemd[1]: Starting nm-wait-online-initrd.service...
May 28 07:29:40.441560 localhost.localdomain NetworkManager[661]: <info>  [1716881380.4415] dhcp4 (ens4): state changed new lease, address=10.0.2.15
May 28 07:29:40.441724 localhost.localdomain NetworkManager[661]: <info>  [1716881380.4417] policy: set 'Wired Connection' (ens4) as default for IPv4 routing and DNS
May 28 07:29:40.451330 localhost.localdomain NetworkManager[661]: <info>  [1716881380.4513] device (ens4): state change: ip-config -> ip-check (reason 'none', sys-iface-state: 'managed')
May 28 07:29:40.452548 localhost.localdomain ignition[668]: Ignition 2.18.0
May 28 07:29:40.452554 localhost.localdomain ignition[668]: Stage: kargs
May 28 07:29:40.452705 localhost.localdomain ignition[668]: no config dir at "/usr/lib/ignition/base.d"
May 28 07:29:40.452715 localhost.localdomain ignition[668]: no config dir at "/usr/lib/ignition/base.platform.d/qemu"
May 28 07:29:40.453331 localhost.localdomain ignition[668]: kargs: kargs passed
May 28 07:29:40.453372 localhost.localdomain ignition[668]: Ignition finished successfully
May 28 07:29:40.455406 localhost.localdomain NetworkManager[661]: <info>  [1716881380.4553] device (ens4): state change: ip-check -> secondaries (reason 'none', sys-iface-state: 'managed')
May 28 07:29:40.455502 localhost.localdomain NetworkManager[661]: <info>  [1716881380.4554] device (ens4): state change: secondaries -> activated (reason 'none', sys-iface-state: 'managed')
May 28 07:29:40.455679 localhost.localdomain NetworkManager[661]: <info>  [1716881380.4556] manager: NetworkManager state is now CONNECTED_SITE
May 28 07:29:40.455813 localhost.localdomain NetworkManager[661]: <info>  [1716881380.4558] device (ens4): Activation: successful, device activated.
May 28 07:29:40.456014 localhost.localdomain NetworkManager[661]: <info>  [1716881380.4559] manager: NetworkManager state is now CONNECTED_GLOBAL
May 28 07:29:40.456137 localhost.localdomain NetworkManager[661]: <info>  [1716881380.4561] manager: startup complete
May 28 07:29:40.457533 localhost.localdomain systemd[1]: Finished Ignition (kargs).
May 28 07:29:40.584701 localhost.localdomain systemd[1]: Starting Ignition (disks)...
May 28 07:29:40.585002 localhost.localdomain (ignition)[680]: ignition-disks.service: Referenced but unset environment variable evaluates to an empty string: IGNITION_ARGS
May 28 07:29:40.588743 localhost.localdomain systemd[1]: Finished nm-wait-online-initrd.service.
May 28 07:29:40.712113 localhost.localdomain systemd[1]: Starting dracut initqueue hook...
May 28 07:29:40.720915 localhost.localdomain ignition[680]: Ignition 2.18.0
May 28 07:29:40.720994 localhost.localdomain ignition[680]: Stage: disks
May 28 07:29:40.721152 localhost.localdomain ignition[680]: no config dir at "/usr/lib/ignition/base.d"
May 28 07:29:40.721162 localhost.localdomain ignition[680]: no config dir at "/usr/lib/ignition/base.platform.d/qemu"
May 28 07:29:40.721825 localhost.localdomain ignition[680]: disks: disks passed
May 28 07:29:40.721979 localhost.localdomain ignition[680]: Ignition finished successfully
May 28 07:29:40.724380 localhost.localdomain systemd[1]: Finished Ignition (disks).
May 28 07:29:40.899410 localhost.localdomain systemd[1]: Finished dracut initqueue hook.
May 28 07:29:40.899881 localhost.localdomain systemd[1]: Reached target Preparation for Remote File Systems.
May 28 07:29:40.900187 localhost.localdomain systemd[1]: Reached target Remote Encrypted Volumes.
May 28 07:29:40.900497 localhost.localdomain systemd[1]: Reached target Remote File Systems.
May 28 07:29:41.128228 localhost.localdomain systemd[1]: Starting dracut pre-mount hook...
May 28 07:29:41.250799 localhost.localdomain dracut-pre-mount[742]: disable systemd-fsck-root.service
May 28 07:29:41.257053 localhost.localdomain dracut-pre-mount[752]: Created symlink /etc/systemd/system/systemd-fsck-root.service  /dev/null.
May 28 07:29:41.343826 localhost.localdomain systemd[1]: Reloading requested from client PID 752 ('systemctl') (unit dracut-pre-mount.service)...
May 28 07:29:41.343837 localhost.localdomain systemd[1]: Reloading...
May 28 07:29:41.504481 localhost.localdomain systemd[1]: Reloading finished in 160 ms.
May 28 07:29:41.695149 localhost.localdomain dracut-pre-mount[742]: System resize is active on every reboot
May 28 07:29:41.711339 localhost.localdomain dracut-pre-mount[742]: Activating resize operation
May 28 07:29:41.727891 localhost.localdomain kernel:  vda: vda1 vda2 vda3
May 28 07:29:41.865905 localhost.localdomain NetworkManager[661]: <info>  [1716881381.8658] policy: set 'Wired Connection' (ens4) as default for IPv6 routing and DNS
May 28 07:29:42.738061 localhost.localdomain kernel:  vda: vda1 vda2 vda3
May 28 07:29:42.739036 localhost.localdomain dracut-pre-mount[1024]: The operation has completed successfully.
May 28 07:29:43.827912 localhost.localdomain kernel:  vda: vda1 vda2
May 28 07:29:44.832639 localhost.localdomain dracut-pre-mount[1064]: The operation has completed successfully.
May 28 07:29:44.835651 localhost.localdomain kernel:  vda: vda1 vda2
May 28 07:29:45.847539 localhost.localdomain dracut-pre-mount[1068]: The operation has completed successfully.
May 28 07:29:45.848180 localhost.localdomain kernel:  vda: vda1 vda2 vda3
May 28 07:29:46.857237 localhost.localdomain dracut-pre-mount[1069]: The operation has completed successfully.
May 28 07:29:46.858456 localhost.localdomain kernel:  vda: vda1 vda2 vda3
May 28 07:29:46.970134 localhost.localdomain dracut-pre-mount[742]: Checking btrfs filesystem on /dev/vda3...
May 28 07:29:46.974464 localhost.localdomain dracut-pre-mount[1098]: [1/7] checking root items
May 28 07:29:47.071211 localhost.localdomain dracut-pre-mount[1098]: [2/7] checking extents
May 28 07:29:47.236053 localhost.localdomain dracut-pre-mount[1098]: [3/7] checking free space tree
May 28 07:29:47.374552 localhost.localdomain dracut-pre-mount[1098]: [4/7] checking fs roots
May 28 07:29:47.395877 localhost.localdomain dracut-pre-mount[1098]: [5/7] checking only csums items (without verifying data)
May 28 07:29:47.395877 localhost.localdomain dracut-pre-mount[1098]: [6/7] checking root refs
May 28 07:29:47.395877 localhost.localdomain dracut-pre-mount[1098]: [7/7] checking quota groups
May 28 07:29:47.396862 localhost.localdomain dracut-pre-mount[1098]: Opening filesystem to check...
May 28 07:29:47.396862 localhost.localdomain dracut-pre-mount[1098]: Checking filesystem on /dev/vda3
May 28 07:29:47.396862 localhost.localdomain dracut-pre-mount[1098]: UUID: 867e78f3-c199-421a-aaea-06b442c929ea
May 28 07:29:47.396862 localhost.localdomain dracut-pre-mount[1098]: found 765702144 bytes used, no error found
May 28 07:29:47.396862 localhost.localdomain dracut-pre-mount[1098]: total csum bytes: 704224
May 28 07:29:47.396862 localhost.localdomain dracut-pre-mount[1098]: total tree bytes: 18694144
May 28 07:29:47.396862 localhost.localdomain dracut-pre-mount[1098]: total fs tree bytes: 16646144
May 28 07:29:47.396862 localhost.localdomain dracut-pre-mount[1098]: total extent tree bytes: 1097728
May 28 07:29:47.396862 localhost.localdomain dracut-pre-mount[1098]: btree space waste bytes: 3056406
May 28 07:29:47.396862 localhost.localdomain dracut-pre-mount[1098]: file data blocks allocated: 747008000
May 28 07:29:47.396862 localhost.localdomain dracut-pre-mount[1098]:  referenced 747008000
May 28 07:29:47.397493 localhost.localdomain dracut-pre-mount[742]: Resizing btrfs filesystem on /dev/vda3...
May 28 07:29:47.508405 localhost.localdomain kernel: BTRFS: device label ROOT devid 1 transid 14 /dev/vda3 (253:3) scanned by mount (1100)
May 28 07:29:47.511221 localhost.localdomain kernel: BTRFS info (device vda3): first mount of filesystem 867e78f3-c199-421a-aaea-06b442c929ea
May 28 07:29:47.511243 localhost.localdomain kernel: BTRFS info (device vda3): using crc32c (crc32c-intel) checksum algorithm
May 28 07:29:47.511258 localhost.localdomain kernel: BTRFS info (device vda3): using free-space-tree
May 28 07:29:47.523213 localhost.localdomain kernel: BTRFS info (device vda3): resize device /dev/vda3 (devid 1) from 21450698752 to 32188116992
May 28 07:29:47.523236 localhost.localdomain kernel: BTRFS info (device vda3): last unmount of filesystem 867e78f3-c199-421a-aaea-06b442c929ea
May 28 07:29:47.523038 localhost.localdomain systemd[1]: fs\x2dresize.mount: Deactivated successfully.
May 28 07:29:47.523468 localhost.localdomain dracut-pre-mount[1116]: Resize device id 1 (/dev/vda3) from 19.98GiB to max
May 28 07:29:47.530117 localhost.localdomain dracut-pre-mount[742]: enabling systemd-fsck-root.service
May 28 07:29:47.537433 localhost.localdomain dracut-pre-mount[1119]: Removed "/etc/systemd/system/systemd-fsck-root.service".
May 28 07:29:47.609327 localhost.localdomain systemd[1]: Reloading requested from client PID 1119 ('systemctl') (unit dracut-pre-mount.service)...
May 28 07:29:47.609337 localhost.localdomain systemd[1]: Reloading...
May 28 07:29:47.792015 localhost.localdomain systemd[1]: Reloading finished in 182 ms.
May 28 07:29:47.799661 localhost.localdomain systemd[1]: Finished dracut pre-mount hook.
May 28 07:29:47.898131 localhost.localdomain systemd[1]: Starting File System Check on /dev/disk/by-uuid/867e78f3-c199-421a-aaea-06b442c929ea...
May 28 07:29:48.018927 localhost.localdomain systemd[1]: Finished File System Check on /dev/disk/by-uuid/867e78f3-c199-421a-aaea-06b442c929ea.
May 28 07:29:48.134682 localhost.localdomain systemd[1]: Mounting /sysroot...
May 28 07:29:48.241315 localhost.localdomain kernel: BTRFS: device label ROOT devid 1 transid 16 /dev/vda3 (253:3) scanned by mount (1175)
May 28 07:29:48.241346 localhost.localdomain kernel: BTRFS info (device vda3): first mount of filesystem 867e78f3-c199-421a-aaea-06b442c929ea
May 28 07:29:48.241355 localhost.localdomain kernel: BTRFS info (device vda3): using crc32c (crc32c-intel) checksum algorithm
May 28 07:29:48.241404 localhost.localdomain kernel: BTRFS info (device vda3): using free-space-tree
May 28 07:29:48.247087 localhost.localdomain systemd[1]: Mounted /sysroot.
May 28 07:29:48.247509 localhost.localdomain systemd[1]: Reached target Initrd Root File System.
May 28 07:29:48.351344 localhost.localdomain systemd[1]: Starting Remount /sysroot read-write for Ignition...
May 28 07:29:48.435082 localhost.localdomain systemd[1]: Finished Remount /sysroot read-write for Ignition.
May 28 07:29:48.435871 localhost.localdomain systemd[1]: Reached target Ignition Boot Disk Setup.
May 28 07:29:48.441579 localhost.localdomain (ignition)[1194]: ignition-mount.service: Referenced but unset environment variable evaluates to an empty string: IGNITION_ARGS
May 28 07:29:48.445493 localhost.localdomain systemd[1]: Starting Ignition (mount)...
May 28 07:29:48.452611 localhost.localdomain ignition[1194]: Ignition 2.18.0
May 28 07:29:48.452707 localhost.localdomain ignition[1194]: Stage: mount
May 28 07:29:48.452883 localhost.localdomain ignition[1194]: no config dir at "/usr/lib/ignition/base.d"
May 28 07:29:48.452893 localhost.localdomain ignition[1194]: no config dir at "/usr/lib/ignition/base.platform.d/qemu"
May 28 07:29:48.453509 localhost.localdomain ignition[1194]: mount: mount passed
May 28 07:29:48.454706 localhost.localdomain ignition[1194]: Ignition finished successfully
May 28 07:29:48.456376 localhost.localdomain systemd[1]: Finished Ignition (mount).
May 28 07:29:48.574051 localhost.localdomain systemd[1]: Starting Mount initrd fstab entries for Ignition...
May 28 07:29:48.677471 localhost.localdomain systemd[1]: ignition-mount-initrd-fstab.service: Deactivated successfully.
May 28 07:29:48.677630 localhost.localdomain systemd[1]: Finished Mount initrd fstab entries for Ignition.
May 28 07:29:48.821507 localhost.localdomain (ignition)[1208]: ignition-files.service: Referenced but unset environment variable evaluates to an empty string: IGNITION_ARGS
May 28 07:29:48.824702 localhost.localdomain systemd[1]: Starting Ignition (files)...
May 28 07:29:48.916346 localhost.localdomain ignition[1208]: Ignition 2.18.0
May 28 07:29:48.916412 localhost.localdomain ignition[1208]: Stage: files
May 28 07:29:48.916584 localhost.localdomain ignition[1208]: no config dir at "/usr/lib/ignition/base.d"
May 28 07:29:48.916636 localhost.localdomain ignition[1208]: no config dir at "/usr/lib/ignition/base.platform.d/qemu"
May 28 07:29:48.917309 localhost.localdomain ignition[1208]: files: compiled without relabeling support, skipping
May 28 07:29:48.926053 localhost.localdomain ignition[1208]: files: ensureUsers: op(1): [started]  creating or modifying user "root"
May 28 07:29:48.926159 localhost.localdomain ignition[1208]: files: ensureUsers: op(1): executing: "usermod" "--root" "/sysroot" "--password" "$6$eEm2HpuzI7dfE4i7$dbYiTRLhrqVvwryR7zmMEcnrp13IqZ3mzLbsx9EeHAX7849PibGVgX5vdPuaeYYIO7hVfcboI9/JDpGiDZhHf/" "root"
May 28 07:29:48.944568 localhost.localdomain kernel: evm: overlay not supported
May 28 07:29:48.947114 localhost.localdomain ignition[1208]: files: ensureUsers: op(1): [finished] creating or modifying user "root"
May 28 07:29:48.947393 localhost.localdomain ignition[1208]: files: ensureUsers: op(2): [started]  setting password for "root"
May 28 07:29:48.947435 localhost.localdomain ignition[1208]: files: ensureUsers: op(2): executing: "usermod" "--root" "/sysroot" "--password" "$6$eEm2HpuzI7dfE4i7$dbYiTRLhrqVvwryR7zmMEcnrp13IqZ3mzLbsx9EeHAX7849PibGVgX5vdPuaeYYIO7hVfcboI9/JDpGiDZhHf/" "root"
May 28 07:29:48.964602 localhost.localdomain ignition[1208]: files: ensureUsers: op(2): [finished] setting password for "root"
May 28 07:29:48.966619 localhost.localdomain ignition[1208]: files: createResultFile: createFiles: op(3): [started]  writing file "/sysroot/etc/.ignition-result.json"
May 28 07:29:48.967080 localhost.localdomain ignition[1208]: files: createResultFile: createFiles: op(3): [finished] writing file "/sysroot/etc/.ignition-result.json"
May 28 07:29:48.967226 localhost.localdomain ignition[1208]: files: files passed
May 28 07:29:48.967406 localhost.localdomain ignition[1208]: Ignition finished successfully
May 28 07:29:48.980330 localhost.localdomain systemd[1]: Finished Ignition (files).
May 28 07:29:49.103794 localhost.localdomain systemd[1]: Starting Unmount initrd fstab entries for Ignition...
May 28 07:29:49.258044 localhost.localdomain systemd[1]: ignition-umount-initrd-fstab.service: Deactivated successfully.
May 28 07:29:49.258284 localhost.localdomain systemd[1]: Finished Unmount initrd fstab entries for Ignition.
May 28 07:29:49.258716 localhost.localdomain systemd[1]: Reached target Ignition Complete.
May 28 07:29:49.393173 localhost.localdomain systemd[1]: Starting Combustion...
May 28 07:29:49.663529 localhost.localdomain systemd[1]: sysroot-root.mount: Deactivated successfully.
May 28 07:29:49.717885 localhost.localdomain dracut: SELinux: relabeling root filesystem
May 28 07:29:49.724596 localhost.localdomain dracut: SELinux: mount root read-write and relabel
May 28 07:29:55.509280 localhost.localdomain systemd[1]: sysroot\x2dselinux-dev-pts.mount: Deactivated successfully.
May 28 07:29:55.511115 localhost.localdomain systemd[1]: sysroot\x2dselinux-dev-shm.mount: Deactivated successfully.
May 28 07:29:55.512700 localhost.localdomain systemd[1]: sysroot\x2dselinux-dev.mount: Deactivated successfully.
May 28 07:29:55.515691 localhost.localdomain systemd[1]: sysroot\x2dselinux-sys-fs-bpf.mount: Deactivated successfully.
May 28 07:29:55.517676 localhost.localdomain systemd[1]: sysroot\x2dselinux-sys-fs-pstore.mount: Deactivated successfully.
May 28 07:29:55.517762 localhost.localdomain systemd[1]: sysroot\x2dselinux-sys-fs-cgroup.mount: Deactivated successfully.
May 28 07:29:55.517822 localhost.localdomain systemd[1]: sysroot\x2dselinux-sys-kernel-security.mount: Deactivated successfully.
May 28 07:29:55.517906 localhost.localdomain systemd[1]: sysroot\x2dselinux-sys.mount: Deactivated successfully.
May 28 07:29:55.517967 localhost.localdomain systemd[1]: sysroot\x2dselinux-proc.mount: Deactivated successfully.
May 28 07:29:55.518020 localhost.localdomain systemd[1]: sysroot\x2dselinux-etc.mount: Deactivated successfully.
May 28 07:29:55.518070 localhost.localdomain systemd[1]: sysroot\x2dselinux-var.mount: Deactivated successfully.
May 28 07:29:55.519055 localhost.localdomain systemd[1]: sysroot\x2dselinux-root.mount: Deactivated successfully.
May 28 07:29:55.519125 localhost.localdomain systemd[1]: sysroot\x2dselinux.mount: Deactivated successfully.
May 28 07:29:55.586736 localhost.localdomain combustion[1311]: Checking for newer version.
May 28 07:30:01.752017 localhost.localdomain combustion[1311]: transactional-update 4.6.8 started
May 28 07:30:01.755749 localhost.localdomain combustion[1311]: Options: shell
May 28 07:30:01.805887 localhost.localdomain combustion[1311]: Separate /var detected.
May 28 07:30:01.951236 localhost.localdomain combustion[1311]: 2024-05-28 07:30:01 tukit 4.6.8 started
May 28 07:30:01.951287 localhost.localdomain combustion[1311]: 2024-05-28 07:30:01 Options: -c1 open
May 28 07:30:01.951308 localhost.localdomain combustion[1311]: 2024-05-28 07:30:01 Using snapshot 1 as base for new snapshot 2.
May 28 07:30:01.951334 localhost.localdomain combustion[1311]: 2024-05-28 07:30:01 /var/lib/overlay/1/etc
May 28 07:30:01.951359 localhost.localdomain combustion[1311]: 2024-05-28 07:30:01 No previous snapshot to sync with - skipping
May 28 07:30:01.951382 localhost.localdomain combustion[1311]: 2024-05-28 07:30:01 Not bind mounting directory '/run/salt-tmp' as it doesn't exist.
May 28 07:30:01.951403 localhost.localdomain combustion[1311]: ID: 2
May 28 07:30:01.951430 localhost.localdomain combustion[1311]: 2024-05-28 07:30:01 Transaction completed.
May 28 07:30:01.955465 localhost.localdomain combustion[1311]: Opening chroot in snapshot 2, continue with 'exit'
May 28 07:30:01.957597 localhost.localdomain combustion[1611]: 2024-05-28 07:30:01 tukit 4.6.8 started
May 28 07:30:01.957843 localhost.localdomain combustion[1611]: 2024-05-28 07:30:01 Options: call 2 bash
May 28 07:30:01.964590 localhost.localdomain combustion[1611]: 2024-05-28 07:30:01 Not bind mounting directory '/run/salt-tmp' as it doesn't exist.
May 28 07:30:01.965887 localhost.localdomain combustion[1611]: 2024-05-28 07:30:01 Executing `bash`:
May 28 07:30:01.984383 localhost.localdomain combustion[1614]: + systemctl enable sshd.service
May 28 07:30:02.035497 localhost.localdomain combustion[1614]: + echo Combustion was here
May 28 07:30:02.035497 localhost.localdomain combustion[1614]: + curl conncheck.opensuse.org
May 28 07:30:02.067903 localhost.localdomain combustion[1616]:   % Total    % Received % Xferd  Average Speed   Time    Time     Time  Current
May 28 07:30:02.068527 localhost.localdomain combustion[1616]:                                  Dload  Upload   Total   Spent    Left  Speed
May 28 07:30:02.070456 localhost.localdomain combustion[1616]: [158B blob data]
May 28 07:30:02.071378 localhost.localdomain combustion[1611]: 2024-05-28 07:30:02 Application returned with exit status 0.
May 28 07:30:02.091175 localhost.localdomain combustion[1611]: 2024-05-28 07:30:02 Transaction completed.
May 28 07:30:02.098434 localhost.localdomain combustion[1622]: 2024-05-28 07:30:02 tukit 4.6.8 started
May 28 07:30:02.098434 localhost.localdomain combustion[1622]: 2024-05-28 07:30:02 Options: close 2
May 28 07:30:02.105384 localhost.localdomain combustion[1622]: 2024-05-28 07:30:02 Not bind mounting directory '/run/salt-tmp' as it doesn't exist.
May 28 07:30:02.176692 localhost.localdomain combustion[1622]: 2024-05-28 07:30:02 New default snapshot is #2 (/.snapshots/2/snapshot).
May 28 07:30:02.176692 localhost.localdomain combustion[1622]: 2024-05-28 07:30:02 Transaction completed.
May 28 07:30:02.200223 localhost.localdomain combustion[1311]: Please reboot your machine to activate the changes and avoid data loss.
May 28 07:30:02.201314 localhost.localdomain combustion[1311]: New default snapshot is #2 (/.snapshots/2/snapshot).
May 28 07:30:02.202498 localhost.localdomain combustion[1311]: transactional-update finished
May 28 07:30:02.222936 localhost.localdomain systemd[1]: sysroot-tmp.mount: Deactivated successfully.
May 28 07:30:02.224114 localhost.localdomain systemd[1]: sysroot-boot-grub2-x86_64\x2defi.mount: Deactivated successfully.
May 28 07:30:02.224224 localhost.localdomain systemd[1]: sysroot-boot-grub2-i386\x2dpc.mount: Deactivated successfully.
May 28 07:30:02.224358 localhost.localdomain systemd[1]: sysroot-usr-local.mount: Deactivated successfully.
May 28 07:30:02.225675 localhost.localdomain systemd[1]: sysroot-run.mount: Deactivated successfully.
May 28 07:30:02.226819 localhost.localdomain systemd[1]: sysroot-boot-writable.mount: Deactivated successfully.
May 28 07:30:02.227064 localhost.localdomain systemd[1]: sysroot-boot-efi.mount: Deactivated successfully.
May 28 07:30:02.227162 localhost.localdomain systemd[1]: sysroot-srv.mount: Deactivated successfully.
May 28 07:30:02.227400 localhost.localdomain systemd[1]: sysroot-opt.mount: Deactivated successfully.
May 28 07:30:02.227499 localhost.localdomain systemd[1]: sysroot-home.mount: Deactivated successfully.
May 28 07:30:02.227984 localhost.localdomain systemd[1]: sysroot-.snapshots.mount: Deactivated successfully.
May 28 07:30:02.228043 localhost.localdomain systemd[1]: sysroot-dev-pts.mount: Deactivated successfully.
May 28 07:30:02.229028 localhost.localdomain systemd[1]: sysroot-dev-shm.mount: Deactivated successfully.
May 28 07:30:02.229095 localhost.localdomain systemd[1]: sysroot-dev.mount: Deactivated successfully.
May 28 07:30:02.229150 localhost.localdomain systemd[1]: sysroot-sys-fs-bpf.mount: Deactivated successfully.
May 28 07:30:02.229202 localhost.localdomain systemd[1]: sysroot-sys-fs-pstore.mount: Deactivated successfully.
May 28 07:30:02.229363 localhost.localdomain systemd[1]: sysroot-sys-fs-cgroup.mount: Deactivated successfully.
May 28 07:30:02.229414 localhost.localdomain systemd[1]: sysroot-sys-kernel-security.mount: Deactivated successfully.
May 28 07:30:02.229467 localhost.localdomain systemd[1]: sysroot-sys.mount: Deactivated successfully.
May 28 07:30:02.229520 localhost.localdomain systemd[1]: sysroot-proc.mount: Deactivated successfully.
May 28 07:30:02.229570 localhost.localdomain systemd[1]: sysroot-etc.mount: Deactivated successfully.
May 28 07:30:02.238102 localhost.localdomain systemd[1]: sysroot-var.mount: Deactivated successfully.
May 28 07:30:02.238179 localhost.localdomain systemd[1]: sysroot-root.mount: Deactivated successfully.
May 28 07:30:02.238237 localhost.localdomain systemd[1]: sysroot.mount: Deactivated successfully.
May 28 07:30:02.311436 localhost.localdomain kernel: BTRFS info (device vda3): last unmount of filesystem 867e78f3-c199-421a-aaea-06b442c929ea
May 28 07:30:02.348033 localhost.localdomain systemd[1]: Mounting /sysroot...
May 28 07:30:02.364549 localhost.localdomain kernel: BTRFS: device label ROOT devid 1 transid 30 /dev/vda3 (253:3) scanned by mount (1685)
May 28 07:30:02.364571 localhost.localdomain kernel: BTRFS info (device vda3): first mount of filesystem 867e78f3-c199-421a-aaea-06b442c929ea
May 28 07:30:02.364580 localhost.localdomain kernel: BTRFS info (device vda3): using crc32c (crc32c-intel) checksum algorithm
May 28 07:30:02.364588 localhost.localdomain kernel: BTRFS info (device vda3): using free-space-tree
May 28 07:30:02.366704 localhost.localdomain systemd[1]: Mounted /sysroot.
May 28 07:30:02.450307 localhost.localdomain systemd[1]: combustion.service: Deactivated successfully.
May 28 07:30:02.450459 localhost.localdomain systemd[1]: Finished Combustion.
May 28 07:30:02.450769 localhost.localdomain systemd[1]: combustion.service: Consumed 10.453s CPU time.
May 28 07:30:02.451134 localhost.localdomain systemd[1]: Reached target Initrd Firstboot.
May 28 07:30:02.578291 localhost.localdomain systemd[1]: Starting Mountpoints Configured in the Real Root...
May 28 07:30:02.579379 localhost.localdomain systemd-sysroot-fstab-check[1703]: /sysroot/root should be mounted in the initrd, will request daemon-reload.
May 28 07:30:02.669516 localhost.localdomain systemd[1]: Reloading requested from client PID 1703 ('systemd-fstab-g') (unit initrd-parse-etc.service)...
May 28 07:30:02.669526 localhost.localdomain systemd[1]: Reloading...
May 28 07:30:02.815663 localhost.localdomain systemd[1]: Reloading finished in 145 ms.
May 28 07:30:02.821283 localhost.localdomain systemd-sysroot-fstab-check[1703]: Requesting initrd-fs.target/start/replace...
May 28 07:30:02.822222 localhost.localdomain systemd-sysroot-fstab-check[1703]: Requesting swap.target/start/replace...
May 28 07:30:02.837957 localhost.localdomain systemd[1]: Mounting /sysroot/root...
May 28 07:30:02.841971 localhost.localdomain systemd[1]: sysroot-var.mount: Directory /sysroot/var to mount over is not empty, mounting anyway.
May 28 07:30:02.934426 localhost.localdomain systemd[1]: Mounting /sysroot/var...
May 28 07:30:02.945183 localhost.localdomain systemd[1]: Mounted /sysroot/root.
May 28 07:30:02.947296 localhost.localdomain systemd[1]: initrd-parse-etc.service: Deactivated successfully.
May 28 07:30:02.947460 localhost.localdomain systemd[1]: Finished Mountpoints Configured in the Real Root.
May 28 07:30:03.078030 localhost.localdomain systemd[1]: Starting dracut mount hook...
May 28 07:30:03.079221 localhost.localdomain systemd[1]: Mounted /sysroot/var.
May 28 07:30:03.186380 localhost.localdomain systemd[1]: Finished dracut mount hook.
May 28 07:30:03.282013 localhost.localdomain systemd[1]: sysroot-etc.mount: Directory /sysroot/etc to mount over is not empty, mounting anyway.
May 28 07:30:03.293188 localhost.localdomain systemd[1]: Mounting /sysroot/etc...
May 28 07:30:03.404277 localhost.localdomain systemd[1]: Mounted /sysroot/etc.
May 28 07:30:03.404822 localhost.localdomain systemd[1]: Reached target Initrd File Systems.
May 28 07:30:03.405187 localhost.localdomain systemd[1]: Disable firstboot wizard if ignition ran was skipped because of an unmet condition check (ConditionPathExists=/sysroot/var/lib/YaST2/reconfig_system).
May 28 07:30:03.405215 localhost.localdomain systemd[1]: Reached target Initrd Default Target.
May 28 07:30:03.521397 localhost.localdomain systemd[1]: Starting dracut pre-pivot and cleanup hook...
May 28 07:30:03.618681 localhost.localdomain dracut-pre-pivot[1768]: SELinux: relabeling root filesystem
May 28 07:30:03.631308 localhost.localdomain dracut-pre-pivot[1768]: SELinux: mount root read-write and relabel
May 28 07:30:08.797563 localhost.localdomain systemd[1]: sysroot\x2dselinux-dev-pts.mount: Deactivated successfully.
May 28 07:30:08.799542 localhost.localdomain systemd[1]: sysroot\x2dselinux-dev-shm.mount: Deactivated successfully.
May 28 07:30:08.802490 localhost.localdomain systemd[1]: sysroot\x2dselinux-dev.mount: Deactivated successfully.
May 28 07:30:08.804657 localhost.localdomain systemd[1]: sysroot\x2dselinux-sys-fs-bpf.mount: Deactivated successfully.
May 28 07:30:08.804720 localhost.localdomain systemd[1]: sysroot\x2dselinux-sys-fs-pstore.mount: Deactivated successfully.
May 28 07:30:08.804775 localhost.localdomain systemd[1]: sysroot\x2dselinux-sys-fs-cgroup.mount: Deactivated successfully.
May 28 07:30:08.804833 localhost.localdomain systemd[1]: sysroot\x2dselinux-sys-kernel-security.mount: Deactivated successfully.
May 28 07:30:08.804886 localhost.localdomain systemd[1]: sysroot\x2dselinux-sys.mount: Deactivated successfully.
May 28 07:30:08.804942 localhost.localdomain systemd[1]: sysroot\x2dselinux-proc.mount: Deactivated successfully.
May 28 07:30:08.804998 localhost.localdomain systemd[1]: sysroot\x2dselinux-etc.mount: Deactivated successfully.
May 28 07:30:08.806026 localhost.localdomain systemd[1]: sysroot\x2dselinux-var.mount: Deactivated successfully.
May 28 07:30:08.806097 localhost.localdomain systemd[1]: sysroot\x2dselinux-root.mount: Deactivated successfully.
May 28 07:30:08.806154 localhost.localdomain systemd[1]: sysroot\x2dselinux.mount: Deactivated successfully.
May 28 07:30:08.813464 localhost.localdomain systemd[1]: Finished dracut pre-pivot and cleanup hook.
May 28 07:30:08.907134 localhost.localdomain systemd[1]: Starting transactional-update /etc overlay cleaner...
May 28 07:30:09.013290 localhost.localdomain transactional-update-etc-cleaner[1801]: Checking for conflicts between /sysroot/var/lib/overlay/1/etc/. and /sysroot/var/lib/overlay/2/etc/....
May 28 07:30:09.013840 localhost.localdomain transactional-update-etc-cleaner[1801]: Checking for conflicts between /sysroot/var/lib/overlay/1/etc/./selinux and /sysroot/var/lib/overlay/2/etc/./selinux...
May 28 07:30:09.015206 localhost.localdomain systemd[1]: transactional-update-etc-cleaner.service: Deactivated successfully.
May 28 07:30:09.015410 localhost.localdomain systemd[1]: Finished transactional-update /etc overlay cleaner.
May 28 07:30:09.114736 localhost.localdomain systemd[1]: Starting Cleaning Up and Shutting Down Daemons...
May 28 07:30:09.198258 localhost.localdomain systemd[1]: Stopped target Network.
May 28 07:30:09.198595 localhost.localdomain systemd[1]: Stopped target Remote Encrypted Volumes.
May 28 07:30:09.198926 localhost.localdomain systemd[1]: Stopped target Timer Units.
May 28 07:30:09.199239 localhost.localdomain systemd[1]: dracut-pre-pivot.service: Deactivated successfully.
May 28 07:30:09.199343 localhost.localdomain systemd[1]: Stopped dracut pre-pivot and cleanup hook.
May 28 07:30:09.199669 localhost.localdomain systemd[1]: dracut-pre-pivot.service: Consumed 4.922s CPU time.
May 28 07:30:09.199794 localhost.localdomain systemd[1]: Stopped target Initrd Default Target.
May 28 07:30:09.200113 localhost.localdomain systemd[1]: Stopped target Initrd Firstboot.
May 28 07:30:09.200422 localhost.localdomain systemd[1]: Stopped target Ignition Complete.
May 28 07:30:09.200730 localhost.localdomain systemd[1]: Stopped target Ignition Boot Disk Setup.
May 28 07:30:09.201028 localhost.localdomain systemd[1]: Stopped target Initrd Root Device.
May 28 07:30:09.201359 localhost.localdomain systemd[1]: Stopped target Initrd /usr File System.
May 28 07:30:09.201669 localhost.localdomain systemd[1]: Stopped target Remote File Systems.
May 28 07:30:09.202008 localhost.localdomain systemd[1]: Stopped target Preparation for Remote File Systems.
May 28 07:30:09.202395 localhost.localdomain systemd[1]: dracut-mount.service: Deactivated successfully.
May 28 07:30:09.202513 localhost.localdomain systemd[1]: Stopped dracut mount hook.
May 28 07:30:09.202884 localhost.localdomain systemd[1]: dracut-pre-mount.service: Deactivated successfully.
May 28 07:30:09.202983 localhost.localdomain systemd[1]: Stopped dracut pre-mount hook.
May 28 07:30:09.203348 localhost.localdomain systemd[1]: dracut-initqueue.service: Deactivated successfully.
May 28 07:30:09.203444 localhost.localdomain systemd[1]: Stopped dracut initqueue hook.
May 28 07:30:09.203812 localhost.localdomain systemd[1]: ignition-fetch-offline.service: Deactivated successfully.
May 28 07:30:09.203910 localhost.localdomain systemd[1]: Stopped Ignition (fetch-offline).
May 28 07:30:09.204247 localhost.localdomain systemd[1]: Stopped target Basic System.
May 28 07:30:09.204549 localhost.localdomain systemd[1]: Stopped target Path Units.
May 28 07:30:09.204836 localhost.localdomain systemd[1]: Stopped target Slice Units.
May 28 07:30:09.205110 localhost.localdomain systemd[1]: Stopped target Socket Units.
May 28 07:30:09.205469 localhost.localdomain systemd[1]: Stopped target System Initialization.
May 28 07:30:09.205778 localhost.localdomain systemd[1]: Stopped target Local Encrypted Volumes.
May 28 07:30:09.206030 localhost.localdomain systemd[1]: systemd-ask-password-console.path: Deactivated successfully.
May 28 07:30:09.301278 localhost.localdomain systemd[1]: Stopped Dispatch Password Requests to Console Directory Watch.
May 28 07:30:09.301947 localhost.localdomain systemd[1]: Stopped target Local File Systems.
May 28 07:30:09.302375 localhost.localdomain systemd[1]: Stopped target Preparation for Local File Systems.
May 28 07:30:09.302674 localhost.localdomain systemd[1]: Stopped target Swaps.
May 28 07:30:09.302946 localhost.localdomain systemd[1]: ignition-files.service: Deactivated successfully.
May 28 07:30:09.303045 localhost.localdomain systemd[1]: Stopped Ignition (files).
May 28 07:30:09.303365 localhost.localdomain systemd[1]: ignition-mount.service: Deactivated successfully.
May 28 07:30:09.303459 localhost.localdomain systemd[1]: Stopped Ignition (mount).
May 28 07:30:09.303759 localhost.localdomain systemd[1]: ignition-disks.service: Deactivated successfully.
May 28 07:30:09.303849 localhost.localdomain systemd[1]: Stopped Ignition (disks).
May 28 07:30:09.304142 localhost.localdomain systemd[1]: ignition-kargs.service: Deactivated successfully.
May 28 07:30:09.304232 localhost.localdomain systemd[1]: Stopped Ignition (kargs).
May 28 07:30:09.304523 localhost.localdomain systemd[1]: ignition-remount-sysroot.service: Deactivated successfully.
May 28 07:30:09.397675 localhost.localdomain systemd[1]: Stopped Remount /sysroot read-write for Ignition.
