May 28 06:51:48.925001 localhost kernel: Linux version 6.9.1-1-default (geeko@buildhost) (gcc (SUSE Linux) 13.2.1 20240509 [revision b7a2697733d19a093cbdd0e200ffce069a4bc812], GNU ld (GNU Binutils; openSUSE Tumbleweed) 2.42.0.20240130-3) #1 SMP PREEMPT_DYNAMIC Fri May 17 11:59:46 UTC 2024 (0c0b0b5)
May 28 06:51:48.925019 localhost kernel: Command line: BOOT_IMAGE=/boot/vmlinuz-6.9.1-1-default root=UUID=e30f2f24-8ebe-4eb2-a3e4-7f94c08f2814 splash=silent video=1024x768 plymouth.ignore-serial-consoles console=ttyS0 console=tty kernel.softlockup_panic=1 resume=/dev/disk/by-uuid/350ef8df-2937-4484-9b74-cdf0b1f4c465 security=apparmor mitigations=auto
May 28 06:51:48.925029 localhost kernel: BIOS-provided physical RAM map:
May 28 06:51:48.925034 localhost kernel: BIOS-e820: [mem 0x0000000000000000-0x000000000009fbff] usable
May 28 06:51:48.925039 localhost kernel: BIOS-e820: [mem 0x000000000009fc00-0x000000000009ffff] reserved
May 28 06:51:48.925044 localhost kernel: BIOS-e820: [mem 0x00000000000f0000-0x00000000000fffff] reserved
May 28 06:51:48.925049 localhost kernel: BIOS-e820: [mem 0x0000000000100000-0x000000007ffd5fff] usable
May 28 06:51:48.925054 localhost kernel: BIOS-e820: [mem 0x000000007ffd6000-0x000000007fffffff] reserved
May 28 06:51:48.925059 localhost kernel: BIOS-e820: [mem 0x00000000feffc000-0x00000000feffffff] reserved
May 28 06:51:48.925063 localhost kernel: BIOS-e820: [mem 0x00000000fffc0000-0x00000000ffffffff] reserved
May 28 06:51:48.925068 localhost kernel: BIOS-e820: [mem 0x000000fd00000000-0x000000ffffffffff] reserved
May 28 06:51:48.925072 localhost kernel: NX (Execute Disable) protection: active
May 28 06:51:48.925077 localhost kernel: APIC: Static calls initialized
May 28 06:51:48.925081 localhost kernel: SMBIOS 2.8 present.
May 28 06:51:48.925089 localhost kernel: DMI: QEMU Standard PC (i440FX + PIIX, 1996), BIOS rel-1.16.0-0-gd239552c-rebuilt.opensuse.org 04/01/2014
May 28 06:51:48.925094 localhost kernel: Hypervisor detected: KVM
May 28 06:51:48.925098 localhost kernel: kvm-clock: Using msrs 4b564d01 and 4b564d00
May 28 06:51:48.925103 localhost kernel: kvm-clock: using sched offset of 6113467902 cycles
May 28 06:51:48.925107 localhost kernel: clocksource: kvm-clock: mask: 0xffffffffffffffff max_cycles: 0x1cd42e4dffb, max_idle_ns: 881590591483 ns
May 28 06:51:48.925112 localhost kernel: tsc: Detected 2799.998 MHz processor
May 28 06:51:48.925117 localhost kernel: e820: update [mem 0x00000000-0x00000fff] usable ==> reserved
May 28 06:51:48.925122 localhost kernel: e820: remove [mem 0x000a0000-0x000fffff] usable
May 28 06:51:48.925127 localhost kernel: last_pfn = 0x7ffd6 max_arch_pfn = 0x400000000
May 28 06:51:48.925133 localhost kernel: MTRR map: 4 entries (3 fixed + 1 variable; max 19), built from 8 variable MTRRs
May 28 06:51:48.925138 localhost kernel: x86/PAT: Configuration [0-7]: WB  WC  UC- UC  WB  WP  UC- WT  
May 28 06:51:48.925143 localhost kernel: found SMP MP-table at [mem 0x000f5b40-0x000f5b4f]
May 28 06:51:48.925148 localhost kernel: Using GB pages for direct mapping
May 28 06:51:48.925152 localhost kernel: RAMDISK: [mem 0x34e37000-0x36712fff]
May 28 06:51:48.925157 localhost kernel: ACPI: Early table checksum verification disabled
May 28 06:51:48.925162 localhost kernel: ACPI: RSDP 0x00000000000F5960 000014 (v00 BOCHS )
May 28 06:51:48.925167 localhost kernel: ACPI: RSDT 0x000000007FFE18F4 000034 (v01 BOCHS  BXPC     00000001 BXPC 00000001)
May 28 06:51:48.925172 localhost kernel: ACPI: FACP 0x000000007FFE17A8 000074 (v01 BOCHS  BXPC     00000001 BXPC 00000001)
May 28 06:51:48.925177 localhost kernel: ACPI: DSDT 0x000000007FFE0040 001768 (v01 BOCHS  BXPC     00000001 BXPC 00000001)
May 28 06:51:48.925182 localhost kernel: ACPI: FACS 0x000000007FFE0000 000040
May 28 06:51:48.925187 localhost kernel: ACPI: APIC 0x000000007FFE181C 000078 (v01 BOCHS  BXPC     00000001 BXPC 00000001)
May 28 06:51:48.925194 localhost kernel: ACPI: HPET 0x000000007FFE1894 000038 (v01 BOCHS  BXPC     00000001 BXPC 00000001)
May 28 06:51:48.925198 localhost kernel: ACPI: WAET 0x000000007FFE18CC 000028 (v01 BOCHS  BXPC     00000001 BXPC 00000001)
May 28 06:51:48.925203 localhost kernel: ACPI: Reserving FACP table memory at [mem 0x7ffe17a8-0x7ffe181b]
May 28 06:51:48.925208 localhost kernel: ACPI: Reserving DSDT table memory at [mem 0x7ffe0040-0x7ffe17a7]
May 28 06:51:48.925213 localhost kernel: ACPI: Reserving FACS table memory at [mem 0x7ffe0000-0x7ffe003f]
May 28 06:51:48.925220 localhost kernel: ACPI: Reserving APIC table memory at [mem 0x7ffe181c-0x7ffe1893]
May 28 06:51:48.925225 localhost kernel: ACPI: Reserving HPET table memory at [mem 0x7ffe1894-0x7ffe18cb]
May 28 06:51:48.925229 localhost kernel: ACPI: Reserving WAET table memory at [mem 0x7ffe18cc-0x7ffe18f3]
May 28 06:51:48.925234 localhost kernel: No NUMA configuration found
May 28 06:51:48.925274 localhost kernel: Faking a node at [mem 0x0000000000000000-0x000000007ffd5fff]
May 28 06:51:48.925279 localhost kernel: NODE_DATA(0) allocated [mem 0x7ffab000-0x7ffd5fff]
May 28 06:51:48.925284 localhost kernel: Zone ranges:
May 28 06:51:48.925289 localhost kernel:   DMA      [mem 0x0000000000001000-0x0000000000ffffff]
May 28 06:51:48.925294 localhost kernel:   DMA32    [mem 0x0000000001000000-0x000000007ffd5fff]
May 28 06:51:48.925298 localhost kernel:   Normal   empty
May 28 06:51:48.925303 localhost kernel:   Device   empty
May 28 06:51:48.925310 localhost kernel: Movable zone start for each node
May 28 06:51:48.925315 localhost kernel: Early memory node ranges
May 28 06:51:48.925320 localhost kernel:   node   0: [mem 0x0000000000001000-0x000000000009efff]
May 28 06:51:48.925325 localhost kernel:   node   0: [mem 0x0000000000100000-0x000000007ffd5fff]
May 28 06:51:48.925330 localhost kernel: Initmem setup node 0 [mem 0x0000000000001000-0x000000007ffd5fff]
May 28 06:51:48.925334 localhost kernel: On node 0, zone DMA: 1 pages in unavailable ranges
May 28 06:51:48.925339 localhost kernel: On node 0, zone DMA: 97 pages in unavailable ranges
May 28 06:51:48.925344 localhost kernel: On node 0, zone DMA32: 42 pages in unavailable ranges
May 28 06:51:48.925348 localhost kernel: ACPI: PM-Timer IO Port: 0x608
May 28 06:51:48.925353 localhost kernel: ACPI: LAPIC_NMI (acpi_id[0xff] dfl dfl lint[0x1])
May 28 06:51:48.925357 localhost kernel: IOAPIC[0]: apic_id 0, version 17, address 0xfec00000, GSI 0-23
May 28 06:51:48.925362 localhost kernel: ACPI: INT_SRC_OVR (bus 0 bus_irq 0 global_irq 2 dfl dfl)
May 28 06:51:48.925369 localhost kernel: ACPI: INT_SRC_OVR (bus 0 bus_irq 5 global_irq 5 high level)
May 28 06:51:48.925373 localhost kernel: ACPI: INT_SRC_OVR (bus 0 bus_irq 9 global_irq 9 high level)
May 28 06:51:48.925378 localhost kernel: ACPI: INT_SRC_OVR (bus 0 bus_irq 10 global_irq 10 high level)
May 28 06:51:48.925383 localhost kernel: ACPI: INT_SRC_OVR (bus 0 bus_irq 11 global_irq 11 high level)
May 28 06:51:48.925388 localhost kernel: ACPI: Using ACPI (MADT) for SMP configuration information
May 28 06:51:48.925392 localhost kernel: ACPI: HPET id: 0x8086a201 base: 0xfed00000
May 28 06:51:48.925397 localhost kernel: TSC deadline timer available
May 28 06:51:48.925402 localhost kernel: CPU topo: Max. logical packages:   1
May 28 06:51:48.925407 localhost kernel: CPU topo: Max. logical dies:       1
May 28 06:51:48.925411 localhost kernel: CPU topo: Max. dies per package:   1
May 28 06:51:48.925416 localhost kernel: CPU topo: Max. threads per core:   1
May 28 06:51:48.925420 localhost kernel: CPU topo: Num. cores per package:     1
May 28 06:51:48.925425 localhost kernel: CPU topo: Num. threads per package:   1
May 28 06:51:48.925431 localhost kernel: CPU topo: Allowing 1 present CPUs plus 0 hotplug CPUs
May 28 06:51:48.925436 localhost kernel: kvm-guest: APIC: eoi() replaced with kvm_guest_apic_eoi_write()
May 28 06:51:48.925441 localhost kernel: PM: hibernation: Registered nosave memory: [mem 0x00000000-0x00000fff]
May 28 06:51:48.925445 localhost kernel: PM: hibernation: Registered nosave memory: [mem 0x0009f000-0x0009ffff]
May 28 06:51:48.925450 localhost kernel: PM: hibernation: Registered nosave memory: [mem 0x000a0000-0x000effff]
May 28 06:51:48.925455 localhost kernel: PM: hibernation: Registered nosave memory: [mem 0x000f0000-0x000fffff]
May 28 06:51:48.925460 localhost kernel: [mem 0x80000000-0xfeffbfff] available for PCI devices
May 28 06:51:48.925464 localhost kernel: Booting paravirtualized kernel on KVM
May 28 06:51:48.925469 localhost kernel: clocksource: refined-jiffies: mask: 0xffffffff max_cycles: 0xffffffff, max_idle_ns: 6370452778343963 ns
May 28 06:51:48.925474 localhost kernel: setup_percpu: NR_CPUS:8192 nr_cpumask_bits:1 nr_cpu_ids:1 nr_node_ids:1
May 28 06:51:48.925479 localhost kernel: percpu: Embedded 72 pages/cpu s258048 r8192 d28672 u2097152
May 28 06:51:48.925485 localhost kernel: pcpu-alloc: s258048 r8192 d28672 u2097152 alloc=1*2097152
May 28 06:51:48.925490 localhost kernel: pcpu-alloc: [0] 0 
May 28 06:51:48.925494 localhost kernel: kvm-guest: PV spinlocks disabled, single CPU
May 28 06:51:48.925500 localhost kernel: Kernel command line: BOOT_IMAGE=/boot/vmlinuz-6.9.1-1-default root=UUID=e30f2f24-8ebe-4eb2-a3e4-7f94c08f2814 splash=silent video=1024x768 plymouth.ignore-serial-consoles console=ttyS0 console=tty kernel.softlockup_panic=1 resume=/dev/disk/by-uuid/350ef8df-2937-4484-9b74-cdf0b1f4c465 security=apparmor mitigations=auto
May 28 06:51:48.925505 localhost kernel: Unknown kernel command line parameters "BOOT_IMAGE=/boot/vmlinuz-6.9.1-1-default splash=silent", will be passed to user space.
May 28 06:51:48.925510 localhost kernel: random: crng init done
May 28 06:51:48.925515 localhost kernel: Dentry cache hash table entries: 262144 (order: 9, 2097152 bytes, linear)
May 28 06:51:48.925519 localhost kernel: Inode-cache hash table entries: 131072 (order: 8, 1048576 bytes, linear)
May 28 06:51:48.925524 localhost kernel: Fallback order for Node 0: 0 
May 28 06:51:48.925529 localhost kernel: Built 1 zonelists, mobility grouping on.  Total pages: 515798
May 28 06:51:48.925533 localhost kernel: Policy zone: DMA32
May 28 06:51:48.925540 localhost kernel: mem auto-init: stack:off, heap alloc:off, heap free:off
May 28 06:51:48.925545 localhost kernel: Memory: 260860K/2096592K available (16384K kernel code, 3000K rwdata, 13020K rodata, 4224K init, 4384K bss, 109628K reserved, 0K cma-reserved)
May 28 06:51:48.925550 localhost kernel: SLUB: HWalign=64, Order=0-3, MinObjects=0, CPUs=1, Nodes=1
May 28 06:51:48.925554 localhost kernel: ftrace: allocating 47505 entries in 186 pages
May 28 06:51:48.925559 localhost kernel: ftrace: allocated 186 pages with 5 groups
May 28 06:51:48.925564 localhost kernel: Dynamic Preempt: voluntary
May 28 06:51:48.925569 localhost kernel: rcu: Preemptible hierarchical RCU implementation.
May 28 06:51:48.925575 localhost kernel: rcu:         RCU event tracing is enabled.
May 28 06:51:48.925580 localhost kernel: rcu:         RCU restricting CPUs from NR_CPUS=8192 to nr_cpu_ids=1.
May 28 06:51:48.925585 localhost kernel:         Trampoline variant of Tasks RCU enabled.
May 28 06:51:48.925590 localhost kernel:         Rude variant of Tasks RCU enabled.
May 28 06:51:48.925594 localhost kernel:         Tracing variant of Tasks RCU enabled.
May 28 06:51:48.925599 localhost kernel: rcu: RCU calculated value of scheduler-enlistment delay is 30 jiffies.
May 28 06:51:48.925606 localhost kernel: rcu: Adjusting geometry for rcu_fanout_leaf=16, nr_cpu_ids=1
May 28 06:51:48.925611 localhost kernel: RCU Tasks: Setting shift to 0 and lim to 1 rcu_task_cb_adjust=1.
May 28 06:51:48.925615 localhost kernel: RCU Tasks Rude: Setting shift to 0 and lim to 1 rcu_task_cb_adjust=1.
May 28 06:51:48.925620 localhost kernel: RCU Tasks Trace: Setting shift to 0 and lim to 1 rcu_task_cb_adjust=1.
May 28 06:51:48.925625 localhost kernel: NR_IRQS: 524544, nr_irqs: 256, preallocated irqs: 16
May 28 06:51:48.925630 localhost kernel: rcu: srcu_init: Setting srcu_struct sizes based on contention.
May 28 06:51:48.925635 localhost kernel: Console: colour dummy device 80x25
May 28 06:51:48.925643 localhost kernel: printk: legacy console [tty0] enabled
May 28 06:51:48.925648 localhost kernel: printk: legacy console [ttyS0] enabled
May 28 06:51:48.925653 localhost kernel: ACPI: Core revision 20230628
May 28 06:51:48.925658 localhost kernel: clocksource: hpet: mask: 0xffffffff max_cycles: 0xffffffff, max_idle_ns: 19112604467 ns
May 28 06:51:48.925662 localhost kernel: APIC: Switch to symmetric I/O mode setup
May 28 06:51:48.925667 localhost kernel: x2apic enabled
May 28 06:51:48.925674 localhost kernel: APIC: Switched APIC routing to: physical x2apic
May 28 06:51:48.925678 localhost kernel: ..TIMER: vector=0x30 apic1=0 pin1=2 apic2=-1 pin2=-1
May 28 06:51:48.925683 localhost kernel: clocksource: tsc-early: mask: 0xffffffffffffffff max_cycles: 0x285c3ee517e, max_idle_ns: 440795257231 ns
May 28 06:51:48.925688 localhost kernel: Calibrating delay loop (skipped) preset value.. 5602.32 BogoMIPS (lpj=9333326)
May 28 06:51:48.925693 localhost kernel: x86/cpu: User Mode Instruction Prevention (UMIP) activated
May 28 06:51:48.925698 localhost kernel: Last level iTLB entries: 4KB 512, 2MB 255, 4MB 127
May 28 06:51:48.925702 localhost kernel: Last level dTLB entries: 4KB 512, 2MB 255, 4MB 127, 1GB 0
May 28 06:51:48.925707 localhost kernel: Spectre V1 : Mitigation: usercopy/swapgs barriers and __user pointer sanitization
May 28 06:51:48.925714 localhost kernel: Spectre V2 : Mitigation: Retpolines
May 28 06:51:48.925718 localhost kernel: Spectre V2 : Spectre v2 / SpectreRSB mitigation: Filling RSB on context switch
May 28 06:51:48.925723 localhost kernel: Spectre V2 : Spectre v2 / SpectreRSB : Filling RSB on VMEXIT
May 28 06:51:48.925728 localhost kernel: Spectre V2 : Enabling Restricted Speculation for firmware calls
May 28 06:51:48.925733 localhost kernel: Spectre V2 : mitigation: Enabling conditional Indirect Branch Prediction Barrier
May 28 06:51:48.925738 localhost kernel: Speculative Store Bypass: Mitigation: Speculative Store Bypass disabled via prctl
May 28 06:51:48.925742 localhost kernel: Speculative Return Stack Overflow: IBPB-extending microcode not applied!
May 28 06:51:48.925748 localhost kernel: Speculative Return Stack Overflow: WARNING: See https://kernel.org/doc/html/latest/admin-guide/hw-vuln/srso.html for mitigation options.
May 28 06:51:48.925753 localhost kernel: Speculative Return Stack Overflow: Vulnerable: Safe RET, no microcode
May 28 06:51:48.925757 localhost kernel: x86/fpu: Supporting XSAVE feature 0x001: 'x87 floating point registers'
May 28 06:51:48.925762 localhost kernel: x86/fpu: Supporting XSAVE feature 0x002: 'SSE registers'
May 28 06:51:48.925769 localhost kernel: x86/fpu: Supporting XSAVE feature 0x004: 'AVX registers'
May 28 06:51:48.925774 localhost kernel: x86/fpu: Supporting XSAVE feature 0x200: 'Protection Keys User registers'
May 28 06:51:48.925779 localhost kernel: x86/fpu: xstate_offset[2]:  576, xstate_sizes[2]:  256
May 28 06:51:48.925783 localhost kernel: x86/fpu: xstate_offset[9]:  832, xstate_sizes[9]:    8
May 28 06:51:48.925788 localhost kernel: x86/fpu: Enabled xstate features 0x207, context size is 840 bytes, using 'compacted' format.
May 28 06:51:48.925793 localhost kernel: Freeing SMP alternatives memory: 40K
May 28 06:51:48.925797 localhost kernel: pid_max: default: 32768 minimum: 301
May 28 06:51:48.925802 localhost kernel: LSM: initializing lsm=lockdown,capability,landlock,yama,apparmor,bpf,ima,evm
May 28 06:51:48.925807 localhost kernel: landlock: Up and running.
May 28 06:51:48.925812 localhost kernel: Yama: becoming mindful.
May 28 06:51:48.925816 localhost kernel: AppArmor: AppArmor initialized
May 28 06:51:48.925821 localhost kernel: LSM support for eBPF active
May 28 06:51:48.925827 localhost kernel: Mount-cache hash table entries: 4096 (order: 3, 32768 bytes, linear)
May 28 06:51:48.925832 localhost kernel: Mountpoint-cache hash table entries: 4096 (order: 3, 32768 bytes, linear)
May 28 06:51:48.925837 localhost kernel: smpboot: CPU0: AMD EPYC 7543 32-Core Processor (family: 0x19, model: 0x1, stepping: 0x1)
May 28 06:51:48.925842 localhost kernel: Performance Events: Fam17h+ core perfctr, AMD PMU driver.
May 28 06:51:48.925846 localhost kernel: ... version:                0
May 28 06:51:48.925851 localhost kernel: ... bit width:              48
May 28 06:51:48.925856 localhost kernel: ... generic registers:      6
May 28 06:51:48.925861 localhost kernel: ... value mask:             0000ffffffffffff
May 28 06:51:48.925865 localhost kernel: ... max period:             00007fffffffffff
May 28 06:51:48.925870 localhost kernel: ... fixed-purpose events:   0
May 28 06:51:48.925875 localhost kernel: ... event mask:             000000000000003f
May 28 06:51:48.925879 localhost kernel: signal: max sigframe size: 3376
May 28 06:51:48.925886 localhost kernel: rcu: Hierarchical SRCU implementation.
May 28 06:51:48.925891 localhost kernel: rcu:         Max phase no-delay instances is 1000.
May 28 06:51:48.925896 localhost kernel: smp: Bringing up secondary CPUs ...
May 28 06:51:48.925901 localhost kernel: smp: Brought up 1 node, 1 CPU
May 28 06:51:48.925905 localhost kernel: smpboot: Total of 1 processors activated (5602.32 BogoMIPS)
May 28 06:51:48.925910 localhost kernel: node 0 deferred pages initialised in 4ms
May 28 06:51:48.925915 localhost kernel: devtmpfs: initialized
May 28 06:51:48.925920 localhost kernel: x86/mm: Memory block size: 128MB
May 28 06:51:48.925924 localhost kernel: clocksource: jiffies: mask: 0xffffffff max_cycles: 0xffffffff, max_idle_ns: 6370867519511994 ns
May 28 06:51:48.925929 localhost kernel: futex hash table entries: 256 (order: 2, 16384 bytes, linear)
May 28 06:51:48.925934 localhost kernel: pinctrl core: initialized pinctrl subsystem
May 28 06:51:48.925939 localhost kernel: PM: RTC time: 10:51:47, date: 2024-05-28
May 28 06:51:48.925945 localhost kernel: NET: Registered PF_NETLINK/PF_ROUTE protocol family
May 28 06:51:48.925950 localhost kernel: DMA: preallocated 256 KiB GFP_KERNEL pool for atomic allocations
May 28 06:51:48.925955 localhost kernel: DMA: preallocated 256 KiB GFP_KERNEL|GFP_DMA pool for atomic allocations
May 28 06:51:48.925960 localhost kernel: DMA: preallocated 256 KiB GFP_KERNEL|GFP_DMA32 pool for atomic allocations
May 28 06:51:48.925964 localhost kernel: audit: initializing netlink subsys (disabled)
May 28 06:51:48.925969 localhost kernel: audit: type=2000 audit(1716893507.485:1): state=initialized audit_enabled=0 res=1
May 28 06:51:48.925974 localhost kernel: thermal_sys: Registered thermal governor 'fair_share'
May 28 06:51:48.925979 localhost kernel: thermal_sys: Registered thermal governor 'bang_bang'
May 28 06:51:48.925983 localhost kernel: thermal_sys: Registered thermal governor 'step_wise'
May 28 06:51:48.925988 localhost kernel: thermal_sys: Registered thermal governor 'user_space'
May 28 06:51:48.925993 localhost kernel: cpuidle: using governor ladder
May 28 06:51:48.925999 localhost kernel: cpuidle: using governor menu
May 28 06:51:48.926004 localhost kernel: acpiphp: ACPI Hot Plug PCI Controller Driver version: 0.5
May 28 06:51:48.926009 localhost kernel: PCI: Using configuration type 1 for base access
May 28 06:51:48.926013 localhost kernel: PCI: Using configuration type 1 for extended access
May 28 06:51:48.926018 localhost kernel: kprobes: kprobe jump-optimization is enabled. All kprobes are optimized if possible.
May 28 06:51:48.926023 localhost kernel: HugeTLB: registered 1.00 GiB page size, pre-allocated 0 pages
May 28 06:51:48.926028 localhost kernel: HugeTLB: 16380 KiB vmemmap can be freed for a 1.00 GiB page
May 28 06:51:48.926032 localhost kernel: HugeTLB: registered 2.00 MiB page size, pre-allocated 0 pages
May 28 06:51:48.926037 localhost kernel: HugeTLB: 28 KiB vmemmap can be freed for a 2.00 MiB page
May 28 06:51:48.926042 localhost kernel: Demotion targets for Node 0: null
May 28 06:51:48.926046 localhost kernel: ACPI: Added _OSI(Module Device)
May 28 06:51:48.926051 localhost kernel: ACPI: Added _OSI(Processor Device)
May 28 06:51:48.926057 localhost kernel: ACPI: Added _OSI(3.0 _SCP Extensions)
May 28 06:51:48.926062 localhost kernel: ACPI: Added _OSI(Processor Aggregator Device)
May 28 06:51:48.926067 localhost kernel: ACPI: 1 ACPI AML tables successfully acquired and loaded
May 28 06:51:48.926072 localhost kernel: ACPI: _OSC evaluation for CPUs failed, trying _PDC
May 28 06:51:48.926076 localhost kernel: ACPI: Interpreter enabled
May 28 06:51:48.926081 localhost kernel: ACPI: PM: (supports S0 S3 S4 S5)
May 28 06:51:48.926085 localhost kernel: ACPI: Using IOAPIC for interrupt routing
May 28 06:51:48.926090 localhost kernel: PCI: Using host bridge windows from ACPI; if necessary, use "pci=nocrs" and report a bug
May 28 06:51:48.926095 localhost kernel: PCI: Using E820 reservations for host bridge windows
May 28 06:51:48.926100 localhost kernel: ACPI: Enabled 2 GPEs in block 00 to 0F
May 28 06:51:48.926104 localhost kernel: ACPI: PCI Root Bridge [PCI0] (domain 0000 [bus 00-ff])
May 28 06:51:48.926253 localhost kernel: acpi PNP0A03:00: _OSC: OS supports [ExtendedConfig ASPM ClockPM Segments MSI EDR HPX-Type3]
May 28 06:51:48.926265 localhost kernel: acpiphp: Slot [3] registered
May 28 06:51:48.926271 localhost kernel: acpiphp: Slot [4] registered
May 28 06:51:48.926275 localhost kernel: acpiphp: Slot [5] registered
May 28 06:51:48.926280 localhost kernel: acpiphp: Slot [6] registered
May 28 06:51:48.926285 localhost kernel: acpiphp: Slot [7] registered
May 28 06:51:48.926289 localhost kernel: acpiphp: Slot [8] registered
May 28 06:51:48.926294 localhost kernel: acpiphp: Slot [9] registered
May 28 06:51:48.926299 localhost kernel: acpiphp: Slot [10] registered
May 28 06:51:48.926303 localhost kernel: acpiphp: Slot [11] registered
May 28 06:51:48.926308 localhost kernel: acpiphp: Slot [12] registered
May 28 06:51:48.926313 localhost kernel: acpiphp: Slot [13] registered
May 28 06:51:48.926319 localhost kernel: acpiphp: Slot [14] registered
May 28 06:51:48.926324 localhost kernel: acpiphp: Slot [15] registered
May 28 06:51:48.926328 localhost kernel: acpiphp: Slot [16] registered
May 28 06:51:48.926333 localhost kernel: acpiphp: Slot [17] registered
May 28 06:51:48.926337 localhost kernel: acpiphp: Slot [18] registered
May 28 06:51:48.926342 localhost kernel: acpiphp: Slot [19] registered
May 28 06:51:48.926347 localhost kernel: acpiphp: Slot [20] registered
May 28 06:51:48.926352 localhost kernel: acpiphp: Slot [21] registered
May 28 06:51:48.926373 localhost kernel: acpiphp: Slot [22] registered
May 28 06:51:48.926378 localhost kernel: acpiphp: Slot [23] registered
May 28 06:51:48.926382 localhost kernel: acpiphp: Slot [24] registered
May 28 06:51:48.926387 localhost kernel: acpiphp: Slot [25] registered
May 28 06:51:48.926394 localhost kernel: acpiphp: Slot [26] registered
May 28 06:51:48.926398 localhost kernel: acpiphp: Slot [27] registered
May 28 06:51:48.926403 localhost kernel: acpiphp: Slot [28] registered
May 28 06:51:48.926407 localhost kernel: acpiphp: Slot [29] registered
May 28 06:51:48.926412 localhost kernel: acpiphp: Slot [30] registered
May 28 06:51:48.926417 localhost kernel: acpiphp: Slot [31] registered
May 28 06:51:48.926421 localhost kernel: PCI host bridge to bus 0000:00
May 28 06:51:48.926538 localhost kernel: pci_bus 0000:00: root bus resource [io  0x0000-0x0cf7 window]
May 28 06:51:48.926630 localhost kernel: pci_bus 0000:00: root bus resource [io  0x0d00-0xffff window]
May 28 06:51:48.926718 localhost kernel: pci_bus 0000:00: root bus resource [mem 0x000a0000-0x000bffff window]
May 28 06:51:48.926803 localhost kernel: pci_bus 0000:00: root bus resource [mem 0x80000000-0xfebfffff window]
May 28 06:51:48.926892 localhost kernel: pci_bus 0000:00: root bus resource [mem 0x100000000-0x17fffffff window]
May 28 06:51:48.926979 localhost kernel: pci_bus 0000:00: root bus resource [bus 00-ff]
May 28 06:51:48.927091 localhost kernel: pci 0000:00:00.0: [8086:1237] type 00 class 0x060000 conventional PCI endpoint
May 28 06:51:48.927197 localhost kernel: pci 0000:00:01.0: [8086:7000] type 00 class 0x060100 conventional PCI endpoint
May 28 06:51:48.927307 localhost kernel: pci 0000:00:01.1: [8086:7010] type 00 class 0x010180 conventional PCI endpoint
May 28 06:51:48.927403 localhost kernel: pci 0000:00:01.1: BAR 4 [io  0xc1c0-0xc1cf]
May 28 06:51:48.927497 localhost kernel: pci 0000:00:01.1: BAR 0 [io  0x01f0-0x01f7]: legacy IDE quirk
May 28 06:51:48.927590 localhost kernel: pci 0000:00:01.1: BAR 1 [io  0x03f6]: legacy IDE quirk
May 28 06:51:48.927688 localhost kernel: pci 0000:00:01.1: BAR 2 [io  0x0170-0x0177]: legacy IDE quirk
May 28 06:51:48.927782 localhost kernel: pci 0000:00:01.1: BAR 3 [io  0x0376]: legacy IDE quirk
May 28 06:51:48.927884 localhost kernel: pci 0000:00:01.3: [8086:7113] type 00 class 0x068000 conventional PCI endpoint
May 28 06:51:48.927978 localhost kernel: pci 0000:00:01.3: quirk: [io  0x0600-0x063f] claimed by PIIX4 ACPI
May 28 06:51:48.928073 localhost kernel: pci 0000:00:01.3: quirk: [io  0x0700-0x070f] claimed by PIIX4 SMB
May 28 06:51:48.928175 localhost kernel: pci 0000:00:02.0: [1234:1111] type 00 class 0x030000 conventional PCI endpoint
May 28 06:51:48.928270 localhost kernel: pci 0000:00:02.0: BAR 0 [mem 0xfd000000-0xfdffffff pref]
May 28 06:51:48.928364 localhost kernel: pci 0000:00:02.0: BAR 2 [mem 0xfebd8000-0xfebd8fff]
May 28 06:51:48.928458 localhost kernel: pci 0000:00:02.0: ROM [mem 0xfebc0000-0xfebcffff pref]
May 28 06:51:48.928555 localhost kernel: pci 0000:00:02.0: Video device with shadowed ROM at [mem 0x000c0000-0x000dffff]
May 28 06:51:48.945822 localhost kernel: pci 0000:00:03.0: [8086:2668] type 00 class 0x040300 conventional PCI endpoint
May 28 06:51:48.945937 localhost kernel: pci 0000:00:03.0: BAR 0 [mem 0xfebd0000-0xfebd3fff]
May 28 06:51:48.946047 localhost kernel: pci 0000:00:04.0: [1af4:1000] type 00 class 0x020000 conventional PCI endpoint
May 28 06:51:48.946148 localhost kernel: pci 0000:00:04.0: BAR 0 [io  0xc180-0xc19f]
May 28 06:51:48.946246 localhost kernel: pci 0000:00:04.0: BAR 1 [mem 0xfebd9000-0xfebd9fff]
May 28 06:51:48.946341 localhost kernel: pci 0000:00:04.0: BAR 4 [mem 0xfe000000-0xfe003fff 64bit pref]
May 28 06:51:48.946446 localhost kernel: pci 0000:00:04.0: ROM [mem 0xfeb80000-0xfebbffff pref]
May 28 06:51:48.946551 localhost kernel: pci 0000:00:05.0: [1af4:1005] type 00 class 0x00ff00 conventional PCI endpoint
May 28 06:51:48.946657 localhost kernel: pci 0000:00:05.0: BAR 0 [io  0xc1a0-0xc1bf]
May 28 06:51:48.946751 localhost kernel: pci 0000:00:05.0: BAR 4 [mem 0xfe004000-0xfe007fff 64bit pref]
May 28 06:51:48.946855 localhost kernel: pci 0000:00:06.0: [1b36:000d] type 00 class 0x0c0330 conventional PCI endpoint
May 28 06:51:48.946949 localhost kernel: pci 0000:00:06.0: BAR 0 [mem 0xfebd4000-0xfebd7fff 64bit]
May 28 06:51:48.947066 localhost kernel: pci 0000:00:07.0: [1af4:1003] type 00 class 0x078000 conventional PCI endpoint
May 28 06:51:48.947162 localhost kernel: pci 0000:00:07.0: BAR 0 [io  0xc100-0xc13f]
May 28 06:51:48.947266 localhost kernel: pci 0000:00:07.0: BAR 1 [mem 0xfebda000-0xfebdafff]
May 28 06:51:48.947386 localhost kernel: pci 0000:00:07.0: BAR 4 [mem 0xfe008000-0xfe00bfff 64bit pref]
May 28 06:51:48.947507 localhost kernel: pci 0000:00:08.0: [1af4:1004] type 00 class 0x010000 conventional PCI endpoint
May 28 06:51:48.947608 localhost kernel: pci 0000:00:08.0: BAR 0 [io  0xc140-0xc17f]
May 28 06:51:48.947718 localhost kernel: pci 0000:00:08.0: BAR 1 [mem 0xfebdb000-0xfebdbfff]
May 28 06:51:48.947838 localhost kernel: pci 0000:00:08.0: BAR 4 [mem 0xfe00c000-0xfe00ffff 64bit pref]
May 28 06:51:48.947963 localhost kernel: pci 0000:00:09.0: [1af4:1001] type 00 class 0x010000 conventional PCI endpoint
May 28 06:51:48.948062 localhost kernel: pci 0000:00:09.0: BAR 0 [io  0xc000-0xc07f]
May 28 06:51:48.948157 localhost kernel: pci 0000:00:09.0: BAR 1 [mem 0xfebdc000-0xfebdcfff]
May 28 06:51:48.948250 localhost kernel: pci 0000:00:09.0: BAR 4 [mem 0xfe010000-0xfe013fff 64bit pref]
May 28 06:51:48.948353 localhost kernel: pci 0000:00:0a.0: [1af4:1001] type 00 class 0x010000 conventional PCI endpoint
May 28 06:51:48.948455 localhost kernel: pci 0000:00:0a.0: BAR 0 [io  0xc080-0xc0ff]
May 28 06:51:48.948552 localhost kernel: pci 0000:00:0a.0: BAR 1 [mem 0xfebdd000-0xfebddfff]
May 28 06:51:48.949063 localhost kernel: pci 0000:00:0a.0: BAR 4 [mem 0xfe014000-0xfe017fff 64bit pref]
May 28 06:51:48.949074 localhost kernel: ACPI: PCI: Interrupt link LNKA configured for IRQ 10
May 28 06:51:48.949080 localhost kernel: ACPI: PCI: Interrupt link LNKB configured for IRQ 10
May 28 06:51:48.949085 localhost kernel: ACPI: PCI: Interrupt link LNKC configured for IRQ 11
May 28 06:51:48.949090 localhost kernel: ACPI: PCI: Interrupt link LNKD configured for IRQ 11
May 28 06:51:48.949095 localhost kernel: ACPI: PCI: Interrupt link LNKS configured for IRQ 9
May 28 06:51:48.949100 localhost kernel: iommu: Default domain type: Passthrough
May 28 06:51:48.949105 localhost kernel: pps_core: LinuxPPS API ver. 1 registered
May 28 06:51:48.949110 localhost kernel: pps_core: Software ver. 5.3.6 - Copyright 2005-2007 Rodolfo Giometti <giometti@linux.it>
May 28 06:51:48.949119 localhost kernel: PTP clock support registered
May 28 06:51:48.949123 localhost kernel: EDAC MC: Ver: 3.0.0
May 28 06:51:48.949128 localhost kernel: NetLabel: Initializing
May 28 06:51:48.949133 localhost kernel: NetLabel:  domain hash size = 128
May 28 06:51:48.949138 localhost kernel: NetLabel:  protocols = UNLABELED CIPSOv4 CALIPSO
May 28 06:51:48.949143 localhost kernel: NetLabel:  unlabeled traffic allowed by default
May 28 06:51:48.949147 localhost kernel: mctp: management component transport protocol core
May 28 06:51:48.949152 localhost kernel: NET: Registered PF_MCTP protocol family
May 28 06:51:48.949157 localhost kernel: PCI: Using ACPI for IRQ routing
May 28 06:51:48.949161 localhost kernel: PCI: pci_cache_line_size set to 64 bytes
May 28 06:51:48.949166 localhost kernel: e820: reserve RAM buffer [mem 0x0009fc00-0x0009ffff]
May 28 06:51:48.949171 localhost kernel: e820: reserve RAM buffer [mem 0x7ffd6000-0x7fffffff]
May 28 06:51:48.949274 localhost kernel: pci 0000:00:02.0: vgaarb: setting as boot VGA device
May 28 06:51:48.949371 localhost kernel: pci 0000:00:02.0: vgaarb: bridge control possible
May 28 06:51:48.949465 localhost kernel: pci 0000:00:02.0: vgaarb: VGA device added: decodes=io+mem,owns=io+mem,locks=none
May 28 06:51:48.949472 localhost kernel: vgaarb: loaded
May 28 06:51:48.949477 localhost kernel: hpet0: at MMIO 0xfed00000, IRQs 2, 8, 0
May 28 06:51:48.949482 localhost kernel: hpet0: 3 comparators, 64-bit 100.000000 MHz counter
May 28 06:51:48.949487 localhost kernel: clocksource: Switched to clocksource kvm-clock
May 28 06:51:48.949491 localhost kernel: VFS: Disk quotas dquot_6.6.0
May 28 06:51:48.949497 localhost kernel: VFS: Dquot-cache hash table entries: 512 (order 0, 4096 bytes)
May 28 06:51:48.949501 localhost kernel: AppArmor: AppArmor Filesystem Enabled
May 28 06:51:48.949506 localhost kernel: pnp: PnP ACPI init
May 28 06:51:48.949613 localhost kernel: pnp 00:02: [dma 2]
May 28 06:51:48.949621 localhost kernel: pnp: PnP ACPI: found 6 devices
May 28 06:51:48.949626 localhost kernel: clocksource: acpi_pm: mask: 0xffffff max_cycles: 0xffffff, max_idle_ns: 2085701024 ns
May 28 06:51:48.949631 localhost kernel: NET: Registered PF_INET protocol family
May 28 06:51:48.949636 localhost kernel: IP idents hash table entries: 32768 (order: 6, 262144 bytes, linear)
May 28 06:51:48.949641 localhost kernel: tcp_listen_portaddr_hash hash table entries: 1024 (order: 2, 16384 bytes, linear)
May 28 06:51:48.949646 localhost kernel: Table-perturb hash table entries: 65536 (order: 6, 262144 bytes, linear)
May 28 06:51:48.949651 localhost kernel: TCP established hash table entries: 16384 (order: 5, 131072 bytes, linear)
May 28 06:51:48.949656 localhost kernel: TCP bind hash table entries: 16384 (order: 7, 524288 bytes, linear)
May 28 06:51:48.949660 localhost kernel: TCP: Hash tables configured (established 16384 bind 16384)
May 28 06:51:48.949665 localhost kernel: MPTCP token hash table entries: 2048 (order: 3, 49152 bytes, linear)
May 28 06:51:48.949672 localhost kernel: UDP hash table entries: 1024 (order: 3, 32768 bytes, linear)
May 28 06:51:48.949677 localhost kernel: UDP-Lite hash table entries: 1024 (order: 3, 32768 bytes, linear)
May 28 06:51:48.949682 localhost kernel: NET: Registered PF_UNIX/PF_LOCAL protocol family
May 28 06:51:48.949687 localhost kernel: NET: Registered PF_XDP protocol family
May 28 06:51:48.949776 localhost kernel: pci_bus 0000:00: resource 4 [io  0x0000-0x0cf7 window]
May 28 06:51:48.949862 localhost kernel: pci_bus 0000:00: resource 5 [io  0x0d00-0xffff window]
May 28 06:51:48.949947 localhost kernel: pci_bus 0000:00: resource 6 [mem 0x000a0000-0x000bffff window]
May 28 06:51:48.950032 localhost kernel: pci_bus 0000:00: resource 7 [mem 0x80000000-0xfebfffff window]
May 28 06:51:48.950121 localhost kernel: pci_bus 0000:00: resource 8 [mem 0x100000000-0x17fffffff window]
May 28 06:51:48.950220 localhost kernel: pci 0000:00:01.0: PIIX3: Enabling Passive Release
May 28 06:51:48.950317 localhost kernel: pci 0000:00:00.0: Limiting direct PCI/PCI transfers
May 28 06:51:48.950328 localhost kernel: ACPI: \_SB_.LNKB: Enabled at IRQ 10
May 28 06:51:48.950447 localhost kernel: pci 0000:00:06.0: quirk_usb_early_handoff+0x0/0x710 took 72496 usecs
May 28 06:51:48.950455 localhost kernel: PCI: CLS 0 bytes, default 64
May 28 06:51:48.950460 localhost kernel: Trying to unpack rootfs image as initramfs...
May 28 06:51:48.950465 localhost kernel: clocksource: tsc: mask: 0xffffffffffffffff max_cycles: 0x285c3ee517e, max_idle_ns: 440795257231 ns
May 28 06:51:48.950480 localhost kernel: Initialise system trusted keyrings
May 28 06:51:48.950486 localhost kernel: Key type blacklist registered
May 28 06:51:48.950491 localhost kernel: workingset: timestamp_bits=36 max_order=19 bucket_order=0
May 28 06:51:48.950496 localhost kernel: zbud: loaded
May 28 06:51:48.950501 localhost kernel: integrity: Platform Keyring initialized
May 28 06:51:48.950506 localhost kernel: integrity: Machine keyring initialized
May 28 06:51:48.950511 localhost kernel: Key type asymmetric registered
May 28 06:51:48.950516 localhost kernel: Asymmetric key parser 'x509' registered
May 28 06:51:48.950521 localhost kernel: Freeing initrd memory: 25456K
May 28 06:51:48.950526 localhost kernel: Block layer SCSI generic (bsg) driver version 0.4 loaded (major 247)
May 28 06:51:48.950531 localhost kernel: io scheduler mq-deadline registered
May 28 06:51:48.950535 localhost kernel: io scheduler kyber registered
May 28 06:51:48.950542 localhost kernel: io scheduler bfq registered
May 28 06:51:48.950546 localhost kernel: shpchp: Standard Hot Plug PCI Controller Driver version: 0.4
May 28 06:51:48.950551 localhost kernel: ACPI: \_SB_.LNKD: Enabled at IRQ 11
May 28 06:51:48.950556 localhost kernel: ACPI: \_SB_.LNKA: Enabled at IRQ 10
May 28 06:51:48.950561 localhost kernel: ACPI: \_SB_.LNKC: Enabled at IRQ 11
May 28 06:51:48.950566 localhost kernel: Serial: 8250/16550 driver, 32 ports, IRQ sharing enabled
May 28 06:51:48.950571 localhost kernel: 00:04: ttyS0 at I/O 0x3f8 (irq = 4, base_baud = 115200) is a 16550A
May 28 06:51:48.950575 localhost kernel: Non-volatile memory driver v1.3
May 28 06:51:48.950580 localhost kernel: Linux agpgart interface v0.103
May 28 06:51:48.950585 localhost kernel: ACPI: bus type drm_connector registered
May 28 06:51:48.950590 localhost kernel: i8042: PNP: PS/2 Controller [PNP0303:KBD,PNP0f13:MOU] at 0x60,0x64 irq 1,12
May 28 06:51:48.950596 localhost kernel: serio: i8042 KBD port at 0x60,0x64 irq 1
May 28 06:51:48.950601 localhost kernel: serio: i8042 AUX port at 0x60,0x64 irq 12
May 28 06:51:48.950605 localhost kernel: mousedev: PS/2 mouse device common for all mice
May 28 06:51:48.950610 localhost kernel: input: AT Translated Set 2 keyboard as /devices/platform/i8042/serio0/input/input0
May 28 06:51:48.950617 localhost kernel: input: VirtualPS/2 VMware VMMouse as /devices/platform/i8042/serio1/input/input3
May 28 06:51:48.950718 localhost kernel: rtc_cmos 00:05: RTC can wake from S4
May 28 06:51:48.950726 localhost kernel: input: VirtualPS/2 VMware VMMouse as /devices/platform/i8042/serio1/input/input2
May 28 06:51:48.950814 localhost kernel: rtc_cmos 00:05: registered as rtc0
May 28 06:51:48.950902 localhost kernel: rtc_cmos 00:05: setting system clock to 2024-05-28T10:51:48 UTC (1716893508)
May 28 06:51:48.950990 localhost kernel: rtc_cmos 00:05: alarms up to one day, y3k, 242 bytes nvram, hpet irqs
May 28 06:51:48.950997 localhost kernel: amd_pstate: the _CPC object is not present in SBIOS or ACPI disabled
May 28 06:51:48.951002 localhost kernel: ledtrig-cpu: registered to indicate activity on CPUs
May 28 06:51:48.951007 localhost kernel: [drm] Initialized simpledrm 1.0.0 20200625 for simple-framebuffer.0 on minor 0
May 28 06:51:48.951117 localhost kernel: simple-framebuffer simple-framebuffer.0: [drm] User-defined mode not supported: "1024x768": 60 64127 1024 1080 1184 1344 768 769 772 795 0x20 0x6
May 28 06:51:48.951128 localhost kernel: Console: switching to colour frame buffer device 100x37
May 28 06:51:48.951232 localhost kernel: simple-framebuffer simple-framebuffer.0: [drm] fb0: simpledrmdrmfb frame buffer device
May 28 06:51:48.951244 localhost kernel: hid: raw HID events driver (C) Jiri Kosina
May 28 06:51:48.951249 localhost kernel: drop_monitor: Initializing network drop monitor service
May 28 06:51:48.951254 localhost kernel: NET: Registered PF_INET6 protocol family
May 28 06:51:48.951259 localhost kernel: Segment Routing with IPv6
May 28 06:51:48.951263 localhost kernel: RPL Segment Routing with IPv6
May 28 06:51:48.951268 localhost kernel: In-situ OAM (IOAM) with IPv6
May 28 06:51:48.951273 localhost kernel: IPI shorthand broadcast: enabled
May 28 06:51:48.951278 localhost kernel: sched_clock: Marking stable (996671469, 126832994)->(1279963827, -156459364)
May 28 06:51:48.951282 localhost kernel: registered taskstats version 1
May 28 06:51:48.951290 localhost kernel: Loading compiled-in X.509 certificates
May 28 06:51:48.951295 localhost kernel: Loaded X.509 cert 'openSUSE Secure Boot Signkey: fd9f2c12e599d67cc7f9067541adf426b712469e'
May 28 06:51:48.951300 localhost kernel: page_owner is disabled
May 28 06:51:48.951305 localhost kernel: Key type .fscrypt registered
May 28 06:51:48.951310 localhost kernel: Key type fscrypt-provisioning registered
May 28 06:51:48.951315 localhost kernel: Key type encrypted registered
May 28 06:51:48.951319 localhost kernel: AppArmor: AppArmor sha256 policy hashing enabled
May 28 06:51:48.951324 localhost kernel: ima: No TPM chip found, activating TPM-bypass!
May 28 06:51:48.951329 localhost kernel: Loading compiled-in module X.509 certificates
May 28 06:51:48.951333 localhost kernel: Loaded X.509 cert 'openSUSE Secure Boot Signkey: fd9f2c12e599d67cc7f9067541adf426b712469e'
May 28 06:51:48.951338 localhost kernel: ima: Allocated hash algorithm: sha256
May 28 06:51:48.951343 localhost kernel: ima: No architecture policies found
May 28 06:51:48.951349 localhost kernel: evm: Initialising EVM extended attributes:
May 28 06:51:48.951354 localhost kernel: evm: security.selinux
May 28 06:51:48.951359 localhost kernel: evm: security.SMACK64 (disabled)
May 28 06:51:48.951363 localhost kernel: evm: security.SMACK64EXEC (disabled)
May 28 06:51:48.951368 localhost kernel: evm: security.SMACK64TRANSMUTE (disabled)
May 28 06:51:48.951373 localhost kernel: evm: security.SMACK64MMAP (disabled)
May 28 06:51:48.951378 localhost kernel: evm: security.apparmor
May 28 06:51:48.951382 localhost kernel: evm: security.ima
May 28 06:51:48.951387 localhost kernel: evm: security.capability
May 28 06:51:48.951392 localhost kernel: evm: HMAC attrs: 0x1
May 28 06:51:48.951396 localhost kernel: PM:   Magic number: 8:497:882
May 28 06:51:48.951401 localhost kernel: RAS: Correctable Errors collector initialized.
May 28 06:51:48.951407 localhost kernel: clk: Disabling unused clocks
May 28 06:51:48.951412 localhost kernel: PM: genpd: Disabling unused power domains
May 28 06:51:48.951417 localhost kernel: Freeing unused decrypted memory: 2028K
May 28 06:51:48.951421 localhost kernel: Freeing unused kernel image (initmem) memory: 4224K
May 28 06:51:48.951426 localhost kernel: Write protecting the kernel read-only data: 30720k
May 28 06:51:48.951431 localhost kernel: Freeing unused kernel image (rodata/data gap) memory: 1316K
May 28 06:51:48.951436 localhost kernel: Run /init as init process
May 28 06:51:48.951440 localhost kernel:   with arguments:
May 28 06:51:48.951445 localhost kernel:     /init
May 28 06:51:48.951450 localhost kernel:   with environment:
May 28 06:51:48.951454 localhost kernel:     HOME=/
May 28 06:51:48.951459 localhost kernel:     TERM=linux
May 28 06:51:48.951464 localhost kernel:     BOOT_IMAGE=/boot/vmlinuz-6.9.1-1-default
May 28 06:51:48.951470 localhost kernel:     splash=silent
May 28 06:51:48.951477 localhost systemd[1]: systemd 255.6+suse.30.g3ea0e1dff3 running in system mode (+PAM +AUDIT +SELINUX +APPARMOR +IMA -SMACK +SECCOMP +GCRYPT +GNUTLS +OPENSSL +ACL +BLKID +CURL +ELFUTILS +FIDO2 +IDN2 -IDN +IPTC +KMOD +LIBCRYPTSETUP +LIBFDISK +PCRE2 +PWQUALITY +P11KIT +QRENCODE +TPM2 +BZIP2 +LZ4 +XZ +ZLIB +ZSTD +BPF_FRAMEWORK -XKBCOMMON -UTMP +SYSVINIT default-hierarchy=unified)
May 28 06:51:48.951484 localhost systemd[1]: Detected virtualization kvm.
May 28 06:51:48.951489 localhost systemd[1]: Detected architecture x86-64.
May 28 06:51:48.951495 localhost systemd[1]: Running in initrd.
May 28 06:51:48.951500 localhost systemd[1]: No hostname configured, using default hostname.
May 28 06:51:48.951505 localhost systemd[1]: Hostname set to <localhost>.
May 28 06:51:48.951510 localhost systemd[1]: Initializing machine ID from random generator.
May 28 06:51:48.951518 localhost systemd[1]: /usr/lib/systemd/system/plymouth-start.service:15: Unit uses KillMode=none. This is unsafe, as it disables systemd's process lifecycle management for the service. Please update the service to use a safer KillMode=, such as 'mixed' or 'control-group'. Support for KillMode=none is deprecated and will eventually be removed.
May 28 06:51:48.951523 localhost systemd[1]: Queued start job for default target Initrd Default Target.
May 28 06:51:48.951529 localhost systemd[1]: Expecting device /dev/disk/by-uuid/350ef8df-2937-4484-9b74-cdf0b1f4c465...
May 28 06:51:48.951534 localhost systemd[1]: Expecting device /dev/disk/by-uuid/e30f2f24-8ebe-4eb2-a3e4-7f94c08f2814...
May 28 06:51:48.951539 localhost systemd[1]: Reached target Initrd /usr File System.
May 28 06:51:48.951544 localhost systemd[1]: Reached target Slice Units.
May 28 06:51:48.951549 localhost systemd[1]: Reached target Swaps.
May 28 06:51:48.951555 localhost systemd[1]: Reached target Timer Units.
May 28 06:51:48.951560 localhost systemd[1]: Listening on Journal Socket (/dev/log).
May 28 06:51:48.951565 localhost systemd[1]: Listening on Journal Socket.
May 28 06:51:48.951573 localhost systemd[1]: Listening on udev Control Socket.
May 28 06:51:48.951578 localhost systemd[1]: Listening on udev Kernel Socket.
May 28 06:51:48.951584 localhost systemd[1]: Reached target Socket Units.
May 28 06:51:48.951589 localhost systemd[1]: Starting Create List of Static Device Nodes...
May 28 06:51:48.951594 localhost systemd[1]: Started Hardware RNG Entropy Gatherer Daemon.
May 28 06:51:48.951599 localhost systemd[1]: Starting Journal Service...
May 28 06:51:48.951604 localhost systemd[1]: Load Kernel Modules was skipped because no trigger condition checks were met.
May 28 06:51:48.951627 localhost systemd-journald[173]: Collecting audit messages is disabled.
May 28 06:51:48.951643 localhost systemd[1]: Starting Apply Kernel Variables...
May 28 06:51:48.951649 localhost systemd[1]: Starting Virtual Console Setup...
May 28 06:51:48.951654 localhost systemd[1]: Finished Create List of Static Device Nodes.
May 28 06:51:48.951660 localhost systemd-journald[173]: Journal started
May 28 06:51:48.951673 localhost systemd-journald[173]: Runtime Journal (/run/log/journal/5ef4efbd603d4b778938e3b270c9001e) is 4.9M, max 39.4M, 34.5M free.
May 28 06:51:48.951813 localhost rngd[172]: Initializing available sources
May 28 06:51:48.951813 localhost rngd[172]: [hwrng ]: Initialized
May 28 06:51:48.951813 localhost rngd[172]: [rdrand]: Enabling RDSEED rng support
May 28 06:51:48.951813 localhost rngd[172]: [rdrand]: Initialized
May 28 06:51:48.951813 localhost rngd[172]: [pkcs11]: Unable to load pkcs11 engine: could not load the shared library
May 28 06:51:48.951813 localhost rngd[172]: [pkcs11]: Initialization Failed
May 28 06:51:48.955975 localhost systemd[1]: Finished Apply Kernel Variables.
May 28 06:51:48.955987 localhost systemd[1]: Started Journal Service.
May 28 06:51:48.969059 localhost systemd[1]: Starting Create Static Device Nodes in /dev gracefully...
May 28 06:51:48.982177 localhost systemd[1]: Finished Create Static Device Nodes in /dev gracefully.
May 28 06:51:48.992072 localhost systemd[1]: Starting Create Static Device Nodes in /dev...
May 28 06:51:49.002440 localhost systemd[1]: Finished Create Static Device Nodes in /dev.
May 28 06:51:49.013753 localhost systemd[1]: Finished Virtual Console Setup.
May 28 06:51:49.028773 localhost systemd[1]: Starting dracut ask for additional cmdline parameters...
May 28 06:51:49.057370 localhost systemd[1]: Finished dracut ask for additional cmdline parameters.
May 28 06:51:49.071998 localhost systemd[1]: Starting dracut cmdline hook...
May 28 06:51:49.088450 localhost dracut-cmdline[204]: dracut-059+suse.588.g528264be-1.1
May 28 06:51:49.091136 localhost dracut-cmdline[204]: Using kernel command line parameters:  rd.driver.pre=btrfs resume=UUID=350ef8df-2937-4484-9b74-cdf0b1f4c465 root=UUID=e30f2f24-8ebe-4eb2-a3e4-7f94c08f2814 rootfstype=btrfs rootflags=rw,relatime,discard=async,space_cache=v2,subvolid=266,subvol=/@/.snapshots/1/snapshot,subvol=@/.snapshots/1/snapshot   BOOT_IMAGE=/boot/vmlinuz-6.9.1-1-default root=UUID=e30f2f24-8ebe-4eb2-a3e4-7f94c08f2814 splash=silent video=1024x768 plymouth.ignore-serial-consoles console=ttyS0 console=tty kernel.softlockup_panic=1 resume=/dev/disk/by-uuid/350ef8df-2937-4484-9b74-cdf0b1f4c465 security=apparmor mitigations=auto
May 28 06:51:49.130867 localhost systemd[1]: Finished dracut cmdline hook.
May 28 06:51:49.142089 localhost systemd[1]: Starting dracut pre-udev hook...
May 28 06:51:49.385373 localhost kernel: raid6: avx2x4   gen() 34608 MB/s
May 28 06:51:49.385443 localhost kernel: raid6: avx2x2   gen() 30132 MB/s
May 28 06:51:49.385471 localhost kernel: raid6: avx2x1   gen() 27466 MB/s
May 28 06:51:49.385482 localhost kernel: raid6: using algorithm avx2x4 gen() 34608 MB/s
May 28 06:51:49.385494 localhost kernel: raid6: .... xor() 5445 MB/s, rmw enabled
May 28 06:51:49.385505 localhost kernel: raid6: using avx2x2 recovery algorithm
May 28 06:51:49.389693 localhost kernel: xor: automatically using best checksumming function   avx       
May 28 06:51:49.501928 localhost kernel: Btrfs loaded, assert=on, zoned=yes, fsverity=yes
May 28 06:51:49.510752 localhost systemd[1]: Finished dracut pre-udev hook.
May 28 06:51:49.522161 localhost systemd[1]: Starting Rule-based Manager for Device Events and Files...
May 28 06:51:49.533505 localhost systemd-udevd[305]: Using default interface naming scheme 'v255'.
May 28 06:51:49.536044 localhost systemd[1]: Started Rule-based Manager for Device Events and Files.
May 28 06:51:49.536581 localhost systemd[1]: dracut pre-trigger hook was skipped because no trigger condition checks were met.
May 28 06:51:49.548816 localhost systemd[1]: Starting Coldplug All udev Devices...
May 28 06:51:49.639269 localhost systemd[1]: Finished Coldplug All udev Devices.
May 28 06:51:49.712069 localhost kernel: virtio_blk virtio4: 1/0/0 default/read/poll queues
May 28 06:51:49.762484 localhost kernel: virtio_blk virtio4: [vda] 62914560 512-byte logical blocks (32.2 GB/30.0 GiB)
May 28 06:51:49.792490 localhost kernel: FDC 0 is a S82078B
May 28 06:51:49.792510 localhost kernel: cryptd: max_cpu_qlen set to 1000
May 28 06:51:49.798592 localhost kernel: SCSI subsystem initialized
May 28 06:51:49.810044 localhost kernel: ACPI: bus type USB registered
May 28 06:51:49.822247 localhost kernel: usbcore: registered new interface driver usbfs
May 28 06:51:49.822267 localhost kernel: usbcore: registered new interface driver hub
May 28 06:51:49.822276 localhost kernel: usbcore: registered new device driver usb
May 28 06:51:49.822283 localhost kernel: AVX2 version of gcm_enc/dec engaged.
May 28 06:51:49.828895 localhost kernel: Console: switching to colour dummy device 80x25
May 28 06:51:49.828914 localhost kernel: alua: device handler registered
May 28 06:51:49.828922 localhost kernel: rdac: device handler registered
May 28 06:51:49.831937 localhost kernel: AES CTR mode by8 optimization enabled
May 28 06:51:49.839032 localhost kernel: emc: device handler registered
May 28 06:51:49.842255 localhost kernel: bochs-drm 0000:00:02.0: vgaarb: deactivate vga console
May 28 06:51:49.842417 localhost kernel: [drm] Found bochs VGA, ID 0xb0c5.
May 28 06:51:49.842426 localhost kernel: [drm] Framebuffer size 16384 kB @ 0xfd000000, mmio @ 0xfebd8000.
May 28 06:51:49.869425 localhost kernel: [drm] Found EDID data blob.
May 28 06:51:49.869450 localhost kernel:  vda: vda1 vda2 vda3
May 28 06:51:49.869458 localhost kernel: virtio_blk virtio5: 1/0/0 default/read/poll queues
May 28 06:51:49.875408 localhost kernel: virtio_scsi virtio3: 1/0/0 default/read/poll queues
May 28 06:51:49.875553 localhost kernel: scsi host0: Virtio SCSI HBA
May 28 06:51:49.893969 localhost kernel: virtio_blk virtio5: [vdb] 41943040 512-byte logical blocks (21.5 GB/20.0 GiB)
May 28 06:51:49.894109 localhost kernel: [drm] Initialized bochs-drm 1.0.0 20130925 for 0000:00:02.0 on minor 0
May 28 06:51:49.946948 localhost kernel: fbcon: bochs-drmdrmfb (fb0) is primary device
May 28 06:51:49.992102 localhost kernel: scsi 0:0:0:0: CD-ROM            QEMU     QEMU CD-ROM      2.5+ PQ: 0 ANSI: 5
May 28 06:51:49.995422 localhost kernel: libata version 3.00 loaded.
May 28 06:51:49.995356 localhost systemd[1]: Starting dracut initqueue hook...
May 28 06:51:50.015305 localhost kernel: xhci_hcd 0000:00:06.0: xHCI Host Controller
May 28 06:51:50.015470 localhost kernel: xhci_hcd 0000:00:06.0: new USB bus registered, assigned bus number 1
May 28 06:51:50.015588 localhost kernel: xhci_hcd 0000:00:06.0: hcc params 0x00087001 hci version 0x100 quirks 0x0000000000000010
May 28 06:51:50.018613 localhost kernel: xhci_hcd 0000:00:06.0: xHCI Host Controller
May 28 06:51:50.018765 localhost kernel: xhci_hcd 0000:00:06.0: new USB bus registered, assigned bus number 2
May 28 06:51:50.018879 localhost kernel: xhci_hcd 0000:00:06.0: Host supports USB 3.0 SuperSpeed
May 28 06:51:50.018989 localhost kernel: usb usb1: New USB device found, idVendor=1d6b, idProduct=0002, bcdDevice= 6.09
May 28 06:51:50.019111 localhost kernel: usb usb1: New USB device strings: Mfr=3, Product=2, SerialNumber=1
May 28 06:51:50.019212 localhost kernel: usb usb1: Product: xHCI Host Controller
May 28 06:51:50.019310 localhost kernel: usb usb1: Manufacturer: Linux 6.9.1-1-default xhci-hcd
May 28 06:51:50.019406 localhost kernel: usb usb1: SerialNumber: 0000:00:06.0
May 28 06:51:50.019502 localhost kernel: hub 1-0:1.0: USB hub found
May 28 06:51:50.019626 localhost kernel: hub 1-0:1.0: 4 ports detected
May 28 06:51:50.022203 localhost kernel: usb usb2: We don't know the algorithms for LPM for this host, disabling LPM.
May 28 06:51:50.022374 localhost kernel: usb usb2: New USB device found, idVendor=1d6b, idProduct=0003, bcdDevice= 6.09
May 28 06:51:50.022488 localhost kernel: usb usb2: New USB device strings: Mfr=3, Product=2, SerialNumber=1
May 28 06:51:50.022591 localhost kernel: usb usb2: Product: xHCI Host Controller
May 28 06:51:50.022689 localhost kernel: usb usb2: Manufacturer: Linux 6.9.1-1-default xhci-hcd
May 28 06:51:50.022787 localhost kernel: usb usb2: SerialNumber: 0000:00:06.0
May 28 06:51:50.022883 localhost kernel: hub 2-0:1.0: USB hub found
May 28 06:51:50.025311 localhost kernel: hub 2-0:1.0: 4 ports detected
May 28 06:51:50.170867 localhost kernel: Console: switching to colour frame buffer device 128x48
May 28 06:51:50.310991 localhost kernel: bochs-drm 0000:00:02.0: [drm] fb0: bochs-drmdrmfb frame buffer device
May 28 06:51:50.310160 localhost systemd[1]: systemd-vconsole-setup.service: Deactivated successfully.
May 28 06:51:50.310222 localhost systemd[1]: Stopped Virtual Console Setup.
May 28 06:51:50.310600 localhost systemd[1]: Stopping Virtual Console Setup...
May 28 06:51:50.435088 localhost kernel: usb 1-1: new high-speed USB device number 2 using xhci_hcd
May 28 06:51:50.450538 localhost kernel: scsi 0:0:0:0: Attached scsi generic sg0 type 5
May 28 06:51:50.448869 localhost systemd[1]: Starting Virtual Console Setup...
May 28 06:51:50.468815 localhost kernel: ata_piix 0000:00:01.1: version 2.13
May 28 06:51:50.472356 localhost kernel: sr 0:0:0:0: Power-on or device reset occurred
May 28 06:51:50.482059 localhost kernel: sr 0:0:0:0: [sr0] scsi3-mmc drive: 16x/50x cd/rw xa/form2 cdda tray
May 28 06:51:50.482220 localhost kernel: cdrom: Uniform CD-ROM driver Revision: 3.20
May 28 06:51:50.482841 localhost systemd[1]: systemd-vconsole-setup.service: Deactivated successfully.
May 28 06:51:50.482992 localhost systemd[1]: Stopped Virtual Console Setup.
May 28 06:51:50.498010 localhost kernel: scsi host1: ata_piix
May 28 06:51:50.498056 localhost kernel: sr 0:0:0:0: Attached scsi CD-ROM sr0
May 28 06:51:50.495411 localhost systemd[1]: Starting Virtual Console Setup...
May 28 06:51:50.518630 localhost kernel: scsi host2: ata_piix
May 28 06:51:50.529148 localhost kernel: ata1: PATA max MWDMA2 cmd 0x1f0 ctl 0x3f6 bmdma 0xc1c0 irq 14 lpm-pol 0
May 28 06:51:50.529171 localhost kernel: ata2: PATA max MWDMA2 cmd 0x170 ctl 0x376 bmdma 0xc1c8 irq 15 lpm-pol 0
May 28 06:51:50.537935 localhost systemd[1]: Found device /dev/disk/by-uuid/350ef8df-2937-4484-9b74-cdf0b1f4c465.
May 28 06:51:50.546772 localhost 55-scsi-sg3_id.rules[406]: WARNING: SCSI device sr0 has no device ID, consider changing .SCSI_ID_SERIAL_SRC in 00-scsi-sg3_config.rules
May 28 06:51:50.551728 localhost systemd[1]: Found device /dev/disk/by-uuid/e30f2f24-8ebe-4eb2-a3e4-7f94c08f2814.
May 28 06:51:50.665676 localhost systemd[1]: Reached target Initrd Root Device.
May 28 06:51:50.699433 localhost kernel: usb 1-1: New USB device found, idVendor=0627, idProduct=0001, bcdDevice= 0.00
May 28 06:51:50.699583 localhost kernel: usb 1-1: New USB device strings: Mfr=1, Product=3, SerialNumber=10
May 28 06:51:50.699692 localhost kernel: usb 1-1: Product: QEMU USB Tablet
May 28 06:51:50.699794 localhost kernel: usb 1-1: Manufacturer: QEMU
May 28 06:51:50.699893 localhost kernel: usb 1-1: SerialNumber: 28754-0000:00:06.0-1
May 28 06:51:50.710354 localhost systemd[1]: Starting Resume from hibernation...
May 28 06:51:50.710885 localhost systemd[1]: Finished Virtual Console Setup.
May 28 06:51:50.721181 localhost kernel: PM: Image not found (code -22)
May 28 06:51:50.721200 localhost kernel: usbcore: registered new interface driver usbhid
May 28 06:51:50.721208 localhost kernel: usbhid: USB HID core driver
May 28 06:51:50.727969 localhost kernel: input: QEMU QEMU USB Tablet as /devices/pci0000:00/0000:00:06.0/usb1/1-1/1-1:1.0/0003:0627:0001.0001/input/input4
May 28 06:51:50.730574 localhost kernel: hid-generic 0003:0627:0001.0001: input,hidraw0: USB HID v0.01 Mouse [QEMU QEMU USB Tablet] on usb-0000:00:06.0-1/input0
May 28 06:51:50.733451 localhost systemd[1]: Starting Show Plymouth Boot Screen...
May 28 06:51:50.733985 localhost systemd[1]: systemd-hibernate-resume.service: Deactivated successfully.
May 28 06:51:50.734108 localhost systemd[1]: Finished Resume from hibernation.
May 28 06:51:50.734802 localhost systemd[1]: Reached target Preparation for Local File Systems.
May 28 06:51:50.735131 localhost systemd[1]: Reached target Local File Systems.
May 28 06:51:50.737409 localhost plymouthd[415]: 00:00:03.207 ply-utils.c:932:ply_get_kernel_command_line                   : opening /proc/cmdline
May 28 06:51:50.737409 localhost plymouthd[415]: 00:00:03.207 ply-utils.c:940:ply_get_kernel_command_line                   : reading kernel command line
May 28 06:51:50.737409 localhost plymouthd[415]: 00:00:03.207 ply-utils.c:959:ply_get_kernel_command_line                   : Kernel command line is: 'BOOT_IMAGE=/boot/vmlinuz-6.9.1-1-default root=UUID=e30f2f24-8ebe-4eb2-a3e4-7f94c08f2814 splash=silent video=1024x768 plymouth.ignore-serial-consoles console=ttyS0 console=tty kernel.softlockup_panic=1 resume=/dev/disk/by-uuid/350ef8df-2937-4484-9b74-cdf0b1f4c465 security=apparmor mitigations=auto
May 28 06:51:50.737409 localhost plymouthd[415]: '
May 28 06:51:50.737409 localhost plymouthd[415]: 00:00:03.207 main.c:1938:check_logging                                     : checking if console messages should be redirected and logged
May 28 06:51:50.737409 localhost plymouthd[415]: 00:00:03.207 main.c:1947:check_logging                                     : logging will be enabled!
May 28 06:51:50.737409 localhost plymouthd[415]: 00:00:03.207 main.c:2017:initialize_environment                            : source built on Aug 28 2023
May 28 06:51:50.742019 localhost systemd[1]: Starting Create Volatile Files and Directories...
May 28 06:51:50.759175 localhost systemd[1]: Received SIGRTMIN+20 from PID 415 (plymouthd).
May 28 06:51:50.771469 localhost systemd[1]: Started Show Plymouth Boot Screen.
May 28 06:51:50.771613 localhost systemd[1]: Dispatch Password Requests to Console Directory Watch was skipped because of an unmet condition check (ConditionPathExists=!/run/plymouth/pid).
May 28 06:51:50.771704 localhost systemd[1]: Started Forward Password Requests to Plymouth Directory Watch.
May 28 06:51:50.771751 localhost systemd[1]: Reached target Path Units.
May 28 06:51:50.861250 localhost systemd[1]: Finished Create Volatile Files and Directories.
May 28 06:51:50.861599 localhost systemd[1]: Reached target System Initialization.
May 28 06:51:50.861654 localhost systemd[1]: Reached target Basic System.
May 28 06:51:50.868262 localhost 55-scsi-sg3_id.rules[443]: WARNING: SCSI device sr0 has no device ID, consider changing .SCSI_ID_SERIAL_SRC in 00-scsi-sg3_config.rules
May 28 06:51:50.890927 localhost 55-scsi-sg3_id.rules[451]: WARNING: SCSI device sr0 has no device ID, consider changing .SCSI_ID_SERIAL_SRC in 00-scsi-sg3_config.rules
May 28 06:51:50.918049 localhost systemd[1]: Finished dracut initqueue hook.
May 28 06:51:50.919130 localhost systemd[1]: Reached target Preparation for Remote File Systems.
May 28 06:51:50.919216 localhost systemd[1]: Reached target Remote File Systems.
May 28 06:51:50.932496 localhost systemd[1]: Starting dracut pre-mount hook...
May 28 06:51:50.944455 localhost systemd[1]: Finished dracut pre-mount hook.
May 28 06:51:50.945373 localhost systemd[1]: Starting File System Check on /dev/disk/by-uuid/e30f2f24-8ebe-4eb2-a3e4-7f94c08f2814...
May 28 06:51:50.961322 localhost systemd[1]: Finished File System Check on /dev/disk/by-uuid/e30f2f24-8ebe-4eb2-a3e4-7f94c08f2814.
May 28 06:51:50.972023 localhost systemd[1]: Mounting /sysroot...
May 28 06:51:51.056368 localhost kernel: BTRFS: device fsid e30f2f24-8ebe-4eb2-a3e4-7f94c08f2814 devid 1 transid 79 /dev/vda2 (254:2) scanned by mount (470)
May 28 06:51:51.162794 localhost kernel: BTRFS info (device vda2): first mount of filesystem e30f2f24-8ebe-4eb2-a3e4-7f94c08f2814
May 28 06:51:51.165732 localhost kernel: BTRFS info (device vda2): using crc32c (crc32c-intel) checksum algorithm
May 28 06:51:51.165754 localhost kernel: BTRFS info (device vda2): using free-space-tree
May 28 06:51:51.252403 localhost systemd[1]: Mounted /sysroot.
May 28 06:51:51.253208 localhost systemd[1]: Reached target Initrd Root File System.
May 28 06:51:51.265397 localhost systemd[1]: Starting Mountpoints Configured in the Real Root...
May 28 06:51:51.283289 localhost systemd[1]: initrd-parse-etc.service: Deactivated successfully.
May 28 06:51:51.283456 localhost systemd[1]: Finished Mountpoints Configured in the Real Root.
May 28 06:51:51.283660 localhost systemd[1]: Reached target Initrd File Systems.
May 28 06:51:51.283771 localhost systemd[1]: Reached target Initrd Default Target.
May 28 06:51:51.283890 localhost systemd[1]: dracut mount hook was skipped because no trigger condition checks were met.
May 28 06:51:51.283985 localhost systemd[1]: dracut pre-pivot and cleanup hook was skipped because no trigger condition checks were met.
May 28 06:51:51.285406 localhost systemd[1]: Starting Cleaning Up and Shutting Down Daemons...
May 28 06:51:51.293454 localhost systemd[1]: Stopped target Initrd Default Target.
May 28 06:51:51.293955 localhost systemd[1]: Stopped target Basic System.
May 28 06:51:51.294103 localhost systemd[1]: Stopped target Initrd Root Device.
May 28 06:51:51.294261 localhost systemd[1]: Stopped target Initrd /usr File System.
May 28 06:51:51.294474 localhost systemd[1]: Stopped target Path Units.
May 28 06:51:51.294635 localhost systemd[1]: Stopped target Remote File Systems.
May 28 06:51:51.294820 localhost systemd[1]: Stopped target Preparation for Remote File Systems.
May 28 06:51:51.294973 localhost systemd[1]: Stopped target Slice Units.
May 28 06:51:51.295153 localhost systemd[1]: Stopped target Socket Units.
May 28 06:51:51.295352 localhost systemd[1]: Stopped target System Initialization.
May 28 06:51:51.295533 localhost systemd[1]: Stopped target Swaps.
May 28 06:51:51.295721 localhost systemd[1]: Stopped target Timer Units.
May 28 06:51:51.295847 localhost systemd[1]: dracut-pre-mount.service: Deactivated successfully.
May 28 06:51:51.295993 localhost systemd[1]: Stopped dracut pre-mount hook.
May 28 06:51:51.296254 localhost systemd[1]: dracut-initqueue.service: Deactivated successfully.
May 28 06:51:51.296376 localhost systemd[1]: Stopped dracut initqueue hook.
May 28 06:51:51.308802 localhost systemd[1]: Starting Plymouth switch root service...
May 28 06:51:51.308933 localhost systemd[1]: systemd-sysctl.service: Deactivated successfully.
May 28 06:51:51.309072 localhost systemd[1]: Stopped Apply Kernel Variables.
May 28 06:51:51.309320 localhost systemd[1]: systemd-tmpfiles-setup.service: Deactivated successfully.
May 28 06:51:51.309490 localhost systemd[1]: Stopped Create Volatile Files and Directories.
May 28 06:51:51.309736 localhost systemd[1]: Stopped target Local File Systems.
May 28 06:51:51.310888 localhost systemd[1]: Stopped target Preparation for Local File Systems.
May 28 06:51:51.311019 localhost systemd[1]: systemd-udev-trigger.service: Deactivated successfully.
May 28 06:51:51.311157 localhost systemd[1]: Stopped Coldplug All udev Devices.
May 28 06:51:51.316206 localhost systemd[1]: Stopping Rule-based Manager for Device Events and Files...
May 28 06:51:51.318696 localhost systemd[1]: systemd-udevd.service: Deactivated successfully.
May 28 06:51:51.318920 localhost systemd[1]: Stopped Rule-based Manager for Device Events and Files.
May 28 06:51:51.320948 localhost systemd[1]: systemd-udevd-control.socket: Deactivated successfully.
May 28 06:51:51.321079 localhost systemd[1]: Closed udev Control Socket.
May 28 06:51:51.321234 localhost systemd[1]: systemd-udevd-kernel.socket: Deactivated successfully.
May 28 06:51:51.321856 localhost systemd[1]: Closed udev Kernel Socket.
May 28 06:51:51.322069 localhost systemd[1]: dracut-pre-udev.service: Deactivated successfully.
May 28 06:51:51.322146 localhost systemd[1]: Stopped dracut pre-udev hook.
May 28 06:51:51.322405 localhost systemd[1]: dracut-cmdline.service: Deactivated successfully.
May 28 06:51:51.322487 localhost systemd[1]: Stopped dracut cmdline hook.
May 28 06:51:51.322630 localhost systemd[1]: dracut-cmdline-ask.service: Deactivated successfully.
May 28 06:51:51.322701 localhost systemd[1]: Stopped dracut ask for additional cmdline parameters.
May 28 06:51:51.323892 localhost systemd[1]: Starting Cleanup udev Database...
May 28 06:51:51.324188 localhost rngd[172]: [hwrng ]: Shutting down
May 28 06:51:51.324763 localhost rngd[172]: [rdrand]: Shutting down
May 28 06:51:51.325413 localhost systemd[1]: Stopping Hardware RNG Entropy Gatherer Daemon...
May 28 06:51:51.325493 localhost systemd[1]: systemd-tmpfiles-setup-dev.service: Deactivated successfully.
May 28 06:51:51.325566 localhost systemd[1]: Stopped Create Static Device Nodes in /dev.
May 28 06:51:51.325665 localhost systemd[1]: systemd-tmpfiles-setup-dev-early.service: Deactivated successfully.
May 28 06:51:51.325735 localhost systemd[1]: Stopped Create Static Device Nodes in /dev gracefully.
May 28 06:51:51.325944 localhost systemd[1]: kmod-static-nodes.service: Deactivated successfully.
May 28 06:51:51.326033 localhost systemd[1]: Stopped Create List of Static Device Nodes.
May 28 06:51:51.327086 localhost systemd[1]: rngd.service: Deactivated successfully.
May 28 06:51:51.327363 localhost systemd[1]: Stopped Hardware RNG Entropy Gatherer Daemon.
May 28 06:51:51.328112 localhost systemd[1]: initrd-cleanup.service: Deactivated successfully.
May 28 06:51:51.328488 localhost systemd[1]: Finished Cleaning Up and Shutting Down Daemons.
May 28 06:51:51.345586 localhost systemd[1]: Finished Plymouth switch root service.
May 28 06:51:51.353158 localhost systemd[1]: initrd-udevadm-cleanup-db.service: Deactivated successfully.
May 28 06:51:51.353816 localhost systemd[1]: Finished Cleanup udev Database.
May 28 06:51:51.354245 localhost systemd[1]: Reached target Switch Root.
May 28 06:51:51.365438 localhost systemd[1]: Starting Switch Root...
May 28 06:51:51.373813 localhost systemd[1]: Switching root.
May 28 06:51:51.396492 localhost systemd-journald[173]: Journal stopped
May 28 06:51:48.925001 localhost kernel: Linux version 6.9.1-1-default (geeko@buildhost) (gcc (SUSE Linux) 13.2.1 20240509 [revision b7a2697733d19a093cbdd0e200ffce069a4bc812], GNU ld (GNU Binutils; openSUSE Tumbleweed) 2.42.0.20240130-3) #1 SMP PREEMPT_DYNAMIC Fri May 17 11:59:46 UTC 2024 (0c0b0b5)
May 28 06:51:48.925019 localhost kernel: Command line: BOOT_IMAGE=/boot/vmlinuz-6.9.1-1-default root=UUID=e30f2f24-8ebe-4eb2-a3e4-7f94c08f2814 splash=silent video=1024x768 plymouth.ignore-serial-consoles console=ttyS0 console=tty kernel.softlockup_panic=1 resume=/dev/disk/by-uuid/350ef8df-2937-4484-9b74-cdf0b1f4c465 security=apparmor mitigations=auto
May 28 06:51:48.925029 localhost kernel: BIOS-provided physical RAM map:
May 28 06:51:48.925034 localhost kernel: BIOS-e820: [mem 0x0000000000000000-0x000000000009fbff] usable
May 28 06:51:48.925039 localhost kernel: BIOS-e820: [mem 0x000000000009fc00-0x000000000009ffff] reserved
May 28 06:51:48.925044 localhost kernel: BIOS-e820: [mem 0x00000000000f0000-0x00000000000fffff] reserved
May 28 06:51:48.925049 localhost kernel: BIOS-e820: [mem 0x0000000000100000-0x000000007ffd5fff] usable
May 28 06:51:48.925054 localhost kernel: BIOS-e820: [mem 0x000000007ffd6000-0x000000007fffffff] reserved
May 28 06:51:48.925059 localhost kernel: BIOS-e820: [mem 0x00000000feffc000-0x00000000feffffff] reserved
May 28 06:51:48.925063 localhost kernel: BIOS-e820: [mem 0x00000000fffc0000-0x00000000ffffffff] reserved
May 28 06:51:48.925068 localhost kernel: BIOS-e820: [mem 0x000000fd00000000-0x000000ffffffffff] reserved
May 28 06:51:48.925072 localhost kernel: NX (Execute Disable) protection: active
May 28 06:51:48.925077 localhost kernel: APIC: Static calls initialized
May 28 06:51:48.925081 localhost kernel: SMBIOS 2.8 present.
May 28 06:51:48.925089 localhost kernel: DMI: QEMU Standard PC (i440FX + PIIX, 1996), BIOS rel-1.16.0-0-gd239552c-rebuilt.opensuse.org 04/01/2014
May 28 06:51:48.925094 localhost kernel: Hypervisor detected: KVM
May 28 06:51:48.925098 localhost kernel: kvm-clock: Using msrs 4b564d01 and 4b564d00
May 28 06:51:48.925103 localhost kernel: kvm-clock: using sched offset of 6113467902 cycles
May 28 06:51:48.925107 localhost kernel: clocksource: kvm-clock: mask: 0xffffffffffffffff max_cycles: 0x1cd42e4dffb, max_idle_ns: 881590591483 ns
May 28 06:51:48.925112 localhost kernel: tsc: Detected 2799.998 MHz processor
May 28 06:51:48.925117 localhost kernel: e820: update [mem 0x00000000-0x00000fff] usable ==> reserved
May 28 06:51:48.925122 localhost kernel: e820: remove [mem 0x000a0000-0x000fffff] usable
May 28 06:51:48.925127 localhost kernel: last_pfn = 0x7ffd6 max_arch_pfn = 0x400000000
May 28 06:51:48.925133 localhost kernel: MTRR map: 4 entries (3 fixed + 1 variable; max 19), built from 8 variable MTRRs
May 28 06:51:48.925138 localhost kernel: x86/PAT: Configuration [0-7]: WB  WC  UC- UC  WB  WP  UC- WT  
May 28 06:51:48.925143 localhost kernel: found SMP MP-table at [mem 0x000f5b40-0x000f5b4f]
May 28 06:51:48.925148 localhost kernel: Using GB pages for direct mapping
May 28 06:51:48.925152 localhost kernel: RAMDISK: [mem 0x34e37000-0x36712fff]
May 28 06:51:48.925157 localhost kernel: ACPI: Early table checksum verification disabled
May 28 06:51:48.925162 localhost kernel: ACPI: RSDP 0x00000000000F5960 000014 (v00 BOCHS )
May 28 06:51:48.925167 localhost kernel: ACPI: RSDT 0x000000007FFE18F4 000034 (v01 BOCHS  BXPC     00000001 BXPC 00000001)
May 28 06:51:48.925172 localhost kernel: ACPI: FACP 0x000000007FFE17A8 000074 (v01 BOCHS  BXPC     00000001 BXPC 00000001)
May 28 06:51:48.925177 localhost kernel: ACPI: DSDT 0x000000007FFE0040 001768 (v01 BOCHS  BXPC     00000001 BXPC 00000001)
May 28 06:51:48.925182 localhost kernel: ACPI: FACS 0x000000007FFE0000 000040
May 28 06:51:48.925187 localhost kernel: ACPI: APIC 0x000000007FFE181C 000078 (v01 BOCHS  BXPC     00000001 BXPC 00000001)
May 28 06:51:48.925194 localhost kernel: ACPI: HPET 0x000000007FFE1894 000038 (v01 BOCHS  BXPC     00000001 BXPC 00000001)
May 28 06:51:48.925198 localhost kernel: ACPI: WAET 0x000000007FFE18CC 000028 (v01 BOCHS  BXPC     00000001 BXPC 00000001)
May 28 06:51:48.925203 localhost kernel: ACPI: Reserving FACP table memory at [mem 0x7ffe17a8-0x7ffe181b]
May 28 06:51:48.925208 localhost kernel: ACPI: Reserving DSDT table memory at [mem 0x7ffe0040-0x7ffe17a7]
May 28 06:51:48.925213 localhost kernel: ACPI: Reserving FACS table memory at [mem 0x7ffe0000-0x7ffe003f]
May 28 06:51:48.925220 localhost kernel: ACPI: Reserving APIC table memory at [mem 0x7ffe181c-0x7ffe1893]
May 28 06:51:48.925225 localhost kernel: ACPI: Reserving HPET table memory at [mem 0x7ffe1894-0x7ffe18cb]
May 28 06:51:48.925229 localhost kernel: ACPI: Reserving WAET table memory at [mem 0x7ffe18cc-0x7ffe18f3]
May 28 06:51:48.925234 localhost kernel: No NUMA configuration found
May 28 06:51:48.925274 localhost kernel: Faking a node at [mem 0x0000000000000000-0x000000007ffd5fff]
May 28 06:51:48.925279 localhost kernel: NODE_DATA(0) allocated [mem 0x7ffab000-0x7ffd5fff]
May 28 06:51:48.925284 localhost kernel: Zone ranges:
May 28 06:51:48.925289 localhost kernel:   DMA      [mem 0x0000000000001000-0x0000000000ffffff]
May 28 06:51:48.925294 localhost kernel:   DMA32    [mem 0x0000000001000000-0x000000007ffd5fff]
May 28 06:51:48.925298 localhost kernel:   Normal   empty
May 28 06:51:48.925303 localhost kernel:   Device   empty
May 28 06:51:48.925310 localhost kernel: Movable zone start for each node
May 28 06:51:48.925315 localhost kernel: Early memory node ranges
May 28 06:51:48.925320 localhost kernel:   node   0: [mem 0x0000000000001000-0x000000000009efff]
May 28 06:51:48.925325 localhost kernel:   node   0: [mem 0x0000000000100000-0x000000007ffd5fff]
May 28 06:51:48.925330 localhost kernel: Initmem setup node 0 [mem 0x0000000000001000-0x000000007ffd5fff]
May 28 06:51:48.925334 localhost kernel: On node 0, zone DMA: 1 pages in unavailable ranges
May 28 06:51:48.925339 localhost kernel: On node 0, zone DMA: 97 pages in unavailable ranges
May 28 06:51:48.925344 localhost kernel: On node 0, zone DMA32: 42 pages in unavailable ranges
May 28 06:51:48.925348 localhost kernel: ACPI: PM-Timer IO Port: 0x608
May 28 06:51:48.925353 localhost kernel: ACPI: LAPIC_NMI (acpi_id[0xff] dfl dfl lint[0x1])
May 28 06:51:48.925357 localhost kernel: IOAPIC[0]: apic_id 0, version 17, address 0xfec00000, GSI 0-23
May 28 06:51:48.925362 localhost kernel: ACPI: INT_SRC_OVR (bus 0 bus_irq 0 global_irq 2 dfl dfl)
May 28 06:51:48.925369 localhost kernel: ACPI: INT_SRC_OVR (bus 0 bus_irq 5 global_irq 5 high level)
May 28 06:51:48.925373 localhost kernel: ACPI: INT_SRC_OVR (bus 0 bus_irq 9 global_irq 9 high level)
May 28 06:51:48.925378 localhost kernel: ACPI: INT_SRC_OVR (bus 0 bus_irq 10 global_irq 10 high level)
May 28 06:51:48.925383 localhost kernel: ACPI: INT_SRC_OVR (bus 0 bus_irq 11 global_irq 11 high level)
May 28 06:51:48.925388 localhost kernel: ACPI: Using ACPI (MADT) for SMP configuration information
May 28 06:51:48.925392 localhost kernel: ACPI: HPET id: 0x8086a201 base: 0xfed00000
May 28 06:51:48.925397 localhost kernel: TSC deadline timer available
May 28 06:51:48.925402 localhost kernel: CPU topo: Max. logical packages:   1
May 28 06:51:48.925407 localhost kernel: CPU topo: Max. logical dies:       1
May 28 06:51:48.925411 localhost kernel: CPU topo: Max. dies per package:   1
May 28 06:51:48.925416 localhost kernel: CPU topo: Max. threads per core:   1
May 28 06:51:48.925420 localhost kernel: CPU topo: Num. cores per package:     1
May 28 06:51:48.925425 localhost kernel: CPU topo: Num. threads per package:   1
May 28 06:51:48.925431 localhost kernel: CPU topo: Allowing 1 present CPUs plus 0 hotplug CPUs
May 28 06:51:48.925436 localhost kernel: kvm-guest: APIC: eoi() replaced with kvm_guest_apic_eoi_write()
May 28 06:51:48.925441 localhost kernel: PM: hibernation: Registered nosave memory: [mem 0x00000000-0x00000fff]
May 28 06:51:48.925445 localhost kernel: PM: hibernation: Registered nosave memory: [mem 0x0009f000-0x0009ffff]
May 28 06:51:48.925450 localhost kernel: PM: hibernation: Registered nosave memory: [mem 0x000a0000-0x000effff]
May 28 06:51:48.925455 localhost kernel: PM: hibernation: Registered nosave memory: [mem 0x000f0000-0x000fffff]
May 28 06:51:48.925460 localhost kernel: [mem 0x80000000-0xfeffbfff] available for PCI devices
May 28 06:51:48.925464 localhost kernel: Booting paravirtualized kernel on KVM
May 28 06:51:48.925469 localhost kernel: clocksource: refined-jiffies: mask: 0xffffffff max_cycles: 0xffffffff, max_idle_ns: 6370452778343963 ns
May 28 06:51:48.925474 localhost kernel: setup_percpu: NR_CPUS:8192 nr_cpumask_bits:1 nr_cpu_ids:1 nr_node_ids:1
May 28 06:51:48.925479 localhost kernel: percpu: Embedded 72 pages/cpu s258048 r8192 d28672 u2097152
May 28 06:51:48.925485 localhost kernel: pcpu-alloc: s258048 r8192 d28672 u2097152 alloc=1*2097152
May 28 06:51:48.925490 localhost kernel: pcpu-alloc: [0] 0 
May 28 06:51:48.925494 localhost kernel: kvm-guest: PV spinlocks disabled, single CPU
May 28 06:51:48.925500 localhost kernel: Kernel command line: BOOT_IMAGE=/boot/vmlinuz-6.9.1-1-default root=UUID=e30f2f24-8ebe-4eb2-a3e4-7f94c08f2814 splash=silent video=1024x768 plymouth.ignore-serial-consoles console=ttyS0 console=tty kernel.softlockup_panic=1 resume=/dev/disk/by-uuid/350ef8df-2937-4484-9b74-cdf0b1f4c465 security=apparmor mitigations=auto
May 28 06:51:48.925505 localhost kernel: Unknown kernel command line parameters "BOOT_IMAGE=/boot/vmlinuz-6.9.1-1-default splash=silent", will be passed to user space.
May 28 06:51:48.925510 localhost kernel: random: crng init done
May 28 06:51:48.925515 localhost kernel: Dentry cache hash table entries: 262144 (order: 9, 2097152 bytes, linear)
May 28 06:51:48.925519 localhost kernel: Inode-cache hash table entries: 131072 (order: 8, 1048576 bytes, linear)
May 28 06:51:48.925524 localhost kernel: Fallback order for Node 0: 0 
May 28 06:51:48.925529 localhost kernel: Built 1 zonelists, mobility grouping on.  Total pages: 515798
May 28 06:51:48.925533 localhost kernel: Policy zone: DMA32
May 28 06:51:48.925540 localhost kernel: mem auto-init: stack:off, heap alloc:off, heap free:off
May 28 06:51:48.925545 localhost kernel: Memory: 260860K/2096592K available (16384K kernel code, 3000K rwdata, 13020K rodata, 4224K init, 4384K bss, 109628K reserved, 0K cma-reserved)
May 28 06:51:48.925550 localhost kernel: SLUB: HWalign=64, Order=0-3, MinObjects=0, CPUs=1, Nodes=1
May 28 06:51:48.925554 localhost kernel: ftrace: allocating 47505 entries in 186 pages
May 28 06:51:48.925559 localhost kernel: ftrace: allocated 186 pages with 5 groups
May 28 06:51:48.925564 localhost kernel: Dynamic Preempt: voluntary
May 28 06:51:48.925569 localhost kernel: rcu: Preemptible hierarchical RCU implementation.
May 28 06:51:48.925575 localhost kernel: rcu:         RCU event tracing is enabled.
May 28 06:51:48.925580 localhost kernel: rcu:         RCU restricting CPUs from NR_CPUS=8192 to nr_cpu_ids=1.
May 28 06:51:48.925585 localhost kernel:         Trampoline variant of Tasks RCU enabled.
May 28 06:51:48.925590 localhost kernel:         Rude variant of Tasks RCU enabled.
May 28 06:51:48.925594 localhost kernel:         Tracing variant of Tasks RCU enabled.
May 28 06:51:48.925599 localhost kernel: rcu: RCU calculated value of scheduler-enlistment delay is 30 jiffies.
May 28 06:51:48.925606 localhost kernel: rcu: Adjusting geometry for rcu_fanout_leaf=16, nr_cpu_ids=1
May 28 06:51:48.925611 localhost kernel: RCU Tasks: Setting shift to 0 and lim to 1 rcu_task_cb_adjust=1.
May 28 06:51:48.925615 localhost kernel: RCU Tasks Rude: Setting shift to 0 and lim to 1 rcu_task_cb_adjust=1.
May 28 06:51:48.925620 localhost kernel: RCU Tasks Trace: Setting shift to 0 and lim to 1 rcu_task_cb_adjust=1.
May 28 06:51:48.925625 localhost kernel: NR_IRQS: 524544, nr_irqs: 256, preallocated irqs: 16
May 28 06:51:48.925630 localhost kernel: rcu: srcu_init: Setting srcu_struct sizes based on contention.
May 28 06:51:48.925635 localhost kernel: Console: colour dummy device 80x25
May 28 06:51:48.925643 localhost kernel: printk: legacy console [tty0] enabled
May 28 06:51:48.925648 localhost kernel: printk: legacy console [ttyS0] enabled
May 28 06:51:48.925653 localhost kernel: ACPI: Core revision 20230628
May 28 06:51:48.925658 localhost kernel: clocksource: hpet: mask: 0xffffffff max_cycles: 0xffffffff, max_idle_ns: 19112604467 ns
May 28 06:51:48.925662 localhost kernel: APIC: Switch to symmetric I/O mode setup
May 28 06:51:48.925667 localhost kernel: x2apic enabled
May 28 06:51:48.925674 localhost kernel: APIC: Switched APIC routing to: physical x2apic
May 28 06:51:48.925678 localhost kernel: ..TIMER: vector=0x30 apic1=0 pin1=2 apic2=-1 pin2=-1
May 28 06:51:48.925683 localhost kernel: clocksource: tsc-early: mask: 0xffffffffffffffff max_cycles: 0x285c3ee517e, max_idle_ns: 440795257231 ns
May 28 06:51:48.925688 localhost kernel: Calibrating delay loop (skipped) preset value.. 5602.32 BogoMIPS (lpj=9333326)
May 28 06:51:48.925693 localhost kernel: x86/cpu: User Mode Instruction Prevention (UMIP) activated
May 28 06:51:48.925698 localhost kernel: Last level iTLB entries: 4KB 512, 2MB 255, 4MB 127
May 28 06:51:48.925702 localhost kernel: Last level dTLB entries: 4KB 512, 2MB 255, 4MB 127, 1GB 0
May 28 06:51:48.925707 localhost kernel: Spectre V1 : Mitigation: usercopy/swapgs barriers and __user pointer sanitization
May 28 06:51:48.925714 localhost kernel: Spectre V2 : Mitigation: Retpolines
May 28 06:51:48.925718 localhost kernel: Spectre V2 : Spectre v2 / SpectreRSB mitigation: Filling RSB on context switch
May 28 06:51:48.925723 localhost kernel: Spectre V2 : Spectre v2 / SpectreRSB : Filling RSB on VMEXIT
May 28 06:51:48.925728 localhost kernel: Spectre V2 : Enabling Restricted Speculation for firmware calls
May 28 06:51:48.925733 localhost kernel: Spectre V2 : mitigation: Enabling conditional Indirect Branch Prediction Barrier
May 28 06:51:48.925738 localhost kernel: Speculative Store Bypass: Mitigation: Speculative Store Bypass disabled via prctl
May 28 06:51:48.925742 localhost kernel: Speculative Return Stack Overflow: IBPB-extending microcode not applied!
May 28 06:51:48.925748 localhost kernel: Speculative Return Stack Overflow: WARNING: See https://kernel.org/doc/html/latest/admin-guide/hw-vuln/srso.html for mitigation options.
May 28 06:51:48.925753 localhost kernel: Speculative Return Stack Overflow: Vulnerable: Safe RET, no microcode
May 28 06:51:48.925757 localhost kernel: x86/fpu: Supporting XSAVE feature 0x001: 'x87 floating point registers'
May 28 06:51:48.925762 localhost kernel: x86/fpu: Supporting XSAVE feature 0x002: 'SSE registers'
May 28 06:51:48.925769 localhost kernel: x86/fpu: Supporting XSAVE feature 0x004: 'AVX registers'
May 28 06:51:48.925774 localhost kernel: x86/fpu: Supporting XSAVE feature 0x200: 'Protection Keys User registers'
May 28 06:51:48.925779 localhost kernel: x86/fpu: xstate_offset[2]:  576, xstate_sizes[2]:  256
May 28 06:51:48.925783 localhost kernel: x86/fpu: xstate_offset[9]:  832, xstate_sizes[9]:    8
May 28 06:51:48.925788 localhost kernel: x86/fpu: Enabled xstate features 0x207, context size is 840 bytes, using 'compacted' format.
May 28 06:51:48.925793 localhost kernel: Freeing SMP alternatives memory: 40K
May 28 06:51:48.925797 localhost kernel: pid_max: default: 32768 minimum: 301
May 28 06:51:48.925802 localhost kernel: LSM: initializing lsm=lockdown,capability,landlock,yama,apparmor,bpf,ima,evm
May 28 06:51:48.925807 localhost kernel: landlock: Up and running.
May 28 06:51:48.925812 localhost kernel: Yama: becoming mindful.
May 28 06:51:48.925816 localhost kernel: AppArmor: AppArmor initialized
May 28 06:51:48.925821 localhost kernel: LSM support for eBPF active
May 28 06:51:48.925827 localhost kernel: Mount-cache hash table entries: 4096 (order: 3, 32768 bytes, linear)
May 28 06:51:48.925832 localhost kernel: Mountpoint-cache hash table entries: 4096 (order: 3, 32768 bytes, linear)
May 28 06:51:48.925837 localhost kernel: smpboot: CPU0: AMD EPYC 7543 32-Core Processor (family: 0x19, model: 0x1, stepping: 0x1)
May 28 06:51:48.925842 localhost kernel: Performance Events: Fam17h+ core perfctr, AMD PMU driver.
May 28 06:51:48.925846 localhost kernel: ... version:                0
May 28 06:51:48.925851 localhost kernel: ... bit width:              48
May 28 06:51:48.925856 localhost kernel: ... generic registers:      6
May 28 06:51:48.925861 localhost kernel: ... value mask:             0000ffffffffffff
May 28 06:51:48.925865 localhost kernel: ... max period:             00007fffffffffff
May 28 06:51:48.925870 localhost kernel: ... fixed-purpose events:   0
May 28 06:51:48.925875 localhost kernel: ... event mask:             000000000000003f
May 28 06:51:48.925879 localhost kernel: signal: max sigframe size: 3376
May 28 06:51:48.925886 localhost kernel: rcu: Hierarchical SRCU implementation.
May 28 06:51:48.925891 localhost kernel: rcu:         Max phase no-delay instances is 1000.
May 28 06:51:48.925896 localhost kernel: smp: Bringing up secondary CPUs ...
May 28 06:51:48.925901 localhost kernel: smp: Brought up 1 node, 1 CPU
May 28 06:51:48.925905 localhost kernel: smpboot: Total of 1 processors activated (5602.32 BogoMIPS)
May 28 06:51:48.925910 localhost kernel: node 0 deferred pages initialised in 4ms
May 28 06:51:48.925915 localhost kernel: devtmpfs: initialized
May 28 06:51:48.925920 localhost kernel: x86/mm: Memory block size: 128MB
May 28 06:51:48.925924 localhost kernel: clocksource: jiffies: mask: 0xffffffff max_cycles: 0xffffffff, max_idle_ns: 6370867519511994 ns
May 28 06:51:48.925929 localhost kernel: futex hash table entries: 256 (order: 2, 16384 bytes, linear)
May 28 06:51:48.925934 localhost kernel: pinctrl core: initialized pinctrl subsystem
May 28 06:51:48.925939 localhost kernel: PM: RTC time: 10:51:47, date: 2024-05-28
May 28 06:51:48.925945 localhost kernel: NET: Registered PF_NETLINK/PF_ROUTE protocol family
May 28 06:51:48.925950 localhost kernel: DMA: preallocated 256 KiB GFP_KERNEL pool for atomic allocations
May 28 06:51:48.925955 localhost kernel: DMA: preallocated 256 KiB GFP_KERNEL|GFP_DMA pool for atomic allocations
May 28 06:51:48.925960 localhost kernel: DMA: preallocated 256 KiB GFP_KERNEL|GFP_DMA32 pool for atomic allocations
May 28 06:51:48.925964 localhost kernel: audit: initializing netlink subsys (disabled)
May 28 06:51:48.925969 localhost kernel: audit: type=2000 audit(1716893507.485:1): state=initialized audit_enabled=0 res=1
May 28 06:51:48.925974 localhost kernel: thermal_sys: Registered thermal governor 'fair_share'
May 28 06:51:48.925979 localhost kernel: thermal_sys: Registered thermal governor 'bang_bang'
May 28 06:51:48.925983 localhost kernel: thermal_sys: Registered thermal governor 'step_wise'
May 28 06:51:48.925988 localhost kernel: thermal_sys: Registered thermal governor 'user_space'
May 28 06:51:48.925993 localhost kernel: cpuidle: using governor ladder
May 28 06:51:48.925999 localhost kernel: cpuidle: using governor menu
May 28 06:51:48.926004 localhost kernel: acpiphp: ACPI Hot Plug PCI Controller Driver version: 0.5
May 28 06:51:48.926009 localhost kernel: PCI: Using configuration type 1 for base access
May 28 06:51:48.926013 localhost kernel: PCI: Using configuration type 1 for extended access
May 28 06:51:48.926018 localhost kernel: kprobes: kprobe jump-optimization is enabled. All kprobes are optimized if possible.
May 28 06:51:48.926023 localhost kernel: HugeTLB: registered 1.00 GiB page size, pre-allocated 0 pages
May 28 06:51:48.926028 localhost kernel: HugeTLB: 16380 KiB vmemmap can be freed for a 1.00 GiB page
May 28 06:51:48.926032 localhost kernel: HugeTLB: registered 2.00 MiB page size, pre-allocated 0 pages
May 28 06:51:48.926037 localhost kernel: HugeTLB: 28 KiB vmemmap can be freed for a 2.00 MiB page
May 28 06:51:48.926042 localhost kernel: Demotion targets for Node 0: null
May 28 06:51:48.926046 localhost kernel: ACPI: Added _OSI(Module Device)
May 28 06:51:48.926051 localhost kernel: ACPI: Added _OSI(Processor Device)
May 28 06:51:48.926057 localhost kernel: ACPI: Added _OSI(3.0 _SCP Extensions)
May 28 06:51:48.926062 localhost kernel: ACPI: Added _OSI(Processor Aggregator Device)
May 28 06:51:48.926067 localhost kernel: ACPI: 1 ACPI AML tables successfully acquired and loaded
May 28 06:51:48.926072 localhost kernel: ACPI: _OSC evaluation for CPUs failed, trying _PDC
May 28 06:51:48.926076 localhost kernel: ACPI: Interpreter enabled
May 28 06:51:48.926081 localhost kernel: ACPI: PM: (supports S0 S3 S4 S5)
May 28 06:51:48.926085 localhost kernel: ACPI: Using IOAPIC for interrupt routing
May 28 06:51:48.926090 localhost kernel: PCI: Using host bridge windows from ACPI; if necessary, use "pci=nocrs" and report a bug
May 28 06:51:48.926095 localhost kernel: PCI: Using E820 reservations for host bridge windows
May 28 06:51:48.926100 localhost kernel: ACPI: Enabled 2 GPEs in block 00 to 0F
May 28 06:51:48.926104 localhost kernel: ACPI: PCI Root Bridge [PCI0] (domain 0000 [bus 00-ff])
May 28 06:51:48.926253 localhost kernel: acpi PNP0A03:00: _OSC: OS supports [ExtendedConfig ASPM ClockPM Segments MSI EDR HPX-Type3]
May 28 06:51:48.926265 localhost kernel: acpiphp: Slot [3] registered
May 28 06:51:48.926271 localhost kernel: acpiphp: Slot [4] registered
May 28 06:51:48.926275 localhost kernel: acpiphp: Slot [5] registered
May 28 06:51:48.926280 localhost kernel: acpiphp: Slot [6] registered
May 28 06:51:48.926285 localhost kernel: acpiphp: Slot [7] registered
May 28 06:51:48.926289 localhost kernel: acpiphp: Slot [8] registered
May 28 06:51:48.926294 localhost kernel: acpiphp: Slot [9] registered
May 28 06:51:48.926299 localhost kernel: acpiphp: Slot [10] registered
May 28 06:51:48.926303 localhost kernel: acpiphp: Slot [11] registered
May 28 06:51:48.926308 localhost kernel: acpiphp: Slot [12] registered
May 28 06:51:48.926313 localhost kernel: acpiphp: Slot [13] registered
May 28 06:51:48.926319 localhost kernel: acpiphp: Slot [14] registered
May 28 06:51:48.926324 localhost kernel: acpiphp: Slot [15] registered
May 28 06:51:48.926328 localhost kernel: acpiphp: Slot [16] registered
May 28 06:51:48.926333 localhost kernel: acpiphp: Slot [17] registered
May 28 06:51:48.926337 localhost kernel: acpiphp: Slot [18] registered
May 28 06:51:48.926342 localhost kernel: acpiphp: Slot [19] registered
May 28 06:51:48.926347 localhost kernel: acpiphp: Slot [20] registered
May 28 06:51:48.926352 localhost kernel: acpiphp: Slot [21] registered
May 28 06:51:48.926373 localhost kernel: acpiphp: Slot [22] registered
May 28 06:51:48.926378 localhost kernel: acpiphp: Slot [23] registered
May 28 06:51:48.926382 localhost kernel: acpiphp: Slot [24] registered
May 28 06:51:48.926387 localhost kernel: acpiphp: Slot [25] registered
May 28 06:51:48.926394 localhost kernel: acpiphp: Slot [26] registered
May 28 06:51:48.926398 localhost kernel: acpiphp: Slot [27] registered
May 28 06:51:48.926403 localhost kernel: acpiphp: Slot [28] registered
May 28 06:51:48.926407 localhost kernel: acpiphp: Slot [29] registered
May 28 06:51:48.926412 localhost kernel: acpiphp: Slot [30] registered
May 28 06:51:48.926417 localhost kernel: acpiphp: Slot [31] registered
May 28 06:51:48.926421 localhost kernel: PCI host bridge to bus 0000:00
May 28 06:51:48.926538 localhost kernel: pci_bus 0000:00: root bus resource [io  0x0000-0x0cf7 window]
May 28 06:51:48.926630 localhost kernel: pci_bus 0000:00: root bus resource [io  0x0d00-0xffff window]
May 28 06:51:48.926718 localhost kernel: pci_bus 0000:00: root bus resource [mem 0x000a0000-0x000bffff window]
May 28 06:51:48.926803 localhost kernel: pci_bus 0000:00: root bus resource [mem 0x80000000-0xfebfffff window]
May 28 06:51:48.926892 localhost kernel: pci_bus 0000:00: root bus resource [mem 0x100000000-0x17fffffff window]
May 28 06:51:48.926979 localhost kernel: pci_bus 0000:00: root bus resource [bus 00-ff]
May 28 06:51:48.927091 localhost kernel: pci 0000:00:00.0: [8086:1237] type 00 class 0x060000 conventional PCI endpoint
May 28 06:51:48.927197 localhost kernel: pci 0000:00:01.0: [8086:7000] type 00 class 0x060100 conventional PCI endpoint
May 28 06:51:48.927307 localhost kernel: pci 0000:00:01.1: [8086:7010] type 00 class 0x010180 conventional PCI endpoint
May 28 06:51:48.927403 localhost kernel: pci 0000:00:01.1: BAR 4 [io  0xc1c0-0xc1cf]
May 28 06:51:48.927497 localhost kernel: pci 0000:00:01.1: BAR 0 [io  0x01f0-0x01f7]: legacy IDE quirk
May 28 06:51:48.927590 localhost kernel: pci 0000:00:01.1: BAR 1 [io  0x03f6]: legacy IDE quirk
May 28 06:51:48.927688 localhost kernel: pci 0000:00:01.1: BAR 2 [io  0x0170-0x0177]: legacy IDE quirk
May 28 06:51:48.927782 localhost kernel: pci 0000:00:01.1: BAR 3 [io  0x0376]: legacy IDE quirk
May 28 06:51:48.927884 localhost kernel: pci 0000:00:01.3: [8086:7113] type 00 class 0x068000 conventional PCI endpoint
May 28 06:51:48.927978 localhost kernel: pci 0000:00:01.3: quirk: [io  0x0600-0x063f] claimed by PIIX4 ACPI
May 28 06:51:48.928073 localhost kernel: pci 0000:00:01.3: quirk: [io  0x0700-0x070f] claimed by PIIX4 SMB
May 28 06:51:48.928175 localhost kernel: pci 0000:00:02.0: [1234:1111] type 00 class 0x030000 conventional PCI endpoint
May 28 06:51:48.928270 localhost kernel: pci 0000:00:02.0: BAR 0 [mem 0xfd000000-0xfdffffff pref]
May 28 06:51:48.928364 localhost kernel: pci 0000:00:02.0: BAR 2 [mem 0xfebd8000-0xfebd8fff]
May 28 06:51:48.928458 localhost kernel: pci 0000:00:02.0: ROM [mem 0xfebc0000-0xfebcffff pref]
May 28 06:51:48.928555 localhost kernel: pci 0000:00:02.0: Video device with shadowed ROM at [mem 0x000c0000-0x000dffff]
May 28 06:51:48.945822 localhost kernel: pci 0000:00:03.0: [8086:2668] type 00 class 0x040300 conventional PCI endpoint
May 28 06:51:48.945937 localhost kernel: pci 0000:00:03.0: BAR 0 [mem 0xfebd0000-0xfebd3fff]
May 28 06:51:48.946047 localhost kernel: pci 0000:00:04.0: [1af4:1000] type 00 class 0x020000 conventional PCI endpoint
May 28 06:51:48.946148 localhost kernel: pci 0000:00:04.0: BAR 0 [io  0xc180-0xc19f]
May 28 06:51:48.946246 localhost kernel: pci 0000:00:04.0: BAR 1 [mem 0xfebd9000-0xfebd9fff]
May 28 06:51:48.946341 localhost kernel: pci 0000:00:04.0: BAR 4 [mem 0xfe000000-0xfe003fff 64bit pref]
May 28 06:51:48.946446 localhost kernel: pci 0000:00:04.0: ROM [mem 0xfeb80000-0xfebbffff pref]
May 28 06:51:48.946551 localhost kernel: pci 0000:00:05.0: [1af4:1005] type 00 class 0x00ff00 conventional PCI endpoint
May 28 06:51:48.946657 localhost kernel: pci 0000:00:05.0: BAR 0 [io  0xc1a0-0xc1bf]
May 28 06:51:48.946751 localhost kernel: pci 0000:00:05.0: BAR 4 [mem 0xfe004000-0xfe007fff 64bit pref]
May 28 06:51:48.946855 localhost kernel: pci 0000:00:06.0: [1b36:000d] type 00 class 0x0c0330 conventional PCI endpoint
May 28 06:51:48.946949 localhost kernel: pci 0000:00:06.0: BAR 0 [mem 0xfebd4000-0xfebd7fff 64bit]
May 28 06:51:48.947066 localhost kernel: pci 0000:00:07.0: [1af4:1003] type 00 class 0x078000 conventional PCI endpoint
May 28 06:51:48.947162 localhost kernel: pci 0000:00:07.0: BAR 0 [io  0xc100-0xc13f]
May 28 06:51:48.947266 localhost kernel: pci 0000:00:07.0: BAR 1 [mem 0xfebda000-0xfebdafff]
May 28 06:51:48.947386 localhost kernel: pci 0000:00:07.0: BAR 4 [mem 0xfe008000-0xfe00bfff 64bit pref]
May 28 06:51:48.947507 localhost kernel: pci 0000:00:08.0: [1af4:1004] type 00 class 0x010000 conventional PCI endpoint
May 28 06:51:48.947608 localhost kernel: pci 0000:00:08.0: BAR 0 [io  0xc140-0xc17f]
May 28 06:51:48.947718 localhost kernel: pci 0000:00:08.0: BAR 1 [mem 0xfebdb000-0xfebdbfff]
May 28 06:51:48.947838 localhost kernel: pci 0000:00:08.0: BAR 4 [mem 0xfe00c000-0xfe00ffff 64bit pref]
May 28 06:51:48.947963 localhost kernel: pci 0000:00:09.0: [1af4:1001] type 00 class 0x010000 conventional PCI endpoint
May 28 06:51:48.948062 localhost kernel: pci 0000:00:09.0: BAR 0 [io  0xc000-0xc07f]
May 28 06:51:48.948157 localhost kernel: pci 0000:00:09.0: BAR 1 [mem 0xfebdc000-0xfebdcfff]
May 28 06:51:48.948250 localhost kernel: pci 0000:00:09.0: BAR 4 [mem 0xfe010000-0xfe013fff 64bit pref]
May 28 06:51:48.948353 localhost kernel: pci 0000:00:0a.0: [1af4:1001] type 00 class 0x010000 conventional PCI endpoint
May 28 06:51:48.948455 localhost kernel: pci 0000:00:0a.0: BAR 0 [io  0xc080-0xc0ff]
May 28 06:51:48.948552 localhost kernel: pci 0000:00:0a.0: BAR 1 [mem 0xfebdd000-0xfebddfff]
May 28 06:51:48.949063 localhost kernel: pci 0000:00:0a.0: BAR 4 [mem 0xfe014000-0xfe017fff 64bit pref]
May 28 06:51:48.949074 localhost kernel: ACPI: PCI: Interrupt link LNKA configured for IRQ 10
May 28 06:51:48.949080 localhost kernel: ACPI: PCI: Interrupt link LNKB configured for IRQ 10
May 28 06:51:48.949085 localhost kernel: ACPI: PCI: Interrupt link LNKC configured for IRQ 11
May 28 06:51:48.949090 localhost kernel: ACPI: PCI: Interrupt link LNKD configured for IRQ 11
May 28 06:51:48.949095 localhost kernel: ACPI: PCI: Interrupt link LNKS configured for IRQ 9
May 28 06:51:48.949100 localhost kernel: iommu: Default domain type: Passthrough
May 28 06:51:48.949105 localhost kernel: pps_core: LinuxPPS API ver. 1 registered
May 28 06:51:48.949110 localhost kernel: pps_core: Software ver. 5.3.6 - Copyright 2005-2007 Rodolfo Giometti <giometti@linux.it>
May 28 06:51:48.949119 localhost kernel: PTP clock support registered
May 28 06:51:48.949123 localhost kernel: EDAC MC: Ver: 3.0.0
May 28 06:51:48.949128 localhost kernel: NetLabel: Initializing
May 28 06:51:48.949133 localhost kernel: NetLabel:  domain hash size = 128
May 28 06:51:48.949138 localhost kernel: NetLabel:  protocols = UNLABELED CIPSOv4 CALIPSO
May 28 06:51:48.949143 localhost kernel: NetLabel:  unlabeled traffic allowed by default
May 28 06:51:48.949147 localhost kernel: mctp: management component transport protocol core
May 28 06:51:48.949152 localhost kernel: NET: Registered PF_MCTP protocol family
May 28 06:51:48.949157 localhost kernel: PCI: Using ACPI for IRQ routing
May 28 06:51:48.949161 localhost kernel: PCI: pci_cache_line_size set to 64 bytes
May 28 06:51:48.949166 localhost kernel: e820: reserve RAM buffer [mem 0x0009fc00-0x0009ffff]
May 28 06:51:48.949171 localhost kernel: e820: reserve RAM buffer [mem 0x7ffd6000-0x7fffffff]
May 28 06:51:48.949274 localhost kernel: pci 0000:00:02.0: vgaarb: setting as boot VGA device
May 28 06:51:48.949371 localhost kernel: pci 0000:00:02.0: vgaarb: bridge control possible
May 28 06:51:48.949465 localhost kernel: pci 0000:00:02.0: vgaarb: VGA device added: decodes=io+mem,owns=io+mem,locks=none
May 28 06:51:48.949472 localhost kernel: vgaarb: loaded
May 28 06:51:48.949477 localhost kernel: hpet0: at MMIO 0xfed00000, IRQs 2, 8, 0
May 28 06:51:48.949482 localhost kernel: hpet0: 3 comparators, 64-bit 100.000000 MHz counter
May 28 06:51:48.949487 localhost kernel: clocksource: Switched to clocksource kvm-clock
May 28 06:51:48.949491 localhost kernel: VFS: Disk quotas dquot_6.6.0
May 28 06:51:48.949497 localhost kernel: VFS: Dquot-cache hash table entries: 512 (order 0, 4096 bytes)
May 28 06:51:48.949501 localhost kernel: AppArmor: AppArmor Filesystem Enabled
May 28 06:51:48.949506 localhost kernel: pnp: PnP ACPI init
May 28 06:51:48.949613 localhost kernel: pnp 00:02: [dma 2]
May 28 06:51:48.949621 localhost kernel: pnp: PnP ACPI: found 6 devices
May 28 06:51:48.949626 localhost kernel: clocksource: acpi_pm: mask: 0xffffff max_cycles: 0xffffff, max_idle_ns: 2085701024 ns
May 28 06:51:48.949631 localhost kernel: NET: Registered PF_INET protocol family
May 28 06:51:48.949636 localhost kernel: IP idents hash table entries: 32768 (order: 6, 262144 bytes, linear)
May 28 06:51:48.949641 localhost kernel: tcp_listen_portaddr_hash hash table entries: 1024 (order: 2, 16384 bytes, linear)
May 28 06:51:48.949646 localhost kernel: Table-perturb hash table entries: 65536 (order: 6, 262144 bytes, linear)
May 28 06:51:48.949651 localhost kernel: TCP established hash table entries: 16384 (order: 5, 131072 bytes, linear)
May 28 06:51:48.949656 localhost kernel: TCP bind hash table entries: 16384 (order: 7, 524288 bytes, linear)
May 28 06:51:48.949660 localhost kernel: TCP: Hash tables configured (established 16384 bind 16384)
May 28 06:51:48.949665 localhost kernel: MPTCP token hash table entries: 2048 (order: 3, 49152 bytes, linear)
May 28 06:51:48.949672 localhost kernel: UDP hash table entries: 1024 (order: 3, 32768 bytes, linear)
May 28 06:51:48.949677 localhost kernel: UDP-Lite hash table entries: 1024 (order: 3, 32768 bytes, linear)
May 28 06:51:48.949682 localhost kernel: NET: Registered PF_UNIX/PF_LOCAL protocol family
May 28 06:51:48.949687 localhost kernel: NET: Registered PF_XDP protocol family
May 28 06:51:48.949776 localhost kernel: pci_bus 0000:00: resource 4 [io  0x0000-0x0cf7 window]
May 28 06:51:48.949862 localhost kernel: pci_bus 0000:00: resource 5 [io  0x0d00-0xffff window]
May 28 06:51:48.949947 localhost kernel: pci_bus 0000:00: resource 6 [mem 0x000a0000-0x000bffff window]
May 28 06:51:48.950032 localhost kernel: pci_bus 0000:00: resource 7 [mem 0x80000000-0xfebfffff window]
May 28 06:51:48.950121 localhost kernel: pci_bus 0000:00: resource 8 [mem 0x100000000-0x17fffffff window]
May 28 06:51:48.950220 localhost kernel: pci 0000:00:01.0: PIIX3: Enabling Passive Release
May 28 06:51:48.950317 localhost kernel: pci 0000:00:00.0: Limiting direct PCI/PCI transfers
May 28 06:51:48.950328 localhost kernel: ACPI: \_SB_.LNKB: Enabled at IRQ 10
May 28 06:51:48.950447 localhost kernel: pci 0000:00:06.0: quirk_usb_early_handoff+0x0/0x710 took 72496 usecs
May 28 06:51:48.950455 localhost kernel: PCI: CLS 0 bytes, default 64
May 28 06:51:48.950460 localhost kernel: Trying to unpack rootfs image as initramfs...
May 28 06:51:48.950465 localhost kernel: clocksource: tsc: mask: 0xffffffffffffffff max_cycles: 0x285c3ee517e, max_idle_ns: 440795257231 ns
