May 28 06:50:47.986959 localhost kernel: Linux version 6.9.1-1-default (geeko@buildhost) (gcc (SUSE Linux) 13.2.1 20240509 [revision b7a2697733d19a093cbdd0e200ffce069a4bc812], GNU ld (GNU Binutils; openSUSE Tumbleweed) 2.42.0.20240130-3) #1 SMP PREEMPT_DYNAMIC Fri May 17 11:59:46 UTC 2024 (0c0b0b5)
May 28 06:50:47.986978 localhost kernel: Command line: BOOT_IMAGE=/boot/vmlinuz-6.9.1-1-default root=UUID=e30f2f24-8ebe-4eb2-a3e4-7f94c08f2814 splash=silent video=1024x768 plymouth.ignore-serial-consoles console=ttyS0 console=tty kernel.softlockup_panic=1 resume=/dev/disk/by-uuid/350ef8df-2937-4484-9b74-cdf0b1f4c465 security=apparmor mitigations=auto
May 28 06:50:47.986988 localhost kernel: BIOS-provided physical RAM map:
May 28 06:50:47.986994 localhost kernel: BIOS-e820: [mem 0x0000000000000000-0x000000000009fbff] usable
May 28 06:50:47.986999 localhost kernel: BIOS-e820: [mem 0x000000000009fc00-0x000000000009ffff] reserved
May 28 06:50:47.987004 localhost kernel: BIOS-e820: [mem 0x00000000000f0000-0x00000000000fffff] reserved
May 28 06:50:47.987011 localhost kernel: BIOS-e820: [mem 0x0000000000100000-0x000000007ffd5fff] usable
May 28 06:50:47.987016 localhost kernel: BIOS-e820: [mem 0x000000007ffd6000-0x000000007fffffff] reserved
May 28 06:50:47.987021 localhost kernel: BIOS-e820: [mem 0x00000000feffc000-0x00000000feffffff] reserved
May 28 06:50:47.987025 localhost kernel: BIOS-e820: [mem 0x00000000fffc0000-0x00000000ffffffff] reserved
May 28 06:50:47.987031 localhost kernel: BIOS-e820: [mem 0x000000fd00000000-0x000000ffffffffff] reserved
May 28 06:50:47.987036 localhost kernel: NX (Execute Disable) protection: active
May 28 06:50:47.987040 localhost kernel: APIC: Static calls initialized
May 28 06:50:47.987046 localhost kernel: SMBIOS 2.8 present.
May 28 06:50:47.987054 localhost kernel: DMI: QEMU Standard PC (i440FX + PIIX, 1996), BIOS rel-1.16.0-0-gd239552c-rebuilt.opensuse.org 04/01/2014
May 28 06:50:47.987059 localhost kernel: Hypervisor detected: KVM
May 28 06:50:47.987064 localhost kernel: kvm-clock: Using msrs 4b564d01 and 4b564d00
May 28 06:50:47.987069 localhost kernel: kvm-clock: using sched offset of 5528908833 cycles
May 28 06:50:47.987074 localhost kernel: clocksource: kvm-clock: mask: 0xffffffffffffffff max_cycles: 0x1cd42e4dffb, max_idle_ns: 881590591483 ns
May 28 06:50:47.987080 localhost kernel: tsc: Detected 2199.998 MHz processor
May 28 06:50:47.987085 localhost kernel: e820: update [mem 0x00000000-0x00000fff] usable ==> reserved
May 28 06:50:47.987091 localhost kernel: e820: remove [mem 0x000a0000-0x000fffff] usable
May 28 06:50:47.987096 localhost kernel: last_pfn = 0x7ffd6 max_arch_pfn = 0x400000000
May 28 06:50:47.987103 localhost kernel: MTRR map: 4 entries (3 fixed + 1 variable; max 19), built from 8 variable MTRRs
May 28 06:50:47.987108 localhost kernel: x86/PAT: Configuration [0-7]: WB  WC  UC- UC  WB  WP  UC- WT  
May 28 06:50:47.987113 localhost kernel: found SMP MP-table at [mem 0x000f5b40-0x000f5b4f]
May 28 06:50:47.987119 localhost kernel: Using GB pages for direct mapping
May 28 06:50:47.987124 localhost kernel: RAMDISK: [mem 0x34e37000-0x36712fff]
May 28 06:50:47.987129 localhost kernel: ACPI: Early table checksum verification disabled
May 28 06:50:47.987134 localhost kernel: ACPI: RSDP 0x00000000000F5960 000014 (v00 BOCHS )
May 28 06:50:47.987139 localhost kernel: ACPI: RSDT 0x000000007FFE18F4 000034 (v01 BOCHS  BXPC     00000001 BXPC 00000001)
May 28 06:50:47.987145 localhost kernel: ACPI: FACP 0x000000007FFE17A8 000074 (v01 BOCHS  BXPC     00000001 BXPC 00000001)
May 28 06:50:47.987150 localhost kernel: ACPI: DSDT 0x000000007FFE0040 001768 (v01 BOCHS  BXPC     00000001 BXPC 00000001)
May 28 06:50:47.987155 localhost kernel: ACPI: FACS 0x000000007FFE0000 000040
May 28 06:50:47.987160 localhost kernel: ACPI: APIC 0x000000007FFE181C 000078 (v01 BOCHS  BXPC     00000001 BXPC 00000001)
May 28 06:50:47.987167 localhost kernel: ACPI: HPET 0x000000007FFE1894 000038 (v01 BOCHS  BXPC     00000001 BXPC 00000001)
May 28 06:50:47.987172 localhost kernel: ACPI: WAET 0x000000007FFE18CC 000028 (v01 BOCHS  BXPC     00000001 BXPC 00000001)
May 28 06:50:47.987178 localhost kernel: ACPI: Reserving FACP table memory at [mem 0x7ffe17a8-0x7ffe181b]
May 28 06:50:47.987183 localhost kernel: ACPI: Reserving DSDT table memory at [mem 0x7ffe0040-0x7ffe17a7]
May 28 06:50:47.987188 localhost kernel: ACPI: Reserving FACS table memory at [mem 0x7ffe0000-0x7ffe003f]
May 28 06:50:47.987196 localhost kernel: ACPI: Reserving APIC table memory at [mem 0x7ffe181c-0x7ffe1893]
May 28 06:50:47.987202 localhost kernel: ACPI: Reserving HPET table memory at [mem 0x7ffe1894-0x7ffe18cb]
May 28 06:50:47.987207 localhost kernel: ACPI: Reserving WAET table memory at [mem 0x7ffe18cc-0x7ffe18f3]
May 28 06:50:47.987212 localhost kernel: No NUMA configuration found
May 28 06:50:47.987218 localhost kernel: Faking a node at [mem 0x0000000000000000-0x000000007ffd5fff]
May 28 06:50:47.987223 localhost kernel: NODE_DATA(0) allocated [mem 0x7ffab000-0x7ffd5fff]
May 28 06:50:47.987228 localhost kernel: Zone ranges:
May 28 06:50:47.987233 localhost kernel:   DMA      [mem 0x0000000000001000-0x0000000000ffffff]
May 28 06:50:47.987238 localhost kernel:   DMA32    [mem 0x0000000001000000-0x000000007ffd5fff]
May 28 06:50:47.987243 localhost kernel:   Normal   empty
May 28 06:50:47.987250 localhost kernel:   Device   empty
May 28 06:50:47.987255 localhost kernel: Movable zone start for each node
May 28 06:50:47.987260 localhost kernel: Early memory node ranges
May 28 06:50:47.987266 localhost kernel:   node   0: [mem 0x0000000000001000-0x000000000009efff]
May 28 06:50:47.987271 localhost kernel:   node   0: [mem 0x0000000000100000-0x000000007ffd5fff]
May 28 06:50:47.987276 localhost kernel: Initmem setup node 0 [mem 0x0000000000001000-0x000000007ffd5fff]
May 28 06:50:47.987281 localhost kernel: On node 0, zone DMA: 1 pages in unavailable ranges
May 28 06:50:47.987286 localhost kernel: On node 0, zone DMA: 97 pages in unavailable ranges
May 28 06:50:47.987291 localhost kernel: On node 0, zone DMA32: 42 pages in unavailable ranges
May 28 06:50:47.987297 localhost kernel: ACPI: PM-Timer IO Port: 0x608
May 28 06:50:47.987302 localhost kernel: ACPI: LAPIC_NMI (acpi_id[0xff] dfl dfl lint[0x1])
May 28 06:50:47.987307 localhost kernel: IOAPIC[0]: apic_id 0, version 17, address 0xfec00000, GSI 0-23
May 28 06:50:47.987312 localhost kernel: ACPI: INT_SRC_OVR (bus 0 bus_irq 0 global_irq 2 dfl dfl)
May 28 06:50:47.987319 localhost kernel: ACPI: INT_SRC_OVR (bus 0 bus_irq 5 global_irq 5 high level)
May 28 06:50:47.987324 localhost kernel: ACPI: INT_SRC_OVR (bus 0 bus_irq 9 global_irq 9 high level)
May 28 06:50:47.987329 localhost kernel: ACPI: INT_SRC_OVR (bus 0 bus_irq 10 global_irq 10 high level)
May 28 06:50:47.987334 localhost kernel: ACPI: INT_SRC_OVR (bus 0 bus_irq 11 global_irq 11 high level)
May 28 06:50:47.987339 localhost kernel: ACPI: Using ACPI (MADT) for SMP configuration information
May 28 06:50:47.987345 localhost kernel: ACPI: HPET id: 0x8086a201 base: 0xfed00000
May 28 06:50:47.987350 localhost kernel: TSC deadline timer available
May 28 06:50:47.987355 localhost kernel: CPU topo: Max. logical packages:   1
May 28 06:50:47.987360 localhost kernel: CPU topo: Max. logical dies:       1
May 28 06:50:47.987366 localhost kernel: CPU topo: Max. dies per package:   1
May 28 06:50:47.987371 localhost kernel: CPU topo: Max. threads per core:   1
May 28 06:50:47.987376 localhost kernel: CPU topo: Num. cores per package:     1
May 28 06:50:47.987383 localhost kernel: CPU topo: Num. threads per package:   1
May 28 06:50:47.987388 localhost kernel: CPU topo: Allowing 1 present CPUs plus 0 hotplug CPUs
May 28 06:50:47.987393 localhost kernel: kvm-guest: APIC: eoi() replaced with kvm_guest_apic_eoi_write()
May 28 06:50:47.987398 localhost kernel: PM: hibernation: Registered nosave memory: [mem 0x00000000-0x00000fff]
May 28 06:50:47.987404 localhost kernel: PM: hibernation: Registered nosave memory: [mem 0x0009f000-0x0009ffff]
May 28 06:50:47.987409 localhost kernel: PM: hibernation: Registered nosave memory: [mem 0x000a0000-0x000effff]
May 28 06:50:47.987414 localhost kernel: PM: hibernation: Registered nosave memory: [mem 0x000f0000-0x000fffff]
May 28 06:50:47.987419 localhost kernel: [mem 0x80000000-0xfeffbfff] available for PCI devices
May 28 06:50:47.987424 localhost kernel: Booting paravirtualized kernel on KVM
May 28 06:50:47.987429 localhost kernel: clocksource: refined-jiffies: mask: 0xffffffff max_cycles: 0xffffffff, max_idle_ns: 6370452778343963 ns
May 28 06:50:47.987435 localhost kernel: setup_percpu: NR_CPUS:8192 nr_cpumask_bits:1 nr_cpu_ids:1 nr_node_ids:1
May 28 06:50:47.987440 localhost kernel: percpu: Embedded 72 pages/cpu s258048 r8192 d28672 u2097152
May 28 06:50:47.987447 localhost kernel: pcpu-alloc: s258048 r8192 d28672 u2097152 alloc=1*2097152
May 28 06:50:47.987452 localhost kernel: pcpu-alloc: [0] 0 
May 28 06:50:47.987457 localhost kernel: kvm-guest: PV spinlocks disabled, single CPU
May 28 06:50:47.987463 localhost kernel: Kernel command line: BOOT_IMAGE=/boot/vmlinuz-6.9.1-1-default root=UUID=e30f2f24-8ebe-4eb2-a3e4-7f94c08f2814 splash=silent video=1024x768 plymouth.ignore-serial-consoles console=ttyS0 console=tty kernel.softlockup_panic=1 resume=/dev/disk/by-uuid/350ef8df-2937-4484-9b74-cdf0b1f4c465 security=apparmor mitigations=auto
May 28 06:50:47.987469 localhost kernel: Unknown kernel command line parameters "BOOT_IMAGE=/boot/vmlinuz-6.9.1-1-default splash=silent", will be passed to user space.
May 28 06:50:47.987474 localhost kernel: random: crng init done
May 28 06:50:47.987479 localhost kernel: Dentry cache hash table entries: 262144 (order: 9, 2097152 bytes, linear)
May 28 06:50:47.987485 localhost kernel: Inode-cache hash table entries: 131072 (order: 8, 1048576 bytes, linear)
May 28 06:50:47.987490 localhost kernel: Fallback order for Node 0: 0 
May 28 06:50:47.987495 localhost kernel: Built 1 zonelists, mobility grouping on.  Total pages: 515798
May 28 06:50:47.987500 localhost kernel: Policy zone: DMA32
May 28 06:50:47.987507 localhost kernel: mem auto-init: stack:off, heap alloc:off, heap free:off
May 28 06:50:47.987512 localhost kernel: Memory: 260860K/2096592K available (16384K kernel code, 3000K rwdata, 13020K rodata, 4224K init, 4384K bss, 109628K reserved, 0K cma-reserved)
May 28 06:50:47.987518 localhost kernel: SLUB: HWalign=64, Order=0-3, MinObjects=0, CPUs=1, Nodes=1
May 28 06:50:47.987523 localhost kernel: ftrace: allocating 47505 entries in 186 pages
May 28 06:50:47.987528 localhost kernel: ftrace: allocated 186 pages with 5 groups
May 28 06:50:47.987533 localhost kernel: Dynamic Preempt: voluntary
May 28 06:50:47.987538 localhost kernel: rcu: Preemptible hierarchical RCU implementation.
May 28 06:50:47.987544 localhost kernel: rcu:         RCU event tracing is enabled.
May 28 06:50:47.987550 localhost kernel: rcu:         RCU restricting CPUs from NR_CPUS=8192 to nr_cpu_ids=1.
May 28 06:50:47.987555 localhost kernel:         Trampoline variant of Tasks RCU enabled.
May 28 06:50:47.987561 localhost kernel:         Rude variant of Tasks RCU enabled.
May 28 06:50:47.987566 localhost kernel:         Tracing variant of Tasks RCU enabled.
May 28 06:50:47.987573 localhost kernel: rcu: RCU calculated value of scheduler-enlistment delay is 30 jiffies.
May 28 06:50:47.987578 localhost kernel: rcu: Adjusting geometry for rcu_fanout_leaf=16, nr_cpu_ids=1
May 28 06:50:47.987583 localhost kernel: RCU Tasks: Setting shift to 0 and lim to 1 rcu_task_cb_adjust=1.
May 28 06:50:47.987589 localhost kernel: RCU Tasks Rude: Setting shift to 0 and lim to 1 rcu_task_cb_adjust=1.
May 28 06:50:47.987594 localhost kernel: RCU Tasks Trace: Setting shift to 0 and lim to 1 rcu_task_cb_adjust=1.
May 28 06:50:47.987599 localhost kernel: NR_IRQS: 524544, nr_irqs: 256, preallocated irqs: 16
May 28 06:50:47.987604 localhost kernel: rcu: srcu_init: Setting srcu_struct sizes based on contention.
May 28 06:50:47.987609 localhost kernel: Console: colour dummy device 80x25
May 28 06:50:47.987619 localhost kernel: printk: legacy console [tty0] enabled
May 28 06:50:47.987624 localhost kernel: printk: legacy console [ttyS0] enabled
May 28 06:50:47.987629 localhost kernel: ACPI: Core revision 20230628
May 28 06:50:47.987634 localhost kernel: clocksource: hpet: mask: 0xffffffff max_cycles: 0xffffffff, max_idle_ns: 19112604467 ns
May 28 06:50:47.987640 localhost kernel: APIC: Switch to symmetric I/O mode setup
May 28 06:50:47.987647 localhost kernel: x2apic enabled
May 28 06:50:47.987652 localhost kernel: APIC: Switched APIC routing to: physical x2apic
May 28 06:50:47.987657 localhost kernel: ..TIMER: vector=0x30 apic1=0 pin1=2 apic2=-1 pin2=-1
May 28 06:50:47.987662 localhost kernel: clocksource: tsc-early: mask: 0xffffffffffffffff max_cycles: 0x1fb63109b96, max_idle_ns: 440795265316 ns
May 28 06:50:47.987668 localhost kernel: Calibrating delay loop (skipped) preset value.. 4401.32 BogoMIPS (lpj=7333326)
May 28 06:50:47.987673 localhost kernel: x86/cpu: User Mode Instruction Prevention (UMIP) activated
May 28 06:50:47.987678 localhost kernel: Last level iTLB entries: 4KB 512, 2MB 255, 4MB 127
May 28 06:50:47.987683 localhost kernel: Last level dTLB entries: 4KB 512, 2MB 255, 4MB 127, 1GB 0
May 28 06:50:47.987689 localhost kernel: Spectre V1 : Mitigation: usercopy/swapgs barriers and __user pointer sanitization
May 28 06:50:47.987695 localhost kernel: Spectre V2 : Mitigation: Retpolines
May 28 06:50:47.987701 localhost kernel: Spectre V2 : Spectre v2 / SpectreRSB mitigation: Filling RSB on context switch
May 28 06:50:47.987706 localhost kernel: Spectre V2 : Spectre v2 / SpectreRSB : Filling RSB on VMEXIT
May 28 06:50:47.987711 localhost kernel: Spectre V2 : Enabling Restricted Speculation for firmware calls
May 28 06:50:47.987716 localhost kernel: Spectre V2 : mitigation: Enabling conditional Indirect Branch Prediction Barrier
May 28 06:50:47.987721 localhost kernel: Speculative Store Bypass: Mitigation: Speculative Store Bypass disabled via prctl
May 28 06:50:47.987727 localhost kernel: Speculative Return Stack Overflow: IBPB-extending microcode not applied!
May 28 06:50:47.987732 localhost kernel: Speculative Return Stack Overflow: WARNING: See https://kernel.org/doc/html/latest/admin-guide/hw-vuln/srso.html for mitigation options.
May 28 06:50:47.987738 localhost kernel: Speculative Return Stack Overflow: Vulnerable: Safe RET, no microcode
May 28 06:50:47.987743 localhost kernel: x86/fpu: Supporting XSAVE feature 0x001: 'x87 floating point registers'
May 28 06:50:47.987748 localhost kernel: x86/fpu: Supporting XSAVE feature 0x002: 'SSE registers'
May 28 06:50:47.999970 localhost kernel: x86/fpu: Supporting XSAVE feature 0x004: 'AVX registers'
May 28 06:50:47.999982 localhost kernel: x86/fpu: Supporting XSAVE feature 0x200: 'Protection Keys User registers'
May 28 06:50:47.999991 localhost kernel: x86/fpu: xstate_offset[2]:  576, xstate_sizes[2]:  256
May 28 06:50:48.000000 localhost kernel: x86/fpu: xstate_offset[9]:  832, xstate_sizes[9]:    8
May 28 06:50:48.000009 localhost kernel: x86/fpu: Enabled xstate features 0x207, context size is 840 bytes, using 'compacted' format.
May 28 06:50:48.000018 localhost kernel: Freeing SMP alternatives memory: 40K
May 28 06:50:48.000026 localhost kernel: pid_max: default: 32768 minimum: 301
May 28 06:50:48.000035 localhost kernel: LSM: initializing lsm=lockdown,capability,landlock,yama,apparmor,bpf,ima,evm
May 28 06:50:48.000044 localhost kernel: landlock: Up and running.
May 28 06:50:48.000052 localhost kernel: Yama: becoming mindful.
May 28 06:50:48.000061 localhost kernel: AppArmor: AppArmor initialized
May 28 06:50:48.000073 localhost kernel: LSM support for eBPF active
May 28 06:50:48.000082 localhost kernel: Mount-cache hash table entries: 4096 (order: 3, 32768 bytes, linear)
May 28 06:50:48.000091 localhost kernel: Mountpoint-cache hash table entries: 4096 (order: 3, 32768 bytes, linear)
May 28 06:50:48.000099 localhost kernel: smpboot: CPU0: AMD EPYC 7773X 64-Core Processor (family: 0x19, model: 0x1, stepping: 0x2)
May 28 06:50:48.000108 localhost kernel: Performance Events: Fam17h+ core perfctr, AMD PMU driver.
May 28 06:50:48.000117 localhost kernel: ... version:                0
May 28 06:50:48.000125 localhost kernel: ... bit width:              48
May 28 06:50:48.000133 localhost kernel: ... generic registers:      6
May 28 06:50:48.000142 localhost kernel: ... value mask:             0000ffffffffffff
May 28 06:50:48.000150 localhost kernel: ... max period:             00007fffffffffff
May 28 06:50:48.000159 localhost kernel: ... fixed-purpose events:   0
May 28 06:50:48.000168 localhost kernel: ... event mask:             000000000000003f
May 28 06:50:48.000179 localhost kernel: signal: max sigframe size: 3376
May 28 06:50:48.000187 localhost kernel: rcu: Hierarchical SRCU implementation.
May 28 06:50:48.000197 localhost kernel: rcu:         Max phase no-delay instances is 1000.
May 28 06:50:48.000206 localhost kernel: smp: Bringing up secondary CPUs ...
May 28 06:50:48.000215 localhost kernel: smp: Brought up 1 node, 1 CPU
May 28 06:50:48.000224 localhost kernel: smpboot: Total of 1 processors activated (4401.32 BogoMIPS)
May 28 06:50:48.000234 localhost kernel: node 0 deferred pages initialised in 7ms
May 28 06:50:48.000240 localhost kernel: devtmpfs: initialized
May 28 06:50:48.000245 localhost kernel: x86/mm: Memory block size: 128MB
May 28 06:50:48.000251 localhost kernel: clocksource: jiffies: mask: 0xffffffff max_cycles: 0xffffffff, max_idle_ns: 6370867519511994 ns
May 28 06:50:48.000264 localhost kernel: futex hash table entries: 256 (order: 2, 16384 bytes, linear)
May 28 06:50:48.000269 localhost kernel: pinctrl core: initialized pinctrl subsystem
May 28 06:50:48.000277 localhost kernel: PM: RTC time: 10:50:46, date: 2024-05-28
May 28 06:50:48.000282 localhost kernel: NET: Registered PF_NETLINK/PF_ROUTE protocol family
May 28 06:50:48.000288 localhost kernel: DMA: preallocated 256 KiB GFP_KERNEL pool for atomic allocations
May 28 06:50:48.000293 localhost kernel: DMA: preallocated 256 KiB GFP_KERNEL|GFP_DMA pool for atomic allocations
May 28 06:50:48.000298 localhost kernel: DMA: preallocated 256 KiB GFP_KERNEL|GFP_DMA32 pool for atomic allocations
May 28 06:50:48.000303 localhost kernel: audit: initializing netlink subsys (disabled)
May 28 06:50:48.000309 localhost kernel: audit: type=2000 audit(1716893447.276:1): state=initialized audit_enabled=0 res=1
May 28 06:50:48.000314 localhost kernel: thermal_sys: Registered thermal governor 'fair_share'
May 28 06:50:48.000319 localhost kernel: thermal_sys: Registered thermal governor 'bang_bang'
May 28 06:50:48.000324 localhost kernel: thermal_sys: Registered thermal governor 'step_wise'
May 28 06:50:48.000330 localhost kernel: thermal_sys: Registered thermal governor 'user_space'
May 28 06:50:48.000336 localhost kernel: cpuidle: using governor ladder
May 28 06:50:48.000342 localhost kernel: cpuidle: using governor menu
May 28 06:50:48.000347 localhost kernel: acpiphp: ACPI Hot Plug PCI Controller Driver version: 0.5
May 28 06:50:48.000352 localhost kernel: PCI: Using configuration type 1 for base access
May 28 06:50:48.000357 localhost kernel: PCI: Using configuration type 1 for extended access
May 28 06:50:48.000363 localhost kernel: kprobes: kprobe jump-optimization is enabled. All kprobes are optimized if possible.
May 28 06:50:48.000368 localhost kernel: HugeTLB: registered 1.00 GiB page size, pre-allocated 0 pages
May 28 06:50:48.000373 localhost kernel: HugeTLB: 16380 KiB vmemmap can be freed for a 1.00 GiB page
May 28 06:50:48.000378 localhost kernel: HugeTLB: registered 2.00 MiB page size, pre-allocated 0 pages
May 28 06:50:48.000383 localhost kernel: HugeTLB: 28 KiB vmemmap can be freed for a 2.00 MiB page
May 28 06:50:48.000388 localhost kernel: Demotion targets for Node 0: null
May 28 06:50:48.000393 localhost kernel: ACPI: Added _OSI(Module Device)
May 28 06:50:48.000400 localhost kernel: ACPI: Added _OSI(Processor Device)
May 28 06:50:48.000406 localhost kernel: ACPI: Added _OSI(3.0 _SCP Extensions)
May 28 06:50:48.000411 localhost kernel: ACPI: Added _OSI(Processor Aggregator Device)
May 28 06:50:48.000416 localhost kernel: ACPI: 1 ACPI AML tables successfully acquired and loaded
May 28 06:50:48.000421 localhost kernel: ACPI: _OSC evaluation for CPUs failed, trying _PDC
May 28 06:50:48.000426 localhost kernel: ACPI: Interpreter enabled
May 28 06:50:48.000432 localhost kernel: ACPI: PM: (supports S0 S3 S4 S5)
May 28 06:50:48.000437 localhost kernel: ACPI: Using IOAPIC for interrupt routing
May 28 06:50:48.000442 localhost kernel: PCI: Using host bridge windows from ACPI; if necessary, use "pci=nocrs" and report a bug
May 28 06:50:48.000447 localhost kernel: PCI: Using E820 reservations for host bridge windows
May 28 06:50:48.000453 localhost kernel: ACPI: Enabled 2 GPEs in block 00 to 0F
May 28 06:50:48.000458 localhost kernel: ACPI: PCI Root Bridge [PCI0] (domain 0000 [bus 00-ff])
May 28 06:50:48.000625 localhost kernel: acpi PNP0A03:00: _OSC: OS supports [ExtendedConfig ASPM ClockPM Segments MSI EDR HPX-Type3]
May 28 06:50:48.000636 localhost kernel: acpiphp: Slot [3] registered
May 28 06:50:48.000641 localhost kernel: acpiphp: Slot [4] registered
May 28 06:50:48.000647 localhost kernel: acpiphp: Slot [5] registered
May 28 06:50:48.000652 localhost kernel: acpiphp: Slot [6] registered
May 28 06:50:48.000657 localhost kernel: acpiphp: Slot [7] registered
May 28 06:50:48.000662 localhost kernel: acpiphp: Slot [8] registered
May 28 06:50:48.000667 localhost kernel: acpiphp: Slot [9] registered
May 28 06:50:48.000672 localhost kernel: acpiphp: Slot [10] registered
May 28 06:50:48.000677 localhost kernel: acpiphp: Slot [11] registered
May 28 06:50:48.000682 localhost kernel: acpiphp: Slot [12] registered
May 28 06:50:48.000690 localhost kernel: acpiphp: Slot [13] registered
May 28 06:50:48.000695 localhost kernel: acpiphp: Slot [14] registered
May 28 06:50:48.000700 localhost kernel: acpiphp: Slot [15] registered
May 28 06:50:48.000705 localhost kernel: acpiphp: Slot [16] registered
May 28 06:50:48.000710 localhost kernel: acpiphp: Slot [17] registered
May 28 06:50:48.000715 localhost kernel: acpiphp: Slot [18] registered
May 28 06:50:48.000721 localhost kernel: acpiphp: Slot [19] registered
May 28 06:50:48.000726 localhost kernel: acpiphp: Slot [20] registered
May 28 06:50:48.000731 localhost kernel: acpiphp: Slot [21] registered
May 28 06:50:48.000736 localhost kernel: acpiphp: Slot [22] registered
May 28 06:50:48.000741 localhost kernel: acpiphp: Slot [23] registered
May 28 06:50:48.000746 localhost kernel: acpiphp: Slot [24] registered
May 28 06:50:48.000753 localhost kernel: acpiphp: Slot [25] registered
May 28 06:50:48.000758 localhost kernel: acpiphp: Slot [26] registered
May 28 06:50:48.000763 localhost kernel: acpiphp: Slot [27] registered
May 28 06:50:48.000768 localhost kernel: acpiphp: Slot [28] registered
May 28 06:50:48.000773 localhost kernel: acpiphp: Slot [29] registered
May 28 06:50:48.000778 localhost kernel: acpiphp: Slot [30] registered
May 28 06:50:48.000783 localhost kernel: acpiphp: Slot [31] registered
May 28 06:50:48.000788 localhost kernel: PCI host bridge to bus 0000:00
May 28 06:50:48.000904 localhost kernel: pci_bus 0000:00: root bus resource [io  0x0000-0x0cf7 window]
May 28 06:50:48.001002 localhost kernel: pci_bus 0000:00: root bus resource [io  0x0d00-0xffff window]
May 28 06:50:48.001437 localhost kernel: pci_bus 0000:00: root bus resource [mem 0x000a0000-0x000bffff window]
May 28 06:50:48.001551 localhost kernel: pci_bus 0000:00: root bus resource [mem 0x80000000-0xfebfffff window]
May 28 06:50:48.001648 localhost kernel: pci_bus 0000:00: root bus resource [mem 0x100000000-0x17fffffff window]
May 28 06:50:48.001744 localhost kernel: pci_bus 0000:00: root bus resource [bus 00-ff]
May 28 06:50:48.001867 localhost kernel: pci 0000:00:00.0: [8086:1237] type 00 class 0x060000 conventional PCI endpoint
May 28 06:50:48.001984 localhost kernel: pci 0000:00:01.0: [8086:7000] type 00 class 0x060100 conventional PCI endpoint
May 28 06:50:48.002097 localhost kernel: pci 0000:00:01.1: [8086:7010] type 00 class 0x010180 conventional PCI endpoint
May 28 06:50:48.002201 localhost kernel: pci 0000:00:01.1: BAR 4 [io  0xc1c0-0xc1cf]
May 28 06:50:48.002303 localhost kernel: pci 0000:00:01.1: BAR 0 [io  0x01f0-0x01f7]: legacy IDE quirk
May 28 06:50:48.002410 localhost kernel: pci 0000:00:01.1: BAR 1 [io  0x03f6]: legacy IDE quirk
May 28 06:50:48.002512 localhost kernel: pci 0000:00:01.1: BAR 2 [io  0x0170-0x0177]: legacy IDE quirk
May 28 06:50:48.002613 localhost kernel: pci 0000:00:01.1: BAR 3 [io  0x0376]: legacy IDE quirk
May 28 06:50:48.002724 localhost kernel: pci 0000:00:01.3: [8086:7113] type 00 class 0x068000 conventional PCI endpoint
May 28 06:50:48.002826 localhost kernel: pci 0000:00:01.3: quirk: [io  0x0600-0x063f] claimed by PIIX4 ACPI
May 28 06:50:48.002927 localhost kernel: pci 0000:00:01.3: quirk: [io  0x0700-0x070f] claimed by PIIX4 SMB
May 28 06:50:48.003037 localhost kernel: pci 0000:00:02.0: [1234:1111] type 00 class 0x030000 conventional PCI endpoint
May 28 06:50:48.003139 localhost kernel: pci 0000:00:02.0: BAR 0 [mem 0xfd000000-0xfdffffff pref]
May 28 06:50:48.003240 localhost kernel: pci 0000:00:02.0: BAR 2 [mem 0xfebd8000-0xfebd8fff]
May 28 06:50:48.003346 localhost kernel: pci 0000:00:02.0: ROM [mem 0xfebc0000-0xfebcffff pref]
May 28 06:50:48.003446 localhost kernel: pci 0000:00:02.0: Video device with shadowed ROM at [mem 0x000c0000-0x000dffff]
May 28 06:50:48.003557 localhost kernel: pci 0000:00:03.0: [8086:2668] type 00 class 0x040300 conventional PCI endpoint
May 28 06:50:48.003659 localhost kernel: pci 0000:00:03.0: BAR 0 [mem 0xfebd0000-0xfebd3fff]
May 28 06:50:48.003775 localhost kernel: pci 0000:00:04.0: [1af4:1000] type 00 class 0x020000 conventional PCI endpoint
May 28 06:50:48.003893 localhost kernel: pci 0000:00:04.0: BAR 0 [io  0xc180-0xc19f]
May 28 06:50:48.004000 localhost kernel: pci 0000:00:04.0: BAR 1 [mem 0xfebd9000-0xfebd9fff]
May 28 06:50:48.004102 localhost kernel: pci 0000:00:04.0: BAR 4 [mem 0xfe000000-0xfe003fff 64bit pref]
May 28 06:50:48.004205 localhost kernel: pci 0000:00:04.0: ROM [mem 0xfeb80000-0xfebbffff pref]
May 28 06:50:48.004344 localhost kernel: pci 0000:00:05.0: [1af4:1005] type 00 class 0x00ff00 conventional PCI endpoint
May 28 06:50:48.011359 localhost kernel: pci 0000:00:05.0: BAR 0 [io  0xc1a0-0xc1bf]
May 28 06:50:48.011481 localhost kernel: pci 0000:00:05.0: BAR 4 [mem 0xfe004000-0xfe007fff 64bit pref]
May 28 06:50:48.011598 localhost kernel: pci 0000:00:06.0: [1b36:000d] type 00 class 0x0c0330 conventional PCI endpoint
May 28 06:50:48.011704 localhost kernel: pci 0000:00:06.0: BAR 0 [mem 0xfebd4000-0xfebd7fff 64bit]
May 28 06:50:48.011817 localhost kernel: pci 0000:00:07.0: [1af4:1003] type 00 class 0x078000 conventional PCI endpoint
May 28 06:50:48.011921 localhost kernel: pci 0000:00:07.0: BAR 0 [io  0xc100-0xc13f]
May 28 06:50:48.012025 localhost kernel: pci 0000:00:07.0: BAR 1 [mem 0xfebda000-0xfebdafff]
May 28 06:50:48.012127 localhost kernel: pci 0000:00:07.0: BAR 4 [mem 0xfe008000-0xfe00bfff 64bit pref]
May 28 06:50:48.012249 localhost kernel: pci 0000:00:08.0: [1af4:1004] type 00 class 0x010000 conventional PCI endpoint
May 28 06:50:48.012380 localhost kernel: pci 0000:00:08.0: BAR 0 [io  0xc140-0xc17f]
May 28 06:50:48.012486 localhost kernel: pci 0000:00:08.0: BAR 1 [mem 0xfebdb000-0xfebdbfff]
May 28 06:50:48.012587 localhost kernel: pci 0000:00:08.0: BAR 4 [mem 0xfe00c000-0xfe00ffff 64bit pref]
May 28 06:50:48.012701 localhost kernel: pci 0000:00:09.0: [1af4:1001] type 00 class 0x010000 conventional PCI endpoint
May 28 06:50:48.012805 localhost kernel: pci 0000:00:09.0: BAR 0 [io  0xc000-0xc07f]
May 28 06:50:48.012907 localhost kernel: pci 0000:00:09.0: BAR 1 [mem 0xfebdc000-0xfebdcfff]
May 28 06:50:48.013008 localhost kernel: pci 0000:00:09.0: BAR 4 [mem 0xfe010000-0xfe013fff 64bit pref]
May 28 06:50:48.013121 localhost kernel: pci 0000:00:0a.0: [1af4:1001] type 00 class 0x010000 conventional PCI endpoint
May 28 06:50:48.013230 localhost kernel: pci 0000:00:0a.0: BAR 0 [io  0xc080-0xc0ff]
May 28 06:50:48.013332 localhost kernel: pci 0000:00:0a.0: BAR 1 [mem 0xfebdd000-0xfebddfff]
May 28 06:50:48.013433 localhost kernel: pci 0000:00:0a.0: BAR 4 [mem 0xfe014000-0xfe017fff 64bit pref]
May 28 06:50:48.013441 localhost kernel: ACPI: PCI: Interrupt link LNKA configured for IRQ 10
May 28 06:50:48.013446 localhost kernel: ACPI: PCI: Interrupt link LNKB configured for IRQ 10
May 28 06:50:48.013452 localhost kernel: ACPI: PCI: Interrupt link LNKC configured for IRQ 11
May 28 06:50:48.013457 localhost kernel: ACPI: PCI: Interrupt link LNKD configured for IRQ 11
May 28 06:50:48.013462 localhost kernel: ACPI: PCI: Interrupt link LNKS configured for IRQ 9
May 28 06:50:48.013468 localhost kernel: iommu: Default domain type: Passthrough
May 28 06:50:48.013473 localhost kernel: pps_core: LinuxPPS API ver. 1 registered
May 28 06:50:48.013481 localhost kernel: pps_core: Software ver. 5.3.6 - Copyright 2005-2007 Rodolfo Giometti <giometti@linux.it>
May 28 06:50:48.013487 localhost kernel: PTP clock support registered
May 28 06:50:48.013492 localhost kernel: EDAC MC: Ver: 3.0.0
May 28 06:50:48.013497 localhost kernel: NetLabel: Initializing
May 28 06:50:48.013503 localhost kernel: NetLabel:  domain hash size = 128
May 28 06:50:48.013508 localhost kernel: NetLabel:  protocols = UNLABELED CIPSOv4 CALIPSO
May 28 06:50:48.013513 localhost kernel: NetLabel:  unlabeled traffic allowed by default
May 28 06:50:48.013519 localhost kernel: mctp: management component transport protocol core
May 28 06:50:48.013524 localhost kernel: NET: Registered PF_MCTP protocol family
May 28 06:50:48.013529 localhost kernel: PCI: Using ACPI for IRQ routing
May 28 06:50:48.013534 localhost kernel: PCI: pci_cache_line_size set to 64 bytes
May 28 06:50:48.013539 localhost kernel: e820: reserve RAM buffer [mem 0x0009fc00-0x0009ffff]
May 28 06:50:48.013547 localhost kernel: e820: reserve RAM buffer [mem 0x7ffd6000-0x7fffffff]
May 28 06:50:48.013651 localhost kernel: pci 0000:00:02.0: vgaarb: setting as boot VGA device
May 28 06:50:48.013753 localhost kernel: pci 0000:00:02.0: vgaarb: bridge control possible
May 28 06:50:48.013854 localhost kernel: pci 0000:00:02.0: vgaarb: VGA device added: decodes=io+mem,owns=io+mem,locks=none
May 28 06:50:48.013862 localhost kernel: vgaarb: loaded
May 28 06:50:48.013867 localhost kernel: hpet0: at MMIO 0xfed00000, IRQs 2, 8, 0
May 28 06:50:48.013872 localhost kernel: hpet0: 3 comparators, 64-bit 100.000000 MHz counter
May 28 06:50:48.013878 localhost kernel: clocksource: Switched to clocksource kvm-clock
May 28 06:50:48.013883 localhost kernel: VFS: Disk quotas dquot_6.6.0
May 28 06:50:48.013889 localhost kernel: VFS: Dquot-cache hash table entries: 512 (order 0, 4096 bytes)
May 28 06:50:48.013894 localhost kernel: AppArmor: AppArmor Filesystem Enabled
May 28 06:50:48.013902 localhost kernel: pnp: PnP ACPI init
May 28 06:50:48.014028 localhost kernel: pnp 00:02: [dma 2]
May 28 06:50:48.014037 localhost kernel: pnp: PnP ACPI: found 6 devices
May 28 06:50:48.014043 localhost kernel: clocksource: acpi_pm: mask: 0xffffff max_cycles: 0xffffff, max_idle_ns: 2085701024 ns
May 28 06:50:48.014048 localhost kernel: NET: Registered PF_INET protocol family
May 28 06:50:48.014054 localhost kernel: IP idents hash table entries: 32768 (order: 6, 262144 bytes, linear)
May 28 06:50:48.014059 localhost kernel: tcp_listen_portaddr_hash hash table entries: 1024 (order: 2, 16384 bytes, linear)
May 28 06:50:48.014064 localhost kernel: Table-perturb hash table entries: 65536 (order: 6, 262144 bytes, linear)
May 28 06:50:48.014070 localhost kernel: TCP established hash table entries: 16384 (order: 5, 131072 bytes, linear)
May 28 06:50:48.014075 localhost kernel: TCP bind hash table entries: 16384 (order: 7, 524288 bytes, linear)
May 28 06:50:48.014080 localhost kernel: TCP: Hash tables configured (established 16384 bind 16384)
May 28 06:50:48.014088 localhost kernel: MPTCP token hash table entries: 2048 (order: 3, 49152 bytes, linear)
May 28 06:50:48.014094 localhost kernel: UDP hash table entries: 1024 (order: 3, 32768 bytes, linear)
May 28 06:50:48.014099 localhost kernel: UDP-Lite hash table entries: 1024 (order: 3, 32768 bytes, linear)
May 28 06:50:48.014104 localhost kernel: NET: Registered PF_UNIX/PF_LOCAL protocol family
May 28 06:50:48.014110 localhost kernel: NET: Registered PF_XDP protocol family
May 28 06:50:48.014206 localhost kernel: pci_bus 0000:00: resource 4 [io  0x0000-0x0cf7 window]
May 28 06:50:48.014302 localhost kernel: pci_bus 0000:00: resource 5 [io  0x0d00-0xffff window]
May 28 06:50:48.014395 localhost kernel: pci_bus 0000:00: resource 6 [mem 0x000a0000-0x000bffff window]
May 28 06:50:48.021209 localhost kernel: pci_bus 0000:00: resource 7 [mem 0x80000000-0xfebfffff window]
May 28 06:50:48.021319 localhost kernel: pci_bus 0000:00: resource 8 [mem 0x100000000-0x17fffffff window]
May 28 06:50:48.021429 localhost kernel: pci 0000:00:01.0: PIIX3: Enabling Passive Release
May 28 06:50:48.021543 localhost kernel: pci 0000:00:00.0: Limiting direct PCI/PCI transfers
May 28 06:50:48.021552 localhost kernel: ACPI: \_SB_.LNKB: Enabled at IRQ 10
May 28 06:50:48.021658 localhost kernel: pci 0000:00:06.0: quirk_usb_early_handoff+0x0/0x710 took 77449 usecs
May 28 06:50:48.021666 localhost kernel: PCI: CLS 0 bytes, default 64
May 28 06:50:48.021672 localhost kernel: Trying to unpack rootfs image as initramfs...
May 28 06:50:48.021678 localhost kernel: clocksource: tsc: mask: 0xffffffffffffffff max_cycles: 0x1fb63109b96, max_idle_ns: 440795265316 ns
May 28 06:50:48.021694 localhost kernel: Initialise system trusted keyrings
May 28 06:50:48.021703 localhost kernel: Key type blacklist registered
May 28 06:50:48.021708 localhost kernel: workingset: timestamp_bits=36 max_order=19 bucket_order=0
May 28 06:50:48.021714 localhost kernel: zbud: loaded
May 28 06:50:48.021719 localhost kernel: integrity: Platform Keyring initialized
May 28 06:50:48.021725 localhost kernel: integrity: Machine keyring initialized
May 28 06:50:48.021730 localhost kernel: Key type asymmetric registered
May 28 06:50:48.021735 localhost kernel: Asymmetric key parser 'x509' registered
May 28 06:50:48.021740 localhost kernel: Freeing initrd memory: 25456K
May 28 06:50:48.021745 localhost kernel: Block layer SCSI generic (bsg) driver version 0.4 loaded (major 247)
May 28 06:50:48.021751 localhost kernel: io scheduler mq-deadline registered
May 28 06:50:48.021758 localhost kernel: io scheduler kyber registered
May 28 06:50:48.021763 localhost kernel: io scheduler bfq registered
May 28 06:50:48.021768 localhost kernel: shpchp: Standard Hot Plug PCI Controller Driver version: 0.4
May 28 06:50:48.021774 localhost kernel: ACPI: \_SB_.LNKD: Enabled at IRQ 11
May 28 06:50:48.021779 localhost kernel: ACPI: \_SB_.LNKA: Enabled at IRQ 10
May 28 06:50:48.021784 localhost kernel: ACPI: \_SB_.LNKC: Enabled at IRQ 11
May 28 06:50:48.021789 localhost kernel: Serial: 8250/16550 driver, 32 ports, IRQ sharing enabled
May 28 06:50:48.021795 localhost kernel: 00:04: ttyS0 at I/O 0x3f8 (irq = 4, base_baud = 115200) is a 16550A
May 28 06:50:48.021800 localhost kernel: Non-volatile memory driver v1.3
May 28 06:50:48.021805 localhost kernel: Linux agpgart interface v0.103
May 28 06:50:48.021810 localhost kernel: ACPI: bus type drm_connector registered
May 28 06:50:48.021816 localhost kernel: i8042: PNP: PS/2 Controller [PNP0303:KBD,PNP0f13:MOU] at 0x60,0x64 irq 1,12
May 28 06:50:48.021823 localhost kernel: serio: i8042 KBD port at 0x60,0x64 irq 1
May 28 06:50:48.021829 localhost kernel: serio: i8042 AUX port at 0x60,0x64 irq 12
May 28 06:50:48.021834 localhost kernel: mousedev: PS/2 mouse device common for all mice
May 28 06:50:48.021841 localhost kernel: input: AT Translated Set 2 keyboard as /devices/platform/i8042/serio0/input/input0
May 28 06:50:48.021953 localhost kernel: rtc_cmos 00:05: RTC can wake from S4
May 28 06:50:48.021962 localhost kernel: input: VirtualPS/2 VMware VMMouse as /devices/platform/i8042/serio1/input/input3
May 28 06:50:48.022058 localhost kernel: rtc_cmos 00:05: registered as rtc0
May 28 06:50:48.022066 localhost kernel: input: VirtualPS/2 VMware VMMouse as /devices/platform/i8042/serio1/input/input2
May 28 06:50:48.022161 localhost kernel: rtc_cmos 00:05: setting system clock to 2024-05-28T10:50:47 UTC (1716893447)
May 28 06:50:48.022257 localhost kernel: rtc_cmos 00:05: alarms up to one day, y3k, 242 bytes nvram, hpet irqs
May 28 06:50:48.022265 localhost kernel: amd_pstate: the _CPC object is not present in SBIOS or ACPI disabled
May 28 06:50:48.022271 localhost kernel: ledtrig-cpu: registered to indicate activity on CPUs
May 28 06:50:48.022277 localhost kernel: [drm] Initialized simpledrm 1.0.0 20200625 for simple-framebuffer.0 on minor 0
May 28 06:50:48.022397 localhost kernel: simple-framebuffer simple-framebuffer.0: [drm] User-defined mode not supported: "1024x768": 60 64127 1024 1080 1184 1344 768 769 772 795 0x20 0x6
May 28 06:50:48.022408 localhost kernel: Console: switching to colour frame buffer device 100x37
May 28 06:50:48.022511 localhost kernel: simple-framebuffer simple-framebuffer.0: [drm] fb0: simpledrmdrmfb frame buffer device
May 28 06:50:48.022520 localhost kernel: hid: raw HID events driver (C) Jiri Kosina
May 28 06:50:48.022525 localhost kernel: drop_monitor: Initializing network drop monitor service
May 28 06:50:48.022530 localhost kernel: NET: Registered PF_INET6 protocol family
May 28 06:50:48.022535 localhost kernel: Segment Routing with IPv6
May 28 06:50:48.022541 localhost kernel: RPL Segment Routing with IPv6
May 28 06:50:48.022546 localhost kernel: In-situ OAM (IOAM) with IPv6
May 28 06:50:48.022551 localhost kernel: IPI shorthand broadcast: enabled
May 28 06:50:48.022556 localhost kernel: sched_clock: Marking stable (1090002620, 131734587)->(1326722013, -104984806)
May 28 06:50:48.022564 localhost kernel: registered taskstats version 1
May 28 06:50:48.022569 localhost kernel: Loading compiled-in X.509 certificates
May 28 06:50:48.022574 localhost kernel: Loaded X.509 cert 'openSUSE Secure Boot Signkey: fd9f2c12e599d67cc7f9067541adf426b712469e'
May 28 06:50:48.022580 localhost kernel: page_owner is disabled
May 28 06:50:48.022585 localhost kernel: Key type .fscrypt registered
May 28 06:50:48.022590 localhost kernel: Key type fscrypt-provisioning registered
May 28 06:50:48.022596 localhost kernel: Key type encrypted registered
May 28 06:50:48.022601 localhost kernel: AppArmor: AppArmor sha256 policy hashing enabled
May 28 06:50:48.022607 localhost kernel: ima: No TPM chip found, activating TPM-bypass!
May 28 06:50:48.022612 localhost kernel: Loading compiled-in module X.509 certificates
May 28 06:50:48.022617 localhost kernel: Loaded X.509 cert 'openSUSE Secure Boot Signkey: fd9f2c12e599d67cc7f9067541adf426b712469e'
May 28 06:50:48.022622 localhost kernel: ima: Allocated hash algorithm: sha256
May 28 06:50:48.022629 localhost kernel: ima: No architecture policies found
May 28 06:50:48.022635 localhost kernel: evm: Initialising EVM extended attributes:
May 28 06:50:48.022640 localhost kernel: evm: security.selinux
May 28 06:50:48.022645 localhost kernel: evm: security.SMACK64 (disabled)
May 28 06:50:48.022650 localhost kernel: evm: security.SMACK64EXEC (disabled)
May 28 06:50:48.022655 localhost kernel: evm: security.SMACK64TRANSMUTE (disabled)
May 28 06:50:48.022660 localhost kernel: evm: security.SMACK64MMAP (disabled)
May 28 06:50:48.022666 localhost kernel: evm: security.apparmor
May 28 06:50:48.022671 localhost kernel: evm: security.ima
May 28 06:50:48.022676 localhost kernel: evm: security.capability
May 28 06:50:48.022681 localhost kernel: evm: HMAC attrs: 0x1
May 28 06:50:48.022686 localhost kernel: PM:   Magic number: 8:944:831
May 28 06:50:48.022693 localhost kernel: RAS: Correctable Errors collector initialized.
May 28 06:50:48.022698 localhost kernel: clk: Disabling unused clocks
May 28 06:50:48.022703 localhost kernel: PM: genpd: Disabling unused power domains
May 28 06:50:48.022709 localhost kernel: Freeing unused decrypted memory: 2028K
May 28 06:50:48.022714 localhost kernel: Freeing unused kernel image (initmem) memory: 4224K
May 28 06:50:48.022719 localhost kernel: Write protecting the kernel read-only data: 30720k
May 28 06:50:48.022724 localhost kernel: Freeing unused kernel image (rodata/data gap) memory: 1316K
May 28 06:50:48.022729 localhost kernel: Run /init as init process
May 28 06:50:48.022735 localhost kernel:   with arguments:
May 28 06:50:48.022740 localhost kernel:     /init
May 28 06:50:48.022745 localhost kernel:   with environment:
May 28 06:50:48.022750 localhost kernel:     HOME=/
May 28 06:50:48.022757 localhost kernel:     TERM=linux
May 28 06:50:48.022762 localhost kernel:     BOOT_IMAGE=/boot/vmlinuz-6.9.1-1-default
May 28 06:50:48.022767 localhost kernel:     splash=silent
May 28 06:50:48.022775 localhost systemd[1]: systemd 255.6+suse.30.g3ea0e1dff3 running in system mode (+PAM +AUDIT +SELINUX +APPARMOR +IMA -SMACK +SECCOMP +GCRYPT +GNUTLS +OPENSSL +ACL +BLKID +CURL +ELFUTILS +FIDO2 +IDN2 -IDN +IPTC +KMOD +LIBCRYPTSETUP +LIBFDISK +PCRE2 +PWQUALITY +P11KIT +QRENCODE +TPM2 +BZIP2 +LZ4 +XZ +ZLIB +ZSTD +BPF_FRAMEWORK -XKBCOMMON -UTMP +SYSVINIT default-hierarchy=unified)
May 28 06:50:48.022782 localhost systemd[1]: Detected virtualization kvm.
May 28 06:50:48.022788 localhost systemd[1]: Detected architecture x86-64.
May 28 06:50:48.022794 localhost systemd[1]: Running in initrd.
May 28 06:50:48.022800 localhost systemd[1]: No hostname configured, using default hostname.
May 28 06:50:48.022806 localhost systemd[1]: Hostname set to <localhost>.
May 28 06:50:48.022812 localhost systemd[1]: Initializing machine ID from random generator.
May 28 06:50:48.022820 localhost systemd[1]: /usr/lib/systemd/system/plymouth-start.service:15: Unit uses KillMode=none. This is unsafe, as it disables systemd's process lifecycle management for the service. Please update the service to use a safer KillMode=, such as 'mixed' or 'control-group'. Support for KillMode=none is deprecated and will eventually be removed.
May 28 06:50:48.022826 localhost systemd[1]: Queued start job for default target Initrd Default Target.
May 28 06:50:48.022832 localhost systemd[1]: Expecting device /dev/disk/by-uuid/350ef8df-2937-4484-9b74-cdf0b1f4c465...
May 28 06:50:48.022838 localhost systemd[1]: Expecting device /dev/disk/by-uuid/e30f2f24-8ebe-4eb2-a3e4-7f94c08f2814...
May 28 06:50:48.022844 localhost systemd[1]: Reached target Initrd /usr File System.
May 28 06:50:48.022849 localhost systemd[1]: Reached target Slice Units.
May 28 06:50:48.022855 localhost systemd[1]: Reached target Swaps.
May 28 06:50:48.022861 localhost systemd[1]: Reached target Timer Units.
May 28 06:50:48.022867 localhost systemd[1]: Listening on Journal Socket (/dev/log).
May 28 06:50:48.022874 localhost systemd[1]: Listening on Journal Socket.
May 28 06:50:48.022880 localhost systemd[1]: Listening on udev Control Socket.
May 28 06:50:48.022885 localhost systemd[1]: Listening on udev Kernel Socket.
May 28 06:50:48.022891 localhost systemd[1]: Reached target Socket Units.
May 28 06:50:48.022897 localhost systemd[1]: Starting Create List of Static Device Nodes...
May 28 06:50:48.022902 localhost systemd[1]: Started Hardware RNG Entropy Gatherer Daemon.
May 28 06:50:48.022908 localhost systemd[1]: Starting Journal Service...
May 28 06:50:48.022913 localhost systemd[1]: Load Kernel Modules was skipped because no trigger condition checks were met.
May 28 06:50:48.022919 localhost systemd[1]: Starting Apply Kernel Variables...
May 28 06:50:48.022925 localhost systemd[1]: Starting Virtual Console Setup...
May 28 06:50:48.022930 localhost systemd[1]: Finished Create List of Static Device Nodes.
May 28 06:50:48.022955 localhost systemd-journald[173]: Collecting audit messages is disabled.
May 28 06:50:48.022972 localhost systemd[1]: Starting Create Static Device Nodes in /dev gracefully...
May 28 06:50:48.022978 localhost systemd[1]: Finished Apply Kernel Variables.
May 28 06:50:48.022984 localhost systemd[1]: Finished Create Static Device Nodes in /dev gracefully.
May 28 06:50:48.022991 localhost systemd-journald[173]: Journal started
May 28 06:50:48.023007 localhost systemd-journald[173]: Runtime Journal (/run/log/journal/a47a809e773a415bb11eab2c2e36436d) is 4.9M, max 39.4M, 34.5M free.
May 28 06:50:48.023157 localhost rngd[172]: Initializing available sources
May 28 06:50:48.023157 localhost rngd[172]: [hwrng ]: Initialized
May 28 06:50:48.023157 localhost rngd[172]: [rdrand]: Enabling RDSEED rng support
May 28 06:50:48.023157 localhost rngd[172]: [rdrand]: Initialized
May 28 06:50:48.023157 localhost rngd[172]: [pkcs11]: Unable to load pkcs11 engine: could not load the shared library
May 28 06:50:48.023157 localhost rngd[172]: [pkcs11]: Initialization Failed
May 28 06:50:48.031878 localhost systemd[1]: Starting Create Static Device Nodes in /dev...
May 28 06:50:48.031900 localhost systemd[1]: Started Journal Service.
May 28 06:50:48.045859 localhost systemd[1]: Finished Create Static Device Nodes in /dev.
May 28 06:50:48.062408 localhost systemd[1]: Finished Virtual Console Setup.
May 28 06:50:48.077869 localhost systemd[1]: Starting dracut ask for additional cmdline parameters...
May 28 06:50:48.104697 localhost systemd[1]: Finished dracut ask for additional cmdline parameters.
May 28 06:50:48.114570 localhost systemd[1]: Starting dracut cmdline hook...
May 28 06:50:48.125075 localhost dracut-cmdline[203]: dracut-059+suse.588.g528264be-1.1
May 28 06:50:48.128067 localhost dracut-cmdline[203]: Using kernel command line parameters:  rd.driver.pre=btrfs resume=UUID=350ef8df-2937-4484-9b74-cdf0b1f4c465 root=UUID=e30f2f24-8ebe-4eb2-a3e4-7f94c08f2814 rootfstype=btrfs rootflags=rw,relatime,discard=async,space_cache=v2,subvolid=266,subvol=/@/.snapshots/1/snapshot,subvol=@/.snapshots/1/snapshot   BOOT_IMAGE=/boot/vmlinuz-6.9.1-1-default root=UUID=e30f2f24-8ebe-4eb2-a3e4-7f94c08f2814 splash=silent video=1024x768 plymouth.ignore-serial-consoles console=ttyS0 console=tty kernel.softlockup_panic=1 resume=/dev/disk/by-uuid/350ef8df-2937-4484-9b74-cdf0b1f4c465 security=apparmor mitigations=auto
May 28 06:50:48.170886 localhost systemd[1]: Finished dracut cmdline hook.
May 28 06:50:48.186224 localhost systemd[1]: Starting dracut pre-udev hook...
May 28 06:50:48.427688 localhost kernel: raid6: avx2x4   gen() 32886 MB/s
May 28 06:50:48.427814 localhost kernel: raid6: avx2x2   gen() 38375 MB/s
May 28 06:50:48.427826 localhost kernel: raid6: avx2x1   gen() 23388 MB/s
May 28 06:50:48.427833 localhost kernel: raid6: using algorithm avx2x2 gen() 38375 MB/s
May 28 06:50:48.427852 localhost kernel: raid6: .... xor() 30857 MB/s, rmw enabled
May 28 06:50:48.427859 localhost kernel: raid6: using avx2x2 recovery algorithm
May 28 06:50:48.431112 localhost kernel: xor: automatically using best checksumming function   avx       
May 28 06:50:48.554443 localhost kernel: Btrfs loaded, assert=on, zoned=yes, fsverity=yes
May 28 06:50:48.561382 localhost systemd[1]: Finished dracut pre-udev hook.
May 28 06:50:48.577898 localhost systemd[1]: Starting Rule-based Manager for Device Events and Files...
May 28 06:50:48.594943 localhost systemd-udevd[304]: Using default interface naming scheme 'v255'.
May 28 06:50:48.597635 localhost systemd[1]: Started Rule-based Manager for Device Events and Files.
May 28 06:50:48.600318 localhost systemd[1]: dracut pre-trigger hook was skipped because no trigger condition checks were met.
May 28 06:50:48.611401 localhost systemd[1]: Starting Coldplug All udev Devices...
May 28 06:50:48.713566 localhost systemd[1]: Finished Coldplug All udev Devices.
May 28 06:50:48.831177 localhost kernel: virtio_blk virtio4: 1/0/0 default/read/poll queues
May 28 06:50:48.860060 localhost kernel: virtio_blk virtio4: [vda] 62914560 512-byte logical blocks (32.2 GB/30.0 GiB)
May 28 06:50:48.864483 localhost kernel: cryptd: max_cpu_qlen set to 1000
May 28 06:50:48.884238 localhost kernel: FDC 0 is a S82078B
May 28 06:50:48.911824 localhost kernel: Console: switching to colour dummy device 80x25
May 28 06:50:48.911846 localhost kernel: ACPI: bus type USB registered
May 28 06:50:48.911855 localhost kernel: SCSI subsystem initialized
May 28 06:50:48.911863 localhost kernel: usbcore: registered new interface driver usbfs
May 28 06:50:48.911870 localhost kernel: bochs-drm 0000:00:02.0: vgaarb: deactivate vga console
May 28 06:50:48.912026 localhost kernel: [drm] Found bochs VGA, ID 0xb0c5.
May 28 06:50:48.912035 localhost kernel: [drm] Framebuffer size 16384 kB @ 0xfd000000, mmio @ 0xfebd8000.
May 28 06:50:48.912047 localhost kernel: AVX2 version of gcm_enc/dec engaged.
May 28 06:50:48.912054 localhost kernel: AES CTR mode by8 optimization enabled
May 28 06:50:48.912060 localhost kernel: usbcore: registered new interface driver hub
May 28 06:50:48.912067 localhost kernel: usbcore: registered new device driver usb
May 28 06:50:48.914830 localhost kernel: alua: device handler registered
May 28 06:50:48.914850 localhost kernel: rdac: device handler registered
May 28 06:50:48.928003 localhost kernel: [drm] Found EDID data blob.
May 28 06:50:48.928023 localhost kernel: emc: device handler registered
May 28 06:50:48.941180 localhost kernel: [drm] Initialized bochs-drm 1.0.0 20130925 for 0000:00:02.0 on minor 0
May 28 06:50:48.964448 localhost kernel:  vda: vda1 vda2 vda3
May 28 06:50:48.964500 localhost kernel: virtio_blk virtio5: 1/0/0 default/read/poll queues
May 28 06:50:48.964665 localhost kernel: virtio_blk virtio5: [vdb] 41943040 512-byte logical blocks (21.5 GB/20.0 GiB)
May 28 06:50:49.019861 localhost kernel: virtio_scsi virtio3: 1/0/0 default/read/poll queues
May 28 06:50:49.020014 localhost kernel: fbcon: bochs-drmdrmfb (fb0) is primary device
May 28 06:50:49.046071 localhost kernel: scsi host0: Virtio SCSI HBA
May 28 06:50:49.064518 localhost kernel: scsi 0:0:0:0: CD-ROM            QEMU     QEMU CD-ROM      2.5+ PQ: 0 ANSI: 5
May 28 06:50:49.071476 localhost systemd[1]: Starting dracut initqueue hook...
May 28 06:50:49.074450 localhost kernel: libata version 3.00 loaded.
May 28 06:50:49.131255 localhost kernel: xhci_hcd 0000:00:06.0: xHCI Host Controller
May 28 06:50:49.131722 localhost kernel: xhci_hcd 0000:00:06.0: new USB bus registered, assigned bus number 1
May 28 06:50:49.131858 localhost kernel: xhci_hcd 0000:00:06.0: hcc params 0x00087001 hci version 0x100 quirks 0x0000000000000010
May 28 06:50:49.134479 localhost kernel: xhci_hcd 0000:00:06.0: xHCI Host Controller
May 28 06:50:49.134652 localhost kernel: xhci_hcd 0000:00:06.0: new USB bus registered, assigned bus number 2
May 28 06:50:49.134790 localhost kernel: xhci_hcd 0000:00:06.0: Host supports USB 3.0 SuperSpeed
May 28 06:50:49.134960 localhost kernel: usb usb1: New USB device found, idVendor=1d6b, idProduct=0002, bcdDevice= 6.09
May 28 06:50:49.135116 localhost kernel: usb usb1: New USB device strings: Mfr=3, Product=2, SerialNumber=1
May 28 06:50:49.135236 localhost kernel: usb usb1: Product: xHCI Host Controller
May 28 06:50:49.135344 localhost kernel: usb usb1: Manufacturer: Linux 6.9.1-1-default xhci-hcd
May 28 06:50:49.135448 localhost kernel: usb usb1: SerialNumber: 0000:00:06.0
May 28 06:50:49.135553 localhost kernel: hub 1-0:1.0: USB hub found
May 28 06:50:49.135696 localhost kernel: hub 1-0:1.0: 4 ports detected
May 28 06:50:49.147837 localhost kernel: usb usb2: We don't know the algorithms for LPM for this host, disabling LPM.
May 28 06:50:49.148520 localhost kernel: usb usb2: New USB device found, idVendor=1d6b, idProduct=0003, bcdDevice= 6.09
May 28 06:50:49.149061 localhost kernel: usb usb2: New USB device strings: Mfr=3, Product=2, SerialNumber=1
May 28 06:50:49.149626 localhost kernel: usb usb2: Product: xHCI Host Controller
May 28 06:50:49.151599 localhost kernel: usb usb2: Manufacturer: Linux 6.9.1-1-default xhci-hcd
May 28 06:50:49.179379 localhost kernel: usb usb2: SerialNumber: 0000:00:06.0
May 28 06:50:49.185769 localhost kernel: hub 2-0:1.0: USB hub found
May 28 06:50:49.186032 localhost kernel: hub 2-0:1.0: 4 ports detected
May 28 06:50:49.186232 localhost kernel: scsi 0:0:0:0: Attached scsi generic sg0 type 5
May 28 06:50:49.186444 localhost kernel: ata_piix 0000:00:01.1: version 2.13
May 28 06:50:49.186646 localhost kernel: scsi host1: ata_piix
May 28 06:50:49.186855 localhost kernel: scsi host2: ata_piix
May 28 06:50:49.187050 localhost kernel: ata1: PATA max MWDMA2 cmd 0x1f0 ctl 0x3f6 bmdma 0xc1c0 irq 14 lpm-pol 0
May 28 06:50:49.187065 localhost kernel: ata2: PATA max MWDMA2 cmd 0x170 ctl 0x376 bmdma 0xc1c8 irq 15 lpm-pol 0
May 28 06:50:49.311437 localhost kernel: Console: switching to colour frame buffer device 128x48
May 28 06:50:49.449920 localhost kernel: bochs-drm 0000:00:02.0: [drm] fb0: bochs-drmdrmfb frame buffer device
May 28 06:50:49.450138 localhost kernel: sr 0:0:0:0: Power-on or device reset occurred
May 28 06:50:49.454789 localhost systemd[1]: systemd-vconsole-setup.service: Deactivated successfully.
May 28 06:50:49.455001 localhost systemd[1]: Stopped Virtual Console Setup.
May 28 06:50:49.455345 localhost systemd[1]: Stopping Virtual Console Setup...
May 28 06:50:49.464557 localhost kernel: sr 0:0:0:0: [sr0] scsi3-mmc drive: 16x/50x cd/rw xa/form2 cdda tray
May 28 06:50:49.464718 localhost kernel: cdrom: Uniform CD-ROM driver Revision: 3.20
May 28 06:50:49.489205 localhost kernel: sr 0:0:0:0: Attached scsi CD-ROM sr0
May 28 06:50:49.484965 localhost systemd[1]: Starting Virtual Console Setup...
May 28 06:50:49.507843 localhost kernel: usb 1-1: new high-speed USB device number 2 using xhci_hcd
May 28 06:50:49.519986 localhost systemd[1]: Found device /dev/disk/by-uuid/e30f2f24-8ebe-4eb2-a3e4-7f94c08f2814.
May 28 06:50:49.536108 localhost systemd[1]: Finished dracut initqueue hook.
May 28 06:50:49.635371 localhost systemd[1]: Found device /dev/disk/by-uuid/350ef8df-2937-4484-9b74-cdf0b1f4c465.
May 28 06:50:49.638021 localhost systemd[1]: Reached target Initrd Root Device.
May 28 06:50:49.638410 localhost systemd[1]: Reached target Preparation for Remote File Systems.
May 28 06:50:49.638778 localhost systemd[1]: Reached target Remote File Systems.
May 28 06:50:49.660175 localhost 55-scsi-sg3_id.rules[424]: WARNING: SCSI device sr0 has no device ID, consider changing .SCSI_ID_SERIAL_SRC in 00-scsi-sg3_config.rules
May 28 06:50:49.677456 localhost systemd[1]: Starting dracut pre-mount hook...
May 28 06:50:49.688758 localhost systemd[1]: Starting Resume from hibernation...
May 28 06:50:49.689704 localhost systemd[1]: Finished Virtual Console Setup.
May 28 06:50:49.694927 localhost systemd[1]: systemd-vconsole-setup.service: Deactivated successfully.
May 28 06:50:49.695111 localhost systemd[1]: Stopped Virtual Console Setup.
May 28 06:50:49.695658 localhost systemd[1]: Stopping Virtual Console Setup...
May 28 06:50:49.701380 localhost systemd[1]: Starting Virtual Console Setup...
May 28 06:50:49.709249 localhost systemd[1]: Finished dracut pre-mount hook.
May 28 06:50:49.709800 localhost systemd[1]: systemd-hibernate-resume.service: Deactivated successfully.
May 28 06:50:49.709924 localhost systemd[1]: Finished Resume from hibernation.
May 28 06:50:49.711255 localhost kernel: PM: Image not found (code -22)
May 28 06:50:49.711856 localhost systemd[1]: Reached target Preparation for Local File Systems.
May 28 06:50:49.714715 localhost systemd[1]: Reached target Local File Systems.
May 28 06:50:49.727975 localhost systemd[1]: Starting File System Check on /dev/disk/by-uuid/e30f2f24-8ebe-4eb2-a3e4-7f94c08f2814...
May 28 06:50:49.737813 localhost kernel: usb 1-1: New USB device found, idVendor=0627, idProduct=0001, bcdDevice= 0.00
May 28 06:50:49.737880 localhost kernel: usb 1-1: New USB device strings: Mfr=1, Product=3, SerialNumber=10
May 28 06:50:49.737918 localhost kernel: usb 1-1: Product: QEMU USB Tablet
May 28 06:50:49.737952 localhost kernel: usb 1-1: Manufacturer: QEMU
May 28 06:50:49.737985 localhost kernel: usb 1-1: SerialNumber: 28754-0000:00:06.0-1
May 28 06:50:49.741211 localhost systemd[1]: Starting Create Volatile Files and Directories...
May 28 06:50:49.851409 localhost systemd[1]: Finished Create Volatile Files and Directories.
May 28 06:50:49.866848 localhost systemd[1]: Finished Virtual Console Setup.
May 28 06:50:49.867471 localhost systemd[1]: Reached target System Initialization.
May 28 06:50:49.885820 localhost kernel: usbcore: registered new interface driver usbhid
May 28 06:50:49.885850 localhost kernel: usbhid: USB HID core driver
May 28 06:50:49.881662 localhost systemd[1]: Starting Show Plymouth Boot Screen...
May 28 06:50:49.891195 localhost kernel: input: QEMU QEMU USB Tablet as /devices/pci0000:00/0000:00:06.0/usb1/1-1/1-1:1.0/0003:0627:0001.0001/input/input4
May 28 06:50:49.891217 localhost plymouthd[448]: 00:00:03.451 ply-utils.c:932:ply_get_kernel_command_line                   : opening /proc/cmdline
May 28 06:50:49.891217 localhost plymouthd[448]: 00:00:03.451 ply-utils.c:940:ply_get_kernel_command_line                   : reading kernel command line
May 28 06:50:49.891217 localhost plymouthd[448]: 00:00:03.451 ply-utils.c:959:ply_get_kernel_command_line                   : Kernel command line is: 'BOOT_IMAGE=/boot/vmlinuz-6.9.1-1-default root=UUID=e30f2f24-8ebe-4eb2-a3e4-7f94c08f2814 splash=silent video=1024x768 plymouth.ignore-serial-consoles console=ttyS0 console=tty kernel.softlockup_panic=1 resume=/dev/disk/by-uuid/350ef8df-2937-4484-9b74-cdf0b1f4c465 security=apparmor mitigations=auto
May 28 06:50:49.891217 localhost plymouthd[448]: '
May 28 06:50:49.891217 localhost plymouthd[448]: 00:00:03.451 main.c:1938:check_logging                                     : checking if console messages should be redirected and logged
May 28 06:50:49.891217 localhost plymouthd[448]: 00:00:03.451 main.c:1947:check_logging                                     : logging will be enabled!
May 28 06:50:49.891217 localhost plymouthd[448]: 00:00:03.451 main.c:2017:initialize_environment                            : source built on Aug 28 2023
May 28 06:50:49.889960 localhost systemd[1]: Received SIGRTMIN+20 from PID 448 (plymouthd).
May 28 06:50:49.894542 localhost kernel: hid-generic 0003:0627:0001.0001: input,hidraw0: USB HID v0.01 Mouse [QEMU QEMU USB Tablet] on usb-0000:00:06.0-1/input0
May 28 06:50:49.910734 localhost systemd[1]: Finished File System Check on /dev/disk/by-uuid/e30f2f24-8ebe-4eb2-a3e4-7f94c08f2814.
May 28 06:50:49.922170 localhost 55-scsi-sg3_id.rules[458]: WARNING: SCSI device sr0 has no device ID, consider changing .SCSI_ID_SERIAL_SRC in 00-scsi-sg3_config.rules
May 28 06:50:49.924514 localhost systemd[1]: Mounting /sysroot...
May 28 06:50:49.924643 localhost systemd[1]: Started Show Plymouth Boot Screen.
May 28 06:50:49.925159 localhost systemd[1]: Dispatch Password Requests to Console Directory Watch was skipped because of an unmet condition check (ConditionPathExists=!/run/plymouth/pid).
May 28 06:50:49.925301 localhost systemd[1]: Started Forward Password Requests to Plymouth Directory Watch.
May 28 06:50:49.925476 localhost systemd[1]: Reached target Path Units.
May 28 06:50:49.925524 localhost systemd[1]: Reached target Basic System.
May 28 06:50:50.143613 localhost kernel: BTRFS: device fsid e30f2f24-8ebe-4eb2-a3e4-7f94c08f2814 devid 1 transid 79 /dev/vda2 (254:2) scanned by mount (454)
May 28 06:50:50.263737 localhost kernel: BTRFS info (device vda2): first mount of filesystem e30f2f24-8ebe-4eb2-a3e4-7f94c08f2814
May 28 06:50:50.271398 localhost kernel: BTRFS info (device vda2): using crc32c (crc32c-intel) checksum algorithm
May 28 06:50:50.271427 localhost kernel: BTRFS info (device vda2): using free-space-tree
May 28 06:50:50.412167 localhost systemd[1]: Mounted /sysroot.
May 28 06:50:50.414540 localhost systemd[1]: Reached target Initrd Root File System.
May 28 06:50:50.425637 localhost 55-scsi-sg3_id.rules[484]: WARNING: SCSI device sr0 has no device ID, consider changing .SCSI_ID_SERIAL_SRC in 00-scsi-sg3_config.rules
May 28 06:50:50.427887 localhost systemd[1]: Starting Mountpoints Configured in the Real Root...
May 28 06:50:50.453430 localhost systemd[1]: initrd-parse-etc.service: Deactivated successfully.
May 28 06:50:50.453741 localhost systemd[1]: Finished Mountpoints Configured in the Real Root.
May 28 06:50:50.454788 localhost systemd[1]: Reached target Initrd File Systems.
May 28 06:50:50.455599 localhost systemd[1]: Reached target Initrd Default Target.
May 28 06:50:50.457431 localhost systemd[1]: dracut mount hook was skipped because no trigger condition checks were met.
May 28 06:50:50.457552 localhost systemd[1]: dracut pre-pivot and cleanup hook was skipped because no trigger condition checks were met.
May 28 06:50:50.471232 localhost systemd[1]: Starting Cleaning Up and Shutting Down Daemons...
May 28 06:50:50.483906 localhost systemd[1]: Stopped target Initrd Default Target.
May 28 06:50:50.484096 localhost systemd[1]: Stopped target Basic System.
May 28 06:50:50.484604 localhost systemd[1]: Stopped target Initrd Root Device.
May 28 06:50:50.484774 localhost systemd[1]: Stopped target Initrd /usr File System.
May 28 06:50:50.484930 localhost systemd[1]: Stopped target Path Units.
May 28 06:50:50.485234 localhost systemd[1]: Stopped target Remote File Systems.
May 28 06:50:50.485389 localhost systemd[1]: Stopped target Preparation for Remote File Systems.
May 28 06:50:50.485578 localhost systemd[1]: Stopped target Slice Units.
May 28 06:50:50.485792 localhost systemd[1]: Stopped target Socket Units.
May 28 06:50:50.485946 localhost systemd[1]: Stopped target System Initialization.
May 28 06:50:50.486148 localhost systemd[1]: Stopped target Swaps.
May 28 06:50:50.486317 localhost systemd[1]: Stopped target Timer Units.
May 28 06:50:50.486501 localhost systemd[1]: dracut-pre-mount.service: Deactivated successfully.
May 28 06:50:50.486632 localhost systemd[1]: Stopped dracut pre-mount hook.
May 28 06:50:50.486929 localhost systemd[1]: dracut-initqueue.service: Deactivated successfully.
May 28 06:50:50.487066 localhost systemd[1]: Stopped dracut initqueue hook.
May 28 06:50:50.491212 localhost systemd[1]: Starting Plymouth switch root service...
May 28 06:50:50.491300 localhost systemd[1]: systemd-sysctl.service: Deactivated successfully.
May 28 06:50:50.491402 localhost systemd[1]: Stopped Apply Kernel Variables.
May 28 06:50:50.491575 localhost systemd[1]: systemd-tmpfiles-setup.service: Deactivated successfully.
May 28 06:50:50.491669 localhost systemd[1]: Stopped Create Volatile Files and Directories.
May 28 06:50:50.491875 localhost systemd[1]: Stopped target Local File Systems.
May 28 06:50:50.492003 localhost systemd[1]: Stopped target Preparation for Local File Systems.
May 28 06:50:50.492123 localhost systemd[1]: systemd-udev-trigger.service: Deactivated successfully.
May 28 06:50:50.492214 localhost systemd[1]: Stopped Coldplug All udev Devices.
May 28 06:50:50.492524 localhost systemd[1]: Stopping Rule-based Manager for Device Events and Files...
May 28 06:50:50.500110 localhost systemd[1]: systemd-udevd.service: Deactivated successfully.
May 28 06:50:50.500354 localhost systemd[1]: Stopped Rule-based Manager for Device Events and Files.
May 28 06:50:50.503097 localhost systemd[1]: systemd-udevd-control.socket: Deactivated successfully.
May 28 06:50:50.503725 localhost systemd[1]: Closed udev Control Socket.
May 28 06:50:50.503883 localhost systemd[1]: systemd-udevd-kernel.socket: Deactivated successfully.
May 28 06:50:50.503959 localhost systemd[1]: Closed udev Kernel Socket.
May 28 06:50:50.504069 localhost systemd[1]: dracut-pre-udev.service: Deactivated successfully.
May 28 06:50:50.504150 localhost systemd[1]: Stopped dracut pre-udev hook.
May 28 06:50:50.504356 localhost systemd[1]: dracut-cmdline.service: Deactivated successfully.
May 28 06:50:50.504478 localhost systemd[1]: Stopped dracut cmdline hook.
May 28 06:50:50.504661 localhost systemd[1]: dracut-cmdline-ask.service: Deactivated successfully.
May 28 06:50:50.504742 localhost systemd[1]: Stopped dracut ask for additional cmdline parameters.
May 28 06:50:50.513023 localhost systemd[1]: Starting Cleanup udev Database...
May 28 06:50:50.513598 localhost rngd[172]: [hwrng ]: Shutting down
May 28 06:50:50.513598 localhost rngd[172]: [rdrand]: Shutting down
May 28 06:50:50.513863 localhost systemd[1]: Stopping Hardware RNG Entropy Gatherer Daemon...
May 28 06:50:50.517107 localhost systemd[1]: systemd-tmpfiles-setup-dev.service: Deactivated successfully.
May 28 06:50:50.517161 localhost systemd[1]: Stopped Create Static Device Nodes in /dev.
May 28 06:50:50.517231 localhost systemd[1]: systemd-tmpfiles-setup-dev-early.service: Deactivated successfully.
May 28 06:50:50.517278 localhost systemd[1]: Stopped Create Static Device Nodes in /dev gracefully.
May 28 06:50:50.517339 localhost systemd[1]: kmod-static-nodes.service: Deactivated successfully.
May 28 06:50:50.517384 localhost systemd[1]: Stopped Create List of Static Device Nodes.
May 28 06:50:50.517660 localhost systemd[1]: rngd.service: Deactivated successfully.
May 28 06:50:50.517974 localhost systemd[1]: Stopped Hardware RNG Entropy Gatherer Daemon.
May 28 06:50:50.518244 localhost systemd[1]: initrd-cleanup.service: Deactivated successfully.
May 28 06:50:50.518365 localhost systemd[1]: Finished Cleaning Up and Shutting Down Daemons.
May 28 06:50:50.527635 localhost systemd[1]: initrd-udevadm-cleanup-db.service: Deactivated successfully.
May 28 06:50:50.527888 localhost systemd[1]: Finished Cleanup udev Database.
May 28 06:50:50.528092 localhost systemd[1]: Reached target Switch Root.
May 28 06:50:50.541818 localhost systemd[1]: Finished Plymouth switch root service.
May 28 06:50:50.554583 localhost systemd[1]: Starting Switch Root...
May 28 06:50:50.562802 localhost systemd[1]: Switching root.
May 28 06:50:50.617516 localhost systemd-journald[173]: Journal stopped
May 28 06:50:47.986959 localhost kernel: Linux version 6.9.1-1-default (geeko@buildhost) (gcc (SUSE Linux) 13.2.1 20240509 [revision b7a2697733d19a093cbdd0e200ffce069a4bc812], GNU ld (GNU Binutils; openSUSE Tumbleweed) 2.42.0.20240130-3) #1 SMP PREEMPT_DYNAMIC Fri May 17 11:59:46 UTC 2024 (0c0b0b5)
May 28 06:50:47.986978 localhost kernel: Command line: BOOT_IMAGE=/boot/vmlinuz-6.9.1-1-default root=UUID=e30f2f24-8ebe-4eb2-a3e4-7f94c08f2814 splash=silent video=1024x768 plymouth.ignore-serial-consoles console=ttyS0 console=tty kernel.softlockup_panic=1 resume=/dev/disk/by-uuid/350ef8df-2937-4484-9b74-cdf0b1f4c465 security=apparmor mitigations=auto
May 28 06:50:47.986988 localhost kernel: BIOS-provided physical RAM map:
May 28 06:50:47.986994 localhost kernel: BIOS-e820: [mem 0x0000000000000000-0x000000000009fbff] usable
May 28 06:50:47.986999 localhost kernel: BIOS-e820: [mem 0x000000000009fc00-0x000000000009ffff] reserved
May 28 06:50:47.987004 localhost kernel: BIOS-e820: [mem 0x00000000000f0000-0x00000000000fffff] reserved
May 28 06:50:47.987011 localhost kernel: BIOS-e820: [mem 0x0000000000100000-0x000000007ffd5fff] usable
May 28 06:50:47.987016 localhost kernel: BIOS-e820: [mem 0x000000007ffd6000-0x000000007fffffff] reserved
May 28 06:50:47.987021 localhost kernel: BIOS-e820: [mem 0x00000000feffc000-0x00000000feffffff] reserved
May 28 06:50:47.987025 localhost kernel: BIOS-e820: [mem 0x00000000fffc0000-0x00000000ffffffff] reserved
May 28 06:50:47.987031 localhost kernel: BIOS-e820: [mem 0x000000fd00000000-0x000000ffffffffff] reserved
May 28 06:50:47.987036 localhost kernel: NX (Execute Disable) protection: active
May 28 06:50:47.987040 localhost kernel: APIC: Static calls initialized
May 28 06:50:47.987046 localhost kernel: SMBIOS 2.8 present.
May 28 06:50:47.987054 localhost kernel: DMI: QEMU Standard PC (i440FX + PIIX, 1996), BIOS rel-1.16.0-0-gd239552c-rebuilt.opensuse.org 04/01/2014
May 28 06:50:47.987059 localhost kernel: Hypervisor detected: KVM
May 28 06:50:47.987064 localhost kernel: kvm-clock: Using msrs 4b564d01 and 4b564d00
May 28 06:50:47.987069 localhost kernel: kvm-clock: using sched offset of 5528908833 cycles
May 28 06:50:47.987074 localhost kernel: clocksource: kvm-clock: mask: 0xffffffffffffffff max_cycles: 0x1cd42e4dffb, max_idle_ns: 881590591483 ns
May 28 06:50:47.987080 localhost kernel: tsc: Detected 2199.998 MHz processor
May 28 06:50:47.987085 localhost kernel: e820: update [mem 0x00000000-0x00000fff] usable ==> reserved
May 28 06:50:47.987091 localhost kernel: e820: remove [mem 0x000a0000-0x000fffff] usable
May 28 06:50:47.987096 localhost kernel: last_pfn = 0x7ffd6 max_arch_pfn = 0x400000000
May 28 06:50:47.987103 localhost kernel: MTRR map: 4 entries (3 fixed + 1 variable; max 19), built from 8 variable MTRRs
May 28 06:50:47.987108 localhost kernel: x86/PAT: Configuration [0-7]: WB  WC  UC- UC  WB  WP  UC- WT  
May 28 06:50:47.987113 localhost kernel: found SMP MP-table at [mem 0x000f5b40-0x000f5b4f]
May 28 06:50:47.987119 localhost kernel: Using GB pages for direct mapping
May 28 06:50:47.987124 localhost kernel: RAMDISK: [mem 0x34e37000-0x36712fff]
May 28 06:50:47.987129 localhost kernel: ACPI: Early table checksum verification disabled
May 28 06:50:47.987134 localhost kernel: ACPI: RSDP 0x00000000000F5960 000014 (v00 BOCHS )
May 28 06:50:47.987139 localhost kernel: ACPI: RSDT 0x000000007FFE18F4 000034 (v01 BOCHS  BXPC     00000001 BXPC 00000001)
May 28 06:50:47.987145 localhost kernel: ACPI: FACP 0x000000007FFE17A8 000074 (v01 BOCHS  BXPC     00000001 BXPC 00000001)
May 28 06:50:47.987150 localhost kernel: ACPI: DSDT 0x000000007FFE0040 001768 (v01 BOCHS  BXPC     00000001 BXPC 00000001)
May 28 06:50:47.987155 localhost kernel: ACPI: FACS 0x000000007FFE0000 000040
May 28 06:50:47.987160 localhost kernel: ACPI: APIC 0x000000007FFE181C 000078 (v01 BOCHS  BXPC     00000001 BXPC 00000001)
May 28 06:50:47.987167 localhost kernel: ACPI: HPET 0x000000007FFE1894 000038 (v01 BOCHS  BXPC     00000001 BXPC 00000001)
May 28 06:50:47.987172 localhost kernel: ACPI: WAET 0x000000007FFE18CC 000028 (v01 BOCHS  BXPC     00000001 BXPC 00000001)
May 28 06:50:47.987178 localhost kernel: ACPI: Reserving FACP table memory at [mem 0x7ffe17a8-0x7ffe181b]
May 28 06:50:47.987183 localhost kernel: ACPI: Reserving DSDT table memory at [mem 0x7ffe0040-0x7ffe17a7]
May 28 06:50:47.987188 localhost kernel: ACPI: Reserving FACS table memory at [mem 0x7ffe0000-0x7ffe003f]
May 28 06:50:47.987196 localhost kernel: ACPI: Reserving APIC table memory at [mem 0x7ffe181c-0x7ffe1893]
May 28 06:50:47.987202 localhost kernel: ACPI: Reserving HPET table memory at [mem 0x7ffe1894-0x7ffe18cb]
May 28 06:50:47.987207 localhost kernel: ACPI: Reserving WAET table memory at [mem 0x7ffe18cc-0x7ffe18f3]
May 28 06:50:47.987212 localhost kernel: No NUMA configuration found
May 28 06:50:47.987218 localhost kernel: Faking a node at [mem 0x0000000000000000-0x000000007ffd5fff]
May 28 06:50:47.987223 localhost kernel: NODE_DATA(0) allocated [mem 0x7ffab000-0x7ffd5fff]
May 28 06:50:47.987228 localhost kernel: Zone ranges:
May 28 06:50:47.987233 localhost kernel:   DMA      [mem 0x0000000000001000-0x0000000000ffffff]
May 28 06:50:47.987238 localhost kernel:   DMA32    [mem 0x0000000001000000-0x000000007ffd5fff]
May 28 06:50:47.987243 localhost kernel:   Normal   empty
May 28 06:50:47.987250 localhost kernel:   Device   empty
May 28 06:50:47.987255 localhost kernel: Movable zone start for each node
May 28 06:50:47.987260 localhost kernel: Early memory node ranges
May 28 06:50:47.987266 localhost kernel:   node   0: [mem 0x0000000000001000-0x000000000009efff]
May 28 06:50:47.987271 localhost kernel:   node   0: [mem 0x0000000000100000-0x000000007ffd5fff]
May 28 06:50:47.987276 localhost kernel: Initmem setup node 0 [mem 0x0000000000001000-0x000000007ffd5fff]
May 28 06:50:47.987281 localhost kernel: On node 0, zone DMA: 1 pages in unavailable ranges
May 28 06:50:47.987286 localhost kernel: On node 0, zone DMA: 97 pages in unavailable ranges
May 28 06:50:47.987291 localhost kernel: On node 0, zone DMA32: 42 pages in unavailable ranges
May 28 06:50:47.987297 localhost kernel: ACPI: PM-Timer IO Port: 0x608
May 28 06:50:47.987302 localhost kernel: ACPI: LAPIC_NMI (acpi_id[0xff] dfl dfl lint[0x1])
May 28 06:50:47.987307 localhost kernel: IOAPIC[0]: apic_id 0, version 17, address 0xfec00000, GSI 0-23
May 28 06:50:47.987312 localhost kernel: ACPI: INT_SRC_OVR (bus 0 bus_irq 0 global_irq 2 dfl dfl)
May 28 06:50:47.987319 localhost kernel: ACPI: INT_SRC_OVR (bus 0 bus_irq 5 global_irq 5 high level)
May 28 06:50:47.987324 localhost kernel: ACPI: INT_SRC_OVR (bus 0 bus_irq 9 global_irq 9 high level)
May 28 06:50:47.987329 localhost kernel: ACPI: INT_SRC_OVR (bus 0 bus_irq 10 global_irq 10 high level)
May 28 06:50:47.987334 localhost kernel: ACPI: INT_SRC_OVR (bus 0 bus_irq 11 global_irq 11 high level)
May 28 06:50:47.987339 localhost kernel: ACPI: Using ACPI (MADT) for SMP configuration information
May 28 06:50:47.987345 localhost kernel: ACPI: HPET id: 0x8086a201 base: 0xfed00000
May 28 06:50:47.987350 localhost kernel: TSC deadline timer available
May 28 06:50:47.987355 localhost kernel: CPU topo: Max. logical packages:   1
May 28 06:50:47.987360 localhost kernel: CPU topo: Max. logical dies:       1
May 28 06:50:47.987366 localhost kernel: CPU topo: Max. dies per package:   1
May 28 06:50:47.987371 localhost kernel: CPU topo: Max. threads per core:   1
May 28 06:50:47.987376 localhost kernel: CPU topo: Num. cores per package:     1
May 28 06:50:47.987383 localhost kernel: CPU topo: Num. threads per package:   1
May 28 06:50:47.987388 localhost kernel: CPU topo: Allowing 1 present CPUs plus 0 hotplug CPUs
May 28 06:50:47.987393 localhost kernel: kvm-guest: APIC: eoi() replaced with kvm_guest_apic_eoi_write()
May 28 06:50:47.987398 localhost kernel: PM: hibernation: Registered nosave memory: [mem 0x00000000-0x00000fff]
May 28 06:50:47.987404 localhost kernel: PM: hibernation: Registered nosave memory: [mem 0x0009f000-0x0009ffff]
May 28 06:50:47.987409 localhost kernel: PM: hibernation: Registered nosave memory: [mem 0x000a0000-0x000effff]
May 28 06:50:47.987414 localhost kernel: PM: hibernation: Registered nosave memory: [mem 0x000f0000-0x000fffff]
May 28 06:50:47.987419 localhost kernel: [mem 0x80000000-0xfeffbfff] available for PCI devices
May 28 06:50:47.987424 localhost kernel: Booting paravirtualized kernel on KVM
May 28 06:50:47.987429 localhost kernel: clocksource: refined-jiffies: mask: 0xffffffff max_cycles: 0xffffffff, max_idle_ns: 6370452778343963 ns
May 28 06:50:47.987435 localhost kernel: setup_percpu: NR_CPUS:8192 nr_cpumask_bits:1 nr_cpu_ids:1 nr_node_ids:1
May 28 06:50:47.987440 localhost kernel: percpu: Embedded 72 pages/cpu s258048 r8192 d28672 u2097152
May 28 06:50:47.987447 localhost kernel: pcpu-alloc: s258048 r8192 d28672 u2097152 alloc=1*2097152
May 28 06:50:47.987452 localhost kernel: pcpu-alloc: [0] 0 
May 28 06:50:47.987457 localhost kernel: kvm-guest: PV spinlocks disabled, single CPU
May 28 06:50:47.987463 localhost kernel: Kernel command line: BOOT_IMAGE=/boot/vmlinuz-6.9.1-1-default root=UUID=e30f2f24-8ebe-4eb2-a3e4-7f94c08f2814 splash=silent video=1024x768 plymouth.ignore-serial-consoles console=ttyS0 console=tty kernel.softlockup_panic=1 resume=/dev/disk/by-uuid/350ef8df-2937-4484-9b74-cdf0b1f4c465 security=apparmor mitigations=auto
May 28 06:50:47.987469 localhost kernel: Unknown kernel command line parameters "BOOT_IMAGE=/boot/vmlinuz-6.9.1-1-default splash=silent", will be passed to user space.
May 28 06:50:47.987474 localhost kernel: random: crng init done
May 28 06:50:47.987479 localhost kernel: Dentry cache hash table entries: 262144 (order: 9, 2097152 bytes, linear)
May 28 06:50:47.987485 localhost kernel: Inode-cache hash table entries: 131072 (order: 8, 1048576 bytes, linear)
May 28 06:50:47.987490 localhost kernel: Fallback order for Node 0: 0 
May 28 06:50:47.987495 localhost kernel: Built 1 zonelists, mobility grouping on.  Total pages: 515798
May 28 06:50:47.987500 localhost kernel: Policy zone: DMA32
May 28 06:50:47.987507 localhost kernel: mem auto-init: stack:off, heap alloc:off, heap free:off
May 28 06:50:47.987512 localhost kernel: Memory: 260860K/2096592K available (16384K kernel code, 3000K rwdata, 13020K rodata, 4224K init, 4384K bss, 109628K reserved, 0K cma-reserved)
May 28 06:50:47.987518 localhost kernel: SLUB: HWalign=64, Order=0-3, MinObjects=0, CPUs=1, Nodes=1
May 28 06:50:47.987523 localhost kernel: ftrace: allocating 47505 entries in 186 pages
May 28 06:50:47.987528 localhost kernel: ftrace: allocated 186 pages with 5 groups
May 28 06:50:47.987533 localhost kernel: Dynamic Preempt: voluntary
May 28 06:50:47.987538 localhost kernel: rcu: Preemptible hierarchical RCU implementation.
May 28 06:50:47.987544 localhost kernel: rcu:         RCU event tracing is enabled.
May 28 06:50:47.987550 localhost kernel: rcu:         RCU restricting CPUs from NR_CPUS=8192 to nr_cpu_ids=1.
May 28 06:50:47.987555 localhost kernel:         Trampoline variant of Tasks RCU enabled.
May 28 06:50:47.987561 localhost kernel:         Rude variant of Tasks RCU enabled.
May 28 06:50:47.987566 localhost kernel:         Tracing variant of Tasks RCU enabled.
May 28 06:50:47.987573 localhost kernel: rcu: RCU calculated value of scheduler-enlistment delay is 30 jiffies.
May 28 06:50:47.987578 localhost kernel: rcu: Adjusting geometry for rcu_fanout_leaf=16, nr_cpu_ids=1
May 28 06:50:47.987583 localhost kernel: RCU Tasks: Setting shift to 0 and lim to 1 rcu_task_cb_adjust=1.
May 28 06:50:47.987589 localhost kernel: RCU Tasks Rude: Setting shift to 0 and lim to 1 rcu_task_cb_adjust=1.
May 28 06:50:47.987594 localhost kernel: RCU Tasks Trace: Setting shift to 0 and lim to 1 rcu_task_cb_adjust=1.
May 28 06:50:47.987599 localhost kernel: NR_IRQS: 524544, nr_irqs: 256, preallocated irqs: 16
May 28 06:50:47.987604 localhost kernel: rcu: srcu_init: Setting srcu_struct sizes based on contention.
May 28 06:50:47.987609 localhost kernel: Console: colour dummy device 80x25
May 28 06:50:47.987619 localhost kernel: printk: legacy console [tty0] enabled
May 28 06:50:47.987624 localhost kernel: printk: legacy console [ttyS0] enabled
May 28 06:50:47.987629 localhost kernel: ACPI: Core revision 20230628
May 28 06:50:47.987634 localhost kernel: clocksource: hpet: mask: 0xffffffff max_cycles: 0xffffffff, max_idle_ns: 19112604467 ns
May 28 06:50:47.987640 localhost kernel: APIC: Switch to symmetric I/O mode setup
May 28 06:50:47.987647 localhost kernel: x2apic enabled
May 28 06:50:47.987652 localhost kernel: APIC: Switched APIC routing to: physical x2apic
May 28 06:50:47.987657 localhost kernel: ..TIMER: vector=0x30 apic1=0 pin1=2 apic2=-1 pin2=-1
May 28 06:50:47.987662 localhost kernel: clocksource: tsc-early: mask: 0xffffffffffffffff max_cycles: 0x1fb63109b96, max_idle_ns: 440795265316 ns
May 28 06:50:47.987668 localhost kernel: Calibrating delay loop (skipped) preset value.. 4401.32 BogoMIPS (lpj=7333326)
May 28 06:50:47.987673 localhost kernel: x86/cpu: User Mode Instruction Prevention (UMIP) activated
May 28 06:50:47.987678 localhost kernel: Last level iTLB entries: 4KB 512, 2MB 255, 4MB 127
May 28 06:50:47.987683 localhost kernel: Last level dTLB entries: 4KB 512, 2MB 255, 4MB 127, 1GB 0
May 28 06:50:47.987689 localhost kernel: Spectre V1 : Mitigation: usercopy/swapgs barriers and __user pointer sanitization
May 28 06:50:47.987695 localhost kernel: Spectre V2 : Mitigation: Retpolines
May 28 06:50:47.987701 localhost kernel: Spectre V2 : Spectre v2 / SpectreRSB mitigation: Filling RSB on context switch
May 28 06:50:47.987706 localhost kernel: Spectre V2 : Spectre v2 / SpectreRSB : Filling RSB on VMEXIT
May 28 06:50:47.987711 localhost kernel: Spectre V2 : Enabling Restricted Speculation for firmware calls
May 28 06:50:47.987716 localhost kernel: Spectre V2 : mitigation: Enabling conditional Indirect Branch Prediction Barrier
May 28 06:50:47.987721 localhost kernel: Speculative Store Bypass: Mitigation: Speculative Store Bypass disabled via prctl
May 28 06:50:47.987727 localhost kernel: Speculative Return Stack Overflow: IBPB-extending microcode not applied!
May 28 06:50:47.987732 localhost kernel: Speculative Return Stack Overflow: WARNING: See https://kernel.org/doc/html/latest/admin-guide/hw-vuln/srso.html for mitigation options.
May 28 06:50:47.987738 localhost kernel: Speculative Return Stack Overflow: Vulnerable: Safe RET, no microcode
May 28 06:50:47.987743 localhost kernel: x86/fpu: Supporting XSAVE feature 0x001: 'x87 floating point registers'
May 28 06:50:47.987748 localhost kernel: x86/fpu: Supporting XSAVE feature 0x002: 'SSE registers'
May 28 06:50:47.999970 localhost kernel: x86/fpu: Supporting XSAVE feature 0x004: 'AVX registers'
May 28 06:50:47.999982 localhost kernel: x86/fpu: Supporting XSAVE feature 0x200: 'Protection Keys User registers'
May 28 06:50:47.999991 localhost kernel: x86/fpu: xstate_offset[2]:  576, xstate_sizes[2]:  256
May 28 06:50:48.000000 localhost kernel: x86/fpu: xstate_offset[9]:  832, xstate_sizes[9]:    8
May 28 06:50:48.000009 localhost kernel: x86/fpu: Enabled xstate features 0x207, context size is 840 bytes, using 'compacted' format.
May 28 06:50:48.000018 localhost kernel: Freeing SMP alternatives memory: 40K
May 28 06:50:48.000026 localhost kernel: pid_max: default: 32768 minimum: 301
May 28 06:50:48.000035 localhost kernel: LSM: initializing lsm=lockdown,capability,landlock,yama,apparmor,bpf,ima,evm
May 28 06:50:48.000044 localhost kernel: landlock: Up and running.
May 28 06:50:48.000052 localhost kernel: Yama: becoming mindful.
May 28 06:50:48.000061 localhost kernel: AppArmor: AppArmor initialized
May 28 06:50:48.000073 localhost kernel: LSM support for eBPF active
May 28 06:50:48.000082 localhost kernel: Mount-cache hash table entries: 4096 (order: 3, 32768 bytes, linear)
May 28 06:50:48.000091 localhost kernel: Mountpoint-cache hash table entries: 4096 (order: 3, 32768 bytes, linear)
May 28 06:50:48.000099 localhost kernel: smpboot: CPU0: AMD EPYC 7773X 64-Core Processor (family: 0x19, model: 0x1, stepping: 0x2)
May 28 06:50:48.000108 localhost kernel: Performance Events: Fam17h+ core perfctr, AMD PMU driver.
May 28 06:50:48.000117 localhost kernel: ... version:                0
May 28 06:50:48.000125 localhost kernel: ... bit width:              48
May 28 06:50:48.000133 localhost kernel: ... generic registers:      6
May 28 06:50:48.000142 localhost kernel: ... value mask:             0000ffffffffffff
May 28 06:50:48.000150 localhost kernel: ... max period:             00007fffffffffff
May 28 06:50:48.000159 localhost kernel: ... fixed-purpose events:   0
May 28 06:50:48.000168 localhost kernel: ... event mask:             000000000000003f
May 28 06:50:48.000179 localhost kernel: signal: max sigframe size: 3376
May 28 06:50:48.000187 localhost kernel: rcu: Hierarchical SRCU implementation.
May 28 06:50:48.000197 localhost kernel: rcu:         Max phase no-delay instances is 1000.
May 28 06:50:48.000206 localhost kernel: smp: Bringing up secondary CPUs ...
May 28 06:50:48.000215 localhost kernel: smp: Brought up 1 node, 1 CPU
May 28 06:50:48.000224 localhost kernel: smpboot: Total of 1 processors activated (4401.32 BogoMIPS)
May 28 06:50:48.000234 localhost kernel: node 0 deferred pages initialised in 7ms
May 28 06:50:48.000240 localhost kernel: devtmpfs: initialized
May 28 06:50:48.000245 localhost kernel: x86/mm: Memory block size: 128MB
May 28 06:50:48.000251 localhost kernel: clocksource: jiffies: mask: 0xffffffff max_cycles: 0xffffffff, max_idle_ns: 6370867519511994 ns
May 28 06:50:48.000264 localhost kernel: futex hash table entries: 256 (order: 2, 16384 bytes, linear)
May 28 06:50:48.000269 localhost kernel: pinctrl core: initialized pinctrl subsystem
May 28 06:50:48.000277 localhost kernel: PM: RTC time: 10:50:46, date: 2024-05-28
May 28 06:50:48.000282 localhost kernel: NET: Registered PF_NETLINK/PF_ROUTE protocol family
May 28 06:50:48.000288 localhost kernel: DMA: preallocated 256 KiB GFP_KERNEL pool for atomic allocations
May 28 06:50:48.000293 localhost kernel: DMA: preallocated 256 KiB GFP_KERNEL|GFP_DMA pool for atomic allocations
May 28 06:50:48.000298 localhost kernel: DMA: preallocated 256 KiB GFP_KERNEL|GFP_DMA32 pool for atomic allocations
May 28 06:50:48.000303 localhost kernel: audit: initializing netlink subsys (disabled)
May 28 06:50:48.000309 localhost kernel: audit: type=2000 audit(1716893447.276:1): state=initialized audit_enabled=0 res=1
May 28 06:50:48.000314 localhost kernel: thermal_sys: Registered thermal governor 'fair_share'
May 28 06:50:48.000319 localhost kernel: thermal_sys: Registered thermal governor 'bang_bang'
May 28 06:50:48.000324 localhost kernel: thermal_sys: Registered thermal governor 'step_wise'
May 28 06:50:48.000330 localhost kernel: thermal_sys: Registered thermal governor 'user_space'
May 28 06:50:48.000336 localhost kernel: cpuidle: using governor ladder
May 28 06:50:48.000342 localhost kernel: cpuidle: using governor menu
May 28 06:50:48.000347 localhost kernel: acpiphp: ACPI Hot Plug PCI Controller Driver version: 0.5
May 28 06:50:48.000352 localhost kernel: PCI: Using configuration type 1 for base access
May 28 06:50:48.000357 localhost kernel: PCI: Using configuration type 1 for extended access
May 28 06:50:48.000363 localhost kernel: kprobes: kprobe jump-optimization is enabled. All kprobes are optimized if possible.
May 28 06:50:48.000368 localhost kernel: HugeTLB: registered 1.00 GiB page size, pre-allocated 0 pages
May 28 06:50:48.000373 localhost kernel: HugeTLB: 16380 KiB vmemmap can be freed for a 1.00 GiB page
May 28 06:50:48.000378 localhost kernel: HugeTLB: registered 2.00 MiB page size, pre-allocated 0 pages
May 28 06:50:48.000383 localhost kernel: HugeTLB: 28 KiB vmemmap can be freed for a 2.00 MiB page
May 28 06:50:48.000388 localhost kernel: Demotion targets for Node 0: null
May 28 06:50:48.000393 localhost kernel: ACPI: Added _OSI(Module Device)
May 28 06:50:48.000400 localhost kernel: ACPI: Added _OSI(Processor Device)
May 28 06:50:48.000406 localhost kernel: ACPI: Added _OSI(3.0 _SCP Extensions)
May 28 06:50:48.000411 localhost kernel: ACPI: Added _OSI(Processor Aggregator Device)
May 28 06:50:48.000416 localhost kernel: ACPI: 1 ACPI AML tables successfully acquired and loaded
May 28 06:50:48.000421 localhost kernel: ACPI: _OSC evaluation for CPUs failed, trying _PDC
May 28 06:50:48.000426 localhost kernel: ACPI: Interpreter enabled
May 28 06:50:48.000432 localhost kernel: ACPI: PM: (supports S0 S3 S4 S5)
May 28 06:50:48.000437 localhost kernel: ACPI: Using IOAPIC for interrupt routing
May 28 06:50:48.000442 localhost kernel: PCI: Using host bridge windows from ACPI; if necessary, use "pci=nocrs" and report a bug
May 28 06:50:48.000447 localhost kernel: PCI: Using E820 reservations for host bridge windows
May 28 06:50:48.000453 localhost kernel: ACPI: Enabled 2 GPEs in block 00 to 0F
May 28 06:50:48.000458 localhost kernel: ACPI: PCI Root Bridge [PCI0] (domain 0000 [bus 00-ff])
May 28 06:50:48.000625 localhost kernel: acpi PNP0A03:00: _OSC: OS supports [ExtendedConfig ASPM ClockPM Segments MSI EDR HPX-Type3]
May 28 06:50:48.000636 localhost kernel: acpiphp: Slot [3] registered
May 28 06:50:48.000641 localhost kernel: acpiphp: Slot [4] registered
May 28 06:50:48.000647 localhost kernel: acpiphp: Slot [5] registered
May 28 06:50:48.000652 localhost kernel: acpiphp: Slot [6] registered
May 28 06:50:48.000657 localhost kernel: acpiphp: Slot [7] registered
May 28 06:50:48.000662 localhost kernel: acpiphp: Slot [8] registered
May 28 06:50:48.000667 localhost kernel: acpiphp: Slot [9] registered
May 28 06:50:48.000672 localhost kernel: acpiphp: Slot [10] registered
May 28 06:50:48.000677 localhost kernel: acpiphp: Slot [11] registered
May 28 06:50:48.000682 localhost kernel: acpiphp: Slot [12] registered
May 28 06:50:48.000690 localhost kernel: acpiphp: Slot [13] registered
May 28 06:50:48.000695 localhost kernel: acpiphp: Slot [14] registered
May 28 06:50:48.000700 localhost kernel: acpiphp: Slot [15] registered
May 28 06:50:48.000705 localhost kernel: acpiphp: Slot [16] registered
May 28 06:50:48.000710 localhost kernel: acpiphp: Slot [17] registered
May 28 06:50:48.000715 localhost kernel: acpiphp: Slot [18] registered
May 28 06:50:48.000721 localhost kernel: acpiphp: Slot [19] registered
May 28 06:50:48.000726 localhost kernel: acpiphp: Slot [20] registered
May 28 06:50:48.000731 localhost kernel: acpiphp: Slot [21] registered
May 28 06:50:48.000736 localhost kernel: acpiphp: Slot [22] registered
May 28 06:50:48.000741 localhost kernel: acpiphp: Slot [23] registered
May 28 06:50:48.000746 localhost kernel: acpiphp: Slot [24] registered
May 28 06:50:48.000753 localhost kernel: acpiphp: Slot [25] registered
May 28 06:50:48.000758 localhost kernel: acpiphp: Slot [26] registered
May 28 06:50:48.000763 localhost kernel: acpiphp: Slot [27] registered
May 28 06:50:48.000768 localhost kernel: acpiphp: Slot [28] registered
May 28 06:50:48.000773 localhost kernel: acpiphp: Slot [29] registered
May 28 06:50:48.000778 localhost kernel: acpiphp: Slot [30] registered
May 28 06:50:48.000783 localhost kernel: acpiphp: Slot [31] registered
May 28 06:50:48.000788 localhost kernel: PCI host bridge to bus 0000:00
May 28 06:50:48.000904 localhost kernel: pci_bus 0000:00: root bus resource [io  0x0000-0x0cf7 window]
May 28 06:50:48.001002 localhost kernel: pci_bus 0000:00: root bus resource [io  0x0d00-0xffff window]
May 28 06:50:48.001437 localhost kernel: pci_bus 0000:00: root bus resource [mem 0x000a0000-0x000bffff window]
May 28 06:50:48.001551 localhost kernel: pci_bus 0000:00: root bus resource [mem 0x80000000-0xfebfffff window]
May 28 06:50:48.001648 localhost kernel: pci_bus 0000:00: root bus resource [mem 0x100000000-0x17fffffff window]
May 28 06:50:48.001744 localhost kernel: pci_bus 0000:00: root bus resource [bus 00-ff]
May 28 06:50:48.001867 localhost kernel: pci 0000:00:00.0: [8086:1237] type 00 class 0x060000 conventional PCI endpoint
May 28 06:50:48.001984 localhost kernel: pci 0000:00:01.0: [8086:7000] type 00 class 0x060100 conventional PCI endpoint
May 28 06:50:48.002097 localhost kernel: pci 0000:00:01.1: [8086:7010] type 00 class 0x010180 conventional PCI endpoint
May 28 06:50:48.002201 localhost kernel: pci 0000:00:01.1: BAR 4 [io  0xc1c0-0xc1cf]
May 28 06:50:48.002303 localhost kernel: pci 0000:00:01.1: BAR 0 [io  0x01f0-0x01f7]: legacy IDE quirk
May 28 06:50:48.002410 localhost kernel: pci 0000:00:01.1: BAR 1 [io  0x03f6]: legacy IDE quirk
May 28 06:50:48.002512 localhost kernel: pci 0000:00:01.1: BAR 2 [io  0x0170-0x0177]: legacy IDE quirk
May 28 06:50:48.002613 localhost kernel: pci 0000:00:01.1: BAR 3 [io  0x0376]: legacy IDE quirk
May 28 06:50:48.002724 localhost kernel: pci 0000:00:01.3: [8086:7113] type 00 class 0x068000 conventional PCI endpoint
May 28 06:50:48.002826 localhost kernel: pci 0000:00:01.3: quirk: [io  0x0600-0x063f] claimed by PIIX4 ACPI
May 28 06:50:48.002927 localhost kernel: pci 0000:00:01.3: quirk: [io  0x0700-0x070f] claimed by PIIX4 SMB
May 28 06:50:48.003037 localhost kernel: pci 0000:00:02.0: [1234:1111] type 00 class 0x030000 conventional PCI endpoint
May 28 06:50:48.003139 localhost kernel: pci 0000:00:02.0: BAR 0 [mem 0xfd000000-0xfdffffff pref]
May 28 06:50:48.003240 localhost kernel: pci 0000:00:02.0: BAR 2 [mem 0xfebd8000-0xfebd8fff]
May 28 06:50:48.003346 localhost kernel: pci 0000:00:02.0: ROM [mem 0xfebc0000-0xfebcffff pref]
May 28 06:50:48.003446 localhost kernel: pci 0000:00:02.0: Video device with shadowed ROM at [mem 0x000c0000-0x000dffff]
May 28 06:50:48.003557 localhost kernel: pci 0000:00:03.0: [8086:2668] type 00 class 0x040300 conventional PCI endpoint
May 28 06:50:48.003659 localhost kernel: pci 0000:00:03.0: BAR 0 [mem 0xfebd0000-0xfebd3fff]
May 28 06:50:48.003775 localhost kernel: pci 0000:00:04.0: [1af4:1000] type 00 class 0x020000 conventional PCI endpoint
May 28 06:50:48.003893 localhost kernel: pci 0000:00:04.0: BAR 0 [io  0xc180-0xc19f]
May 28 06:50:48.004000 localhost kernel: pci 0000:00:04.0: BAR 1 [mem 0xfebd9000-0xfebd9fff]
May 28 06:50:48.004102 localhost kernel: pci 0000:00:04.0: BAR 4 [mem 0xfe000000-0xfe003fff 64bit pref]
May 28 06:50:48.004205 localhost kernel: pci 0000:00:04.0: ROM [mem 0xfeb80000-0xfebbffff pref]
May 28 06:50:48.004344 localhost kernel: pci 0000:00:05.0: [1af4:1005] type 00 class 0x00ff00 conventional PCI endpoint
May 28 06:50:48.011359 localhost kernel: pci 0000:00:05.0: BAR 0 [io  0xc1a0-0xc1bf]
May 28 06:50:48.011481 localhost kernel: pci 0000:00:05.0: BAR 4 [mem 0xfe004000-0xfe007fff 64bit pref]
May 28 06:50:48.011598 localhost kernel: pci 0000:00:06.0: [1b36:000d] type 00 class 0x0c0330 conventional PCI endpoint
May 28 06:50:48.011704 localhost kernel: pci 0000:00:06.0: BAR 0 [mem 0xfebd4000-0xfebd7fff 64bit]
May 28 06:50:48.011817 localhost kernel: pci 0000:00:07.0: [1af4:1003] type 00 class 0x078000 conventional PCI endpoint
May 28 06:50:48.011921 localhost kernel: pci 0000:00:07.0: BAR 0 [io  0xc100-0xc13f]
May 28 06:50:48.012025 localhost kernel: pci 0000:00:07.0: BAR 1 [mem 0xfebda000-0xfebdafff]
May 28 06:50:48.012127 localhost kernel: pci 0000:00:07.0: BAR 4 [mem 0xfe008000-0xfe00bfff 64bit pref]
May 28 06:50:48.012249 localhost kernel: pci 0000:00:08.0: [1af4:1004] type 00 class 0x010000 conventional PCI endpoint
May 28 06:50:48.012380 localhost kernel: pci 0000:00:08.0: BAR 0 [io  0xc140-0xc17f]
May 28 06:50:48.012486 localhost kernel: pci 0000:00:08.0: BAR 1 [mem 0xfebdb000-0xfebdbfff]
May 28 06:50:48.012587 localhost kernel: pci 0000:00:08.0: BAR 4 [mem 0xfe00c000-0xfe00ffff 64bit pref]
May 28 06:50:48.012701 localhost kernel: pci 0000:00:09.0: [1af4:1001] type 00 class 0x010000 conventional PCI endpoint
May 28 06:50:48.012805 localhost kernel: pci 0000:00:09.0: BAR 0 [io  0xc000-0xc07f]
May 28 06:50:48.012907 localhost kernel: pci 0000:00:09.0: BAR 1 [mem 0xfebdc000-0xfebdcfff]
May 28 06:50:48.013008 localhost kernel: pci 0000:00:09.0: BAR 4 [mem 0xfe010000-0xfe013fff 64bit pref]
May 28 06:50:48.013121 localhost kernel: pci 0000:00:0a.0: [1af4:1001] type 00 class 0x010000 conventional PCI endpoint
May 28 06:50:48.013230 localhost kernel: pci 0000:00:0a.0: BAR 0 [io  0xc080-0xc0ff]
May 28 06:50:48.013332 localhost kernel: pci 0000:00:0a.0: BAR 1 [mem 0xfebdd000-0xfebddfff]
May 28 06:50:48.013433 localhost kernel: pci 0000:00:0a.0: BAR 4 [mem 0xfe014000-0xfe017fff 64bit pref]
May 28 06:50:48.013441 localhost kernel: ACPI: PCI: Interrupt link LNKA configured for IRQ 10
May 28 06:50:48.013446 localhost kernel: ACPI: PCI: Interrupt link LNKB configured for IRQ 10
May 28 06:50:48.013452 localhost kernel: ACPI: PCI: Interrupt link LNKC configured for IRQ 11
May 28 06:50:48.013457 localhost kernel: ACPI: PCI: Interrupt link LNKD configured for IRQ 11
May 28 06:50:48.013462 localhost kernel: ACPI: PCI: Interrupt link LNKS configured for IRQ 9
May 28 06:50:48.013468 localhost kernel: iommu: Default domain type: Passthrough
May 28 06:50:48.013473 localhost kernel: pps_core: LinuxPPS API ver. 1 registered
May 28 06:50:48.013481 localhost kernel: pps_core: Software ver. 5.3.6 - Copyright 2005-2007 Rodolfo Giometti <giometti@linux.it>
May 28 06:50:48.013487 localhost kernel: PTP clock support registered
May 28 06:50:48.013492 localhost kernel: EDAC MC: Ver: 3.0.0
May 28 06:50:48.013497 localhost kernel: NetLabel: Initializing
May 28 06:50:48.013503 localhost kernel: NetLabel:  domain hash size = 128
May 28 06:50:48.013508 localhost kernel: NetLabel:  protocols = UNLABELED CIPSOv4 CALIPSO
May 28 06:50:48.013513 localhost kernel: NetLabel:  unlabeled traffic allowed by default
May 28 06:50:48.013519 localhost kernel: mctp: management component transport protocol core
May 28 06:50:48.013524 localhost kernel: NET: Registered PF_MCTP protocol family
May 28 06:50:48.013529 localhost kernel: PCI: Using ACPI for IRQ routing
May 28 06:50:48.013534 localhost kernel: PCI: pci_cache_line_size set to 64 bytes
May 28 06:50:48.013539 localhost kernel: e820: reserve RAM buffer [mem 0x0009fc00-0x0009ffff]
May 28 06:50:48.013547 localhost kernel: e820: reserve RAM buffer [mem 0x7ffd6000-0x7fffffff]
May 28 06:50:48.013651 localhost kernel: pci 0000:00:02.0: vgaarb: setting as boot VGA device
May 28 06:50:48.013753 localhost kernel: pci 0000:00:02.0: vgaarb: bridge control possible
May 28 06:50:48.013854 localhost kernel: pci 0000:00:02.0: vgaarb: VGA device added: decodes=io+mem,owns=io+mem,locks=none
May 28 06:50:48.013862 localhost kernel: vgaarb: loaded
May 28 06:50:48.013867 localhost kernel: hpet0: at MMIO 0xfed00000, IRQs 2, 8, 0
May 28 06:50:48.013872 localhost kernel: hpet0: 3 comparators, 64-bit 100.000000 MHz counter
May 28 06:50:48.013878 localhost kernel: clocksource: Switched to clocksource kvm-clock
May 28 06:50:48.013883 localhost kernel: VFS: Disk quotas dquot_6.6.0
May 28 06:50:48.013889 localhost kernel: VFS: Dquot-cache hash table entries: 512 (order 0, 4096 bytes)
May 28 06:50:48.013894 localhost kernel: AppArmor: AppArmor Filesystem Enabled
May 28 06:50:48.013902 localhost kernel: pnp: PnP ACPI init
May 28 06:50:48.014028 localhost kernel: pnp 00:02: [dma 2]
May 28 06:50:48.014037 localhost kernel: pnp: PnP ACPI: found 6 devices
May 28 06:50:48.014043 localhost kernel: clocksource: acpi_pm: mask: 0xffffff max_cycles: 0xffffff, max_idle_ns: 2085701024 ns
May 28 06:50:48.014048 localhost kernel: NET: Registered PF_INET protocol family
May 28 06:50:48.014054 localhost kernel: IP idents hash table entries: 32768 (order: 6, 262144 bytes, linear)
May 28 06:50:48.014059 localhost kernel: tcp_listen_portaddr_hash hash table entries: 1024 (order: 2, 16384 bytes, linear)
May 28 06:50:48.014064 localhost kernel: Table-perturb hash table entries: 65536 (order: 6, 262144 bytes, linear)
May 28 06:50:48.014070 localhost kernel: TCP established hash table entries: 16384 (order: 5, 131072 bytes, linear)
May 28 06:50:48.014075 localhost kernel: TCP bind hash table entries: 16384 (order: 7, 524288 bytes, linear)
May 28 06:50:48.014080 localhost kernel: TCP: Hash tables configured (established 16384 bind 16384)
May 28 06:50:48.014088 localhost kernel: MPTCP token hash table entries: 2048 (order: 3, 49152 bytes, linear)
May 28 06:50:48.014094 localhost kernel: UDP hash table entries: 1024 (order: 3, 32768 bytes, linear)
May 28 06:50:48.014099 localhost kernel: UDP-Lite hash table entries: 1024 (order: 3, 32768 bytes, linear)
May 28 06:50:48.014104 localhost kernel: NET: Registered PF_UNIX/PF_LOCAL protocol family
May 28 06:50:48.014110 localhost kernel: NET: Registered PF_XDP protocol family
May 28 06:50:48.014206 localhost kernel: pci_bus 0000:00: resource 4 [io  0x0000-0x0cf7 window]
May 28 06:50:48.014302 localhost kernel: pci_bus 0000:00: resource 5 [io  0x0d00-0xffff window]
May 28 06:50:48.014395 localhost kernel: pci_bus 0000:00: resource 6 [mem 0x000a0000-0x000bffff window]
May 28 06:50:48.021209 localhost kernel: pci_bus 0000:00: resource 7 [mem 0x80000000-0xfebfffff window]
May 28 06:50:48.021319 localhost kernel: pci_bus 0000:00: resource 8 [mem 0x100000000-0x17fffffff window]
May 28 06:50:48.021429 localhost kernel: pci 0000:00:01.0: PIIX3: Enabling Passive Release
May 28 06:50:48.021543 localhost kernel: pci 0000:00:00.0: Limiting direct PCI/PCI transfers
May 28 06:50:48.021552 localhost kernel: ACPI: \_SB_.LNKB: Enabled at IRQ 10
May 28 06:50:48.021658 localhost kernel: pci 0000:00:06.0: quirk_usb_early_handoff+0x0/0x710 took 77449 usecs
May 28 06:50:48.021666 localhost kernel: PCI: CLS 0 bytes, default 64
May 28 06:50:48.021672 localhost kernel: Trying to unpack rootfs image as initramfs...
