[    0.000000] [    T0] Linux version 6.9.1-1-default (geeko@buildhost) (gcc (SUSE Linux) 13.2.1 20240509 [revision b7a2697733d19a093cbdd0e200ffce069a4bc812], GNU ld (GNU Binutils; openSUSE Tumbleweed) 2.42.0.20240130-3) #1 SMP PREEMPT_DYNAMIC Fri May 17 11:59:46 UTC 2024 (0c0b0b5)
[    0.000000] [    T0] Command line: BOOT_IMAGE=/boot/vmlinuz-6.9.1-1-default root=UUID=e30f2f24-8ebe-4eb2-a3e4-7f94c08f2814 splash=silent video=1024x768 plymouth.ignore-serial-consoles console=ttyS0 console=tty kernel.softlockup_panic=1 resume=/dev/disk/by-uuid/350ef8df-2937-4484-9b74-cdf0b1f4c465 security=apparmor mitigations=auto
[    0.000000] [    T0] BIOS-provided physical RAM map:
[    0.000000] [    T0] BIOS-e820: [mem 0x0000000000000000-0x000000000009fbff] usable
[    0.000000] [    T0] BIOS-e820: [mem 0x000000000009fc00-0x000000000009ffff] reserved
[    0.000000] [    T0] BIOS-e820: [mem 0x00000000000f0000-0x00000000000fffff] reserved
[    0.000000] [    T0] BIOS-e820: [mem 0x0000000000100000-0x000000007ffd5fff] usable
[    0.000000] [    T0] BIOS-e820: [mem 0x000000007ffd6000-0x000000007fffffff] reserved
[    0.000000] [    T0] BIOS-e820: [mem 0x00000000feffc000-0x00000000feffffff] reserved
[    0.000000] [    T0] BIOS-e820: [mem 0x00000000fffc0000-0x00000000ffffffff] reserved
[    0.000000] [    T0] BIOS-e820: [mem 0x000000fd00000000-0x000000ffffffffff] reserved
[    0.000000] [    T0] NX (Execute Disable) protection: active
[    0.000000] [    T0] APIC: Static calls initialized
[    0.000000] [    T0] SMBIOS 2.8 present.
[    0.000000] [    T0] DMI: QEMU Standard PC (i440FX + PIIX, 1996), BIOS rel-1.16.0-0-gd239552c-rebuilt.opensuse.org 04/01/2014
[    0.000000] [    T0] Hypervisor detected: KVM
[    0.000000] [    T0] kvm-clock: Using msrs 4b564d01 and 4b564d00
[    0.000000] [    T0] kvm-clock: using sched offset of 5528908833 cycles
[    0.000001] [    T0] clocksource: kvm-clock: mask: 0xffffffffffffffff max_cycles: 0x1cd42e4dffb, max_idle_ns: 881590591483 ns
[    0.000003] [    T0] tsc: Detected 2199.998 MHz processor
[    0.000912] [    T0] e820: update [mem 0x00000000-0x00000fff] usable ==> reserved
[    0.000915] [    T0] e820: remove [mem 0x000a0000-0x000fffff] usable
[    0.000918] [    T0] last_pfn = 0x7ffd6 max_arch_pfn = 0x400000000
[    0.000973] [    T0] MTRR map: 4 entries (3 fixed + 1 variable; max 19), built from 8 variable MTRRs
[    0.000976] [    T0] x86/PAT: Configuration [0-7]: WB  WC  UC- UC  WB  WP  UC- WT  
[    0.003260] [    T0] found SMP MP-table at [mem 0x000f5b40-0x000f5b4f]
[    0.003270] [    T0] Using GB pages for direct mapping
[    0.003379] [    T0] RAMDISK: [mem 0x34e37000-0x36712fff]
[    0.003384] [    T0] ACPI: Early table checksum verification disabled
[    0.003386] [    T0] ACPI: RSDP 0x00000000000F5960 000014 (v00 BOCHS )
[    0.003396] [    T0] ACPI: RSDT 0x000000007FFE18F4 000034 (v01 BOCHS  BXPC     00000001 BXPC 00000001)
[    0.003400] [    T0] ACPI: FACP 0x000000007FFE17A8 000074 (v01 BOCHS  BXPC     00000001 BXPC 00000001)
[    0.003404] [    T0] ACPI: DSDT 0x000000007FFE0040 001768 (v01 BOCHS  BXPC     00000001 BXPC 00000001)
[    0.003406] [    T0] ACPI: FACS 0x000000007FFE0000 000040
[    0.003408] [    T0] ACPI: APIC 0x000000007FFE181C 000078 (v01 BOCHS  BXPC     00000001 BXPC 00000001)
[    0.003410] [    T0] ACPI: HPET 0x000000007FFE1894 000038 (v01 BOCHS  BXPC     00000001 BXPC 00000001)
[    0.003412] [    T0] ACPI: WAET 0x000000007FFE18CC 000028 (v01 BOCHS  BXPC     00000001 BXPC 00000001)
[    0.003414] [    T0] ACPI: Reserving FACP table memory at [mem 0x7ffe17a8-0x7ffe181b]
[    0.003415] [    T0] ACPI: Reserving DSDT table memory at [mem 0x7ffe0040-0x7ffe17a7]
[    0.003416] [    T0] ACPI: Reserving FACS table memory at [mem 0x7ffe0000-0x7ffe003f]
[    0.003417] [    T0] ACPI: Reserving APIC table memory at [mem 0x7ffe181c-0x7ffe1893]
[    0.003418] [    T0] ACPI: Reserving HPET table memory at [mem 0x7ffe1894-0x7ffe18cb]
[    0.003418] [    T0] ACPI: Reserving WAET table memory at [mem 0x7ffe18cc-0x7ffe18f3]
[    0.003733] [    T0] No NUMA configuration found
[    0.003734] [    T0] Faking a node at [mem 0x0000000000000000-0x000000007ffd5fff]
[    0.003742] [    T0] NODE_DATA(0) allocated [mem 0x7ffab000-0x7ffd5fff]
[    0.003952] [    T0] Zone ranges:
[    0.003952] [    T0]   DMA      [mem 0x0000000000001000-0x0000000000ffffff]
[    0.003954] [    T0]   DMA32    [mem 0x0000000001000000-0x000000007ffd5fff]
[    0.003955] [    T0]   Normal   empty
[    0.003956] [    T0]   Device   empty
[    0.003957] [    T0] Movable zone start for each node
[    0.003959] [    T0] Early memory node ranges
[    0.003959] [    T0]   node   0: [mem 0x0000000000001000-0x000000000009efff]
[    0.003960] [    T0]   node   0: [mem 0x0000000000100000-0x000000007ffd5fff]
[    0.003961] [    T0] Initmem setup node 0 [mem 0x0000000000001000-0x000000007ffd5fff]
[    0.003969] [    T0] On node 0, zone DMA: 1 pages in unavailable ranges
[    0.003997] [    T0] On node 0, zone DMA: 97 pages in unavailable ranges
[    0.004509] [    T0] On node 0, zone DMA32: 42 pages in unavailable ranges
[    0.005025] [    T0] ACPI: PM-Timer IO Port: 0x608
[    0.005033] [    T0] ACPI: LAPIC_NMI (acpi_id[0xff] dfl dfl lint[0x1])
[    0.005063] [    T0] IOAPIC[0]: apic_id 0, version 17, address 0xfec00000, GSI 0-23
[    0.005065] [    T0] ACPI: INT_SRC_OVR (bus 0 bus_irq 0 global_irq 2 dfl dfl)
[    0.005066] [    T0] ACPI: INT_SRC_OVR (bus 0 bus_irq 5 global_irq 5 high level)
[    0.005067] [    T0] ACPI: INT_SRC_OVR (bus 0 bus_irq 9 global_irq 9 high level)
[    0.005068] [    T0] ACPI: INT_SRC_OVR (bus 0 bus_irq 10 global_irq 10 high level)
[    0.005069] [    T0] ACPI: INT_SRC_OVR (bus 0 bus_irq 11 global_irq 11 high level)
[    0.005072] [    T0] ACPI: Using ACPI (MADT) for SMP configuration information
[    0.005073] [    T0] ACPI: HPET id: 0x8086a201 base: 0xfed00000
[    0.005075] [    T0] TSC deadline timer available
[    0.005079] [    T0] CPU topo: Max. logical packages:   1
[    0.005079] [    T0] CPU topo: Max. logical dies:       1
[    0.005080] [    T0] CPU topo: Max. dies per package:   1
[    0.005084] [    T0] CPU topo: Max. threads per core:   1
[    0.005085] [    T0] CPU topo: Num. cores per package:     1
[    0.005085] [    T0] CPU topo: Num. threads per package:   1
[    0.005086] [    T0] CPU topo: Allowing 1 present CPUs plus 0 hotplug CPUs
[    0.005099] [    T0] kvm-guest: APIC: eoi() replaced with kvm_guest_apic_eoi_write()
[    0.005118] [    T0] PM: hibernation: Registered nosave memory: [mem 0x00000000-0x00000fff]
[    0.005120] [    T0] PM: hibernation: Registered nosave memory: [mem 0x0009f000-0x0009ffff]
[    0.005120] [    T0] PM: hibernation: Registered nosave memory: [mem 0x000a0000-0x000effff]
[    0.005121] [    T0] PM: hibernation: Registered nosave memory: [mem 0x000f0000-0x000fffff]
[    0.005122] [    T0] [mem 0x80000000-0xfeffbfff] available for PCI devices
[    0.005123] [    T0] Booting paravirtualized kernel on KVM
[    0.005124] [    T0] clocksource: refined-jiffies: mask: 0xffffffff max_cycles: 0xffffffff, max_idle_ns: 6370452778343963 ns
[    0.009791] [    T0] setup_percpu: NR_CPUS:8192 nr_cpumask_bits:1 nr_cpu_ids:1 nr_node_ids:1
[    0.009988] [    T0] percpu: Embedded 72 pages/cpu s258048 r8192 d28672 u2097152
[    0.009992] [    T0] pcpu-alloc: s258048 r8192 d28672 u2097152 alloc=1*2097152
[    0.009994] [    T0] pcpu-alloc: [0] 0 
[    0.010023] [    T0] kvm-guest: PV spinlocks disabled, single CPU
[    0.010025] [    T0] Kernel command line: BOOT_IMAGE=/boot/vmlinuz-6.9.1-1-default root=UUID=e30f2f24-8ebe-4eb2-a3e4-7f94c08f2814 splash=silent video=1024x768 plymouth.ignore-serial-consoles console=ttyS0 console=tty kernel.softlockup_panic=1 resume=/dev/disk/by-uuid/350ef8df-2937-4484-9b74-cdf0b1f4c465 security=apparmor mitigations=auto
[    0.010139] [    T0] Unknown kernel command line parameters "BOOT_IMAGE=/boot/vmlinuz-6.9.1-1-default splash=silent", will be passed to user space.
[    0.010156] [    T0] random: crng init done
[    0.010348] [    T0] Dentry cache hash table entries: 262144 (order: 9, 2097152 bytes, linear)
[    0.010403] [    T0] Inode-cache hash table entries: 131072 (order: 8, 1048576 bytes, linear)
[    0.010421] [    T0] Fallback order for Node 0: 0 
[    0.010423] [    T0] Built 1 zonelists, mobility grouping on.  Total pages: 515798
[    0.010424] [    T0] Policy zone: DMA32
[    0.010425] [    T0] mem auto-init: stack:off, heap alloc:off, heap free:off
[    0.011142] [    T0] Memory: 260860K/2096592K available (16384K kernel code, 3000K rwdata, 13020K rodata, 4224K init, 4384K bss, 109628K reserved, 0K cma-reserved)
[    0.011317] [    T0] SLUB: HWalign=64, Order=0-3, MinObjects=0, CPUs=1, Nodes=1
[    0.011344] [    T0] ftrace: allocating 47505 entries in 186 pages
[    0.018692] [    T0] ftrace: allocated 186 pages with 5 groups
[    0.019205] [    T0] Dynamic Preempt: voluntary
[    0.019227] [    T0] rcu: Preemptible hierarchical RCU implementation.
[    0.019228] [    T0] rcu: 	RCU event tracing is enabled.
[    0.019228] [    T0] rcu: 	RCU restricting CPUs from NR_CPUS=8192 to nr_cpu_ids=1.
[    0.019229] [    T0] 	Trampoline variant of Tasks RCU enabled.
[    0.019229] [    T0] 	Rude variant of Tasks RCU enabled.
[    0.019230] [    T0] 	Tracing variant of Tasks RCU enabled.
[    0.019230] [    T0] rcu: RCU calculated value of scheduler-enlistment delay is 30 jiffies.
[    0.019231] [    T0] rcu: Adjusting geometry for rcu_fanout_leaf=16, nr_cpu_ids=1
[    0.019238] [    T0] RCU Tasks: Setting shift to 0 and lim to 1 rcu_task_cb_adjust=1.
[    0.019239] [    T0] RCU Tasks Rude: Setting shift to 0 and lim to 1 rcu_task_cb_adjust=1.
[    0.019240] [    T0] RCU Tasks Trace: Setting shift to 0 and lim to 1 rcu_task_cb_adjust=1.
[    0.022895] [    T0] NR_IRQS: 524544, nr_irqs: 256, preallocated irqs: 16
[    0.023087] [    T0] rcu: srcu_init: Setting srcu_struct sizes based on contention.
[    0.023130] [    T0] Console: colour dummy device 80x25
[    0.023132] [    T0] printk: legacy console [tty0] enabled
[    0.023381] [    T0] printk: legacy console [ttyS0] enabled
[    0.152103] [    T0] ACPI: Core revision 20230628
[    0.152920] [    T0] clocksource: hpet: mask: 0xffffffff max_cycles: 0xffffffff, max_idle_ns: 19112604467 ns
[    0.154473] [    T0] APIC: Switch to symmetric I/O mode setup
[    0.155600] [    T0] x2apic enabled
[    0.156455] [    T0] APIC: Switched APIC routing to: physical x2apic
[    0.158812] [    T0] ..TIMER: vector=0x30 apic1=0 pin1=2 apic2=-1 pin2=-1
[    0.159830] [    T0] clocksource: tsc-early: mask: 0xffffffffffffffff max_cycles: 0x1fb63109b96, max_idle_ns: 440795265316 ns
[    0.161494] [    T0] Calibrating delay loop (skipped) preset value.. 4401.32 BogoMIPS (lpj=7333326)
[    0.162915] [    T0] x86/cpu: User Mode Instruction Prevention (UMIP) activated
[    0.164085] [    T0] Last level iTLB entries: 4KB 512, 2MB 255, 4MB 127
[    0.164828] [    T0] Last level dTLB entries: 4KB 512, 2MB 255, 4MB 127, 1GB 0
[    0.165873] [    T0] Spectre V1 : Mitigation: usercopy/swapgs barriers and __user pointer sanitization
[    0.167216] [    T0] Spectre V2 : Mitigation: Retpolines
[    0.168161] [    T0] Spectre V2 : Spectre v2 / SpectreRSB mitigation: Filling RSB on context switch
[    0.169457] [    T0] Spectre V2 : Spectre v2 / SpectreRSB : Filling RSB on VMEXIT
[    0.170529] [    T0] Spectre V2 : Enabling Restricted Speculation for firmware calls
[    0.171495] [    T0] Spectre V2 : mitigation: Enabling conditional Indirect Branch Prediction Barrier
[    0.172822] [    T0] Speculative Store Bypass: Mitigation: Speculative Store Bypass disabled via prctl
[    0.174156] [    T0] Speculative Return Stack Overflow: IBPB-extending microcode not applied!
[    0.174827] [    T0] Speculative Return Stack Overflow: WARNING: See https://kernel.org/doc/html/latest/admin-guide/hw-vuln/srso.html for mitigation options.
[    0.174828] [    T0] Speculative Return Stack Overflow: Vulnerable: Safe RET, no microcode
[    0.178182] [    T0] x86/fpu: Supporting XSAVE feature 0x001: 'x87 floating point registers'
[    0.179385] [    T0] x86/fpu: Supporting XSAVE feature 0x002: 'SSE registers'
[    0.181496] [    T0] x86/fpu: Supporting XSAVE feature 0x004: 'AVX registers'
[    0.182784] [    T0] x86/fpu: Supporting XSAVE feature 0x200: 'Protection Keys User registers'
[    0.184312] [    T0] x86/fpu: xstate_offset[2]:  576, xstate_sizes[2]:  256
[    0.184828] [    T0] x86/fpu: xstate_offset[9]:  832, xstate_sizes[9]:    8
[    0.186065] [    T0] x86/fpu: Enabled xstate features 0x207, context size is 840 bytes, using 'compacted' format.
[    0.212351] [    T0] Freeing SMP alternatives memory: 40K
[    0.213182] [    T0] pid_max: default: 32768 minimum: 301
[    0.213995] [    T0] LSM: initializing lsm=lockdown,capability,landlock,yama,apparmor,bpf,ima,evm
[    0.214843] [    T0] landlock: Up and running.
[    0.215498] [    T0] Yama: becoming mindful.
[    0.216197] [    T0] AppArmor: AppArmor initialized
[    0.216901] [    T0] LSM support for eBPF active
[    0.217598] [    T0] Mount-cache hash table entries: 4096 (order: 3, 32768 bytes, linear)
[    0.218171] [    T0] Mountpoint-cache hash table entries: 4096 (order: 3, 32768 bytes, linear)
[    0.219724] [    T1] smpboot: CPU0: AMD EPYC 7773X 64-Core Processor (family: 0x19, model: 0x1, stepping: 0x2)
[    0.221433] [    T1] Performance Events: Fam17h+ core perfctr, AMD PMU driver.
[    0.221493] [    T1] ... version:                0
[    0.221498] [    T1] ... bit width:              48
[    0.222199] [    T1] ... generic registers:      6
[    0.222887] [    T1] ... value mask:             0000ffffffffffff
[    0.223762] [    T1] ... max period:             00007fffffffffff
[    0.224656] [    T1] ... fixed-purpose events:   0
[    0.224831] [    T1] ... event mask:             000000000000003f
[    0.225799] [    T1] signal: max sigframe size: 3376
[    0.226561] [    T1] rcu: Hierarchical SRCU implementation.
[    0.227371] [    T1] rcu: 	Max phase no-delay instances is 1000.
[    0.230751] [    T1] smp: Bringing up secondary CPUs ...
[    0.231506] [    T1] smp: Brought up 1 node, 1 CPU
[    0.232210] [    T1] smpboot: Total of 1 processors activated (4401.32 BogoMIPS)
[    0.238551] [   T22] node 0 deferred pages initialised in 7ms
[    0.239527] [    T1] devtmpfs: initialized
[    0.240174] [    T1] x86/mm: Memory block size: 128MB
[    0.241591] [    T1] clocksource: jiffies: mask: 0xffffffff max_cycles: 0xffffffff, max_idle_ns: 6370867519511994 ns
[    0.243107] [    T1] futex hash table entries: 256 (order: 2, 16384 bytes, linear)
[    0.244251] [    T1] pinctrl core: initialized pinctrl subsystem
[    0.244974] [    T1] PM: RTC time: 10:50:46, date: 2024-05-28
[    0.246315] [    T1] NET: Registered PF_NETLINK/PF_ROUTE protocol family
[    0.247472] [    T1] DMA: preallocated 256 KiB GFP_KERNEL pool for atomic allocations
[    0.248229] [    T1] DMA: preallocated 256 KiB GFP_KERNEL|GFP_DMA pool for atomic allocations
[    0.249461] [    T1] DMA: preallocated 256 KiB GFP_KERNEL|GFP_DMA32 pool for atomic allocations
[    0.250716] [    T1] audit: initializing netlink subsys (disabled)
[    0.251531] [   T26] audit: type=2000 audit(1716893447.276:1): state=initialized audit_enabled=0 res=1
[    0.252971] [    T1] thermal_sys: Registered thermal governor 'fair_share'
[    0.252973] [    T1] thermal_sys: Registered thermal governor 'bang_bang'
[    0.253960] [    T1] thermal_sys: Registered thermal governor 'step_wise'
[    0.254836] [    T1] thermal_sys: Registered thermal governor 'user_space'
[    0.255816] [    T1] cpuidle: using governor ladder
[    0.257488] [    T1] cpuidle: using governor menu
[    0.258859] [    T1] acpiphp: ACPI Hot Plug PCI Controller Driver version: 0.5
[    0.260059] [    T1] PCI: Using configuration type 1 for base access
[    0.260984] [    T1] PCI: Using configuration type 1 for extended access
[    0.261668] [    T1] kprobes: kprobe jump-optimization is enabled. All kprobes are optimized if possible.
[    0.291053] [    T1] HugeTLB: registered 1.00 GiB page size, pre-allocated 0 pages
[    0.291498] [    T1] HugeTLB: 16380 KiB vmemmap can be freed for a 1.00 GiB page
[    0.292572] [    T1] HugeTLB: registered 2.00 MiB page size, pre-allocated 0 pages
[    0.293657] [    T1] HugeTLB: 28 KiB vmemmap can be freed for a 2.00 MiB page
[    0.294790] [    T1] Demotion targets for Node 0: null
[    0.295115] [    T1] ACPI: Added _OSI(Module Device)
[    0.295836] [    T1] ACPI: Added _OSI(Processor Device)
[    0.296584] [    T1] ACPI: Added _OSI(3.0 _SCP Extensions)
[    0.297381] [    T1] ACPI: Added _OSI(Processor Aggregator Device)
[    0.299652] [    T1] ACPI: 1 ACPI AML tables successfully acquired and loaded
[    0.301554] [    T1] ACPI: _OSC evaluation for CPUs failed, trying _PDC
[    0.302716] [    T1] ACPI: Interpreter enabled
[    0.303368] [    T1] ACPI: PM: (supports S0 S3 S4 S5)
[    0.304092] [    T1] ACPI: Using IOAPIC for interrupt routing
[    0.305026] [    T1] PCI: Using host bridge windows from ACPI; if necessary, use "pci=nocrs" and report a bug
[    0.306449] [    T1] PCI: Using E820 reservations for host bridge windows
[    0.307577] [    T1] ACPI: Enabled 2 GPEs in block 00 to 0F
[    0.311966] [    T1] ACPI: PCI Root Bridge [PCI0] (domain 0000 [bus 00-ff])
[    0.312993] [    T1] acpi PNP0A03:00: _OSC: OS supports [ExtendedConfig ASPM ClockPM Segments MSI EDR HPX-Type3]
[    0.314975] [    T1] acpiphp: Slot [3] registered
[    0.315678] [    T1] acpiphp: Slot [4] registered
[    0.316375] [    T1] acpiphp: Slot [5] registered
[    0.317087] [    T1] acpiphp: Slot [6] registered
[    0.317785] [    T1] acpiphp: Slot [7] registered
[    0.318186] [    T1] acpiphp: Slot [8] registered
[    0.318885] [    T1] acpiphp: Slot [9] registered
[    0.319598] [    T1] acpiphp: Slot [10] registered
[    0.320317] [    T1] acpiphp: Slot [11] registered
[    0.321037] [    T1] acpiphp: Slot [12] registered
[    0.321520] [    T1] acpiphp: Slot [13] registered
[    0.322231] [    T1] acpiphp: Slot [14] registered
[    0.322941] [    T1] acpiphp: Slot [15] registered
[    0.323643] [    T1] acpiphp: Slot [16] registered
[    0.324352] [    T1] acpiphp: Slot [17] registered
[    0.324850] [    T1] acpiphp: Slot [18] registered
[    0.325553] [    T1] acpiphp: Slot [19] registered
[    0.326256] [    T1] acpiphp: Slot [20] registered
[    0.326966] [    T1] acpiphp: Slot [21] registered
[    0.327679] [    T1] acpiphp: Slot [22] registered
[    0.328188] [    T1] acpiphp: Slot [23] registered
[    0.328891] [    T1] acpiphp: Slot [24] registered
[    0.329593] [    T1] acpiphp: Slot [25] registered
[    0.330294] [    T1] acpiphp: Slot [26] registered
[    0.330997] [    T1] acpiphp: Slot [27] registered
[    0.331518] [    T1] acpiphp: Slot [28] registered
[    0.332221] [    T1] acpiphp: Slot [29] registered
[    0.332925] [    T1] acpiphp: Slot [30] registered
[    0.333636] [    T1] acpiphp: Slot [31] registered
[    0.334331] [    T1] PCI host bridge to bus 0000:00
[    0.334832] [    T1] pci_bus 0000:00: root bus resource [io  0x0000-0x0cf7 window]
[    0.335929] [    T1] pci_bus 0000:00: root bus resource [io  0x0d00-0xffff window]
[    0.337006] [    T1] pci_bus 0000:00: root bus resource [mem 0x000a0000-0x000bffff window]
[    0.338164] [    T1] pci_bus 0000:00: root bus resource [mem 0x80000000-0xfebfffff window]
[    0.339347] [    T1] pci_bus 0000:00: root bus resource [mem 0x100000000-0x17fffffff window]
[    0.340549] [    T1] pci_bus 0000:00: root bus resource [bus 00-ff]
[    0.341626] [    T1] pci 0000:00:00.0: [8086:1237] type 00 class 0x060000 conventional PCI endpoint
[    0.344065] [    T1] pci 0000:00:01.0: [8086:7000] type 00 class 0x060100 conventional PCI endpoint
[    0.345447] [    T1] pci 0000:00:01.1: [8086:7010] type 00 class 0x010180 conventional PCI endpoint
[    0.349002] [    T1] pci 0000:00:01.1: BAR 4 [io  0xc1c0-0xc1cf]
[    0.351253] [    T1] pci 0000:00:01.1: BAR 0 [io  0x01f0-0x01f7]: legacy IDE quirk
[    0.351498] [    T1] pci 0000:00:01.1: BAR 1 [io  0x03f6]: legacy IDE quirk
[    0.352517] [    T1] pci 0000:00:01.1: BAR 2 [io  0x0170-0x0177]: legacy IDE quirk
[    0.353633] [    T1] pci 0000:00:01.1: BAR 3 [io  0x0376]: legacy IDE quirk
[    0.354840] [    T1] pci 0000:00:01.3: [8086:7113] type 00 class 0x068000 conventional PCI endpoint
[    0.357195] [    T1] pci 0000:00:01.3: quirk: [io  0x0600-0x063f] claimed by PIIX4 ACPI
[    0.358173] [    T1] pci 0000:00:01.3: quirk: [io  0x0700-0x070f] claimed by PIIX4 SMB
[    0.359966] [    T1] pci 0000:00:02.0: [1234:1111] type 00 class 0x030000 conventional PCI endpoint
[    0.363773] [    T1] pci 0000:00:02.0: BAR 0 [mem 0xfd000000-0xfdffffff pref]
[    0.373614] [    T1] pci 0000:00:02.0: BAR 2 [mem 0xfebd8000-0xfebd8fff]
[    0.393987] [    T1] pci 0000:00:02.0: ROM [mem 0xfebc0000-0xfebcffff pref]
[    0.394988] [    T1] pci 0000:00:02.0: Video device with shadowed ROM at [mem 0x000c0000-0x000dffff]
[    0.400105] [    T1] pci 0000:00:03.0: [8086:2668] type 00 class 0x040300 conventional PCI endpoint
[    0.402350] [    T1] pci 0000:00:03.0: BAR 0 [mem 0xfebd0000-0xfebd3fff]
[    0.408879] [    T1] pci 0000:00:04.0: [1af4:1000] type 00 class 0x020000 conventional PCI endpoint
[    0.412003] [    T1] pci 0000:00:04.0: BAR 0 [io  0xc180-0xc19f]
[    0.414106] [    T1] pci 0000:00:04.0: BAR 1 [mem 0xfebd9000-0xfebd9fff]
[    0.421314] [    T1] pci 0000:00:04.0: BAR 4 [mem 0xfe000000-0xfe003fff 64bit pref]
[    0.422629] [    T1] pci 0000:00:04.0: ROM [mem 0xfeb80000-0xfebbffff pref]
[    0.425082] [    T1] pci 0000:00:05.0: [1af4:1005] type 00 class 0x00ff00 conventional PCI endpoint
[    0.427248] [    T1] pci 0000:00:05.0: BAR 0 [io  0xc1a0-0xc1bf]
[    0.431881] [    T1] pci 0000:00:05.0: BAR 4 [mem 0xfe004000-0xfe007fff 64bit pref]
[    0.435059] [    T1] pci 0000:00:06.0: [1b36:000d] type 00 class 0x0c0330 conventional PCI endpoint
[    0.436856] [    T1] pci 0000:00:06.0: BAR 0 [mem 0xfebd4000-0xfebd7fff 64bit]
[    0.441415] [    T1] pci 0000:00:07.0: [1af4:1003] type 00 class 0x078000 conventional PCI endpoint
[    0.442629] [    T1] pci 0000:00:07.0: BAR 0 [io  0xc100-0xc13f]
[    0.444559] [    T1] pci 0000:00:07.0: BAR 1 [mem 0xfebda000-0xfebdafff]
[    0.448165] [    T1] pci 0000:00:07.0: BAR 4 [mem 0xfe008000-0xfe00bfff 64bit pref]
[    0.453448] [    T1] pci 0000:00:08.0: [1af4:1004] type 00 class 0x010000 conventional PCI endpoint
[    0.458167] [    T1] pci 0000:00:08.0: BAR 0 [io  0xc140-0xc17f]
[    0.464833] [    T1] pci 0000:00:08.0: BAR 1 [mem 0xfebdb000-0xfebdbfff]
[    0.478170] [    T1] pci 0000:00:08.0: BAR 4 [mem 0xfe00c000-0xfe00ffff 64bit pref]
[    0.484087] [    T1] pci 0000:00:09.0: [1af4:1001] type 00 class 0x010000 conventional PCI endpoint
[    0.491504] [    T1] pci 0000:00:09.0: BAR 0 [io  0xc000-0xc07f]
[    0.498175] [    T1] pci 0000:00:09.0: BAR 1 [mem 0xfebdc000-0xfebdcfff]
[    0.510152] [    T1] pci 0000:00:09.0: BAR 4 [mem 0xfe010000-0xfe013fff 64bit pref]
[    0.516343] [    T1] pci 0000:00:0a.0: [1af4:1001] type 00 class 0x010000 conventional PCI endpoint
[    0.523882] [    T1] pci 0000:00:0a.0: BAR 0 [io  0xc080-0xc0ff]
[    0.526199] [    T1] pci 0000:00:0a.0: BAR 1 [mem 0xfebdd000-0xfebddfff]
[    0.537922] [    T1] pci 0000:00:0a.0: BAR 4 [mem 0xfe014000-0xfe017fff 64bit pref]
[    0.553065] [    T1] ACPI: PCI: Interrupt link LNKA configured for IRQ 10
[    0.554208] [    T1] ACPI: PCI: Interrupt link LNKB configured for IRQ 10
[    0.554975] [    T1] ACPI: PCI: Interrupt link LNKC configured for IRQ 11
[    0.556083] [    T1] ACPI: PCI: Interrupt link LNKD configured for IRQ 11
[    0.557145] [    T1] ACPI: PCI: Interrupt link LNKS configured for IRQ 9
[    0.558400] [    T1] iommu: Default domain type: Passthrough
[    0.559314] [    T1] pps_core: LinuxPPS API ver. 1 registered
[    0.560145] [    T1] pps_core: Software ver. 5.3.6 - Copyright 2005-2007 Rodolfo Giometti <giometti@linux.it>
[    0.561501] [    T1] PTP clock support registered
[    0.562188] [    T1] EDAC MC: Ver: 3.0.0
[    0.563282] [    T1] NetLabel: Initializing
[    0.563886] [    T1] NetLabel:  domain hash size = 128
[    0.564614] [    T1] NetLabel:  protocols = UNLABELED CIPSOv4 CALIPSO
[    0.564852] [    T1] NetLabel:  unlabeled traffic allowed by default
[    0.565759] [    T1] mctp: management component transport protocol core
[    0.566698] [    T1] NET: Registered PF_MCTP protocol family
[    0.567505] [    T1] PCI: Using ACPI for IRQ routing
[    0.568164] [    T1] PCI: pci_cache_line_size set to 64 bytes
[    0.568385] [    T1] e820: reserve RAM buffer [mem 0x0009fc00-0x0009ffff]
[    0.568390] [    T1] e820: reserve RAM buffer [mem 0x7ffd6000-0x7fffffff]
[    0.568469] [    T1] pci 0000:00:02.0: vgaarb: setting as boot VGA device
[    0.569441] [    T1] pci 0000:00:02.0: vgaarb: bridge control possible
[    0.570375] [    T1] pci 0000:00:02.0: vgaarb: VGA device added: decodes=io+mem,owns=io+mem,locks=none
[    0.571499] [    T1] vgaarb: loaded
[    0.572162] [    T1] hpet0: at MMIO 0xfed00000, IRQs 2, 8, 0
[    0.572975] [    T1] hpet0: 3 comparators, 64-bit 100.000000 MHz counter
[    0.581531] [    T1] clocksource: Switched to clocksource kvm-clock
[    0.583581] [    T1] VFS: Disk quotas dquot_6.6.0
[    0.584271] [    T1] VFS: Dquot-cache hash table entries: 512 (order 0, 4096 bytes)
[    0.585580] [    T1] AppArmor: AppArmor Filesystem Enabled
[    0.586406] [    T1] pnp: PnP ACPI init
[    0.587053] [    T1] pnp 00:02: [dma 2]
[    0.587414] [    T1] pnp: PnP ACPI: found 6 devices
[    0.594312] [    T1] clocksource: acpi_pm: mask: 0xffffff max_cycles: 0xffffff, max_idle_ns: 2085701024 ns
[    0.595845] [    T1] NET: Registered PF_INET protocol family
[    0.596754] [    T1] IP idents hash table entries: 32768 (order: 6, 262144 bytes, linear)
[    0.609688] [    T1] tcp_listen_portaddr_hash hash table entries: 1024 (order: 2, 16384 bytes, linear)
[    0.611037] [    T1] Table-perturb hash table entries: 65536 (order: 6, 262144 bytes, linear)
[    0.612276] [    T1] TCP established hash table entries: 16384 (order: 5, 131072 bytes, linear)
[    0.613524] [    T1] TCP bind hash table entries: 16384 (order: 7, 524288 bytes, linear)
[    0.614714] [    T1] TCP: Hash tables configured (established 16384 bind 16384)
[    0.615806] [    T1] MPTCP token hash table entries: 2048 (order: 3, 49152 bytes, linear)
[    0.616985] [    T1] UDP hash table entries: 1024 (order: 3, 32768 bytes, linear)
[    0.618055] [    T1] UDP-Lite hash table entries: 1024 (order: 3, 32768 bytes, linear)
[    0.619226] [    T1] NET: Registered PF_UNIX/PF_LOCAL protocol family
[    0.620153] [    T1] NET: Registered PF_XDP protocol family
[    0.620951] [    T1] pci_bus 0000:00: resource 4 [io  0x0000-0x0cf7 window]
[    0.621950] [    T1] pci_bus 0000:00: resource 5 [io  0x0d00-0xffff window]
[    0.622957] [    T1] pci_bus 0000:00: resource 6 [mem 0x000a0000-0x000bffff window]
[    0.624046] [    T1] pci_bus 0000:00: resource 7 [mem 0x80000000-0xfebfffff window]
[    0.625143] [    T1] pci_bus 0000:00: resource 8 [mem 0x100000000-0x17fffffff window]
[    0.626313] [    T1] pci 0000:00:01.0: PIIX3: Enabling Passive Release
[    0.627253] [    T1] pci 0000:00:00.0: Limiting direct PCI/PCI transfers
[    0.667375] [    T1] ACPI: \_SB_.LNKB: Enabled at IRQ 10
[    0.707583] [    T1] pci 0000:00:06.0: quirk_usb_early_handoff+0x0/0x710 took 77449 usecs
[    0.708865] [    T1] PCI: CLS 0 bytes, default 64
[    0.709597] [   T10] Trying to unpack rootfs image as initramfs...
[    0.711995] [    T1] clocksource: tsc: mask: 0xffffffffffffffff max_cycles: 0x1fb63109b96, max_idle_ns: 440795265316 ns
[    0.715518] [    T1] Initialise system trusted keyrings
[    0.716282] [    T1] Key type blacklist registered
[    0.718538] [    T1] workingset: timestamp_bits=36 max_order=19 bucket_order=0
[    0.719657] [    T1] zbud: loaded
[    0.721986] [    T1] integrity: Platform Keyring initialized
[    0.722814] [    T1] integrity: Machine keyring initialized
[    0.745137] [    T1] Key type asymmetric registered
[    0.745852] [    T1] Asymmetric key parser 'x509' registered
[    0.826991] [   T10] Freeing initrd memory: 25456K
[    0.832225] [    T1] Block layer SCSI generic (bsg) driver version 0.4 loaded (major 247)
[    0.833447] [    T1] io scheduler mq-deadline registered
[    0.834214] [    T1] io scheduler kyber registered
[    0.834916] [    T1] io scheduler bfq registered
[    0.836873] [    T1] shpchp: Standard Hot Plug PCI Controller Driver version: 0.4
[    0.877335] [    T1] ACPI: \_SB_.LNKD: Enabled at IRQ 11
[    0.918023] [    T1] ACPI: \_SB_.LNKA: Enabled at IRQ 10
[    0.958677] [    T1] ACPI: \_SB_.LNKC: Enabled at IRQ 11
[    1.102748] [    T1] Serial: 8250/16550 driver, 32 ports, IRQ sharing enabled
[    1.105682] [    T1] 00:04: ttyS0 at I/O 0x3f8 (irq = 4, base_baud = 115200) is a 16550A
[    1.173975] [    T1] Non-volatile memory driver v1.3
[    1.175613] [    T1] Linux agpgart interface v0.103
[    1.177667] [    T1] ACPI: bus type drm_connector registered
[    1.179980] [    T1] i8042: PNP: PS/2 Controller [PNP0303:KBD,PNP0f13:MOU] at 0x60,0x64 irq 1,12
[    1.183708] [    T1] serio: i8042 KBD port at 0x60,0x64 irq 1
[    1.184536] [    T1] serio: i8042 AUX port at 0x60,0x64 irq 12
[    1.185501] [    T1] mousedev: PS/2 mouse device common for all mice
[    1.186695] [    T7] input: AT Translated Set 2 keyboard as /devices/platform/i8042/serio0/input/input0
[    1.188459] [    T1] rtc_cmos 00:05: RTC can wake from S4
[    1.190042] [    T7] input: VirtualPS/2 VMware VMMouse as /devices/platform/i8042/serio1/input/input3
[    1.191450] [    T1] rtc_cmos 00:05: registered as rtc0
[    1.192559] [    T7] input: VirtualPS/2 VMware VMMouse as /devices/platform/i8042/serio1/input/input2
[    1.193982] [    T1] rtc_cmos 00:05: setting system clock to 2024-05-28T10:50:47 UTC (1716893447)
[    1.195436] [    T1] rtc_cmos 00:05: alarms up to one day, y3k, 242 bytes nvram, hpet irqs
[    1.196638] [    T1] amd_pstate: the _CPC object is not present in SBIOS or ACPI disabled
[    1.197821] [    T1] ledtrig-cpu: registered to indicate activity on CPUs
[    1.199086] [    T1] [drm] Initialized simpledrm 1.0.0 20200625 for simple-framebuffer.0 on minor 0
[    1.200445] [    T1] simple-framebuffer simple-framebuffer.0: [drm] User-defined mode not supported: "1024x768": 60 64127 1024 1080 1184 1344 768 769 772 795 0x20 0x6
[    1.205218] [    T1] Console: switching to colour frame buffer device 100x37
[    1.207566] [    T1] simple-framebuffer simple-framebuffer.0: [drm] fb0: simpledrmdrmfb frame buffer device
[    1.209117] [    T1] hid: raw HID events driver (C) Jiri Kosina
[    1.210053] [    T1] drop_monitor: Initializing network drop monitor service
[    1.211220] [    T1] NET: Registered PF_INET6 protocol family
[    1.217210] [    T1] Segment Routing with IPv6
[    1.217879] [    T1] RPL Segment Routing with IPv6
[    1.218648] [    T1] In-situ OAM (IOAM) with IPv6
[    1.219628] [    T1] IPI shorthand broadcast: enabled
[    1.222403] [    T1] sched_clock: Marking stable (1090002620, 131734587)->(1326722013, -104984806)
[    1.223960] [    T1] registered taskstats version 1
[    1.224804] [    T1] Loading compiled-in X.509 certificates
[    1.226312] [    T1] Loaded X.509 cert 'openSUSE Secure Boot Signkey: fd9f2c12e599d67cc7f9067541adf426b712469e'
[    1.231200] [    T1] page_owner is disabled
[    1.232535] [    T1] Key type .fscrypt registered
[    1.233819] [    T1] Key type fscrypt-provisioning registered
[    1.254786] [    T1] Key type encrypted registered
[    1.256160] [    T1] AppArmor: AppArmor sha256 policy hashing enabled
[    1.257694] [    T1] ima: No TPM chip found, activating TPM-bypass!
[    1.259279] [    T1] Loading compiled-in module X.509 certificates
[    1.260804] [    T1] Loaded X.509 cert 'openSUSE Secure Boot Signkey: fd9f2c12e599d67cc7f9067541adf426b712469e'
[    1.263294] [    T1] ima: Allocated hash algorithm: sha256
[    1.264688] [    T1] ima: No architecture policies found
[    1.266076] [    T1] evm: Initialising EVM extended attributes:
[    1.267350] [    T1] evm: security.selinux
[    1.268338] [    T1] evm: security.SMACK64 (disabled)
[    1.269469] [    T1] evm: security.SMACK64EXEC (disabled)
[    1.270678] [    T1] evm: security.SMACK64TRANSMUTE (disabled)
[    1.271905] [    T1] evm: security.SMACK64MMAP (disabled)
[    1.273053] [    T1] evm: security.apparmor
[    1.274013] [    T1] evm: security.ima
[    1.274922] [    T1] evm: security.capability
[    1.275907] [    T1] evm: HMAC attrs: 0x1
[    1.388114] [    T1] PM:   Magic number: 8:944:831
[    1.394443] [    T1] RAS: Correctable Errors collector initialized.
[    1.409335] [    T1] clk: Disabling unused clocks
[    1.410594] [    T1] PM: genpd: Disabling unused power domains
[    1.413425] [    T1] Freeing unused decrypted memory: 2028K
[    1.415239] [    T1] Freeing unused kernel image (initmem) memory: 4224K
[    1.416684] [    T1] Write protecting the kernel read-only data: 30720k
[    1.418607] [    T1] Freeing unused kernel image (rodata/data gap) memory: 1316K
[    1.420181] [    T1] Run /init as init process
[    1.421136] [    T1]   with arguments:
[    1.421138] [    T1]     /init
[    1.421140] [    T1]   with environment:
[    1.421141] [    T1]     HOME=/
[    1.421143] [    T1]     TERM=linux
[    1.421144] [    T1]     BOOT_IMAGE=/boot/vmlinuz-6.9.1-1-default
[    1.421145] [    T1]     splash=silent
[    1.444910] [    T1] systemd[1]: systemd 255.6+suse.30.g3ea0e1dff3 running in system mode (+PAM +AUDIT +SELINUX +APPARMOR +IMA -SMACK +SECCOMP +GCRYPT +GNUTLS +OPENSSL +ACL +BLKID +CURL +ELFUTILS +FIDO2 +IDN2 -IDN +IPTC +KMOD +LIBCRYPTSETUP +LIBFDISK +PCRE2 +PWQUALITY +P11KIT +QRENCODE +TPM2 +BZIP2 +LZ4 +XZ +ZLIB +ZSTD +BPF_FRAMEWORK -XKBCOMMON -UTMP +SYSVINIT default-hierarchy=unified)
[    1.451449] [    T1] systemd[1]: Detected virtualization kvm.
[    1.452835] [    T1] systemd[1]: Detected architecture x86-64.
[    1.454182] [    T1] systemd[1]: Running in initrd.
[    1.460490] [    T1] systemd[1]: No hostname configured, using default hostname.
[    1.462311] [    T1] systemd[1]: Hostname set to <localhost>.
[    1.464386] [    T1] systemd[1]: Initializing machine ID from random generator.
[    1.533937] [    T1] systemd[1]: /usr/lib/systemd/system/plymouth-start.service:15: Unit uses KillMode=none. This is unsafe, as it disables systemd's process lifecycle management for the service. Please update the service to use a safer KillMode=, such as 'mixed' or 'control-group'. Support for KillMode=none is deprecated and will eventually be removed.
[    1.547460] [    T1] systemd[1]: Queued start job for default target Initrd Default Target.
[    1.558824] [    T1] systemd[1]: Expecting device /dev/disk/by-uuid/350ef8df-2937-4484-9b74-cdf0b1f4c465...
[    1.563531] [    T1] systemd[1]: Expecting device /dev/disk/by-uuid/e30f2f24-8ebe-4eb2-a3e4-7f94c08f2814...
[    1.568311] [    T1] systemd[1]: Reached target Initrd /usr File System.
[    1.571341] [    T1] systemd[1]: Reached target Slice Units.
[    1.573971] [    T1] systemd[1]: Reached target Swaps.
[    1.577457] [    T1] systemd[1]: Reached target Timer Units.
[    1.580964] [    T1] systemd[1]: Listening on Journal Socket (/dev/log).
[    1.585055] [    T1] systemd[1]: Listening on Journal Socket.
[    1.587767] [    T1] systemd[1]: Listening on udev Control Socket.
[    1.591104] [    T1] systemd[1]: Listening on udev Kernel Socket.
[    1.594789] [    T1] systemd[1]: Reached target Socket Units.
[    1.608592] [    T1] systemd[1]: Starting Create List of Static Device Nodes...
[    1.615205] [    T1] systemd[1]: Started Hardware RNG Entropy Gatherer Daemon.
[    1.621951] [    T1] systemd[1]: Starting Journal Service...
[    1.623880] [    T1] systemd[1]: Load Kernel Modules was skipped because no trigger condition checks were met.
[    1.641884] [    T1] systemd[1]: Starting Apply Kernel Variables...
[    1.651985] [    T1] systemd[1]: Starting Virtual Console Setup...
[    1.658506] [    T1] systemd[1]: Finished Create List of Static Device Nodes.
[    1.674622] [  T173] systemd-journald[173]: Collecting audit messages is disabled.
[    1.678560] [    T1] systemd[1]: Starting Create Static Device Nodes in /dev gracefully...
[    1.688557] [    T1] systemd[1]: Finished Apply Kernel Variables.
[    1.702517] [    T1] systemd[1]: Finished Create Static Device Nodes in /dev gracefully.
[    1.721821] [    T1] systemd[1]: Starting Create Static Device Nodes in /dev...
[    1.723893] [    T1] systemd[1]: Started Journal Service.
[    1.948410] [  T287] raid6: avx2x4   gen() 32886 MB/s
[    2.005082] [  T287] raid6: avx2x2   gen() 38375 MB/s
[    2.061741] [  T287] raid6: avx2x1   gen() 23388 MB/s
[    2.062937] [  T287] raid6: using algorithm avx2x2 gen() 38375 MB/s
[    2.118407] [  T287] raid6: .... xor() 30857 MB/s, rmw enabled
[    2.119664] [  T287] raid6: using avx2x2 recovery algorithm
[    2.122676] [  T287] xor: automatically using best checksumming function   avx       
[    2.244541] [  T287] Btrfs loaded, assert=on, zoned=yes, fsverity=yes
[    2.521669] [  T312] virtio_blk virtio4: 1/0/0 default/read/poll queues
[    2.548903] [  T312] virtio_blk virtio4: [vda] 62914560 512-byte logical blocks (32.2 GB/30.0 GiB)
[    2.555583] [  T307] cryptd: max_cpu_qlen set to 1000
[    2.572385] [  T313] FDC 0 is a S82078B
[    2.585431] [  T311] Console: switching to colour dummy device 80x25
[    2.588769] [  T315] ACPI: bus type USB registered
[    2.589692] [  T310] SCSI subsystem initialized
[    2.594960] [  T315] usbcore: registered new interface driver usbfs
[    2.596554] [  T311] bochs-drm 0000:00:02.0: vgaarb: deactivate vga console
[    2.597643] [  T311] [drm] Found bochs VGA, ID 0xb0c5.
[    2.598387] [  T311] [drm] Framebuffer size 16384 kB @ 0xfd000000, mmio @ 0xfebd8000.
[    2.600363] [  T307] AVX2 version of gcm_enc/dec engaged.
[    2.601163] [  T307] AES CTR mode by8 optimization enabled
[    2.603389] [  T315] usbcore: registered new interface driver hub
[    2.604287] [  T315] usbcore: registered new device driver usb
[    2.606058] [  T309] alua: device handler registered
[    2.608056] [  T309] rdac: device handler registered
[    2.618360] [  T311] [drm] Found EDID data blob.
[    2.619743] [  T310] emc: device handler registered
[    2.630442] [  T311] [drm] Initialized bochs-drm 1.0.0 20130925 for 0000:00:02.0 on minor 0
[    2.648094] [  T312]  vda: vda1 vda2 vda3
[    2.649353] [  T312] virtio_blk virtio5: 1/0/0 default/read/poll queues
[    2.650877] [  T312] virtio_blk virtio5: [vdb] 41943040 512-byte logical blocks (21.5 GB/20.0 GiB)
[    2.664390] [  T309] virtio_scsi virtio3: 1/0/0 default/read/poll queues
[    2.665423] [  T311] fbcon: bochs-drmdrmfb (fb0) is primary device
[    2.717730] [  T309] scsi host0: Virtio SCSI HBA
[    2.754809] [   T25] scsi 0:0:0:0: CD-ROM            QEMU     QEMU CD-ROM      2.5+ PQ: 0 ANSI: 5
[    2.765132] [  T310] libata version 3.00 loaded.
[    2.824592] [  T315] xhci_hcd 0000:00:06.0: xHCI Host Controller
[    2.824615] [  T315] xhci_hcd 0000:00:06.0: new USB bus registered, assigned bus number 1
[    2.824874] [  T315] xhci_hcd 0000:00:06.0: hcc params 0x00087001 hci version 0x100 quirks 0x0000000000000010
[    2.826640] [  T315] xhci_hcd 0000:00:06.0: xHCI Host Controller
[    2.826644] [  T315] xhci_hcd 0000:00:06.0: new USB bus registered, assigned bus number 2
[    2.826648] [  T315] xhci_hcd 0000:00:06.0: Host supports USB 3.0 SuperSpeed
[    2.826812] [  T315] usb usb1: New USB device found, idVendor=1d6b, idProduct=0002, bcdDevice= 6.09
[    2.826815] [  T315] usb usb1: New USB device strings: Mfr=3, Product=2, SerialNumber=1
[    2.826817] [  T315] usb usb1: Product: xHCI Host Controller
[    2.826819] [  T315] usb usb1: Manufacturer: Linux 6.9.1-1-default xhci-hcd
[    2.826820] [  T315] usb usb1: SerialNumber: 0000:00:06.0
[    2.827321] [  T315] hub 1-0:1.0: USB hub found
[    2.827396] [  T315] hub 1-0:1.0: 4 ports detected
[    2.832316] [  T315] usb usb2: We don't know the algorithms for LPM for this host, disabling LPM.
[    2.832406] [  T315] usb usb2: New USB device found, idVendor=1d6b, idProduct=0003, bcdDevice= 6.09
[    2.832409] [  T315] usb usb2: New USB device strings: Mfr=3, Product=2, SerialNumber=1
[    2.832410] [  T315] usb usb2: Product: xHCI Host Controller
[    2.832416] [  T315] usb usb2: Manufacturer: Linux 6.9.1-1-default xhci-hcd
[    2.832418] [  T315] usb usb2: SerialNumber: 0000:00:06.0
[    2.832677] [  T315] hub 2-0:1.0: USB hub found
[    2.832799] [  T315] hub 2-0:1.0: 4 ports detected
[    2.846159] [   T25] scsi 0:0:0:0: Attached scsi generic sg0 type 5
[    2.851152] [  T310] ata_piix 0000:00:01.1: version 2.13
[    2.875525] [  T310] scsi host1: ata_piix
[    2.877197] [  T310] scsi host2: ata_piix
[    2.877260] [  T310] ata1: PATA max MWDMA2 cmd 0x1f0 ctl 0x3f6 bmdma 0xc1c0 irq 14 lpm-pol 0
[    2.877263] [  T310] ata2: PATA max MWDMA2 cmd 0x170 ctl 0x376 bmdma 0xc1c8 irq 15 lpm-pol 0
[    2.884201] [  T311] Console: switching to colour frame buffer device 128x48
[    3.141072] [  T311] bochs-drm 0000:00:02.0: [drm] fb0: bochs-drmdrmfb frame buffer device
[    3.142196] [    C0] sr 0:0:0:0: Power-on or device reset occurred
[    3.155521] [  T317] sr 0:0:0:0: [sr0] scsi3-mmc drive: 16x/50x cd/rw xa/form2 cdda tray
[    3.156956] [  T317] cdrom: Uniform CD-ROM driver Revision: 3.20
[    3.175342] [  T317] sr 0:0:0:0: Attached scsi CD-ROM sr0
[    3.198483] [    T8] usb 1-1: new high-speed USB device number 2 using xhci_hcd
[    3.402407] [  T426] PM: Image not found (code -22)
[    3.425563] [    T8] usb 1-1: New USB device found, idVendor=0627, idProduct=0001, bcdDevice= 0.00
[    3.427306] [    T8] usb 1-1: New USB device strings: Mfr=1, Product=3, SerialNumber=10
[    3.428717] [    T8] usb 1-1: Product: QEMU USB Tablet
[    3.429695] [    T8] usb 1-1: Manufacturer: QEMU
[    3.430603] [    T8] usb 1-1: SerialNumber: 28754-0000:00:06.0-1
[    3.570685] [  T320] usbcore: registered new interface driver usbhid
[    3.571891] [  T320] usbhid: USB HID core driver
[    3.580152] [  T320] input: QEMU QEMU USB Tablet as /devices/pci0000:00/0000:00:06.0/usb1/1-1/1-1:1.0/0003:0627:0001.0001/input/input4
[    3.585848] [  T320] hid-generic 0003:0627:0001.0001: input,hidraw0: USB HID v0.01 Mouse [QEMU QEMU USB Tablet] on usb-0000:00:06.0-1/input0
[    3.724453] [  T454] BTRFS: device fsid e30f2f24-8ebe-4eb2-a3e4-7f94c08f2814 devid 1 transid 79 /dev/vda2 (254:2) scanned by mount (454)
[    3.839287] [  T454] BTRFS info (device vda2): first mount of filesystem e30f2f24-8ebe-4eb2-a3e4-7f94c08f2814
[    3.961630] [  T454] BTRFS info (device vda2): using crc32c (crc32c-intel) checksum algorithm
[    3.963269] [  T454] BTRFS info (device vda2): using free-space-tree
[    4.309451] [  T173] systemd-journald[173]: Received SIGTERM from PID 1 (systemd).
[    4.545091] [    T1] systemd[1]: systemd 255.6+suse.30.g3ea0e1dff3 running in system mode (+PAM +AUDIT +SELINUX +APPARMOR +IMA -SMACK +SECCOMP +GCRYPT +GNUTLS +OPENSSL +ACL +BLKID +CURL +ELFUTILS +FIDO2 +IDN2 -IDN +IPTC +KMOD +LIBCRYPTSETUP +LIBFDISK +PCRE2 +PWQUALITY +P11KIT +QRENCODE +TPM2 +BZIP2 +LZ4 +XZ +ZLIB +ZSTD +BPF_FRAMEWORK -XKBCOMMON -UTMP +SYSVINIT default-hierarchy=unified)
[    4.660049] [    T1] systemd[1]: Detected virtualization kvm.
[    4.661280] [    T1] systemd[1]: Detected architecture x86-64.
[    4.777449] [    T1] systemd[1]: Hostname set to <susetest>.
[    5.235097] [    T1] systemd[1]: bpf-lsm: LSM BPF program attached
[    5.462258] [    T1] systemd[1]: /usr/lib/systemd/system/plymouth-start.service:15: Unit uses KillMode=none. This is unsafe, as it disables systemd's process lifecycle management for the service. Please update the service to use a safer KillMode=, such as 'mixed' or 'control-group'. Support for KillMode=none is deprecated and will eventually be removed.
[    5.670124] [    T1] systemd[1]: initrd-switch-root.service: Deactivated successfully.
[    5.777988] [    T1] systemd[1]: Stopped Switch Root.
[    5.779911] [    T1] systemd[1]: systemd-journald.service: Scheduled restart job, restart counter is at 1.
[    5.781708] [    T1] systemd[1]: Created slice Slice /system/getty.
[    5.783166] [    T1] systemd[1]: Created slice Slice /system/modprobe.
[    5.784550] [    T1] systemd[1]: Created slice Slice /system/serial-getty.
[    5.785861] [    T1] systemd[1]: Created slice User and Session Slice.
[    5.787124] [    T1] systemd[1]: Set up automount Arbitrary Executable File Formats File System Automount Point.
[    5.788579] [    T1] systemd[1]: Expecting device /dev/disk/by-uuid/350ef8df-2937-4484-9b74-cdf0b1f4c465...
[    5.789940] [    T1] systemd[1]: Expecting device /dev/disk/by-uuid/e30f2f24-8ebe-4eb2-a3e4-7f94c08f2814...
[    5.791294] [    T1] systemd[1]: Expecting device /dev/hvc0...
[    5.792265] [    T1] systemd[1]: Expecting device /dev/hvc1...
[    5.793212] [    T1] systemd[1]: Expecting device /dev/ttyS0...
[    5.794186] [    T1] systemd[1]: Stopped target Switch Root.
[    5.795174] [    T1] systemd[1]: Stopped target Initrd File Systems.
[    5.796181] [    T1] systemd[1]: Stopped target Initrd Root File System.
[    5.797246] [    T1] systemd[1]: Reached target Local Integrity Protected Volumes.
[    5.798417] [    T1] systemd[1]: Reached target Remote File Systems.
[    5.799424] [    T1] systemd[1]: Reached target Slice Units.
[    5.800365] [    T1] systemd[1]: Reached target System Time Set.
[    5.801321] [    T1] systemd[1]: Reached target Timer Units.
[    5.802274] [    T1] systemd[1]: Reached target Local Verity Protected Volumes.
[    5.803437] [    T1] systemd[1]: Listening on Device-mapper event daemon FIFOs.
[    5.805609] [    T1] systemd[1]: Listening on Process Core Dump Socket.
[    5.919262] [    T1] systemd[1]: Listening on udev Control Socket.
[    5.920473] [    T1] systemd[1]: Listening on udev Kernel Socket.
[    6.018551] [    T1] systemd[1]: Mounting Huge Pages File System...
[    6.021803] [    T1] systemd[1]: Mounting POSIX Message Queue File System...
[    6.024145] [    T1] systemd[1]: Mounting Kernel Debug File System...
[    6.138239] [    T1] systemd[1]: Mounting Kernel Trace File System...
[    6.155707] [    T1] systemd[1]: Starting Create List of Static Device Nodes...
[    6.163255] [    T1] systemd[1]: Starting Load Kernel Module configfs...
[    6.168519] [    T1] systemd[1]: Starting Load Kernel Module dm_mod...
[    6.176085] [    T1] systemd[1]: Starting Load Kernel Module drm...
[    6.184646] [    T1] systemd[1]: Starting Load Kernel Module efi_pstore...
[    6.286211] [    T1] systemd[1]: Starting Load Kernel Module fuse...
[    6.381625] [  T523] device-mapper: uevent: version 1.0.3
[    6.382658] [    T1] systemd[1]: Starting Load Kernel Module loop...
[    6.388527] [    T1] systemd[1]: plymouth-start.service: Deactivated successfully.
[    6.389682] [    T1] systemd[1]: plymouth-start.service: Unit process 448 (plymouthd) remains running after unit stopped.
[    6.391254] [    T1] systemd[1]: Stopped Show Plymouth Boot Screen.
[    6.393425] [    T1] systemd[1]: Dispatch Password Requests to Console Directory Watch was skipped because of an unmet condition check (ConditionPathExists=!/run/plymouth/pid).
[    6.395951] [    T1] systemd[1]: Reached target Local Encrypted Volumes.
[    6.397213] [    T1] systemd[1]: plymouth-switch-root.service: Deactivated successfully.
[    6.398790] [  T523] device-mapper: ioctl: 4.48.0-ioctl (2023-03-01) initialised: dm-devel@lists.linux.dev
[    6.401299] [    T1] systemd[1]: Stopped Plymouth switch root service.
[    6.402838] [    T1] systemd[1]: systemd-fsck-root.service: Deactivated successfully.
[    6.404423] [    T1] systemd[1]: Stopped File System Check on Root Device.
[    6.415249] [    T1] systemd[1]: Starting Journal Service...
[    6.416551] [    T1] systemd[1]: Load Kernel Modules was skipped because no trigger condition checks were met.
[    6.531855] [    T1] systemd[1]: Apply Kernel Variables for 6.9.1-1-default from /boot was skipped because of an unmet condition check (ConditionPathExists=!/usr/lib/modules/6.9.1-1-default/sysctl.conf).
[    6.537043] [  T526] fuse: init (API version 7.40)
[    6.544865] [  T528] systemd-journald[528]: Collecting audit messages is disabled.
[    6.553247] [  T527] loop: module loaded
[    6.670361] [    T1] systemd[1]: Starting Apply Kernel Variables for 6.9.1-1-default...
[    6.676493] [    T1] systemd[1]: Starting Remount Root and Kernel File Systems...
[    6.688180] [    T1] systemd[1]: Starting Coldplug All udev Devices...
[    6.806101] [    T1] systemd[1]: Started Journal Service.
[    7.379264] [  T577] input: Power Button as /devices/LNXSYSTM:00/LNXPWRBN:00/input/input5
[    7.470390] [  T562] piix4_smbus 0000:00:01.3: SMBus Host Controller at 0x700, revision 0
[    7.484848] [  T577] ACPI: button: Power Button [PWRF]
[    7.523404] [  T563] input: PC Speaker as /devices/platform/pcspkr/input/input6
[    7.558821] [  T580] parport_pc 00:03: reported by Plug and Play ACPI
[    7.581927] [  T580] parport0: PC-style at 0x378, irq 7 [PCSPP,TRISTATE]
[    7.629804] [  T592] Adding 2098152k swap on /dev/vda3.  Priority:-2 extents:1 across:2098152k 
[    7.788458] [  T562] ppdev: user-space parallel port driver
[    7.790595] [  T581] virtio_net virtio0 ens4: renamed from eth0
[    7.937801] [  T561] kvm_amd: Nested Virtualization enabled
[    7.938749] [  T561] kvm_amd: Nested Paging enabled
[    8.035705] [  T630] snd_hda_codec_generic hdaudioC0D0: autoconfig for Generic: line_outs=1 (0x3/0x0/0x0/0x0/0x0) type:line
[    8.037181] [  T630] snd_hda_codec_generic hdaudioC0D0:    speaker_outs=0 (0x0/0x0/0x0/0x0/0x0)
[    8.038411] [  T630] snd_hda_codec_generic hdaudioC0D0:    hp_outs=0 (0x0/0x0/0x0/0x0/0x0)
[    8.039568] [  T630] snd_hda_codec_generic hdaudioC0D0:    mono: mono_out=0x0
[    8.040618] [  T630] snd_hda_codec_generic hdaudioC0D0:    inputs:
[    8.286351] [  T528] systemd-journald[528]: Received client request to flush runtime journal.
[    8.480156] [   T26] audit: type=1400 audit(1716893454.783:2): apparmor="STATUS" operation="profile_load" profile="unconfined" name="1password" pid=704 comm="apparmor_parser"
[    8.572403] [  T528] systemd-journald[528]: /var/log/journal/7062d280e68545b4bbac56f3fbdd7520/system.journal: Journal file uses a different sequence number ID, rotating.
[    8.574623] [  T528] systemd-journald[528]: Rotating system journal.
[    8.579867] [   T26] audit: type=1400 audit(1716893454.883:3): apparmor="STATUS" operation="profile_load" profile="unconfined" name="Discord" pid=706 comm="apparmor_parser"
[    8.689796] [   T26] audit: type=1400 audit(1716893454.993:4): apparmor="STATUS" operation="profile_load" profile="unconfined" name=4D6F6E676F444220436F6D70617373 pid=708 comm="apparmor_parser"
[    8.694009] [   T26] audit: type=1400 audit(1716893454.996:5): apparmor="STATUS" operation="profile_load" profile="unconfined" name="QtWebEngineProcess" pid=709 comm="apparmor_parser"
[    8.800434] [   T26] audit: type=1400 audit(1716893455.103:6): apparmor="STATUS" operation="profile_load" profile="unconfined" name="ping" pid=710 comm="apparmor_parser"
[    8.902243] [   T26] audit: type=1400 audit(1716893455.206:7): apparmor="STATUS" operation="profile_load" profile="unconfined" name="brave" pid=712 comm="apparmor_parser"
[    8.918420] [   T26] audit: type=1400 audit(1716893455.219:8): apparmor="STATUS" operation="profile_load" profile="unconfined" name="buildah" pid=713 comm="apparmor_parser"
[    8.928576] [   T26] audit: type=1400 audit(1716893455.226:9): apparmor="STATUS" operation="profile_load" profile="unconfined" name="busybox" pid=715 comm="apparmor_parser"
[    8.932021] [   T26] audit: type=1400 audit(1716893455.233:10): apparmor="STATUS" operation="profile_load" profile="unconfined" name="cam" pid=716 comm="apparmor_parser"
[    8.937824] [   T26] audit: type=1400 audit(1716893455.239:11): apparmor="STATUS" operation="profile_load" profile="unconfined" name="ch-checkns" pid=717 comm="apparmor_parser"
[   10.772742] [ T1048] NET: Registered PF_PACKET protocol family
[   13.675055] [    C0] clocksource: Long readout interval, skipping watchdog check: cs_nsec: 1272263872 wd_nsec: 506661611
[   28.721857] [T11934] evm: overlay not supported
[   32.653018] [T12069] bridge: filtering via arp/ip/ip6tables is no longer available by default. Update your scripts to load br_netfilter if you need this.
[   32.746513] [T12066] podman0: port 1(veth0) entered blocking state
[   32.747570] [T12066] podman0: port 1(veth0) entered disabled state
[   32.749493] [T12066] veth0: entered allmulticast mode
[   32.750451] [T12066] veth0: entered promiscuous mode
[   32.753645] [T12066] podman0: port 1(veth0) entered blocking state
[   32.754682] [T12066] podman0: port 1(veth0) entered forwarding state
[   32.755737] [  T132] podman0: port 1(veth0) entered disabled state
[   32.767322] [  T384] podman0: port 1(veth0) entered blocking state
[   32.768333] [  T384] podman0: port 1(veth0) entered forwarding state
[   33.181460] [T12190] podman0: port 2(veth1) entered blocking state
[   33.182534] [T12190] podman0: port 2(veth1) entered disabled state
[   33.270754] [T12190] veth1: entered allmulticast mode
[   33.272380] [T12190] veth1: entered promiscuous mode
[   33.273955] [T12190] podman0: port 2(veth1) entered blocking state
[   33.274948] [T12190] podman0: port 2(veth1) entered forwarding state
[   33.520150] [T12246] podman0: port 3(veth2) entered blocking state
[   33.521209] [T12246] podman0: port 3(veth2) entered disabled state
[   33.600419] [T12246] veth2: entered allmulticast mode
[   33.607392] [T12246] veth2: entered promiscuous mode
[   33.608512] [T12246] podman0: port 3(veth2) entered blocking state
[   33.609431] [T12246] podman0: port 3(veth2) entered forwarding state
[   33.917001] [T12306] podman1: port 1(veth3) entered blocking state
[   33.918033] [T12306] podman1: port 1(veth3) entered disabled state
[   33.999292] [T12306] veth3: entered allmulticast mode
[   34.000213] [T12306] veth3: entered promiscuous mode
[   34.001294] [T12306] podman1: port 1(veth3) entered blocking state
[   34.002192] [T12306] podman1: port 1(veth3) entered forwarding state
[   34.294850] [T12391] podman2: port 1(veth4) entered blocking state
[   34.295851] [T12391] podman2: port 1(veth4) entered disabled state
[   34.376218] [T12391] veth4: entered allmulticast mode
[   34.377061] [T12391] veth4: entered promiscuous mode
[   34.402270] [    T7] podman2: port 1(veth4) entered blocking state
[   34.403182] [    T7] podman2: port 1(veth4) entered forwarding state
[   34.685380] [T12478] podman2: port 2(veth5) entered blocking state
[   34.686478] [T12478] podman2: port 2(veth5) entered disabled state
[   34.764023] [T12478] veth5: entered allmulticast mode
[   34.765474] [T12478] veth5: entered promiscuous mode
[   34.766474] [T12478] podman2: port 2(veth5) entered blocking state
[   34.767357] [T12478] podman2: port 2(veth5) entered forwarding state
[   35.091523] [T12556] podman2: port 1(veth4) entered disabled state
[   35.170501] [T12556] veth4 (unregistering): left allmulticast mode
[   35.171471] [T12556] veth4 (unregistering): left promiscuous mode
[   35.172359] [T12556] podman2: port 1(veth4) entered disabled state
[   35.361331] [T12591] podman2: port 2(veth5) entered disabled state
[   35.440963] [T12591] veth5 (unregistering): left allmulticast mode
[   35.441883] [T12591] veth5 (unregistering): left promiscuous mode
[   35.442742] [T12591] podman2: port 2(veth5) entered disabled state
[   35.614070] [T12591] podman0: port 3(veth2) entered disabled state
[   35.693187] [T12591] veth2 (unregistering): left allmulticast mode
[   35.694063] [T12591] veth2 (unregistering): left promiscuous mode
[   35.694935] [T12591] podman0: port 3(veth2) entered disabled state
[   35.800739] [T12654] podman2: port 1(veth2) entered blocking state
[   35.801673] [T12654] podman2: port 1(veth2) entered disabled state
[   35.802571] [T12654] veth2: entered allmulticast mode
[   35.803414] [T12654] veth2: entered promiscuous mode
[   35.804447] [T12654] podman2: port 1(veth2) entered blocking state
[   35.805310] [T12654] podman2: port 1(veth2) entered forwarding state
[   36.066036] [T12654] podman0: port 3(veth4) entered blocking state
[   36.066984] [T12654] podman0: port 3(veth4) entered disabled state
[   36.145023] [T12654] veth4: entered allmulticast mode
[   36.145840] [T12654] veth4: entered promiscuous mode
[   36.146787] [T12654] podman0: port 3(veth4) entered blocking state
[   36.147636] [T12654] podman0: port 3(veth4) entered forwarding state
