[    0.000000] [    T0] Linux version 6.9.1-1-default (geeko@buildhost) (gcc (SUSE Linux) 13.2.1 20240509 [revision b7a2697733d19a093cbdd0e200ffce069a4bc812], GNU ld (GNU Binutils; openSUSE Tumbleweed) 2.42.0.20240130-3) #1 SMP PREEMPT_DYNAMIC Fri May 17 11:59:46 UTC 2024 (0c0b0b5)
[    0.000000] [    T0] Command line: BOOT_IMAGE=/boot/vmlinuz-6.9.1-1-default root=UUID=e30f2f24-8ebe-4eb2-a3e4-7f94c08f2814 splash=silent video=1024x768 plymouth.ignore-serial-consoles console=ttyS0 console=tty kernel.softlockup_panic=1 resume=/dev/disk/by-uuid/350ef8df-2937-4484-9b74-cdf0b1f4c465 security=apparmor mitigations=auto
[    0.000000] [    T0] BIOS-provided physical RAM map:
[    0.000000] [    T0] BIOS-e820: [mem 0x0000000000000000-0x000000000009fbff] usable
[    0.000000] [    T0] BIOS-e820: [mem 0x000000000009fc00-0x000000000009ffff] reserved
[    0.000000] [    T0] BIOS-e820: [mem 0x00000000000f0000-0x00000000000fffff] reserved
[    0.000000] [    T0] BIOS-e820: [mem 0x0000000000100000-0x000000007ffd5fff] usable
[    0.000000] [    T0] BIOS-e820: [mem 0x000000007ffd6000-0x000000007fffffff] reserved
[    0.000000] [    T0] BIOS-e820: [mem 0x00000000feffc000-0x00000000feffffff] reserved
[    0.000000] [    T0] BIOS-e820: [mem 0x00000000fffc0000-0x00000000ffffffff] reserved
[    0.000000] [    T0] BIOS-e820: [mem 0x000000fd00000000-0x000000ffffffffff] reserved
[    0.000000] [    T0] NX (Execute Disable) protection: active
[    0.000000] [    T0] APIC: Static calls initialized
[    0.000000] [    T0] SMBIOS 2.8 present.
[    0.000000] [    T0] DMI: QEMU Standard PC (i440FX + PIIX, 1996), BIOS rel-1.16.0-0-gd239552c-rebuilt.opensuse.org 04/01/2014
[    0.000000] [    T0] Hypervisor detected: KVM
[    0.000000] [    T0] kvm-clock: Using msrs 4b564d01 and 4b564d00
[    0.000000] [    T0] kvm-clock: using sched offset of 5528908833 cycles
[    0.000001] [    T0] clocksource: kvm-clock: mask: 0xffffffffffffffff max_cycles: 0x1cd42e4dffb, max_idle_ns: 881590591483 ns
[    0.000003] [    T0] tsc: Detected 2199.998 MHz processor
[    0.000912] [    T0] e820: update [mem 0x00000000-0x00000fff] usable ==> reserved
[    0.000915] [    T0] e820: remove [mem 0x000a0000-0x000fffff] usable
[    0.000918] [    T0] last_pfn = 0x7ffd6 max_arch_pfn = 0x400000000
[    0.000973] [    T0] MTRR map: 4 entries (3 fixed + 1 variable; max 19), built from 8 variable MTRRs
[    0.000976] [    T0] x86/PAT: Configuration [0-7]: WB  WC  UC- UC  WB  WP  UC- WT  
[    0.003260] [    T0] found SMP MP-table at [mem 0x000f5b40-0x000f5b4f]
[    0.003270] [    T0] Using GB pages for direct mapping
[    0.003379] [    T0] RAMDISK: [mem 0x34e37000-0x36712fff]
[    0.003384] [    T0] ACPI: Early table checksum verification disabled
[    0.003386] [    T0] ACPI: RSDP 0x00000000000F5960 000014 (v00 BOCHS )
[    0.003396] [    T0] ACPI: RSDT 0x000000007FFE18F4 000034 (v01 BOCHS  BXPC     00000001 BXPC 00000001)
[    0.003400] [    T0] ACPI: FACP 0x000000007FFE17A8 000074 (v01 BOCHS  BXPC     00000001 BXPC 00000001)
[    0.003404] [    T0] ACPI: DSDT 0x000000007FFE0040 001768 (v01 BOCHS  BXPC     00000001 BXPC 00000001)
[    0.003406] [    T0] ACPI: FACS 0x000000007FFE0000 000040
[    0.003408] [    T0] ACPI: APIC 0x000000007FFE181C 000078 (v01 BOCHS  BXPC     00000001 BXPC 00000001)
[    0.003410] [    T0] ACPI: HPET 0x000000007FFE1894 000038 (v01 BOCHS  BXPC     00000001 BXPC 00000001)
[    0.003412] [    T0] ACPI: WAET 0x000000007FFE18CC 000028 (v01 BOCHS  BXPC     00000001 BXPC 00000001)
[    0.003414] [    T0] ACPI: Reserving FACP table memory at [mem 0x7ffe17a8-0x7ffe181b]
[    0.003415] [    T0] ACPI: Reserving DSDT table memory at [mem 0x7ffe0040-0x7ffe17a7]
[    0.003416] [    T0] ACPI: Reserving FACS table memory at [mem 0x7ffe0000-0x7ffe003f]
[    0.003417] [    T0] ACPI: Reserving APIC table memory at [mem 0x7ffe181c-0x7ffe1893]
[    0.003418] [    T0] ACPI: Reserving HPET table memory at [mem 0x7ffe1894-0x7ffe18cb]
[    0.003418] [    T0] ACPI: Reserving WAET table memory at [mem 0x7ffe18cc-0x7ffe18f3]
[    0.003733] [    T0] No NUMA configuration found
[    0.003734] [    T0] Faking a node at [mem 0x0000000000000000-0x000000007ffd5fff]
[    0.003742] [    T0] NODE_DATA(0) allocated [mem 0x7ffab000-0x7ffd5fff]
[    0.003952] [    T0] Zone ranges:
[    0.003952] [    T0]   DMA      [mem 0x0000000000001000-0x0000000000ffffff]
[    0.003954] [    T0]   DMA32    [mem 0x0000000001000000-0x000000007ffd5fff]
[    0.003955] [    T0]   Normal   empty
[    0.003956] [    T0]   Device   empty
[    0.003957] [    T0] Movable zone start for each node
[    0.003959] [    T0] Early memory node ranges
[    0.003959] [    T0]   node   0: [mem 0x0000000000001000-0x000000000009efff]
[    0.003960] [    T0]   node   0: [mem 0x0000000000100000-0x000000007ffd5fff]
[    0.003961] [    T0] Initmem setup node 0 [mem 0x0000000000001000-0x000000007ffd5fff]
[    0.003969] [    T0] On node 0, zone DMA: 1 pages in unavailable ranges
[    0.003997] [    T0] On node 0, zone DMA: 97 pages in unavailable ranges
[    0.004509] [    T0] On node 0, zone DMA32: 42 pages in unavailable ranges
[    0.005025] [    T0] ACPI: PM-Timer IO Port: 0x608
[    0.005033] [    T0] ACPI: LAPIC_NMI (acpi_id[0xff] dfl dfl lint[0x1])
[    0.005063] [    T0] IOAPIC[0]: apic_id 0, version 17, address 0xfec00000, GSI 0-23
[    0.005065] [    T0] ACPI: INT_SRC_OVR (bus 0 bus_irq 0 global_irq 2 dfl dfl)
[    0.005066] [    T0] ACPI: INT_SRC_OVR (bus 0 bus_irq 5 global_irq 5 high level)
[    0.005067] [    T0] ACPI: INT_SRC_OVR (bus 0 bus_irq 9 global_irq 9 high level)
[    0.005068] [    T0] ACPI: INT_SRC_OVR (bus 0 bus_irq 10 global_irq 10 high level)
[    0.005069] [    T0] ACPI: INT_SRC_OVR (bus 0 bus_irq 11 global_irq 11 high level)
[    0.005072] [    T0] ACPI: Using ACPI (MADT) for SMP configuration information
[    0.005073] [    T0] ACPI: HPET id: 0x8086a201 base: 0xfed00000
[    0.005075] [    T0] TSC deadline timer available
[    0.005079] [    T0] CPU topo: Max. logical packages:   1
[    0.005079] [    T0] CPU topo: Max. logical dies:       1
[    0.005080] [    T0] CPU topo: Max. dies per package:   1
[    0.005084] [    T0] CPU topo: Max. threads per core:   1
[    0.005085] [    T0] CPU topo: Num. cores per package:     1
[    0.005085] [    T0] CPU topo: Num. threads per package:   1
[    0.005086] [    T0] CPU topo: Allowing 1 present CPUs plus 0 hotplug CPUs
[    0.005099] [    T0] kvm-guest: APIC: eoi() replaced with kvm_guest_apic_eoi_write()
[    0.005118] [    T0] PM: hibernation: Registered nosave memory: [mem 0x00000000-0x00000fff]
[    0.005120] [    T0] PM: hibernation: Registered nosave memory: [mem 0x0009f000-0x0009ffff]
[    0.005120] [    T0] PM: hibernation: Registered nosave memory: [mem 0x000a0000-0x000effff]
[    0.005121] [    T0] PM: hibernation: Registered nosave memory: [mem 0x000f0000-0x000fffff]
[    0.005122] [    T0] [mem 0x80000000-0xfeffbfff] available for PCI devices
[    0.005123] [    T0] Booting paravirtualized kernel on KVM
[    0.005124] [    T0] clocksource: refined-jiffies: mask: 0xffffffff max_cycles: 0xffffffff, max_idle_ns: 6370452778343963 ns
[    0.009791] [    T0] setup_percpu: NR_CPUS:8192 nr_cpumask_bits:1 nr_cpu_ids:1 nr_node_ids:1
[    0.009988] [    T0] percpu: Embedded 72 pages/cpu s258048 r8192 d28672 u2097152
[    0.009992] [    T0] pcpu-alloc: s258048 r8192 d28672 u2097152 alloc=1*2097152
[    0.009994] [    T0] pcpu-alloc: [0] 0 
[    0.010023] [    T0] kvm-guest: PV spinlocks disabled, single CPU
[    0.010025] [    T0] Kernel command line: BOOT_IMAGE=/boot/vmlinuz-6.9.1-1-default root=UUID=e30f2f24-8ebe-4eb2-a3e4-7f94c08f2814 splash=silent video=1024x768 plymouth.ignore-serial-consoles console=ttyS0 console=tty kernel.softlockup_panic=1 resume=/dev/disk/by-uuid/350ef8df-2937-4484-9b74-cdf0b1f4c465 security=apparmor mitigations=auto
[    0.010139] [    T0] Unknown kernel command line parameters "BOOT_IMAGE=/boot/vmlinuz-6.9.1-1-default splash=silent", will be passed to user space.
[    0.010156] [    T0] random: crng init done
[    0.010348] [    T0] Dentry cache hash table entries: 262144 (order: 9, 2097152 bytes, linear)
[    0.010403] [    T0] Inode-cache hash table entries: 131072 (order: 8, 1048576 bytes, linear)
[    0.010421] [    T0] Fallback order for Node 0: 0 
[    0.010423] [    T0] Built 1 zonelists, mobility grouping on.  Total pages: 515798
[    0.010424] [    T0] Policy zone: DMA32
[    0.010425] [    T0] mem auto-init: stack:off, heap alloc:off, heap free:off
[    0.011142] [    T0] Memory: 260860K/2096592K available (16384K kernel code, 3000K rwdata, 13020K rodata, 4224K init, 4384K bss, 109628K reserved, 0K cma-reserved)
[    0.011317] [    T0] SLUB: HWalign=64, Order=0-3, MinObjects=0, CPUs=1, Nodes=1
[    0.011344] [    T0] ftrace: allocating 47505 entries in 186 pages
[    0.018692] [    T0] ftrace: allocated 186 pages with 5 groups
[    0.019205] [    T0] Dynamic Preempt: voluntary
[    0.019227] [    T0] rcu: Preemptible hierarchical RCU implementation.
[    0.019228] [    T0] rcu: 	RCU event tracing is enabled.
[    0.019228] [    T0] rcu: 	RCU restricting CPUs from NR_CPUS=8192 to nr_cpu_ids=1.
[    0.019229] [    T0] 	Trampoline variant of Tasks RCU enabled.
[    0.019229] [    T0] 	Rude variant of Tasks RCU enabled.
[    0.019230] [    T0] 	Tracing variant of Tasks RCU enabled.
[    0.019230] [    T0] rcu: RCU calculated value of scheduler-enlistment delay is 30 jiffies.
[    0.019231] [    T0] rcu: Adjusting geometry for rcu_fanout_leaf=16, nr_cpu_ids=1
[    0.019238] [    T0] RCU Tasks: Setting shift to 0 and lim to 1 rcu_task_cb_adjust=1.
[    0.019239] [    T0] RCU Tasks Rude: Setting shift to 0 and lim to 1 rcu_task_cb_adjust=1.
[    0.019240] [    T0] RCU Tasks Trace: Setting shift to 0 and lim to 1 rcu_task_cb_adjust=1.
[    0.022895] [    T0] NR_IRQS: 524544, nr_irqs: 256, preallocated irqs: 16
[    0.023087] [    T0] rcu: srcu_init: Setting srcu_struct sizes based on contention.
[    0.023130] [    T0] Console: colour dummy device 80x25
[    0.023132] [    T0] printk: legacy console [tty0] enabled
[    0.023381] [    T0] printk: legacy console [ttyS0] enabled
[    0.152103] [    T0] ACPI: Core revision 20230628
[    0.152920] [    T0] clocksource: hpet: mask: 0xffffffff max_cycles: 0xffffffff, max_idle_ns: 19112604467 ns
[    0.154473] [    T0] APIC: Switch to symmetric I/O mode setup
[    0.155600] [    T0] x2apic enabled
[    0.156455] [    T0] APIC: Switched APIC routing to: physical x2apic
[    0.158812] [    T0] ..TIMER: vector=0x30 apic1=0 pin1=2 apic2=-1 pin2=-1
[    0.159830] [    T0] clocksource: tsc-early: mask: 0xffffffffffffffff max_cycles: 0x1fb63109b96, max_idle_ns: 440795265316 ns
[    0.161494] [    T0] Calibrating delay loop (skipped) preset value.. 4401.32 BogoMIPS (lpj=7333326)
[    0.162915] [    T0] x86/cpu: User Mode Instruction Prevention (UMIP) activated
[    0.164085] [    T0] Last level iTLB entries: 4KB 512, 2MB 255, 4MB 127
[    0.164828] [    T0] Last level dTLB entries: 4KB 512, 2MB 255, 4MB 127, 1GB 0
[    0.165873] [    T0] Spectre V1 : Mitigation: usercopy/swapgs barriers and __user pointer sanitization
[    0.167216] [    T0] Spectre V2 : Mitigation: Retpolines
[    0.168161] [    T0] Spectre V2 : Spectre v2 / SpectreRSB mitigation: Filling RSB on context switch
[    0.169457] [    T0] Spectre V2 : Spectre v2 / SpectreRSB : Filling RSB on VMEXIT
[    0.170529] [    T0] Spectre V2 : Enabling Restricted Speculation for firmware calls
[    0.171495] [    T0] Spectre V2 : mitigation: Enabling conditional Indirect Branch Prediction Barrier
[    0.172822] [    T0] Speculative Store Bypass: Mitigation: Speculative Store Bypass disabled via prctl
[    0.174156] [    T0] Speculative Return Stack Overflow: IBPB-extending microcode not applied!
[    0.174827] [    T0] Speculative Return Stack Overflow: WARNING: See https://kernel.org/doc/html/latest/admin-guide/hw-vuln/srso.html for mitigation options.
[    0.174828] [    T0] Speculative Return Stack Overflow: Vulnerable: Safe RET, no microcode
[    0.178182] [    T0] x86/fpu: Supporting XSAVE feature 0x001: 'x87 floating point registers'
[    0.179385] [    T0] x86/fpu: Supporting XSAVE feature 0x002: 'SSE registers'
[    0.181496] [    T0] x86/fpu: Supporting XSAVE feature 0x004: 'AVX registers'
[    0.182784] [    T0] x86/fpu: Supporting XSAVE feature 0x200: 'Protection Keys User registers'
[    0.184312] [    T0] x86/fpu: xstate_offset[2]:  576, xstate_sizes[2]:  256
[    0.184828] [    T0] x86/fpu: xstate_offset[9]:  832, xstate_sizes[9]:    8
[    0.186065] [    T0] x86/fpu: Enabled xstate features 0x207, context size is 840 bytes, using 'compacted' format.
[    0.212351] [    T0] Freeing SMP alternatives memory: 40K
[    0.213182] [    T0] pid_max: default: 32768 minimum: 301
[    0.213995] [    T0] LSM: initializing lsm=lockdown,capability,landlock,yama,apparmor,bpf,ima,evm
[    0.214843] [    T0] landlock: Up and running.
[    0.215498] [    T0] Yama: becoming mindful.
[    0.216197] [    T0] AppArmor: AppArmor initialized
[    0.216901] [    T0] LSM support for eBPF active
[    0.217598] [    T0] Mount-cache hash table entries: 4096 (order: 3, 32768 bytes, linear)
[    0.218171] [    T0] Mountpoint-cache hash table entries: 4096 (order: 3, 32768 bytes, linear)
[    0.219724] [    T1] smpboot: CPU0: AMD EPYC 7773X 64-Core Processor (family: 0x19, model: 0x1, stepping: 0x2)
[    0.221433] [    T1] Performance Events: Fam17h+ core perfctr, AMD PMU driver.
[    0.221493] [    T1] ... version:                0
[    0.221498] [    T1] ... bit width:              48
[    0.222199] [    T1] ... generic registers:      6
[    0.222887] [    T1] ... value mask:             0000ffffffffffff
[    0.223762] [    T1] ... max period:             00007fffffffffff
[    0.224656] [    T1] ... fixed-purpose events:   0
[    0.224831] [    T1] ... event mask:             000000000000003f
[    0.225799] [    T1] signal: max sigframe size: 3376
[    0.226561] [    T1] rcu: Hierarchical SRCU implementation.
[    0.227371] [    T1] rcu: 	Max phase no-delay instances is 1000.
[    0.230751] [    T1] smp: Bringing up secondary CPUs ...
[    0.231506] [    T1] smp: Brought up 1 node, 1 CPU
[    0.232210] [    T1] smpboot: Total of 1 processors activated (4401.32 BogoMIPS)
[    0.238551] [   T22] node 0 deferred pages initialised in 7ms
[    0.239527] [    T1] devtmpfs: initialized
[    0.240174] [    T1] x86/mm: Memory block size: 128MB
[    0.241591] [    T1] clocksource: jiffies: mask: 0xffffffff max_cycles: 0xffffffff, max_idle_ns: 6370867519511994 ns
[    0.243107] [    T1] futex hash table entries: 256 (order: 2, 16384 bytes, linear)
[    0.244251] [    T1] pinctrl core: initialized pinctrl subsystem
[    0.244974] [    T1] PM: RTC time: 10:50:46, date: 2024-05-28
[    0.246315] [    T1] NET: Registered PF_NETLINK/PF_ROUTE protocol family
[    0.247472] [    T1] DMA: preallocated 256 KiB GFP_KERNEL pool for atomic allocations
[    0.248229] [    T1] DMA: preallocated 256 KiB GFP_KERNEL|GFP_DMA pool for atomic allocations
[    0.249461] [    T1] DMA: preallocated 256 KiB GFP_KERNEL|GFP_DMA32 pool for atomic allocations
[    0.250716] [    T1] audit: initializing netlink subsys (disabled)
[    0.251531] [   T26] audit: type=2000 audit(1716893447.276:1): state=initialized audit_enabled=0 res=1
[    0.252971] [    T1] thermal_sys: Registered thermal governor 'fair_share'
[    0.252973] [    T1] thermal_sys: Registered thermal governor 'bang_bang'
[    0.253960] [    T1] thermal_sys: Registered thermal governor 'step_wise'
[    0.254836] [    T1] thermal_sys: Registered thermal governor 'user_space'
[    0.255816] [    T1] cpuidle: using governor ladder
[    0.257488] [    T1] cpuidle: using governor menu
[    0.258859] [    T1] acpiphp: ACPI Hot Plug PCI Controller Driver version: 0.5
[    0.260059] [    T1] PCI: Using configuration type 1 for base access
[    0.260984] [    T1] PCI: Using configuration type 1 for extended access
[    0.261668] [    T1] kprobes: kprobe jump-optimization is enabled. All kprobes are optimized if possible.
[    0.291053] [    T1] HugeTLB: registered 1.00 GiB page size, pre-allocated 0 pages
[    0.291498] [    T1] HugeTLB: 16380 KiB vmemmap can be freed for a 1.00 GiB page
[    0.292572] [    T1] HugeTLB: registered 2.00 MiB page size, pre-allocated 0 pages
[    0.293657] [    T1] HugeTLB: 28 KiB vmemmap can be freed for a 2.00 MiB page
[    0.294790] [    T1] Demotion targets for Node 0: null
[    0.295115] [    T1] ACPI: Added _OSI(Module Device)
[    0.295836] [    T1] ACPI: Added _OSI(Processor Device)
[    0.296584] [    T1] ACPI: Added _OSI(3.0 _SCP Extensions)
[    0.297381] [    T1] ACPI: Added _OSI(Processor Aggregator Device)
[    0.299652] [    T1] ACPI: 1 ACPI AML tables successfully acquired and loaded
[    0.301554] [    T1] ACPI: _OSC evaluation for CPUs failed, trying _PDC
[    0.302716] [    T1] ACPI: Interpreter enabled
[    0.303368] [    T1] ACPI: PM: (supports S0 S3 S4 S5)
[    0.304092] [    T1] ACPI: Using IOAPIC for interrupt routing
[    0.305026] [    T1] PCI: Using host bridge windows from ACPI; if necessary, use "pci=nocrs" and report a bug
[    0.306449] [    T1] PCI: Using E820 reservations for host bridge windows
[    0.307577] [    T1] ACPI: Enabled 2 GPEs in block 00 to 0F
[    0.311966] [    T1] ACPI: PCI Root Bridge [PCI0] (domain 0000 [bus 00-ff])
[    0.312993] [    T1] acpi PNP0A03:00: _OSC: OS supports [ExtendedConfig ASPM ClockPM Segments MSI EDR HPX-Type3]
[    0.314975] [    T1] acpiphp: Slot [3] registered
[    0.315678] [    T1] acpiphp: Slot [4] registered
[    0.316375] [    T1] acpiphp: Slot [5] registered
[    0.317087] [    T1] acpiphp: Slot [6] registered
[    0.317785] [    T1] acpiphp: Slot [7] registered
[    0.318186] [    T1] acpiphp: Slot [8] registered
[    0.318885] [    T1] acpiphp: Slot [9] registered
[    0.319598] [    T1] acpiphp: Slot [10] registered
[    0.320317] [    T1] acpiphp: Slot [11] registered
[    0.321037] [    T1] acpiphp: Slot [12] registered
[    0.321520] [    T1] acpiphp: Slot [13] registered
[    0.322231] [    T1] acpiphp: Slot [14] registered
[    0.322941] [    T1] acpiphp: Slot [15] registered
[    0.323643] [    T1] acpiphp: Slot [16] registered
[    0.324352] [    T1] acpiphp: Slot [17] registered
[    0.324850] [    T1] acpiphp: Slot [18] registered
[    0.325553] [    T1] acpiphp: Slot [19] registered
[    0.326256] [    T1] acpiphp: Slot [20] registered
[    0.326966] [    T1] acpiphp: Slot [21] registered
[    0.327679] [    T1] acpiphp: Slot [22] registered
[    0.328188] [    T1] acpiphp: Slot [23] registered
[    0.328891] [    T1] acpiphp: Slot [24] registered
[    0.329593] [    T1] acpiphp: Slot [25] registered
[    0.330294] [    T1] acpiphp: Slot [26] registered
[    0.330997] [    T1] acpiphp: Slot [27] registered
[    0.331518] [    T1] acpiphp: Slot [28] registered
[    0.332221] [    T1] acpiphp: Slot [29] registered
[    0.332925] [    T1] acpiphp: Slot [30] registered
[    0.333636] [    T1] acpiphp: Slot [31] registered
[    0.334331] [    T1] PCI host bridge to bus 0000:00
[    0.334832] [    T1] pci_bus 0000:00: root bus resource [io  0x0000-0x0cf7 window]
[    0.335929] [    T1] pci_bus 0000:00: root bus resource [io  0x0d00-0xffff window]
[    0.337006] [    T1] pci_bus 0000:00: root bus resource [mem 0x000a0000-0x000bffff window]
[    0.338164] [    T1] pci_bus 0000:00: root bus resource [mem 0x80000000-0xfebfffff window]
[    0.339347] [    T1] pci_bus 0000:00: root bus resource [mem 0x100000000-0x17fffffff window]
[    0.340549] [    T1] pci_bus 0000:00: root bus resource [bus 00-ff]
[    0.341626] [    T1] pci 0000:00:00.0: [8086:1237] type 00 class 0x060000 conventional PCI endpoint
[    0.344065] [    T1] pci 0000:00:01.0: [8086:7000] type 00 class 0x060100 conventional PCI endpoint
[    0.345447] [    T1] pci 0000:00:01.1: [8086:7010] type 00 class 0x010180 conventional PCI endpoint
[    0.349002] [    T1] pci 0000:00:01.1: BAR 4 [io  0xc1c0-0xc1cf]
[    0.351253] [    T1] pci 0000:00:01.1: BAR 0 [io  0x01f0-0x01f7]: legacy IDE quirk
[    0.351498] [    T1] pci 0000:00:01.1: BAR 1 [io  0x03f6]: legacy IDE quirk
[    0.352517] [    T1] pci 0000:00:01.1: BAR 2 [io  0x0170-0x0177]: legacy IDE quirk
[    0.353633] [    T1] pci 0000:00:01.1: BAR 3 [io  0x0376]: legacy IDE quirk
[    0.354840] [    T1] pci 0000:00:01.3: [8086:7113] type 00 class 0x068000 conventional PCI endpoint
[    0.357195] [    T1] pci 0000:00:01.3: quirk: [io  0x0600-0x063f] claimed by PIIX4 ACPI
[    0.358173] [    T1] pci 0000:00:01.3: quirk: [io  0x0700-0x070f] claimed by PIIX4 SMB
[    0.359966] [    T1] pci 0000:00:02.0: [1234:1111] type 00 class 0x030000 conventional PCI endpoint
[    0.363773] [    T1] pci 0000:00:02.0: BAR 0 [mem 0xfd000000-0xfdffffff pref]
[    0.373614] [    T1] pci 0000:00:02.0: BAR 2 [mem 0xfebd8000-0xfebd8fff]
[    0.393987] [    T1] pci 0000:00:02.0: ROM [mem 0xfebc0000-0xfebcffff pref]
[    0.394988] [    T1] pci 0000:00:02.0: Video device with shadowed ROM at [mem 0x000c0000-0x000dffff]
[    0.400105] [    T1] pci 0000:00:03.0: [8086:2668] type 00 class 0x040300 conventional PCI endpoint
[    0.402350] [    T1] pci 0000:00:03.0: BAR 0 [mem 0xfebd0000-0xfebd3fff]
[    0.408879] [    T1] pci 0000:00:04.0: [1af4:1000] type 00 class 0x020000 conventional PCI endpoint
[    0.412003] [    T1] pci 0000:00:04.0: BAR 0 [io  0xc180-0xc19f]
[    0.414106] [    T1] pci 0000:00:04.0: BAR 1 [mem 0xfebd9000-0xfebd9fff]
[    0.421314] [    T1] pci 0000:00:04.0: BAR 4 [mem 0xfe000000-0xfe003fff 64bit pref]
[    0.422629] [    T1] pci 0000:00:04.0: ROM [mem 0xfeb80000-0xfebbffff pref]
[    0.425082] [    T1] pci 0000:00:05.0: [1af4:1005] type 00 class 0x00ff00 conventional PCI endpoint
[    0.427248] [    T1] pci 0000:00:05.0: BAR 0 [io  0xc1a0-0xc1bf]
[    0.431881] [    T1] pci 0000:00:05.0: BAR 4 [mem 0xfe004000-0xfe007fff 64bit pref]
[    0.435059] [    T1] pci 0000:00:06.0: [1b36:000d] type 00 class 0x0c0330 conventional PCI endpoint
[    0.436856] [    T1] pci 0000:00:06.0: BAR 0 [mem 0xfebd4000-0xfebd7fff 64bit]
[    0.441415] [    T1] pci 0000:00:07.0: [1af4:1003] type 00 class 0x078000 conventional PCI endpoint
[    0.442629] [    T1] pci 0000:00:07.0: BAR 0 [io  0xc100-0xc13f]
[    0.444559] [    T1] pci 0000:00:07.0: BAR 1 [mem 0xfebda000-0xfebdafff]
[    0.448165] [    T1] pci 0000:00:07.0: BAR 4 [mem 0xfe008000-0xfe00bfff 64bit pref]
[    0.453448] [    T1] pci 0000:00:08.0: [1af4:1004] type 00 class 0x010000 conventional PCI endpoint
[    0.458167] [    T1] pci 0000:00:08.0: BAR 0 [io  0xc140-0xc17f]
[    0.464833] [    T1] pci 0000:00:08.0: BAR 1 [mem 0xfebdb000-0xfebdbfff]
[    0.478170] [    T1] pci 0000:00:08.0: BAR 4 [mem 0xfe00c000-0xfe00ffff 64bit pref]
[    0.484087] [    T1] pci 0000:00:09.0: [1af4:1001] type 00 class 0x010000 conventional PCI endpoint
[    0.491504] [    T1] pci 0000:00:09.0: BAR 0 [io  0xc000-0xc07f]
[    0.498175] [    T1] pci 0000:00:09.0: BAR 1 [mem 0xfebdc000-0xfebdcfff]
[    0.510152] [    T1] pci 0000:00:09.0: BAR 4 [mem 0xfe010000-0xfe013fff 64bit pref]
[    0.516343] [    T1] pci 0000:00:0a.0: [1af4:1001] type 00 class 0x010000 conventional PCI endpoint
[    0.523882] [    T1] pci 0000:00:0a.0: BAR 0 [io  0xc080-0xc0ff]
[    0.526199] [    T1] pci 0000:00:0a.0: BAR 1 [mem 0xfebdd000-0xfebddfff]
[    0.537922] [    T1] pci 0000:00:0a.0: BAR 4 [mem 0xfe014000-0xfe017fff 64bit pref]
[    0.553065] [    T1] ACPI: PCI: Interrupt link LNKA configured for IRQ 10
[    0.554208] [    T1] ACPI: PCI: Interrupt link LNKB configured for IRQ 10
[    0.554975] [    T1] ACPI: PCI: Interrupt link LNKC configured for IRQ 11
[    0.556083] [    T1] ACPI: PCI: Interrupt link LNKD configured for IRQ 11
[    0.557145] [    T1] ACPI: PCI: Interrupt link LNKS configured for IRQ 9
[    0.558400] [    T1] iommu: Default domain type: Passthrough
[    0.559314] [    T1] pps_core: LinuxPPS API ver. 1 registered
[    0.560145] [    T1] pps_core: Software ver. 5.3.6 - Copyright 2005-2007 Rodolfo Giometti <giometti@linux.it>
[    0.561501] [    T1] PTP clock support registered
[    0.562188] [    T1] EDAC MC: Ver: 3.0.0
[    0.563282] [    T1] NetLabel: Initializing
[    0.563886] [    T1] NetLabel:  domain hash size = 128
[    0.564614] [    T1] NetLabel:  protocols = UNLABELED CIPSOv4 CALIPSO
[    0.564852] [    T1] NetLabel:  unlabeled traffic allowed by default
[    0.565759] [    T1] mctp: management component transport protocol core
[    0.566698] [    T1] NET: Registered PF_MCTP protocol family
[    0.567505] [    T1] PCI: Using ACPI for IRQ routing
[    0.568164] [    T1] PCI: pci_cache_line_size set to 64 bytes
[    0.568385] [    T1] e820: reserve RAM buffer [mem 0x0009fc00-0x0009ffff]
[    0.568390] [    T1] e820: reserve RAM buffer [mem 0x7ffd6000-0x7fffffff]
[    0.568469] [    T1] pci 0000:00:02.0: vgaarb: setting as boot VGA device
[    0.569441] [    T1] pci 0000:00:02.0: vgaarb: bridge control possible
[    0.570375] [    T1] pci 0000:00:02.0: vgaarb: VGA device added: decodes=io+mem,owns=io+mem,locks=none
[    0.571499] [    T1] vgaarb: loaded
[    0.572162] [    T1] hpet0: at MMIO 0xfed00000, IRQs 2, 8, 0
[    0.572975] [    T1] hpet0: 3 comparators, 64-bit 100.000000 MHz counter
[    0.581531] [    T1] clocksource: Switched to clocksource kvm-clock
[    0.583581] [    T1] VFS: Disk quotas dquot_6.6.0
[    0.584271] [    T1] VFS: Dquot-cache hash table entries: 512 (order 0, 4096 bytes)
[    0.585580] [    T1] AppArmor: AppArmor Filesystem Enabled
[    0.586406] [    T1] pnp: PnP ACPI init
[    0.587053] [    T1] pnp 00:02: [dma 2]
[    0.587414] [    T1] pnp: PnP ACPI: found 6 devices
[    0.594312] [    T1] clocksource: acpi_pm: mask: 0xffffff max_cycles: 0xffffff, max_idle_ns: 2085701024 ns
[    0.595845] [    T1] NET: Registered PF_INET protocol family
[    0.596754] [    T1] IP idents hash table entries: 32768 (order: 6, 262144 bytes, linear)
[    0.609688] [    T1] tcp_listen_portaddr_hash hash table entries: 1024 (order: 2, 16384 bytes, linear)
[    0.611037] [    T1] Table-perturb hash table entries: 65536 (order: 6, 262144 bytes, linear)
[    0.612276] [    T1] TCP established hash table entries: 16384 (order: 5, 131072 bytes, linear)
[    0.613524] [    T1] TCP bind hash table entries: 16384 (order: 7, 524288 bytes, linear)
[    0.614714] [    T1] TCP: Hash tables configured (established 16384 bind 16384)
[    0.615806] [    T1] MPTCP token hash table entries: 2048 (order: 3, 49152 bytes, linear)
[    0.616985] [    T1] UDP hash table entries: 1024 (order: 3, 32768 bytes, linear)
[    0.618055] [    T1] UDP-Lite hash table entries: 1024 (order: 3, 32768 bytes, linear)
[    0.619226] [    T1] NET: Registered PF_UNIX/PF_LOCAL protocol family
[    0.620153] [    T1] NET: Registered PF_XDP protocol family
[    0.620951] [    T1] pci_bus 0000:00: resource 4 [io  0x0000-0x0cf7 window]
[    0.621950] [    T1] pci_bus 0000:00: resource 5 [io  0x0d00-0xffff window]
[    0.622957] [    T1] pci_bus 0000:00: resource 6 [mem 0x000a0000-0x000bffff window]
[    0.624046] [    T1] pci_bus 0000:00: resource 7 [mem 0x80000000-0xfebfffff window]
[    0.625143] [    T1] pci_bus 0000:00: resource 8 [mem 0x100000000-0x17fffffff window]
[    0.626313] [    T1] pci 0000:00:01.0: PIIX3: Enabling Passive Release
[    0.627253] [    T1] pci 0000:00:00.0: Limiting direct PCI/PCI transfers
[    0.667375] [    T1] ACPI: \_SB_.LNKB: Enabled at IRQ 10
[    0.707583] [    T1] pci 0000:00:06.0: quirk_usb_early_handoff+0x0/0x710 took 77449 usecs
[    0.708865] [    T1] PCI: CLS 0 bytes, default 64
[    0.709597] [   T10] Trying to unpack rootfs image as initramfs...
[    0.711995] [    T1] clocksource: tsc: mask: 0xffffffffffffffff max_cycles: 0x1fb63109b96, max_idle_ns: 440795265316 ns
[    0.715518] [    T1] Initialise system trusted keyrings
[    0.716282] [    T1] Key type blacklist registered
[    0.718538] [    T1] workingset: timestamp_bits=36 max_order=19 bucket_order=0
[    0.719657] [    T1] zbud: loaded
[    0.721986] [    T1] integrity: Platform Keyring initialized
[    0.722814] [    T1] integrity: Machine keyring initialized
[    0.745137] [    T1] Key type asymmetric registered
[    0.745852] [    T1] Asymmetric key parser 'x509' registered
[    0.826991] [   T10] Freeing initrd memory: 25456K
[    0.832225] [    T1] Block layer SCSI generic (bsg) driver version 0.4 loaded (major 247)
[    0.833447] [    T1] io scheduler mq-deadline registered
[    0.834214] [    T1] io scheduler kyber registered
[    0.834916] [    T1] io scheduler bfq registered
[    0.836873] [    T1] shpchp: Standard Hot Plug PCI Controller Driver version: 0.4
[    0.877335] [    T1] ACPI: \_SB_.LNKD: Enabled at IRQ 11
[    0.918023] [    T1] ACPI: \_SB_.LNKA: Enabled at IRQ 10
[    0.958677] [    T1] ACPI: \_SB_.LNKC: Enabled at IRQ 11
[    1.102748] [    T1] Serial: 8250/16550 driver, 32 ports, IRQ sharing enabled
[    1.105682] [    T1] 00:04: ttyS0 at I/O 0x3f8 (irq = 4, base_baud = 115200) is a 16550A
[    1.173975] [    T1] Non-volatile memory driver v1.3
[    1.175613] [    T1] Linux agpgart interface v0.103
[    1.177667] [    T1] ACPI: bus type drm_connector registered
[    1.179980] [    T1] i8042: PNP: PS/2 Controller [PNP0303:KBD,PNP0f13:MOU] at 0x60,0x64 irq 1,12
[    1.183708] [    T1] serio: i8042 KBD port at 0x60,0x64 irq 1
[    1.184536] [    T1] serio: i8042 AUX port at 0x60,0x64 irq 12
[    1.185501] [    T1] mousedev: PS/2 mouse device common for all mice
[    1.186695] [    T7] input: AT Translated Set 2 keyboard as /devices/platform/i8042/serio0/input/input0
[    1.188459] [    T1] rtc_cmos 00:05: RTC can wake from S4
[    1.190042] [    T7] input: VirtualPS/2 VMware VMMouse as /devices/platform/i8042/serio1/input/input3
[    1.191450] [    T1] rtc_cmos 00:05: registered as rtc0
[    1.192559] [    T7] input: VirtualPS/2 VMware VMMouse as /devices/platform/i8042/serio1/input/input2
[    1.193982] [    T1] rtc_cmos 00:05: setting system clock to 2024-05-28T10:50:47 UTC (1716893447)
[    1.195436] [    T1] rtc_cmos 00:05: alarms up to one day, y3k, 242 bytes nvram, hpet irqs
[    1.196638] [    T1] amd_pstate: the _CPC object is not present in SBIOS or ACPI disabled
[    1.197821] [    T1] ledtrig-cpu: registered to indicate activity on CPUs
[    1.199086] [    T1] [drm] Initialized simpledrm 1.0.0 20200625 for simple-framebuffer.0 on minor 0
[    1.200445] [    T1] simple-framebuffer simple-framebuffer.0: [drm] User-defined mode not supported: "1024x768": 60 64127 1024 1080 1184 1344 768 769 772 795 0x20 0x6
[    1.205218] [    T1] Console: switching to colour frame buffer device 100x37
[    1.207566] [    T1] simple-framebuffer simple-framebuffer.0: [drm] fb0: simpledrmdrmfb frame buffer device
[    1.209117] [    T1] hid: raw HID events driver (C) Jiri Kosina
[    1.210053] [    T1] drop_monitor: Initializing network drop monitor service
[    1.211220] [    T1] NET: Registered PF_INET6 protocol family
[    1.217210] [    T1] Segment Routing with IPv6
[    1.217879] [    T1] RPL Segment Routing with IPv6
[    1.218648] [    T1] In-situ OAM (IOAM) with IPv6
[    1.219628] [    T1] IPI shorthand broadcast: enabled
[    1.222403] [    T1] sched_clock: Marking stable (1090002620, 131734587)->(1326722013, -104984806)
[    1.223960] [    T1] registered taskstats version 1
[    1.224804] [    T1] Loading compiled-in X.509 certificates
[    1.226312] [    T1] Loaded X.509 cert 'openSUSE Secure Boot Signkey: fd9f2c12e599d67cc7f9067541adf426b712469e'
[    1.231200] [    T1] page_owner is disabled
[    1.232535] [    T1] Key type .fscrypt registered
[    1.233819] [    T1] Key type fscrypt-provisioning registered
[    1.254786] [    T1] Key type encrypted registered
[    1.256160] [    T1] AppArmor: AppArmor sha256 policy hashing enabled
[    1.257694] [    T1] ima: No TPM chip found, activating TPM-bypass!
[    1.259279] [    T1] Loading compiled-in module X.509 certificates
[    1.260804] [    T1] Loaded X.509 cert 'openSUSE Secure Boot Signkey: fd9f2c12e599d67cc7f9067541adf426b712469e'
[    1.263294] [    T1] ima: Allocated hash algorithm: sha256
[    1.264688] [    T1] ima: No architecture policies found
[    1.266076] [    T1] evm: Initialising EVM extended attributes:
[    1.267350] [    T1] evm: security.selinux
[    1.268338] [    T1] evm: security.SMACK64 (disabled)
[    1.269469] [    T1] evm: security.SMACK64EXEC (disabled)
[    1.270678] [    T1] evm: security.SMACK64TRANSMUTE (disabled)
[    1.271905] [    T1] evm: security.SMACK64MMAP (disabled)
[    1.273053] [    T1] evm: security.apparmor
[    1.274013] [    T1] evm: security.ima
[    1.274922] [    T1] evm: security.capability
[    1.275907] [    T1] evm: HMAC attrs: 0x1
[    1.388114] [    T1] PM:   Magic number: 8:944:831
[    1.394443] [    T1] RAS: Correctable Errors collector initialized.
[    1.409335] [    T1] clk: Disabling unused clocks
[    1.410594] [    T1] PM: genpd: Disabling unused power domains
[    1.413425] [    T1] Freeing unused decrypted memory: 2028K
[    1.415239] [    T1] Freeing unused kernel image (initmem) memory: 4224K
[    1.416684] [    T1] Write protecting the kernel read-only data: 30720k
[    1.418607] [    T1] Freeing unused kernel image (rodata/data gap) memory: 1316K
[    1.420181] [    T1] Run /init as init process
[    1.421136] [    T1]   with arguments:
[    1.421138] [    T1]     /init
[    1.421140] [    T1]   with environment:
[    1.421141] [    T1]     HOME=/
[    1.421143] [    T1]     TERM=linux
[    1.421144] [    T1]     BOOT_IMAGE=/boot/vmlinuz-6.9.1-1-default
[    1.421145] [    T1]     splash=silent
[    1.444910] [    T1] systemd[1]: systemd 255.6+suse.30.g3ea0e1dff3 running in system mode (+PAM +AUDIT +SELINUX +APPARMOR +IMA -SMACK +SECCOMP +GCRYPT +GNUTLS +OPENSSL +ACL +BLKID +CURL +ELFUTILS +FIDO2 +IDN2 -IDN +IPTC +KMOD +LIBCRYPTSETUP +LIBFDISK +PCRE2 +PWQUALITY +P11KIT +QRENCODE +TPM2 +BZIP2 +LZ4 +XZ +ZLIB +ZSTD +BPF_FRAMEWORK -XKBCOMMON -UTMP +SYSVINIT default-hierarchy=unified)
[    1.451449] [    T1] systemd[1]: Detected virtualization kvm.
[    1.452835] [    T1] systemd[1]: Detected architecture x86-64.
[    1.454182] [    T1] systemd[1]: Running in initrd.
[    1.460490] [    T1] systemd[1]: No hostname configured, using default hostname.
[    1.462311] [    T1] systemd[1]: Hostname set to <localhost>.
[    1.464386] [    T1] systemd[1]: Initializing machine ID from random generator.
[    1.533937] [    T1] systemd[1]: /usr/lib/systemd/system/plymouth-start.service:15: Unit uses KillMode=none. This is unsafe, as it disables systemd's process lifecycle management for the service. Please update the service to use a safer KillMode=, such as 'mixed' or 'control-group'. Support for KillMode=none is deprecated and will eventually be removed.
[    1.547460] [    T1] systemd[1]: Queued start job for default target Initrd Default Target.
[    1.558824] [    T1] systemd[1]: Expecting device /dev/disk/by-uuid/350ef8df-2937-4484-9b74-cdf0b1f4c465...
[    1.563531] [    T1] systemd[1]: Expecting device /dev/disk/by-uuid/e30f2f24-8ebe-4eb2-a3e4-7f94c08f2814...
[    1.568311] [    T1] systemd[1]: Reached target Initrd /usr File System.
[    1.571341] [    T1] systemd[1]: Reached target Slice Units.
[    1.573971] [    T1] systemd[1]: Reached target Swaps.
[    1.577457] [    T1] systemd[1]: Reached target Timer Units.
[    1.580964] [    T1] systemd[1]: Listening on Journal Socket (/dev/log).
[    1.585055] [    T1] systemd[1]: Listening on Journal Socket.
[    1.587767] [    T1] systemd[1]: Listening on udev Control Socket.
[    1.591104] [    T1] systemd[1]: Listening on udev Kernel Socket.
[    1.594789] [    T1] systemd[1]: Reached target Socket Units.
[    1.608592] [    T1] systemd[1]: Starting Create List of Static Device Nodes...
[    1.615205] [    T1] systemd[1]: Started Hardware RNG Entropy Gatherer Daemon.
[    1.621951] [    T1] systemd[1]: Starting Journal Service...
[    1.623880] [    T1] systemd[1]: Load Kernel Modules was skipped because no trigger condition checks were met.
[    1.641884] [    T1] systemd[1]: Starting Apply Kernel Variables...
[    1.651985] [    T1] systemd[1]: Starting Virtual Console Setup...
[    1.658506] [    T1] systemd[1]: Finished Create List of Static Device Nodes.
[    1.674622] [  T173] systemd-journald[173]: Collecting audit messages is disabled.
[    1.678560] [    T1] systemd[1]: Starting Create Static Device Nodes in /dev gracefully...
[    1.688557] [    T1] systemd[1]: Finished Apply Kernel Variables.
[    1.702517] [    T1] systemd[1]: Finished Create Static Device Nodes in /dev gracefully.
[    1.721821] [    T1] systemd[1]: Starting Create Static Device Nodes in /dev...
[    1.723893] [    T1] systemd[1]: Started Journal Service.
[    1.948410] [  T287] raid6: avx2x4   gen() 32886 MB/s
[    2.005082] [  T287] raid6: avx2x2   gen() 38375 MB/s
[    2.061741] [  T287] raid6: avx2x1   gen() 23388 MB/s
[    2.062937] [  T287] raid6: using algorithm avx2x2 gen() 38375 MB/s
[    2.118407] [  T287] raid6: .... xor() 30857 MB/s, rmw enabled
[    2.119664] [  T287] raid6: using avx2x2 recovery algorithm
[    2.122676] [  T287] xor: automatically using best checksumming function   avx       
[    2.244541] [  T287] Btrfs loaded, assert=on, zoned=yes, fsverity=yes
[    2.521669] [  T312] virtio_blk virtio4: 1/0/0 default/read/poll queues
[    2.548903] [  T312] virtio_blk virtio4: [vda] 62914560 512-byte logical blocks (32.2 GB/30.0 GiB)
[    2.555583] [  T307] cryptd: max_cpu_qlen set to 1000
[    2.572385] [  T313] FDC 0 is a S82078B
[    2.585431] [  T311] Console: switching to colour dummy device 80x25
[    2.588769] [  T315] ACPI: bus type USB registered
[    2.589692] [  T310] SCSI subsystem initialized
[    2.594960] [  T315] usbcore: registered new interface driver usbfs
[    2.596554] [  T311] bochs-drm 0000:00:02.0: vgaarb: deactivate vga console
[    2.597643] [  T311] [drm] Found bochs VGA, ID 0xb0c5.
[    2.598387] [  T311] [drm] Framebuffer size 16384 kB @ 0xfd000000, mmio @ 0xfebd8000.
[    2.600363] [  T307] AVX2 version of gcm_enc/dec engaged.
[    2.601163] [  T307] AES CTR mode by8 optimization enabled
[    2.603389] [  T315] usbcore: registered new interface driver hub
[    2.604287] [  T315] usbcore: registered new device driver usb
[    2.606058] [  T309] alua: device handler registered
[    2.608056] [  T309] rdac: device handler registered
[    2.618360] [  T311] [drm] Found EDID data blob.
[    2.619743] [  T310] emc: device handler registered
[    2.630442] [  T311] [drm] Initialized bochs-drm 1.0.0 20130925 for 0000:00:02.0 on minor 0
[    2.648094] [  T312]  vda: vda1 vda2 vda3
[    2.649353] [  T312] virtio_blk virtio5: 1/0/0 default/read/poll queues
[    2.650877] [  T312] virtio_blk virtio5: [vdb] 41943040 512-byte logical blocks (21.5 GB/20.0 GiB)
[    2.664390] [  T309] virtio_scsi virtio3: 1/0/0 default/read/poll queues
[    2.665423] [  T311] fbcon: bochs-drmdrmfb (fb0) is primary device
[    2.717730] [  T309] scsi host0: Virtio SCSI HBA
[    2.754809] [   T25] scsi 0:0:0:0: CD-ROM            QEMU     QEMU CD-ROM      2.5+ PQ: 0 ANSI: 5
[    2.765132] [  T310] libata version 3.00 loaded.
[    2.824592] [  T315] xhci_hcd 0000:00:06.0: xHCI Host Controller
[    2.824615] [  T315] xhci_hcd 0000:00:06.0: new USB bus registered, assigned bus number 1
[    2.824874] [  T315] xhci_hcd 0000:00:06.0: hcc params 0x00087001 hci version 0x100 quirks 0x0000000000000010
[    2.826640] [  T315] xhci_hcd 0000:00:06.0: xHCI Host Controller
[    2.826644] [  T315] xhci_hcd 0000:00:06.0: new USB bus registered, assigned bus number 2
[    2.826648] [  T315] xhci_hcd 0000:00:06.0: Host supports USB 3.0 SuperSpeed
[    2.826812] [  T315] usb usb1: New USB device found, idVendor=1d6b, idProduct=0002, bcdDevice= 6.09
[    2.826815] [  T315] usb usb1: New USB device strings: Mfr=3, Product=2, SerialNumber=1
[    2.826817] [  T315] usb usb1: Product: xHCI Host Controller
[    2.826819] [  T315] usb usb1: Manufacturer: Linux 6.9.1-1-default xhci-hcd
[    2.826820] [  T315] usb usb1: SerialNumber: 0000:00:06.0
[    2.827321] [  T315] hub 1-0:1.0: USB hub found
[    2.827396] [  T315] hub 1-0:1.0: 4 ports detected
[    2.832316] [  T315] usb usb2: We don't know the algorithms for LPM for this host, disabling LPM.
[    2.832406] [  T315] usb usb2: New USB device found, idVendor=1d6b, idProduct=0003, bcdDevice= 6.09
[    2.832409] [  T315] usb usb2: New USB device strings: Mfr=3, Product=2, SerialNumber=1
[    2.832410] [  T315] usb usb2: Product: xHCI Host Controller
[    2.832416] [  T315] usb usb2: Manufacturer: Linux 6.9.1-1-default xhci-hcd
[    2.832418] [  T315] usb usb2: SerialNumber: 0000:00:06.0
[    2.832677] [  T315] hub 2-0:1.0: USB hub found
[    2.832799] [  T315] hub 2-0:1.0: 4 ports detected
[    2.846159] [   T25] scsi 0:0:0:0: Attached scsi generic sg0 type 5
[    2.851152] [  T310] ata_piix 0000:00:01.1: version 2.13
[    2.875525] [  T310] scsi host1: ata_piix
[    2.877197] [  T310] scsi host2: ata_piix
[    2.877260] [  T310] ata1: PATA max MWDMA2 cmd 0x1f0 ctl 0x3f6 bmdma 0xc1c0 irq 14 lpm-pol 0
[    2.877263] [  T310] ata2: PATA max MWDMA2 cmd 0x170 ctl 0x376 bmdma 0xc1c8 irq 15 lpm-pol 0
[    2.884201] [  T311] Console: switching to colour frame buffer device 128x48
[    3.141072] [  T311] bochs-drm 0000:00:02.0: [drm] fb0: bochs-drmdrmfb frame buffer device
[    3.142196] [    C0] sr 0:0:0:0: Power-on or device reset occurred
[    3.155521] [  T317] sr 0:0:0:0: [sr0] scsi3-mmc drive: 16x/50x cd/rw xa/form2 cdda tray
[    3.156956] [  T317] cdrom: Uniform CD-ROM driver Revision: 3.20
[    3.175342] [  T317] sr 0:0:0:0: Attached scsi CD-ROM sr0
[    3.198483] [    T8] usb 1-1: new high-speed USB device number 2 using xhci_hcd
[    3.402407] [  T426] PM: Image not found (code -22)
[    3.425563] [    T8] usb 1-1: New USB device found, idVendor=0627, idProduct=0001, bcdDevice= 0.00
[    3.427306] [    T8] usb 1-1: New USB device strings: Mfr=1, Product=3, SerialNumber=10
[    3.428717] [    T8] usb 1-1: Product: QEMU USB Tablet
[    3.429695] [    T8] usb 1-1: Manufacturer: QEMU
[    3.430603] [    T8] usb 1-1: SerialNumber: 28754-0000:00:06.0-1
[    3.570685] [  T320] usbcore: registered new interface driver usbhid
[    3.571891] [  T320] usbhid: USB HID core driver
[    3.580152] [  T320] input: QEMU QEMU USB Tablet as /devices/pci0000:00/0000:00:06.0/usb1/1-1/1-1:1.0/0003:0627:0001.0001/input/input4
[    3.585848] [  T320] hid-generic 0003:0627:0001.0001: input,hidraw0: USB HID v0.01 Mouse [QEMU QEMU USB Tablet] on usb-0000:00:06.0-1/input0
[    3.724453] [  T454] BTRFS: device fsid e30f2f24-8ebe-4eb2-a3e4-7f94c08f2814 devid 1 transid 79 /dev/vda2 (254:2) scanned by mount (454)
[    3.839287] [  T454] BTRFS info (device vda2): first mount of filesystem e30f2f24-8ebe-4eb2-a3e4-7f94c08f2814
[    3.961630] [  T454] BTRFS info (device vda2): using crc32c (crc32c-intel) checksum algorithm
[    3.963269] [  T454] BTRFS info (device vda2): using free-space-tree
[    4.309451] [  T173] systemd-journald[173]: Received SIGTERM from PID 1 (systemd).
[    4.545091] [    T1] systemd[1]: systemd 255.6+suse.30.g3ea0e1dff3 running in system mode (+PAM +AUDIT +SELINUX +APPARMOR +IMA -SMACK +SECCOMP +GCRYPT +GNUTLS +OPENSSL +ACL +BLKID +CURL +ELFUTILS +FIDO2 +IDN2 -IDN +IPTC +KMOD +LIBCRYPTSETUP +LIBFDISK +PCRE2 +PWQUALITY +P11KIT +QRENCODE +TPM2 +BZIP2 +LZ4 +XZ +ZLIB +ZSTD +BPF_FRAMEWORK -XKBCOMMON -UTMP +SYSVINIT default-hierarchy=unified)
[    4.660049] [    T1] systemd[1]: Detected virtualization kvm.
[    4.661280] [    T1] systemd[1]: Detected architecture x86-64.
[    4.777449] [    T1] systemd[1]: Hostname set to <susetest>.
[    5.235097] [    T1] systemd[1]: bpf-lsm: LSM BPF program attached
[    5.462258] [    T1] systemd[1]: /usr/lib/systemd/system/plymouth-start.service:15: Unit uses KillMode=none. This is unsafe, as it disables systemd's process lifecycle management for the service. Please update the service to use a safer KillMode=, such as 'mixed' or 'control-group'. Support for KillMode=none is deprecated and will eventually be removed.
[    5.670124] [    T1] systemd[1]: initrd-switch-root.service: Deactivated successfully.
[    5.777988] [    T1] systemd[1]: Stopped Switch Root.
[    5.779911] [    T1] systemd[1]: systemd-journald.service: Scheduled restart job, restart counter is at 1.
[    5.781708] [    T1] systemd[1]: Created slice Slice /system/getty.
[    5.783166] [    T1] systemd[1]: Created slice Slice /system/modprobe.
[    5.784550] [    T1] systemd[1]: Created slice Slice /system/serial-getty.
[    5.785861] [    T1] systemd[1]: Created slice User and Session Slice.
[    5.787124] [    T1] systemd[1]: Set up automount Arbitrary Executable File Formats File System Automount Point.
[    5.788579] [    T1] systemd[1]: Expecting device /dev/disk/by-uuid/350ef8df-2937-4484-9b74-cdf0b1f4c465...
[    5.789940] [    T1] systemd[1]: Expecting device /dev/disk/by-uuid/e30f2f24-8ebe-4eb2-a3e4-7f94c08f2814...
[    5.791294] [    T1] systemd[1]: Expecting device /dev/hvc0...
[    5.792265] [    T1] systemd[1]: Expecting device /dev/hvc1...
[    5.793212] [    T1] systemd[1]: Expecting device /dev/ttyS0...
[    5.794186] [    T1] systemd[1]: Stopped target Switch Root.
[    5.795174] [    T1] systemd[1]: Stopped target Initrd File Systems.
[    5.796181] [    T1] systemd[1]: Stopped target Initrd Root File System.
[    5.797246] [    T1] systemd[1]: Reached target Local Integrity Protected Volumes.
[    5.798417] [    T1] systemd[1]: Reached target Remote File Systems.
[    5.799424] [    T1] systemd[1]: Reached target Slice Units.
[    5.800365] [    T1] systemd[1]: Reached target System Time Set.
[    5.801321] [    T1] systemd[1]: Reached target Timer Units.
[    5.802274] [    T1] systemd[1]: Reached target Local Verity Protected Volumes.
[    5.803437] [    T1] systemd[1]: Listening on Device-mapper event daemon FIFOs.
[    5.805609] [    T1] systemd[1]: Listening on Process Core Dump Socket.
[    5.919262] [    T1] systemd[1]: Listening on udev Control Socket.
[    5.920473] [    T1] systemd[1]: Listening on udev Kernel Socket.
[    6.018551] [    T1] systemd[1]: Mounting Huge Pages File System...
[    6.021803] [    T1] systemd[1]: Mounting POSIX Message Queue File System...
[    6.024145] [    T1] systemd[1]: Mounting Kernel Debug File System...
[    6.138239] [    T1] systemd[1]: Mounting Kernel Trace File System...
[    6.155707] [    T1] systemd[1]: Starting Create List of Static Device Nodes...
[    6.163255] [    T1] systemd[1]: Starting Load Kernel Module configfs...
[    6.168519] [    T1] systemd[1]: Starting Load Kernel Module dm_mod...
[    6.176085] [    T1] systemd[1]: Starting Load Kernel Module drm...
[    6.184646] [    T1] systemd[1]: Starting Load Kernel Module efi_pstore...
[    6.286211] [    T1] systemd[1]: Starting Load Kernel Module fuse...
[    6.381625] [  T523] device-mapper: uevent: version 1.0.3
[    6.382658] [    T1] systemd[1]: Starting Load Kernel Module loop...
[    6.388527] [    T1] systemd[1]: plymouth-start.service: Deactivated successfully.
[    6.389682] [    T1] systemd[1]: plymouth-start.service: Unit process 448 (plymouthd) remains running after unit stopped.
[    6.391254] [    T1] systemd[1]: Stopped Show Plymouth Boot Screen.
[    6.393425] [    T1] systemd[1]: Dispatch Password Requests to Console Directory Watch was skipped because of an unmet condition check (ConditionPathExists=!/run/plymouth/pid).
[    6.395951] [    T1] systemd[1]: Reached target Local Encrypted Volumes.
[    6.397213] [    T1] systemd[1]: plymouth-switch-root.service: Deactivated successfully.
[    6.398790] [  T523] device-mapper: ioctl: 4.48.0-ioctl (2023-03-01) initialised: dm-devel@lists.linux.dev
[    6.401299] [    T1] systemd[1]: Stopped Plymouth switch root service.
[    6.402838] [    T1] systemd[1]: systemd-fsck-root.service: Deactivated successfully.
[    6.404423] [    T1] systemd[1]: Stopped File System Check on Root Device.
[    6.415249] [    T1] systemd[1]: Starting Journal Service...
[    6.416551] [    T1] systemd[1]: Load Kernel Modules was skipped because no trigger condition checks were met.
[    6.531855] [    T1] systemd[1]: Apply Kernel Variables for 6.9.1-1-default from /boot was skipped because of an unmet condition check (ConditionPathExists=!/usr/lib/modules/6.9.1-1-default/sysctl.conf).
[    6.537043] [  T526] fuse: init (API version 7.40)
[    6.544865] [  T528] systemd-journald[528]: Collecting audit messages is disabled.
[    6.553247] [  T527] loop: module loaded
[    6.670361] [    T1] systemd[1]: Starting Apply Kernel Variables for 6.9.1-1-default...
[    6.676493] [    T1] systemd[1]: Starting Remount Root and Kernel File Systems...
[    6.688180] [    T1] systemd[1]: Starting Coldplug All udev Devices...
[    6.806101] [    T1] systemd[1]: Started Journal Service.
[    7.379264] [  T577] input: Power Button as /devices/LNXSYSTM:00/LNXPWRBN:00/input/input5
[    7.470390] [  T562] piix4_smbus 0000:00:01.3: SMBus Host Controller at 0x700, revision 0
[    7.484848] [  T577] ACPI: button: Power Button [PWRF]
[    7.523404] [  T563] input: PC Speaker as /devices/platform/pcspkr/input/input6
[    7.558821] [  T580] parport_pc 00:03: reported by Plug and Play ACPI
[    7.581927] [  T580] parport0: PC-style at 0x378, irq 7 [PCSPP,TRISTATE]
[    7.629804] [  T592] Adding 2098152k swap on /dev/vda3.  Priority:-2 extents:1 across:2098152k 
[    7.788458] [  T562] ppdev: user-space parallel port driver
[    7.790595] [  T581] virtio_net virtio0 ens4: renamed from eth0
[    7.937801] [  T561] kvm_amd: Nested Virtualization enabled
[    7.938749] [  T561] kvm_amd: Nested Paging enabled
[    8.035705] [  T630] snd_hda_codec_generic hdaudioC0D0: autoconfig for Generic: line_outs=1 (0x3/0x0/0x0/0x0/0x0) type:line
[    8.037181] [  T630] snd_hda_codec_generic hdaudioC0D0:    speaker_outs=0 (0x0/0x0/0x0/0x0/0x0)
[    8.038411] [  T630] snd_hda_codec_generic hdaudioC0D0:    hp_outs=0 (0x0/0x0/0x0/0x0/0x0)
[    8.039568] [  T630] snd_hda_codec_generic hdaudioC0D0:    mono: mono_out=0x0
[    8.040618] [  T630] snd_hda_codec_generic hdaudioC0D0:    inputs:
[    8.286351] [  T528] systemd-journald[528]: Received client request to flush runtime journal.
[    8.480156] [   T26] audit: type=1400 audit(1716893454.783:2): apparmor="STATUS" operation="profile_load" profile="unconfined" name="1password" pid=704 comm="apparmor_parser"
[    8.572403] [  T528] systemd-journald[528]: /var/log/journal/7062d280e68545b4bbac56f3fbdd7520/system.journal: Journal file uses a different sequence number ID, rotating.
[    8.574623] [  T528] systemd-journald[528]: Rotating system journal.
[    8.579867] [   T26] audit: type=1400 audit(1716893454.883:3): apparmor="STATUS" operation="profile_load" profile="unconfined" name="Discord" pid=706 comm="apparmor_parser"
[    8.689796] [   T26] audit: type=1400 audit(1716893454.993:4): apparmor="STATUS" operation="profile_load" profile="unconfined" name=4D6F6E676F444220436F6D70617373 pid=708 comm="apparmor_parser"
[    8.694009] [   T26] audit: type=1400 audit(1716893454.996:5): apparmor="STATUS" operation="profile_load" profile="unconfined" name="QtWebEngineProcess" pid=709 comm="apparmor_parser"
[    8.800434] [   T26] audit: type=1400 audit(1716893455.103:6): apparmor="STATUS" operation="profile_load" profile="unconfined" name="ping" pid=710 comm="apparmor_parser"
[    8.902243] [   T26] audit: type=1400 audit(1716893455.206:7): apparmor="STATUS" operation="profile_load" profile="unconfined" name="brave" pid=712 comm="apparmor_parser"
[    8.918420] [   T26] audit: type=1400 audit(1716893455.219:8): apparmor="STATUS" operation="profile_load" profile="unconfined" name="buildah" pid=713 comm="apparmor_parser"
[    8.928576] [   T26] audit: type=1400 audit(1716893455.226:9): apparmor="STATUS" operation="profile_load" profile="unconfined" name="busybox" pid=715 comm="apparmor_parser"
[    8.932021] [   T26] audit: type=1400 audit(1716893455.233:10): apparmor="STATUS" operation="profile_load" profile="unconfined" name="cam" pid=716 comm="apparmor_parser"
[    8.937824] [   T26] audit: type=1400 audit(1716893455.239:11): apparmor="STATUS" operation="profile_load" profile="unconfined" name="ch-checkns" pid=717 comm="apparmor_parser"
[   10.772742] [ T1048] NET: Registered PF_PACKET protocol family
[   13.675098] [    C0] clocksource: Long readout interval, skipping watchdog check: cs_nsec: 1119931207 wd_nsec: 506699780
[   28.801700] [T11934] evm: overlay not supported
[   32.439438] [T11981] bridge: filtering via arp/ip/ip6tables is no longer available by default. Update your scripts to load br_netfilter if you need this.
[   32.547585] [T11978] podman0: port 1(veth0) entered blocking state
[   32.548800] [T11978] podman0: port 1(veth0) entered disabled state
[   32.549827] [T11978] veth0: entered allmulticast mode
[   32.550762] [T11978] veth0: entered promiscuous mode
[   32.555805] [T11978] podman0: port 1(veth0) entered blocking state
[   32.556823] [T11978] podman0: port 1(veth0) entered forwarding state
[   32.934672] [T12086] podman0: port 1(veth0) entered disabled state
[   33.013120] [T12086] veth0 (unregistering): left allmulticast mode
[   33.014161] [T12086] veth0 (unregistering): left promiscuous mode
[   33.015194] [T12086] podman0: port 1(veth0) entered disabled state
[   33.303231] [T12136] podman0: port 1(veth0) entered blocking state
[   33.304240] [T12136] podman0: port 1(veth0) entered disabled state
[   33.381658] [T12136] veth0: entered allmulticast mode
[   33.382613] [T12136] veth0: entered promiscuous mode
[   33.383675] [T12136] podman0: port 1(veth0) entered blocking state
[   33.384633] [T12136] podman0: port 1(veth0) entered forwarding state
[   33.713020] [T12212] podman0: port 1(veth0) entered disabled state
[   33.791452] [T12212] veth0 (unregistering): left allmulticast mode
[   33.792429] [T12212] veth0 (unregistering): left promiscuous mode
[   33.793347] [T12212] podman0: port 1(veth0) entered disabled state
[  103.559555] [T12426] tun: Universal TUN/TAP device driver, 1.6
[  521.038535] [T14606] podman0: port 1(veth0) entered blocking state
[  521.039595] [T14606] podman0: port 1(veth0) entered disabled state
[  521.120405] [T14606] veth0: entered allmulticast mode
[  521.121325] [T14606] veth0: entered promiscuous mode
[  521.122488] [T14606] podman0: port 1(veth0) entered blocking state
[  521.123410] [T14606] podman0: port 1(veth0) entered forwarding state
[  521.442204] [T14687] podman0: port 1(veth0) entered disabled state
[  521.532220] [T14687] veth0 (unregistering): left allmulticast mode
[  521.533196] [T14687] veth0 (unregistering): left promiscuous mode
[  521.534116] [T14687] podman0: port 1(veth0) entered disabled state
[  522.188857] [T14757] podman0: port 1(veth0) entered blocking state
[  522.189903] [T14757] podman0: port 1(veth0) entered disabled state
[  522.280934] [T14757] veth0: entered allmulticast mode
[  522.281803] [T14757] veth0: entered promiscuous mode
[  522.282836] [T14757] podman0: port 1(veth0) entered blocking state
[  522.283746] [T14757] podman0: port 1(veth0) entered forwarding state
[  522.578422] [T14837] podman0: port 1(veth0) entered disabled state
[  522.705117] [T14837] veth0 (unregistering): left allmulticast mode
[  522.706103] [T14837] veth0 (unregistering): left promiscuous mode
[  522.706996] [T14837] podman0: port 1(veth0) entered disabled state
[  524.715681] [T15015] podman0: port 1(veth0) entered blocking state
[  524.716703] [T15015] podman0: port 1(veth0) entered disabled state
[  524.717632] [T15015] veth0: entered allmulticast mode
[  524.718465] [T15015] veth0: entered promiscuous mode
[  524.797217] [T15015] podman0: port 1(veth0) entered blocking state
[  524.798136] [T15015] podman0: port 1(veth0) entered forwarding state
[  525.161261] [T15096] podman0: port 1(veth0) entered disabled state
[  525.289390] [T15096] veth0 (unregistering): left allmulticast mode
[  525.290306] [T15096] veth0 (unregistering): left promiscuous mode
[  525.291176] [T15096] podman0: port 1(veth0) entered disabled state
[  525.502674] [T15139] podman0: port 1(veth0) entered blocking state
[  525.503628] [T15139] podman0: port 1(veth0) entered disabled state
[  525.504501] [T15139] veth0: entered allmulticast mode
[  525.505291] [T15139] veth0: entered promiscuous mode
[  525.585619] [T15139] podman0: port 1(veth0) entered blocking state
[  525.586547] [T15139] podman0: port 1(veth0) entered forwarding state
[  525.924715] [T15215] podman0: port 1(veth0) entered disabled state
[  526.048942] [T15215] veth0 (unregistering): left allmulticast mode
[  526.049898] [T15215] veth0 (unregistering): left promiscuous mode
[  526.050764] [T15215] podman0: port 1(veth0) entered disabled state
[  526.363934] [T15271] podman0: port 1(veth0) entered blocking state
[  526.364858] [T15271] podman0: port 1(veth0) entered disabled state
[  526.443436] [T15271] veth0: entered allmulticast mode
[  526.444228] [T15271] veth0: entered promiscuous mode
[  526.445171] [T15271] podman0: port 1(veth0) entered blocking state
[  526.446045] [T15271] podman0: port 1(veth0) entered forwarding state
[  526.758612] [T15355] podman0: port 1(veth0) entered disabled state
[  526.893195] [T15355] veth0 (unregistering): left allmulticast mode
[  526.894104] [T15355] veth0 (unregistering): left promiscuous mode
[  526.894949] [T15355] podman0: port 1(veth0) entered disabled state
[  527.097847] [T15400] podman0: port 1(veth0) entered blocking state
[  527.098744] [T15400] podman0: port 1(veth0) entered disabled state
[  527.177234] [T15400] veth0: entered allmulticast mode
[  527.178020] [T15400] veth0: entered promiscuous mode
[  527.178970] [T15400] podman0: port 1(veth0) entered blocking state
[  527.179813] [T15400] podman0: port 1(veth0) entered forwarding state
[  527.477160] [T15475] podman0: port 1(veth0) entered disabled state
[  527.604827] [T15475] veth0 (unregistering): left allmulticast mode
[  527.605703] [T15475] veth0 (unregistering): left promiscuous mode
[  527.606535] [T15475] podman0: port 1(veth0) entered disabled state
[  527.894827] [T15530] podman0: port 1(veth0) entered blocking state
[  527.895739] [T15530] podman0: port 1(veth0) entered disabled state
[  527.973550] [T15530] veth0: entered allmulticast mode
[  527.974329] [T15530] veth0: entered promiscuous mode
[  527.975270] [T15530] podman0: port 1(veth0) entered blocking state
[  527.976120] [T15530] podman0: port 1(veth0) entered forwarding state
[  528.278306] [T15608] podman0: port 1(veth0) entered disabled state
[  528.370304] [T15608] veth0 (unregistering): left allmulticast mode
[  528.371150] [T15608] veth0 (unregistering): left promiscuous mode
[  528.371992] [T15608] podman0: port 1(veth0) entered disabled state
[  528.645712] [T15656] podman0: port 1(veth0) entered blocking state
[  528.646587] [T15656] podman0: port 1(veth0) entered disabled state
[  528.723555] [T15656] veth0: entered allmulticast mode
[  528.726314] [T15656] veth0: entered promiscuous mode
[  528.727872] [T15656] podman0: port 1(veth0) entered blocking state
[  528.728832] [T15656] podman0: port 1(veth0) entered forwarding state
[  529.042945] [T15733] podman0: port 1(veth0) entered disabled state
[  529.120178] [T15733] veth0 (unregistering): left allmulticast mode
[  529.121025] [T15733] veth0 (unregistering): left promiscuous mode
[  529.121849] [T15733] podman0: port 1(veth0) entered disabled state
[  529.374129] [T15784] podman0: port 1(veth0) entered blocking state
[  529.374994] [T15784] podman0: port 1(veth0) entered disabled state
[  529.492526] [T15784] veth0: entered allmulticast mode
[  529.493297] [T15784] veth0: entered promiscuous mode
[  529.494240] [T15784] podman0: port 1(veth0) entered blocking state
[  529.495070] [T15784] podman0: port 1(veth0) entered forwarding state
[  529.769350] [T15861] podman0: port 1(veth0) entered disabled state
[  529.846226] [T15861] veth0 (unregistering): left allmulticast mode
[  529.847082] [T15861] veth0 (unregistering): left promiscuous mode
[  529.847900] [T15861] podman0: port 1(veth0) entered disabled state
[  530.135837] [T15911] podman0: port 1(veth0) entered blocking state
[  530.136708] [T15911] podman0: port 1(veth0) entered disabled state
[  530.213670] [T15911] veth0: entered allmulticast mode
[  530.214436] [T15911] veth0: entered promiscuous mode
[  530.223796] [T15911] podman0: port 1(veth0) entered blocking state
[  530.224643] [T15911] podman0: port 1(veth0) entered forwarding state
[  530.535379] [T15987] podman0: port 1(veth0) entered disabled state
[  530.614139] [T15987] veth0 (unregistering): left allmulticast mode
[  530.615028] [T15987] veth0 (unregistering): left promiscuous mode
[  530.615901] [T15987] podman0: port 1(veth0) entered disabled state
[  531.182098] [T16100] podman0: port 1(veth0) entered blocking state
[  531.183168] [T16100] podman0: port 1(veth0) entered disabled state
[  531.262239] [T16100] veth0: entered allmulticast mode
[  531.263090] [T16100] veth0: entered promiscuous mode
[  531.265376] [T16100] podman0: port 1(veth0) entered blocking state
[  531.266245] [T16100] podman0: port 1(veth0) entered forwarding state
[  531.592052] [T16175] podman0: port 1(veth0) entered disabled state
[  531.671036] [T16175] veth0 (unregistering): left allmulticast mode
[  531.671916] [T16175] veth0 (unregistering): left promiscuous mode
[  531.672751] [T16175] podman0: port 1(veth0) entered disabled state
[  531.923718] [T16224] podman0: port 1(veth0) entered blocking state
[  531.924646] [T16224] podman0: port 1(veth0) entered disabled state
[  532.017965] [T16224] veth0: entered allmulticast mode
[  532.018777] [T16224] veth0: entered promiscuous mode
[  532.019723] [T16224] podman0: port 1(veth0) entered blocking state
[  532.020558] [T16224] podman0: port 1(veth0) entered forwarding state
[  532.333046] [T16302] podman0: port 1(veth0) entered disabled state
[  532.412075] [T16302] veth0 (unregistering): left allmulticast mode
[  532.412944] [T16302] veth0 (unregistering): left promiscuous mode
[  532.413778] [T16302] podman0: port 1(veth0) entered disabled state
[  532.712031] [T16351] podman0: port 1(veth0) entered blocking state
[  532.712950] [T16351] podman0: port 1(veth0) entered disabled state
[  532.790503] [T16351] veth0: entered allmulticast mode
[  532.791279] [T16351] veth0: entered promiscuous mode
[  532.793888] [T16351] podman0: port 1(veth0) entered blocking state
[  532.794740] [T16351] podman0: port 1(veth0) entered forwarding state
[  533.094533] [T16427] podman0: port 1(veth0) entered disabled state
[  533.173424] [T16427] veth0 (unregistering): left allmulticast mode
[  533.174293] [T16427] veth0 (unregistering): left promiscuous mode
[  533.175136] [T16427] podman0: port 1(veth0) entered disabled state
[  533.435614] [T16476] podman0: port 1(veth0) entered blocking state
[  533.436523] [T16476] podman0: port 1(veth0) entered disabled state
[  533.437405] [T16476] veth0: entered allmulticast mode
[  533.438189] [T16476] veth0: entered promiscuous mode
[  533.517030] [T16476] podman0: port 1(veth0) entered blocking state
[  533.517912] [T16476] podman0: port 1(veth0) entered forwarding state
[  533.847415] [T16554] podman0: port 1(veth0) entered disabled state
[  533.925765] [T16554] veth0 (unregistering): left allmulticast mode
[  533.926619] [T16554] veth0 (unregistering): left promiscuous mode
[  533.927441] [T16554] podman0: port 1(veth0) entered disabled state
[  534.292839] [T16621] podman0: port 1(veth0) entered blocking state
[  534.293863] [T16621] podman0: port 1(veth0) entered disabled state
[  534.372001] [T16621] veth0: entered allmulticast mode
[  534.372771] [T16621] veth0: entered promiscuous mode
[  534.375789] [T16621] podman0: port 1(veth0) entered blocking state
[  534.376630] [T16621] podman0: port 1(veth0) entered forwarding state
[  534.650197] [T16696] podman0: port 1(veth0) entered disabled state
[  534.729271] [T16696] veth0 (unregistering): left allmulticast mode
[  534.730136] [T16696] veth0 (unregistering): left promiscuous mode
[  534.730957] [T16696] podman0: port 1(veth0) entered disabled state
[  535.023040] [T16748] podman0: port 1(veth0) entered blocking state
[  535.023949] [T16748] podman0: port 1(veth0) entered disabled state
[  535.115192] [T16748] veth0: entered allmulticast mode
[  535.115975] [T16748] veth0: entered promiscuous mode
[  535.116948] [T16748] podman0: port 1(veth0) entered blocking state
[  535.117801] [T16748] podman0: port 1(veth0) entered forwarding state
[  535.121638] [  T384] podman0: port 1(veth0) entered disabled state
[  535.128902] [    T7] podman0: port 1(veth0) entered blocking state
[  535.129861] [    T7] podman0: port 1(veth0) entered forwarding state
[  535.420558] [T16822] podman0: port 1(veth0) entered disabled state
[  535.499281] [T16822] veth0 (unregistering): left allmulticast mode
[  535.500124] [T16822] veth0 (unregistering): left promiscuous mode
[  535.500946] [T16822] podman0: port 1(veth0) entered disabled state
[  535.738716] [T16871] podman0: port 1(veth0) entered blocking state
[  535.739615] [T16871] podman0: port 1(veth0) entered disabled state
[  535.817435] [T16871] veth0: entered allmulticast mode
[  535.818693] [T16871] veth0: entered promiscuous mode
[  535.819775] [T16871] podman0: port 1(veth0) entered blocking state
[  535.820609] [T16871] podman0: port 1(veth0) entered forwarding state
[  536.122662] [T16947] podman0: port 1(veth0) entered disabled state
[  536.232453] [T16947] veth0 (unregistering): left allmulticast mode
[  536.233302] [T16947] veth0 (unregistering): left promiscuous mode
[  536.234130] [T16947] podman0: port 1(veth0) entered disabled state
[  536.506855] [T16996] podman0: port 1(veth0) entered blocking state
[  536.507747] [T16996] podman0: port 1(veth0) entered disabled state
[  536.586176] [T16996] veth0: entered allmulticast mode
[  536.586942] [T16996] veth0: entered promiscuous mode
[  536.587979] [T16996] podman0: port 1(veth0) entered blocking state
[  536.588834] [T16996] podman0: port 1(veth0) entered forwarding state
[  536.869700] [T17074] podman0: port 1(veth0) entered disabled state
[  536.947882] [T17074] veth0 (unregistering): left allmulticast mode
[  536.948773] [T17074] veth0 (unregistering): left promiscuous mode
[  536.949604] [T17074] podman0: port 1(veth0) entered disabled state
[  537.292888] [T17141] podman0: port 1(veth0) entered blocking state
[  537.293776] [T17141] podman0: port 1(veth0) entered disabled state
[  537.408300] [T17141] veth0: entered allmulticast mode
[  537.409151] [T17141] veth0: entered promiscuous mode
[  537.413905] [T17141] podman0: port 1(veth0) entered blocking state
[  537.414765] [T17141] podman0: port 1(veth0) entered forwarding state
[  537.713599] [T17217] podman0: port 1(veth0) entered disabled state
[  537.792293] [T17217] veth0 (unregistering): left allmulticast mode
[  537.793144] [T17217] veth0 (unregistering): left promiscuous mode
[  537.793984] [T17217] podman0: port 1(veth0) entered disabled state
[  538.052335] [T17267] podman0: port 1(veth0) entered blocking state
[  538.053212] [T17267] podman0: port 1(veth0) entered disabled state
[  538.131301] [T17267] veth0: entered allmulticast mode
[  538.133627] [T17267] veth0: entered promiscuous mode
[  538.134583] [T17267] podman0: port 1(veth0) entered blocking state
[  538.135434] [T17267] podman0: port 1(veth0) entered forwarding state
[  538.432973] [T17343] podman0: port 1(veth0) entered disabled state
[  538.511757] [T17343] veth0 (unregistering): left allmulticast mode
[  538.512734] [T17343] veth0 (unregistering): left promiscuous mode
[  538.513611] [T17343] podman0: port 1(veth0) entered disabled state
[  538.771323] [T17393] podman0: port 1(veth0) entered blocking state
[  538.772292] [T17393] podman0: port 1(veth0) entered disabled state
[  538.898065] [T17393] veth0: entered allmulticast mode
[  538.898931] [T17393] veth0: entered promiscuous mode
[  538.899894] [T17393] podman0: port 1(veth0) entered blocking state
[  538.900749] [T17393] podman0: port 1(veth0) entered forwarding state
[  539.210290] [T17469] podman0: port 1(veth0) entered disabled state
[  539.288245] [T17469] veth0 (unregistering): left allmulticast mode
[  539.289164] [T17469] veth0 (unregistering): left promiscuous mode
[  539.290011] [T17469] podman0: port 1(veth0) entered disabled state
[  539.546944] [T17519] podman0: port 1(veth0) entered blocking state
[  539.547827] [T17519] podman0: port 1(veth0) entered disabled state
[  539.626932] [T17519] veth0: entered allmulticast mode
[  539.627714] [T17519] veth0: entered promiscuous mode
[  539.631980] [T17519] podman0: port 1(veth0) entered blocking state
[  539.632822] [T17519] podman0: port 1(veth0) entered forwarding state
[  539.915431] [T17595] podman0: port 1(veth0) entered disabled state
[  539.994135] [T17595] veth0 (unregistering): left allmulticast mode
[  539.995015] [T17595] veth0 (unregistering): left promiscuous mode
[  539.995869] [T17595] podman0: port 1(veth0) entered disabled state
[  540.381985] [T17662] podman0: port 1(veth0) entered blocking state
[  540.383077] [T17662] podman0: port 1(veth0) entered disabled state
[  540.464916] [T17662] veth0: entered allmulticast mode
[  540.465731] [T17662] veth0: entered promiscuous mode
[  540.467750] [T17662] podman0: port 1(veth0) entered blocking state
[  540.468635] [T17662] podman0: port 1(veth0) entered forwarding state
[  540.766564] [T17739] podman0: port 1(veth0) entered disabled state
[  540.845386] [T17739] veth0 (unregistering): left allmulticast mode
[  540.846261] [T17739] veth0 (unregistering): left promiscuous mode
[  540.847093] [T17739] podman0: port 1(veth0) entered disabled state
[  541.093199] [T17787] podman0: port 1(veth0) entered blocking state
[  541.094341] [T17787] podman0: port 1(veth0) entered disabled state
[  541.182603] [T17787] veth0: entered allmulticast mode
[  541.183414] [T17787] veth0: entered promiscuous mode
[  541.184381] [T17787] podman0: port 1(veth0) entered blocking state
[  541.185233] [T17787] podman0: port 1(veth0) entered forwarding state
[  541.486780] [T17864] podman0: port 1(veth0) entered disabled state
[  541.596831] [T17864] veth0 (unregistering): left allmulticast mode
[  541.597707] [T17864] veth0 (unregistering): left promiscuous mode
[  541.598562] [T17864] podman0: port 1(veth0) entered disabled state
[  541.857076] [T17914] podman0: port 1(veth0) entered blocking state
[  541.858024] [T17914] podman0: port 1(veth0) entered disabled state
[  541.937294] [T17914] veth0: entered allmulticast mode
[  541.938099] [T17914] veth0: entered promiscuous mode
[  541.939113] [T17914] podman0: port 1(veth0) entered blocking state
[  541.939956] [T17914] podman0: port 1(veth0) entered forwarding state
[  542.232392] [T17990] podman0: port 1(veth0) entered disabled state
[  542.310433] [T17990] veth0 (unregistering): left allmulticast mode
[  542.311285] [T17990] veth0 (unregistering): left promiscuous mode
[  542.312131] [T17990] podman0: port 1(veth0) entered disabled state
[  542.571936] [T18039] podman0: port 1(veth0) entered blocking state
[  542.572842] [T18039] podman0: port 1(veth0) entered disabled state
[  542.652214] [T18039] veth0: entered allmulticast mode
[  542.652987] [T18039] veth0: entered promiscuous mode
[  542.654262] [T18039] podman0: port 1(veth0) entered blocking state
[  542.655119] [T18039] podman0: port 1(veth0) entered forwarding state
[  542.950838] [T18117] podman0: port 1(veth0) entered disabled state
[  543.061027] [T18117] veth0 (unregistering): left allmulticast mode
[  543.061943] [T18117] veth0 (unregistering): left promiscuous mode
[  543.062783] [T18117] podman0: port 1(veth0) entered disabled state
[  543.428573] [T18183] podman0: port 1(veth0) entered blocking state
[  543.429523] [T18183] podman0: port 1(veth0) entered disabled state
[  543.511720] [T18183] veth0: entered allmulticast mode
[  543.512680] [T18183] veth0: entered promiscuous mode
[  543.515625] [T18183] podman0: port 1(veth0) entered blocking state
[  543.516489] [T18183] podman0: port 1(veth0) entered forwarding state
[  543.811392] [T18260] podman0: port 1(veth0) entered disabled state
[  543.890223] [T18260] veth0 (unregistering): left allmulticast mode
[  543.891137] [T18260] veth0 (unregistering): left promiscuous mode
[  543.892011] [T18260] podman0: port 1(veth0) entered disabled state
[  544.145234] [T18310] podman0: port 1(veth0) entered blocking state
[  544.146140] [T18310] podman0: port 1(veth0) entered disabled state
[  544.147011] [T18310] veth0: entered allmulticast mode
[  544.147771] [T18310] veth0: entered promiscuous mode
[  544.235255] [T18310] podman0: port 1(veth0) entered blocking state
[  544.236108] [T18310] podman0: port 1(veth0) entered forwarding state
[  544.545882] [T18386] podman0: port 1(veth0) entered disabled state
[  544.667172] [T18386] veth0 (unregistering): left allmulticast mode
[  544.668172] [T18386] veth0 (unregistering): left promiscuous mode
[  544.669052] [T18386] podman0: port 1(veth0) entered disabled state
[  544.933179] [T18436] podman0: port 1(veth0) entered blocking state
[  544.934081] [T18436] podman0: port 1(veth0) entered disabled state
[  545.011955] [T18436] veth0: entered allmulticast mode
[  545.012730] [T18436] veth0: entered promiscuous mode
[  545.013916] [T18436] podman0: port 1(veth0) entered blocking state
[  545.014869] [T18436] podman0: port 1(veth0) entered forwarding state
[  545.303354] [T18512] podman0: port 1(veth0) entered disabled state
[  545.382186] [T18512] veth0 (unregistering): left allmulticast mode
[  545.383068] [T18512] veth0 (unregistering): left promiscuous mode
[  545.383914] [T18512] podman0: port 1(veth0) entered disabled state
[  545.638496] [T18562] podman0: port 1(veth0) entered blocking state
[  545.639734] [T18562] podman0: port 1(veth0) entered disabled state
[  545.717481] [T18562] veth0: entered allmulticast mode
[  545.718247] [T18562] veth0: entered promiscuous mode
[  545.719489] [T18562] podman0: port 1(veth0) entered blocking state
[  545.720329] [T18562] podman0: port 1(veth0) entered forwarding state
[  546.019175] [T18638] podman0: port 1(veth0) entered disabled state
[  546.097894] [T18638] veth0 (unregistering): left allmulticast mode
[  546.098790] [T18638] veth0 (unregistering): left promiscuous mode
[  546.099616] [T18638] podman0: port 1(veth0) entered disabled state
[  546.495387] [T18704] podman0: port 1(veth0) entered blocking state
[  546.496257] [T18704] podman0: port 1(veth0) entered disabled state
[  546.582530] [T18704] veth0: entered allmulticast mode
[  546.583248] [T18704] veth0: entered promiscuous mode
[  546.586016] [T18704] podman0: port 1(veth0) entered blocking state
[  546.586793] [T18704] podman0: port 1(veth0) entered forwarding state
[  546.880092] [T18781] podman0: port 1(veth0) entered disabled state
[  546.961485] [T18781] veth0 (unregistering): left allmulticast mode
[  546.962416] [T18781] veth0 (unregistering): left promiscuous mode
[  546.963256] [T18781] podman0: port 1(veth0) entered disabled state
[  547.215018] [T18831] podman0: port 1(veth0) entered blocking state
[  547.215931] [T18831] podman0: port 1(veth0) entered disabled state
[  547.216780] [T18831] veth0: entered allmulticast mode
[  547.217552] [T18831] veth0: entered promiscuous mode
[  547.304411] [T18831] podman0: port 1(veth0) entered blocking state
[  547.305267] [T18831] podman0: port 1(veth0) entered forwarding state
[  547.592234] [T18907] podman0: port 1(veth0) entered disabled state
[  547.668899] [T18907] veth0 (unregistering): left allmulticast mode
[  547.669778] [T18907] veth0 (unregistering): left promiscuous mode
[  547.670599] [T18907] podman0: port 1(veth0) entered disabled state
[  547.935162] [T18958] podman0: port 1(veth0) entered blocking state
[  547.936020] [T18958] podman0: port 1(veth0) entered disabled state
[  548.061638] [T18958] veth0: entered allmulticast mode
[  548.062428] [T18958] veth0: entered promiscuous mode
[  548.064997] [T18958] podman0: port 1(veth0) entered blocking state
[  548.065864] [T18958] podman0: port 1(veth0) entered forwarding state
[  548.371378] [T19034] podman0: port 1(veth0) entered disabled state
[  548.450317] [T19034] veth0 (unregistering): left allmulticast mode
[  548.451195] [T19034] veth0 (unregistering): left promiscuous mode
[  548.452052] [T19034] podman0: port 1(veth0) entered disabled state
[  548.708339] [T19083] podman0: port 1(veth0) entered blocking state
[  548.709252] [T19083] podman0: port 1(veth0) entered disabled state
[  548.786342] [T19083] veth0: entered allmulticast mode
[  548.787139] [T19083] veth0: entered promiscuous mode
[  548.788219] [T19083] podman0: port 1(veth0) entered blocking state
[  548.789082] [T19083] podman0: port 1(veth0) entered forwarding state
[  549.100703] [T19160] podman0: port 1(veth0) entered disabled state
[  549.179972] [T19160] veth0 (unregistering): left allmulticast mode
[  549.180876] [T19160] veth0 (unregistering): left promiscuous mode
[  549.181781] [T19160] podman0: port 1(veth0) entered disabled state
[  549.529984] [T19226] podman0: port 1(veth0) entered blocking state
[  549.530940] [T19226] podman0: port 1(veth0) entered disabled state
[  549.645290] [T19226] veth0: entered allmulticast mode
[  549.646066] [T19226] veth0: entered promiscuous mode
[  549.647004] [T19226] podman0: port 1(veth0) entered blocking state
[  549.647834] [T19226] podman0: port 1(veth0) entered forwarding state
[  549.963882] [T19303] podman0: port 1(veth0) entered disabled state
[  550.041901] [T19303] veth0 (unregistering): left allmulticast mode
[  550.042820] [T19303] veth0 (unregistering): left promiscuous mode
[  550.043667] [T19303] podman0: port 1(veth0) entered disabled state
[  550.289396] [T19354] podman0: port 1(veth0) entered blocking state
[  550.290401] [T19354] podman0: port 1(veth0) entered disabled state
[  550.291245] [T19354] veth0: entered allmulticast mode
[  550.381476] [T19354] veth0: entered promiscuous mode
[  550.382504] [T19354] podman0: port 1(veth0) entered blocking state
[  550.383366] [T19354] podman0: port 1(veth0) entered forwarding state
[  550.680062] [T19430] podman0: port 1(veth0) entered disabled state
[  550.758370] [T19430] veth0 (unregistering): left allmulticast mode
[  550.759287] [T19430] veth0 (unregistering): left promiscuous mode
[  550.760142] [T19430] podman0: port 1(veth0) entered disabled state
[  551.014955] [T19479] podman0: port 1(veth0) entered blocking state
[  551.015876] [T19479] podman0: port 1(veth0) entered disabled state
[  551.097061] [T19479] veth0: entered allmulticast mode
[  551.097874] [T19479] veth0: entered promiscuous mode
[  551.099199] [T19479] podman0: port 1(veth0) entered blocking state
[  551.100061] [T19479] podman0: port 1(veth0) entered forwarding state
[  551.397472] [T19555] podman0: port 1(veth0) entered disabled state
[  551.495708] [T19555] veth0 (unregistering): left allmulticast mode
[  551.496617] [T19555] veth0 (unregistering): left promiscuous mode
[  551.497474] [T19555] podman0: port 1(veth0) entered disabled state
[  551.758416] [T19605] podman0: port 1(veth0) entered blocking state
[  551.759351] [T19605] podman0: port 1(veth0) entered disabled state
[  551.837679] [T19605] veth0: entered allmulticast mode
[  551.839828] [T19605] veth0: entered promiscuous mode
[  551.840776] [T19605] podman0: port 1(veth0) entered blocking state
[  551.841639] [T19605] podman0: port 1(veth0) entered forwarding state
[  552.140717] [T19681] podman0: port 1(veth0) entered disabled state
[  552.219110] [T19681] veth0 (unregistering): left allmulticast mode
[  552.220090] [T19681] veth0 (unregistering): left promiscuous mode
[  552.220976] [T19681] podman0: port 1(veth0) entered disabled state
[  552.570850] [T19749] podman0: port 1(veth0) entered blocking state
[  552.571829] [T19749] podman0: port 1(veth0) entered disabled state
[  552.652973] [T19749] veth0: entered allmulticast mode
[  552.653780] [T19749] veth0: entered promiscuous mode
[  552.654729] [T19749] podman0: port 1(veth0) entered blocking state
[  552.655585] [T19749] podman0: port 1(veth0) entered forwarding state
[  552.960526] [T19826] podman0: port 1(veth0) entered disabled state
[  553.059119] [T19826] veth0 (unregistering): left allmulticast mode
[  553.059987] [T19826] veth0 (unregistering): left promiscuous mode
[  553.060811] [T19826] podman0: port 1(veth0) entered disabled state
[  553.329587] [T19874] podman0: port 1(veth0) entered blocking state
[  553.330527] [T19874] podman0: port 1(veth0) entered disabled state
[  553.408809] [T19874] veth0: entered allmulticast mode
[  553.409607] [T19874] veth0: entered promiscuous mode
[  553.418435] [T19874] podman0: port 1(veth0) entered blocking state
[  553.419291] [T19874] podman0: port 1(veth0) entered forwarding state
[  553.716299] [T19951] podman0: port 1(veth0) entered disabled state
[  553.795655] [T19951] veth0 (unregistering): left allmulticast mode
[  553.796589] [T19951] veth0 (unregistering): left promiscuous mode
[  553.797564] [T19951] podman0: port 1(veth0) entered disabled state
[  554.067161] [T20001] podman0: port 1(veth0) entered blocking state
[  554.068104] [T20001] podman0: port 1(veth0) entered disabled state
[  554.147781] [T20001] veth0: entered allmulticast mode
[  554.148594] [T20001] veth0: entered promiscuous mode
[  554.149559] [T20001] podman0: port 1(veth0) entered blocking state
[  554.150402] [T20001] podman0: port 1(veth0) entered forwarding state
[  554.438676] [T20077] podman0: port 1(veth0) entered disabled state
[  554.517751] [T20077] veth0 (unregistering): left allmulticast mode
[  554.518626] [T20077] veth0 (unregistering): left promiscuous mode
[  554.519453] [T20077] podman0: port 1(veth0) entered disabled state
[  554.795411] [T20127] podman0: port 1(veth0) entered blocking state
[  554.796622] [T20127] podman0: port 1(veth0) entered disabled state
[  554.889346] [T20127] veth0: entered allmulticast mode
[  554.890183] [T20127] veth0: entered promiscuous mode
[  554.891212] [T20127] podman0: port 1(veth0) entered blocking state
[  554.892071] [T20127] podman0: port 1(veth0) entered forwarding state
[  555.211951] [T20202] podman0: port 1(veth0) entered disabled state
[  555.290808] [T20202] veth0 (unregistering): left allmulticast mode
[  555.291760] [T20202] veth0 (unregistering): left promiscuous mode
[  555.292633] [T20202] podman0: port 1(veth0) entered disabled state
[  555.654907] [T20266] podman0: port 1(veth0) entered blocking state
[  555.655987] [T20266] podman0: port 1(veth0) entered disabled state
[  555.733719] [T20266] veth0: entered allmulticast mode
[  555.734526] [T20266] veth0: entered promiscuous mode
[  555.736891] [T20266] podman0: port 1(veth0) entered blocking state
[  555.737753] [T20266] podman0: port 1(veth0) entered forwarding state
[  556.036331] [T20343] podman0: port 1(veth0) entered disabled state
[  556.114461] [T20343] veth0 (unregistering): left allmulticast mode
[  556.115334] [T20343] veth0 (unregistering): left promiscuous mode
[  556.116165] [T20343] podman0: port 1(veth0) entered disabled state
[  556.369657] [T20393] podman0: port 1(veth0) entered blocking state
[  556.370642] [T20393] podman0: port 1(veth0) entered disabled state
[  556.455493] [T20393] veth0: entered allmulticast mode
[  556.456349] [T20393] veth0: entered promiscuous mode
[  556.461557] [T20393] podman0: port 1(veth0) entered blocking state
[  556.462433] [T20393] podman0: port 1(veth0) entered forwarding state
[  556.766955] [T20469] podman0: port 1(veth0) entered disabled state
[  556.896610] [T20469] veth0 (unregistering): left allmulticast mode
[  556.897583] [T20469] veth0 (unregistering): left promiscuous mode
[  556.898601] [T20469] podman0: port 1(veth0) entered disabled state
[  557.162700] [T20518] podman0: port 1(veth0) entered blocking state
[  557.163655] [T20518] podman0: port 1(veth0) entered disabled state
[  557.241859] [T20518] veth0: entered allmulticast mode
[  557.242662] [T20518] veth0: entered promiscuous mode
[  557.247056] [T20518] podman0: port 1(veth0) entered blocking state
[  557.247912] [T20518] podman0: port 1(veth0) entered forwarding state
[  557.547493] [T20595] podman0: port 1(veth0) entered disabled state
[  557.625819] [T20595] veth0 (unregistering): left allmulticast mode
[  557.626695] [T20595] veth0 (unregistering): left promiscuous mode
[  557.627533] [T20595] podman0: port 1(veth0) entered disabled state
[  557.881562] [T20644] podman0: port 1(veth0) entered blocking state
[  557.882494] [T20644] podman0: port 1(veth0) entered disabled state
[  557.883353] [T20644] veth0: entered allmulticast mode
[  557.884124] [T20644] veth0: entered promiscuous mode
[  557.964929] [T20644] podman0: port 1(veth0) entered blocking state
[  557.965798] [T20644] podman0: port 1(veth0) entered forwarding state
[  558.260528] [T20721] podman0: port 1(veth0) entered disabled state
[  558.339607] [T20721] veth0 (unregistering): left allmulticast mode
[  558.340509] [T20721] veth0 (unregistering): left promiscuous mode
[  558.341358] [T20721] podman0: port 1(veth0) entered disabled state
[  558.703032] [T20789] podman0: port 1(veth0) entered blocking state
[  558.703993] [T20789] podman0: port 1(veth0) entered disabled state
[  558.815178] [T20789] veth0: entered allmulticast mode
[  558.816014] [T20789] veth0: entered promiscuous mode
[  558.816972] [T20789] podman0: port 1(veth0) entered blocking state
[  558.817825] [T20789] podman0: port 1(veth0) entered forwarding state
[  558.819205] [T14611] podman0: port 1(veth0) entered disabled state
[  558.830549] [T13943] podman0: port 1(veth0) entered blocking state
[  558.831398] [T13943] podman0: port 1(veth0) entered forwarding state
[  559.126518] [T20864] podman0: port 1(veth0) entered disabled state
[  559.204683] [T20864] veth0 (unregistering): left allmulticast mode
[  559.205673] [T20864] veth0 (unregistering): left promiscuous mode
[  559.206533] [T20864] podman0: port 1(veth0) entered disabled state
[  559.481297] [T20913] podman0: port 1(veth0) entered blocking state
[  559.482290] [T20913] podman0: port 1(veth0) entered disabled state
[  559.561139] [T20913] veth0: entered allmulticast mode
[  559.564025] [T20913] veth0: entered promiscuous mode
[  559.565864] [T20913] podman0: port 1(veth0) entered blocking state
[  559.566736] [T20913] podman0: port 1(veth0) entered forwarding state
[  559.894811] [T20991] podman0: port 1(veth0) entered disabled state
[  559.973663] [T20991] veth0 (unregistering): left allmulticast mode
[  559.974546] [T20991] veth0 (unregistering): left promiscuous mode
[  559.975405] [T20991] podman0: port 1(veth0) entered disabled state
[  560.235317] [T21039] podman0: port 1(veth0) entered blocking state
[  560.236301] [T21039] podman0: port 1(veth0) entered disabled state
[  560.314987] [T21039] veth0: entered allmulticast mode
[  560.315790] [T21039] veth0: entered promiscuous mode
[  560.316859] [T21039] podman0: port 1(veth0) entered blocking state
[  560.317710] [T21039] podman0: port 1(veth0) entered forwarding state
[  560.628605] [T21116] podman0: port 1(veth0) entered disabled state
[  560.720443] [T21116] veth0 (unregistering): left allmulticast mode
[  560.721335] [T21116] veth0 (unregistering): left promiscuous mode
[  560.722196] [T21116] podman0: port 1(veth0) entered disabled state
[  560.988201] [T21168] podman0: port 1(veth0) entered blocking state
[  560.989166] [T21168] podman0: port 1(veth0) entered disabled state
[  560.990027] [T21168] veth0: entered allmulticast mode
[  560.990795] [T21168] veth0: entered promiscuous mode
[  561.069387] [T21168] podman0: port 1(veth0) entered blocking state
[  561.070239] [T21168] podman0: port 1(veth0) entered forwarding state
[  561.369690] [T21243] podman0: port 1(veth0) entered disabled state
[  561.447827] [T21243] veth0 (unregistering): left allmulticast mode
[  561.448736] [T21243] veth0 (unregistering): left promiscuous mode
[  561.449710] [T21243] podman0: port 1(veth0) entered disabled state
[  570.951959] [T23866] block vda: the capability attribute has been deprecated.
[  573.164887] [T25342] NET: Registered PF_ALG protocol family
[  588.753798] [ T6884] podman1: port 1(veth0) entered blocking state
[  588.754787] [ T6884] podman1: port 1(veth0) entered disabled state
[  588.835968] [ T6884] veth0: entered allmulticast mode
[  588.837477] [ T6884] veth0: entered promiscuous mode
[  588.838800] [ T6884] podman1: port 1(veth0) entered blocking state
[  588.839656] [ T6884] podman1: port 1(veth0) entered forwarding state
[  589.210243] [ T6987] podman1: port 2(veth1) entered blocking state
[  589.211180] [ T6987] podman1: port 2(veth1) entered disabled state
[  589.291951] [ T6987] veth1: entered allmulticast mode
[  589.292742] [ T6987] veth1: entered promiscuous mode
[  589.297573] [ T6987] podman1: port 2(veth1) entered blocking state
[  589.298456] [ T6987] podman1: port 2(veth1) entered forwarding state
[  589.501458] [ T6987] podman2: port 1(veth2) entered blocking state
[  589.502313] [ T6987] podman2: port 1(veth2) entered disabled state
[  589.503158] [ T6987] veth2: entered allmulticast mode
[  589.503916] [ T6987] veth2: entered promiscuous mode
[  589.584186] [ T6987] podman2: port 1(veth2) entered blocking state
[  589.585068] [ T6987] podman2: port 1(veth2) entered forwarding state
