[    0.000000][    T0] Linux version 6.9.1-1-default (geeko@buildhost) (gcc (SUSE Linux) 13.2.1 20240509 [revision b7a2697733d19a093cbdd0e200ffce069a4bc812], GNU ld (GNU Binutils; openSUSE Tumbleweed) 2.42.0.20240130-3) #1 SMP PREEMPT_DYNAMIC Fri May 17 11:59:46 UTC 2024 (0c0b0b5)
[    0.000000][    T0] Command line: BOOT_IMAGE=/boot/vmlinuz-6.9.1-1-default root=UUID=e30f2f24-8ebe-4eb2-a3e4-7f94c08f2814 splash=silent video=1024x768 plymouth.ignore-serial-consoles console=ttyS0 console=tty kernel.softlockup_panic=1 resume=/dev/disk/by-uuid/350ef8df-2937-4484-9b74-cdf0b1f4c465 security=apparmor mitigations=auto
[    0.000000][    T0] BIOS-provided physical RAM map:
[    0.000000][    T0] BIOS-e820: [mem 0x0000000000000000-0x000000000009fbff] usable
[    0.000000][    T0] BIOS-e820: [mem 0x000000000009fc00-0x000000000009ffff] reserved
[    0.000000][    T0] BIOS-e820: [mem 0x00000000000f0000-0x00000000000fffff] reserved
[    0.000000][    T0] BIOS-e820: [mem 0x0000000000100000-0x000000007ffd5fff] usable
[    0.000000][    T0] BIOS-e820: [mem 0x000000007ffd6000-0x000000007fffffff] reserved
[    0.000000][    T0] BIOS-e820: [mem 0x00000000feffc000-0x00000000feffffff] reserved
[    0.000000][    T0] BIOS-e820: [mem 0x00000000fffc0000-0x00000000ffffffff] reserved
[    0.000000][    T0] BIOS-e820: [mem 0x000000fd00000000-0x000000ffffffffff] reserved
[    0.000000][    T0] NX (Execute Disable) protection: active
[    0.000000][    T0] APIC: Static calls initialized
[    0.000000][    T0] SMBIOS 2.8 present.
[    0.000000][    T0] DMI: QEMU Standard PC (i440FX + PIIX, 1996), BIOS rel-1.16.0-0-gd239552c-rebuilt.opensuse.org 04/01/2014
[    0.000000][    T0] Hypervisor detected: KVM
[    0.000000][    T0] kvm-clock: Using msrs 4b564d01 and 4b564d00
[    0.000000][    T0] kvm-clock: using sched offset of 6250202374 cycles
[    0.000002][    T0] clocksource: kvm-clock: mask: 0xffffffffffffffff max_cycles: 0x1cd42e4dffb, max_idle_ns: 881590591483 ns
[    0.000003][    T0] tsc: Detected 2199.998 MHz processor
[    0.000919][    T0] last_pfn = 0x7ffd6 max_arch_pfn = 0x400000000
[    0.000974][    T0] MTRR map: 4 entries (3 fixed + 1 variable; max 19), built from 8 variable MTRRs
[    0.000977][    T0] x86/PAT: Configuration [0-7]: WB  WC  UC- UC  WB  WP  UC- WT  
[    0.003299][    T0] found SMP MP-table at [mem 0x000f5b40-0x000f5b4f]
[    0.003311][    T0] Using GB pages for direct mapping
[    0.003463][    T0] RAMDISK: [mem 0x34e37000-0x36712fff]
[    0.003468][    T0] ACPI: Early table checksum verification disabled
[    0.003470][    T0] ACPI: RSDP 0x00000000000F5960 000014 (v00 BOCHS )
[    0.003480][    T0] ACPI: RSDT 0x000000007FFE194F 000034 (v01 BOCHS  BXPC     00000001 BXPC 00000001)
[    0.003484][    T0] ACPI: FACP 0x000000007FFE17FB 000074 (v01 BOCHS  BXPC     00000001 BXPC 00000001)
[    0.003487][    T0] ACPI: DSDT 0x000000007FFE0040 0017BB (v01 BOCHS  BXPC     00000001 BXPC 00000001)
[    0.003490][    T0] ACPI: FACS 0x000000007FFE0000 000040
[    0.003492][    T0] ACPI: APIC 0x000000007FFE186F 000080 (v01 BOCHS  BXPC     00000001 BXPC 00000001)
[    0.003494][    T0] ACPI: HPET 0x000000007FFE18EF 000038 (v01 BOCHS  BXPC     00000001 BXPC 00000001)
[    0.003496][    T0] ACPI: WAET 0x000000007FFE1927 000028 (v01 BOCHS  BXPC     00000001 BXPC 00000001)
[    0.003498][    T0] ACPI: Reserving FACP table memory at [mem 0x7ffe17fb-0x7ffe186e]
[    0.003499][    T0] ACPI: Reserving DSDT table memory at [mem 0x7ffe0040-0x7ffe17fa]
[    0.003500][    T0] ACPI: Reserving FACS table memory at [mem 0x7ffe0000-0x7ffe003f]
[    0.003500][    T0] ACPI: Reserving APIC table memory at [mem 0x7ffe186f-0x7ffe18ee]
[    0.003501][    T0] ACPI: Reserving HPET table memory at [mem 0x7ffe18ef-0x7ffe1926]
[    0.003502][    T0] ACPI: Reserving WAET table memory at [mem 0x7ffe1927-0x7ffe194e]
[    0.003822][    T0] No NUMA configuration found
[    0.003824][    T0] Faking a node at [mem 0x0000000000000000-0x000000007ffd5fff]
[    0.003832][    T0] NODE_DATA(0) allocated [mem 0x7ffab000-0x7ffd5fff]
[    0.004046][    T0] Zone ranges:
[    0.004046][    T0]   DMA      [mem 0x0000000000001000-0x0000000000ffffff]
[    0.004048][    T0]   DMA32    [mem 0x0000000001000000-0x000000007ffd5fff]
[    0.004049][    T0]   Normal   empty
[    0.004050][    T0]   Device   empty
[    0.004050][    T0] Movable zone start for each node
[    0.004052][    T0] Early memory node ranges
[    0.004053][    T0]   node   0: [mem 0x0000000000001000-0x000000000009efff]
[    0.004054][    T0]   node   0: [mem 0x0000000000100000-0x000000007ffd5fff]
[    0.004055][    T0] Initmem setup node 0 [mem 0x0000000000001000-0x000000007ffd5fff]
[    0.004062][    T0] On node 0, zone DMA: 1 pages in unavailable ranges
[    0.004091][    T0] On node 0, zone DMA: 97 pages in unavailable ranges
[    0.004597][    T0] On node 0, zone DMA32: 42 pages in unavailable ranges
[    0.005124][    T0] ACPI: PM-Timer IO Port: 0x608
[    0.005132][    T0] ACPI: LAPIC_NMI (acpi_id[0xff] dfl dfl lint[0x1])
[    0.005162][    T0] IOAPIC[0]: apic_id 0, version 17, address 0xfec00000, GSI 0-23
[    0.005164][    T0] ACPI: INT_SRC_OVR (bus 0 bus_irq 0 global_irq 2 dfl dfl)
[    0.005165][    T0] ACPI: INT_SRC_OVR (bus 0 bus_irq 5 global_irq 5 high level)
[    0.005166][    T0] ACPI: INT_SRC_OVR (bus 0 bus_irq 9 global_irq 9 high level)
[    0.005167][    T0] ACPI: INT_SRC_OVR (bus 0 bus_irq 10 global_irq 10 high level)
[    0.005168][    T0] ACPI: INT_SRC_OVR (bus 0 bus_irq 11 global_irq 11 high level)
[    0.005171][    T0] ACPI: Using ACPI (MADT) for SMP configuration information
[    0.005172][    T0] ACPI: HPET id: 0x8086a201 base: 0xfed00000
[    0.005173][    T0] TSC deadline timer available
[    0.005178][    T0] CPU topo: Max. logical packages:   1
[    0.005178][    T0] CPU topo: Max. logical dies:       1
[    0.005179][    T0] CPU topo: Max. dies per package:   1
[    0.005183][    T0] CPU topo: Max. threads per core:   1
[    0.005184][    T0] CPU topo: Num. cores per package:     2
[    0.005184][    T0] CPU topo: Num. threads per package:   2
[    0.005185][    T0] CPU topo: Allowing 2 present CPUs plus 0 hotplug CPUs
[    0.005199][    T0] kvm-guest: APIC: eoi() replaced with kvm_guest_apic_eoi_write()
[    0.005209][    T0] kvm-guest: KVM setup pv remote TLB flush
[    0.005214][    T0] kvm-guest: setup PV sched yield
[    0.005219][    T0] PM: hibernation: Registered nosave memory: [mem 0x00000000-0x00000fff]
[    0.005220][    T0] PM: hibernation: Registered nosave memory: [mem 0x0009f000-0x0009ffff]
[    0.005221][    T0] PM: hibernation: Registered nosave memory: [mem 0x000a0000-0x000effff]
[    0.005222][    T0] PM: hibernation: Registered nosave memory: [mem 0x000f0000-0x000fffff]
[    0.005223][    T0] [mem 0x80000000-0xfeffbfff] available for PCI devices
[    0.005224][    T0] Booting paravirtualized kernel on KVM
[    0.005225][    T0] clocksource: refined-jiffies: mask: 0xffffffff max_cycles: 0xffffffff, max_idle_ns: 6370452778343963 ns
[    0.009907][    T0] setup_percpu: NR_CPUS:8192 nr_cpumask_bits:2 nr_cpu_ids:2 nr_node_ids:1
[    0.010109][    T0] percpu: Embedded 72 pages/cpu s258048 r8192 d28672 u1048576
[    0.010146][    T0] kvm-guest: PV spinlocks enabled
[    0.010147][    T0] PV qspinlock hash table entries: 256 (order: 0, 4096 bytes, linear)
[    0.010150][    T0] Kernel command line: BOOT_IMAGE=/boot/vmlinuz-6.9.1-1-default root=UUID=e30f2f24-8ebe-4eb2-a3e4-7f94c08f2814 splash=silent video=1024x768 plymouth.ignore-serial-consoles console=ttyS0 console=tty kernel.softlockup_panic=1 resume=/dev/disk/by-uuid/350ef8df-2937-4484-9b74-cdf0b1f4c465 security=apparmor mitigations=auto
[    0.010264][    T0] Unknown kernel command line parameters "BOOT_IMAGE=/boot/vmlinuz-6.9.1-1-default splash=silent", will be passed to user space.
[    0.010282][    T0] random: crng init done
[    0.010459][    T0] Dentry cache hash table entries: 262144 (order: 9, 2097152 bytes, linear)
[    0.010514][    T0] Inode-cache hash table entries: 131072 (order: 8, 1048576 bytes, linear)
[    0.010537][    T0] Fallback order for Node 0: 0 
[    0.010539][    T0] Built 1 zonelists, mobility grouping on.  Total pages: 515798
[    0.010540][    T0] Policy zone: DMA32
[    0.010541][    T0] mem auto-init: stack:off, heap alloc:off, heap free:off
[    0.011245][    T0] Memory: 260860K/2096592K available (16384K kernel code, 3000K rwdata, 13020K rodata, 4224K init, 4384K bss, 109928K reserved, 0K cma-reserved)
[    0.011415][    T0] SLUB: HWalign=64, Order=0-3, MinObjects=0, CPUs=2, Nodes=1
[    0.011447][    T0] ftrace: allocating 47505 entries in 186 pages
[    0.018830][    T0] ftrace: allocated 186 pages with 5 groups
[    0.019337][    T0] Dynamic Preempt: voluntary
[    0.019360][    T0] rcu: Preemptible hierarchical RCU implementation.
[    0.019361][    T0] rcu: 	RCU event tracing is enabled.
[    0.019361][    T0] rcu: 	RCU restricting CPUs from NR_CPUS=8192 to nr_cpu_ids=2.
[    0.019362][    T0] 	Trampoline variant of Tasks RCU enabled.
[    0.019363][    T0] 	Rude variant of Tasks RCU enabled.
[    0.019363][    T0] 	Tracing variant of Tasks RCU enabled.
[    0.019364][    T0] rcu: RCU calculated value of scheduler-enlistment delay is 30 jiffies.
[    0.019364][    T0] rcu: Adjusting geometry for rcu_fanout_leaf=16, nr_cpu_ids=2
[    0.019372][    T0] RCU Tasks: Setting shift to 1 and lim to 1 rcu_task_cb_adjust=1.
[    0.019373][    T0] RCU Tasks Rude: Setting shift to 1 and lim to 1 rcu_task_cb_adjust=1.
[    0.019374][    T0] RCU Tasks Trace: Setting shift to 1 and lim to 1 rcu_task_cb_adjust=1.
[    0.023161][    T0] NR_IRQS: 524544, nr_irqs: 440, preallocated irqs: 16
[    0.023353][    T0] rcu: srcu_init: Setting srcu_struct sizes based on contention.
[    0.023398][    T0] Console: colour dummy device 80x25
[    0.023400][    T0] printk: legacy console [tty0] enabled
[    0.023648][    T0] printk: legacy console [ttyS0] enabled
[    0.157142][    T0] ACPI: Core revision 20230628
[    0.157973][    T0] clocksource: hpet: mask: 0xffffffff max_cycles: 0xffffffff, max_idle_ns: 19112604467 ns
[    0.159556][    T0] APIC: Switch to symmetric I/O mode setup
[    0.160692][    T0] x2apic enabled
[    0.161551][    T0] APIC: Switched APIC routing to: physical x2apic
[    0.162529][    T0] kvm-guest: APIC: send_IPI_mask() replaced with kvm_send_ipi_mask()
[    0.163751][    T0] kvm-guest: APIC: send_IPI_mask_allbutself() replaced with kvm_send_ipi_mask_allbutself()
[    0.165240][    T0] kvm-guest: setup PV IPIs
[    0.167202][    T0] ..TIMER: vector=0x30 apic1=0 pin1=2 apic2=-1 pin2=-1
[    0.168227][    T0] tsc: Marking TSC unstable due to TSCs unsynchronized
[    0.169220][    T0] Calibrating delay loop (skipped) preset value.. 4401.32 BogoMIPS (lpj=7333326)
[    0.172676][    T0] x86/cpu: User Mode Instruction Prevention (UMIP) activated
[    0.173849][    T0] Last level iTLB entries: 4KB 512, 2MB 255, 4MB 127
[    0.175886][    T0] Last level dTLB entries: 4KB 512, 2MB 255, 4MB 127, 1GB 0
[    0.176952][    T0] Spectre V1 : Mitigation: usercopy/swapgs barriers and __user pointer sanitization
[    0.178315][    T0] Spectre V2 : Mitigation: Retpolines
[    0.179219][    T0] Spectre V2 : Spectre v2 / SpectreRSB mitigation: Filling RSB on context switch
[    0.180535][    T0] Spectre V2 : Spectre v2 / SpectreRSB : Filling RSB on VMEXIT
[    0.181634][    T0] Spectre V2 : Enabling Restricted Speculation for firmware calls
[    0.182554][    T0] Spectre V2 : mitigation: Enabling conditional Indirect Branch Prediction Barrier
[    0.183896][    T0] Speculative Store Bypass: Mitigation: Speculative Store Bypass disabled via prctl
[    0.185265][    T0] Speculative Return Stack Overflow: IBPB-extending microcode not applied!
[    0.185886][    T0] Speculative Return Stack Overflow: WARNING: See https://kernel.org/doc/html/latest/admin-guide/hw-vuln/srso.html for mitigation options.
[    0.185887][    T0] Speculative Return Stack Overflow: Vulnerable: Safe RET, no microcode
[    0.189241][    T0] x86/fpu: Supporting XSAVE feature 0x001: 'x87 floating point registers'
[    0.190470][    T0] x86/fpu: Supporting XSAVE feature 0x002: 'SSE registers'
[    0.191502][    T0] x86/fpu: Supporting XSAVE feature 0x004: 'AVX registers'
[    0.192553][    T0] x86/fpu: Supporting XSAVE feature 0x200: 'Protection Keys User registers'
[    0.193862][    T0] x86/fpu: xstate_offset[2]:  576, xstate_sizes[2]:  256
[    0.195886][    T0] x86/fpu: xstate_offset[9]:  832, xstate_sizes[9]:    8
[    0.196982][    T0] x86/fpu: Enabled xstate features 0x207, context size is 840 bytes, using 'compacted' format.
[    0.218280][    T0] Freeing SMP alternatives memory: 40K
[    0.219072][    T0] pid_max: default: 32768 minimum: 301
[    0.219261][    T0] LSM: initializing lsm=lockdown,capability,landlock,yama,apparmor,bpf,ima,evm
[    0.220665][    T0] landlock: Up and running.
[    0.221317][    T0] Yama: becoming mindful.
[    0.222573][    T0] AppArmor: AppArmor initialized
[    0.223281][    T0] LSM support for eBPF active
[    0.223987][    T0] Mount-cache hash table entries: 4096 (order: 3, 32768 bytes, linear)
[    0.225250][    T0] Mountpoint-cache hash table entries: 4096 (order: 3, 32768 bytes, linear)
[    0.226198][    T1] smpboot: CPU0: AMD EPYC 7773X 64-Core Processor (family: 0x19, model: 0x1, stepping: 0x2)
[    0.227894][    T1] Performance Events: Fam17h+ core perfctr, AMD PMU driver.
[    0.228991][    T1] ... version:                0
[    0.229223][    T1] ... bit width:              48
[    0.229930][    T1] ... generic registers:      6
[    0.230622][    T1] ... value mask:             0000ffffffffffff
[    0.231500][    T1] ... max period:             00007fffffffffff
[    0.232397][    T1] ... fixed-purpose events:   0
[    0.232556][    T1] ... event mask:             000000000000003f
[    0.233527][    T1] signal: max sigframe size: 3376
[    0.234285][    T1] rcu: Hierarchical SRCU implementation.
[    0.235140][    T1] rcu: 	Max phase no-delay instances is 1000.
[    0.238491][    T1] smp: Bringing up secondary CPUs ...
[    0.239418][    T1] smpboot: x86: Booting SMP configuration:
[    0.240332][    T1] .... node  #0, CPUs:      #1
[    0.240510][    T1] smp: Brought up 1 node, 2 CPUs
[    0.240632][    T1] smpboot: Total of 2 processors activated (8803.65 BogoMIPS)
[    0.246048][   T28] node 0 deferred pages initialised in 4ms
[    0.247586][    T1] devtmpfs: initialized
[    0.249247][    T1] x86/mm: Memory block size: 128MB
[    0.250730][    T1] clocksource: jiffies: mask: 0xffffffff max_cycles: 0xffffffff, max_idle_ns: 6370867519511994 ns
[    0.250974][    T1] futex hash table entries: 512 (order: 3, 32768 bytes, linear)
[    0.252618][    T1] pinctrl core: initialized pinctrl subsystem
[    0.253686][    T1] PM: RTC time: 10:50:52, date: 2024-05-28
[    0.255034][    T1] NET: Registered PF_NETLINK/PF_ROUTE protocol family
[    0.256124][    T1] DMA: preallocated 256 KiB GFP_KERNEL pool for atomic allocations
[    0.257279][    T1] DMA: preallocated 256 KiB GFP_KERNEL|GFP_DMA pool for atomic allocations
[    0.258516][    T1] DMA: preallocated 256 KiB GFP_KERNEL|GFP_DMA32 pool for atomic allocations
[    0.259239][    T1] audit: initializing netlink subsys (disabled)
[    0.260178][   T32] audit: type=2000 audit(1716893453.045:1): state=initialized audit_enabled=0 res=1
[    0.260178][    T1] thermal_sys: Registered thermal governor 'fair_share'
[    0.262559][    T1] thermal_sys: Registered thermal governor 'bang_bang'
[    0.263577][    T1] thermal_sys: Registered thermal governor 'step_wise'
[    0.264648][    T1] thermal_sys: Registered thermal governor 'user_space'
[    0.265637][    T1] cpuidle: using governor ladder
[    0.266686][    T1] cpuidle: using governor menu
[    0.267981][    T1] acpiphp: ACPI Hot Plug PCI Controller Driver version: 0.5
[    0.269329][    T1] PCI: Using configuration type 1 for base access
[    0.270249][    T1] PCI: Using configuration type 1 for extended access
[    0.271426][    T1] kprobes: kprobe jump-optimization is enabled. All kprobes are optimized if possible.
[    0.286376][    T1] HugeTLB: registered 1.00 GiB page size, pre-allocated 0 pages
[    0.287473][    T1] HugeTLB: 16380 KiB vmemmap can be freed for a 1.00 GiB page
[    0.288611][    T1] HugeTLB: registered 2.00 MiB page size, pre-allocated 0 pages
[    0.289224][    T1] HugeTLB: 28 KiB vmemmap can be freed for a 2.00 MiB page
[    0.293162][    T1] Demotion targets for Node 0: null
[    0.293670][    T1] ACPI: Added _OSI(Module Device)
[    0.294379][    T1] ACPI: Added _OSI(Processor Device)
[    0.294379][    T1] ACPI: Added _OSI(3.0 _SCP Extensions)
[    0.294379][    T1] ACPI: Added _OSI(Processor Aggregator Device)
[    0.295726][    T1] ACPI: 1 ACPI AML tables successfully acquired and loaded
[    0.300240][    T1] ACPI: _OSC evaluation for CPUs failed, trying _PDC
[    0.300426][    T1] ACPI: Interpreter enabled
[    0.301074][    T1] ACPI: PM: (supports S0 S3 S4 S5)
[    0.302558][    T1] ACPI: Using IOAPIC for interrupt routing
[    0.303641][    T1] PCI: Using host bridge windows from ACPI; if necessary, use "pci=nocrs" and report a bug
[    0.305074][    T1] PCI: Using E820 reservations for host bridge windows
[    0.306045][    T1] ACPI: Enabled 2 GPEs in block 00 to 0F
[    0.310902][    T1] ACPI: PCI Root Bridge [PCI0] (domain 0000 [bus 00-ff])
[    0.311891][    T1] acpi PNP0A03:00: _OSC: OS supports [ExtendedConfig ASPM ClockPM Segments MSI EDR HPX-Type3]
[    0.313136][    T1] acpiphp: Slot [3] registered
[    0.313862][    T1] acpiphp: Slot [4] registered
[    0.314536][    T1] acpiphp: Slot [5] registered
[    0.315316][    T1] acpiphp: Slot [6] registered
[    0.315914][    T1] acpiphp: Slot [7] registered
[    0.316591][    T1] acpiphp: Slot [8] registered
[    0.317268][    T1] acpiphp: Slot [9] registered
[    0.317941][    T1] acpiphp: Slot [10] registered
[    0.318631][    T1] acpiphp: Slot [11] registered
[    0.319243][    T1] acpiphp: Slot [12] registered
[    0.319944][    T1] acpiphp: Slot [13] registered
[    0.320630][    T1] acpiphp: Slot [14] registered
[    0.321319][    T1] acpiphp: Slot [15] registered
[    0.322013][    T1] acpiphp: Slot [16] registered
[    0.322577][    T1] acpiphp: Slot [17] registered
[    0.323266][    T1] acpiphp: Slot [18] registered
[    0.323961][    T1] acpiphp: Slot [19] registered
[    0.324722][    T1] acpiphp: Slot [20] registered
[    0.325411][    T1] acpiphp: Slot [21] registered
[    0.325910][    T1] acpiphp: Slot [22] registered
[    0.326615][    T1] acpiphp: Slot [23] registered
[    0.327304][    T1] acpiphp: Slot [24] registered
[    0.328031][    T1] acpiphp: Slot [25] registered
[    0.328722][    T1] acpiphp: Slot [26] registered
[    0.329246][    T1] acpiphp: Slot [27] registered
[    0.329936][    T1] acpiphp: Slot [28] registered
[    0.330622][    T1] acpiphp: Slot [29] registered
[    0.331324][    T1] acpiphp: Slot [30] registered
[    0.332015][    T1] acpiphp: Slot [31] registered
[    0.332568][    T1] PCI host bridge to bus 0000:00
[    0.333254][    T1] pci_bus 0000:00: root bus resource [io  0x0000-0x0cf7 window]
[    0.334315][    T1] pci_bus 0000:00: root bus resource [io  0x0d00-0xffff window]
[    0.335380][    T1] pci_bus 0000:00: root bus resource [mem 0x000a0000-0x000bffff window]
[    0.339223][    T1] pci_bus 0000:00: root bus resource [mem 0x80000000-0xfebfffff window]
[    0.340380][    T1] pci_bus 0000:00: root bus resource [mem 0x100000000-0x17fffffff window]
[    0.341558][    T1] pci_bus 0000:00: root bus resource [bus 00-ff]
[    0.342631][    T1] pci 0000:00:00.0: [8086:1237] type 00 class 0x060000 conventional PCI endpoint
[    0.345125][    T1] pci 0000:00:01.0: [8086:7000] type 00 class 0x060100 conventional PCI endpoint
[    0.346486][    T1] pci 0000:00:01.1: [8086:7010] type 00 class 0x010180 conventional PCI endpoint
[    0.350908][    T1] pci 0000:00:01.1: BAR 4 [io  0xc1c0-0xc1cf]
[    0.352962][    T1] pci 0000:00:01.1: BAR 0 [io  0x01f0-0x01f7]: legacy IDE quirk
[    0.354027][    T1] pci 0000:00:01.1: BAR 1 [io  0x03f6]: legacy IDE quirk
[    0.355000][    T1] pci 0000:00:01.1: BAR 2 [io  0x0170-0x0177]: legacy IDE quirk
[    0.355890][    T1] pci 0000:00:01.1: BAR 3 [io  0x0376]: legacy IDE quirk
[    0.357031][    T1] pci 0000:00:01.3: [8086:7113] type 00 class 0x068000 conventional PCI endpoint
[    0.358745][    T1] pci 0000:00:01.3: quirk: [io  0x0600-0x063f] claimed by PIIX4 ACPI
[    0.359232][    T1] pci 0000:00:01.3: quirk: [io  0x0700-0x070f] claimed by PIIX4 SMB
[    0.360650][    T1] pci 0000:00:02.0: [1234:1111] type 00 class 0x030000 conventional PCI endpoint
[    0.368193][    T1] pci 0000:00:02.0: BAR 0 [mem 0xfd000000-0xfdffffff pref]
[    0.381547][    T1] pci 0000:00:02.0: BAR 2 [mem 0xfebd8000-0xfebd8fff]
[    0.412401][    T1] pci 0000:00:02.0: ROM [mem 0xfebc0000-0xfebcffff pref]
[    0.415989][    T1] pci 0000:00:02.0: Video device with shadowed ROM at [mem 0x000c0000-0x000dffff]
[    0.419069][    T1] pci 0000:00:03.0: [8086:2668] type 00 class 0x040300 conventional PCI endpoint
[    0.419846][    T1] pci 0000:00:03.0: BAR 0 [mem 0xfebd0000-0xfebd3fff]
[    0.425743][    T1] pci 0000:00:04.0: [1af4:1000] type 00 class 0x020000 conventional PCI endpoint
[    0.430388][    T1] pci 0000:00:04.0: BAR 0 [io  0xc180-0xc19f]
[    0.432562][    T1] pci 0000:00:04.0: BAR 1 [mem 0xfebd9000-0xfebd9fff]
[    0.438190][    T1] pci 0000:00:04.0: BAR 4 [mem 0xfe000000-0xfe003fff 64bit pref]
[    0.440423][    T1] pci 0000:00:04.0: ROM [mem 0xfeb80000-0xfebbffff pref]
[    0.442829][    T1] pci 0000:00:05.0: [1af4:1005] type 00 class 0x00ff00 conventional PCI endpoint
[    0.445698][    T1] pci 0000:00:05.0: BAR 0 [io  0xc1a0-0xc1bf]
[    0.452188][    T1] pci 0000:00:05.0: BAR 4 [mem 0xfe004000-0xfe007fff 64bit pref]
[    0.454678][    T1] pci 0000:00:06.0: [1b36:000d] type 00 class 0x0c0330 conventional PCI endpoint
[    0.456378][    T1] pci 0000:00:06.0: BAR 0 [mem 0xfebd4000-0xfebd7fff 64bit]
[    0.461870][    T1] pci 0000:00:07.0: [1af4:1003] type 00 class 0x078000 conventional PCI endpoint
[    0.463737][    T1] pci 0000:00:07.0: BAR 0 [io  0xc100-0xc13f]
[    0.465687][    T1] pci 0000:00:07.0: BAR 1 [mem 0xfebda000-0xfebdafff]
[    0.474261][    T1] pci 0000:00:07.0: BAR 4 [mem 0xfe008000-0xfe00bfff 64bit pref]
[    0.477947][    T1] pci 0000:00:08.0: [1af4:1004] type 00 class 0x010000 conventional PCI endpoint
[    0.509229][    T1] pci 0000:00:08.0: BAR 0 [io  0xc140-0xc17f]
[    0.542561][    T1] pci 0000:00:08.0: BAR 1 [mem 0xfebdb000-0xfebdbfff]
[    0.615900][    T1] pci 0000:00:08.0: BAR 4 [mem 0xfe00c000-0xfe00ffff 64bit pref]
[    0.644209][    T1] pci 0000:00:09.0: [1af4:1001] type 00 class 0x010000 conventional PCI endpoint
[    0.662562][    T1] pci 0000:00:09.0: BAR 0 [io  0xc000-0xc07f]
[    0.682563][    T1] pci 0000:00:09.0: BAR 1 [mem 0xfebdc000-0xfebdcfff]
[    0.732563][    T1] pci 0000:00:09.0: BAR 4 [mem 0xfe010000-0xfe013fff 64bit pref]
[    0.749086][    T1] pci 0000:00:0a.0: [1af4:1001] type 00 class 0x010000 conventional PCI endpoint
[    0.769236][    T1] pci 0000:00:0a.0: BAR 0 [io  0xc080-0xc0ff]
[    0.782567][    T1] pci 0000:00:0a.0: BAR 1 [mem 0xfebdd000-0xfebddfff]
[    0.849228][    T1] pci 0000:00:0a.0: BAR 4 [mem 0xfe014000-0xfe017fff 64bit pref]
[    0.877724][    T1] ACPI: PCI: Interrupt link LNKA configured for IRQ 10
[    0.878893][    T1] ACPI: PCI: Interrupt link LNKB configured for IRQ 10
[    0.879373][    T1] ACPI: PCI: Interrupt link LNKC configured for IRQ 11
[    0.880510][    T1] ACPI: PCI: Interrupt link LNKD configured for IRQ 11
[    0.881570][    T1] ACPI: PCI: Interrupt link LNKS configured for IRQ 9
[    0.882914][    T1] iommu: Default domain type: Passthrough
[    0.883793][    T1] pps_core: LinuxPPS API ver. 1 registered
[    0.885891][    T1] pps_core: Software ver. 5.3.6 - Copyright 2005-2007 Rodolfo Giometti <giometti@linux.it>
[    0.887854][    T1] PTP clock support registered
[    0.888667][    T1] EDAC MC: Ver: 3.0.0
[    0.889493][    T1] NetLabel: Initializing
[    0.890109][    T1] NetLabel:  domain hash size = 128
[    0.890849][    T1] NetLabel:  protocols = UNLABELED CIPSOv4 CALIPSO
[    0.891810][    T1] NetLabel:  unlabeled traffic allowed by default
[    0.892563][    T1] mctp: management component transport protocol core
[    0.893516][    T1] NET: Registered PF_MCTP protocol family
[    0.894340][    T1] PCI: Using ACPI for IRQ routing
[    0.895318][    T1] pci 0000:00:02.0: vgaarb: setting as boot VGA device
[    0.895318][    T1] pci 0000:00:02.0: vgaarb: bridge control possible
[    0.895318][    T1] pci 0000:00:02.0: vgaarb: VGA device added: decodes=io+mem,owns=io+mem,locks=none
[    0.895892][    T1] vgaarb: loaded
[    0.896424][    T1] hpet0: at MMIO 0xfed00000, IRQs 2, 8, 0
[    0.897810][    T1] hpet0: 3 comparators, 64-bit 100.000000 MHz counter
[    0.902555][    T1] clocksource: Switched to clocksource kvm-clock
[    0.905730][    T1] VFS: Disk quotas dquot_6.6.0
[    0.906742][    T1] VFS: Dquot-cache hash table entries: 512 (order 0, 4096 bytes)
[    0.909037][    T1] AppArmor: AppArmor Filesystem Enabled
[    0.909869][    T1] pnp: PnP ACPI init
[    0.910911][    T1] pnp: PnP ACPI: found 6 devices
[    0.919154][    T1] clocksource: acpi_pm: mask: 0xffffff max_cycles: 0xffffff, max_idle_ns: 2085701024 ns
[    0.920701][    T1] NET: Registered PF_INET protocol family
[    0.921610][    T1] IP idents hash table entries: 32768 (order: 6, 262144 bytes, linear)
[    0.934626][    T1] tcp_listen_portaddr_hash hash table entries: 1024 (order: 2, 16384 bytes, linear)
[    0.936019][    T1] Table-perturb hash table entries: 65536 (order: 6, 262144 bytes, linear)
[    0.937268][    T1] TCP established hash table entries: 16384 (order: 5, 131072 bytes, linear)
[    0.938544][    T1] TCP bind hash table entries: 16384 (order: 7, 524288 bytes, linear)
[    0.939759][    T1] TCP: Hash tables configured (established 16384 bind 16384)
[    0.940867][    T1] MPTCP token hash table entries: 2048 (order: 3, 49152 bytes, linear)
[    0.942065][    T1] UDP hash table entries: 1024 (order: 3, 32768 bytes, linear)
[    0.943158][    T1] UDP-Lite hash table entries: 1024 (order: 3, 32768 bytes, linear)
[    0.944337][    T1] NET: Registered PF_UNIX/PF_LOCAL protocol family
[    0.945278][    T1] NET: Registered PF_XDP protocol family
[    0.946103][    T1] pci_bus 0000:00: resource 4 [io  0x0000-0x0cf7 window]
[    0.947107][    T1] pci_bus 0000:00: resource 5 [io  0x0d00-0xffff window]
[    0.948233][    T1] pci_bus 0000:00: resource 6 [mem 0x000a0000-0x000bffff window]
[    0.949343][    T1] pci_bus 0000:00: resource 7 [mem 0x80000000-0xfebfffff window]
[    0.950444][    T1] pci_bus 0000:00: resource 8 [mem 0x100000000-0x17fffffff window]
[    0.951620][    T1] pci 0000:00:01.0: PIIX3: Enabling Passive Release
[    0.952585][    T1] pci 0000:00:00.0: Limiting direct PCI/PCI transfers
[    0.996070][    T1] ACPI: \_SB_.LNKB: Enabled at IRQ 10
[    1.039402][    T1] pci 0000:00:06.0: quirk_usb_early_handoff+0x0/0x710 took 83674 usecs
[    1.040674][    T1] PCI: CLS 0 bytes, default 64
[    1.041474][   T29] Trying to unpack rootfs image as initramfs...
[    1.041924][    T1] Initialise system trusted keyrings
[    1.043910][    T1] Key type blacklist registered
[    1.044681][    T1] workingset: timestamp_bits=36 max_order=19 bucket_order=0
[    1.045743][    T1] zbud: loaded
[    1.046462][    T1] integrity: Platform Keyring initialized
[    1.047300][    T1] integrity: Machine keyring initialized
[    1.059036][    T1] Key type asymmetric registered
[    1.059788][    T1] Asymmetric key parser 'x509' registered
[    1.151622][   T29] Freeing initrd memory: 25456K
[    1.159697][    T1] Block layer SCSI generic (bsg) driver version 0.4 loaded (major 247)
[    1.160974][    T1] io scheduler mq-deadline registered
[    1.161745][    T1] io scheduler kyber registered
[    1.162448][    T1] io scheduler bfq registered
[    1.164596][    T1] shpchp: Standard Hot Plug PCI Controller Driver version: 0.4
[    1.218041][    T1] ACPI: \_SB_.LNKD: Enabled at IRQ 11
[    1.265199][    T1] ACPI: \_SB_.LNKA: Enabled at IRQ 10
[    1.309185][    T1] ACPI: \_SB_.LNKC: Enabled at IRQ 11
[    1.470065][    T1] Serial: 8250/16550 driver, 32 ports, IRQ sharing enabled
[    1.472999][    T1] 00:04: ttyS0 at I/O 0x3f8 (irq = 4, base_baud = 115200) is a 16550A
[    1.731836][    T1] Non-volatile memory driver v1.3
[    1.732824][    T1] Linux agpgart interface v0.103
[    1.734132][    T1] ACPI: bus type drm_connector registered
[    1.735722][    T1] i8042: PNP: PS/2 Controller [PNP0303:KBD,PNP0f13:MOU] at 0x60,0x64 irq 1,12
[    1.738237][    T1] serio: i8042 KBD port at 0x60,0x64 irq 1
[    1.739350][    T1] serio: i8042 AUX port at 0x60,0x64 irq 12
[    1.740576][    T1] mousedev: PS/2 mouse device common for all mice
[    1.741546][    T1] rtc_cmos 00:05: RTC can wake from S4
[    1.742802][   T26] input: AT Translated Set 2 keyboard as /devices/platform/i8042/serio0/input/input0
[    1.744590][    T1] rtc_cmos 00:05: registered as rtc0
[    1.745422][    T1] rtc_cmos 00:05: setting system clock to 2024-05-28T10:50:53 UTC (1716893453)
[    1.746843][    T1] rtc_cmos 00:05: alarms up to one day, y3k, 242 bytes nvram, hpet irqs
[    1.748225][    T1] amd_pstate: the _CPC object is not present in SBIOS or ACPI disabled
[    1.749675][    T1] ledtrig-cpu: registered to indicate activity on CPUs
[    1.749985][   T26] input: VirtualPS/2 VMware VMMouse as /devices/platform/i8042/serio1/input/input3
[    1.751387][    T1] [drm] Initialized simpledrm 1.0.0 20200625 for simple-framebuffer.0 on minor 0
[    1.754060][    T1] simple-framebuffer simple-framebuffer.0: [drm] User-defined mode not supported: "1024x768": 60 64127 1024 1080 1184 1344 768 769 772 795 0x20 0x6
[    1.756419][   T26] input: VirtualPS/2 VMware VMMouse as /devices/platform/i8042/serio1/input/input2
[    1.759831][    T1] Console: switching to colour frame buffer device 100x37
[    1.761555][    T1] simple-framebuffer simple-framebuffer.0: [drm] fb0: simpledrmdrmfb frame buffer device
[    1.763386][    T1] hid: raw HID events driver (C) Jiri Kosina
[    1.764399][    T1] drop_monitor: Initializing network drop monitor service
[    1.765561][    T1] NET: Registered PF_INET6 protocol family
[    1.772318][    T1] Segment Routing with IPv6
[    1.774674][    T1] RPL Segment Routing with IPv6
[    1.775668][    T1] In-situ OAM (IOAM) with IPv6
[    1.777009][    T1] IPI shorthand broadcast: enabled
[    1.779842][    T1] sched_clock: Marking stable (1640002225, 139192841)->(1797513437, -18318371)
[    1.781339][    T1] Timer migration: 1 hierarchy levels; 8 children per group; 1 crossnode level
[    1.782874][    T1] registered taskstats version 1
[    1.785061][    T1] Loading compiled-in X.509 certificates
[    1.786661][    T1] Loaded X.509 cert 'openSUSE Secure Boot Signkey: fd9f2c12e599d67cc7f9067541adf426b712469e'
[    1.792210][    T1] page_owner is disabled
[    1.794215][    T1] Key type .fscrypt registered
[    1.795760][    T1] Key type fscrypt-provisioning registered
[    1.821956][    T1] Key type encrypted registered
[    1.824094][    T1] AppArmor: AppArmor sha256 policy hashing enabled
[    1.826401][    T1] ima: No TPM chip found, activating TPM-bypass!
[    1.828826][    T1] Loading compiled-in module X.509 certificates
[    1.830383][    T1] Loaded X.509 cert 'openSUSE Secure Boot Signkey: fd9f2c12e599d67cc7f9067541adf426b712469e'
[    1.832910][    T1] ima: Allocated hash algorithm: sha256
[    1.834583][    T1] ima: No architecture policies found
[    1.836607][    T1] evm: Initialising EVM extended attributes:
[    1.837980][    T1] evm: security.selinux
[    1.839059][    T1] evm: security.SMACK64 (disabled)
[    1.840228][    T1] evm: security.SMACK64EXEC (disabled)
[    1.841413][    T1] evm: security.SMACK64TRANSMUTE (disabled)
[    1.842663][    T1] evm: security.SMACK64MMAP (disabled)
[    1.843842][    T1] evm: security.apparmor
[    1.844894][    T1] evm: security.ima
[    1.845802][    T1] evm: security.capability
[    1.846831][    T1] evm: HMAC attrs: 0x1
[    1.966790][    T1] PM:   Magic number: 8:944:831
[    1.974205][    T1] RAS: Correctable Errors collector initialized.
[    1.988694][    T1] clk: Disabling unused clocks
[    1.989817][    T1] PM: genpd: Disabling unused power domains
[    1.992452][    T1] Freeing unused decrypted memory: 2028K
[    1.994459][    T1] Freeing unused kernel image (initmem) memory: 4224K
[    1.995898][    T1] Write protecting the kernel read-only data: 30720k
[    1.998098][    T1] Freeing unused kernel image (rodata/data gap) memory: 1316K
[    2.000084][    T1] Run /init as init process
[    2.022230][    T1] systemd[1]: systemd 255.6+suse.30.g3ea0e1dff3 running in system mode (+PAM +AUDIT +SELINUX +APPARMOR +IMA -SMACK +SECCOMP +GCRYPT +GNUTLS +OPENSSL +ACL +BLKID +CURL +ELFUTILS +FIDO2 +IDN2 -IDN +IPTC +KMOD +LIBCRYPTSETUP +LIBFDISK +PCRE2 +PWQUALITY +P11KIT +QRENCODE +TPM2 +BZIP2 +LZ4 +XZ +ZLIB +ZSTD +BPF_FRAMEWORK -XKBCOMMON -UTMP +SYSVINIT default-hierarchy=unified)
[    2.028902][    T1] systemd[1]: Detected virtualization kvm.
[    2.030286][    T1] systemd[1]: Detected architecture x86-64.
[    2.031639][    T1] systemd[1]: Running in initrd.
[    2.039298][    T1] systemd[1]: No hostname configured, using default hostname.
[    2.041370][    T1] systemd[1]: Hostname set to <localhost>.
[    2.042881][    T1] systemd[1]: Initializing machine ID from random generator.
[    2.115064][    T1] systemd[1]: /usr/lib/systemd/system/plymouth-start.service:15: Unit uses KillMode=none. This is unsafe, as it disables systemd's process lifecycle management for the service. Please update the service to use a safer KillMode=, such as 'mixed' or 'control-group'. Support for KillMode=none is deprecated and will eventually be removed.
[    2.128791][    T1] systemd[1]: Queued start job for default target Initrd Default Target.
[    2.166376][    T1] systemd[1]: Expecting device /dev/disk/by-uuid/350ef8df-2937-4484-9b74-cdf0b1f4c465...
[    2.172215][    T1] systemd[1]: Expecting device /dev/disk/by-uuid/e30f2f24-8ebe-4eb2-a3e4-7f94c08f2814...
[    2.175954][    T1] systemd[1]: Reached target Initrd /usr File System.
[    2.178076][    T1] systemd[1]: Reached target Slice Units.
[    2.180129][    T1] systemd[1]: Reached target Swaps.
[    2.182297][    T1] systemd[1]: Reached target Timer Units.
[    2.187447][    T1] systemd[1]: Listening on Journal Socket (/dev/log).
[    2.189965][    T1] systemd[1]: Listening on Journal Socket.
[    2.192030][    T1] systemd[1]: Listening on udev Control Socket.
[    2.196583][    T1] systemd[1]: Listening on udev Kernel Socket.
[    2.198748][    T1] systemd[1]: Reached target Socket Units.
[    2.203466][    T1] systemd[1]: Starting Create List of Static Device Nodes...
[    2.209346][    T1] systemd[1]: Started Hardware RNG Entropy Gatherer Daemon.
[    2.213210][    T1] systemd[1]: Starting Journal Service...
[    2.215327][    T1] systemd[1]: Load Kernel Modules was skipped because no trigger condition checks were met.
[    2.222649][    T1] systemd[1]: Starting Apply Kernel Variables...
[    2.225286][    T1] systemd[1]: Starting Virtual Console Setup...
[    2.231414][    T1] systemd[1]: Finished Create List of Static Device Nodes.
[    2.236177][  T181] systemd-journald[181]: Collecting audit messages is disabled.
[    2.242844][    T1] systemd[1]: Finished Apply Kernel Variables.
[    2.245536][    T1] systemd[1]: Starting Create Static Device Nodes in /dev gracefully...
[    2.254220][    T1] systemd[1]: Started Journal Service.
[    2.472531][  T295] raid6: avx2x4   gen() 35623 MB/s
[    2.529216][  T295] raid6: avx2x2   gen() 27041 MB/s
[    2.585870][  T295] raid6: avx2x1   gen() 25097 MB/s
[    2.587033][  T295] raid6: using algorithm avx2x4 gen() 35623 MB/s
[    2.642533][  T295] raid6: .... xor() 4992 MB/s, rmw enabled
[    2.643845][  T295] raid6: using avx2x2 recovery algorithm
[    2.646593][  T295] xor: automatically using best checksumming function   avx       
[    2.773983][  T295] Btrfs loaded, assert=on, zoned=yes, fsverity=yes
[    2.957949][  T317] virtio_blk virtio4: 2/0/0 default/read/poll queues
[    2.961490][  T322] cryptd: max_cpu_qlen set to 1000
[    2.967385][  T317] virtio_blk virtio4: [vda] 62914560 512-byte logical blocks (32.2 GB/30.0 GiB)
[    2.985189][  T317]  vda: vda1 vda2 vda3
[    2.988224][  T317] virtio_blk virtio5: 2/0/0 default/read/poll queues
[    2.994777][  T317] virtio_blk virtio5: [vdb] 41943040 512-byte logical blocks (21.5 GB/20.0 GiB)
[    3.011566][  T315] AVX2 version of gcm_enc/dec engaged.
[    3.014748][  T315] AES CTR mode by8 optimization enabled
[    3.022177][  T323] SCSI subsystem initialized
[    3.026484][  T327] ACPI: bus type USB registered
[    3.027766][  T327] usbcore: registered new interface driver usbfs
[    3.029229][  T327] usbcore: registered new interface driver hub
[    3.030979][  T327] usbcore: registered new device driver usb
[    3.071659][  T323] alua: device handler registered
[    3.078263][  T324] rdac: device handler registered
[    3.082948][  T316] FDC 0 is a S82078B
[    3.087337][  T324] emc: device handler registered
[    3.089285][  T319] Console: switching to colour dummy device 80x25
[    3.106225][  T324] virtio_scsi virtio3: 2/0/0 default/read/poll queues
[    3.108240][  T324] scsi host0: Virtio SCSI HBA
[    3.145939][  T319] bochs-drm 0000:00:02.0: vgaarb: deactivate vga console
[    3.159432][   T29] scsi 0:0:0:0: CD-ROM            QEMU     QEMU CD-ROM      2.5+ PQ: 0 ANSI: 5
[    3.161683][  T323] scsi host1: ata_piix
[    3.163211][  T323] scsi host2: ata_piix
[    3.164084][  T323] ata1: PATA max MWDMA2 cmd 0x1f0 ctl 0x3f6 bmdma 0xc1c0 irq 14 lpm-pol 0
[    3.165503][  T323] ata2: PATA max MWDMA2 cmd 0x170 ctl 0x376 bmdma 0xc1c8 irq 15 lpm-pol 0
[    3.193100][  T319] [drm] Found bochs VGA, ID 0xb0c5.
[    3.193858][  T319] [drm] Framebuffer size 16384 kB @ 0xfd000000, mmio @ 0xfebd8000.
[    3.195512][  T327] xhci_hcd 0000:00:06.0: xHCI Host Controller
[    3.195520][  T327] xhci_hcd 0000:00:06.0: new USB bus registered, assigned bus number 1
[    3.195784][  T327] xhci_hcd 0000:00:06.0: hcc params 0x00087001 hci version 0x100 quirks 0x0000000000000010
[    3.196387][  T327] xhci_hcd 0000:00:06.0: xHCI Host Controller
[    3.196392][  T327] xhci_hcd 0000:00:06.0: new USB bus registered, assigned bus number 2
[    3.196395][  T327] xhci_hcd 0000:00:06.0: Host supports USB 3.0 SuperSpeed
[    3.198517][  T319] [drm] Found EDID data blob.
[    3.200542][  T327] usb usb1: New USB device found, idVendor=1d6b, idProduct=0002, bcdDevice= 6.09
[    3.200551][  T327] usb usb1: New USB device strings: Mfr=3, Product=2, SerialNumber=1
[    3.200553][  T327] usb usb1: Product: xHCI Host Controller
[    3.200555][  T327] usb usb1: Manufacturer: Linux 6.9.1-1-default xhci-hcd
[    3.200556][  T327] usb usb1: SerialNumber: 0000:00:06.0
[    3.202199][  T319] [drm] Initialized bochs-drm 1.0.0 20130925 for 0000:00:02.0 on minor 0
[    3.202808][  T327] hub 1-0:1.0: USB hub found
[    3.202873][  T327] hub 1-0:1.0: 4 ports detected
[    3.204631][   T29] scsi 0:0:0:0: Attached scsi generic sg0 type 5
[    3.204687][  T327] usb usb2: We don't know the algorithms for LPM for this host, disabling LPM.
[    3.204747][  T327] usb usb2: New USB device found, idVendor=1d6b, idProduct=0003, bcdDevice= 6.09
[    3.204750][  T327] usb usb2: New USB device strings: Mfr=3, Product=2, SerialNumber=1
[    3.204752][  T327] usb usb2: Product: xHCI Host Controller
[    3.204753][  T327] usb usb2: Manufacturer: Linux 6.9.1-1-default xhci-hcd
[    3.204755][  T327] usb usb2: SerialNumber: 0000:00:06.0
[    3.204945][  T327] hub 2-0:1.0: USB hub found
[    3.204981][  T327] hub 2-0:1.0: 4 ports detected
[    3.228907][  T319] fbcon: bochs-drmdrmfb (fb0) is primary device
[    3.281558][  T319] Console: switching to colour frame buffer device 128x48
[    3.336719][    C0] sr 0:0:0:0: Power-on or device reset occurred
[    3.336855][  T324] sr 0:0:0:0: [sr0] scsi3-mmc drive: 16x/50x cd/rw xa/form2 cdda tray
[    3.336858][  T324] cdrom: Uniform CD-ROM driver Revision: 3.20
[    3.428363][  T319] bochs-drm 0000:00:02.0: [drm] fb0: bochs-drmdrmfb frame buffer device
[    3.574033][  T140] usb 1-1: new high-speed USB device number 2 using xhci_hcd
[    3.650186][  T482] BTRFS: device fsid e30f2f24-8ebe-4eb2-a3e4-7f94c08f2814 devid 1 transid 79 /dev/vda2 (254:2) scanned by mount (482)
[    3.653436][  T482] BTRFS info (device vda2): first mount of filesystem e30f2f24-8ebe-4eb2-a3e4-7f94c08f2814
[    3.655254][  T482] BTRFS info (device vda2): using crc32c (crc32c-intel) checksum algorithm
[    3.656781][  T482] BTRFS info (device vda2): using free-space-tree
[    3.713956][  T140] usb 1-1: New USB device found, idVendor=0627, idProduct=0001, bcdDevice= 0.00
[    3.715607][  T140] usb 1-1: New USB device strings: Mfr=1, Product=3, SerialNumber=10
[    3.717017][  T140] usb 1-1: Product: QEMU USB Tablet
[    3.717771][  T140] usb 1-1: Manufacturer: QEMU
[    3.718446][  T140] usb 1-1: SerialNumber: 28754-0000:00:06.0-1
[    3.724400][  T322] usbcore: registered new interface driver usbhid
[    3.725341][  T322] usbhid: USB HID core driver
[    3.727873][  T322] input: QEMU QEMU USB Tablet as /devices/pci0000:00/0000:00:06.0/usb1/1-1/1-1:1.0/0003:0627:0001.0001/input/input4
[    3.729860][  T322] hid-generic 0003:0627:0001.0001: input,hidraw0: USB HID v0.01 Mouse [QEMU QEMU USB Tablet] on usb-0000:00:06.0-1/input0
[    3.853235][  T181] systemd-journald[181]: Received SIGTERM from PID 1 (systemd).
[    4.004591][    T1] systemd[1]: systemd 255.6+suse.30.g3ea0e1dff3 running in system mode (+PAM +AUDIT +SELINUX +APPARMOR +IMA -SMACK +SECCOMP +GCRYPT +GNUTLS +OPENSSL +ACL +BLKID +CURL +ELFUTILS +FIDO2 +IDN2 -IDN +IPTC +KMOD +LIBCRYPTSETUP +LIBFDISK +PCRE2 +PWQUALITY +P11KIT +QRENCODE +TPM2 +BZIP2 +LZ4 +XZ +ZLIB +ZSTD +BPF_FRAMEWORK -XKBCOMMON -UTMP +SYSVINIT default-hierarchy=unified)
[    4.009612][    T1] systemd[1]: Detected virtualization kvm.
[    4.010459][    T1] systemd[1]: Detected architecture x86-64.
[    4.012182][    T1] systemd[1]: Hostname set to <susetest>.
[    4.415930][    T1] systemd[1]: bpf-lsm: LSM BPF program attached
[    4.545642][    T1] systemd[1]: /usr/lib/systemd/system/plymouth-start.service:15: Unit uses KillMode=none. This is unsafe, as it disables systemd's process lifecycle management for the service. Please update the service to use a safer KillMode=, such as 'mixed' or 'control-group'. Support for KillMode=none is deprecated and will eventually be removed.
[    4.711870][    T1] systemd[1]: initrd-switch-root.service: Deactivated successfully.
[    4.713254][    T1] systemd[1]: Stopped Switch Root.
[    4.714889][    T1] systemd[1]: systemd-journald.service: Scheduled restart job, restart counter is at 1.
[    4.716938][    T1] systemd[1]: Created slice Slice /system/getty.
[    4.717917][    T1] systemd[1]: Created slice Slice /system/modprobe.
[    4.718910][    T1] systemd[1]: Created slice Slice /system/serial-getty.
[    4.719844][    T1] systemd[1]: Created slice User and Session Slice.
[    4.720737][    T1] systemd[1]: Set up automount Arbitrary Executable File Formats File System Automount Point.
[    4.721853][    T1] systemd[1]: Expecting device /dev/disk/by-uuid/350ef8df-2937-4484-9b74-cdf0b1f4c465...
[    4.722908][    T1] systemd[1]: Expecting device /dev/disk/by-uuid/e30f2f24-8ebe-4eb2-a3e4-7f94c08f2814...
[    4.723955][    T1] systemd[1]: Expecting device /dev/hvc0...
[    4.724594][    T1] systemd[1]: Expecting device /dev/hvc1...
[    4.725237][    T1] systemd[1]: Expecting device /dev/ttyS0...
[    4.725913][    T1] systemd[1]: Stopped target Switch Root.
[    4.726538][    T1] systemd[1]: Stopped target Initrd File Systems.
[    4.727229][    T1] systemd[1]: Stopped target Initrd Root File System.
[    4.727988][    T1] systemd[1]: Reached target Local Integrity Protected Volumes.
[    4.728823][    T1] systemd[1]: Reached target Remote File Systems.
[    4.729538][    T1] systemd[1]: Reached target Slice Units.
[    4.730203][    T1] systemd[1]: Reached target System Time Set.
[    4.730873][    T1] systemd[1]: Reached target Timer Units.
[    4.731506][    T1] systemd[1]: Reached target Local Verity Protected Volumes.
[    4.732368][    T1] systemd[1]: Listening on Device-mapper event daemon FIFOs.
[    4.734143][    T1] systemd[1]: Listening on Process Core Dump Socket.
[    4.736437][    T1] systemd[1]: Listening on udev Control Socket.
[    4.737230][    T1] systemd[1]: Listening on udev Kernel Socket.
[    4.749276][    T1] systemd[1]: Mounting Huge Pages File System...
[    4.751149][    T1] systemd[1]: Mounting POSIX Message Queue File System...
[    4.755791][    T1] systemd[1]: Mounting Kernel Debug File System...
[    4.756999][    T1] systemd[1]: Mounting Kernel Trace File System...
[    4.762689][    T1] systemd[1]: Starting Create List of Static Device Nodes...
[    4.769307][    T1] systemd[1]: Starting Load Kernel Module configfs...
[    4.772630][    T1] systemd[1]: Starting Load Kernel Module dm_mod...
[    4.776055][    T1] systemd[1]: Starting Load Kernel Module drm...
[    4.779339][    T1] systemd[1]: Starting Load Kernel Module efi_pstore...
[    4.782776][    T1] systemd[1]: Starting Load Kernel Module fuse...
[    4.787451][    T1] systemd[1]: Starting Load Kernel Module loop...
[    4.788474][    T1] systemd[1]: plymouth-start.service: Deactivated successfully.
[    4.791858][    T1] systemd[1]: plymouth-start.service: Unit process 341 (plymouthd) remains running after unit stopped.
[    4.793149][    T1] systemd[1]: Stopped Show Plymouth Boot Screen.
[    4.793997][    T1] systemd[1]: Dispatch Password Requests to Console Directory Watch was skipped because of an unmet condition check (ConditionPathExists=!/run/plymouth/pid).
[    4.795713][    T1] systemd[1]: Reached target Local Encrypted Volumes.
[    4.798798][  T534] device-mapper: uevent: version 1.0.3
[    4.799964][    T1] systemd[1]: plymouth-switch-root.service: Deactivated successfully.
[    4.800997][    T1] systemd[1]: Stopped Plymouth switch root service.
[    4.801207][  T534] device-mapper: ioctl: 4.48.0-ioctl (2023-03-01) initialised: dm-devel@lists.linux.dev
[    4.803516][    T1] systemd[1]: systemd-fsck-root.service: Deactivated successfully.
[    4.804720][    T1] systemd[1]: Stopped File System Check on Root Device.
[    4.809329][    T1] systemd[1]: Starting Journal Service...
[    4.810313][    T1] systemd[1]: Load Kernel Modules was skipped because no trigger condition checks were met.
[    4.813742][  T537] fuse: init (API version 7.40)
[    4.813954][    T1] systemd[1]: Apply Kernel Variables for 6.9.1-1-default from /boot was skipped because of an unmet condition check (ConditionPathExists=!/usr/lib/modules/6.9.1-1-default/sysctl.conf).
[    4.817172][  T538] loop: module loaded
[    4.821714][    T1] systemd[1]: Starting Apply Kernel Variables for 6.9.1-1-default...
[    4.824054][    T1] systemd[1]: Starting Remount Root and Kernel File Systems...
[    4.826710][    T1] systemd[1]: Starting Coldplug All udev Devices...
[    4.828430][    T1] systemd[1]: Mounted Huge Pages File System.
[    4.829472][    T1] systemd[1]: Mounted POSIX Message Queue File System.
[    4.830390][    T1] systemd[1]: Mounted Kernel Debug File System.
[    4.831208][    T1] systemd[1]: Mounted Kernel Trace File System.
[    4.832059][    T1] systemd[1]: Finished Create List of Static Device Nodes.
[    4.833148][    T1] systemd[1]: modprobe@configfs.service: Deactivated successfully.
[    4.834207][    T1] systemd[1]: Finished Load Kernel Module configfs.
[    4.835168][    T1] systemd[1]: modprobe@dm_mod.service: Deactivated successfully.
[    4.836204][    T1] systemd[1]: Finished Load Kernel Module dm_mod.
[    4.837109][    T1] systemd[1]: modprobe@drm.service: Deactivated successfully.
[    4.837995][    T1] systemd[1]: Finished Load Kernel Module drm.
[    4.838866][    T1] systemd[1]: modprobe@efi_pstore.service: Deactivated successfully.
[    4.839870][    T1] systemd[1]: Finished Load Kernel Module efi_pstore.
[    4.840814][    T1] systemd[1]: modprobe@fuse.service: Deactivated successfully.
[    4.841721][    T1] systemd[1]: Finished Load Kernel Module fuse.
[    4.842637][    T1] systemd[1]: modprobe@loop.service: Deactivated successfully.
[    4.843523][    T1] systemd[1]: Finished Load Kernel Module loop.
[    4.844908][    T1] systemd[1]: Mounting FUSE Control File System...
[    4.849320][    T1] systemd[1]: Mounting Kernel Configuration File System...
[    4.850217][    T1] systemd[1]: Repartition Root Disk was skipped because no trigger condition checks were met.
[    4.852694][    T1] systemd[1]: Starting Create Static Device Nodes in /dev gracefully...
[    4.853980][    T1] systemd[1]: Mounted FUSE Control File System.
[    4.854743][    T1] systemd[1]: Mounted Kernel Configuration File System.
[    4.858917][    T1] systemd[1]: Finished Remount Root and Kernel File Systems.
[    4.861278][  T539] systemd-journald[539]: Collecting audit messages is disabled.
[    4.863230][    T1] systemd[1]: Rebuild Hardware Database was skipped because of an unmet condition check (ConditionNeedsUpdate=/etc).
[    4.866634][    T1] systemd[1]: Finished Apply Kernel Variables for 6.9.1-1-default.
[    4.889308][    T1] systemd[1]: Starting Apply Kernel Variables...
[    4.890181][    T1] systemd[1]: Started Journal Service.
[    5.184354][  T577] piix4_smbus 0000:00:01.3: SMBus Host Controller at 0x700, revision 0
[    5.190889][  T572] input: Power Button as /devices/LNXSYSTM:00/LNXPWRBN:00/input/input5
[    5.234972][  T579] input: PC Speaker as /devices/platform/pcspkr/input/input6
[    5.236259][  T572] ACPI: button: Power Button [PWRF]
[    5.248234][  T575] parport_pc 00:03: reported by Plug and Play ACPI
[    5.249141][  T575] parport0: PC-style at 0x378, irq 7 [PCSPP,TRISTATE]
[    5.266110][  T604] Adding 2098152k swap on /dev/vda3.  Priority:-2 extents:1 across:2098152k 
[    5.360026][  T583] virtio_net virtio0 ens4: renamed from eth0
[    5.432097][  T585] ppdev: user-space parallel port driver
[    5.465210][  T574] kvm_amd: Nested Virtualization enabled
[    5.465812][  T574] kvm_amd: Nested Paging enabled
[    5.551382][  T539] systemd-journald[539]: Received client request to flush runtime journal.
[    5.558428][  T703] snd_hda_codec_generic hdaudioC0D0: autoconfig for Generic: line_outs=1 (0x3/0x0/0x0/0x0/0x0) type:line
[    5.559616][  T703] snd_hda_codec_generic hdaudioC0D0:    speaker_outs=0 (0x0/0x0/0x0/0x0/0x0)
[    5.560618][  T703] snd_hda_codec_generic hdaudioC0D0:    hp_outs=0 (0x0/0x0/0x0/0x0/0x0)
[    5.561475][  T703] snd_hda_codec_generic hdaudioC0D0:    mono: mono_out=0x0
[    5.562218][  T703] snd_hda_codec_generic hdaudioC0D0:    inputs:
[    5.603856][   T32] audit: type=1400 audit(1716893457.353:2): apparmor="STATUS" operation="profile_load" profile="unconfined" name="1password" pid=712 comm="apparmor_parser"
[    5.604646][  T539] systemd-journald[539]: /var/log/journal/7062d280e68545b4bbac56f3fbdd7520/system.journal: Journal file uses a different sequence number ID, rotating.
[    5.606100][   T32] audit: type=1400 audit(1716893457.356:3): apparmor="STATUS" operation="profile_load" profile="unconfined" name="Discord" pid=713 comm="apparmor_parser"
[    5.608646][   T32] audit: type=1400 audit(1716893457.359:4): apparmor="STATUS" operation="profile_load" profile="unconfined" name=4D6F6E676F444220436F6D70617373 pid=716 comm="apparmor_parser"
[    5.610906][  T539] systemd-journald[539]: Rotating system journal.
[    5.612409][   T32] audit: type=1400 audit(1716893457.359:5): apparmor="STATUS" operation="profile_load" profile="unconfined" name="QtWebEngineProcess" pid=717 comm="apparmor_parser"
[    5.613426][   T32] audit: type=1400 audit(1716893457.363:6): apparmor="STATUS" operation="profile_load" profile="unconfined" name="brave" pid=719 comm="apparmor_parser"
[    5.618855][   T32] audit: type=1400 audit(1716893457.369:7): apparmor="STATUS" operation="profile_load" profile="unconfined" name="buildah" pid=720 comm="apparmor_parser"
[    5.622086][   T32] audit: type=1400 audit(1716893457.373:8): apparmor="STATUS" operation="profile_load" profile="unconfined" name="busybox" pid=722 comm="apparmor_parser"
[    5.624475][   T32] audit: type=1400 audit(1716893457.376:9): apparmor="STATUS" operation="profile_load" profile="unconfined" name="ping" pid=718 comm="apparmor_parser"
[    5.627421][   T32] audit: type=1400 audit(1716893457.379:10): apparmor="STATUS" operation="profile_load" profile="unconfined" name="ch-checkns" pid=724 comm="apparmor_parser"
[    5.629129][   T32] audit: type=1400 audit(1716893457.379:11): apparmor="STATUS" operation="profile_load" profile="unconfined" name="cam" pid=723 comm="apparmor_parser"
[    6.826425][ T1054] NET: Registered PF_PACKET protocol family

Welcome to openSUSE Tumbleweed 20240527 - Kernel 6.9.1-1-default (ttyS0).

ens4: 10.0.2.15 fe80::5054:ff:fe12:3456


susetest login: 
Welcome to openSUSE Tumbleweed 20240527 - Kernel 6.9.1-1-default (ttyS0).

ens4: 10.0.2.15 fec0::cb79:3e19:4b91:d5ce


susetest login: [   30.962953][T13236] evm: overlay not supported
[   43.807380][T13645] tun: Universal TUN/TAP device driver, 1.6
[  124.604040][T16548] bridge: filtering via arp/ip/ip6tables is no longer available by default. Update your scripts to load br_netfilter if you need this.
[  124.619039][T16545] podman0: port 1(veth0) entered blocking state
[  124.620083][T16545] podman0: port 1(veth0) entered disabled state
[  124.621069][T16545] veth0: entered allmulticast mode
[  124.621923][T16545] veth0: entered promiscuous mode
[  124.623537][T16545] podman0: port 1(veth0) entered blocking state
[  124.624492][T16545] podman0: port 1(veth0) entered forwarding state
[ 1396.720434][T31762] podman1: port 1(veth0) entered blocking state
[ 1396.721472][T31762] podman1: port 1(veth0) entered disabled state
[ 1396.723929][T31762] veth0: entered allmulticast mode
[ 1396.725016][T31762] veth0: entered promiscuous mode
[ 1396.728241][T31762] podman1: port 1(veth0) entered blocking state
[ 1396.729229][T31762] podman1: port 1(veth0) entered forwarding state
[ 1397.060927][T31861] podman1: port 1(veth0) entered disabled state
[ 1397.072962][T31861] veth0 (unregistering): left allmulticast mode
[ 1397.074053][T31861] veth0 (unregistering): left promiscuous mode
[ 1397.075016][T31861] podman1: port 1(veth0) entered disabled state
[ 1477.231371][ T8785] podman1: port 1(veth0) entered blocking state
[ 1477.232793][ T8785] podman1: port 1(veth0) entered disabled state
[ 1477.233822][ T8785] veth0: entered allmulticast mode
[ 1477.236912][ T8785] veth0: entered promiscuous mode
[ 1477.238473][ T8785] podman1: port 1(veth0) entered blocking state
[ 1477.239658][ T8785] podman1: port 1(veth0) entered forwarding state
[ 1477.582423][ T8888] podman1: port 1(veth0) entered disabled state
[ 1477.584605][ T8888] veth0 (unregistering): left allmulticast mode
[ 1477.585643][ T8888] veth0 (unregistering): left promiscuous mode
[ 1477.586586][ T8888] podman1: port 1(veth0) entered disabled state
[ 1480.211246][ T9197] podman1: port 1(veth0) entered blocking state
[ 1480.212244][ T9197] podman1: port 1(veth0) entered disabled state
[ 1480.213179][ T9197] veth0: entered allmulticast mode
[ 1480.214019][ T9197] veth0: entered promiscuous mode
[ 1480.218088][ T9197] podman1: port 1(veth0) entered blocking state
[ 1480.219317][ T9197] podman1: port 1(veth0) entered forwarding state
[ 1480.220353][  T563] podman1: port 1(veth0) entered disabled state
[ 1480.294291][  T563] podman1: port 1(veth0) entered blocking state
[ 1480.295506][  T563] podman1: port 1(veth0) entered forwarding state
[ 1480.723181][ T9308] podman1: port 1(veth0) entered disabled state
[ 1480.733366][ T9308] veth0 (unregistering): left allmulticast mode
[ 1480.734334][ T9308] veth0 (unregistering): left promiscuous mode
[ 1480.735226][ T9308] podman1: port 1(veth0) entered disabled state
[ 1483.348028][ T9624] podman1: port 1(veth0) entered blocking state
[ 1483.348990][ T9624] podman1: port 1(veth0) entered disabled state
[ 1483.350974][ T9624] veth0: entered allmulticast mode
[ 1483.351989][ T9624] veth0: entered promiscuous mode
[ 1483.353288][ T9624] podman1: port 1(veth0) entered blocking state
[ 1483.354210][ T9624] podman1: port 1(veth0) entered forwarding state
[ 1483.961008][ T9771] podman1: port 1(veth0) entered disabled state
[ 1483.969391][ T9771] veth0 (unregistering): left allmulticast mode
[ 1483.970404][ T9771] veth0 (unregistering): left promiscuous mode
[ 1483.971332][ T9771] podman1: port 1(veth0) entered disabled state
[ 1486.479830][T10127] podman1: port 1(veth0) entered blocking state
[ 1486.480809][T10127] podman1: port 1(veth0) entered disabled state
[ 1486.484300][T10127] veth0: entered allmulticast mode
[ 1486.485249][T10127] veth0: entered promiscuous mode
[ 1486.486435][T10127] podman1: port 1(veth0) entered blocking state
[ 1486.487354][T10127] podman1: port 1(veth0) entered forwarding state
[ 1487.244054][T10290] podman1: port 1(veth0) entered disabled state
[ 1487.246039][T10290] veth0 (unregistering): left allmulticast mode
[ 1487.246998][T10290] veth0 (unregistering): left promiscuous mode
[ 1487.247909][T10290] podman1: port 1(veth0) entered disabled state
[ 1502.347624][T12619] podman1: port 1(veth0) entered blocking state
[ 1502.348580][T12619] podman1: port 1(veth0) entered disabled state
[ 1502.350836][T12619] veth0: entered allmulticast mode
[ 1502.352033][T12619] veth0: entered promiscuous mode
[ 1502.353228][T12619] podman1: port 1(veth0) entered blocking state
[ 1502.354125][T12619] podman1: port 1(veth0) entered forwarding state
[ 1502.691792][T12721] podman1: port 1(veth0) entered disabled state
[ 1502.713216][T12721] veth0 (unregistering): left allmulticast mode
[ 1502.714243][T12721] veth0 (unregistering): left promiscuous mode
[ 1502.715156][T12721] podman1: port 1(veth0) entered disabled state
[ 1503.798560][T12884] podman1: port 1(veth0) entered blocking state
[ 1503.799532][T12884] podman1: port 1(veth0) entered disabled state
[ 1503.800750][T12884] veth0: entered allmulticast mode
[ 1503.801723][T12884] veth0: entered promiscuous mode
[ 1503.802728][T12884] podman1: port 1(veth0) entered blocking state
[ 1503.803590][T12884] podman1: port 1(veth0) entered forwarding state
[ 1504.129788][T12990] podman1: port 1(veth0) entered disabled state
[ 1504.133188][T12990] veth0 (unregistering): left allmulticast mode
[ 1504.134117][T12990] veth0 (unregistering): left promiscuous mode
[ 1504.134981][T12990] podman1: port 1(veth0) entered disabled state
[ 1505.128659][T13151] podman1: port 1(veth0) entered blocking state
[ 1505.129618][T13151] podman1: port 1(veth0) entered disabled state
[ 1505.130531][T13151] veth0: entered allmulticast mode
[ 1505.131323][T13151] veth0: entered promiscuous mode
[ 1505.132285][T13151] podman1: port 1(veth0) entered blocking state
[ 1505.133129][T13151] podman1: port 1(veth0) entered forwarding state
[ 1505.451933][T13256] podman1: port 1(veth0) entered disabled state
[ 1505.465769][T13256] veth0 (unregistering): left allmulticast mode
[ 1505.466780][T13256] veth0 (unregistering): left promiscuous mode
[ 1505.467709][T13256] podman1: port 1(veth0) entered disabled state
[ 1508.323152][T13625] podman1: port 1(veth0) entered blocking state
[ 1508.324140][T13625] podman1: port 1(veth0) entered disabled state
[ 1508.327277][T13625] veth0: entered allmulticast mode
[ 1508.328282][T13625] veth0: entered promiscuous mode
[ 1508.329835][T13625] podman1: port 1(veth0) entered blocking state
[ 1508.330769][T13625] podman1: port 1(veth0) entered forwarding state
[ 1509.159331][T13809] podman1: port 1(veth0) entered disabled state
[ 1509.163417][T13809] veth0 (unregistering): left allmulticast mode
[ 1509.164471][T13809] veth0 (unregistering): left promiscuous mode
[ 1509.165373][T13809] podman1: port 1(veth0) entered disabled state
[ 1528.542540][T14742] podman1: port 1(veth0) entered blocking state
[ 1528.543702][T14742] podman1: port 1(veth0) entered disabled state
[ 1528.546917][T14742] veth0: entered allmulticast mode
[ 1528.547876][T14742] veth0: entered promiscuous mode
[ 1528.549262][T14742] podman1: port 1(veth0) entered blocking state
[ 1528.550172][T14742] podman1: port 1(veth0) entered forwarding state
[ 1529.199322][T14886] podman1: port 1(veth0) entered disabled state
[ 1529.218172][T14886] veth0 (unregistering): left allmulticast mode
[ 1529.219071][T14886] veth0 (unregistering): left promiscuous mode
[ 1529.219920][T14886] podman1: port 1(veth0) entered disabled state
[ 1531.404569][T15249] podman1: port 1(veth0) entered blocking state
[ 1531.405540][T15249] podman1: port 1(veth0) entered disabled state
[ 1531.407074][T15249] veth0: entered allmulticast mode
[ 1531.408080][T15249] veth0: entered promiscuous mode
[ 1531.409377][T15249] podman1: port 1(veth0) entered blocking state
[ 1531.410486][T15249] podman1: port 1(veth0) entered forwarding state
[ 1532.046559][T15400] podman1: port 1(veth0) entered disabled state
[ 1532.060676][T15400] veth0 (unregistering): left allmulticast mode
[ 1532.061679][T15400] veth0 (unregistering): left promiscuous mode
[ 1532.062603][T15400] podman1: port 1(veth0) entered disabled state
[ 1562.235001][T16692] podman1: port 1(veth0) entered blocking state
[ 1562.235974][T16692] podman1: port 1(veth0) entered disabled state
[ 1562.239813][T16692] veth0: entered allmulticast mode
[ 1562.240940][T16692] veth0: entered promiscuous mode
[ 1562.242318][T16692] podman1: port 1(veth0) entered blocking state
[ 1562.243431][T16692] podman1: port 1(veth0) entered forwarding state
[ 1562.871099][T16832] podman1: port 1(veth0) entered disabled state
[ 1562.880357][T16832] veth0 (unregistering): left allmulticast mode
[ 1562.881366][T16832] veth0 (unregistering): left promiscuous mode
[ 1562.882289][T16832] podman1: port 1(veth0) entered disabled state
[ 1576.350989][T18281] podman1: port 1(veth0) entered blocking state
[ 1576.351950][T18281] podman1: port 1(veth0) entered disabled state
[ 1576.352833][T18281] veth0: entered allmulticast mode
[ 1576.353681][T18281] veth0: entered promiscuous mode
[ 1576.433305][T15704] podman1: port 1(veth0) entered blocking state
[ 1576.434441][T15704] podman1: port 1(veth0) entered forwarding state
[ 1577.724111][T18401] podman1: port 1(veth0) entered disabled state
[ 1577.734187][T18401] veth0 (unregistering): left allmulticast mode
[ 1577.735340][T18401] veth0 (unregistering): left promiscuous mode
[ 1577.736265][T18401] podman1: port 1(veth0) entered disabled state
[ 1579.604409][T18736] podman1: port 1(veth0) entered blocking state
[ 1579.605506][T18736] podman1: port 1(veth0) entered disabled state
[ 1579.609614][T18736] veth0: entered allmulticast mode
[ 1579.610879][T18736] veth0: entered promiscuous mode
[ 1579.612012][T18736] podman1: port 1(veth0) entered blocking state
[ 1579.612914][T18736] podman1: port 1(veth0) entered forwarding state
[ 1581.023732][T19026] podman1: port 1(veth0) entered disabled state
[ 1581.029914][T19026] veth0 (unregistering): left allmulticast mode
[ 1581.030822][T19026] veth0 (unregistering): left promiscuous mode
[ 1581.031691][T19026] podman1: port 1(veth0) entered disabled state
[ 1582.506873][T19344] podman1: port 1(veth0) entered blocking state
[ 1582.507853][T19344] podman1: port 1(veth0) entered disabled state
[ 1582.509755][T19344] veth0: entered allmulticast mode
[ 1582.510807][T19344] veth0: entered promiscuous mode
[ 1582.511935][T19344] podman1: port 1(veth0) entered blocking state
[ 1582.512837][T19344] podman1: port 1(veth0) entered forwarding state
[ 1582.930684][T19476] podman1: port 1(veth0) entered disabled state
[ 1582.933176][T19476] veth0 (unregistering): left allmulticast mode
[ 1582.934128][T19476] veth0 (unregistering): left promiscuous mode
[ 1582.934980][T19476] podman1: port 1(veth0) entered disabled state
[ 1583.595388][T19558] podman1: port 1(veth0) entered blocking state
[ 1583.596631][T19558] podman1: port 1(veth0) entered disabled state
[ 1583.599742][T19558] veth0: entered allmulticast mode
[ 1583.600784][T19558] veth0: entered promiscuous mode
[ 1583.601839][T19558] podman1: port 1(veth0) entered blocking state
[ 1583.602735][T19558] podman1: port 1(veth0) entered forwarding state
[ 1583.952562][T19655] podman1: port 1(veth0) entered disabled state
[ 1583.960290][T19655] veth0 (unregistering): left allmulticast mode
[ 1583.961291][T19655] veth0 (unregistering): left promiscuous mode
[ 1583.962195][T19655] podman1: port 1(veth0) entered disabled state
[ 1584.865733][T19770] podman1: port 1(veth0) entered blocking state
[ 1584.866844][T19770] podman1: port 1(veth0) entered disabled state
[ 1584.867728][T19770] veth0: entered allmulticast mode
[ 1584.868520][T19770] veth0: entered promiscuous mode
[ 1584.871603][T19770] podman1: port 1(veth0) entered blocking state
[ 1584.872756][T19770] podman1: port 1(veth0) entered forwarding state
[ 1585.273434][T19898] podman1: port 1(veth0) entered disabled state
[ 1585.278072][T19898] veth0 (unregistering): left allmulticast mode
[ 1585.279122][T19898] veth0 (unregistering): left promiscuous mode
[ 1585.280069][T19898] podman1: port 1(veth0) entered disabled state
[ 1585.907801][T19986] podman1: port 1(veth0) entered blocking state
[ 1585.908860][T19986] podman1: port 1(veth0) entered disabled state
[ 1585.912827][T19986] veth0: entered allmulticast mode
[ 1585.913939][T19986] veth0: entered promiscuous mode
[ 1585.915246][T19986] podman1: port 1(veth0) entered blocking state
[ 1585.916366][T19986] podman1: port 1(veth0) entered forwarding state
[ 1586.267237][T20081] podman1: port 1(veth0) entered disabled state
[ 1586.287082][T20081] veth0 (unregistering): left allmulticast mode
[ 1586.288108][T20081] veth0 (unregistering): left promiscuous mode
[ 1586.289016][T20081] podman1: port 1(veth0) entered disabled state
[ 1587.265521][T20196] podman1: port 1(veth0) entered blocking state
[ 1587.266544][T20196] podman1: port 1(veth0) entered disabled state
[ 1587.269707][T20196] veth0: entered allmulticast mode
[ 1587.270852][T20196] veth0: entered promiscuous mode
[ 1587.272129][T20196] podman1: port 1(veth0) entered blocking state
[ 1587.273035][T20196] podman1: port 1(veth0) entered forwarding state
[ 1587.651817][T20322] podman1: port 1(veth0) entered disabled state
[ 1587.656250][T20322] veth0 (unregistering): left allmulticast mode
[ 1587.657252][T20322] veth0 (unregistering): left promiscuous mode
[ 1587.658161][T20322] podman1: port 1(veth0) entered disabled state
[ 1588.334673][T20406] podman1: port 1(veth0) entered blocking state
[ 1588.335688][T20406] podman1: port 1(veth0) entered disabled state
[ 1588.339470][T20406] veth0: entered allmulticast mode
[ 1588.340596][T20406] veth0: entered promiscuous mode
[ 1588.341977][T20406] podman1: port 1(veth0) entered blocking state
[ 1588.343084][T20406] podman1: port 1(veth0) entered forwarding state
[ 1588.652032][T20504] podman1: port 1(veth0) entered disabled state
[ 1588.662961][T20504] veth0 (unregistering): left allmulticast mode
[ 1588.663973][T20504] veth0 (unregistering): left promiscuous mode
[ 1588.664866][T20504] podman1: port 1(veth0) entered disabled state
[ 1589.654653][T20620] podman1: port 1(veth0) entered blocking state
[ 1589.655615][T20620] podman1: port 1(veth0) entered disabled state
[ 1589.657531][T20620] veth0: entered allmulticast mode
[ 1589.658743][T20620] veth0: entered promiscuous mode
[ 1589.660526][T20620] podman1: port 1(veth0) entered blocking state
[ 1589.661653][T20620] podman1: port 1(veth0) entered forwarding state
[ 1590.046930][T20729] podman1: port 1(veth0) entered disabled state
[ 1590.070914][T20729] veth0 (unregistering): left allmulticast mode
[ 1590.071946][T20729] veth0 (unregistering): left promiscuous mode
[ 1590.072958][T20729] podman1: port 1(veth0) entered disabled state
[ 1590.813215][T20833] podman1: port 1(veth0) entered blocking state
[ 1590.814201][T20833] podman1: port 1(veth0) entered disabled state
[ 1590.816634][T20833] veth0: entered allmulticast mode
[ 1590.817836][T20833] veth0: entered promiscuous mode
[ 1590.819024][T20833] podman1: port 1(veth0) entered blocking state
[ 1590.819933][T20833] podman1: port 1(veth0) entered forwarding state
[ 1591.173377][T20929] podman1: port 1(veth0) entered disabled state
[ 1591.189904][T20929] veth0 (unregistering): left allmulticast mode
[ 1591.190879][T20929] veth0 (unregistering): left promiscuous mode
[ 1591.191777][T20929] podman1: port 1(veth0) entered disabled state
[ 1592.096331][T21046] podman1: port 1(veth0) entered blocking state
[ 1592.097309][T21046] podman1: port 1(veth0) entered disabled state
[ 1592.098189][T21046] veth0: entered allmulticast mode
[ 1592.098987][T21046] veth0: entered promiscuous mode
[ 1592.103234][T21046] podman1: port 1(veth0) entered blocking state
[ 1592.104458][T21046] podman1: port 1(veth0) entered forwarding state
[ 1592.479338][T21156] podman1: port 1(veth0) entered disabled state
[ 1592.518952][T21156] veth0 (unregistering): left allmulticast mode
[ 1592.520200][T21156] veth0 (unregistering): left promiscuous mode
[ 1592.521152][T21156] podman1: port 1(veth0) entered disabled state
[ 1593.172524][T21253] podman1: port 1(veth0) entered blocking state
[ 1593.173549][T21253] podman1: port 1(veth0) entered disabled state
[ 1593.176262][T21253] veth0: entered allmulticast mode
[ 1593.177291][T21253] veth0: entered promiscuous mode
[ 1593.178594][T21253] podman1: port 1(veth0) entered blocking state
[ 1593.179704][T21253] podman1: port 1(veth0) entered forwarding state
[ 1593.509643][T21354] podman1: port 1(veth0) entered disabled state
[ 1593.512986][T21354] veth0 (unregistering): left allmulticast mode
[ 1593.513987][T21354] veth0 (unregistering): left promiscuous mode
[ 1593.514870][T21354] podman1: port 1(veth0) entered disabled state
[ 1594.447737][T21467] podman1: port 1(veth0) entered blocking state
[ 1594.448701][T21467] podman1: port 1(veth0) entered disabled state
[ 1594.452720][T21467] veth0: entered allmulticast mode
[ 1594.453852][T21467] veth0: entered promiscuous mode
[ 1594.455003][T21467] podman1: port 1(veth0) entered blocking state
[ 1594.455898][T21467] podman1: port 1(veth0) entered forwarding state
[ 1594.838481][T21584] podman1: port 1(veth0) entered disabled state
[ 1594.840503][T21584] veth0 (unregistering): left allmulticast mode
[ 1594.841476][T21584] veth0 (unregistering): left promiscuous mode
[ 1594.842362][T21584] podman1: port 1(veth0) entered disabled state
[ 1595.583791][T21681] podman1: port 1(veth0) entered blocking state
[ 1595.584772][T21681] podman1: port 1(veth0) entered disabled state
[ 1595.585665][T21681] veth0: entered allmulticast mode
[ 1595.586481][T21681] veth0: entered promiscuous mode
[ 1595.588145][T21681] podman1: port 1(veth0) entered blocking state
[ 1595.589148][T21681] podman1: port 1(veth0) entered forwarding state
[ 1595.945077][T21782] podman1: port 1(veth0) entered disabled state
[ 1595.949868][T21782] veth0 (unregistering): left allmulticast mode
[ 1595.950853][T21782] veth0 (unregistering): left promiscuous mode
[ 1595.951739][T21782] podman1: port 1(veth0) entered disabled state
[ 1596.892799][T21896] podman1: port 1(veth0) entered blocking state
[ 1596.893930][T21896] podman1: port 1(veth0) entered disabled state
[ 1596.894876][T21896] veth0: entered allmulticast mode
[ 1596.895709][T21896] veth0: entered promiscuous mode
[ 1596.898956][T21896] podman1: port 1(veth0) entered blocking state
[ 1596.900334][T21896] podman1: port 1(veth0) entered forwarding state
[ 1597.263066][T22012] podman1: port 1(veth0) entered disabled state
[ 1597.283392][T22012] veth0 (unregistering): left allmulticast mode
[ 1597.284460][T22012] veth0 (unregistering): left promiscuous mode
[ 1597.285379][T22012] podman1: port 1(veth0) entered disabled state
[ 1597.970275][T22106] podman1: port 1(veth0) entered blocking state
[ 1597.971489][T22106] podman1: port 1(veth0) entered disabled state
[ 1597.972637][T22106] veth0: entered allmulticast mode
[ 1597.973650][T22106] veth0: entered promiscuous mode
[ 1597.976285][T22106] podman1: port 1(veth0) entered blocking state
[ 1597.977472][T22106] podman1: port 1(veth0) entered forwarding state
[ 1598.315238][T22207] podman1: port 1(veth0) entered disabled state
[ 1598.321364][T22207] veth0 (unregistering): left allmulticast mode
[ 1598.322360][T22207] veth0 (unregistering): left promiscuous mode
[ 1598.323276][T22207] podman1: port 1(veth0) entered disabled state
[ 1599.256230][T22319] podman1: port 1(veth0) entered blocking state
[ 1599.257455][T22319] podman1: port 1(veth0) entered disabled state
[ 1599.258431][T22319] veth0: entered allmulticast mode
[ 1599.259695][T22319] veth0: entered promiscuous mode
[ 1599.261153][T22319] podman1: port 1(veth0) entered blocking state
[ 1599.262288][T22319] podman1: port 1(veth0) entered forwarding state
[ 1599.631318][T22433] podman1: port 1(veth0) entered disabled state
[ 1599.660683][T22433] veth0 (unregistering): left allmulticast mode
[ 1599.661714][T22433] veth0 (unregistering): left promiscuous mode
[ 1599.662641][T22433] podman1: port 1(veth0) entered disabled state
[ 1600.293672][T22534] podman1: port 1(veth0) entered blocking state
[ 1600.294699][T22534] podman1: port 1(veth0) entered disabled state
[ 1600.295602][T22534] veth0: entered allmulticast mode
[ 1600.299590][T22534] veth0: entered promiscuous mode
[ 1600.300839][T22534] podman1: port 1(veth0) entered blocking state
[ 1600.301704][T22534] podman1: port 1(veth0) entered forwarding state
[ 1600.609985][T22630] podman1: port 1(veth0) entered disabled state
[ 1600.615358][T22630] veth0 (unregistering): left allmulticast mode
[ 1600.616283][T22630] veth0 (unregistering): left promiscuous mode
[ 1600.617160][T22630] podman1: port 1(veth0) entered disabled state
[ 1601.539887][T22745] podman1: port 1(veth0) entered blocking state
[ 1601.540880][T22745] podman1: port 1(veth0) entered disabled state
[ 1601.541789][T22745] veth0: entered allmulticast mode
[ 1601.542606][T22745] veth0: entered promiscuous mode
[ 1601.546171][T22745] podman1: port 1(veth0) entered blocking state
[ 1601.547035][T22745] podman1: port 1(veth0) entered forwarding state
[ 1601.922865][T22866] podman1: port 1(veth0) entered disabled state
[ 1601.942252][T22866] veth0 (unregistering): left allmulticast mode
[ 1601.943184][T22866] veth0 (unregistering): left promiscuous mode
[ 1601.944045][T22866] podman1: port 1(veth0) entered disabled state
[ 1602.583774][T22958] podman1: port 1(veth0) entered blocking state
[ 1602.585420][T22958] podman1: port 1(veth0) entered disabled state
[ 1602.589333][T22958] veth0: entered allmulticast mode
[ 1602.590206][T22958] veth0: entered promiscuous mode
[ 1602.591240][T22958] podman1: port 1(veth0) entered blocking state
[ 1602.592075][T22958] podman1: port 1(veth0) entered forwarding state
[ 1602.927283][T23053] podman1: port 1(veth0) entered disabled state
[ 1602.939470][T23053] veth0 (unregistering): left allmulticast mode
[ 1602.940376][T23053] veth0 (unregistering): left promiscuous mode
[ 1602.941244][T23053] podman1: port 1(veth0) entered disabled state
[ 1674.850530][  T615] podman0: port 1(veth0) entered blocking state
[ 1674.851781][  T615] podman0: port 1(veth0) entered disabled state
[ 1674.854995][  T615] veth0: entered allmulticast mode
[ 1674.856011][  T615] veth0: entered promiscuous mode
[ 1674.857194][  T615] podman0: port 1(veth0) entered blocking state
[ 1674.858073][  T615] podman0: port 1(veth0) entered forwarding state
[ 1675.250668][  T751] podman0: port 1(veth0) entered disabled state
[ 1675.253265][  T751] veth0 (unregistering): left allmulticast mode
[ 1675.254277][  T751] veth0 (unregistering): left promiscuous mode
[ 1675.255210][  T751] podman0: port 1(veth0) entered disabled state
[ 1682.456495][ T2078] podman1: port 1(veth0) entered blocking state
[ 1682.457464][ T2078] podman1: port 1(veth0) entered disabled state
[ 1682.459059][ T2078] veth0: entered allmulticast mode
[ 1682.460008][ T2078] veth0: entered promiscuous mode
[ 1682.461156][ T2078] podman1: port 1(veth0) entered blocking state
[ 1682.462051][ T2078] podman1: port 1(veth0) entered forwarding state
[ 1682.658359][ T2150] podman1: port 1(veth0) entered disabled state
[ 1682.661771][ T2150] veth0 (unregistering): left allmulticast mode
[ 1682.662871][ T2150] veth0 (unregistering): left promiscuous mode
[ 1682.663765][ T2150] podman1: port 1(veth0) entered disabled state
[ 1682.957433][ T2201] podman1: port 1(veth0) entered blocking state
[ 1682.958542][ T2201] podman1: port 1(veth0) entered disabled state
[ 1682.959483][ T2201] veth0: entered allmulticast mode
[ 1682.960319][ T2201] veth0: entered promiscuous mode
[ 1682.961938][ T2201] podman1: port 1(veth0) entered blocking state
[ 1682.962917][ T2201] podman1: port 1(veth0) entered forwarding state
[ 1683.572523][ T2390] podman1: port 1(veth0) entered disabled state
[ 1683.575237][ T2390] veth0 (unregistering): left allmulticast mode
[ 1683.576326][ T2390] veth0 (unregistering): left promiscuous mode
[ 1683.577213][ T2390] podman1: port 1(veth0) entered disabled state
[ 1684.905224][ T2643] podman0: port 1(veth0) entered blocking state
[ 1684.906282][ T2643] podman0: port 1(veth0) entered disabled state
[ 1684.908413][ T2643] veth0: entered allmulticast mode
[ 1684.909403][ T2643] veth0: entered promiscuous mode
[ 1684.910594][ T2643] podman0: port 1(veth0) entered blocking state
[ 1684.911495][ T2643] podman0: port 1(veth0) entered forwarding state
[ 1685.324082][ T2771] podman0: port 1(veth0) entered disabled state
[ 1685.327322][ T2771] veth0 (unregistering): left allmulticast mode
[ 1685.328269][ T2771] veth0 (unregistering): left promiscuous mode
[ 1685.329127][ T2771] podman0: port 1(veth0) entered disabled state
[ 1685.487352][ T2813] podman0: port 1(veth0) entered blocking state
[ 1685.488377][ T2813] podman0: port 1(veth0) entered disabled state
[ 1685.489504][ T2813] veth0: entered allmulticast mode
[ 1685.490329][ T2813] veth0: entered promiscuous mode
[ 1685.491325][ T2813] podman0: port 1(veth0) entered blocking state
[ 1685.492214][ T2813] podman0: port 1(veth0) entered forwarding state
[ 1685.782779][ T2902] podman0: port 1(veth0) entered disabled state
[ 1685.789809][ T2902] veth0 (unregistering): left allmulticast mode
[ 1685.790721][ T2902] veth0 (unregistering): left promiscuous mode
[ 1685.791604][ T2902] podman0: port 1(veth0) entered disabled state
[ 1686.612973][ T3079] podman1: port 1(veth0) entered blocking state
[ 1686.613962][ T3079] podman1: port 1(veth0) entered disabled state
[ 1686.616523][ T3079] veth0: entered allmulticast mode
[ 1686.617354][ T3079] veth0: entered promiscuous mode
[ 1686.618412][ T3079] podman1: port 1(veth0) entered blocking state
[ 1686.619267][ T3079] podman1: port 1(veth0) entered forwarding state
[ 1686.828203][ T3153] podman1: port 1(veth0) entered disabled state
[ 1686.829329][ T3153] veth0 (unregistering): left allmulticast mode
[ 1686.830217][ T3153] veth0 (unregistering): left promiscuous mode
[ 1686.831072][ T3153] podman1: port 1(veth0) entered disabled state
[ 1688.680093][ T3496] podman1: port 1(veth0) entered blocking state
[ 1688.681250][ T3496] podman1: port 1(veth0) entered disabled state
[ 1688.682234][ T3496] veth0: entered allmulticast mode
[ 1688.683181][ T3496] veth0: entered promiscuous mode
[ 1688.684551][ T3496] podman1: port 1(veth0) entered blocking state
[ 1688.685461][ T3496] podman1: port 1(veth0) entered forwarding state
[ 1688.939729][ T3579] podman1: port 2(veth1) entered blocking state
[ 1688.940724][ T3579] podman1: port 2(veth1) entered disabled state
[ 1688.944780][ T3579] veth1: entered allmulticast mode
[ 1688.945741][ T3579] veth1: entered promiscuous mode
[ 1688.946894][ T3579] podman1: port 2(veth1) entered blocking state
[ 1688.947780][ T3579] podman1: port 2(veth1) entered forwarding state
[ 1689.530833][ T3732] podman1: port 2(veth1) entered disabled state
[ 1689.535050][ T3732] veth1 (unregistering): left allmulticast mode
[ 1689.536069][ T3732] veth1 (unregistering): left promiscuous mode
[ 1689.536959][ T3732] podman1: port 2(veth1) entered disabled state
[ 1690.062948][ T3791] podman1: port 2(veth1) entered blocking state
[ 1690.063942][ T3791] podman1: port 2(veth1) entered disabled state
[ 1690.068158][ T3791] veth1: entered allmulticast mode
[ 1690.069322][ T3791] veth1: entered promiscuous mode
[ 1690.070438][ T3791] podman1: port 2(veth1) entered blocking state
[ 1690.071329][ T3791] podman1: port 2(veth1) entered forwarding state
[ 1690.554430][ T3905] podman1: port 1(veth0) entered disabled state
[ 1690.558686][ T3905] veth0 (unregistering): left allmulticast mode
[ 1690.559686][ T3905] veth0 (unregistering): left promiscuous mode
[ 1690.560591][ T3905] podman1: port 1(veth0) entered disabled state
[ 1690.723457][ T3927] podman1: port 1(veth0) entered blocking state
[ 1690.724900][ T3927] podman1: port 1(veth0) entered disabled state
[ 1690.726152][ T3927] veth0: entered allmulticast mode
[ 1690.727282][ T3927] veth0: entered promiscuous mode
[ 1690.729084][ T3927] podman1: port 1(veth0) entered blocking state
[ 1690.730740][ T3927] podman1: port 1(veth0) entered forwarding state
[ 1690.909069][ T3984] podman2: port 1(veth2) entered blocking state
[ 1690.909978][ T3984] podman2: port 1(veth2) entered disabled state
[ 1690.910837][ T3984] veth2: entered allmulticast mode
[ 1690.914880][ T3984] veth2: entered promiscuous mode
[ 1690.916373][ T3984] podman2: port 1(veth2) entered blocking state
[ 1690.917477][ T3984] podman2: port 1(veth2) entered forwarding state
[ 1691.166372][ T4071] podman1: port 2(veth1) entered disabled state
[ 1691.168611][ T4071] veth1 (unregistering): left allmulticast mode
[ 1691.169602][ T4071] veth1 (unregistering): left promiscuous mode
[ 1691.170492][ T4071] podman1: port 2(veth1) entered disabled state
[ 1691.365010][ T4121] podman2: port 1(veth2) entered disabled state
[ 1691.367535][ T4121] veth2 (unregistering): left allmulticast mode
[ 1691.368526][ T4121] veth2 (unregistering): left promiscuous mode
[ 1691.369410][ T4121] podman2: port 1(veth2) entered disabled state
[ 1691.494223][ T4162] podman1: port 1(veth0) entered disabled state
[ 1691.497398][ T4162] veth0 (unregistering): left allmulticast mode
[ 1691.498410][ T4162] veth0 (unregistering): left promiscuous mode
[ 1691.499312][ T4162] podman1: port 1(veth0) entered disabled state
[ 1694.634628][ T4535] podman1: port 1(veth0) entered blocking state
[ 1694.635600][ T4535] podman1: port 1(veth0) entered disabled state
[ 1694.638236][ T4535] veth0: entered allmulticast mode
[ 1694.639112][ T4535] veth0: entered promiscuous mode
[ 1694.640094][ T4535] podman1: port 1(veth0) entered blocking state
[ 1694.640942][ T4535] podman1: port 1(veth0) entered forwarding state
[ 1694.959286][ T4656] podman1: port 1(veth0) entered disabled state
[ 1694.961619][ T4656] veth0 (unregistering): left allmulticast mode
[ 1694.962505][ T4656] veth0 (unregistering): left promiscuous mode
[ 1694.963462][ T4656] podman1: port 1(veth0) entered disabled state
[ 1695.185794][ T4700] podman1: port 1(veth0) entered blocking state
[ 1695.186754][ T4700] podman1: port 1(veth0) entered disabled state
[ 1695.188199][ T4700] veth0: entered allmulticast mode
[ 1695.189108][ T4700] veth0: entered promiscuous mode
[ 1695.190147][ T4700] podman1: port 1(veth0) entered blocking state
[ 1695.191002][ T4700] podman1: port 1(veth0) entered forwarding state
[ 1696.510643][ T4811] podman1: port 1(veth0) entered disabled state
[ 1696.513689][ T4811] veth0 (unregistering): left allmulticast mode
[ 1696.514734][ T4811] veth0 (unregistering): left promiscuous mode
[ 1696.515625][ T4811] podman1: port 1(veth0) entered disabled state
[ 1696.703112][ T4864] podman1: port 1(veth0) entered blocking state
[ 1696.704127][ T4864] podman1: port 1(veth0) entered disabled state
[ 1696.707787][ T4864] veth0: entered allmulticast mode
[ 1696.708995][ T4864] veth0: entered promiscuous mode
[ 1696.710109][ T4864] podman1: port 1(veth0) entered blocking state
[ 1696.710985][ T4864] podman1: port 1(veth0) entered forwarding state
[ 1697.063085][ T4980] podman1: port 1(veth0) entered disabled state
[ 1697.073509][ T4980] veth0 (unregistering): left allmulticast mode
[ 1697.074539][ T4980] veth0 (unregistering): left promiscuous mode
[ 1697.075473][ T4980] podman1: port 1(veth0) entered disabled state
[ 1698.289583][ T5208] podman1: port 1(veth0) entered blocking state
[ 1698.290558][ T5208] podman1: port 1(veth0) entered disabled state
[ 1698.294553][ T5208] veth0: entered allmulticast mode
[ 1698.295749][ T5208] veth0: entered promiscuous mode
[ 1698.297104][ T5208] podman1: port 1(veth0) entered blocking state
[ 1698.298233][ T5208] podman1: port 1(veth0) entered forwarding state
[ 1698.495469][ T5280] podman1: port 1(veth0) entered disabled state
[ 1698.498356][ T5280] veth0 (unregistering): left allmulticast mode
[ 1698.499444][ T5280] veth0 (unregistering): left promiscuous mode
[ 1698.500368][ T5280] podman1: port 1(veth0) entered disabled state
[ 1698.920898][ T5357] podman1: port 1(veth0) entered blocking state
[ 1698.922082][ T5357] podman1: port 1(veth0) entered disabled state
[ 1698.924096][ T5357] veth0: entered allmulticast mode
[ 1698.925278][ T5357] veth0: entered promiscuous mode
[ 1698.926422][ T5357] podman1: port 1(veth0) entered blocking state
[ 1698.927297][ T5357] podman1: port 1(veth0) entered forwarding state
[ 1699.125883][ T5430] podman1: port 1(veth0) entered disabled state
[ 1699.128536][ T5430] veth0 (unregistering): left allmulticast mode
[ 1699.129727][ T5430] veth0 (unregistering): left promiscuous mode
[ 1699.130610][ T5430] podman1: port 1(veth0) entered disabled state
[ 1700.400199][ T5657] podman0: port 1(veth0) entered blocking state
[ 1700.401225][ T5657] podman0: port 1(veth0) entered disabled state
[ 1700.402342][ T5657] veth0: entered allmulticast mode
[ 1700.403266][ T5657] veth0: entered promiscuous mode
[ 1700.404385][ T5657] podman0: port 1(veth0) entered blocking state
[ 1700.405266][ T5657] podman0: port 1(veth0) entered forwarding state
[ 1704.000939][ T5847] podman0: port 1(veth0) entered disabled state
[ 1704.009024][ T5847] veth0 (unregistering): left allmulticast mode
[ 1704.009930][ T5847] veth0 (unregistering): left promiscuous mode
[ 1704.010780][ T5847] podman0: port 1(veth0) entered disabled state
[ 1720.047058][ T7348] podman0: port 1(veth0) entered blocking state
[ 1720.048065][ T7348] podman0: port 1(veth0) entered disabled state
[ 1720.048935][ T7348] veth0: entered allmulticast mode
[ 1720.049736][ T7348] veth0: entered promiscuous mode
[ 1720.051514][ T7348] podman0: port 1(veth0) entered blocking state
[ 1720.052545][ T7348] podman0: port 1(veth0) entered forwarding state
[ 1720.225883][ T7415] podman0: port 1(veth0) entered disabled state
[ 1720.227911][ T7415] veth0 (unregistering): left allmulticast mode
[ 1720.228924][ T7415] veth0 (unregistering): left promiscuous mode
[ 1720.229824][ T7415] podman0: port 1(veth0) entered disabled state
[ 1723.018895][ T7944] podman1: port 1(veth0) entered blocking state
[ 1723.020009][ T7944] podman1: port 1(veth0) entered disabled state
[ 1723.020888][ T7944] veth0: entered allmulticast mode
[ 1723.024401][ T7944] veth0: entered promiscuous mode
[ 1723.025690][ T7944] podman1: port 1(veth0) entered blocking state
[ 1723.026774][ T7944] podman1: port 1(veth0) entered forwarding state
[ 1723.192519][ T8012] podman1: port 1(veth0) entered disabled state
[ 1723.194728][ T8012] veth0 (unregistering): left allmulticast mode
[ 1723.195747][ T8012] veth0 (unregistering): left promiscuous mode
[ 1723.196637][ T8012] podman1: port 1(veth0) entered disabled state
[ 1723.422522][ T8052] podman1: port 1(veth0) entered blocking state
[ 1723.423526][ T8052] podman1: port 1(veth0) entered disabled state
[ 1723.425671][ T8052] veth0: entered allmulticast mode
[ 1723.426672][ T8052] veth0: entered promiscuous mode
[ 1723.427956][ T8052] podman1: port 1(veth0) entered blocking state
[ 1723.428991][ T8052] podman1: port 1(veth0) entered forwarding state
[ 1723.604014][ T8120] podman1: port 1(veth0) entered disabled state
[ 1723.606579][ T8120] veth0 (unregistering): left allmulticast mode
[ 1723.607556][ T8120] veth0 (unregistering): left promiscuous mode
[ 1723.608469][ T8120] podman1: port 1(veth0) entered disabled state
[ 1723.931005][ T8158] podman1: port 1(veth0) entered blocking state
[ 1723.932404][ T8158] podman1: port 1(veth0) entered disabled state
[ 1723.934527][ T8158] veth0: entered allmulticast mode
[ 1723.935759][ T8158] veth0: entered promiscuous mode
[ 1723.937307][ T8158] podman1: port 1(veth0) entered blocking state
[ 1723.938388][ T8158] podman1: port 1(veth0) entered forwarding state
[ 1724.103328][ T8226] podman1: port 1(veth0) entered disabled state
[ 1724.106339][ T8226] veth0 (unregistering): left allmulticast mode
[ 1724.107382][ T8226] veth0 (unregistering): left promiscuous mode
[ 1724.108402][ T8226] podman1: port 1(veth0) entered disabled state
[ 1724.260651][ T8265] podman1: port 1(veth0) entered blocking state
[ 1724.261711][ T8265] podman1: port 1(veth0) entered disabled state
[ 1724.267661][ T8265] veth0: entered allmulticast mode
[ 1724.268639][ T8265] veth0: entered promiscuous mode
[ 1724.269736][ T8265] podman1: port 1(veth0) entered blocking state
[ 1724.270600][ T8265] podman1: port 1(veth0) entered forwarding state
[ 1724.460267][ T8333] podman1: port 1(veth0) entered disabled state
[ 1724.464536][ T8333] veth0 (unregistering): left allmulticast mode
[ 1724.465516][ T8333] veth0 (unregistering): left promiscuous mode
[ 1724.466423][ T8333] podman1: port 1(veth0) entered disabled state
[ 1724.688273][ T8373] podman1: port 1(veth0) entered blocking state
[ 1724.689280][ T8373] podman1: port 1(veth0) entered disabled state
[ 1724.690156][ T8373] veth0: entered allmulticast mode
[ 1724.694353][ T8373] veth0: entered promiscuous mode
[ 1724.695679][ T8373] podman1: port 1(veth0) entered blocking state
[ 1724.696586][ T8373] podman1: port 1(veth0) entered forwarding state
[ 1724.885222][ T8441] podman1: port 1(veth0) entered disabled state
[ 1724.886453][ T8441] veth0 (unregistering): left allmulticast mode
[ 1724.887397][ T8441] veth0 (unregistering): left promiscuous mode
[ 1724.888333][ T8441] podman1: port 1(veth0) entered disabled state
[ 1725.108605][ T8481] podman1: port 1(veth0) entered blocking state
[ 1725.109569][ T8481] podman1: port 1(veth0) entered disabled state
[ 1725.110959][ T8481] veth0: entered allmulticast mode
[ 1725.112130][ T8481] veth0: entered promiscuous mode
[ 1725.113206][ T8481] podman1: port 1(veth0) entered blocking state
[ 1725.114074][ T8481] podman1: port 1(veth0) entered forwarding state
[ 1725.292801][ T8548] podman1: port 1(veth0) entered disabled state
[ 1725.294637][ T8548] veth0 (unregistering): left allmulticast mode
[ 1725.295647][ T8548] veth0 (unregistering): left promiscuous mode
[ 1725.296535][ T8548] podman1: port 1(veth0) entered disabled state
[ 1725.513160][ T8588] podman1: port 1(veth0) entered blocking state
[ 1725.514144][ T8588] podman1: port 1(veth0) entered disabled state
[ 1725.517625][ T8588] veth0: entered allmulticast mode
[ 1725.518760][ T8588] veth0: entered promiscuous mode
[ 1725.519969][ T8588] podman1: port 1(veth0) entered blocking state
[ 1725.520842][ T8588] podman1: port 1(veth0) entered forwarding state
[ 1725.688472][ T8655] podman1: port 1(veth0) entered disabled state
[ 1725.691231][ T8655] veth0 (unregistering): left allmulticast mode
[ 1725.692223][ T8655] veth0 (unregistering): left promiscuous mode
[ 1725.693205][ T8655] podman1: port 1(veth0) entered disabled state
[ 1726.117685][ T8717] podman1: port 1(veth0) entered blocking state
[ 1726.118715][ T8717] podman1: port 1(veth0) entered disabled state
[ 1726.121161][ T8717] veth0: entered allmulticast mode
[ 1726.122287][ T8717] veth0: entered promiscuous mode
[ 1726.123486][ T8717] podman1: port 1(veth0) entered blocking state
[ 1726.124401][ T8717] podman1: port 1(veth0) entered forwarding state
[ 1726.319750][ T8790] podman1: port 1(veth0) entered disabled state
[ 1726.324636][ T8790] veth0 (unregistering): left allmulticast mode
[ 1726.325771][ T8790] veth0 (unregistering): left promiscuous mode
[ 1726.326668][ T8790] podman1: port 1(veth0) entered disabled state
[ 1730.064182][ T9464] podman1: port 1(veth0) entered blocking state
[ 1730.065178][ T9464] podman1: port 1(veth0) entered disabled state
[ 1730.067833][ T9464] veth0: entered allmulticast mode
[ 1730.068939][ T9464] veth0: entered promiscuous mode
[ 1730.070156][ T9464] podman1: port 1(veth0) entered blocking state
[ 1730.071050][ T9464] podman1: port 1(veth0) entered forwarding state
[ 1730.242142][ T9529] podman1: port 2(veth1) entered blocking state
[ 1730.243090][ T9529] podman1: port 2(veth1) entered disabled state
[ 1730.243967][ T9529] veth1: entered allmulticast mode
[ 1730.247735][ T9529] veth1: entered promiscuous mode
[ 1730.248937][ T9529] podman1: port 2(veth1) entered blocking state
[ 1730.249855][ T9529] podman1: port 2(veth1) entered forwarding state
[ 1730.421489][ T9584] podman0: port 1(veth2) entered blocking state
[ 1730.422543][ T9584] podman0: port 1(veth2) entered disabled state
[ 1730.423491][ T9584] veth2: entered allmulticast mode
[ 1730.424330][ T9584] veth2: entered promiscuous mode
[ 1730.428140][ T9584] podman0: port 1(veth2) entered blocking state
[ 1730.429121][ T9584] podman0: port 1(veth2) entered forwarding state
[ 1730.871567][ T9686] podman0: port 1(veth2) entered disabled state
[ 1730.913503][ T9686] veth2 (unregistering): left allmulticast mode
[ 1730.914529][ T9686] veth2 (unregistering): left promiscuous mode
[ 1730.915447][ T9686] podman0: port 1(veth2) entered disabled state
[ 1731.047636][ T9730] podman1: port 2(veth1) entered disabled state
[ 1731.051429][ T9730] veth1 (unregistering): left allmulticast mode
[ 1731.052431][ T9730] veth1 (unregistering): left promiscuous mode
[ 1731.053294][ T9730] podman1: port 2(veth1) entered disabled state
[ 1731.143217][ T9741] podman1: port 1(veth0) entered disabled state
[ 1731.144883][ T9741] veth0 (unregistering): left allmulticast mode
[ 1731.145737][ T9741] veth0 (unregistering): left promiscuous mode
[ 1731.146570][ T9741] podman1: port 1(veth0) entered disabled state
[ 1973.217361][T21980] podman1: port 1(veth0) entered blocking state
[ 1973.218605][T21980] podman1: port 1(veth0) entered disabled state
[ 1973.219748][T21980] veth0: entered allmulticast mode
[ 1973.223199][T21980] veth0: entered promiscuous mode
[ 1973.224536][T21980] podman1: port 1(veth0) entered blocking state
[ 1973.225485][T21980] podman1: port 1(veth0) entered forwarding state
[ 1973.898614][T22138] podman1: port 1(veth0) entered disabled state
[ 1973.910410][T22138] veth0 (unregistering): left allmulticast mode
[ 1973.911439][T22138] veth0 (unregistering): left promiscuous mode
[ 1973.912373][T22138] podman1: port 1(veth0) entered disabled state
[ 1975.292283][T22405] podman1: port 1(veth0) entered blocking state
[ 1975.293255][T22405] podman1: port 1(veth0) entered disabled state
[ 1975.294140][T22405] veth0: entered allmulticast mode
[ 1975.294987][T22405] veth0: entered promiscuous mode
[ 1975.297179][T22405] podman1: port 1(veth0) entered blocking state
[ 1975.298221][T22405] podman1: port 1(veth0) entered forwarding state
[ 1975.826191][T22534] podman1: port 1(veth0) entered disabled state
[ 1975.831317][T22534] veth0 (unregistering): left allmulticast mode
[ 1975.832472][T22534] veth0 (unregistering): left promiscuous mode
[ 1975.833372][T22534] podman1: port 1(veth0) entered disabled state
[ 1977.251112][T22823] podman1: port 1(veth0) entered blocking state
[ 1977.252099][T22823] podman1: port 1(veth0) entered disabled state
[ 1977.254516][T22823] veth0: entered allmulticast mode
[ 1977.255694][T22823] veth0: entered promiscuous mode
[ 1977.256851][T22823] podman1: port 1(veth0) entered blocking state
[ 1977.257745][T22823] podman1: port 1(veth0) entered forwarding state
[ 1977.881292][T22973] podman1: port 1(veth0) entered disabled state
[ 1977.889982][T22973] veth0 (unregistering): left allmulticast mode
[ 1977.891027][T22973] veth0 (unregistering): left promiscuous mode
[ 1977.891940][T22973] podman1: port 1(veth0) entered disabled state
[ 1982.811851][T23824] podman1: port 1(veth0) entered blocking state
[ 1982.813329][T23824] podman1: port 1(veth0) entered disabled state
[ 1982.816613][T23824] veth0: entered allmulticast mode
[ 1982.817678][T23824] veth0: entered promiscuous mode
[ 1982.818782][T23824] podman1: port 1(veth0) entered blocking state
[ 1982.819671][T23824] podman1: port 1(veth0) entered forwarding state
[ 1983.292437][T23951] podman1: port 1(veth0) entered disabled state
[ 1983.296623][T23951] veth0 (unregistering): left allmulticast mode
[ 1983.297579][T23951] veth0 (unregistering): left promiscuous mode
[ 1983.298435][T23951] podman1: port 1(veth0) entered disabled state
[ 1985.495264][T24335] podman1: port 1(veth0) entered blocking state
[ 1985.496256][T24335] podman1: port 1(veth0) entered disabled state
[ 1985.497142][T24335] veth0: entered allmulticast mode
[ 1985.500957][T24335] veth0: entered promiscuous mode
[ 1985.501971][T24335] podman1: port 1(veth0) entered blocking state
[ 1985.502858][T24335] podman1: port 1(veth0) entered forwarding state
[ 1985.966450][T24478] podman1: port 1(veth0) entered disabled state
[ 1985.975559][T24478] veth0 (unregistering): left allmulticast mode
[ 1985.976586][T24478] veth0 (unregistering): left promiscuous mode
[ 1985.977477][T24478] podman1: port 1(veth0) entered disabled state
[ 1993.243547][T25579] podman1: port 1(veth0) entered blocking state
[ 1993.244752][T25579] podman1: port 1(veth0) entered disabled state
[ 1993.245671][T25579] veth0: entered allmulticast mode
[ 1993.246521][T25579] veth0: entered promiscuous mode
[ 1993.251132][T25579] podman1: port 1(veth0) entered blocking state
[ 1993.252360][T25579] podman1: port 1(veth0) entered forwarding state
