May 28 07:28:58.193297 localhost kernel: Linux version 6.9.1-1-default (geeko@buildhost) (gcc (SUSE Linux) 13.2.1 20240509 [revision b7a2697733d19a093cbdd0e200ffce069a4bc812], GNU ld (GNU Binutils; openSUSE Tumbleweed) 2.42.0.20240130-3) #1 SMP PREEMPT_DYNAMIC Fri May 17 11:59:46 UTC 2024 (0c0b0b5)
May 28 07:28:58.193317 localhost kernel: Command line: BOOT_IMAGE=/boot/vmlinuz-6.9.1-1-default root=UUID=8bc5a620-43f2-4cb4-bc93-ae33026e601c rd.timeout=60 rd.retry=45 quiet systemd.show_status=yes console=ttyS0,115200 console=tty0 ignition.platform.id=qemu security=selinux selinux=1
May 28 07:28:58.193325 localhost kernel: BIOS-provided physical RAM map:
May 28 07:28:58.193330 localhost kernel: BIOS-e820: [mem 0x0000000000000000-0x000000000009fbff] usable
May 28 07:28:58.193336 localhost kernel: BIOS-e820: [mem 0x000000000009fc00-0x000000000009ffff] reserved
May 28 07:28:58.193341 localhost kernel: BIOS-e820: [mem 0x00000000000f0000-0x00000000000fffff] reserved
May 28 07:28:58.193347 localhost kernel: BIOS-e820: [mem 0x0000000000100000-0x000000003ffd8fff] usable
May 28 07:28:58.193352 localhost kernel: BIOS-e820: [mem 0x000000003ffd9000-0x000000003fffffff] reserved
May 28 07:28:58.193357 localhost kernel: BIOS-e820: [mem 0x00000000feffc000-0x00000000feffffff] reserved
May 28 07:28:58.193361 localhost kernel: BIOS-e820: [mem 0x00000000fffc0000-0x00000000ffffffff] reserved
May 28 07:28:58.193367 localhost kernel: BIOS-e820: [mem 0x000000fd00000000-0x000000ffffffffff] reserved
May 28 07:28:58.193372 localhost kernel: NX (Execute Disable) protection: active
May 28 07:28:58.193377 localhost kernel: APIC: Static calls initialized
May 28 07:28:58.193384 localhost kernel: SMBIOS 2.8 present.
May 28 07:28:58.193390 localhost kernel: DMI: QEMU Standard PC (i440FX + PIIX, 1996), BIOS rel-1.16.0-0-gd239552c-rebuilt.opensuse.org 04/01/2014
May 28 07:28:58.193395 localhost kernel: Hypervisor detected: KVM
May 28 07:28:58.193400 localhost kernel: kvm-clock: Using msrs 4b564d01 and 4b564d00
May 28 07:28:58.193405 localhost kernel: kvm-clock: using sched offset of 10092249347 cycles
May 28 07:28:58.193410 localhost kernel: clocksource: kvm-clock: mask: 0xffffffffffffffff max_cycles: 0x1cd42e4dffb, max_idle_ns: 881590591483 ns
May 28 07:28:58.193416 localhost kernel: tsc: Detected 2199.998 MHz processor
May 28 07:28:58.193421 localhost kernel: e820: update [mem 0x00000000-0x00000fff] usable ==> reserved
May 28 07:28:58.193427 localhost kernel: e820: remove [mem 0x000a0000-0x000fffff] usable
May 28 07:28:58.193434 localhost kernel: last_pfn = 0x3ffd9 max_arch_pfn = 0x400000000
May 28 07:28:58.193439 localhost kernel: MTRR map: 4 entries (3 fixed + 1 variable; max 19), built from 8 variable MTRRs
May 28 07:28:58.193444 localhost kernel: x86/PAT: Configuration [0-7]: WB  WC  UC- UC  WB  WP  UC- WT  
May 28 07:28:58.193450 localhost kernel: found SMP MP-table at [mem 0x000f5b40-0x000f5b4f]
May 28 07:28:58.193455 localhost kernel: Using GB pages for direct mapping
May 28 07:28:58.193460 localhost kernel: RAMDISK: [mem 0x2bc9b000-0x31e44fff]
May 28 07:28:58.193465 localhost kernel: ACPI: Early table checksum verification disabled
May 28 07:28:58.193470 localhost kernel: ACPI: RSDP 0x00000000000F5960 000014 (v00 BOCHS )
May 28 07:28:58.193475 localhost kernel: ACPI: RSDT 0x000000003FFE18F4 000034 (v01 BOCHS  BXPC     00000001 BXPC 00000001)
May 28 07:28:58.193481 localhost kernel: ACPI: FACP 0x000000003FFE17A8 000074 (v01 BOCHS  BXPC     00000001 BXPC 00000001)
May 28 07:28:58.193486 localhost kernel: ACPI: DSDT 0x000000003FFE0040 001768 (v01 BOCHS  BXPC     00000001 BXPC 00000001)
May 28 07:28:58.193491 localhost kernel: ACPI: FACS 0x000000003FFE0000 000040
May 28 07:28:58.193498 localhost kernel: ACPI: APIC 0x000000003FFE181C 000078 (v01 BOCHS  BXPC     00000001 BXPC 00000001)
May 28 07:28:58.193504 localhost kernel: ACPI: HPET 0x000000003FFE1894 000038 (v01 BOCHS  BXPC     00000001 BXPC 00000001)
May 28 07:28:58.193509 localhost kernel: ACPI: WAET 0x000000003FFE18CC 000028 (v01 BOCHS  BXPC     00000001 BXPC 00000001)
May 28 07:28:58.193514 localhost kernel: ACPI: Reserving FACP table memory at [mem 0x3ffe17a8-0x3ffe181b]
May 28 07:28:58.193519 localhost kernel: ACPI: Reserving DSDT table memory at [mem 0x3ffe0040-0x3ffe17a7]
May 28 07:28:58.193524 localhost kernel: ACPI: Reserving FACS table memory at [mem 0x3ffe0000-0x3ffe003f]
May 28 07:28:58.193532 localhost kernel: ACPI: Reserving APIC table memory at [mem 0x3ffe181c-0x3ffe1893]
May 28 07:28:58.193537 localhost kernel: ACPI: Reserving HPET table memory at [mem 0x3ffe1894-0x3ffe18cb]
May 28 07:28:58.193542 localhost kernel: ACPI: Reserving WAET table memory at [mem 0x3ffe18cc-0x3ffe18f3]
May 28 07:28:58.193547 localhost kernel: No NUMA configuration found
May 28 07:28:58.193553 localhost kernel: Faking a node at [mem 0x0000000000000000-0x000000003ffd8fff]
May 28 07:28:58.193558 localhost kernel: NODE_DATA(0) allocated [mem 0x3ffae000-0x3ffd8fff]
May 28 07:28:58.193563 localhost kernel: Zone ranges:
May 28 07:28:58.193568 localhost kernel:   DMA      [mem 0x0000000000001000-0x0000000000ffffff]
May 28 07:28:58.193573 localhost kernel:   DMA32    [mem 0x0000000001000000-0x000000003ffd8fff]
May 28 07:28:58.193580 localhost kernel:   Normal   empty
May 28 07:28:58.193585 localhost kernel:   Device   empty
May 28 07:28:58.193590 localhost kernel: Movable zone start for each node
May 28 07:28:58.193595 localhost kernel: Early memory node ranges
May 28 07:28:58.193600 localhost kernel:   node   0: [mem 0x0000000000001000-0x000000000009efff]
May 28 07:28:58.193605 localhost kernel:   node   0: [mem 0x0000000000100000-0x000000003ffd8fff]
May 28 07:28:58.193610 localhost kernel: Initmem setup node 0 [mem 0x0000000000001000-0x000000003ffd8fff]
May 28 07:28:58.193616 localhost kernel: On node 0, zone DMA: 1 pages in unavailable ranges
May 28 07:28:58.193621 localhost kernel: On node 0, zone DMA: 97 pages in unavailable ranges
May 28 07:28:58.193626 localhost kernel: On node 0, zone DMA32: 39 pages in unavailable ranges
May 28 07:28:58.193631 localhost kernel: ACPI: PM-Timer IO Port: 0x608
May 28 07:28:58.193636 localhost kernel: ACPI: LAPIC_NMI (acpi_id[0xff] dfl dfl lint[0x1])
May 28 07:28:58.193641 localhost kernel: IOAPIC[0]: apic_id 0, version 17, address 0xfec00000, GSI 0-23
May 28 07:28:58.193648 localhost kernel: ACPI: INT_SRC_OVR (bus 0 bus_irq 0 global_irq 2 dfl dfl)
May 28 07:28:58.193653 localhost kernel: ACPI: INT_SRC_OVR (bus 0 bus_irq 5 global_irq 5 high level)
May 28 07:28:58.193658 localhost kernel: ACPI: INT_SRC_OVR (bus 0 bus_irq 9 global_irq 9 high level)
May 28 07:28:58.193663 localhost kernel: ACPI: INT_SRC_OVR (bus 0 bus_irq 10 global_irq 10 high level)
May 28 07:28:58.193668 localhost kernel: ACPI: INT_SRC_OVR (bus 0 bus_irq 11 global_irq 11 high level)
May 28 07:28:58.193673 localhost kernel: ACPI: Using ACPI (MADT) for SMP configuration information
May 28 07:28:58.193678 localhost kernel: ACPI: HPET id: 0x8086a201 base: 0xfed00000
May 28 07:28:58.193683 localhost kernel: TSC deadline timer available
May 28 07:28:58.193688 localhost kernel: CPU topo: Max. logical packages:   1
May 28 07:28:58.193693 localhost kernel: CPU topo: Max. logical dies:       1
May 28 07:28:58.193699 localhost kernel: CPU topo: Max. dies per package:   1
May 28 07:28:58.193704 localhost kernel: CPU topo: Max. threads per core:   1
May 28 07:28:58.193710 localhost kernel: CPU topo: Num. cores per package:     1
May 28 07:28:58.193715 localhost kernel: CPU topo: Num. threads per package:   1
May 28 07:28:58.193721 localhost kernel: CPU topo: Allowing 1 present CPUs plus 0 hotplug CPUs
May 28 07:28:58.193726 localhost kernel: kvm-guest: APIC: eoi() replaced with kvm_guest_apic_eoi_write()
May 28 07:28:58.193731 localhost kernel: PM: hibernation: Registered nosave memory: [mem 0x00000000-0x00000fff]
May 28 07:28:58.193736 localhost kernel: PM: hibernation: Registered nosave memory: [mem 0x0009f000-0x0009ffff]
May 28 07:28:58.193741 localhost kernel: PM: hibernation: Registered nosave memory: [mem 0x000a0000-0x000effff]
May 28 07:28:58.193746 localhost kernel: PM: hibernation: Registered nosave memory: [mem 0x000f0000-0x000fffff]
May 28 07:28:58.193751 localhost kernel: [mem 0x40000000-0xfeffbfff] available for PCI devices
May 28 07:28:58.193756 localhost kernel: Booting paravirtualized kernel on KVM
May 28 07:28:58.193762 localhost kernel: clocksource: refined-jiffies: mask: 0xffffffff max_cycles: 0xffffffff, max_idle_ns: 6370452778343963 ns
May 28 07:28:58.193767 localhost kernel: setup_percpu: NR_CPUS:8192 nr_cpumask_bits:1 nr_cpu_ids:1 nr_node_ids:1
May 28 07:28:58.193772 localhost kernel: percpu: Embedded 72 pages/cpu s258048 r8192 d28672 u2097152
May 28 07:28:58.193779 localhost kernel: pcpu-alloc: s258048 r8192 d28672 u2097152 alloc=1*2097152
May 28 07:28:58.193784 localhost kernel: pcpu-alloc: [0] 0 
May 28 07:28:58.193789 localhost kernel: kvm-guest: PV spinlocks disabled, single CPU
May 28 07:28:58.193795 localhost kernel: Kernel command line: BOOT_IMAGE=/boot/vmlinuz-6.9.1-1-default root=UUID=8bc5a620-43f2-4cb4-bc93-ae33026e601c rd.timeout=60 rd.retry=45 quiet systemd.show_status=yes console=ttyS0,115200 console=tty0 ignition.platform.id=qemu security=selinux selinux=1
May 28 07:28:58.193800 localhost kernel: Unknown kernel command line parameters "BOOT_IMAGE=/boot/vmlinuz-6.9.1-1-default", will be passed to user space.
May 28 07:28:58.193806 localhost kernel: random: crng init done
May 28 07:28:58.193811 localhost kernel: Dentry cache hash table entries: 131072 (order: 8, 1048576 bytes, linear)
May 28 07:28:58.193816 localhost kernel: Inode-cache hash table entries: 65536 (order: 7, 524288 bytes, linear)
May 28 07:28:58.193821 localhost kernel: Fallback order for Node 0: 0 
May 28 07:28:58.193826 localhost kernel: Built 1 zonelists, mobility grouping on.  Total pages: 257753
May 28 07:28:58.193831 localhost kernel: Policy zone: DMA32
May 28 07:28:58.193838 localhost kernel: mem auto-init: stack:off, heap alloc:off, heap free:off
May 28 07:28:58.193844 localhost kernel: Memory: 260860K/1048028K available (16384K kernel code, 3000K rwdata, 13020K rodata, 4224K init, 4384K bss, 166260K reserved, 0K cma-reserved)
May 28 07:28:58.193849 localhost kernel: SLUB: HWalign=64, Order=0-3, MinObjects=0, CPUs=1, Nodes=1
May 28 07:28:58.193854 localhost kernel: ftrace: allocating 47505 entries in 186 pages
May 28 07:28:58.193859 localhost kernel: ftrace: allocated 186 pages with 5 groups
May 28 07:28:58.193864 localhost kernel: Dynamic Preempt: voluntary
May 28 07:28:58.193869 localhost kernel: rcu: Preemptible hierarchical RCU implementation.
May 28 07:28:58.193875 localhost kernel: rcu:         RCU event tracing is enabled.
May 28 07:28:58.193881 localhost kernel: rcu:         RCU restricting CPUs from NR_CPUS=8192 to nr_cpu_ids=1.
May 28 07:28:58.193886 localhost kernel:         Trampoline variant of Tasks RCU enabled.
May 28 07:28:58.193891 localhost kernel:         Rude variant of Tasks RCU enabled.
May 28 07:28:58.193898 localhost kernel:         Tracing variant of Tasks RCU enabled.
May 28 07:28:58.193903 localhost kernel: rcu: RCU calculated value of scheduler-enlistment delay is 30 jiffies.
May 28 07:28:58.193908 localhost kernel: rcu: Adjusting geometry for rcu_fanout_leaf=16, nr_cpu_ids=1
May 28 07:28:58.193913 localhost kernel: RCU Tasks: Setting shift to 0 and lim to 1 rcu_task_cb_adjust=1.
May 28 07:28:58.193919 localhost kernel: RCU Tasks Rude: Setting shift to 0 and lim to 1 rcu_task_cb_adjust=1.
May 28 07:28:58.193924 localhost kernel: RCU Tasks Trace: Setting shift to 0 and lim to 1 rcu_task_cb_adjust=1.
May 28 07:28:58.193929 localhost kernel: NR_IRQS: 524544, nr_irqs: 256, preallocated irqs: 16
May 28 07:28:58.193934 localhost kernel: rcu: srcu_init: Setting srcu_struct sizes based on contention.
May 28 07:28:58.193939 localhost kernel: Console: colour dummy device 80x25
May 28 07:28:58.193948 localhost kernel: printk: legacy console [tty0] enabled
May 28 07:28:58.193953 localhost kernel: printk: legacy console [ttyS0] enabled
May 28 07:28:58.193959 localhost kernel: ACPI: Core revision 20230628
May 28 07:28:58.193964 localhost kernel: clocksource: hpet: mask: 0xffffffff max_cycles: 0xffffffff, max_idle_ns: 19112604467 ns
May 28 07:28:58.193969 localhost kernel: APIC: Switch to symmetric I/O mode setup
May 28 07:28:58.193976 localhost kernel: x2apic enabled
May 28 07:28:58.193981 localhost kernel: APIC: Switched APIC routing to: physical x2apic
May 28 07:28:58.193986 localhost kernel: ..TIMER: vector=0x30 apic1=0 pin1=2 apic2=-1 pin2=-1
May 28 07:28:58.193991 localhost kernel: clocksource: tsc-early: mask: 0xffffffffffffffff max_cycles: 0x1fb63109b96, max_idle_ns: 440795265316 ns
May 28 07:28:58.193996 localhost kernel: Calibrating delay loop (skipped) preset value.. 4401.32 BogoMIPS (lpj=7333326)
May 28 07:28:58.194002 localhost kernel: x86/cpu: User Mode Instruction Prevention (UMIP) activated
May 28 07:28:58.194007 localhost kernel: Last level iTLB entries: 4KB 512, 2MB 255, 4MB 127
May 28 07:28:58.194012 localhost kernel: Last level dTLB entries: 4KB 512, 2MB 255, 4MB 127, 1GB 0
May 28 07:28:58.194017 localhost kernel: Spectre V1 : Mitigation: usercopy/swapgs barriers and __user pointer sanitization
May 28 07:28:58.194024 localhost kernel: Spectre V2 : Mitigation: Retpolines
May 28 07:28:58.194029 localhost kernel: Spectre V2 : Spectre v2 / SpectreRSB mitigation: Filling RSB on context switch
May 28 07:28:58.194034 localhost kernel: Spectre V2 : Spectre v2 / SpectreRSB : Filling RSB on VMEXIT
May 28 07:28:58.194039 localhost kernel: Spectre V2 : Enabling Restricted Speculation for firmware calls
May 28 07:28:58.194044 localhost kernel: Spectre V2 : mitigation: Enabling conditional Indirect Branch Prediction Barrier
May 28 07:28:58.194049 localhost kernel: Speculative Store Bypass: Mitigation: Speculative Store Bypass disabled via prctl
May 28 07:28:58.194055 localhost kernel: Speculative Return Stack Overflow: IBPB-extending microcode not applied!
May 28 07:28:58.194060 localhost kernel: Speculative Return Stack Overflow: WARNING: See https://kernel.org/doc/html/latest/admin-guide/hw-vuln/srso.html for mitigation options.
May 28 07:28:58.194065 localhost kernel: Speculative Return Stack Overflow: Vulnerable: Safe RET, no microcode
May 28 07:28:58.194071 localhost kernel: x86/fpu: Supporting XSAVE feature 0x001: 'x87 floating point registers'
May 28 07:28:58.194076 localhost kernel: x86/fpu: Supporting XSAVE feature 0x002: 'SSE registers'
May 28 07:28:58.194083 localhost kernel: x86/fpu: Supporting XSAVE feature 0x004: 'AVX registers'
May 28 07:28:58.194088 localhost kernel: x86/fpu: Supporting XSAVE feature 0x200: 'Protection Keys User registers'
May 28 07:28:58.194093 localhost kernel: x86/fpu: xstate_offset[2]:  576, xstate_sizes[2]:  256
May 28 07:28:58.194098 localhost kernel: x86/fpu: xstate_offset[9]:  832, xstate_sizes[9]:    8
May 28 07:28:58.194103 localhost kernel: x86/fpu: Enabled xstate features 0x207, context size is 840 bytes, using 'compacted' format.
May 28 07:28:58.194108 localhost kernel: Freeing SMP alternatives memory: 40K
May 28 07:28:58.194113 localhost kernel: pid_max: default: 32768 minimum: 301
May 28 07:28:58.194119 localhost kernel: LSM: initializing lsm=lockdown,capability,landlock,yama,selinux,bpf,ima,evm
May 28 07:28:58.194124 localhost kernel: landlock: Up and running.
May 28 07:28:58.194129 localhost kernel: Yama: becoming mindful.
May 28 07:28:58.194134 localhost kernel: SELinux:  Initializing.
May 28 07:28:58.194139 localhost kernel: LSM support for eBPF active
May 28 07:28:58.194146 localhost kernel: Mount-cache hash table entries: 2048 (order: 2, 16384 bytes, linear)
May 28 07:28:58.194151 localhost kernel: Mountpoint-cache hash table entries: 2048 (order: 2, 16384 bytes, linear)
May 28 07:28:58.194156 localhost kernel: smpboot: CPU0: AMD EPYC 7773X 64-Core Processor (family: 0x19, model: 0x1, stepping: 0x2)
May 28 07:28:58.194161 localhost kernel: Performance Events: Fam17h+ core perfctr, AMD PMU driver.
May 28 07:28:58.194166 localhost kernel: ... version:                0
May 28 07:28:58.194171 localhost kernel: ... bit width:              48
May 28 07:28:58.194176 localhost kernel: ... generic registers:      6
May 28 07:28:58.194181 localhost kernel: ... value mask:             0000ffffffffffff
May 28 07:28:58.194187 localhost kernel: ... max period:             00007fffffffffff
May 28 07:28:58.194192 localhost kernel: ... fixed-purpose events:   0
May 28 07:28:58.194197 localhost kernel: ... event mask:             000000000000003f
May 28 07:28:58.194203 localhost kernel: signal: max sigframe size: 3376
May 28 07:28:58.194208 localhost kernel: rcu: Hierarchical SRCU implementation.
May 28 07:28:58.194214 localhost kernel: rcu:         Max phase no-delay instances is 1000.
May 28 07:28:58.194219 localhost kernel: smp: Bringing up secondary CPUs ...
May 28 07:28:58.194224 localhost kernel: smp: Brought up 1 node, 1 CPU
May 28 07:28:58.194229 localhost kernel: smpboot: Total of 1 processors activated (4401.32 BogoMIPS)
May 28 07:28:58.194234 localhost kernel: node 0 deferred pages initialised in 4ms
May 28 07:28:58.194239 localhost kernel: devtmpfs: initialized
May 28 07:28:58.194244 localhost kernel: x86/mm: Memory block size: 128MB
May 28 07:28:58.194249 localhost kernel: clocksource: jiffies: mask: 0xffffffff max_cycles: 0xffffffff, max_idle_ns: 6370867519511994 ns
May 28 07:28:58.194254 localhost kernel: futex hash table entries: 256 (order: 2, 16384 bytes, linear)
May 28 07:28:58.194259 localhost kernel: pinctrl core: initialized pinctrl subsystem
May 28 07:28:58.194265 localhost kernel: PM: RTC time: 07:28:56, date: 2024-05-28
May 28 07:28:58.194271 localhost kernel: NET: Registered PF_NETLINK/PF_ROUTE protocol family
May 28 07:28:58.194276 localhost kernel: DMA: preallocated 128 KiB GFP_KERNEL pool for atomic allocations
May 28 07:28:58.194282 localhost kernel: DMA: preallocated 128 KiB GFP_KERNEL|GFP_DMA pool for atomic allocations
May 28 07:28:58.194287 localhost kernel: DMA: preallocated 128 KiB GFP_KERNEL|GFP_DMA32 pool for atomic allocations
May 28 07:28:58.194292 localhost kernel: audit: initializing netlink subsys (disabled)
May 28 07:28:58.194297 localhost kernel: audit: type=2000 audit(1716881336.801:1): state=initialized audit_enabled=0 res=1
May 28 07:28:58.194302 localhost kernel: thermal_sys: Registered thermal governor 'fair_share'
May 28 07:28:58.194307 localhost kernel: thermal_sys: Registered thermal governor 'bang_bang'
May 28 07:28:58.194313 localhost kernel: thermal_sys: Registered thermal governor 'step_wise'
May 28 07:28:58.194318 localhost kernel: thermal_sys: Registered thermal governor 'user_space'
May 28 07:28:58.194323 localhost kernel: cpuidle: using governor ladder
May 28 07:28:58.194329 localhost kernel: cpuidle: using governor menu
May 28 07:28:58.194335 localhost kernel: acpiphp: ACPI Hot Plug PCI Controller Driver version: 0.5
May 28 07:28:58.194340 localhost kernel: PCI: Using configuration type 1 for base access
May 28 07:28:58.194345 localhost kernel: PCI: Using configuration type 1 for extended access
May 28 07:28:58.194350 localhost kernel: kprobes: kprobe jump-optimization is enabled. All kprobes are optimized if possible.
May 28 07:28:58.194355 localhost kernel: HugeTLB: registered 1.00 GiB page size, pre-allocated 0 pages
May 28 07:28:58.194360 localhost kernel: HugeTLB: 16380 KiB vmemmap can be freed for a 1.00 GiB page
May 28 07:28:58.194365 localhost kernel: HugeTLB: registered 2.00 MiB page size, pre-allocated 0 pages
May 28 07:28:58.194371 localhost kernel: HugeTLB: 28 KiB vmemmap can be freed for a 2.00 MiB page
May 28 07:28:58.194376 localhost kernel: Demotion targets for Node 0: null
May 28 07:28:58.194381 localhost kernel: ACPI: Added _OSI(Module Device)
May 28 07:28:58.194386 localhost kernel: ACPI: Added _OSI(Processor Device)
May 28 07:28:58.194394 localhost kernel: ACPI: Added _OSI(3.0 _SCP Extensions)
May 28 07:28:58.194399 localhost kernel: ACPI: Added _OSI(Processor Aggregator Device)
May 28 07:28:58.194404 localhost kernel: ACPI: 1 ACPI AML tables successfully acquired and loaded
May 28 07:28:58.194409 localhost kernel: ACPI: _OSC evaluation for CPUs failed, trying _PDC
May 28 07:28:58.194414 localhost kernel: ACPI: Interpreter enabled
May 28 07:28:58.194420 localhost kernel: ACPI: PM: (supports S0 S3 S4 S5)
May 28 07:28:58.194425 localhost kernel: ACPI: Using IOAPIC for interrupt routing
May 28 07:28:58.194430 localhost kernel: PCI: Using host bridge windows from ACPI; if necessary, use "pci=nocrs" and report a bug
May 28 07:28:58.194435 localhost kernel: PCI: Using E820 reservations for host bridge windows
May 28 07:28:58.194440 localhost kernel: ACPI: Enabled 2 GPEs in block 00 to 0F
May 28 07:28:58.194445 localhost kernel: ACPI: PCI Root Bridge [PCI0] (domain 0000 [bus 00-ff])
May 28 07:28:58.194611 localhost kernel: acpi PNP0A03:00: _OSC: OS supports [ExtendedConfig ASPM ClockPM Segments MSI EDR HPX-Type3]
May 28 07:28:58.194625 localhost kernel: acpiphp: Slot [3] registered
May 28 07:28:58.194630 localhost kernel: acpiphp: Slot [4] registered
May 28 07:28:58.194635 localhost kernel: acpiphp: Slot [5] registered
May 28 07:28:58.194641 localhost kernel: acpiphp: Slot [6] registered
May 28 07:28:58.194646 localhost kernel: acpiphp: Slot [7] registered
May 28 07:28:58.194651 localhost kernel: acpiphp: Slot [8] registered
May 28 07:28:58.194656 localhost kernel: acpiphp: Slot [9] registered
May 28 07:28:58.194661 localhost kernel: acpiphp: Slot [10] registered
May 28 07:28:58.194666 localhost kernel: acpiphp: Slot [11] registered
May 28 07:28:58.194671 localhost kernel: acpiphp: Slot [12] registered
May 28 07:28:58.194676 localhost kernel: acpiphp: Slot [13] registered
May 28 07:28:58.194683 localhost kernel: acpiphp: Slot [14] registered
May 28 07:28:58.194688 localhost kernel: acpiphp: Slot [15] registered
May 28 07:28:58.201681 localhost kernel: acpiphp: Slot [16] registered
May 28 07:28:58.201693 localhost kernel: acpiphp: Slot [17] registered
May 28 07:28:58.201700 localhost kernel: acpiphp: Slot [18] registered
May 28 07:28:58.201705 localhost kernel: acpiphp: Slot [19] registered
May 28 07:28:58.201710 localhost kernel: acpiphp: Slot [20] registered
May 28 07:28:58.201715 localhost kernel: acpiphp: Slot [21] registered
May 28 07:28:58.201720 localhost kernel: acpiphp: Slot [22] registered
May 28 07:28:58.201726 localhost kernel: acpiphp: Slot [23] registered
May 28 07:28:58.201731 localhost kernel: acpiphp: Slot [24] registered
May 28 07:28:58.201736 localhost kernel: acpiphp: Slot [25] registered
May 28 07:28:58.201744 localhost kernel: acpiphp: Slot [26] registered
May 28 07:28:58.201749 localhost kernel: acpiphp: Slot [27] registered
May 28 07:28:58.201755 localhost kernel: acpiphp: Slot [28] registered
May 28 07:28:58.201760 localhost kernel: acpiphp: Slot [29] registered
May 28 07:28:58.201765 localhost kernel: acpiphp: Slot [30] registered
May 28 07:28:58.201770 localhost kernel: acpiphp: Slot [31] registered
May 28 07:28:58.201775 localhost kernel: PCI host bridge to bus 0000:00
May 28 07:28:58.201917 localhost kernel: pci_bus 0000:00: root bus resource [io  0x0000-0x0cf7 window]
May 28 07:28:58.202029 localhost kernel: pci_bus 0000:00: root bus resource [io  0x0d00-0xffff window]
May 28 07:28:58.202135 localhost kernel: pci_bus 0000:00: root bus resource [mem 0x000a0000-0x000bffff window]
May 28 07:28:58.202235 localhost kernel: pci_bus 0000:00: root bus resource [mem 0x40000000-0xfebfffff window]
May 28 07:28:58.202341 localhost kernel: pci_bus 0000:00: root bus resource [mem 0x100000000-0x17fffffff window]
May 28 07:28:58.202441 localhost kernel: pci_bus 0000:00: root bus resource [bus 00-ff]
May 28 07:28:58.202570 localhost kernel: pci 0000:00:00.0: [8086:1237] type 00 class 0x060000 conventional PCI endpoint
May 28 07:28:58.202700 localhost kernel: pci 0000:00:01.0: [8086:7000] type 00 class 0x060100 conventional PCI endpoint
May 28 07:28:58.202821 localhost kernel: pci 0000:00:01.1: [8086:7010] type 00 class 0x010180 conventional PCI endpoint
May 28 07:28:58.202931 localhost kernel: pci 0000:00:01.1: BAR 4 [io  0xc1c0-0xc1cf]
May 28 07:28:58.203039 localhost kernel: pci 0000:00:01.1: BAR 0 [io  0x01f0-0x01f7]: legacy IDE quirk
May 28 07:28:58.203150 localhost kernel: pci 0000:00:01.1: BAR 1 [io  0x03f6]: legacy IDE quirk
May 28 07:28:58.203264 localhost kernel: pci 0000:00:01.1: BAR 2 [io  0x0170-0x0177]: legacy IDE quirk
May 28 07:28:58.203372 localhost kernel: pci 0000:00:01.1: BAR 3 [io  0x0376]: legacy IDE quirk
May 28 07:28:58.203490 localhost kernel: pci 0000:00:01.3: [8086:7113] type 00 class 0x068000 conventional PCI endpoint
May 28 07:28:58.203598 localhost kernel: pci 0000:00:01.3: quirk: [io  0x0600-0x063f] claimed by PIIX4 ACPI
May 28 07:28:58.203718 localhost kernel: pci 0000:00:01.3: quirk: [io  0x0700-0x070f] claimed by PIIX4 SMB
May 28 07:28:58.203838 localhost kernel: pci 0000:00:02.0: [1234:1111] type 00 class 0x030000 conventional PCI endpoint
May 28 07:28:58.203948 localhost kernel: pci 0000:00:02.0: BAR 0 [mem 0xfd000000-0xfdffffff pref]
May 28 07:28:58.204057 localhost kernel: pci 0000:00:02.0: BAR 2 [mem 0xfebd8000-0xfebd8fff]
May 28 07:28:58.204166 localhost kernel: pci 0000:00:02.0: ROM [mem 0xfebc0000-0xfebcffff pref]
May 28 07:28:58.204279 localhost kernel: pci 0000:00:02.0: Video device with shadowed ROM at [mem 0x000c0000-0x000dffff]
May 28 07:28:58.204400 localhost kernel: pci 0000:00:03.0: [8086:2668] type 00 class 0x040300 conventional PCI endpoint
May 28 07:28:58.204508 localhost kernel: pci 0000:00:03.0: BAR 0 [mem 0xfebd0000-0xfebd3fff]
May 28 07:28:58.204629 localhost kernel: pci 0000:00:04.0: [1af4:1000] type 00 class 0x020000 conventional PCI endpoint
May 28 07:28:58.211512 localhost kernel: pci 0000:00:04.0: BAR 0 [io  0xc180-0xc19f]
May 28 07:28:58.211654 localhost kernel: pci 0000:00:04.0: BAR 1 [mem 0xfebd9000-0xfebd9fff]
May 28 07:28:58.211771 localhost kernel: pci 0000:00:04.0: BAR 4 [mem 0xfe000000-0xfe003fff 64bit pref]
May 28 07:28:58.211883 localhost kernel: pci 0000:00:04.0: ROM [mem 0xfeb80000-0xfebbffff pref]
May 28 07:28:58.212006 localhost kernel: pci 0000:00:05.0: [1af4:1005] type 00 class 0x00ff00 conventional PCI endpoint
May 28 07:28:58.212125 localhost kernel: pci 0000:00:05.0: BAR 0 [io  0xc1a0-0xc1bf]
May 28 07:28:58.212235 localhost kernel: pci 0000:00:05.0: BAR 4 [mem 0xfe004000-0xfe007fff 64bit pref]
May 28 07:28:58.212358 localhost kernel: pci 0000:00:06.0: [1b36:000d] type 00 class 0x0c0330 conventional PCI endpoint
May 28 07:28:58.212467 localhost kernel: pci 0000:00:06.0: BAR 0 [mem 0xfebd4000-0xfebd7fff 64bit]
May 28 07:28:58.212584 localhost kernel: pci 0000:00:07.0: [1af4:1003] type 00 class 0x078000 conventional PCI endpoint
May 28 07:28:58.212692 localhost kernel: pci 0000:00:07.0: BAR 0 [io  0xc100-0xc13f]
May 28 07:28:58.212800 localhost kernel: pci 0000:00:07.0: BAR 1 [mem 0xfebda000-0xfebdafff]
May 28 07:28:58.212908 localhost kernel: pci 0000:00:07.0: BAR 4 [mem 0xfe008000-0xfe00bfff 64bit pref]
May 28 07:28:58.213029 localhost kernel: pci 0000:00:08.0: [1af4:1004] type 00 class 0x010000 conventional PCI endpoint
May 28 07:28:58.213140 localhost kernel: pci 0000:00:08.0: BAR 0 [io  0xc140-0xc17f]
May 28 07:28:58.213248 localhost kernel: pci 0000:00:08.0: BAR 1 [mem 0xfebdb000-0xfebdbfff]
May 28 07:28:58.213356 localhost kernel: pci 0000:00:08.0: BAR 4 [mem 0xfe00c000-0xfe00ffff 64bit pref]
May 28 07:28:58.213472 localhost kernel: pci 0000:00:09.0: [1af4:1001] type 00 class 0x010000 conventional PCI endpoint
May 28 07:28:58.213584 localhost kernel: pci 0000:00:09.0: BAR 0 [io  0xc000-0xc07f]
May 28 07:28:58.213694 localhost kernel: pci 0000:00:09.0: BAR 1 [mem 0xfebdc000-0xfebdcfff]
May 28 07:28:58.213802 localhost kernel: pci 0000:00:09.0: BAR 4 [mem 0xfe010000-0xfe013fff 64bit pref]
May 28 07:28:58.213922 localhost kernel: pci 0000:00:0a.0: [1af4:1001] type 00 class 0x010000 conventional PCI endpoint
May 28 07:28:58.214036 localhost kernel: pci 0000:00:0a.0: BAR 0 [io  0xc080-0xc0ff]
May 28 07:28:58.214143 localhost kernel: pci 0000:00:0a.0: BAR 1 [mem 0xfebdd000-0xfebddfff]
May 28 07:28:58.214249 localhost kernel: pci 0000:00:0a.0: BAR 4 [mem 0xfe014000-0xfe017fff 64bit pref]
May 28 07:28:58.214257 localhost kernel: ACPI: PCI: Interrupt link LNKA configured for IRQ 10
May 28 07:28:58.214263 localhost kernel: ACPI: PCI: Interrupt link LNKB configured for IRQ 10
May 28 07:28:58.214268 localhost kernel: ACPI: PCI: Interrupt link LNKC configured for IRQ 11
May 28 07:28:58.214273 localhost kernel: ACPI: PCI: Interrupt link LNKD configured for IRQ 11
May 28 07:28:58.214278 localhost kernel: ACPI: PCI: Interrupt link LNKS configured for IRQ 9
May 28 07:28:58.214283 localhost kernel: iommu: Default domain type: Passthrough
May 28 07:28:58.214289 localhost kernel: pps_core: LinuxPPS API ver. 1 registered
May 28 07:28:58.214294 localhost kernel: pps_core: Software ver. 5.3.6 - Copyright 2005-2007 Rodolfo Giometti <giometti@linux.it>
May 28 07:28:58.214302 localhost kernel: PTP clock support registered
May 28 07:28:58.214307 localhost kernel: EDAC MC: Ver: 3.0.0
May 28 07:28:58.214313 localhost kernel: NetLabel: Initializing
May 28 07:28:58.214318 localhost kernel: NetLabel:  domain hash size = 128
May 28 07:28:58.214323 localhost kernel: NetLabel:  protocols = UNLABELED CIPSOv4 CALIPSO
May 28 07:28:58.214328 localhost kernel: NetLabel:  unlabeled traffic allowed by default
May 28 07:28:58.214334 localhost kernel: mctp: management component transport protocol core
May 28 07:28:58.214339 localhost kernel: NET: Registered PF_MCTP protocol family
May 28 07:28:58.214344 localhost kernel: PCI: Using ACPI for IRQ routing
May 28 07:28:58.214349 localhost kernel: PCI: pci_cache_line_size set to 64 bytes
May 28 07:28:58.214354 localhost kernel: e820: reserve RAM buffer [mem 0x0009fc00-0x0009ffff]
May 28 07:28:58.214359 localhost kernel: e820: reserve RAM buffer [mem 0x3ffd9000-0x3fffffff]
May 28 07:28:58.214469 localhost kernel: pci 0000:00:02.0: vgaarb: setting as boot VGA device
May 28 07:28:58.214580 localhost kernel: pci 0000:00:02.0: vgaarb: bridge control possible
May 28 07:28:58.214687 localhost kernel: pci 0000:00:02.0: vgaarb: VGA device added: decodes=io+mem,owns=io+mem,locks=none
May 28 07:28:58.218059 localhost kernel: vgaarb: loaded
May 28 07:28:58.218068 localhost kernel: hpet0: at MMIO 0xfed00000, IRQs 2, 8, 0
May 28 07:28:58.218074 localhost kernel: hpet0: 3 comparators, 64-bit 100.000000 MHz counter
May 28 07:28:58.218080 localhost kernel: clocksource: Switched to clocksource kvm-clock
May 28 07:28:58.218085 localhost kernel: VFS: Disk quotas dquot_6.6.0
May 28 07:28:58.218091 localhost kernel: VFS: Dquot-cache hash table entries: 512 (order 0, 4096 bytes)
May 28 07:28:58.218096 localhost kernel: pnp: PnP ACPI init
May 28 07:28:58.218236 localhost kernel: pnp 00:02: [dma 2]
May 28 07:28:58.218250 localhost kernel: pnp: PnP ACPI: found 6 devices
May 28 07:28:58.218256 localhost kernel: clocksource: acpi_pm: mask: 0xffffff max_cycles: 0xffffff, max_idle_ns: 2085701024 ns
May 28 07:28:58.218261 localhost kernel: NET: Registered PF_INET protocol family
May 28 07:28:58.218266 localhost kernel: IP idents hash table entries: 16384 (order: 5, 131072 bytes, linear)
May 28 07:28:58.218272 localhost kernel: tcp_listen_portaddr_hash hash table entries: 512 (order: 1, 8192 bytes, linear)
May 28 07:28:58.218277 localhost kernel: Table-perturb hash table entries: 65536 (order: 6, 262144 bytes, linear)
May 28 07:28:58.218282 localhost kernel: TCP established hash table entries: 8192 (order: 4, 65536 bytes, linear)
May 28 07:28:58.218287 localhost kernel: TCP bind hash table entries: 8192 (order: 6, 262144 bytes, linear)
May 28 07:28:58.218292 localhost kernel: TCP: Hash tables configured (established 8192 bind 8192)
May 28 07:28:58.218298 localhost kernel: MPTCP token hash table entries: 1024 (order: 2, 24576 bytes, linear)
May 28 07:28:58.218303 localhost kernel: UDP hash table entries: 512 (order: 2, 16384 bytes, linear)
May 28 07:28:58.218308 localhost kernel: UDP-Lite hash table entries: 512 (order: 2, 16384 bytes, linear)
May 28 07:28:58.218315 localhost kernel: NET: Registered PF_UNIX/PF_LOCAL protocol family
May 28 07:28:58.218321 localhost kernel: NET: Registered PF_XDP protocol family
May 28 07:28:58.218427 localhost kernel: pci_bus 0000:00: resource 4 [io  0x0000-0x0cf7 window]
May 28 07:28:58.218529 localhost kernel: pci_bus 0000:00: resource 5 [io  0x0d00-0xffff window]
May 28 07:28:58.218628 localhost kernel: pci_bus 0000:00: resource 6 [mem 0x000a0000-0x000bffff window]
May 28 07:28:58.218727 localhost kernel: pci_bus 0000:00: resource 7 [mem 0x40000000-0xfebfffff window]
May 28 07:28:58.218825 localhost kernel: pci_bus 0000:00: resource 8 [mem 0x100000000-0x17fffffff window]
May 28 07:28:58.218938 localhost kernel: pci 0000:00:01.0: PIIX3: Enabling Passive Release
May 28 07:28:58.219049 localhost kernel: pci 0000:00:00.0: Limiting direct PCI/PCI transfers
May 28 07:28:58.219058 localhost kernel: ACPI: \_SB_.LNKB: Enabled at IRQ 10
May 28 07:28:58.219170 localhost kernel: pci 0000:00:06.0: quirk_usb_early_handoff+0x0/0x710 took 76349 usecs
May 28 07:28:58.219178 localhost kernel: PCI: CLS 0 bytes, default 64
May 28 07:28:58.219184 localhost kernel: Trying to unpack rootfs image as initramfs...
May 28 07:28:58.219189 localhost kernel: clocksource: tsc: mask: 0xffffffffffffffff max_cycles: 0x1fb63109b96, max_idle_ns: 440795265316 ns
May 28 07:28:58.219195 localhost kernel: Initialise system trusted keyrings
May 28 07:28:58.219210 localhost kernel: Key type blacklist registered
May 28 07:28:58.219217 localhost kernel: workingset: timestamp_bits=36 max_order=18 bucket_order=0
May 28 07:28:58.219222 localhost kernel: zbud: loaded
May 28 07:28:58.219228 localhost kernel: integrity: Platform Keyring initialized
May 28 07:28:58.219233 localhost kernel: integrity: Machine keyring initialized
May 28 07:28:58.219238 localhost kernel: Key type asymmetric registered
May 28 07:28:58.219243 localhost kernel: Asymmetric key parser 'x509' registered
May 28 07:28:58.219248 localhost kernel: Freeing initrd memory: 100008K
May 28 07:28:58.219254 localhost kernel: Block layer SCSI generic (bsg) driver version 0.4 loaded (major 247)
May 28 07:28:58.219259 localhost kernel: io scheduler mq-deadline registered
May 28 07:28:58.219264 localhost kernel: io scheduler kyber registered
May 28 07:28:58.219269 localhost kernel: io scheduler bfq registered
May 28 07:28:58.219274 localhost kernel: shpchp: Standard Hot Plug PCI Controller Driver version: 0.4
May 28 07:28:58.219282 localhost kernel: ACPI: \_SB_.LNKD: Enabled at IRQ 11
May 28 07:28:58.219287 localhost kernel: ACPI: \_SB_.LNKA: Enabled at IRQ 10
May 28 07:28:58.219292 localhost kernel: ACPI: \_SB_.LNKC: Enabled at IRQ 11
May 28 07:28:58.219297 localhost kernel: Serial: 8250/16550 driver, 32 ports, IRQ sharing enabled
May 28 07:28:58.219303 localhost kernel: 00:04: ttyS0 at I/O 0x3f8 (irq = 4, base_baud = 115200) is a 16550A
May 28 07:28:58.219308 localhost kernel: Non-volatile memory driver v1.3
May 28 07:28:58.219313 localhost kernel: Linux agpgart interface v0.103
May 28 07:28:58.219318 localhost kernel: ACPI: bus type drm_connector registered
May 28 07:28:58.219323 localhost kernel: i8042: PNP: PS/2 Controller [PNP0303:KBD,PNP0f13:MOU] at 0x60,0x64 irq 1,12
May 28 07:28:58.219329 localhost kernel: serio: i8042 KBD port at 0x60,0x64 irq 1
May 28 07:28:58.219336 localhost kernel: serio: i8042 AUX port at 0x60,0x64 irq 12
May 28 07:28:58.219341 localhost kernel: mousedev: PS/2 mouse device common for all mice
May 28 07:28:58.219346 localhost kernel: input: AT Translated Set 2 keyboard as /devices/platform/i8042/serio0/input/input0
May 28 07:28:58.219351 localhost kernel: input: VirtualPS/2 VMware VMMouse as /devices/platform/i8042/serio1/input/input3
May 28 07:28:58.219356 localhost kernel: input: VirtualPS/2 VMware VMMouse as /devices/platform/i8042/serio1/input/input2
May 28 07:28:58.219489 localhost kernel: rtc_cmos 00:05: RTC can wake from S4
May 28 07:28:58.219595 localhost kernel: rtc_cmos 00:05: registered as rtc0
May 28 07:28:58.219721 localhost kernel: rtc_cmos 00:05: setting system clock to 2024-05-28T07:28:57 UTC (1716881337)
May 28 07:28:58.219830 localhost kernel: rtc_cmos 00:05: alarms up to one day, y3k, 242 bytes nvram, hpet irqs
May 28 07:28:58.219838 localhost kernel: amd_pstate: the _CPC object is not present in SBIOS or ACPI disabled
May 28 07:28:58.219843 localhost kernel: ledtrig-cpu: registered to indicate activity on CPUs
May 28 07:28:58.219848 localhost kernel: [drm] Initialized simpledrm 1.0.0 20200625 for simple-framebuffer.0 on minor 0
May 28 07:28:58.219854 localhost kernel: Console: switching to colour frame buffer device 100x37
May 28 07:28:58.219979 localhost kernel: simple-framebuffer simple-framebuffer.0: [drm] fb0: simpledrmdrmfb frame buffer device
May 28 07:28:58.219988 localhost kernel: hid: raw HID events driver (C) Jiri Kosina
May 28 07:28:58.219997 localhost kernel: drop_monitor: Initializing network drop monitor service
May 28 07:28:58.220002 localhost kernel: NET: Registered PF_INET6 protocol family
May 28 07:28:58.220007 localhost kernel: Segment Routing with IPv6
May 28 07:28:58.220012 localhost kernel: RPL Segment Routing with IPv6
May 28 07:28:58.220017 localhost kernel: In-situ OAM (IOAM) with IPv6
May 28 07:28:58.220022 localhost kernel: IPI shorthand broadcast: enabled
May 28 07:28:58.220028 localhost kernel: sched_clock: Marking stable (1093336604, -963542)->(1171042662, -78669600)
May 28 07:28:58.220033 localhost kernel: registered taskstats version 1
May 28 07:28:58.220038 localhost kernel: Loading compiled-in X.509 certificates
May 28 07:28:58.220045 localhost kernel: Loaded X.509 cert 'openSUSE Secure Boot Signkey: fd9f2c12e599d67cc7f9067541adf426b712469e'
May 28 07:28:58.220050 localhost kernel: page_owner is disabled
May 28 07:28:58.220057 localhost kernel: Key type .fscrypt registered
May 28 07:28:58.220062 localhost kernel: Key type fscrypt-provisioning registered
May 28 07:28:58.220067 localhost kernel: Key type encrypted registered
May 28 07:28:58.220072 localhost kernel: ima: No TPM chip found, activating TPM-bypass!
May 28 07:28:58.220077 localhost kernel: Loading compiled-in module X.509 certificates
May 28 07:28:58.220083 localhost kernel: Loaded X.509 cert 'openSUSE Secure Boot Signkey: fd9f2c12e599d67cc7f9067541adf426b712469e'
May 28 07:28:58.220088 localhost kernel: ima: Allocated hash algorithm: sha256
May 28 07:28:58.220093 localhost kernel: ima: No architecture policies found
May 28 07:28:58.220098 localhost kernel: evm: Initialising EVM extended attributes:
May 28 07:28:58.220103 localhost kernel: evm: security.selinux
May 28 07:28:58.220108 localhost kernel: evm: security.SMACK64 (disabled)
May 28 07:28:58.220113 localhost kernel: evm: security.SMACK64EXEC (disabled)
May 28 07:28:58.220118 localhost kernel: evm: security.SMACK64TRANSMUTE (disabled)
May 28 07:28:58.220125 localhost kernel: evm: security.SMACK64MMAP (disabled)
May 28 07:28:58.220131 localhost kernel: evm: security.apparmor
May 28 07:28:58.220136 localhost kernel: evm: security.ima
May 28 07:28:58.220141 localhost kernel: evm: security.capability
May 28 07:28:58.220146 localhost kernel: evm: HMAC attrs: 0x1
May 28 07:28:58.220151 localhost kernel: PM:   Magic number: 8:764:471
May 28 07:28:58.220156 localhost kernel: RAS: Correctable Errors collector initialized.
May 28 07:28:58.220161 localhost kernel: clk: Disabling unused clocks
May 28 07:28:58.220166 localhost kernel: PM: genpd: Disabling unused power domains
May 28 07:28:58.220172 localhost kernel: Freeing unused decrypted memory: 2028K
May 28 07:28:58.220177 localhost kernel: Freeing unused kernel image (initmem) memory: 4224K
May 28 07:28:58.220182 localhost kernel: Write protecting the kernel read-only data: 30720k
May 28 07:28:58.220189 localhost kernel: Freeing unused kernel image (rodata/data gap) memory: 1316K
May 28 07:28:58.220194 localhost kernel: Run /init as init process
May 28 07:28:58.220199 localhost kernel:   with arguments:
May 28 07:28:58.220204 localhost kernel:     /init
May 28 07:28:58.220210 localhost kernel:   with environment:
May 28 07:28:58.220215 localhost kernel:     HOME=/
May 28 07:28:58.220220 localhost kernel:     TERM=linux
May 28 07:28:58.220225 localhost kernel:     BOOT_IMAGE=/boot/vmlinuz-6.9.1-1-default
May 28 07:28:58.220232 localhost systemd[1]: systemd 255.6+suse.30.g3ea0e1dff3 running in system mode (+PAM +AUDIT +SELINUX +APPARMOR +IMA -SMACK +SECCOMP +GCRYPT +GNUTLS +OPENSSL +ACL +BLKID +CURL +ELFUTILS +FIDO2 +IDN2 -IDN +IPTC +KMOD +LIBCRYPTSETUP +LIBFDISK +PCRE2 +PWQUALITY +P11KIT +QRENCODE +TPM2 +BZIP2 +LZ4 +XZ +ZLIB +ZSTD +BPF_FRAMEWORK -XKBCOMMON -UTMP +SYSVINIT default-hierarchy=unified)
May 28 07:28:58.220240 localhost systemd[1]: Detected virtualization kvm.
May 28 07:28:58.220248 localhost systemd[1]: Detected architecture x86-64.
May 28 07:28:58.220254 localhost systemd[1]: Running in initrd.
May 28 07:28:58.220260 localhost systemd[1]: No hostname configured, using default hostname.
May 28 07:28:58.220265 localhost systemd[1]: Hostname set to <localhost>.
May 28 07:28:58.220272 localhost systemd[1]: Initializing machine ID from random generator.
May 28 07:28:58.220277 localhost systemd[1]: bpf-lsm: LSM BPF program attached
May 28 07:28:58.220283 localhost systemd[1]: Queued start job for default target Initrd Default Target.
May 28 07:28:58.220289 localhost systemd[1]: Started Dispatch Password Requests to Console Directory Watch.
May 28 07:28:58.220295 localhost systemd[1]: Expecting device /dev/disk/by-uuid/8bc5a620-43f2-4cb4-bc93-ae33026e601c...
May 28 07:28:58.220300 localhost systemd[1]: Reached target Local Encrypted Volumes.
May 28 07:28:58.220306 localhost systemd[1]: Reached target Initrd /usr File System.
May 28 07:28:58.220314 localhost systemd[1]: Reached target Path Units.
May 28 07:28:58.220321 localhost systemd[1]: Reached target Slice Units.
May 28 07:28:58.220326 localhost systemd[1]: Reached target Swaps.
May 28 07:28:58.220332 localhost systemd[1]: Reached target Timer Units.
May 28 07:28:58.220338 localhost systemd[1]: Listening on D-Bus System Message Bus Socket.
May 28 07:28:58.220343 localhost systemd[1]: Listening on Journal Socket (/dev/log).
May 28 07:28:58.220349 localhost systemd[1]: Listening on Journal Socket.
May 28 07:28:58.220355 localhost systemd[1]: Listening on udev Control Socket.
May 28 07:28:58.220360 localhost systemd[1]: Listening on udev Kernel Socket.
May 28 07:28:58.220366 localhost systemd[1]: Reached target Socket Units.
May 28 07:28:58.220372 localhost systemd[1]: Starting Create List of Static Device Nodes...
May 28 07:28:58.220379 localhost systemd[1]: Starting Journal Service...
May 28 07:28:58.220385 localhost systemd[1]: Load Kernel Modules was skipped because no trigger condition checks were met.
May 28 07:28:58.220390 localhost systemd[1]: Starting Apply Kernel Variables...
May 28 07:28:58.220396 localhost systemd[1]: Starting Virtual Console Setup...
May 28 07:28:58.220402 localhost systemd[1]: Finished Create List of Static Device Nodes.
May 28 07:28:58.220407 localhost systemd[1]: Starting Create Static Device Nodes in /dev gracefully...
May 28 07:28:58.220413 localhost systemd[1]: Finished Apply Kernel Variables.
May 28 07:28:58.220418 localhost systemd[1]: Finished Create Static Device Nodes in /dev gracefully.
May 28 07:28:58.220444 localhost systemd-journald[185]: Collecting audit messages is disabled.
May 28 07:28:58.220462 localhost systemd[1]: Starting Create Static Device Nodes in /dev...
May 28 07:28:58.220468 localhost systemd[1]: Finished Create Static Device Nodes in /dev.
May 28 07:28:58.220474 localhost systemd[1]: Reached target Preparation for Local File Systems.
May 28 07:28:58.220479 localhost systemd[1]: Reached target Local File Systems.
May 28 07:28:58.220488 localhost systemd-journald[185]: Journal started
May 28 07:28:58.220502 localhost systemd-journald[185]: Runtime Journal (/run/log/journal/805277912f0a4796a8e39968a6a84157) is 2.4M, max 19.3M, 16.9M free.
May 28 07:28:58.228055 localhost systemd[1]: Started Journal Service.
May 28 07:28:58.238141 localhost systemd[1]: Starting Create Volatile Files and Directories...
May 28 07:28:58.253751 localhost systemd[1]: Finished Create Volatile Files and Directories.
May 28 07:28:58.258677 localhost systemd[1]: Finished Virtual Console Setup.
May 28 07:28:58.268163 localhost systemd[1]: Starting dracut ask for additional cmdline parameters...
May 28 07:28:58.282851 localhost systemd[1]: Finished dracut ask for additional cmdline parameters.
May 28 07:28:58.291601 localhost systemd[1]: Starting dracut cmdline hook...
May 28 07:28:58.302046 localhost dracut-cmdline[221]: dracut-059+suse.588.g528264be-1.1
May 28 07:28:58.304948 localhost dracut-cmdline[221]: Using kernel command line parameters:  rd.driver.pre=btrfs rd.driver.pre=overlay   BOOT_IMAGE=/boot/vmlinuz-6.9.1-1-default root=UUID=8bc5a620-43f2-4cb4-bc93-ae33026e601c rd.timeout=60 rd.retry=45 quiet systemd.show_status=yes console=ttyS0,115200 console=tty0 ignition.platform.id=qemu security=selinux selinux=1
May 28 07:28:58.390985 localhost systemd[1]: Finished dracut cmdline hook.
May 28 07:28:58.401551 localhost systemd[1]: Starting dracut pre-udev hook...
May 28 07:28:58.421382 localhost kernel: device-mapper: uevent: version 1.0.3
May 28 07:28:58.421404 localhost kernel: device-mapper: ioctl: 4.48.0-ioctl (2023-03-01) initialised: dm-devel@lists.linux.dev
May 28 07:28:58.661383 localhost kernel: raid6: avx2x4   gen() 42701 MB/s
May 28 07:28:58.661408 localhost kernel: raid6: avx2x2   gen() 35152 MB/s
May 28 07:28:58.661422 localhost kernel: raid6: avx2x1   gen() 25368 MB/s
May 28 07:28:58.661430 localhost kernel: raid6: using algorithm avx2x4 gen() 42701 MB/s
May 28 07:28:58.661438 localhost kernel: raid6: .... xor() 5335 MB/s, rmw enabled
May 28 07:28:58.661446 localhost kernel: raid6: using avx2x2 recovery algorithm
May 28 07:28:58.664755 localhost kernel: xor: automatically using best checksumming function   avx       
May 28 07:28:58.774717 localhost kernel: Btrfs loaded, assert=on, zoned=yes, fsverity=yes
May 28 07:28:58.792452 localhost systemd[1]: Finished dracut pre-udev hook.
May 28 07:28:58.808180 localhost systemd[1]: Starting Rule-based Manager for Device Events and Files...
May 28 07:28:58.820645 localhost systemd-udevd[384]: Using default interface naming scheme 'v255'.
May 28 07:28:58.824243 localhost systemd[1]: Started Rule-based Manager for Device Events and Files.
May 28 07:28:58.838176 localhost systemd[1]: Starting dracut pre-trigger hook...
May 28 07:28:58.849623 localhost dracut-pre-trigger[385]: rd.md=0: removing MD RAID activation
May 28 07:28:58.875658 localhost systemd[1]: Finished dracut pre-trigger hook.
May 28 07:28:58.888217 localhost systemd[1]: Starting Coldplug All udev Devices...
May 28 07:28:58.993860 localhost systemd[1]: Finished Coldplug All udev Devices.
May 28 07:28:59.078059 localhost kernel: input: Power Button as /devices/LNXSYSTM:00/LNXPWRBN:00/input/input4
May 28 07:28:59.104714 localhost kernel: ACPI: button: Power Button [PWRF]
May 28 07:28:59.131237 localhost kernel: virtio_blk virtio4: 1/0/0 default/read/poll queues
May 28 07:28:59.131416 localhost kernel: virtio_blk virtio4: [vda] 62914560 512-byte logical blocks (32.2 GB/30.0 GiB)
May 28 07:28:59.201940 localhost kernel: FDC 0 is a S82078B
May 28 07:28:59.201964 localhost kernel: cryptd: max_cpu_qlen set to 1000
May 28 07:28:59.201977 localhost kernel: SCSI subsystem initialized
May 28 07:28:59.214861 localhost kernel: Console: switching to colour dummy device 80x25
May 28 07:28:59.225318 localhost kernel: AVX2 version of gcm_enc/dec engaged.
May 28 07:28:59.225342 localhost kernel: AES CTR mode by8 optimization enabled
May 28 07:28:59.228089 localhost kernel: bochs-drm 0000:00:02.0: vgaarb: deactivate vga console
May 28 07:28:59.228305 localhost kernel: [drm] Found bochs VGA, ID 0xb0c5.
May 28 07:28:59.228322 localhost kernel: [drm] Framebuffer size 16384 kB @ 0xfd000000, mmio @ 0xfebd8000.
May 28 07:28:59.231530 localhost kernel: ACPI: bus type USB registered
May 28 07:28:59.231553 localhost kernel: usbcore: registered new interface driver usbfs
May 28 07:28:59.231566 localhost kernel: usbcore: registered new interface driver hub
May 28 07:28:59.231577 localhost kernel: usbcore: registered new device driver usb
May 28 07:28:59.234725 localhost kernel: [drm] Found EDID data blob.
May 28 07:28:59.245297 localhost kernel: [drm] Initialized bochs-drm 1.0.0 20130925 for 0000:00:02.0 on minor 0
May 28 07:28:59.283953 localhost kernel: virtio_scsi virtio3: 1/0/0 default/read/poll queues
May 28 07:28:59.284156 localhost kernel: scsi host0: Virtio SCSI HBA
May 28 07:28:59.328443 localhost kernel: fbcon: bochs-drmdrmfb (fb0) is primary device
May 28 07:28:59.363498 localhost systemd[1]: systemd-vconsole-setup.service: Deactivated successfully.
May 28 07:28:59.363677 localhost systemd[1]: Stopped Virtual Console Setup.
May 28 07:28:59.378081 localhost kernel: virtio_net virtio0 ens4: renamed from eth0
May 28 07:28:59.381417 localhost kernel: libata version 3.00 loaded.
May 28 07:28:59.403166 localhost kernel: ata_piix 0000:00:01.1: version 2.13
May 28 07:28:59.419156 localhost kernel: GPT:Primary header thinks Alt. header is not at the end of the disk.
May 28 07:28:59.419194 localhost kernel: GPT:41943039 != 62914559
May 28 07:28:59.419206 localhost kernel: GPT:Alternate GPT header not at the end of the disk.
May 28 07:28:59.419222 localhost kernel: GPT:41943039 != 62914559
May 28 07:28:59.419232 localhost kernel: GPT: Use GNU Parted to correct GPT errors.
May 28 07:28:59.419242 localhost kernel:  vda: vda1 vda2 vda3
May 28 07:28:59.419251 localhost kernel: virtio_blk virtio5: 1/0/0 default/read/poll queues
May 28 07:28:59.419448 localhost kernel: virtio_blk virtio5: [vdb] 20480 512-byte logical blocks (10.5 MB/10.0 MiB)
May 28 07:28:59.428096 localhost kernel: scsi host1: ata_piix
May 28 07:28:59.434804 localhost kernel: scsi host2: ata_piix
May 28 07:28:59.434988 localhost kernel: ata1: PATA max MWDMA2 cmd 0x1f0 ctl 0x3f6 bmdma 0xc1c0 irq 14 lpm-pol 0
May 28 07:28:59.434999 localhost kernel: ata2: PATA max MWDMA2 cmd 0x170 ctl 0x376 bmdma 0xc1c8 irq 15 lpm-pol 0
May 28 07:28:59.468207 localhost kernel: Console: switching to colour frame buffer device 128x48
May 28 07:28:59.474736 localhost kernel: xhci_hcd 0000:00:06.0: xHCI Host Controller
May 28 07:28:59.475009 localhost kernel: xhci_hcd 0000:00:06.0: new USB bus registered, assigned bus number 1
May 28 07:28:59.475175 localhost kernel: xhci_hcd 0000:00:06.0: hcc params 0x00087001 hci version 0x100 quirks 0x0000000000000010
May 28 07:28:59.475331 localhost kernel: xhci_hcd 0000:00:06.0: xHCI Host Controller
May 28 07:28:59.475483 localhost kernel: xhci_hcd 0000:00:06.0: new USB bus registered, assigned bus number 2
May 28 07:28:59.475667 localhost kernel: xhci_hcd 0000:00:06.0: Host supports USB 3.0 SuperSpeed
May 28 07:28:59.478100 localhost kernel: usb usb1: New USB device found, idVendor=1d6b, idProduct=0002, bcdDevice= 6.09
May 28 07:28:59.478306 localhost kernel: usb usb1: New USB device strings: Mfr=3, Product=2, SerialNumber=1
May 28 07:28:59.478432 localhost kernel: usb usb1: Product: xHCI Host Controller
May 28 07:28:59.478557 localhost kernel: usb usb1: Manufacturer: Linux 6.9.1-1-default xhci-hcd
May 28 07:28:59.478677 localhost kernel: usb usb1: SerialNumber: 0000:00:06.0
May 28 07:28:59.478792 localhost kernel: hub 1-0:1.0: USB hub found
May 28 07:28:59.478951 localhost kernel: hub 1-0:1.0: 4 ports detected
May 28 07:28:59.479083 localhost kernel: usb usb2: We don't know the algorithms for LPM for this host, disabling LPM.
May 28 07:28:59.479230 localhost kernel: usb usb2: New USB device found, idVendor=1d6b, idProduct=0003, bcdDevice= 6.09
May 28 07:28:59.479349 localhost kernel: usb usb2: New USB device strings: Mfr=3, Product=2, SerialNumber=1
May 28 07:28:59.479461 localhost kernel: usb usb2: Product: xHCI Host Controller
May 28 07:28:59.479572 localhost kernel: usb usb2: Manufacturer: Linux 6.9.1-1-default xhci-hcd
May 28 07:28:59.479702 localhost kernel: usb usb2: SerialNumber: 0000:00:06.0
May 28 07:28:59.481594 localhost kernel: hub 2-0:1.0: USB hub found
May 28 07:28:59.481773 localhost kernel: hub 2-0:1.0: 4 ports detected
May 28 07:28:59.600161 localhost kernel: bochs-drm 0000:00:02.0: [drm] fb0: bochs-drmdrmfb frame buffer device
May 28 07:28:59.600328 localhost kernel: ata2: found unknown device (class 0)
May 28 07:28:59.599537 localhost systemd[1]: Stopping Virtual Console Setup...
May 28 07:28:59.605024 localhost kernel: ata2.00: ATAPI: QEMU DVD-ROM, 2.5+, max UDMA/100
May 28 07:28:59.612280 localhost kernel: scsi 2:0:0:0: CD-ROM            QEMU     QEMU DVD-ROM     2.5+ PQ: 0 ANSI: 5
May 28 07:28:59.608696 localhost systemd[1]: Starting Virtual Console Setup...
May 28 07:28:59.627698 localhost systemd[1]: systemd-vconsole-setup.service: Deactivated successfully.
May 28 07:28:59.627892 localhost systemd[1]: Stopped Virtual Console Setup.
May 28 07:28:59.748526 localhost kernel: scsi 2:0:0:0: Attached scsi generic sg0 type 5
May 28 07:28:59.788181 localhost systemd[1]: Starting Virtual Console Setup...
May 28 07:28:59.811385 localhost kernel: sr 2:0:0:0: [sr0] scsi3-mmc drive: 4x/4x cd/rw xa/form2 tray
May 28 07:28:59.811561 localhost kernel: cdrom: Uniform CD-ROM driver Revision: 3.20
May 28 07:28:59.911530 localhost kernel: usb 1-1: new high-speed USB device number 2 using xhci_hcd
May 28 07:28:59.925945 localhost systemd[1]: Found device /dev/disk/by-uuid/8bc5a620-43f2-4cb4-bc93-ae33026e601c.
May 28 07:28:59.928154 localhost systemd[1]: Reached target Initrd Root Device.
May 28 07:28:59.955677 localhost systemd[1]: Starting Detect Firstboot...
May 28 07:28:59.958085 localhost kernel: sr 2:0:0:0: Attached scsi CD-ROM sr0
May 28 07:28:59.975285 localhost systemd[1]: Finished Virtual Console Setup.
May 28 07:28:59.975700 localhost systemd[1]: Reached target System Initialization.
May 28 07:28:59.975785 localhost systemd[1]: Reached target Basic System.
May 28 07:29:00.004720 localhost kernel: BTRFS: device label ROOT devid 1 transid 12 /dev/vda3 (253:3) scanned by mount (534)
May 28 07:29:00.004742 localhost kernel: BTRFS info (device vda3): first mount of filesystem 8bc5a620-43f2-4cb4-bc93-ae33026e601c
May 28 07:29:00.004752 localhost kernel: BTRFS info (device vda3): using crc32c (crc32c-intel) checksum algorithm
May 28 07:29:00.004760 localhost kernel: BTRFS info (device vda3): using free-space-tree
May 28 07:29:00.034873 localhost firstboot-detect[526]: Firstboot detected
May 28 07:29:00.040638 localhost systemd[1]: Reloading requested from client PID 556 ('systemctl') (unit firstboot-detect.service)...
May 28 07:29:00.040647 localhost systemd[1]: Reloading...
May 28 07:29:00.056448 localhost kernel: usb 1-1: New USB device found, idVendor=0627, idProduct=0001, bcdDevice= 0.00
May 28 07:29:00.056654 localhost kernel: usb 1-1: New USB device strings: Mfr=1, Product=3, SerialNumber=10
May 28 07:29:00.056829 localhost kernel: usb 1-1: Product: QEMU USB Tablet
May 28 07:29:00.056992 localhost kernel: usb 1-1: Manufacturer: QEMU
May 28 07:29:00.057155 localhost kernel: usb 1-1: SerialNumber: 28754-0000:00:06.0-1
May 28 07:29:00.064743 localhost kernel: usbcore: registered new interface driver usbhid
May 28 07:29:00.064763 localhost kernel: usbhid: USB HID core driver
May 28 07:29:00.068056 localhost kernel: input: QEMU QEMU USB Tablet as /devices/pci0000:00/0000:00:06.0/usb1/1-1/1-1:1.0/0003:0627:0001.0001/input/input5
May 28 07:29:00.068076 localhost kernel: hid-generic 0003:0627:0001.0001: input,hidraw0: USB HID v0.01 Mouse [QEMU QEMU USB Tablet] on usb-0000:00:06.0-1/input0
May 28 07:29:00.220501 localhost systemd[1]: Reloading finished in 179 ms.
May 28 07:29:00.251565 localhost systemd[1]: Starting Ignition User Config Setup...
May 28 07:29:00.264722 localhost kernel: BTRFS info (device vda3): last unmount of filesystem 8bc5a620-43f2-4cb4-bc93-ae33026e601c
May 28 07:29:00.281900 localhost systemd[1]: firstboot-detect.service: Deactivated successfully.
May 28 07:29:00.282091 localhost systemd[1]: Finished Detect Firstboot.
May 28 07:29:00.322135 localhost ignition-setup-user[608]: Copying /mnt/boot_partition/ignition/config.ign to /usr/lib/ignition/user.ign
May 28 07:29:00.324736 localhost kernel: EXT4-fs (vdb): mounted filesystem ee8647d4-8463-436f-bec3-9a34d06f5408 r/w with ordered data mode. Quota mode: none.
May 28 07:29:00.324762 localhost kernel: ext4 filesystem being mounted at /mnt/boot_partition supports timestamps until 2038-01-19 (0x7fffffff)
May 28 07:29:00.326413 localhost systemd[1]: Finished Ignition User Config Setup.
May 28 07:29:00.328261 localhost kernel: EXT4-fs (vdb): unmounting filesystem ee8647d4-8463-436f-bec3-9a34d06f5408.
May 28 07:29:00.341520 localhost systemd[1]: Starting Combustion (preparations)...
May 28 07:29:00.346578 localhost systemd[1]: Starting Ignition (fetch-offline)...
May 28 07:29:00.354961 localhost (ignition)[620]: ignition-fetch-offline.service: Referenced but unset environment variable evaluates to an empty string: IGNITION_ARGS
May 28 07:29:00.371382 localhost kernel: EXT4-fs (vdb): mounted filesystem ee8647d4-8463-436f-bec3-9a34d06f5408 ro with ordered data mode. Quota mode: none.
May 28 07:29:00.373789 localhost systemd[1]: run-combustion-mount.mount: Deactivated successfully.
May 28 07:29:00.378100 localhost kernel: EXT4-fs (vdb): unmounting filesystem ee8647d4-8463-436f-bec3-9a34d06f5408.
May 28 07:29:00.384667 localhost ignition[620]: Ignition 2.18.0
May 28 07:29:00.384781 localhost ignition[620]: Stage: fetch-offline
May 28 07:29:00.386124 localhost ignition[620]: fetched base config from "system"
May 28 07:29:00.384803 localhost ignition[620]: no config dir at "/usr/lib/ignition/base.d"
May 28 07:29:00.386131 localhost ignition[620]: fetched user config from "system"
May 28 07:29:00.384811 localhost ignition[620]: no config dir at "/usr/lib/ignition/base.platform.d/qemu"
May 28 07:29:00.384886 localhost ignition[620]: parsed url from cmdline: ""
May 28 07:29:00.384890 localhost ignition[620]: no config URL provided
May 28 07:29:00.384895 localhost ignition[620]: reading system config file "/usr/lib/ignition/user.ign"
May 28 07:29:00.384912 localhost ignition[620]: parsing config with SHA512: 37b4232fd3d9780fa75efd39f528d050a0a097ea8b9f01017d7b77cadfdc72258f82c9065f25735f6fbb1eae2cb5b2d3e23094786bfbb8f3925fbd962216d5bf
May 28 07:29:00.386213 localhost ignition[620]: fetch-offline: fetch-offline passed
May 28 07:29:00.386276 localhost ignition[620]: Ignition finished successfully
May 28 07:29:00.391724 localhost systemd[1]: Finished Ignition (fetch-offline).
May 28 07:29:00.413260 localhost systemd[1]: combustion-prepare.service: Deactivated successfully.
May 28 07:29:00.413470 localhost systemd[1]: Finished Combustion (preparations).
May 28 07:29:00.414342 localhost systemd[1]: Start network if needed was skipped because no trigger condition checks were met.
May 28 07:29:00.428177 localhost systemd[1]: Starting nm-initrd.service...
May 28 07:29:00.439479 localhost NetworkManager[665]: <info>  [1716881340.4394] NetworkManager (version 1.44.4) is starting... (boot:6c481268-6b27-45ea-b6a8-fc9941475bc0)
May 28 07:29:00.439735 localhost NetworkManager[665]: <info>  [1716881340.4397] Read config: /etc/NetworkManager/NetworkManager.conf (lib: initrd-no-auto-default.conf) (run: 15-carrier-timeout.conf)
May 28 07:29:00.440747 localhost systemd[1]: Starting D-Bus System Message Bus...
May 28 07:29:00.449541 localhost systemd[1]: Started D-Bus System Message Bus.
May 28 07:29:00.455083 localhost NetworkManager[665]: <info>  [1716881340.4550] manager[0x56012cd57a20]: monitoring kernel firmware directory '/lib/firmware'.
May 28 07:29:00.455994 localhost NetworkManager[665]: <info>  [1716881340.4559] hostname: hostname: couldn't get property from hostnamed
May 28 07:29:00.456385 localhost NetworkManager[665]: <info>  [1716881340.4563] dns-mgr: init: dns=default,systemd-resolved rc-manager=symlink (auto)
May 28 07:29:00.456946 localhost NetworkManager[665]: <info>  [1716881340.4569] policy: set-hostname: set hostname to 'localhost.localdomain' (no hostname found)
May 28 07:29:00.461841 localhost.localdomain NetworkManager[665]: <info>  [1716881340.4618] manager[0x56012cd57a20]: rfkill: Wi-Fi hardware radio set enabled
May 28 07:29:00.461859 localhost.localdomain NetworkManager[665]: <info>  [1716881340.4618] manager[0x56012cd57a20]: rfkill: WWAN hardware radio set enabled
May 28 07:29:00.462506 localhost.localdomain NetworkManager[665]: <info>  [1716881340.4624] manager: rfkill: Wi-Fi enabled by radio killswitch; enabled by state file
May 28 07:29:00.462549 localhost.localdomain NetworkManager[665]: <info>  [1716881340.4625] manager: rfkill: WWAN enabled by radio killswitch; enabled by state file
May 28 07:29:00.462586 localhost.localdomain NetworkManager[665]: <info>  [1716881340.4625] manager: Networking is enabled by state file
May 28 07:29:00.462669 localhost.localdomain NetworkManager[665]: <info>  [1716881340.4626] settings: Loaded settings plugin: keyfile (internal)
May 28 07:29:00.463524 localhost.localdomain NetworkManager[665]: <info>  [1716881340.4635] dhcp: init: Using DHCP client 'internal'
May 28 07:29:00.463691 localhost.localdomain NetworkManager[665]: <info>  [1716881340.4636] manager: (lo): new Loopback device (/org/freedesktop/NetworkManager/Devices/1)
May 28 07:29:00.464489 localhost.localdomain NetworkManager[665]: <info>  [1716881340.4644] device (lo): state change: unmanaged -> unavailable (reason 'connection-assumed', sys-iface-state: 'external')
May 28 07:29:00.465940 localhost.localdomain NetworkManager[665]: <info>  [1716881340.4658] device (lo): state change: unavailable -> disconnected (reason 'connection-assumed', sys-iface-state: 'external')
May 28 07:29:00.466710 localhost.localdomain NetworkManager[665]: <info>  [1716881340.4666] device (lo): Activation: starting connection 'lo' (19c65d9f-f4e3-4840-8bd1-37393ecc6a91)
May 28 07:29:00.467484 localhost.localdomain NetworkManager[665]: <info>  [1716881340.4674] manager: (ens4): new Ethernet device (/org/freedesktop/NetworkManager/Devices/2)
May 28 07:29:00.467740 localhost.localdomain NetworkManager[665]: <info>  [1716881340.4677] device (ens4): state change: unmanaged -> unavailable (reason 'managed', sys-iface-state: 'external')
May 28 07:29:00.469333 localhost.localdomain systemd[1]: Started nm-initrd.service.
May 28 07:29:00.469435 localhost.localdomain systemd[1]: Reached target Network.
May 28 07:29:00.469489 localhost.localdomain systemd[1]: Ignition (fetch) was skipped because of an unmet condition check (ConditionPathExists=!/run/ignition.json).
May 28 07:29:00.474894 localhost.localdomain NetworkManager[665]: <info>  [1716881340.4748] bus-manager: acquired D-Bus service "org.freedesktop.NetworkManager"
May 28 07:29:00.475136 localhost.localdomain NetworkManager[665]: <info>  [1716881340.4751] device (lo): state change: disconnected -> prepare (reason 'none', sys-iface-state: 'external')
May 28 07:29:00.475292 localhost.localdomain NetworkManager[665]: <info>  [1716881340.4752] device (lo): state change: prepare -> config (reason 'none', sys-iface-state: 'external')
May 28 07:29:00.475408 localhost.localdomain NetworkManager[665]: <info>  [1716881340.4753] device (lo): state change: config -> ip-config (reason 'none', sys-iface-state: 'external')
May 28 07:29:00.475515 localhost.localdomain NetworkManager[665]: <info>  [1716881340.4755] device (ens4): carrier: link connected
May 28 07:29:00.475665 localhost.localdomain NetworkManager[665]: <info>  [1716881340.4756] device (lo): state change: ip-config -> ip-check (reason 'none', sys-iface-state: 'external')
May 28 07:29:00.475887 localhost.localdomain NetworkManager[665]: <info>  [1716881340.4758] device (ens4): state change: unavailable -> disconnected (reason 'carrier-changed', sys-iface-state: 'managed')
May 28 07:29:00.477361 localhost.localdomain NetworkManager[665]: <info>  [1716881340.4773] policy: auto-activating connection 'Wired Connection' (94c75ed3-f0c9-4fce-95cc-a54c5798b0ff)
May 28 07:29:00.477583 localhost.localdomain NetworkManager[665]: <info>  [1716881340.4775] device (lo): state change: ip-check -> secondaries (reason 'none', sys-iface-state: 'external')
May 28 07:29:00.477912 localhost.localdomain NetworkManager[665]: <info>  [1716881340.4778] device (ens4): Activation: starting connection 'Wired Connection' (94c75ed3-f0c9-4fce-95cc-a54c5798b0ff)
May 28 07:29:00.478158 localhost.localdomain NetworkManager[665]: <info>  [1716881340.4781] device (lo): state change: secondaries -> activated (reason 'none', sys-iface-state: 'external')
May 28 07:29:00.479079 localhost.localdomain NetworkManager[665]: <info>  [1716881340.4790] device (lo): Activation: successful, device activated.
May 28 07:29:00.479452 localhost.localdomain NetworkManager[665]: <info>  [1716881340.4794] device (ens4): state change: disconnected -> prepare (reason 'none', sys-iface-state: 'managed')
May 28 07:29:00.479986 localhost.localdomain NetworkManager[665]: <info>  [1716881340.4799] manager: NetworkManager state is now CONNECTING
May 28 07:29:00.480292 localhost.localdomain NetworkManager[665]: <info>  [1716881340.4802] device (ens4): state change: prepare -> config (reason 'none', sys-iface-state: 'managed')
May 28 07:29:00.481043 localhost.localdomain NetworkManager[665]: <info>  [1716881340.4810] device (ens4): state change: config -> ip-config (reason 'none', sys-iface-state: 'managed')
May 28 07:29:00.481484 localhost.localdomain systemd[1]: Starting Ignition (kargs)...
May 28 07:29:00.484818 localhost.localdomain systemd[1]: Starting nm-wait-online-initrd.service...
May 28 07:29:00.486163 localhost.localdomain (ignition)[672]: ignition-kargs.service: Referenced but unset environment variable evaluates to an empty string: IGNITION_ARGS
May 28 07:29:00.575743 localhost.localdomain NetworkManager[665]: <info>  [1716881340.5757] dhcp4 (ens4): activation: beginning transaction (timeout in 90 seconds)
May 28 07:29:00.593171 localhost.localdomain kernel: NET: Registered PF_PACKET protocol family
May 28 07:29:00.591111 localhost.localdomain NetworkManager[665]: <info>  [1716881340.5910] dhcp4 (ens4): state changed new lease, address=10.0.2.15
May 28 07:29:00.591272 localhost.localdomain NetworkManager[665]: <info>  [1716881340.5912] policy: set 'Wired Connection' (ens4) as default for IPv4 routing and DNS
May 28 07:29:00.596389 localhost.localdomain ignition[672]: Ignition 2.18.0
May 28 07:29:00.597511 localhost.localdomain NetworkManager[665]: <info>  [1716881340.5974] device (ens4): state change: ip-config -> ip-check (reason 'none', sys-iface-state: 'managed')
May 28 07:29:00.596397 localhost.localdomain ignition[672]: Stage: kargs
May 28 07:29:00.596569 localhost.localdomain ignition[672]: no config dir at "/usr/lib/ignition/base.d"
May 28 07:29:00.596582 localhost.localdomain ignition[672]: no config dir at "/usr/lib/ignition/base.platform.d/qemu"
May 28 07:29:00.597197 localhost.localdomain ignition[672]: kargs: kargs passed
May 28 07:29:00.597239 localhost.localdomain ignition[672]: Ignition finished successfully
May 28 07:29:00.599844 localhost.localdomain NetworkManager[665]: <info>  [1716881340.5998] device (ens4): state change: ip-check -> secondaries (reason 'none', sys-iface-state: 'managed')
May 28 07:29:00.599956 localhost.localdomain NetworkManager[665]: <info>  [1716881340.5999] device (ens4): state change: secondaries -> activated (reason 'none', sys-iface-state: 'managed')
May 28 07:29:00.600133 localhost.localdomain NetworkManager[665]: <info>  [1716881340.6001] manager: NetworkManager state is now CONNECTED_SITE
May 28 07:29:00.600266 localhost.localdomain NetworkManager[665]: <info>  [1716881340.6002] device (ens4): Activation: successful, device activated.
May 28 07:29:00.600470 localhost.localdomain NetworkManager[665]: <info>  [1716881340.6004] manager: NetworkManager state is now CONNECTED_GLOBAL
May 28 07:29:00.600590 localhost.localdomain NetworkManager[665]: <info>  [1716881340.6005] manager: startup complete
May 28 07:29:00.600895 localhost.localdomain systemd[1]: Finished Ignition (kargs).
May 28 07:29:00.708161 localhost.localdomain systemd[1]: Starting Ignition (disks)...
May 28 07:29:00.708974 localhost.localdomain (ignition)[684]: ignition-disks.service: Referenced but unset environment variable evaluates to an empty string: IGNITION_ARGS
May 28 07:29:00.711689 localhost.localdomain systemd[1]: Finished nm-wait-online-initrd.service.
May 28 07:29:00.830228 localhost.localdomain systemd[1]: Starting dracut initqueue hook...
May 28 07:29:00.839530 localhost.localdomain ignition[684]: Ignition 2.18.0
May 28 07:29:00.839539 localhost.localdomain ignition[684]: Stage: disks
May 28 07:29:00.839701 localhost.localdomain ignition[684]: no config dir at "/usr/lib/ignition/base.d"
May 28 07:29:00.839711 localhost.localdomain ignition[684]: no config dir at "/usr/lib/ignition/base.platform.d/qemu"
May 28 07:29:00.840319 localhost.localdomain ignition[684]: disks: disks passed
May 28 07:29:00.840360 localhost.localdomain ignition[684]: Ignition finished successfully
May 28 07:29:00.842371 localhost.localdomain systemd[1]: Finished Ignition (disks).
May 28 07:29:01.032694 localhost.localdomain systemd[1]: Finished dracut initqueue hook.
May 28 07:29:01.033225 localhost.localdomain systemd[1]: Reached target Preparation for Remote File Systems.
May 28 07:29:01.033702 localhost.localdomain systemd[1]: Reached target Remote Encrypted Volumes.
May 28 07:29:01.034017 localhost.localdomain systemd[1]: Reached target Remote File Systems.
May 28 07:29:01.155001 localhost.localdomain systemd[1]: Starting dracut pre-mount hook...
May 28 07:29:01.266429 localhost.localdomain dracut-pre-mount[746]: disable systemd-fsck-root.service
May 28 07:29:01.272608 localhost.localdomain dracut-pre-mount[756]: Created symlink /etc/systemd/system/systemd-fsck-root.service  /dev/null.
May 28 07:29:01.368417 localhost.localdomain systemd[1]: Reloading requested from client PID 756 ('systemctl') (unit dracut-pre-mount.service)...
May 28 07:29:01.368427 localhost.localdomain systemd[1]: Reloading...
May 28 07:29:01.535715 localhost.localdomain systemd[1]: Reloading finished in 167 ms.
May 28 07:29:01.726845 localhost.localdomain dracut-pre-mount[746]: System resize is active on every reboot
May 28 07:29:01.740368 localhost.localdomain dracut-pre-mount[746]: Activating resize operation
May 28 07:29:01.754721 localhost.localdomain kernel:  vda: vda1 vda2 vda3
May 28 07:29:02.545993 localhost.localdomain NetworkManager[665]: <info>  [1716881342.5459] policy: set 'Wired Connection' (ens4) as default for IPv6 routing and DNS
May 28 07:29:02.761755 localhost.localdomain kernel:  vda: vda1 vda2 vda3
May 28 07:29:02.761867 localhost.localdomain dracut-pre-mount[1028]: The operation has completed successfully.
May 28 07:29:03.852196 localhost.localdomain kernel:  vda: vda1 vda2
May 28 07:29:04.854790 localhost.localdomain kernel:  vda: vda1 vda2
May 28 07:29:04.854840 localhost.localdomain dracut-pre-mount[1068]: The operation has completed successfully.
May 28 07:29:05.874811 localhost.localdomain kernel:  vda: vda1 vda2 vda3
May 28 07:29:05.875794 localhost.localdomain dracut-pre-mount[1072]: The operation has completed successfully.
May 28 07:29:06.887890 localhost.localdomain dracut-pre-mount[1073]: The operation has completed successfully.
May 28 07:29:06.888248 localhost.localdomain kernel:  vda: vda1 vda2 vda3
May 28 07:29:06.996396 localhost.localdomain dracut-pre-mount[746]: Checking btrfs filesystem on /dev/vda3...
May 28 07:29:06.999484 localhost.localdomain dracut-pre-mount[1102]: [1/7] checking root items
May 28 07:29:07.095888 localhost.localdomain dracut-pre-mount[1102]: [2/7] checking extents
May 28 07:29:07.254742 localhost.localdomain dracut-pre-mount[1102]: [3/7] checking free space tree
May 28 07:29:07.254742 localhost.localdomain dracut-pre-mount[1102]: [4/7] checking fs roots
May 28 07:29:07.387060 localhost.localdomain dracut-pre-mount[1102]: [5/7] checking only csums items (without verifying data)
May 28 07:29:07.387060 localhost.localdomain dracut-pre-mount[1102]: [6/7] checking root refs
May 28 07:29:07.387060 localhost.localdomain dracut-pre-mount[1102]: [7/7] checking quota groups
May 28 07:29:07.388048 localhost.localdomain dracut-pre-mount[1102]: Opening filesystem to check...
May 28 07:29:07.388048 localhost.localdomain dracut-pre-mount[1102]: Checking filesystem on /dev/vda3
May 28 07:29:07.388048 localhost.localdomain dracut-pre-mount[1102]: UUID: 8bc5a620-43f2-4cb4-bc93-ae33026e601c
May 28 07:29:07.388048 localhost.localdomain dracut-pre-mount[1102]: found 770760704 bytes used, no error found
May 28 07:29:07.388048 localhost.localdomain dracut-pre-mount[1102]: total csum bytes: 709036
May 28 07:29:07.388048 localhost.localdomain dracut-pre-mount[1102]: total tree bytes: 18825216
May 28 07:29:07.388048 localhost.localdomain dracut-pre-mount[1102]: total fs tree bytes: 16777216
May 28 07:29:07.388048 localhost.localdomain dracut-pre-mount[1102]: total extent tree bytes: 1097728
May 28 07:29:07.388048 localhost.localdomain dracut-pre-mount[1102]: btree space waste bytes: 3178630
May 28 07:29:07.388048 localhost.localdomain dracut-pre-mount[1102]: file data blocks allocated: 751935488
May 28 07:29:07.388048 localhost.localdomain dracut-pre-mount[1102]:  referenced 751935488
May 28 07:29:07.388589 localhost.localdomain dracut-pre-mount[746]: Resizing btrfs filesystem on /dev/vda3...
May 28 07:29:07.498100 localhost.localdomain kernel: BTRFS: device label ROOT devid 1 transid 14 /dev/vda3 (253:3) scanned by mount (1104)
May 28 07:29:07.498126 localhost.localdomain kernel: BTRFS info (device vda3): first mount of filesystem 8bc5a620-43f2-4cb4-bc93-ae33026e601c
May 28 07:29:07.498136 localhost.localdomain kernel: BTRFS info (device vda3): using crc32c (crc32c-intel) checksum algorithm
May 28 07:29:07.498144 localhost.localdomain kernel: BTRFS info (device vda3): using free-space-tree
May 28 07:29:07.510841 localhost.localdomain dracut-pre-mount[1120]: Resize device id 1 (/dev/vda3) from 19.98GiB to max
May 28 07:29:07.512336 localhost.localdomain kernel: BTRFS info (device vda3): resize device /dev/vda3 (devid 1) from 21450698752 to 32188116992
May 28 07:29:07.512460 localhost.localdomain systemd[1]: fs\x2dresize.mount: Deactivated successfully.
May 28 07:29:07.518979 localhost.localdomain kernel: BTRFS info (device vda3): last unmount of filesystem 8bc5a620-43f2-4cb4-bc93-ae33026e601c
May 28 07:29:07.520697 localhost.localdomain dracut-pre-mount[746]: enabling systemd-fsck-root.service
May 28 07:29:07.527745 localhost.localdomain dracut-pre-mount[1123]: Removed "/etc/systemd/system/systemd-fsck-root.service".
May 28 07:29:07.639521 localhost.localdomain systemd[1]: Reloading requested from client PID 1123 ('systemctl') (unit dracut-pre-mount.service)...
May 28 07:29:07.639533 localhost.localdomain systemd[1]: Reloading...
May 28 07:29:07.798231 localhost.localdomain systemd[1]: Reloading finished in 158 ms.
May 28 07:29:07.805100 localhost.localdomain systemd[1]: Finished dracut pre-mount hook.
May 28 07:29:07.904948 localhost.localdomain systemd[1]: Starting File System Check on /dev/disk/by-uuid/8bc5a620-43f2-4cb4-bc93-ae33026e601c...
May 28 07:29:08.030167 localhost.localdomain systemd[1]: Finished File System Check on /dev/disk/by-uuid/8bc5a620-43f2-4cb4-bc93-ae33026e601c.
May 28 07:29:08.158179 localhost.localdomain systemd[1]: Mounting /sysroot...
May 28 07:29:08.254761 localhost.localdomain kernel: BTRFS: device label ROOT devid 1 transid 16 /dev/vda3 (253:3) scanned by mount (1179)
May 28 07:29:08.258077 localhost.localdomain kernel: BTRFS info (device vda3): first mount of filesystem 8bc5a620-43f2-4cb4-bc93-ae33026e601c
May 28 07:29:08.258096 localhost.localdomain kernel: BTRFS info (device vda3): using crc32c (crc32c-intel) checksum algorithm
May 28 07:29:08.258105 localhost.localdomain kernel: BTRFS info (device vda3): using free-space-tree
May 28 07:29:08.261126 localhost.localdomain systemd[1]: Mounted /sysroot.
May 28 07:29:08.371564 localhost.localdomain systemd[1]: Reached target Initrd Root File System.
May 28 07:29:08.480216 localhost.localdomain systemd[1]: Starting Remount /sysroot read-write for Ignition...
May 28 07:29:08.481502 localhost.localdomain systemd[1]: Finished Remount /sysroot read-write for Ignition.
May 28 07:29:08.482263 localhost.localdomain systemd[1]: Reached target Ignition Boot Disk Setup.
May 28 07:29:08.592159 localhost.localdomain (ignition)[1198]: ignition-mount.service: Referenced but unset environment variable evaluates to an empty string: IGNITION_ARGS
May 28 07:29:08.596243 localhost.localdomain systemd[1]: Starting Ignition (mount)...
May 28 07:29:08.602881 localhost.localdomain ignition[1198]: Ignition 2.18.0
May 28 07:29:08.604113 localhost.localdomain ignition[1198]: Stage: mount
May 28 07:29:08.604237 localhost.localdomain ignition[1198]: no config dir at "/usr/lib/ignition/base.d"
May 28 07:29:08.604246 localhost.localdomain ignition[1198]: no config dir at "/usr/lib/ignition/base.platform.d/qemu"
May 28 07:29:08.604611 localhost.localdomain ignition[1198]: mount: mount passed
May 28 07:29:08.604654 localhost.localdomain ignition[1198]: Ignition finished successfully
May 28 07:29:08.606084 localhost.localdomain systemd[1]: Finished Ignition (mount).
May 28 07:29:08.719410 localhost.localdomain systemd[1]: Starting Mount initrd fstab entries for Ignition...
May 28 07:29:08.830641 localhost.localdomain systemd[1]: ignition-mount-initrd-fstab.service: Deactivated successfully.
May 28 07:29:08.830849 localhost.localdomain systemd[1]: Finished Mount initrd fstab entries for Ignition.
May 28 07:29:08.945024 localhost.localdomain (ignition)[1212]: ignition-files.service: Referenced but unset environment variable evaluates to an empty string: IGNITION_ARGS
May 28 07:29:08.948772 localhost.localdomain systemd[1]: Starting Ignition (files)...
May 28 07:29:09.073640 localhost.localdomain ignition[1212]: Ignition 2.18.0
May 28 07:29:09.073648 localhost.localdomain ignition[1212]: Stage: files
May 28 07:29:09.073823 localhost.localdomain ignition[1212]: no config dir at "/usr/lib/ignition/base.d"
May 28 07:29:09.073833 localhost.localdomain ignition[1212]: no config dir at "/usr/lib/ignition/base.platform.d/qemu"
May 28 07:29:09.074405 localhost.localdomain ignition[1212]: files: compiled without relabeling support, skipping
May 28 07:29:09.083198 localhost.localdomain ignition[1212]: files: ensureUsers: op(1): [started]  creating or modifying user "root"
May 28 07:29:09.083285 localhost.localdomain ignition[1212]: files: ensureUsers: op(1): executing: "usermod" "--root" "/sysroot" "--password" "$6$eEm2HpuzI7dfE4i7$dbYiTRLhrqVvwryR7zmMEcnrp13IqZ3mzLbsx9EeHAX7849PibGVgX5vdPuaeYYIO7hVfcboI9/JDpGiDZhHf/" "root"
May 28 07:29:09.098303 localhost.localdomain kernel: evm: overlay not supported
May 28 07:29:09.102345 localhost.localdomain ignition[1212]: files: ensureUsers: op(1): [finished] creating or modifying user "root"
May 28 07:29:09.102633 localhost.localdomain ignition[1212]: files: ensureUsers: op(2): [started]  setting password for "root"
May 28 07:29:09.102643 localhost.localdomain ignition[1212]: files: ensureUsers: op(2): executing: "usermod" "--root" "/sysroot" "--password" "$6$eEm2HpuzI7dfE4i7$dbYiTRLhrqVvwryR7zmMEcnrp13IqZ3mzLbsx9EeHAX7849PibGVgX5vdPuaeYYIO7hVfcboI9/JDpGiDZhHf/" "root"
May 28 07:29:09.118955 localhost.localdomain ignition[1212]: files: ensureUsers: op(2): [finished] setting password for "root"
May 28 07:29:09.120283 localhost.localdomain ignition[1212]: files: createResultFile: createFiles: op(3): [started]  writing file "/sysroot/etc/.ignition-result.json"
May 28 07:29:09.120583 localhost.localdomain ignition[1212]: files: createResultFile: createFiles: op(3): [finished] writing file "/sysroot/etc/.ignition-result.json"
May 28 07:29:09.120623 localhost.localdomain ignition[1212]: files: files passed
May 28 07:29:09.120719 localhost.localdomain ignition[1212]: Ignition finished successfully
May 28 07:29:09.134594 localhost.localdomain systemd[1]: Finished Ignition (files).
May 28 07:29:09.253863 localhost.localdomain systemd[1]: Starting Unmount initrd fstab entries for Ignition...
May 28 07:29:09.383697 localhost.localdomain systemd[1]: ignition-umount-initrd-fstab.service: Deactivated successfully.
May 28 07:29:09.383915 localhost.localdomain systemd[1]: Finished Unmount initrd fstab entries for Ignition.
May 28 07:29:09.386901 localhost.localdomain systemd[1]: Reached target Ignition Complete.
May 28 07:29:09.626825 localhost.localdomain systemd[1]: Starting Combustion...
May 28 07:29:09.815643 localhost.localdomain systemd[1]: sysroot-root.mount: Deactivated successfully.
May 28 07:29:09.874723 localhost.localdomain dracut: SELinux: relabeling root filesystem
May 28 07:29:09.881431 localhost.localdomain dracut: SELinux: mount root read-write and relabel
May 28 07:29:15.234068 localhost.localdomain systemd[1]: sysroot\x2dselinux-dev-pts.mount: Deactivated successfully.
May 28 07:29:15.236310 localhost.localdomain systemd[1]: sysroot\x2dselinux-dev-shm.mount: Deactivated successfully.
May 28 07:29:15.237758 localhost.localdomain systemd[1]: sysroot\x2dselinux-dev.mount: Deactivated successfully.
May 28 07:29:15.238011 localhost.localdomain systemd[1]: sysroot\x2dselinux-sys-fs-bpf.mount: Deactivated successfully.
May 28 07:29:15.238965 localhost.localdomain systemd[1]: sysroot\x2dselinux-sys-fs-pstore.mount: Deactivated successfully.
May 28 07:29:15.241128 localhost.localdomain systemd[1]: sysroot\x2dselinux-sys-fs-cgroup.mount: Deactivated successfully.
May 28 07:29:15.241246 localhost.localdomain systemd[1]: sysroot\x2dselinux-sys-kernel-security.mount: Deactivated successfully.
May 28 07:29:15.241354 localhost.localdomain systemd[1]: sysroot\x2dselinux-sys.mount: Deactivated successfully.
May 28 07:29:15.241538 localhost.localdomain systemd[1]: sysroot\x2dselinux-proc.mount: Deactivated successfully.
May 28 07:29:15.241630 localhost.localdomain systemd[1]: sysroot\x2dselinux-etc.mount: Deactivated successfully.
May 28 07:29:15.241720 localhost.localdomain systemd[1]: sysroot\x2dselinux-var.mount: Deactivated successfully.
May 28 07:29:15.241806 localhost.localdomain systemd[1]: sysroot\x2dselinux-root.mount: Deactivated successfully.
May 28 07:29:15.242824 localhost.localdomain systemd[1]: sysroot\x2dselinux.mount: Deactivated successfully.
May 28 07:29:15.306604 localhost.localdomain combustion[1315]: Checking for newer version.
May 28 07:29:27.788618 localhost.localdomain combustion[1315]: transactional-update 4.6.8 started
May 28 07:29:27.790273 localhost.localdomain combustion[1315]: Options: shell
May 28 07:29:27.841877 localhost.localdomain combustion[1315]: Separate /var detected.
May 28 07:29:27.978732 localhost.localdomain combustion[1315]: 2024-05-28 07:29:27 tukit 4.6.8 started
May 28 07:29:27.978801 localhost.localdomain combustion[1315]: 2024-05-28 07:29:27 Options: -c1 open
May 28 07:29:27.978824 localhost.localdomain combustion[1315]: 2024-05-28 07:29:27 Using snapshot 1 as base for new snapshot 2.
May 28 07:29:27.978842 localhost.localdomain combustion[1315]: 2024-05-28 07:29:27 /var/lib/overlay/1/etc
May 28 07:29:27.978859 localhost.localdomain combustion[1315]: 2024-05-28 07:29:27 No previous snapshot to sync with - skipping
May 28 07:29:27.978876 localhost.localdomain combustion[1315]: 2024-05-28 07:29:27 Not bind mounting directory '/run/salt-tmp' as it doesn't exist.
May 28 07:29:27.978892 localhost.localdomain combustion[1315]: ID: 2
May 28 07:29:27.978908 localhost.localdomain combustion[1315]: 2024-05-28 07:29:27 Transaction completed.
May 28 07:29:27.983029 localhost.localdomain combustion[1315]: Opening chroot in snapshot 2, continue with 'exit'
May 28 07:29:27.985515 localhost.localdomain combustion[1611]: 2024-05-28 07:29:27 tukit 4.6.8 started
May 28 07:29:27.985927 localhost.localdomain combustion[1611]: 2024-05-28 07:29:27 Options: call 2 bash
May 28 07:29:27.994617 localhost.localdomain combustion[1611]: 2024-05-28 07:29:27 Not bind mounting directory '/run/salt-tmp' as it doesn't exist.
May 28 07:29:27.994617 localhost.localdomain combustion[1611]: 2024-05-28 07:29:27 Executing `bash`:
May 28 07:29:28.011287 localhost.localdomain combustion[1614]: + systemctl enable sshd.service
May 28 07:29:28.061945 localhost.localdomain combustion[1614]: + echo Combustion was here
May 28 07:29:28.062128 localhost.localdomain combustion[1614]: + curl conncheck.opensuse.org
May 28 07:29:28.097214 localhost.localdomain combustion[1616]:   % Total    % Received % Xferd  Average Speed   Time    Time     Time  Current
May 28 07:29:28.097815 localhost.localdomain combustion[1616]:                                  Dload  Upload   Total   Spent    Left  Speed
May 28 07:29:28.406395 localhost.localdomain combustion[1616]: [158B blob data]
May 28 07:29:28.407703 localhost.localdomain combustion[1611]: 2024-05-28 07:29:28 Application returned with exit status 0.
May 28 07:29:28.432180 localhost.localdomain combustion[1611]: 2024-05-28 07:29:28 Transaction completed.
May 28 07:29:28.442934 localhost.localdomain combustion[1622]: 2024-05-28 07:29:28 tukit 4.6.8 started
May 28 07:29:28.442934 localhost.localdomain combustion[1622]: 2024-05-28 07:29:28 Options: close 2
May 28 07:29:28.454790 localhost.localdomain combustion[1622]: 2024-05-28 07:29:28 Not bind mounting directory '/run/salt-tmp' as it doesn't exist.
May 28 07:29:28.554412 localhost.localdomain combustion[1622]: 2024-05-28 07:29:28 New default snapshot is #2 (/.snapshots/2/snapshot).
May 28 07:29:28.554729 localhost.localdomain combustion[1622]: 2024-05-28 07:29:28 Transaction completed.
May 28 07:29:28.580619 localhost.localdomain combustion[1315]: Please reboot your machine to activate the changes and avoid data loss.
May 28 07:29:28.582083 localhost.localdomain combustion[1315]: New default snapshot is #2 (/.snapshots/2/snapshot).
May 28 07:29:28.583680 localhost.localdomain combustion[1315]: transactional-update finished
May 28 07:29:28.618137 localhost.localdomain systemd[1]: sysroot-tmp.mount: Deactivated successfully.
May 28 07:29:28.618795 localhost.localdomain systemd[1]: sysroot-boot-grub2-x86_64\x2defi.mount: Deactivated successfully.
May 28 07:29:28.620148 localhost.localdomain systemd[1]: sysroot-run.mount: Deactivated successfully.
May 28 07:29:28.621518 localhost.localdomain systemd[1]: sysroot-boot-grub2-i386\x2dpc.mount: Deactivated successfully.
May 28 07:29:28.621874 localhost.localdomain systemd[1]: sysroot-usr-local.mount: Deactivated successfully.
May 28 07:29:28.622228 localhost.localdomain systemd[1]: sysroot-boot-writable.mount: Deactivated successfully.
May 28 07:29:28.622363 localhost.localdomain systemd[1]: sysroot-boot-efi.mount: Deactivated successfully.
May 28 07:29:28.622498 localhost.localdomain systemd[1]: sysroot-srv.mount: Deactivated successfully.
May 28 07:29:28.622844 localhost.localdomain systemd[1]: sysroot-opt.mount: Deactivated successfully.
May 28 07:29:28.622971 localhost.localdomain systemd[1]: sysroot-home.mount: Deactivated successfully.
May 28 07:29:28.623342 localhost.localdomain systemd[1]: sysroot-.snapshots.mount: Deactivated successfully.
May 28 07:29:28.623485 localhost.localdomain systemd[1]: sysroot-dev-pts.mount: Deactivated successfully.
May 28 07:29:28.626022 localhost.localdomain systemd[1]: sysroot-dev-shm.mount: Deactivated successfully.
May 28 07:29:28.626590 localhost.localdomain systemd[1]: sysroot-dev.mount: Deactivated successfully.
May 28 07:29:28.628468 localhost.localdomain systemd[1]: sysroot-sys-fs-bpf.mount: Deactivated successfully.
May 28 07:29:28.628610 localhost.localdomain systemd[1]: sysroot-sys-fs-pstore.mount: Deactivated successfully.
May 28 07:29:28.628746 localhost.localdomain systemd[1]: sysroot-sys-fs-cgroup.mount: Deactivated successfully.
May 28 07:29:28.628878 localhost.localdomain systemd[1]: sysroot-sys-kernel-security.mount: Deactivated successfully.
May 28 07:29:28.629148 localhost.localdomain systemd[1]: sysroot-sys.mount: Deactivated successfully.
May 28 07:29:28.629285 localhost.localdomain systemd[1]: sysroot-proc.mount: Deactivated successfully.
May 28 07:29:28.629416 localhost.localdomain systemd[1]: sysroot-etc.mount: Deactivated successfully.
May 28 07:29:28.631671 localhost.localdomain systemd[1]: sysroot-var.mount: Deactivated successfully.
May 28 07:29:28.634829 localhost.localdomain systemd[1]: sysroot-root.mount: Deactivated successfully.
May 28 07:29:28.634914 localhost.localdomain systemd[1]: sysroot.mount: Deactivated successfully.
May 28 07:29:28.735760 localhost.localdomain kernel: BTRFS info (device vda3): last unmount of filesystem 8bc5a620-43f2-4cb4-bc93-ae33026e601c
May 28 07:29:28.781579 localhost.localdomain systemd[1]: Mounting /sysroot...
May 28 07:29:28.798102 localhost.localdomain kernel: BTRFS: device label ROOT devid 1 transid 30 /dev/vda3 (253:3) scanned by mount (1685)
May 28 07:29:28.798130 localhost.localdomain kernel: BTRFS info (device vda3): first mount of filesystem 8bc5a620-43f2-4cb4-bc93-ae33026e601c
May 28 07:29:28.798143 localhost.localdomain kernel: BTRFS info (device vda3): using crc32c (crc32c-intel) checksum algorithm
May 28 07:29:28.798155 localhost.localdomain kernel: BTRFS info (device vda3): using free-space-tree
May 28 07:29:28.801654 localhost.localdomain systemd[1]: Mounted /sysroot.
May 28 07:29:28.888220 localhost.localdomain systemd[1]: combustion.service: Deactivated successfully.
May 28 07:29:28.888424 localhost.localdomain systemd[1]: Finished Combustion.
May 28 07:29:28.888905 localhost.localdomain systemd[1]: combustion.service: Consumed 10.391s CPU time.
May 28 07:29:28.889373 localhost.localdomain systemd[1]: Reached target Initrd Firstboot.
May 28 07:29:28.986322 localhost.localdomain systemd-sysroot-fstab-check[1703]: /sysroot/root should be mounted in the initrd, will request daemon-reload.
May 28 07:29:28.986651 localhost.localdomain systemd[1]: Starting Mountpoints Configured in the Real Root...
May 28 07:29:29.044226 localhost.localdomain systemd[1]: Reloading requested from client PID 1703 ('systemd-fstab-g') (unit initrd-parse-etc.service)...
May 28 07:29:29.044237 localhost.localdomain systemd[1]: Reloading...
May 28 07:29:29.247226 localhost.localdomain systemd[1]: Reloading finished in 202 ms.
May 28 07:29:29.252700 localhost.localdomain systemd-sysroot-fstab-check[1703]: Requesting initrd-fs.target/start/replace...
May 28 07:29:29.253580 localhost.localdomain systemd-sysroot-fstab-check[1703]: Requesting swap.target/start/replace...
May 28 07:29:29.278118 localhost.localdomain systemd[1]: Mounting /sysroot/root...
May 28 07:29:29.278531 localhost.localdomain systemd[1]: sysroot-var.mount: Directory /sysroot/var to mount over is not empty, mounting anyway.
May 28 07:29:29.394979 localhost.localdomain systemd[1]: Mounting /sysroot/var...
May 28 07:29:29.399895 localhost.localdomain systemd[1]: initrd-parse-etc.service: Deactivated successfully.
May 28 07:29:29.400076 localhost.localdomain systemd[1]: Finished Mountpoints Configured in the Real Root.
May 28 07:29:29.401720 localhost.localdomain systemd[1]: Mounted /sysroot/root.
May 28 07:29:29.508171 localhost.localdomain systemd[1]: Starting dracut mount hook...
May 28 07:29:29.512743 localhost.localdomain systemd[1]: Mounted /sysroot/var.
May 28 07:29:29.614892 localhost.localdomain systemd[1]: sysroot-etc.mount: Directory /sysroot/etc to mount over is not empty, mounting anyway.
May 28 07:29:29.722260 localhost.localdomain systemd[1]: Mounting /sysroot/etc...
May 28 07:29:29.725381 localhost.localdomain systemd[1]: Finished dracut mount hook.
May 28 07:29:29.844278 localhost.localdomain systemd[1]: Mounted /sysroot/etc.
May 28 07:29:29.844665 localhost.localdomain systemd[1]: Reached target Initrd File Systems.
May 28 07:29:29.954975 localhost.localdomain systemd[1]: Disable firstboot wizard if ignition ran was skipped because of an unmet condition check (ConditionPathExists=/sysroot/var/lib/YaST2/reconfig_system).
May 28 07:29:29.955007 localhost.localdomain systemd[1]: Reached target Initrd Default Target.
May 28 07:29:30.061696 localhost.localdomain systemd[1]: Starting dracut pre-pivot and cleanup hook...
May 28 07:29:30.160239 localhost.localdomain dracut-pre-pivot[1768]: SELinux: relabeling root filesystem
May 28 07:29:30.172665 localhost.localdomain dracut-pre-pivot[1768]: SELinux: mount root read-write and relabel
May 28 07:29:35.603041 localhost.localdomain systemd[1]: sysroot\x2dselinux-dev-pts.mount: Deactivated successfully.
May 28 07:29:35.606288 localhost.localdomain systemd[1]: sysroot\x2dselinux-dev-shm.mount: Deactivated successfully.
May 28 07:29:35.607293 localhost.localdomain systemd[1]: sysroot\x2dselinux-dev.mount: Deactivated successfully.
May 28 07:29:35.607660 localhost.localdomain systemd[1]: sysroot\x2dselinux-sys-fs-bpf.mount: Deactivated successfully.
May 28 07:29:35.608158 localhost.localdomain systemd[1]: sysroot\x2dselinux-sys-fs-pstore.mount: Deactivated successfully.
May 28 07:29:35.609083 localhost.localdomain systemd[1]: sysroot\x2dselinux-sys-fs-cgroup.mount: Deactivated successfully.
May 28 07:29:35.610452 localhost.localdomain systemd[1]: sysroot\x2dselinux-sys-kernel-security.mount: Deactivated successfully.
May 28 07:29:35.610556 localhost.localdomain systemd[1]: sysroot\x2dselinux-sys.mount: Deactivated successfully.
May 28 07:29:35.610649 localhost.localdomain systemd[1]: sysroot\x2dselinux-proc.mount: Deactivated successfully.
May 28 07:29:35.610736 localhost.localdomain systemd[1]: sysroot\x2dselinux-etc.mount: Deactivated successfully.
May 28 07:29:35.610824 localhost.localdomain systemd[1]: sysroot\x2dselinux-var.mount: Deactivated successfully.
May 28 07:29:35.610912 localhost.localdomain systemd[1]: sysroot\x2dselinux-root.mount: Deactivated successfully.
May 28 07:29:35.610997 localhost.localdomain systemd[1]: sysroot\x2dselinux.mount: Deactivated successfully.
May 28 07:29:35.619317 localhost.localdomain systemd[1]: Finished dracut pre-pivot and cleanup hook.
May 28 07:29:35.713840 localhost.localdomain systemd[1]: Starting transactional-update /etc overlay cleaner...
May 28 07:29:35.810075 localhost.localdomain transactional-update-etc-cleaner[1801]: Checking for conflicts between /sysroot/var/lib/overlay/1/etc/. and /sysroot/var/lib/overlay/2/etc/....
May 28 07:29:35.810075 localhost.localdomain transactional-update-etc-cleaner[1801]: Checking for conflicts between /sysroot/var/lib/overlay/1/etc/./selinux and /sysroot/var/lib/overlay/2/etc/./selinux...
May 28 07:29:35.810882 localhost.localdomain systemd[1]: transactional-update-etc-cleaner.service: Deactivated successfully.
May 28 07:29:35.811032 localhost.localdomain systemd[1]: Finished transactional-update /etc overlay cleaner.
May 28 07:29:35.928173 localhost.localdomain systemd[1]: Starting Cleaning Up and Shutting Down Daemons...
May 28 07:29:36.043095 localhost.localdomain systemd[1]: Stopped target Network.
May 28 07:29:36.043464 localhost.localdomain systemd[1]: Stopped target Remote Encrypted Volumes.
May 28 07:29:36.043800 localhost.localdomain systemd[1]: Stopped target Timer Units.
May 28 07:29:36.044116 localhost.localdomain systemd[1]: dracut-pre-pivot.service: Deactivated successfully.
May 28 07:29:36.044226 localhost.localdomain systemd[1]: Stopped dracut pre-pivot and cleanup hook.
May 28 07:29:36.044555 localhost.localdomain systemd[1]: dracut-pre-pivot.service: Consumed 5.139s CPU time.
May 28 07:29:36.044681 localhost.localdomain systemd[1]: Stopped target Initrd Default Target.
May 28 07:29:36.045021 localhost.localdomain systemd[1]: Stopped target Initrd Firstboot.
May 28 07:29:36.045332 localhost.localdomain systemd[1]: Stopped target Ignition Complete.
May 28 07:29:36.045637 localhost.localdomain systemd[1]: Stopped target Ignition Boot Disk Setup.
May 28 07:29:36.045938 localhost.localdomain systemd[1]: Stopped target Initrd Root Device.
May 28 07:29:36.046233 localhost.localdomain systemd[1]: Stopped target Initrd /usr File System.
May 28 07:29:36.046528 localhost.localdomain systemd[1]: Stopped target Remote File Systems.
May 28 07:29:36.046818 localhost.localdomain systemd[1]: Stopped target Preparation for Remote File Systems.
May 28 07:29:36.047107 localhost.localdomain systemd[1]: dracut-mount.service: Deactivated successfully.
May 28 07:29:36.047204 localhost.localdomain systemd[1]: Stopped dracut mount hook.
May 28 07:29:36.047582 localhost.localdomain systemd[1]: dracut-pre-mount.service: Deactivated successfully.
May 28 07:29:36.047679 localhost.localdomain systemd[1]: Stopped dracut pre-mount hook.
May 28 07:29:36.048078 localhost.localdomain systemd[1]: dracut-initqueue.service: Deactivated successfully.
May 28 07:29:36.048178 localhost.localdomain systemd[1]: Stopped dracut initqueue hook.
May 28 07:29:36.048549 localhost.localdomain systemd[1]: ignition-fetch-offline.service: Deactivated successfully.
May 28 07:29:36.048648 localhost.localdomain systemd[1]: Stopped Ignition (fetch-offline).
May 28 07:29:36.048988 localhost.localdomain systemd[1]: Stopped target Basic System.
May 28 07:29:36.049274 localhost.localdomain systemd[1]: Stopped target Path Units.
May 28 07:29:36.049636 localhost.localdomain systemd[1]: Stopped target Slice Units.
May 28 07:29:36.049917 localhost.localdomain systemd[1]: Stopped target Socket Units.
May 28 07:29:36.050194 localhost.localdomain systemd[1]: Stopped target System Initialization.
May 28 07:29:36.050470 localhost.localdomain systemd[1]: Stopped target Local Encrypted Volumes.
May 28 07:29:36.050720 localhost.localdomain systemd[1]: systemd-ask-password-console.path: Deactivated successfully.
May 28 07:29:36.138064 localhost.localdomain systemd[1]: Stopped Dispatch Password Requests to Console Directory Watch.
May 28 07:29:36.138411 localhost.localdomain systemd[1]: Stopped target Local File Systems.
May 28 07:29:36.138724 localhost.localdomain systemd[1]: Stopped target Preparation for Local File Systems.
May 28 07:29:36.139031 localhost.localdomain systemd[1]: Stopped target Swaps.
May 28 07:29:36.139328 localhost.localdomain systemd[1]: ignition-files.service: Deactivated successfully.
May 28 07:29:36.139443 localhost.localdomain systemd[1]: Stopped Ignition (files).
May 28 07:29:36.139843 localhost.localdomain systemd[1]: ignition-mount.service: Deactivated successfully.
May 28 07:29:36.139965 localhost.localdomain systemd[1]: Stopped Ignition (mount).
May 28 07:29:36.140354 localhost.localdomain systemd[1]: ignition-disks.service: Deactivated successfully.
May 28 07:29:36.140475 localhost.localdomain systemd[1]: Stopped Ignition (disks).
May 28 07:29:36.140795 localhost.localdomain systemd[1]: ignition-kargs.service: Deactivated successfully.
May 28 07:29:36.140883 localhost.localdomain systemd[1]: Stopped Ignition (kargs).
May 28 07:29:36.141181 localhost.localdomain systemd[1]: ignition-remount-sysroot.service: Deactivated successfully.
May 28 07:29:36.141272 localhost.localdomain systemd[1]: Stopped Remount /sysroot read-write for Ignition.
May 28 07:29:36.141597 localhost.localdomain systemd[1]: ignition-setup-user.service: Deactivated successfully.
May 28 07:29:36.141692 localhost.localdomain systemd[1]: Stopped Ignition User Config Setup.
May 28 07:29:36.141996 localhost.localdomain systemd[1]: nm-wait-online-initrd.service: Deactivated successfully.
