

Welcome to openSUSE MicroOS (x86_64) - Kernel 6.9.1-1-default (hvc0).

SSH host key: SHA256:c4C+Jhub5hRX+SLuAoLnaMmENJ9EMNip/AbAWnn2LOQ (RSA)
SSH host key: SHA256:DDEzgfJjrcpPyM6CVHdjcmY2XNIKLQmAthQeS1THPr8 (ECDSA)
SSH host key: SHA256:iHl7Wsv9SJKPUUsDr1Oz2plvljLlIwDPF1bk6S6WFU4 (ED25519)
ens4: 10.0.2.15 fec0::bf82:94a3:f80e:9b38


localhost login: 
localhost login: root
Password: 
Last login: Tue May 28 07:30:07 UTC 2024 on tty2
[1mlocalhost:~ #[m(B export TERM=dumb; stty cols 2048; exec $SHELL
localhost:~ # PS1="# "
# export TERM=dumb; echo Gi8yV-$?-
Gi8yV-0-
# echo Logged into $(tty); echo 1XrKo-$?-
Logged into /dev/hvc0
1XrKo-0-
# zypper -n ref | cat; ( exit ${PIPESTATUS[0]} ); echo gWclj-$?-
Retrieving repository 'NON_OSS' metadata [..........done]
Building repository 'NON_OSS' cache [...done]
Retrieving repository 'OSS' metadata [...........done]
Building repository 'OSS' cache [....done]
Retrieving repository 'OSS_DEBUGINFO' metadata [.........done]
Building repository 'OSS_DEBUGINFO' cache [....done]
Repository 'Open H.264 Codec (openSUSE Tumbleweed)' is up to date.
All repositories have been refreshed.
gWclj-0-
# zypper -n --gpg-auto-import-keys ref | cat; ( exit ${PIPESTATUS[0]} ); echo 9AZRZ-$?-
Repository 'NON_OSS' is up to date.
Repository 'OSS' is up to date.
Repository 'OSS_DEBUGINFO' is up to date.
Repository 'Open H.264 Codec (openSUSE Tumbleweed)' is up to date.
All repositories have been refreshed.
9AZRZ-0-
# cd
# test -f /var/log/audit/audit.log; echo UfVk_-$?-
UfVk_-0-
# cat > /tmp/scriptOSm16.sh << 'EOT_OSm16'; echo OSm16-$?-
> ausearch -m avc -r
> EOT_OSm16
OSm16-0-
# echo OSm16; bash -oe pipefail /tmp/scriptOSm16.sh ; echo SCRIPT_FINISHEDOSm16-$?-
OSm16
type=AVC msg=audit(1716881454.717:99): avc:  denied  { map_read map_write } for  pid=2452 comm="systemd-fstab-g" scontext=system_u:system_r:systemd_fstab_generator_t:s0 tcontext=system_u:system_r:init_t:s0 tclass=bpf permissive=0
type=AVC msg=audit(1716881454.730:100): avc:  denied  { map_read map_write } for  pid=2455 comm="systemd-gpt-aut" scontext=system_u:system_r:systemd_gpt_generator_t:s0 tcontext=system_u:system_r:init_t:s0 tclass=bpf permissive=0
SCRIPT_FINISHEDOSm16-0-
# clear
# 

Welcome to openSUSE MicroOS (x86_64) - Kernel 6.9.1-1-default (hvc0).

SSH host key: SHA256:c4C+Jhub5hRX+SLuAoLnaMmENJ9EMNip/AbAWnn2LOQ (RSA)
SSH host key: SHA256:DDEzgfJjrcpPyM6CVHdjcmY2XNIKLQmAthQeS1THPr8 (ECDSA)
SSH host key: SHA256:iHl7Wsv9SJKPUUsDr1Oz2plvljLlIwDPF1bk6S6WFU4 (ED25519)
ens4: 10.0.2.15 fe80::a2ca:234:2e97:11c6


localhost login: 

Welcome to openSUSE MicroOS (x86_64) - Kernel 6.9.1-1-default (hvc0).

SSH host key: SHA256:c4C+Jhub5hRX+SLuAoLnaMmENJ9EMNip/AbAWnn2LOQ (RSA)
SSH host key: SHA256:DDEzgfJjrcpPyM6CVHdjcmY2XNIKLQmAthQeS1THPr8 (ECDSA)
SSH host key: SHA256:iHl7Wsv9SJKPUUsDr1Oz2plvljLlIwDPF1bk6S6WFU4 (ED25519)
ens4: 10.0.2.15 fec0::355e:7b3:fc3b:c04f


localhost login: 
localhost login: root
Password: 
Last login: Tue May 28 07:33:18 UTC 2024 on tty2
[1mlocalhost:~ #[m(B export TERM=dumb; stty cols 2048; exec $SHELL
localhost:~ # PS1="# "
# export TERM=dumb; echo Gi8yV-$?-
Gi8yV-0-
# echo Logged into $(tty); echo 1XrKo-$?-
Logged into /dev/hvc0
1XrKo-0-
# grep '^0$' /proc/sys/crypto/fips_enabled; echo l4QBj-$?-
0
l4QBj-0-
# cat > /tmp/scriptS1neP.sh << 'EOT_S1neP'; echo S1neP-$?-
> systemctl show -p SubState --value rollback.service
> EOT_S1neP
S1neP-0-
# echo S1neP; bash -oe pipefail /tmp/scriptS1neP.sh ; echo SCRIPT_FINISHEDS1neP-$?-
S1neP
dead
SCRIPT_FINISHEDS1neP-0-
# transactional-update -n pkg install -t pattern fips; echo sfjAw-$?-
Checking for newer version.
transactional-update 4.6.8 started
Options: -n pkg install -t pattern fips
Separate /var detected.
2024-05-28 07:33:56 tukit 4.6.8 started
2024-05-28 07:33:56 Options: -c3 open 
2024-05-28 07:33:56 Using snapshot 3 as base for new snapshot 4.
2024-05-28 07:33:56 /var/lib/overlay/3/etc
2024-05-28 07:33:56 Syncing /etc of previous snapshot 2 as base into new snapshot "/.snapshots/4/snapshot"
2024-05-28 07:33:56 SELinux is enabled.
ID: 4
2024-05-28 07:33:57 Transaction completed.
Calling zypper install
2024-05-28 07:33:58 tukit 4.6.8 started
2024-05-28 07:33:58 Options: callext 4 zypper -R {} install -y --auto-agree-with-product-licenses -t pattern fips 
2024-05-28 07:33:59 Executing `zypper -R /tmp/transactional-update-xDLPfh install -y --auto-agree-with-product-licenses -t pattern fips`:
Loading repository data...
Reading installed packages...
Resolving package dependencies...

The following 6 NEW packages are going to be installed:
  dracut-fips libkcapi-tools libkcapi1 libopenssl-3-fips-provider openssh-fips patterns-base-fips

The following NEW pattern is going to be installed:
  fips

6 new packages to install.
Overall download size: 1.2 MiB. Already cached: 0 B. After the operation, additional 2.9 MiB will be used.

Backend:  classic_rpmtrans
Continue? [y/n/v/...? shows all options] (y): y

Checking for file conflicts: [...done]
Warning: 6 packages had to be excluded from file conflicts check because they are not yet downloaded.

    Note: Checking for file conflicts requires not installed packages to be downloaded in advance in
    order to access their file lists. See option '--download-in-advance / --dry-run --download-only'
    in the zypper manual page for details.

Retrieving: libkcapi1-1.4.0-2.8.x86_64 (OSS) (1/6),  50.5 KiB    
Retrieving: libkcapi1-1.4.0-2.8.x86_64.rpm [.done]
(1/6) Installing: libkcapi1-1.4.0-2.8.x86_64 [..done]
Retrieving: libopenssl-3-fips-provider-3.1.4-8.1.x86_64 (OSS) (2/6), 752.2 KiB    
Retrieving: libopenssl-3-fips-provider-3.1.4-8.1.x86_64.rpm [.done]
(2/6) Installing: libopenssl-3-fips-provider-3.1.4-8.1.x86_64 [..done]
Retrieving: openssh-fips-9.6p1-8.1.x86_64 (OSS) (3/6),  87.2 KiB    
Retrieving: openssh-fips-9.6p1-8.1.x86_64.rpm [.done]
(3/6) Installing: openssh-fips-9.6p1-8.1.x86_64 [..done]
Retrieving: libkcapi-tools-1.4.0-2.8.x86_64 (OSS) (4/6), 247.5 KiB    
Retrieving: libkcapi-tools-1.4.0-2.8.x86_64.rpm [.done]
(4/6) Installing: libkcapi-tools-1.4.0-2.8.x86_64 [..done]
Retrieving: dracut-fips-059+suse.588.g528264be-1.1.x86_64 (OSS) (5/6),  59.5 KiB    
Retrieving: dracut-fips-059+suse.588.g528264be-1.1.x86_64.rpm [.done]
(5/6) Installing: dracut-fips-059+suse.588.g528264be-1.1.x86_64 [..done]
Retrieving: patterns-base-fips-20200505-50.1.x86_64 (OSS) (6/6),  17.6 KiB    
Retrieving: patterns-base-fips-20200505-50.1.x86_64.rpm [.done]
(6/6) Installing: patterns-base-fips-20200505-50.1.x86_64 [..done]
Running post-transaction scripts [..
%posttrans(dracut-fips-059+suse.588.g528264be-1.1.x86_64) script output:
dracut[I]: Executing: /usr/bin/dracut --kver=6.9.1-1-default -f
dracut[I]: Module 'systemd-networkd' will not be installed, because command 'networkctl' could not be found!
dracut[I]: Module 'systemd-networkd' will not be installed, because command '/usr/lib/systemd/systemd-networkd' could not be found!
dracut[I]: Module 'systemd-networkd' will not be installed, because command '/usr/lib/systemd/systemd-networkd-wait-online' could not be found!
dracut[I]: Module 'systemd-pcrphase' will not be installed, because command '/usr/lib/systemd/systemd-pcrextend' could not be found!
dracut[I]: Module 'systemd-portabled' will not be installed, because command 'portablectl' could not be found!
dracut[I]: Module 'systemd-portabled' will not be installed, because command '/usr/lib/systemd/systemd-portabled' could not be found!
dracut[I]: Module 'systemd-resolved' will not be installed, because command 'resolvectl' could not be found!
dracut[I]: Module 'systemd-resolved' will not be installed, because command '/usr/lib/systemd/systemd-resolved' could not be found!
dracut[I]: Module 'modsign' will not be installed, because command 'keyctl' could not be found!
dracut[I]: Module 'dbus-broker' will not be installed, because command 'dbus-broker' could not be found!
dracut[I]: Module 'rngd' will not be installed, because command 'rngd' could not be found!
dracut[I]: Module 'connman' will not be installed, because command 'connmand' could not be found!
dracut[I]: Module 'connman' will not be installed, because command 'connmanctl' could not be found!
dracut[I]: Module 'connman' will not be installed, because command 'connmand-wait-online' could not be found!
dracut[I]: 35network-legacy: Could not find any command of 'dhclient wicked'!
dracut[I]: 62bluetooth: Could not find any command of '/usr/lib/bluetooth/bluetoothd /usr/libexec/bluetooth/bluetoothd'!
dracut[I]: Module 'dmraid' will not be installed, because command 'dmraid' could not be found!
dracut[I]: Module 'dmsquash-live-ntfs' will not be installed, because command 'ntfs-3g' could not be found!
dracut[I]: Module 'pcsc' will not be installed, because command 'pcscd' could not be found!
dracut[I]: Module 'tpm2-tss' will not be installed, because command 'tpm2' could not be found!
dracut[I]: Module 'cifs' will not be installed, because command 'mount.cifs' could not be found!
dracut[I]: Module 'iscsi' will not be installed, because command 'iscsi-iname' could not be found!
dracut[I]: Module 'iscsi' will not be installed, because command 'iscsiadm' could not be found!
dracut[I]: Module 'iscsi' will not be installed, because command 'iscsid' could not be found!
dracut[I]: 95nfs: Could not find any command of 'rpcbind portmap'!
dracut[I]: Module 'nvmf' will not be installed, because command 'nvme' could not be found!
dracut[I]: Module 'nvmf' will not be installed, because command 'jq' could not be found!
dracut[I]: Module 'memstrack' will not be installed, because command 'memstrack' could not be found!
dracut[I]: memstrack is not available
dracut[I]: If you need to use rd.memdebug>=4, please install memstrack and procps-ng
dracut[I]: Module 'squash' will not be installed, because command 'mksquashfs' could not be found!
dracut[I]: Module 'squash' will not be installed, because command 'unsquashfs' could not be found!
dracut[I]: Module 'systemd-pcrphase' will not be installed, because command '/usr/lib/systemd/systemd-pcrextend' could not be found!
dracut[I]: Module 'systemd-portabled' will not be installed, because command 'portablectl' could not be found!
dracut[I]: Module 'systemd-portabled' will not be installed, because command '/usr/lib/systemd/systemd-portabled' could not be found!
dracut[I]: Module 'systemd-resolved' will not be installed, because command 'resolvectl' could not be found!
dracut[I]: Module 'systemd-resolved' will not be installed, because command '/usr/lib/systemd/systemd-resolved' could not be found!
dracut[I]: Module 'modsign' will not be installed, because command 'keyctl' could not be found!
dracut[I]: Module 'dbus-broker' will not be installed, because command 'dbus-broker' could not be found!
dracut[I]: Module 'rngd' will not be installed, because command 'rngd' could not be found!
dracut[I]: Module 'connman' will not be installed, because command 'connmand' could not be found!
dracut[I]: Module 'connman' will not be installed, because command 'connmanctl' could not be found!
dracut[I]: Module 'connman' will not be installed, because command 'connmand-wait-online' could not be found!
dracut[I]: 35network-legacy: Could not find any command of 'dhclient wicked'!
dracut[I]: 62bluetooth: Could not find any command of '/usr/lib/bluetooth/bluetoothd /usr/libexec/bluetooth/bluetoothd'!
dracut[I]: Module 'dmraid' will not be installed, because command 'dmraid' could not be found!
dracut[I]: Module 'dmsquash-live-ntfs' will not be installed, because command 'ntfs-3g' could not be found!
dracut[I]: Module 'pcsc' will not be installed, because command 'pcscd' could not be found!
dracut[I]: Module 'tpm2-tss' will not be installed, because command 'tpm2' could not be found!
dracut[I]: Module 'cifs' will not be installed, because command 'mount.cifs' could not be found!
dracut[I]: Module 'iscsi' will not be installed, because command 'iscsi-iname' could not be found!
dracut[I]: Module 'iscsi' will not be installed, because command 'iscsiadm' could not be found!
dracut[I]: Module 'iscsi' will not be installed, because command 'iscsid' could not be found!
dracut[I]: 95nfs: Could not find any command of 'rpcbind portmap'!
dracut[I]: Module 'nvmf' will not be installed, because command 'nvme' could not be found!
dracut[I]: Module 'nvmf' will not be installed, because command 'jq' could not be found!
dracut[I]: Module 'memstrack' will not be installed, because command 'memstrack' could not be found!
dracut[I]: memstrack is not available
dracut[I]: If you need to use rd.memdebug>=4, please install memstrack and procps-ng
dracut[I]: Module 'squash' will not be installed, because command 'mksquashfs' could not be found!
dracut[I]: Module 'squash' will not be installed, because command 'unsquashfs' could not be found!
dracut[I]: *** Including module: bash ***
dracut[I]: *** Including module: systemd ***
dracut[I]: *** Including module: fips ***
dracut[I]: *** Including module: systemd-initrd ***
dracut[I]: *** Including module: i18n ***
dracut[I]: No KEYMAP configured.
dracut[I]: *** Including module: drm ***
dracut[I]: *** Including module: health-checker ***
dracut[I]: *** Including module: transactional-update ***
dracut[I]: *** Including module: xen-tools-domU ***
dracut[I]: *** Including module: btrfs ***
dracut[I]: *** Including module: kernel-modules ***
dracut[I]: *** Including module: kernel-modules-extra ***
dracut[I]: *** Including module: qemu ***
dracut[I]: *** Including module: rootfs-block ***
dracut[I]: *** Including module: suse-btrfs ***
dracut[I]: *** Including module: suse-xfs ***
dracut[I]: *** Including module: terminfo ***
dracut[I]: *** Including module: udev-rules ***
dracut[I]: *** Including module: virtiofs ***
dracut[I]: *** Including module: biosdevname ***
dracut[I]: *** Including module: dracut-systemd ***
dracut[I]: *** Including module: selinux-microos ***
dracut[I]: *** Including module: usrmount ***
dracut[I]: *** Including module: base ***
dracut[I]: *** Including module: fs-lib ***
dracut[I]: *** Including module: shutdown ***
dracut[I]: *** Including module: suse ***
dracut[I]: *** Including module: suse-initrd ***
dracut[I]: *** Including modules done ***
dracut[I]: *** Installing kernel module dependencies ***
dracut[I]: *** Installing kernel module dependencies done ***
dracut[I]: *** Resolving executable dependencies ***
dracut[I]: *** Resolving executable dependencies done ***
dracut[I]: *** Hardlinking files ***
dracut[I]: *** Hardlinking files done ***
dracut[I]: *** Generating early-microcode cpio image ***
dracut[I]: *** Store current command line parameters ***
dracut[I]: Stored kernel commandline:
dracut[I]:  rd.driver.pre=btrfs
dracut[I]: rd.driver.pre=overlay
dracut[I]:  root=UUID=8bc5a620-43f2-4cb4-bc93-ae33026e601c rootfstype=btrfs rootflags=rw,relatime,seclabel,discard=async,space_cache=v2,subvolid=270,subvol=/@/.snapshots/4/snapshot,subvol=@/.snapshots/4/snapshot
dracut[I]: *** Creating image file '/boot/initrd-6.9.1-1-default' ***
dracut[I]: *** Creating initramfs image file '/boot/initrd-6.9.1-1-default' done ***
..done]
2024-05-28 07:34:07 Application returned with exit status 0.
2024-05-28 07:34:07 Transaction completed.
Trying to rebuild kdump initrd
2024-05-28 07:34:07 tukit 4.6.8 started
2024-05-28 07:34:07 Options: close 4 
2024-05-28 07:34:08 New default snapshot is #4 (/.snapshots/4/snapshot).
2024-05-28 07:34:08 Transaction completed.

Please reboot your machine to activate the changes and avoid data loss.
New default snapshot is #4 (/.snapshots/4/snapshot).
transactional-update finished
sfjAw-0-
# sed -ie '/GRUB_CMDLINE_LINUX_DEFAULT/s/=\"[^\"]*/& fips=1 /' /etc/default/grub; echo 5q7hR-$?-
5q7hR-0-
# cat > /tmp/scriptS1neP.sh << 'EOT_S1neP'; echo S1neP-$?-
> systemctl show -p SubState --value rollback.service
> EOT_S1neP
S1neP-0-
# echo S1neP; bash -oe pipefail /tmp/scriptS1neP.sh ; echo SCRIPT_FINISHEDS1neP-$?-
S1neP
dead
SCRIPT_FINISHEDS1neP-0-
# transactional-update -n --continue grub.cfg; echo Pmnxn-$?-
Checking for newer version.
transactional-update 4.6.8 started
Options: -n --continue grub.cfg
Separate /var detected.
2024-05-28 07:34:09 tukit 4.6.8 started
2024-05-28 07:34:09 Options: -c4 open 
2024-05-28 07:34:09 Using snapshot 4 as base for new snapshot 5.
2024-05-28 07:34:09 /var/lib/overlay/4/etc
ID: 5
2024-05-28 07:34:10 Transaction completed.
Creating a new grub2 config
2024-05-28 07:34:10 tukit 4.6.8 started
2024-05-28 07:34:10 Options: call 5 bash -c /usr/sbin/grub2-mkconfig > /boot/grub2/grub.cfg 
2024-05-28 07:34:10 Executing `bash -c /usr/sbin/grub2-mkconfig > /boot/grub2/grub.cfg`:
Generating grub configuration file ...
Found theme: /boot/grub2/themes/openSUSE/theme.txt
Found linux image: /boot/vmlinuz-6.9.1-1-default
Found initrd image: /boot/initrd-6.9.1-1-default
Warning: os-prober will not be executed to detect other bootable partitions.
Systems on them will not be added to the GRUB boot configuration.
Check GRUB_DISABLE_OS_PROBER documentation entry.
Adding boot menu entry for UEFI Firmware Settings ...
done
2024-05-28 07:34:11 Application returned with exit status 0.
2024-05-28 07:34:11 Transaction completed.
2024-05-28 07:34:11 tukit 4.6.8 started
2024-05-28 07:34:11 Options: close 5 
2024-05-28 07:34:12 New default snapshot is #5 (/.snapshots/5/snapshot).
2024-05-28 07:34:12 Transaction completed.

Please reboot your machine to activate the changes and avoid data loss.
New default snapshot is #5 (/.snapshots/5/snapshot).
transactional-update finished
Pmnxn-0-
# mount | grep 'on / ' | grep -E -o 'subvolid=[0-9]*' | cut -d'=' -f2 > mnt-1716881652; echo 2jOj6-$?-
2jOj6-0-
# btrfs su get-default / | cut -d' ' -f2 > def-1716881652; echo pGoa7-$?-
pGoa7-0-
# diff mnt-1716881652 def-1716881652; echo 0NIbO-$?-
1c1
< 269
---
> 271
0NIbO-1-
# 

Welcome to openSUSE MicroOS (x86_64) - Kernel 6.9.1-1-default (hvc0).

SSH host key: SHA256:DDEzgfJjrcpPyM6CVHdjcmY2XNIKLQmAthQeS1THPr8 (ECDSA)
SSH host key: SHA256:iHl7Wsv9SJKPUUsDr1Oz2plvljLlIwDPF1bk6S6WFU4 (ED25519)
SSH host key: SHA256:c4C+Jhub5hRX+SLuAoLnaMmENJ9EMNip/AbAWnn2LOQ (RSA)
ens4: 10.0.2.15 fec0::d309:9269:2099:5aa0


localhost login: 
localhost login: root
Password: 
Last login: Tue May 28 07:35:02 UTC 2024 on tty2
[1mlocalhost:~ #[m(B export TERM=dumb; stty cols 2048; exec $SHELL
localhost:~ # PS1="# "
# export TERM=dumb; echo Gi8yV-$?-
Gi8yV-0-
# echo Logged into $(tty); echo 1XrKo-$?-
Logged into /dev/hvc0
1XrKo-0-
# cat > /tmp/scriptOTzGF.sh << 'EOT_OTzGF'; echo OTzGF-$?-
> cat /proc/cmdline
> EOT_OTzGF
OTzGF-0-
# echo OTzGF; bash -oe pipefail /tmp/scriptOTzGF.sh ; echo SCRIPT_FINISHEDOTzGF-$?-
OTzGF
BOOT_IMAGE=/boot/vmlinuz-6.9.1-1-default root=UUID=8bc5a620-43f2-4cb4-bc93-ae33026e601c rd.timeout=60 rd.retry=45 quiet systemd.show_status=yes console=ttyS0,115200 console=tty0 ignition.platform.id=qemu security=selinux selinux=1 fips=1
SCRIPT_FINISHEDOTzGF-0-
# grep '^1$' /proc/sys/crypto/fips_enabled; echo AkZNc-$?-
1
AkZNc-0-
# cd
# test -f /var/log/audit/audit.log; echo UfVk_-$?-
UfVk_-0-
# cat > /tmp/scriptOSm16.sh << 'EOT_OSm16'; echo OSm16-$?-
> ausearch -m avc -r
> EOT_OSm16
OSm16-0-
# echo OSm16; bash -oe pipefail /tmp/scriptOSm16.sh ; echo SCRIPT_FINISHEDOSm16-$?-
OSm16
type=AVC msg=audit(1716881454.717:99): avc:  denied  { map_read map_write } for  pid=2452 comm="systemd-fstab-g" scontext=system_u:system_r:systemd_fstab_generator_t:s0 tcontext=system_u:system_r:init_t:s0 tclass=bpf permissive=0
type=AVC msg=audit(1716881454.730:100): avc:  denied  { map_read map_write } for  pid=2455 comm="systemd-gpt-aut" scontext=system_u:system_r:systemd_gpt_generator_t:s0 tcontext=system_u:system_r:init_t:s0 tclass=bpf permissive=0
SCRIPT_FINISHEDOSm16-0-
# clear
# mkdir fips-test && cd fips-test && echo Hello > hello.txt; echo tbkH5-$?-
tbkH5-0-
# openssl enc -aes128 -e -pbkdf2 -in hello.txt -out hello.txt.enc -k pass1234 -md sha256; echo WagW~-$?-
WagW~-0-
# openssl enc -aes128 -d -pbkdf2 -in hello.txt.enc -out hello.txt.tmp -k pass1234 -md sha256; echo BVT6I-$?-
BVT6I-0-
# cat > /tmp/scriptG47xF.sh << 'EOT_G47xF'; echo G47xF-$?-
> cat hello.txt.tmp
> EOT_G47xF
G47xF-0-
# echo G47xF; bash -oe pipefail /tmp/scriptG47xF.sh ; echo SCRIPT_FINISHEDG47xF-$?-
G47xF
Hello
SCRIPT_FINISHEDG47xF-0-
# rm -f hello.txt.enc hello.txt.tmp; echo 8sm~A-$?-
8sm~A-0-
# openssl enc -aes192 -e -pbkdf2 -in hello.txt -out hello.txt.enc -k pass1234 -md sha256; echo 8GkgT-$?-
8GkgT-0-
# openssl enc -aes192 -d -pbkdf2 -in hello.txt.enc -out hello.txt.tmp -k pass1234 -md sha256; echo 5TjLd-$?-
5TjLd-0-
# cat > /tmp/scriptG47xF.sh << 'EOT_G47xF'; echo G47xF-$?-
> cat hello.txt.tmp
> EOT_G47xF
G47xF-0-
# echo G47xF; bash -oe pipefail /tmp/scriptG47xF.sh ; echo SCRIPT_FINISHEDG47xF-$?-
G47xF
Hello
SCRIPT_FINISHEDG47xF-0-
# rm -f hello.txt.enc hello.txt.tmp; echo 8sm~A-$?-
8sm~A-0-
# openssl enc -aes256 -e -pbkdf2 -in hello.txt -out hello.txt.enc -k pass1234 -md sha256; echo xjAie-$?-
xjAie-0-
# openssl enc -aes256 -d -pbkdf2 -in hello.txt.enc -out hello.txt.tmp -k pass1234 -md sha256; echo celfs-$?-
celfs-0-
# cat > /tmp/scriptG47xF.sh << 'EOT_G47xF'; echo G47xF-$?-
> cat hello.txt.tmp
> EOT_G47xF
G47xF-0-
# echo G47xF; bash -oe pipefail /tmp/scriptG47xF.sh ; echo SCRIPT_FINISHEDG47xF-$?-
G47xF
Hello
SCRIPT_FINISHEDG47xF-0-
# rm -f hello.txt.enc hello.txt.tmp; echo 8sm~A-$?-
8sm~A-0-
# cat > /tmp/scriptC1sBI.sh << 'EOT_C1sBI'; echo C1sBI-$?-
> openssl enc -bf -e -pbkdf2 -in hello.txt -out hello.txt.enc -k pass1234 -md sha256 2>&1 || true
> EOT_C1sBI
C1sBI-0-
# echo C1sBI; bash -oe pipefail /tmp/scriptC1sBI.sh ; echo SCRIPT_FINISHEDC1sBI-$?-
C1sBI
Error setting cipher BF-CBC
4057C6D80C7F0000:error:0308010C:digital envelope routines:inner_evp_generic_fetch:unsupported:crypto/evp/evp_fetch.c:341:Global default library context, Algorithm (BF-CBC : 8), Properties ()
SCRIPT_FINISHEDC1sBI-0-
# cat > /tmp/scriptBpvlJ.sh << 'EOT_BpvlJ'; echo BpvlJ-$?-
> openssl enc -cast -e -pbkdf2 -in hello.txt -out hello.txt.enc -k pass1234 -md sha256 2>&1 || true
> EOT_BpvlJ
BpvlJ-0-
# echo BpvlJ; bash -oe pipefail /tmp/scriptBpvlJ.sh ; echo SCRIPT_FINISHEDBpvlJ-$?-
BpvlJ
Error setting cipher CAST5-CBC
40B7907BCD7F0000:error:0308010C:digital envelope routines:inner_evp_generic_fetch:unsupported:crypto/evp/evp_fetch.c:341:Global default library context, Algorithm (CAST5-CBC : 31), Properties ()
SCRIPT_FINISHEDBpvlJ-0-
# cat > /tmp/scriptSZOwG.sh << 'EOT_SZOwG'; echo SZOwG-$?-
> openssl enc -rc4 -e -pbkdf2 -in hello.txt -out hello.txt.enc -k pass1234 -md sha256 2>&1 || true
> EOT_SZOwG
SZOwG-0-
# echo SZOwG; bash -oe pipefail /tmp/scriptSZOwG.sh ; echo SCRIPT_FINISHEDSZOwG-$?-
SZOwG
Error setting cipher RC4
40B75D1C987F0000:error:0308010C:digital envelope routines:inner_evp_generic_fetch:unsupported:crypto/evp/evp_fetch.c:341:Global default library context, Algorithm (RC4 : 20), Properties ()
SCRIPT_FINISHEDSZOwG-0-
# cat > /tmp/scriptnKWfZ.sh << 'EOT_nKWfZ'; echo nKWfZ-$?-
> openssl enc -seed -e -pbkdf2 -in hello.txt -out hello.txt.enc -k pass1234 -md sha256 2>&1 || true
> EOT_nKWfZ
nKWfZ-0-
# echo nKWfZ; bash -oe pipefail /tmp/scriptnKWfZ.sh ; echo SCRIPT_FINISHEDnKWfZ-$?-
nKWfZ
Error setting cipher SEED-CBC
4007109C8D7F0000:error:0308010C:digital envelope routines:inner_evp_generic_fetch:unsupported:crypto/evp/evp_fetch.c:341:Global default library context, Algorithm (SEED-CBC : 60), Properties ()
SCRIPT_FINISHEDnKWfZ-0-
# cat > /tmp/scripteJhaK.sh << 'EOT_eJhaK'; echo eJhaK-$?-
> openssl enc -des -e -pbkdf2 -in hello.txt -out hello.txt.enc -k pass1234 -md sha256 2>&1 || true
> EOT_eJhaK
eJhaK-0-
# echo eJhaK; bash -oe pipefail /tmp/scripteJhaK.sh ; echo SCRIPT_FINISHEDeJhaK-$?-
eJhaK
Error setting cipher DES-CBC
4057BC5CBA7F0000:error:0308010C:digital envelope routines:inner_evp_generic_fetch:unsupported:crypto/evp/evp_fetch.c:341:Global default library context, Algorithm (DES-CBC : 9), Properties ()
SCRIPT_FINISHEDeJhaK-0-
# cat > /tmp/script_ztoN.sh << 'EOT__ztoN'; echo _ztoN-$?-
> openssl enc -desx -e -pbkdf2 -in hello.txt -out hello.txt.enc -k pass1234 -md sha256 2>&1 || true
> EOT__ztoN
_ztoN-0-
# echo _ztoN; bash -oe pipefail /tmp/script_ztoN.sh ; echo SCRIPT_FINISHED_ztoN-$?-
_ztoN
Error setting cipher DESX-CBC
40C7EDF8207F0000:error:0308010C:digital envelope routines:inner_evp_generic_fetch:unsupported:crypto/evp/evp_fetch.c:341:Global default library context, Algorithm (DESX-CBC : 0), Properties ()
SCRIPT_FINISHED_ztoN-0-
# cd - && rm -rf fips-test; echo f32fM-$?-
/root
f32fM-0-
# cd
# test -f /var/log/audit/audit.log; echo UfVk_-$?-
UfVk_-0-
# cat > /tmp/scriptOSm16.sh << 'EOT_OSm16'; echo OSm16-$?-
> ausearch -m avc -r
> EOT_OSm16
OSm16-0-
# echo OSm16; bash -oe pipefail /tmp/scriptOSm16.sh ; echo SCRIPT_FINISHEDOSm16-$?-
OSm16
type=AVC msg=audit(1716881454.717:99): avc:  denied  { map_read map_write } for  pid=2452 comm="systemd-fstab-g" scontext=system_u:system_r:systemd_fstab_generator_t:s0 tcontext=system_u:system_r:init_t:s0 tclass=bpf permissive=0
type=AVC msg=audit(1716881454.730:100): avc:  denied  { map_read map_write } for  pid=2455 comm="systemd-gpt-aut" scontext=system_u:system_r:systemd_gpt_generator_t:s0 tcontext=system_u:system_r:init_t:s0 tclass=bpf permissive=0
SCRIPT_FINISHEDOSm16-0-
# clear
# echo Hello > /tmp/hello.txt; echo UaYDr-$?-
UaYDr-0-
# openssl dgst -sha1 /tmp/hello.txt; echo qmtBZ-$?-
SHA1(/tmp/hello.txt)= 1d229271928d3f9e2bb0375bd6ce5db6c6d348d9
qmtBZ-0-
# openssl dgst -sha224 /tmp/hello.txt; echo dBwoT-$?-
SHA2-224(/tmp/hello.txt)= acbe28e133c6e7e8cc740d5c70875c995e0b5950aa010b25649eb540
dBwoT-0-
# openssl dgst -sha256 /tmp/hello.txt; echo anwG3-$?-
SHA2-256(/tmp/hello.txt)= 66a045b452102c59d840ec097d59d9467e13a3f34f6494e539ffd32c1bb35f18
anwG3-0-
# openssl dgst -sha384 /tmp/hello.txt; echo pb~zb-$?-
SHA2-384(/tmp/hello.txt)= 1d283e09aa7e597f2c0505c13f7c09eb4d4cd198fb7b144eeea2824cc59a046d9363b3f038abf7aa6bde7f8adaf561a4
pb~zb-0-
# openssl dgst -sha512 /tmp/hello.txt; echo MY8TE-$?-
SHA2-512(/tmp/hello.txt)= c2bad2223811194582af4d1508ac02cd69eeeeedeeb98d54fcae4dcefb13cc882e7640328206603d3fb9cd5f949a9be0db054dd34fbfa190c498a5fe09750cef
MY8TE-0-
# cat > /tmp/scriptOH2t7.sh << 'EOT_OH2t7'; echo OH2t7-$?-
> openssl dgst -md4 /tmp/hello.txt 2>&1 || true
> EOT_OH2t7
OH2t7-0-
# echo OH2t7; bash -oe pipefail /tmp/scriptOH2t7.sh ; echo SCRIPT_FINISHEDOH2t7-$?-
OH2t7
Error setting digest
407727E6337F0000:error:0308010C:digital envelope routines:inner_evp_generic_fetch:unsupported:crypto/evp/evp_fetch.c:341:Global default library context, Algorithm (MD4 : 93), Properties ()
407727E6337F0000:error:03000086:digital envelope routines:evp_md_init_internal:initialization error:crypto/evp/digest.c:272:
SCRIPT_FINISHEDOH2t7-0-
# cat > /tmp/script~jSnp.sh << 'EOT_~jSnp'; echo ~jSnp-$?-
> openssl dgst -md5 /tmp/hello.txt 2>&1 || true
> EOT_~jSnp
~jSnp-0-
# echo ~jSnp; bash -oe pipefail /tmp/script~jSnp.sh ; echo SCRIPT_FINISHED~jSnp-$?-
~jSnp
Error setting digest
409759C3397F0000:error:0308010C:digital envelope routines:inner_evp_generic_fetch:unsupported:crypto/evp/evp_fetch.c:341:Global default library context, Algorithm (MD5 : 94), Properties ()
409759C3397F0000:error:03000086:digital envelope routines:evp_md_init_internal:initialization error:crypto/evp/digest.c:272:
SCRIPT_FINISHED~jSnp-0-
# cat > /tmp/scriptfV6Fj.sh << 'EOT_fV6Fj'; echo fV6Fj-$?-
> openssl dgst -mdc2 /tmp/hello.txt 2>&1 || true
> EOT_fV6Fj
fV6Fj-0-
# echo fV6Fj; bash -oe pipefail /tmp/scriptfV6Fj.sh ; echo SCRIPT_FINISHEDfV6Fj-$?-
fV6Fj
dgst: Unknown option or message digest: mdc2
dgst: Use -help for summary.
4077BBCC037F0000:error:0308010C:digital envelope routines:inner_evp_generic_fetch:unsupported:crypto/evp/evp_fetch.c:341:Global default library context, Algorithm (mdc2 : 0), Properties (<null>)
SCRIPT_FINISHEDfV6Fj-0-
# cat > /tmp/scriptUqE~H.sh << 'EOT_UqE~H'; echo UqE~H-$?-
> openssl dgst -rmd160 /tmp/hello.txt 2>&1 || true
> EOT_UqE~H
UqE~H-0-
# echo UqE~H; bash -oe pipefail /tmp/scriptUqE~H.sh ; echo SCRIPT_FINISHEDUqE~H-$?-
UqE~H
Error setting digest
4037488F027F0000:error:0308010C:digital envelope routines:inner_evp_generic_fetch:unsupported:crypto/evp/evp_fetch.c:341:Global default library context, Algorithm (RIPEMD160 : 84), Properties ()
4037488F027F0000:error:03000086:digital envelope routines:evp_md_init_internal:initialization error:crypto/evp/digest.c:272:
SCRIPT_FINISHEDUqE~H-0-
# cat > /tmp/scriptUZxUQ.sh << 'EOT_UZxUQ'; echo UZxUQ-$?-
> openssl dgst -ripemd160 /tmp/hello.txt 2>&1 || true
> EOT_UZxUQ
UZxUQ-0-
# echo UZxUQ; bash -oe pipefail /tmp/scriptUZxUQ.sh ; echo SCRIPT_FINISHEDUZxUQ-$?-
UZxUQ
Error setting digest
403709965B7F0000:error:0308010C:digital envelope routines:inner_evp_generic_fetch:unsupported:crypto/evp/evp_fetch.c:341:Global default library context, Algorithm (RIPEMD160 : 84), Properties ()
403709965B7F0000:error:03000086:digital envelope routines:evp_md_init_internal:initialization error:crypto/evp/digest.c:272:
SCRIPT_FINISHEDUZxUQ-0-
# cat > /tmp/scriptlnQ_w.sh << 'EOT_lnQ_w'; echo lnQ_w-$?-
> openssl dgst -whirlpool /tmp/hello.txt 2>&1 || true
> EOT_lnQ_w
lnQ_w-0-
# echo lnQ_w; bash -oe pipefail /tmp/scriptlnQ_w.sh ; echo SCRIPT_FINISHEDlnQ_w-$?-
lnQ_w
Error setting digest
40D7EF57EE7F0000:error:0308010C:digital envelope routines:inner_evp_generic_fetch:unsupported:crypto/evp/evp_fetch.c:341:Global default library context, Algorithm (whirlpool : 91), Properties ()
40D7EF57EE7F0000:error:03000086:digital envelope routines:evp_md_init_internal:initialization error:crypto/evp/digest.c:272:
SCRIPT_FINISHEDlnQ_w-0-
# cat > /tmp/scriptylL9J.sh << 'EOT_ylL9J'; echo ylL9J-$?-
> openssl dgst -md5-sha1 /tmp/hello.txt 2>&1 || true
> EOT_ylL9J
ylL9J-0-
# echo ylL9J; bash -oe pipefail /tmp/scriptylL9J.sh ; echo SCRIPT_FINISHEDylL9J-$?-
ylL9J
Error setting digest
40F719331F7F0000:error:0308010C:digital envelope routines:inner_evp_generic_fetch:unsupported:crypto/evp/evp_fetch.c:341:Global default library context, Algorithm (MD5-SHA1 : 98), Properties ()
40F719331F7F0000:error:03000086:digital envelope routines:evp_md_init_internal:initialization error:crypto/evp/digest.c:272:
SCRIPT_FINISHEDylL9J-0-
# rm -f $tmp_file; echo Wfuih-$?-
Wfuih-0-
# cd
# test -f /var/log/audit/audit.log; echo UfVk_-$?-
UfVk_-0-
# cat > /tmp/scriptOSm16.sh << 'EOT_OSm16'; echo OSm16-$?-
> ausearch -m avc -r
> EOT_OSm16
OSm16-0-
# echo OSm16; bash -oe pipefail /tmp/scriptOSm16.sh ; echo SCRIPT_FINISHEDOSm16-$?-
OSm16
type=AVC msg=audit(1716881454.717:99): avc:  denied  { map_read map_write } for  pid=2452 comm="systemd-fstab-g" scontext=system_u:system_r:systemd_fstab_generator_t:s0 tcontext=system_u:system_r:init_t:s0 tclass=bpf permissive=0
type=AVC msg=audit(1716881454.730:100): avc:  denied  { map_read map_write } for  pid=2455 comm="systemd-gpt-aut" scontext=system_u:system_r:systemd_gpt_generator_t:s0 tcontext=system_u:system_r:init_t:s0 tclass=bpf permissive=0
SCRIPT_FINISHEDOSm16-0-
# clear
# cat > /tmp/scriptml9GU.sh << 'EOT_ml9GU'; echo ml9GU-$?-
> openssl version | awk '{print $2}'
> EOT_ml9GU
ml9GU-0-
# echo ml9GU; bash -oe pipefail /tmp/scriptml9GU.sh ; echo SCRIPT_FINISHEDml9GU-$?-
ml9GU
3.1.4
SCRIPT_FINISHEDml9GU-0-
# mkdir fips-test && cd fips-test && echo Hello > hello.txt; echo tbkH5-$?-
tbkH5-0-
# openssl dsaparam 2048 < /dev/random > dsaparam.pem; echo 2YUBQ-$?-
2YUBQ-0-
# openssl gendsa -out test-dsa-prikey-2048.pem dsaparam.pem; echo Cv~e~-$?-
Cv~e~-0-
# openssl dsa -in test-dsa-prikey-2048.pem -pubout -out test-dsa-pubkey-2048.pem; echo N3XLr-$?-
read DSA key
writing DSA key
N3XLr-0-
# openssl dgst -sha256 hello.txt | awk '{print $2}' > hello.txt.sha256; echo oVSIl-$?-
oVSIl-0-
# openssl dgst -sha256 -sign test-dsa-prikey-2048.pem hello.txt.sha256 > hello.txt.sha256.sig; echo BsfHv-$?-
BsfHv-0-
# cat > /tmp/script2_vG7.sh << 'EOT_2_vG7'; echo 2_vG7-$?-
> openssl dgst -sha256 -verify test-dsa-pubkey-2048.pem -signature hello.txt.sha256.sig hello.txt.sha256
> EOT_2_vG7
2_vG7-0-
# echo 2_vG7; bash -oe pipefail /tmp/script2_vG7.sh ; echo SCRIPT_FINISHED2_vG7-$?-
2_vG7
Could not read public key from test-dsa-pubkey-2048.pem
4077221A387F0000:error:1608010C:STORE routines:ossl_store_handle_load_result:unsupported:crypto/store/store_result.c:151:
4077221A387F0000:error:1608010C:STORE routines:ossl_store_handle_load_result:unsupported:crypto/store/store_result.c:151:
SCRIPT_FINISHED2_vG7-1-
# test -f /var/log/audit/audit.log; echo UfVk_-$?-
UfVk_-0-
# cat > /tmp/scriptOSm16.sh << 'EOT_OSm16'; echo OSm16-$?-
> ausearch -m avc -r
> EOT_OSm16
OSm16-0-
# echo OSm16; bash -oe pipefail /tmp/scriptOSm16.sh ; echo SCRIPT_FINISHEDOSm16-$?-
OSm16
type=AVC msg=audit(1716881454.717:99): avc:  denied  { map_read map_write } for  pid=2452 comm="systemd-fstab-g" scontext=system_u:system_r:systemd_fstab_generator_t:s0 tcontext=system_u:system_r:init_t:s0 tclass=bpf permissive=0
type=AVC msg=audit(1716881454.730:100): avc:  denied  { map_read map_write } for  pid=2455 comm="systemd-gpt-aut" scontext=system_u:system_r:systemd_gpt_generator_t:s0 tcontext=system_u:system_r:init_t:s0 tclass=bpf permissive=0
SCRIPT_FINISHEDOSm16-0-
# health_log_file="/tmp/basic_health_check.txt"; echo hBshn-$?-
hBshn-0-
# echo -e "free -h" > $health_log_file; echo P3uHl-$?-
P3uHl-0-
# free -h >> $health_log_file; echo UGhQ6-$?-
UGhQ6-0-
# echo -e "\nvmstat" >> $health_log_file; echo SYMGq-$?-
SYMGq-0-
# vmstat >> $health_log_file; echo TfL0p-$?-
TfL0p-0-
# echo -e "\nfdisk -l" >> $health_log_file; echo ~U3sH-$?-
~U3sH-0-
# fdisk -l >> $health_log_file; echo WW1fU-$?-
WW1fU-0-
# echo -e "\ndf -h" >> $health_log_file; echo kxwAy-$?-
kxwAy-0-
# df -h >> $health_log_file; echo 1_mje-$?-
1_mje-0-
# echo -e "\ndf -i" >> $health_log_file; echo f4Ojj-$?-
f4Ojj-0-
# df -i >> $health_log_file; echo J7OCU-$?-
J7OCU-0-
# echo -e "\nTop 10 CPU Processes" >> $health_log_file; echo D2fAb-$?-
D2fAb-0-
# ps axwwo %cpu,pid,user,cmd | sort -k 1 -r -n | head -11 | sed -e '/^%/d' >> $health_log_file; echo 6OJta-$?-
6OJta-0-
# echo -e "\nTop 10 Memory Processes" >> $health_log_file; echo hoz6T-$?-
hoz6T-0-
# ps axwwo %mem,pid,user,cmd | sort -k 1 -r -n | head -11 | sed -e '/^%/d' >> $health_log_file; echo JKupp-$?-
JKupp-0-
# echo -e "\nALL Processes" >> $health_log_file; echo 7T4tG-$?-
7T4tG-0-
# ps axwwo user,pid,ppid,%cpu,%mem,vsz,rss,stat,time,cmd >> $health_log_file; echo mGn4m-$?-
mGn4m-0-
# curl --form upload=@/tmp/basic_health_check.txt --form upname=openssl_pubkey_dsa-basic_health_check.txt http://10.0.2.2:20023/lhA1CcfywzJtEBUv/uploadlog/basic_health_check.txt; echo gUxYI-$?-
OK: openssl_pubkey_dsa-basic_health_check.txt
gUxYI-0-
# cat > /tmp/scriptGEhX~.sh << 'EOT_GEhX~'; echo GEhX~-$?-
> sed -n 's/^.*da / /p' /proc/diskstats | cut -d' ' -f10
> EOT_GEhX~
GEhX~-0-
# echo GEhX~; bash -oe pipefail /tmp/scriptGEhX~.sh ; echo SCRIPT_FINISHEDGEhX~-$?-
GEhX~
0
SCRIPT_FINISHEDGEhX~-0-
# touch /tmp/test_ro || mount -t tmpfs /dev/shm /tmp; echo EXCCX-$?-
EXCCX-0-
# cat /proc/loadavg | tee /tmp/loadavg.txt; echo KMvRE-$?-
1.78 0.66 0.24 2/112 1452
KMvRE-0-
# curl --form upload=@/tmp/loadavg.txt --form upname=openssl_pubkey_dsa-loadavg.txt http://10.0.2.2:20023/lhA1CcfywzJtEBUv/uploadlog/loadavg.txt; echo ~qq0j-$?-
OK: openssl_pubkey_dsa-loadavg.txt
~qq0j-0-
# ps axf | tee /tmp/psaxf.log; echo vcz2w-$?-
  PID TTY      STAT   TIME COMMAND
    2 ?        S      0:00 [kthreadd]
    3 ?        S      0:00  \_ [pool_workqueue_release]
    4 ?        I<     0:00  \_ [kworker/R-rcu_g]
    5 ?        I<     0:00  \_ [kworker/R-slub_]
    6 ?        I<     0:00  \_ [kworker/R-netns]
    7 ?        I      0:02  \_ [kworker/0:0-ata_sff]
    8 ?        I      0:00  \_ [kworker/0:1-events]
    9 ?        I<     0:00  \_ [kworker/0:0H-kblockd]
   10 ?        I      0:00  \_ [kworker/u4:0-btrfs-endio-write]
   11 ?        I<     0:00  \_ [kworker/R-mm_pe]
   12 ?        I      0:00  \_ [rcu_tasks_kthread]
   13 ?        I      0:00  \_ [rcu_tasks_rude_kthread]
   14 ?        I      0:00  \_ [rcu_tasks_trace_kthread]
   15 ?        S      0:00  \_ [ksoftirqd/0]
   16 ?        I      0:00  \_ [rcu_preempt]
   17 ?        S      0:00  \_ [rcu_exp_par_gp_kthread_worker/0]
   18 ?        S      0:00  \_ [rcu_exp_gp_kthread_worker]
   19 ?        S      0:00  \_ [migration/0]
   20 ?        S      0:00  \_ [idle_inject/0]
   21 ?        S      0:00  \_ [cpuhp/0]
   23 ?        S      0:00  \_ [kdevtmpfs]
   24 ?        I<     0:00  \_ [kworker/R-inet_]
   25 ?        S      0:00  \_ [kauditd]
   26 ?        I      0:00  \_ [kworker/u4:1-btrfs-endio]
   27 ?        S      0:00  \_ [khungtaskd]
   28 ?        S      0:00  \_ [oom_reaper]
   29 ?        I      0:00  \_ [kworker/u4:2-events_unbound]
   30 ?        I<     0:00  \_ [kworker/R-write]
   31 ?        S      0:00  \_ [kcompactd0]
   32 ?        SN     0:00  \_ [ksmd]
   33 ?        SN     0:00  \_ [khugepaged]
   34 ?        I<     0:00  \_ [kworker/R-kinte]
   35 ?        I<     0:00  \_ [kworker/R-kbloc]
   36 ?        I<     0:00  \_ [kworker/R-blkcg]
   37 ?        S      0:00  \_ [irq/9-acpi]
   38 ?        I<     0:00  \_ [kworker/R-tpm_d]
   39 ?        I<     0:00  \_ [kworker/R-edac-]
   40 ?        I<     0:00  \_ [kworker/R-devfr]
   41 ?        S      0:00  \_ [watchdogd]
   42 ?        I<     0:00  \_ [kworker/0:1H-kblockd]
   43 ?        S      0:00  \_ [kswapd0]
   50 ?        I<     0:00  \_ [kworker/R-kthro]
   54 ?        S      0:00  \_ [khvcd]
   55 ?        I<     0:00  \_ [kworker/R-mld]
   56 ?        I<     0:00  \_ [kworker/R-ipv6_]
   61 ?        I<     0:00  \_ [kworker/R-kstrp]
   62 ?        I<     0:00  \_ [kworker/u5:0]
  128 ?        I<     0:00  \_ [kworker/R-charg]
  131 ?        S      0:00  \_ [hwrng]
  133 ?        I      0:03  \_ [kworker/0:2-cgroup_destroy]
  186 ?        I      0:00  \_ [kworker/0:3-events]
  335 ?        I<     0:00  \_ [kworker/R-crypt]
  448 ?        I      0:00  \_ [kworker/u4:3-btrfs-endio-write]
  578 ?        I<     0:00  \_ [kworker/R-ttm]
  582 ?        S      0:00  \_ [scsi_eh_0]
  583 ?        I<     0:00  \_ [kworker/R-scsi_]
  585 ?        I<     0:00  \_ [kworker/R-ata_s]
  594 ?        S      0:00  \_ [scsi_eh_1]
  596 ?        I<     0:00  \_ [kworker/R-scsi_]
  597 ?        S      0:00  \_ [scsi_eh_2]
  598 ?        I<     0:00  \_ [kworker/R-scsi_]
  615 ?        I<     0:00  \_ [kworker/0:2H-kblockd]
  625 ?        I      0:01  \_ [kworker/0:4-events]
  637 ?        I<     0:00  \_ [kworker/R-btrfs]
  638 ?        I<     0:00  \_ [kworker/R-btrfs]
  639 ?        I<     0:00  \_ [kworker/R-btrfs]
  640 ?        I<     0:00  \_ [kworker/R-btrfs]
  641 ?        I<     0:00  \_ [kworker/R-btrfs]
  642 ?        I<     0:00  \_ [kworker/R-btrfs]
  643 ?        I<     0:00  \_ [kworker/R-btrfs]
  644 ?        I<     0:00  \_ [kworker/R-btrfs]
  645 ?        I<     0:00  \_ [kworker/R-btrfs]
  646 ?        I<     0:00  \_ [kworker/R-btrfs]
  647 ?        I<     0:00  \_ [kworker/R-btrfs]
  648 ?        I<     0:00  \_ [kworker/R-btrfs]
  649 ?        I<     0:00  \_ [kworker/R-btrfs]
  650 ?        S      0:00  \_ [btrfs-cleaner]
  651 ?        S      0:00  \_ [btrfs-transaction]
  761 ?        I      0:00  \_ [kworker/0:5-cgroup_destroy]
 1348 ?        I      0:00  \_ [kworker/u4:4-btrfs-endio]
    1 ?        Ss     0:01 /usr/lib/systemd/systemd --switched-root --system --deserialize=36
  796 ?        Ss     0:00 /usr/lib/systemd/systemd-journald
  835 ?        Ss     0:00 /usr/lib/systemd/systemd-udevd
  945 ?        S<sl   0:00 /sbin/auditd
  954 ?        Ss     0:00 /usr/bin/dbus-daemon --system --address=systemd: --nofork --nopidfile --systemd-activation --syslog-only
  958 ?        Ssl    0:00 /usr/libexec/polkit-1/polkitd --no-debug
  959 ?        Ss     0:00 /usr/lib/systemd/systemd-logind
 1011 ?        Ssl    0:00 /usr/sbin/NetworkManager --no-daemon
 1016 ?        Ss     0:00 /usr/sbin/rebootmgrd --verbose
 1038 ?        Ssl    0:00 /usr/sbin/ModemManager
 1125 ?        S      0:00 /usr/sbin/chronyd
 1212 tty1     Ss+    0:00 /sbin/agetty -o -p -- \u --noclear - linux
 1216 ?        Ss     0:00 login -- root
 1362 hvc0     Ss     0:00  \_ /bin/bash
 1454 hvc0     R+     0:00      \_ ps axf
 1455 hvc0     S+     0:00      \_ tee /tmp/psaxf.log
 1218 ttyS0    Ss+    0:00 /sbin/agetty -o -p -- \u --keep-baud 115200,57600,38400,9600 - vt220
 1302 ?        Ss     0:00 login -- root
 1320 tty2     Ss+    0:00  \_ -bash
 1309 ?        Ss     0:00 /usr/lib/systemd/systemd --user
 1311 ?        S      0:00  \_ (sd-pam)
vcz2w-0-
# curl --form upload=@/tmp/psaxf.log --form upname=openssl_pubkey_dsa-psaxf.log http://10.0.2.2:20023/lhA1CcfywzJtEBUv/uploadlog/psaxf.log; echo i1ivj-$?-
OK: openssl_pubkey_dsa-psaxf.log
i1ivj-0-
# journalctl -b -o short-precise | tee /tmp/journal.log; echo Z~oyj-$?-
May 28 07:34:21.319734 localhost kernel: Linux version 6.9.1-1-default (geeko@buildhost) (gcc (SUSE Linux) 13.2.1 20240509 [revision b7a2697733d19a093cbdd0e200ffce069a4bc812], GNU ld (GNU Binutils; openSUSE Tumbleweed) 2.42.0.20240130-3) #1 SMP PREEMPT_DYNAMIC Fri May 17 11:59:46 UTC 2024 (0c0b0b5)
May 28 07:34:21.319754 localhost kernel: Command line: BOOT_IMAGE=/boot/vmlinuz-6.9.1-1-default root=UUID=8bc5a620-43f2-4cb4-bc93-ae33026e601c rd.timeout=60 rd.retry=45 quiet systemd.show_status=yes console=ttyS0,115200 console=tty0 ignition.platform.id=qemu security=selinux selinux=1 fips=1
May 28 07:34:21.319762 localhost kernel: BIOS-provided physical RAM map:
May 28 07:34:21.319768 localhost kernel: BIOS-e820: [mem 0x0000000000000000-0x000000000009fbff] usable
May 28 07:34:21.319773 localhost kernel: BIOS-e820: [mem 0x000000000009fc00-0x000000000009ffff] reserved
May 28 07:34:21.319779 localhost kernel: BIOS-e820: [mem 0x00000000000f0000-0x00000000000fffff] reserved
May 28 07:34:21.319785 localhost kernel: BIOS-e820: [mem 0x0000000000100000-0x000000003ffd8fff] usable
May 28 07:34:21.319790 localhost kernel: BIOS-e820: [mem 0x000000003ffd9000-0x000000003fffffff] reserved
May 28 07:34:21.319795 localhost kernel: BIOS-e820: [mem 0x00000000feffc000-0x00000000feffffff] reserved
May 28 07:34:21.319800 localhost kernel: BIOS-e820: [mem 0x00000000fffc0000-0x00000000ffffffff] reserved
May 28 07:34:21.319805 localhost kernel: BIOS-e820: [mem 0x000000fd00000000-0x000000ffffffffff] reserved
May 28 07:34:21.319810 localhost kernel: NX (Execute Disable) protection: active
May 28 07:34:21.319815 localhost kernel: APIC: Static calls initialized
May 28 07:34:21.319821 localhost kernel: SMBIOS 2.8 present.
May 28 07:34:21.319828 localhost kernel: DMI: QEMU Standard PC (i440FX + PIIX, 1996), BIOS rel-1.16.0-0-gd239552c-rebuilt.opensuse.org 04/01/2014
May 28 07:34:21.319833 localhost kernel: Hypervisor detected: KVM
May 28 07:34:21.319838 localhost kernel: kvm-clock: Using msrs 4b564d01 and 4b564d00
May 28 07:34:21.319843 localhost kernel: kvm-clock: using sched offset of 332585703746 cycles
May 28 07:34:21.319848 localhost kernel: clocksource: kvm-clock: mask: 0xffffffffffffffff max_cycles: 0x1cd42e4dffb, max_idle_ns: 881590591483 ns
May 28 07:34:21.319854 localhost kernel: tsc: Detected 2199.998 MHz processor
May 28 07:34:21.319859 localhost kernel: e820: update [mem 0x00000000-0x00000fff] usable ==> reserved
May 28 07:34:21.319865 localhost kernel: e820: remove [mem 0x000a0000-0x000fffff] usable
May 28 07:34:21.319872 localhost kernel: last_pfn = 0x3ffd9 max_arch_pfn = 0x400000000
May 28 07:34:21.319878 localhost kernel: MTRR map: 4 entries (3 fixed + 1 variable; max 19), built from 8 variable MTRRs
May 28 07:34:21.319883 localhost kernel: x86/PAT: Configuration [0-7]: WB  WC  UC- UC  WB  WP  UC- WT  
May 28 07:34:21.319888 localhost kernel: found SMP MP-table at [mem 0x000f5b40-0x000f5b4f]
May 28 07:34:21.319893 localhost kernel: Using GB pages for direct mapping
May 28 07:34:21.319899 localhost kernel: RAMDISK: [mem 0x351bb000-0x368d4fff]
May 28 07:34:21.319904 localhost kernel: ACPI: Early table checksum verification disabled
May 28 07:34:21.319909 localhost kernel: ACPI: RSDP 0x00000000000F5960 000014 (v00 BOCHS )
May 28 07:34:21.319914 localhost kernel: ACPI: RSDT 0x000000003FFE18F4 000034 (v01 BOCHS  BXPC     00000001 BXPC 00000001)
May 28 07:34:21.319920 localhost kernel: ACPI: FACP 0x000000003FFE17A8 000074 (v01 BOCHS  BXPC     00000001 BXPC 00000001)
May 28 07:34:21.319925 localhost kernel: ACPI: DSDT 0x000000003FFE0040 001768 (v01 BOCHS  BXPC     00000001 BXPC 00000001)
May 28 07:34:21.319930 localhost kernel: ACPI: FACS 0x000000003FFE0000 000040
May 28 07:34:21.319937 localhost kernel: ACPI: APIC 0x000000003FFE181C 000078 (v01 BOCHS  BXPC     00000001 BXPC 00000001)
May 28 07:34:21.319942 localhost kernel: ACPI: HPET 0x000000003FFE1894 000038 (v01 BOCHS  BXPC     00000001 BXPC 00000001)
May 28 07:34:21.319948 localhost kernel: ACPI: WAET 0x000000003FFE18CC 000028 (v01 BOCHS  BXPC     00000001 BXPC 00000001)
May 28 07:34:21.319953 localhost kernel: ACPI: Reserving FACP table memory at [mem 0x3ffe17a8-0x3ffe181b]
May 28 07:34:21.319959 localhost kernel: ACPI: Reserving DSDT table memory at [mem 0x3ffe0040-0x3ffe17a7]
May 28 07:34:21.319965 localhost kernel: ACPI: Reserving FACS table memory at [mem 0x3ffe0000-0x3ffe003f]
May 28 07:34:21.319973 localhost kernel: ACPI: Reserving APIC table memory at [mem 0x3ffe181c-0x3ffe1893]
May 28 07:34:21.319978 localhost kernel: ACPI: Reserving HPET table memory at [mem 0x3ffe1894-0x3ffe18cb]
May 28 07:34:21.319983 localhost kernel: ACPI: Reserving WAET table memory at [mem 0x3ffe18cc-0x3ffe18f3]
May 28 07:34:21.319988 localhost kernel: No NUMA configuration found
May 28 07:34:21.319994 localhost kernel: Faking a node at [mem 0x0000000000000000-0x000000003ffd8fff]
May 28 07:34:21.319999 localhost kernel: NODE_DATA(0) allocated [mem 0x3ffae000-0x3ffd8fff]
May 28 07:34:21.320004 localhost kernel: Zone ranges:
May 28 07:34:21.320010 localhost kernel:   DMA      [mem 0x0000000000001000-0x0000000000ffffff]
May 28 07:34:21.320015 localhost kernel:   DMA32    [mem 0x0000000001000000-0x000000003ffd8fff]
May 28 07:34:21.320022 localhost kernel:   Normal   empty
May 28 07:34:21.320027 localhost kernel:   Device   empty
May 28 07:34:21.320032 localhost kernel: Movable zone start for each node
May 28 07:34:21.320037 localhost kernel: Early memory node ranges
May 28 07:34:21.320043 localhost kernel:   node   0: [mem 0x0000000000001000-0x000000000009efff]
May 28 07:34:21.320048 localhost kernel:   node   0: [mem 0x0000000000100000-0x000000003ffd8fff]
May 28 07:34:21.320053 localhost kernel: Initmem setup node 0 [mem 0x0000000000001000-0x000000003ffd8fff]
May 28 07:34:21.320058 localhost kernel: On node 0, zone DMA: 1 pages in unavailable ranges
May 28 07:34:21.320064 localhost kernel: On node 0, zone DMA: 97 pages in unavailable ranges
May 28 07:34:21.320069 localhost kernel: On node 0, zone DMA32: 39 pages in unavailable ranges
May 28 07:34:21.320074 localhost kernel: ACPI: PM-Timer IO Port: 0x608
May 28 07:34:21.320079 localhost kernel: ACPI: LAPIC_NMI (acpi_id[0xff] dfl dfl lint[0x1])
May 28 07:34:21.320084 localhost kernel: IOAPIC[0]: apic_id 0, version 17, address 0xfec00000, GSI 0-23
May 28 07:34:21.320091 localhost kernel: ACPI: INT_SRC_OVR (bus 0 bus_irq 0 global_irq 2 dfl dfl)
May 28 07:34:21.320097 localhost kernel: ACPI: INT_SRC_OVR (bus 0 bus_irq 5 global_irq 5 high level)
May 28 07:34:21.320102 localhost kernel: ACPI: INT_SRC_OVR (bus 0 bus_irq 9 global_irq 9 high level)
May 28 07:34:21.320107 localhost kernel: ACPI: INT_SRC_OVR (bus 0 bus_irq 10 global_irq 10 high level)
May 28 07:34:21.320112 localhost kernel: ACPI: INT_SRC_OVR (bus 0 bus_irq 11 global_irq 11 high level)
May 28 07:34:21.320117 localhost kernel: ACPI: Using ACPI (MADT) for SMP configuration information
May 28 07:34:21.320123 localhost kernel: ACPI: HPET id: 0x8086a201 base: 0xfed00000
May 28 07:34:21.320128 localhost kernel: TSC deadline timer available
May 28 07:34:21.320133 localhost kernel: CPU topo: Max. logical packages:   1
May 28 07:34:21.320138 localhost kernel: CPU topo: Max. logical dies:       1
May 28 07:34:21.320143 localhost kernel: CPU topo: Max. dies per package:   1
May 28 07:34:21.320148 localhost kernel: CPU topo: Max. threads per core:   1
May 28 07:34:21.320156 localhost kernel: CPU topo: Num. cores per package:     1
May 28 07:34:21.320161 localhost kernel: CPU topo: Num. threads per package:   1
May 28 07:34:21.320166 localhost kernel: CPU topo: Allowing 1 present CPUs plus 0 hotplug CPUs
May 28 07:34:21.320171 localhost kernel: kvm-guest: APIC: eoi() replaced with kvm_guest_apic_eoi_write()
May 28 07:34:21.320176 localhost kernel: PM: hibernation: Registered nosave memory: [mem 0x00000000-0x00000fff]
May 28 07:34:21.320182 localhost kernel: PM: hibernation: Registered nosave memory: [mem 0x0009f000-0x0009ffff]
May 28 07:34:21.320187 localhost kernel: PM: hibernation: Registered nosave memory: [mem 0x000a0000-0x000effff]
May 28 07:34:21.320192 localhost kernel: PM: hibernation: Registered nosave memory: [mem 0x000f0000-0x000fffff]
May 28 07:34:21.320197 localhost kernel: [mem 0x40000000-0xfeffbfff] available for PCI devices
May 28 07:34:21.320202 localhost kernel: Booting paravirtualized kernel on KVM
May 28 07:34:21.320208 localhost kernel: clocksource: refined-jiffies: mask: 0xffffffff max_cycles: 0xffffffff, max_idle_ns: 6370452778343963 ns
May 28 07:34:21.320213 localhost kernel: setup_percpu: NR_CPUS:8192 nr_cpumask_bits:1 nr_cpu_ids:1 nr_node_ids:1
May 28 07:34:21.320220 localhost kernel: percpu: Embedded 72 pages/cpu s258048 r8192 d28672 u2097152
May 28 07:34:21.320226 localhost kernel: pcpu-alloc: s258048 r8192 d28672 u2097152 alloc=1*2097152
May 28 07:34:21.320231 localhost kernel: pcpu-alloc: [0] 0 
May 28 07:34:21.320236 localhost kernel: kvm-guest: PV spinlocks disabled, single CPU
May 28 07:34:21.320242 localhost kernel: Kernel command line: BOOT_IMAGE=/boot/vmlinuz-6.9.1-1-default root=UUID=8bc5a620-43f2-4cb4-bc93-ae33026e601c rd.timeout=60 rd.retry=45 quiet systemd.show_status=yes console=ttyS0,115200 console=tty0 ignition.platform.id=qemu security=selinux selinux=1 fips=1
May 28 07:34:21.320247 localhost kernel: fips mode: enabled
May 28 07:34:21.320253 localhost kernel: Unknown kernel command line parameters "BOOT_IMAGE=/boot/vmlinuz-6.9.1-1-default", will be passed to user space.
May 28 07:34:21.320258 localhost kernel: random: crng init done
May 28 07:34:21.320263 localhost kernel: Dentry cache hash table entries: 131072 (order: 8, 1048576 bytes, linear)
May 28 07:34:21.320268 localhost kernel: Inode-cache hash table entries: 65536 (order: 7, 524288 bytes, linear)
May 28 07:34:21.320274 localhost kernel: Fallback order for Node 0: 0 
May 28 07:34:21.320281 localhost kernel: Built 1 zonelists, mobility grouping on.  Total pages: 257753
May 28 07:34:21.320286 localhost kernel: Policy zone: DMA32
May 28 07:34:21.320291 localhost kernel: mem auto-init: stack:off, heap alloc:off, heap free:off
May 28 07:34:21.320297 localhost kernel: Memory: 260860K/1048028K available (16384K kernel code, 3000K rwdata, 13020K rodata, 4224K init, 4384K bss, 89908K reserved, 0K cma-reserved)
May 28 07:34:21.320302 localhost kernel: SLUB: HWalign=64, Order=0-3, MinObjects=0, CPUs=1, Nodes=1
May 28 07:34:21.320307 localhost kernel: ftrace: allocating 47505 entries in 186 pages
May 28 07:34:21.320313 localhost kernel: ftrace: allocated 186 pages with 5 groups
May 28 07:34:21.320318 localhost kernel: Dynamic Preempt: voluntary
May 28 07:34:21.320323 localhost kernel: rcu: Preemptible hierarchical RCU implementation.
May 28 07:34:21.320329 localhost kernel: rcu:         RCU event tracing is enabled.
May 28 07:34:21.320334 localhost kernel: rcu:         RCU restricting CPUs from NR_CPUS=8192 to nr_cpu_ids=1.
May 28 07:34:21.320340 localhost kernel:         Trampoline variant of Tasks RCU enabled.
May 28 07:34:21.320347 localhost kernel:         Rude variant of Tasks RCU enabled.
May 28 07:34:21.320352 localhost kernel:         Tracing variant of Tasks RCU enabled.
May 28 07:34:21.320358 localhost kernel: rcu: RCU calculated value of scheduler-enlistment delay is 30 jiffies.
May 28 07:34:21.320363 localhost kernel: rcu: Adjusting geometry for rcu_fanout_leaf=16, nr_cpu_ids=1
May 28 07:34:21.320368 localhost kernel: RCU Tasks: Setting shift to 0 and lim to 1 rcu_task_cb_adjust=1.
May 28 07:34:21.320373 localhost kernel: RCU Tasks Rude: Setting shift to 0 and lim to 1 rcu_task_cb_adjust=1.
May 28 07:34:21.320379 localhost kernel: RCU Tasks Trace: Setting shift to 0 and lim to 1 rcu_task_cb_adjust=1.
May 28 07:34:21.320384 localhost kernel: NR_IRQS: 524544, nr_irqs: 256, preallocated irqs: 16
May 28 07:34:21.320389 localhost kernel: rcu: srcu_init: Setting srcu_struct sizes based on contention.
May 28 07:34:21.320399 localhost kernel: Console: colour dummy device 80x25
May 28 07:34:21.320404 localhost kernel: printk: legacy console [tty0] enabled
May 28 07:34:21.320409 localhost kernel: printk: legacy console [ttyS0] enabled
May 28 07:34:21.320414 localhost kernel: ACPI: Core revision 20230628
May 28 07:34:21.320420 localhost kernel: clocksource: hpet: mask: 0xffffffff max_cycles: 0xffffffff, max_idle_ns: 19112604467 ns
May 28 07:34:21.320427 localhost kernel: APIC: Switch to symmetric I/O mode setup
May 28 07:34:21.320432 localhost kernel: x2apic enabled
May 28 07:34:21.320437 localhost kernel: APIC: Switched APIC routing to: physical x2apic
May 28 07:34:21.320443 localhost kernel: ..TIMER: vector=0x30 apic1=0 pin1=2 apic2=-1 pin2=-1
May 28 07:34:21.320448 localhost kernel: clocksource: tsc-early: mask: 0xffffffffffffffff max_cycles: 0x1fb63109b96, max_idle_ns: 440795265316 ns
May 28 07:34:21.320453 localhost kernel: Calibrating delay loop (skipped) preset value.. 4401.32 BogoMIPS (lpj=7333326)
May 28 07:34:21.320459 localhost kernel: x86/cpu: User Mode Instruction Prevention (UMIP) activated
May 28 07:34:21.320464 localhost kernel: Last level iTLB entries: 4KB 512, 2MB 255, 4MB 127
May 28 07:34:21.320471 localhost kernel: Last level dTLB entries: 4KB 512, 2MB 255, 4MB 127, 1GB 0
May 28 07:34:21.320476 localhost kernel: Spectre V1 : Mitigation: usercopy/swapgs barriers and __user pointer sanitization
May 28 07:34:21.320482 localhost kernel: Spectre V2 : Mitigation: Retpolines
May 28 07:34:21.320487 localhost kernel: Spectre V2 : Spectre v2 / SpectreRSB mitigation: Filling RSB on context switch
May 28 07:34:21.320492 localhost kernel: Spectre V2 : Spectre v2 / SpectreRSB : Filling RSB on VMEXIT
May 28 07:34:21.320498 localhost kernel: Spectre V2 : Enabling Restricted Speculation for firmware calls
May 28 07:34:21.320503 localhost kernel: Spectre V2 : mitigation: Enabling conditional Indirect Branch Prediction Barrier
May 28 07:34:21.320508 localhost kernel: Speculative Store Bypass: Mitigation: Speculative Store Bypass disabled via prctl
May 28 07:34:21.320514 localhost kernel: Speculative Return Stack Overflow: IBPB-extending microcode not applied!
May 28 07:34:21.320519 localhost kernel: Speculative Return Stack Overflow: WARNING: See https://kernel.org/doc/html/latest/admin-guide/hw-vuln/srso.html for mitigation options.
May 28 07:34:21.320525 localhost kernel: Speculative Return Stack Overflow: Vulnerable: Safe RET, no microcode
May 28 07:34:21.320532 localhost kernel: x86/fpu: Supporting XSAVE feature 0x001: 'x87 floating point registers'
May 28 07:34:21.320537 localhost kernel: x86/fpu: Supporting XSAVE feature 0x002: 'SSE registers'
May 28 07:34:21.320542 localhost kernel: x86/fpu: Supporting XSAVE feature 0x004: 'AVX registers'
May 28 07:34:21.320548 localhost kernel: x86/fpu: Supporting XSAVE feature 0x200: 'Protection Keys User registers'
May 28 07:34:21.320553 localhost kernel: x86/fpu: xstate_offset[2]:  576, xstate_sizes[2]:  256
May 28 07:34:21.320558 localhost kernel: x86/fpu: xstate_offset[9]:  832, xstate_sizes[9]:    8
May 28 07:34:21.320564 localhost kernel: x86/fpu: Enabled xstate features 0x207, context size is 840 bytes, using 'compacted' format.
May 28 07:34:21.320569 localhost kernel: Freeing SMP alternatives memory: 40K
May 28 07:34:21.320574 localhost kernel: pid_max: default: 32768 minimum: 301
May 28 07:34:21.320579 localhost kernel: LSM: initializing lsm=lockdown,capability,landlock,yama,selinux,bpf,ima,evm
May 28 07:34:21.320585 localhost kernel: landlock: Up and running.
May 28 07:34:21.320590 localhost kernel: Yama: becoming mindful.
May 28 07:34:21.320597 localhost kernel: SELinux:  Initializing.
May 28 07:34:21.320602 localhost kernel: LSM support for eBPF active
May 28 07:34:21.320607 localhost kernel: Mount-cache hash table entries: 2048 (order: 2, 16384 bytes, linear)
May 28 07:34:21.320613 localhost kernel: Mountpoint-cache hash table entries: 2048 (order: 2, 16384 bytes, linear)
May 28 07:34:21.320618 localhost kernel: smpboot: CPU0: AMD EPYC 7773X 64-Core Processor (family: 0x19, model: 0x1, stepping: 0x2)
May 28 07:34:21.320623 localhost kernel: Performance Events: Fam17h+ core perfctr, AMD PMU driver.
May 28 07:34:21.320628 localhost kernel: ... version:                0
May 28 07:34:21.320633 localhost kernel: ... bit width:              48
May 28 07:34:21.320639 localhost kernel: ... generic registers:      6
May 28 07:34:21.320644 localhost kernel: ... value mask:             0000ffffffffffff
May 28 07:34:21.320649 localhost kernel: ... max period:             00007fffffffffff
May 28 07:34:21.320654 localhost kernel: ... fixed-purpose events:   0
May 28 07:34:21.320661 localhost kernel: ... event mask:             000000000000003f
May 28 07:34:21.320666 localhost kernel: signal: max sigframe size: 3376
May 28 07:34:21.320672 localhost kernel: rcu: Hierarchical SRCU implementation.
May 28 07:34:21.320677 localhost kernel: rcu:         Max phase no-delay instances is 1000.
May 28 07:34:21.320682 localhost kernel: smp: Bringing up secondary CPUs ...
May 28 07:34:21.320687 localhost kernel: smp: Brought up 1 node, 1 CPU
May 28 07:34:21.320693 localhost kernel: smpboot: Total of 1 processors activated (4401.32 BogoMIPS)
May 28 07:34:21.320698 localhost kernel: node 0 deferred pages initialised in 4ms
May 28 07:34:21.320703 localhost kernel: devtmpfs: initialized
May 28 07:34:21.320708 localhost kernel: x86/mm: Memory block size: 128MB
May 28 07:34:21.320713 localhost kernel: clocksource: jiffies: mask: 0xffffffff max_cycles: 0xffffffff, max_idle_ns: 6370867519511994 ns
May 28 07:34:21.320719 localhost kernel: futex hash table entries: 256 (order: 2, 16384 bytes, linear)
May 28 07:34:21.320726 localhost kernel: pinctrl core: initialized pinctrl subsystem
May 28 07:34:21.320731 localhost kernel: PM: RTC time: 07:34:19, date: 2024-05-28
May 28 07:34:21.320736 localhost kernel: NET: Registered PF_NETLINK/PF_ROUTE protocol family
May 28 07:34:21.320742 localhost kernel: DMA: preallocated 128 KiB GFP_KERNEL pool for atomic allocations
May 28 07:34:21.320747 localhost kernel: DMA: preallocated 128 KiB GFP_KERNEL|GFP_DMA pool for atomic allocations
May 28 07:34:21.320752 localhost kernel: DMA: preallocated 128 KiB GFP_KERNEL|GFP_DMA32 pool for atomic allocations
May 28 07:34:21.320757 localhost kernel: audit: initializing netlink subsys (disabled)
May 28 07:34:21.320763 localhost kernel: audit: type=2000 audit(1716881659.300:1): state=initialized audit_enabled=0 res=1
May 28 07:34:21.320768 localhost kernel: thermal_sys: Registered thermal governor 'fair_share'
May 28 07:34:21.320773 localhost kernel: thermal_sys: Registered thermal governor 'bang_bang'
May 28 07:34:21.320778 localhost kernel: thermal_sys: Registered thermal governor 'step_wise'
May 28 07:34:21.320784 localhost kernel: thermal_sys: Registered thermal governor 'user_space'
May 28 07:34:21.320791 localhost kernel: cpuidle: using governor ladder
May 28 07:34:21.320796 localhost kernel: cpuidle: using governor menu
May 28 07:34:21.320801 localhost kernel: acpiphp: ACPI Hot Plug PCI Controller Driver version: 0.5
May 28 07:34:21.320806 localhost kernel: PCI: Using configuration type 1 for base access
May 28 07:34:21.320812 localhost kernel: PCI: Using configuration type 1 for extended access
May 28 07:34:21.320817 localhost kernel: kprobes: kprobe jump-optimization is enabled. All kprobes are optimized if possible.
May 28 07:34:21.320822 localhost kernel: HugeTLB: registered 1.00 GiB page size, pre-allocated 0 pages
May 28 07:34:21.320828 localhost kernel: HugeTLB: 16380 KiB vmemmap can be freed for a 1.00 GiB page
May 28 07:34:21.320833 localhost kernel: HugeTLB: registered 2.00 MiB page size, pre-allocated 0 pages
May 28 07:34:21.320838 localhost kernel: HugeTLB: 28 KiB vmemmap can be freed for a 2.00 MiB page
May 28 07:34:21.320843 localhost kernel: Demotion targets for Node 0: null
May 28 07:34:21.320848 localhost kernel: ACPI: Added _OSI(Module Device)
May 28 07:34:21.320855 localhost kernel: ACPI: Added _OSI(Processor Device)
May 28 07:34:21.320861 localhost kernel: ACPI: Added _OSI(3.0 _SCP Extensions)
May 28 07:34:21.320866 localhost kernel: ACPI: Added _OSI(Processor Aggregator Device)
May 28 07:34:21.320871 localhost kernel: ACPI: 1 ACPI AML tables successfully acquired and loaded
May 28 07:34:21.320876 localhost kernel: ACPI: _OSC evaluation for CPUs failed, trying _PDC
May 28 07:34:21.320881 localhost kernel: ACPI: Interpreter enabled
May 28 07:34:21.320886 localhost kernel: ACPI: PM: (supports S0 S3 S4 S5)
May 28 07:34:21.320892 localhost kernel: ACPI: Using IOAPIC for interrupt routing
May 28 07:34:21.320897 localhost kernel: PCI: Using host bridge windows from ACPI; if necessary, use "pci=nocrs" and report a bug
May 28 07:34:21.320902 localhost kernel: PCI: Using E820 reservations for host bridge windows
May 28 07:34:21.320907 localhost kernel: ACPI: Enabled 2 GPEs in block 00 to 0F
May 28 07:34:21.320913 localhost kernel: ACPI: PCI Root Bridge [PCI0] (domain 0000 [bus 00-ff])
May 28 07:34:21.329188 localhost kernel: acpi PNP0A03:00: _OSC: OS supports [ExtendedConfig ASPM ClockPM Segments MSI EDR HPX-Type3]
May 28 07:34:21.329203 localhost kernel: acpiphp: Slot [3] registered
May 28 07:34:21.329209 localhost kernel: acpiphp: Slot [4] registered
May 28 07:34:21.329215 localhost kernel: acpiphp: Slot [5] registered
May 28 07:34:21.329220 localhost kernel: acpiphp: Slot [6] registered
May 28 07:34:21.329225 localhost kernel: acpiphp: Slot [7] registered
May 28 07:34:21.329231 localhost kernel: acpiphp: Slot [8] registered
May 28 07:34:21.329236 localhost kernel: acpiphp: Slot [9] registered
May 28 07:34:21.329241 localhost kernel: acpiphp: Slot [10] registered
May 28 07:34:21.329247 localhost kernel: acpiphp: Slot [11] registered
May 28 07:34:21.329256 localhost kernel: acpiphp: Slot [12] registered
May 28 07:34:21.329261 localhost kernel: acpiphp: Slot [13] registered
May 28 07:34:21.329266 localhost kernel: acpiphp: Slot [14] registered
May 28 07:34:21.329271 localhost kernel: acpiphp: Slot [15] registered
May 28 07:34:21.329277 localhost kernel: acpiphp: Slot [16] registered
May 28 07:34:21.329282 localhost kernel: acpiphp: Slot [17] registered
May 28 07:34:21.329287 localhost kernel: acpiphp: Slot [18] registered
May 28 07:34:21.329292 localhost kernel: acpiphp: Slot [19] registered
May 28 07:34:21.329297 localhost kernel: acpiphp: Slot [20] registered
May 28 07:34:21.329303 localhost kernel: acpiphp: Slot [21] registered
May 28 07:34:21.329308 localhost kernel: acpiphp: Slot [22] registered
May 28 07:34:21.329313 localhost kernel: acpiphp: Slot [23] registered
May 28 07:34:21.329318 localhost kernel: acpiphp: Slot [24] registered
May 28 07:34:21.329326 localhost kernel: acpiphp: Slot [25] registered
May 28 07:34:21.329331 localhost kernel: acpiphp: Slot [26] registered
May 28 07:34:21.329336 localhost kernel: acpiphp: Slot [27] registered
May 28 07:34:21.329341 localhost kernel: acpiphp: Slot [28] registered
May 28 07:34:21.329346 localhost kernel: acpiphp: Slot [29] registered
May 28 07:34:21.329351 localhost kernel: acpiphp: Slot [30] registered
May 28 07:34:21.329357 localhost kernel: acpiphp: Slot [31] registered
May 28 07:34:21.329362 localhost kernel: PCI host bridge to bus 0000:00
May 28 07:34:21.329508 localhost kernel: pci_bus 0000:00: root bus resource [io  0x0000-0x0cf7 window]
May 28 07:34:21.329634 localhost kernel: pci_bus 0000:00: root bus resource [io  0x0d00-0xffff window]
May 28 07:34:21.329755 localhost kernel: pci_bus 0000:00: root bus resource [mem 0x000a0000-0x000bffff window]
May 28 07:34:21.329878 localhost kernel: pci_bus 0000:00: root bus resource [mem 0x40000000-0xfebfffff window]
May 28 07:34:21.330001 localhost kernel: pci_bus 0000:00: root bus resource [mem 0x100000000-0x17fffffff window]
May 28 07:34:21.330119 localhost kernel: pci_bus 0000:00: root bus resource [bus 00-ff]
May 28 07:34:21.330254 localhost kernel: pci 0000:00:00.0: [8086:1237] type 00 class 0x060000 conventional PCI endpoint
May 28 07:34:21.330376 localhost kernel: pci 0000:00:01.0: [8086:7000] type 00 class 0x060100 conventional PCI endpoint
May 28 07:34:21.330496 localhost kernel: pci 0000:00:01.1: [8086:7010] type 00 class 0x010180 conventional PCI endpoint
May 28 07:34:21.330605 localhost kernel: pci 0000:00:01.1: BAR 4 [io  0xc1c0-0xc1cf]
May 28 07:34:21.330714 localhost kernel: pci 0000:00:01.1: BAR 0 [io  0x01f0-0x01f7]: legacy IDE quirk
May 28 07:34:21.330827 localhost kernel: pci 0000:00:01.1: BAR 1 [io  0x03f6]: legacy IDE quirk
May 28 07:34:21.330935 localhost kernel: pci 0000:00:01.1: BAR 2 [io  0x0170-0x0177]: legacy IDE quirk
May 28 07:34:21.337781 localhost kernel: pci 0000:00:01.1: BAR 3 [io  0x0376]: legacy IDE quirk
May 28 07:34:21.337915 localhost kernel: pci 0000:00:01.3: [8086:7113] type 00 class 0x068000 conventional PCI endpoint
May 28 07:34:21.338035 localhost kernel: pci 0000:00:01.3: quirk: [io  0x0600-0x063f] claimed by PIIX4 ACPI
May 28 07:34:21.338146 localhost kernel: pci 0000:00:01.3: quirk: [io  0x0700-0x070f] claimed by PIIX4 SMB
May 28 07:34:21.338265 localhost kernel: pci 0000:00:02.0: [1234:1111] type 00 class 0x030000 conventional PCI endpoint
May 28 07:34:21.338382 localhost kernel: pci 0000:00:02.0: BAR 0 [mem 0xfd000000-0xfdffffff pref]
May 28 07:34:21.338490 localhost kernel: pci 0000:00:02.0: BAR 2 [mem 0xfebd8000-0xfebd8fff]
May 28 07:34:21.338604 localhost kernel: pci 0000:00:02.0: ROM [mem 0xfebc0000-0xfebcffff pref]
May 28 07:34:21.338711 localhost kernel: pci 0000:00:02.0: Video device with shadowed ROM at [mem 0x000c0000-0x000dffff]
May 28 07:34:21.338829 localhost kernel: pci 0000:00:03.0: [8086:2668] type 00 class 0x040300 conventional PCI endpoint
May 28 07:34:21.338937 localhost kernel: pci 0000:00:03.0: BAR 0 [mem 0xfebd0000-0xfebd3fff]
May 28 07:34:21.339070 localhost kernel: pci 0000:00:04.0: [1af4:1000] type 00 class 0x020000 conventional PCI endpoint
May 28 07:34:21.339182 localhost kernel: pci 0000:00:04.0: BAR 0 [io  0xc180-0xc19f]
May 28 07:34:21.339308 localhost kernel: pci 0000:00:04.0: BAR 1 [mem 0xfebd9000-0xfebd9fff]
May 28 07:34:21.339427 localhost kernel: pci 0000:00:04.0: BAR 4 [mem 0xfe000000-0xfe003fff 64bit pref]
May 28 07:34:21.339536 localhost kernel: pci 0000:00:04.0: ROM [mem 0xfeb80000-0xfebbffff pref]
May 28 07:34:21.339670 localhost kernel: pci 0000:00:05.0: [1af4:1005] type 00 class 0x00ff00 conventional PCI endpoint
May 28 07:34:21.339780 localhost kernel: pci 0000:00:05.0: BAR 0 [io  0xc1a0-0xc1bf]
May 28 07:34:21.339889 localhost kernel: pci 0000:00:05.0: BAR 4 [mem 0xfe004000-0xfe007fff 64bit pref]
May 28 07:34:21.340007 localhost kernel: pci 0000:00:06.0: [1b36:000d] type 00 class 0x0c0330 conventional PCI endpoint
May 28 07:34:21.340119 localhost kernel: pci 0000:00:06.0: BAR 0 [mem 0xfebd4000-0xfebd7fff 64bit]
May 28 07:34:21.340235 localhost kernel: pci 0000:00:07.0: [1af4:1003] type 00 class 0x078000 conventional PCI endpoint
May 28 07:34:21.340343 localhost kernel: pci 0000:00:07.0: BAR 0 [io  0xc100-0xc13f]
May 28 07:34:21.340450 localhost kernel: pci 0000:00:07.0: BAR 1 [mem 0xfebda000-0xfebdafff]
May 28 07:34:21.340562 localhost kernel: pci 0000:00:07.0: BAR 4 [mem 0xfe008000-0xfe00bfff 64bit pref]
May 28 07:34:21.340686 localhost kernel: pci 0000:00:08.0: [1af4:1004] type 00 class 0x010000 conventional PCI endpoint
May 28 07:34:21.340796 localhost kernel: pci 0000:00:08.0: BAR 0 [io  0xc140-0xc17f]
May 28 07:34:21.340905 localhost kernel: pci 0000:00:08.0: BAR 1 [mem 0xfebdb000-0xfebdbfff]
May 28 07:34:21.347736 localhost kernel: pci 0000:00:08.0: BAR 4 [mem 0xfe00c000-0xfe00ffff 64bit pref]
May 28 07:34:21.347891 localhost kernel: pci 0000:00:09.0: [1af4:1001] type 00 class 0x010000 conventional PCI endpoint
May 28 07:34:21.348009 localhost kernel: pci 0000:00:09.0: BAR 0 [io  0xc000-0xc07f]
May 28 07:34:21.348119 localhost kernel: pci 0000:00:09.0: BAR 1 [mem 0xfebdc000-0xfebdcfff]
May 28 07:34:21.348228 localhost kernel: pci 0000:00:09.0: BAR 4 [mem 0xfe010000-0xfe013fff 64bit pref]
May 28 07:34:21.348347 localhost kernel: pci 0000:00:0a.0: [1af4:1001] type 00 class 0x010000 conventional PCI endpoint
May 28 07:34:21.348462 localhost kernel: pci 0000:00:0a.0: BAR 0 [io  0xc080-0xc0ff]
May 28 07:34:21.348570 localhost kernel: pci 0000:00:0a.0: BAR 1 [mem 0xfebdd000-0xfebddfff]
May 28 07:34:21.348678 localhost kernel: pci 0000:00:0a.0: BAR 4 [mem 0xfe014000-0xfe017fff 64bit pref]
May 28 07:34:21.348686 localhost kernel: ACPI: PCI: Interrupt link LNKA configured for IRQ 10
May 28 07:34:21.348692 localhost kernel: ACPI: PCI: Interrupt link LNKB configured for IRQ 10
May 28 07:34:21.348697 localhost kernel: ACPI: PCI: Interrupt link LNKC configured for IRQ 11
May 28 07:34:21.348702 localhost kernel: ACPI: PCI: Interrupt link LNKD configured for IRQ 11
May 28 07:34:21.348707 localhost kernel: ACPI: PCI: Interrupt link LNKS configured for IRQ 9
May 28 07:34:21.348713 localhost kernel: iommu: Default domain type: Passthrough
May 28 07:34:21.348721 localhost kernel: pps_core: LinuxPPS API ver. 1 registered
May 28 07:34:21.348729 localhost kernel: pps_core: Software ver. 5.3.6 - Copyright 2005-2007 Rodolfo Giometti <giometti@linux.it>
May 28 07:34:21.348738 localhost kernel: PTP clock support registered
May 28 07:34:21.348747 localhost kernel: EDAC MC: Ver: 3.0.0
May 28 07:34:21.348754 localhost kernel: NetLabel: Initializing
May 28 07:34:21.348761 localhost kernel: NetLabel:  domain hash size = 128
May 28 07:34:21.348768 localhost kernel: NetLabel:  protocols = UNLABELED CIPSOv4 CALIPSO
May 28 07:34:21.348776 localhost kernel: NetLabel:  unlabeled traffic allowed by default
May 28 07:34:21.348783 localhost kernel: mctp: management component transport protocol core
May 28 07:34:21.348790 localhost kernel: NET: Registered PF_MCTP protocol family
May 28 07:34:21.348797 localhost kernel: PCI: Using ACPI for IRQ routing
May 28 07:34:21.348804 localhost kernel: PCI: pci_cache_line_size set to 64 bytes
May 28 07:34:21.348814 localhost kernel: e820: reserve RAM buffer [mem 0x0009fc00-0x0009ffff]
May 28 07:34:21.348822 localhost kernel: e820: reserve RAM buffer [mem 0x3ffd9000-0x3fffffff]
May 28 07:34:21.348959 localhost kernel: pci 0000:00:02.0: vgaarb: setting as boot VGA device
May 28 07:34:21.349095 localhost kernel: pci 0000:00:02.0: vgaarb: bridge control possible
May 28 07:34:21.349245 localhost kernel: pci 0000:00:02.0: vgaarb: VGA device added: decodes=io+mem,owns=io+mem,locks=none
May 28 07:34:21.349261 localhost kernel: vgaarb: loaded
May 28 07:34:21.349270 localhost kernel: hpet0: at MMIO 0xfed00000, IRQs 2, 8, 0
May 28 07:34:21.349278 localhost kernel: hpet0: 3 comparators, 64-bit 100.000000 MHz counter
May 28 07:34:21.349286 localhost kernel: clocksource: Switched to clocksource kvm-clock
May 28 07:34:21.349294 localhost kernel: VFS: Disk quotas dquot_6.6.0
May 28 07:34:21.349304 localhost kernel: VFS: Dquot-cache hash table entries: 512 (order 0, 4096 bytes)
May 28 07:34:21.349317 localhost kernel: pnp: PnP ACPI init
May 28 07:34:21.349474 localhost kernel: pnp 00:02: [dma 2]
May 28 07:34:21.349484 localhost kernel: pnp: PnP ACPI: found 6 devices
May 28 07:34:21.349490 localhost kernel: clocksource: acpi_pm: mask: 0xffffff max_cycles: 0xffffff, max_idle_ns: 2085701024 ns
May 28 07:34:21.349496 localhost kernel: NET: Registered PF_INET protocol family
May 28 07:34:21.349501 localhost kernel: IP idents hash table entries: 16384 (order: 5, 131072 bytes, linear)
May 28 07:34:21.349506 localhost kernel: tcp_listen_portaddr_hash hash table entries: 512 (order: 1, 8192 bytes, linear)
May 28 07:34:21.349511 localhost kernel: Table-perturb hash table entries: 65536 (order: 6, 262144 bytes, linear)
May 28 07:34:21.349517 localhost kernel: TCP established hash table entries: 8192 (order: 4, 65536 bytes, linear)
May 28 07:34:21.349522 localhost kernel: TCP bind hash table entries: 8192 (order: 6, 262144 bytes, linear)
May 28 07:34:21.349527 localhost kernel: TCP: Hash tables configured (established 8192 bind 8192)
May 28 07:34:21.349536 localhost kernel: MPTCP token hash table entries: 1024 (order: 2, 24576 bytes, linear)
May 28 07:34:21.349541 localhost kernel: UDP hash table entries: 512 (order: 2, 16384 bytes, linear)
May 28 07:34:21.349547 localhost kernel: UDP-Lite hash table entries: 512 (order: 2, 16384 bytes, linear)
May 28 07:34:21.349553 localhost kernel: NET: Registered PF_UNIX/PF_LOCAL protocol family
May 28 07:34:21.349562 localhost kernel: NET: Registered PF_XDP protocol family
May 28 07:34:21.349691 localhost kernel: pci_bus 0000:00: resource 4 [io  0x0000-0x0cf7 window]
May 28 07:34:21.349809 localhost kernel: pci_bus 0000:00: resource 5 [io  0x0d00-0xffff window]
May 28 07:34:21.349928 localhost kernel: pci_bus 0000:00: resource 6 [mem 0x000a0000-0x000bffff window]
May 28 07:34:21.350047 localhost kernel: pci_bus 0000:00: resource 7 [mem 0x40000000-0xfebfffff window]
May 28 07:34:21.350165 localhost kernel: pci_bus 0000:00: resource 8 [mem 0x100000000-0x17fffffff window]
May 28 07:34:21.350278 localhost kernel: pci 0000:00:01.0: PIIX3: Enabling Passive Release
May 28 07:34:21.350394 localhost kernel: pci 0000:00:00.0: Limiting direct PCI/PCI transfers
May 28 07:34:21.350403 localhost kernel: ACPI: \_SB_.LNKB: Enabled at IRQ 10
May 28 07:34:21.350514 localhost kernel: pci 0000:00:06.0: quirk_usb_early_handoff+0x0/0x710 took 76285 usecs
May 28 07:34:21.350521 localhost kernel: PCI: CLS 0 bytes, default 64
May 28 07:34:21.350527 localhost kernel: clocksource: tsc: mask: 0xffffffffffffffff max_cycles: 0x1fb63109b96, max_idle_ns: 440795265316 ns
May 28 07:34:21.350533 localhost kernel: Initialise system trusted keyrings
May 28 07:34:21.350548 localhost kernel: Key type blacklist registered
May 28 07:34:21.350555 localhost kernel: workingset: timestamp_bits=36 max_order=18 bucket_order=0
May 28 07:34:21.350561 localhost kernel: zbud: loaded
May 28 07:34:21.350566 localhost kernel: integrity: Platform Keyring initialized
May 28 07:34:21.350571 localhost kernel: integrity: Machine keyring initialized
May 28 07:34:21.350576 localhost kernel: alg: self-tests for sha3-256-generic (sha3-256) passed
May 28 07:34:21.350582 localhost kernel: Trying to unpack rootfs image as initramfs...
May 28 07:34:21.350587 localhost kernel: Key type asymmetric registered
May 28 07:34:21.350592 localhost kernel: Asymmetric key parser 'x509' registered
May 28 07:34:21.350597 localhost kernel: Freeing initrd memory: 23656K
May 28 07:34:21.350602 localhost kernel: alg: self-tests for sha256-generic (sha256) passed
May 28 07:34:21.350609 localhost kernel: alg: self-tests for hmac(sha256-generic) (hmac(sha256)) passed
May 28 07:34:21.350615 localhost kernel: alg: self-tests for CTR-KDF (hmac(sha256)) passed
May 28 07:34:21.350620 localhost kernel: Block layer SCSI generic (bsg) driver version 0.4 loaded (major 247)
May 28 07:34:21.350625 localhost kernel: io scheduler mq-deadline registered
May 28 07:34:21.350630 localhost kernel: io scheduler kyber registered
May 28 07:34:21.350636 localhost kernel: io scheduler bfq registered
May 28 07:34:21.350641 localhost kernel: alg: self-tests for crct10dif-generic (crct10dif) passed
May 28 07:34:21.350646 localhost kernel: alg: self-tests for crc64-rocksoft-generic (crc64-rocksoft) passed
May 28 07:34:21.350651 localhost kernel: alg: self-tests for sha1-generic (sha1) passed
May 28 07:34:21.350657 localhost kernel: shpchp: Standard Hot Plug PCI Controller Driver version: 0.4
May 28 07:34:21.350662 localhost kernel: ACPI: \_SB_.LNKD: Enabled at IRQ 11
May 28 07:34:21.350667 localhost kernel: ACPI: \_SB_.LNKA: Enabled at IRQ 10
May 28 07:34:21.350674 localhost kernel: ACPI: \_SB_.LNKC: Enabled at IRQ 11
May 28 07:34:21.350680 localhost kernel: Serial: 8250/16550 driver, 32 ports, IRQ sharing enabled
May 28 07:34:21.350685 localhost kernel: 00:04: ttyS0 at I/O 0x3f8 (irq = 4, base_baud = 115200) is a 16550A
May 28 07:34:21.350690 localhost kernel: Non-volatile memory driver v1.3
May 28 07:34:21.350697 localhost kernel: Linux agpgart interface v0.103
May 28 07:34:21.350702 localhost kernel: ACPI: bus type drm_connector registered
May 28 07:34:21.350708 localhost kernel: i8042: PNP: PS/2 Controller [PNP0303:KBD,PNP0f13:MOU] at 0x60,0x64 irq 1,12
May 28 07:34:21.350713 localhost kernel: serio: i8042 KBD port at 0x60,0x64 irq 1
May 28 07:34:21.350718 localhost kernel: serio: i8042 AUX port at 0x60,0x64 irq 12
May 28 07:34:21.350723 localhost kernel: mousedev: PS/2 mouse device common for all mice
May 28 07:34:21.350728 localhost kernel: input: AT Translated Set 2 keyboard as /devices/platform/i8042/serio0/input/input0
May 28 07:34:21.350734 localhost kernel: input: VirtualPS/2 VMware VMMouse as /devices/platform/i8042/serio1/input/input3
May 28 07:34:21.350851 localhost kernel: rtc_cmos 00:05: RTC can wake from S4
May 28 07:34:21.350860 localhost kernel: input: VirtualPS/2 VMware VMMouse as /devices/platform/i8042/serio1/input/input2
May 28 07:34:21.357651 localhost kernel: rtc_cmos 00:05: registered as rtc0
May 28 07:34:21.357782 localhost kernel: rtc_cmos 00:05: setting system clock to 2024-05-28T07:34:20 UTC (1716881660)
May 28 07:34:21.357889 localhost kernel: rtc_cmos 00:05: alarms up to one day, y3k, 242 bytes nvram, hpet irqs
May 28 07:34:21.357897 localhost kernel: amd_pstate: the _CPC object is not present in SBIOS or ACPI disabled
May 28 07:34:21.357903 localhost kernel: ledtrig-cpu: registered to indicate activity on CPUs
May 28 07:34:21.357908 localhost kernel: [drm] Initialized simpledrm 1.0.0 20200625 for simple-framebuffer.0 on minor 0
May 28 07:34:21.357914 localhost kernel: Console: switching to colour frame buffer device 100x37
May 28 07:34:21.358044 localhost kernel: simple-framebuffer simple-framebuffer.0: [drm] fb0: simpledrmdrmfb frame buffer device
May 28 07:34:21.358054 localhost kernel: hid: raw HID events driver (C) Jiri Kosina
May 28 07:34:21.358061 localhost kernel: drop_monitor: Initializing network drop monitor service
May 28 07:34:21.358070 localhost kernel: NET: Registered PF_INET6 protocol family
May 28 07:34:21.358083 localhost kernel: alg: self-tests for hmac(sha1-generic) (hmac(sha1)) passed
May 28 07:34:21.358091 localhost kernel: Segment Routing with IPv6
May 28 07:34:21.358100 localhost kernel: RPL Segment Routing with IPv6
May 28 07:34:21.358108 localhost kernel: In-situ OAM (IOAM) with IPv6
May 28 07:34:21.358115 localhost kernel: IPI shorthand broadcast: enabled
May 28 07:34:21.358123 localhost kernel: sched_clock: Marking stable (896669352, -990592)->(1000769854, -105091094)
May 28 07:34:21.358130 localhost kernel: registered taskstats version 1
May 28 07:34:21.358137 localhost kernel: Loading compiled-in X.509 certificates
May 28 07:34:21.358144 localhost kernel: Loaded X.509 cert 'openSUSE Secure Boot Signkey: fd9f2c12e599d67cc7f9067541adf426b712469e'
May 28 07:34:21.358152 localhost kernel: page_owner is disabled
May 28 07:34:21.358159 localhost kernel: Key type .fscrypt registered
May 28 07:34:21.358168 localhost kernel: Key type fscrypt-provisioning registered
May 28 07:34:21.358175 localhost kernel: alg: self-tests for aes-generic (aes) passed
May 28 07:34:21.358183 localhost kernel: alg: self-tests for ecb(aes-generic) (ecb(aes)) passed
May 28 07:34:21.358190 localhost kernel: alg: self-tests for cbc(ecb(aes-generic)) (cbc(aes)) passed
May 28 07:34:21.358197 localhost kernel: Key type encrypted registered
May 28 07:34:21.358205 localhost kernel: ima: No TPM chip found, activating TPM-bypass!
May 28 07:34:21.358212 localhost kernel: Loading compiled-in module X.509 certificates
May 28 07:34:21.358219 localhost kernel: Loaded X.509 cert 'openSUSE Secure Boot Signkey: fd9f2c12e599d67cc7f9067541adf426b712469e'
May 28 07:34:21.358226 localhost kernel: ima: Allocated hash algorithm: sha256
May 28 07:34:21.358233 localhost kernel: ima: No architecture policies found
May 28 07:34:21.358240 localhost kernel: evm: Initialising EVM extended attributes:
May 28 07:34:21.358248 localhost kernel: evm: security.selinux
May 28 07:34:21.358255 localhost kernel: evm: security.SMACK64 (disabled)
May 28 07:34:21.358265 localhost kernel: evm: security.SMACK64EXEC (disabled)
May 28 07:34:21.358272 localhost kernel: evm: security.SMACK64TRANSMUTE (disabled)
May 28 07:34:21.358279 localhost kernel: evm: security.SMACK64MMAP (disabled)
May 28 07:34:21.358286 localhost kernel: evm: security.apparmor
May 28 07:34:21.358293 localhost kernel: evm: security.ima
May 28 07:34:21.358301 localhost kernel: evm: security.capability
May 28 07:34:21.358309 localhost kernel: evm: HMAC attrs: 0x1
May 28 07:34:21.358317 localhost kernel: alg: self-tests for jitterentropy_rng (jitterentropy_rng) passed
May 28 07:34:21.358325 localhost kernel: alg: self-tests for zstd-scomp (zstd) passed
May 28 07:34:21.358333 localhost kernel: alg: self-tests for zstd-generic (zstd) passed
May 28 07:34:21.358341 localhost kernel: alg: self-tests for sha512-generic (sha512) passed
May 28 07:34:21.358349 localhost kernel: alg: self-tests for hmac(sha512-generic) (hmac(sha512)) passed
May 28 07:34:21.358359 localhost kernel: alg: self-tests for drbg_nopr_hmac_sha512 (stdrng) passed
May 28 07:34:21.358367 localhost kernel: alg: self-tests for drbg_nopr_hmac_sha256 (stdrng) passed
May 28 07:34:21.358376 localhost kernel: alg: self-tests for drbg_nopr_sha256 (stdrng) passed
May 28 07:34:21.358384 localhost kernel: alg: self-tests for drbg_nopr_sha512 (stdrng) passed
May 28 07:34:21.358392 localhost kernel: alg: self-tests for ctr(aes-generic) (ctr(aes)) passed
May 28 07:34:21.358401 localhost kernel: alg: self-tests for drbg_nopr_ctr_aes256 (stdrng) passed
May 28 07:34:21.358410 localhost kernel: alg: self-tests for drbg_nopr_ctr_aes192 (stdrng) passed
May 28 07:34:21.358416 localhost kernel: alg: self-tests for drbg_nopr_ctr_aes128 (stdrng) passed
May 28 07:34:21.358421 localhost kernel: alg: self-tests for drbg_pr_hmac_sha512 (stdrng) passed
May 28 07:34:21.358427 localhost kernel: alg: self-tests for drbg_pr_hmac_sha256 (stdrng) passed
May 28 07:34:21.358432 localhost kernel: alg: self-tests for drbg_pr_sha256 (stdrng) passed
May 28 07:34:21.358439 localhost kernel: alg: self-tests for drbg_pr_sha512 (stdrng) passed
May 28 07:34:21.358444 localhost kernel: alg: self-tests for drbg_pr_ctr_aes256 (stdrng) passed
May 28 07:34:21.358449 localhost kernel: alg: self-tests for drbg_pr_ctr_aes192 (stdrng) passed
May 28 07:34:21.358455 localhost kernel: alg: self-tests for drbg_pr_ctr_aes128 (stdrng) passed
May 28 07:34:21.358460 localhost kernel: alg: self-tests for lzo-rle-scomp (lzo-rle) passed
May 28 07:34:21.358465 localhost kernel: alg: self-tests for lzo-rle-generic (lzo-rle) passed
May 28 07:34:21.358471 localhost kernel: alg: self-tests for lzo-scomp (lzo) passed
May 28 07:34:21.358476 localhost kernel: alg: self-tests for lzo-generic (lzo) passed
May 28 07:34:21.358481 localhost kernel: alg: self-tests for crc32c-generic (crc32c) passed
May 28 07:34:21.358486 localhost kernel: alg: self-tests for sha3-512-generic (sha3-512) passed
May 28 07:34:21.358491 localhost kernel: alg: self-tests for sha3-384-generic (sha3-384) passed
May 28 07:34:21.358497 localhost kernel: alg: self-tests for sha3-224-generic (sha3-224) passed
May 28 07:34:21.358504 localhost kernel: alg: self-tests for sha384-generic (sha384) passed
May 28 07:34:21.358509 localhost kernel: alg: self-tests for sha224-generic (sha224) passed
May 28 07:34:21.358514 localhost kernel: alg: md5 (md5-generic) is disabled due to FIPS
May 28 07:34:21.358519 localhost kernel: alg: self-tests for ecb-cipher_null (ecb(cipher_null)) passed
May 28 07:34:21.358524 localhost kernel: alg: digest_null (digest_null-generic) is disabled due to FIPS
May 28 07:34:21.358530 localhost kernel: alg: compress_null (compress_null-generic) is disabled due to FIPS
May 28 07:34:21.358535 localhost kernel: alg: self-tests for cipher_null-generic (cipher_null) passed
May 28 07:34:21.358540 localhost kernel: alg: self-tests for ecdsa-nist-p384-generic (ecdsa-nist-p384) passed
May 28 07:34:21.358545 localhost kernel: alg: self-tests for ecdsa-nist-p256-generic (ecdsa-nist-p256) passed
May 28 07:34:21.358551 localhost kernel: alg: ecdsa-nist-p192 (ecdsa-nist-p192-generic) is disabled due to FIPS
May 28 07:34:21.358556 localhost kernel: alg: self-tests for rsa-generic (rsa) passed
May 28 07:34:21.358561 localhost kernel: alg: dh (dh-generic) is disabled due to FIPS
May 28 07:34:21.358568 localhost kernel: PM:   Magic number: 8:867:572
May 28 07:34:21.358573 localhost kernel: RAS: Correctable Errors collector initialized.
May 28 07:34:21.358579 localhost kernel: clk: Disabling unused clocks
May 28 07:34:21.358584 localhost kernel: PM: genpd: Disabling unused power domains
May 28 07:34:21.358589 localhost kernel: Freeing unused decrypted memory: 2028K
May 28 07:34:21.358594 localhost kernel: Freeing unused kernel image (initmem) memory: 4224K
May 28 07:34:21.358599 localhost kernel: Write protecting the kernel read-only data: 30720k
May 28 07:34:21.358604 localhost kernel: Freeing unused kernel image (rodata/data gap) memory: 1316K
May 28 07:34:21.358610 localhost kernel: Run /init as init process
May 28 07:34:21.358615 localhost kernel:   with arguments:
May 28 07:34:21.358620 localhost kernel:     /init
May 28 07:34:21.358625 localhost kernel:   with environment:
May 28 07:34:21.358632 localhost kernel:     HOME=/
May 28 07:34:21.358637 localhost kernel:     TERM=linux
May 28 07:34:21.358643 localhost kernel:     BOOT_IMAGE=/boot/vmlinuz-6.9.1-1-default
May 28 07:34:21.358648 localhost kernel: alg: self-tests for pkcs1pad(rsa-generic,sha256) (pkcs1pad(rsa,sha256)) passed
May 28 07:34:21.358656 localhost systemd[1]: systemd 255.6+suse.30.g3ea0e1dff3 running in system mode (+PAM +AUDIT +SELINUX +APPARMOR +IMA -SMACK +SECCOMP +GCRYPT +GNUTLS +OPENSSL +ACL +BLKID +CURL +ELFUTILS +FIDO2 +IDN2 -IDN +IPTC +KMOD +LIBCRYPTSETUP +LIBFDISK +PCRE2 +PWQUALITY +P11KIT +QRENCODE +TPM2 +BZIP2 +LZ4 +XZ +ZLIB +ZSTD +BPF_FRAMEWORK -XKBCOMMON -UTMP +SYSVINIT default-hierarchy=unified)
May 28 07:34:21.358663 localhost systemd[1]: Detected virtualization kvm.
May 28 07:34:21.358670 localhost systemd[1]: Detected architecture x86-64.
May 28 07:34:21.358675 localhost systemd[1]: Running in initrd.
May 28 07:34:21.358681 localhost systemd[1]: No hostname configured, using default hostname.
May 28 07:34:21.358688 localhost systemd[1]: Hostname set to <localhost>.
May 28 07:34:21.358694 localhost systemd[1]: Queued start job for default target Initrd Default Target.
May 28 07:34:21.358700 localhost systemd[1]: Started Dispatch Password Requests to Console Directory Watch.
May 28 07:34:21.358706 localhost systemd[1]: Expecting device /dev/disk/by-uuid/8bc5a620-43f2-4cb4-bc93-ae33026e601c...
May 28 07:34:21.358712 localhost systemd[1]: Expecting device /dev/disk/by-uuid/D27B-68DF...
May 28 07:34:21.358717 localhost systemd[1]: Reached target Initrd /usr File System.
May 28 07:34:21.358723 localhost systemd[1]: Reached target Path Units.
May 28 07:34:21.358728 localhost systemd[1]: Reached target Slice Units.
May 28 07:34:21.358734 localhost systemd[1]: Reached target Swaps.
May 28 07:34:21.358740 localhost systemd[1]: Reached target Timer Units.
May 28 07:34:21.358747 localhost systemd[1]: Listening on Journal Socket (/dev/log).
May 28 07:34:21.358753 localhost systemd[1]: Listening on Journal Socket.
May 28 07:34:21.358759 localhost systemd[1]: Listening on udev Control Socket.
May 28 07:34:21.358764 localhost systemd[1]: Listening on udev Kernel Socket.
May 28 07:34:21.358770 localhost systemd[1]: Reached target Socket Units.
May 28 07:34:21.358775 localhost systemd[1]: Starting Create List of Static Device Nodes...
May 28 07:34:21.358781 localhost systemd[1]: Starting Journal Service...
May 28 07:34:21.358787 localhost systemd[1]: Load Kernel Modules was skipped because no trigger condition checks were met.
May 28 07:34:21.358792 localhost systemd[1]: Starting Apply Kernel Variables...
May 28 07:34:21.358798 localhost systemd[1]: Starting Virtual Console Setup...
May 28 07:34:21.358803 localhost systemd[1]: Finished Create List of Static Device Nodes.
May 28 07:34:21.358809 localhost systemd[1]: Starting Create Static Device Nodes in /dev gracefully...
May 28 07:34:21.358816 localhost systemd[1]: Finished Apply Kernel Variables.
May 28 07:34:21.358840 localhost systemd-journald[171]: Collecting audit messages is disabled.
May 28 07:34:21.358859 localhost systemd-journald[171]: Journal started
May 28 07:34:21.358874 localhost systemd-journald[171]: Runtime Journal (/run/log/journal/18fdf096609c4576b6bf561c53b169be) is 2.4M, max 19.3M, 16.9M free.
May 28 07:34:21.367647 localhost systemd[1]: Started Journal Service.
May 28 07:34:21.407962 localhost systemd[1]: Finished Virtual Console Setup.
May 28 07:34:21.421071 localhost systemd[1]: Starting dracut ask for additional cmdline parameters...
May 28 07:34:21.441259 localhost systemd[1]: Finished Create Static Device Nodes in /dev gracefully.
May 28 07:34:21.447804 localhost systemd[1]: Starting Create Static Device Nodes in /dev...
May 28 07:34:21.551060 localhost systemd[1]: Finished dracut ask for additional cmdline parameters.
May 28 07:34:21.564389 localhost systemd[1]: Starting dracut cmdline hook...
May 28 07:34:21.617892 localhost systemd[1]: Finished Create Static Device Nodes in /dev.
May 28 07:34:21.618107 localhost systemd[1]: Reached target Preparation for Local File Systems.
May 28 07:34:21.618176 localhost systemd[1]: Reached target Local File Systems.
May 28 07:34:21.627725 localhost systemd[1]: Starting Create Volatile Files and Directories...
May 28 07:34:21.671320 localhost dracut-cmdline[201]: dracut-059+suse.588.g528264be-1.1
May 28 07:34:21.677894 localhost dracut-cmdline[201]: Using kernel command line parameters:  rd.driver.pre=btrfs rd.driver.pre=overlay root=UUID=8bc5a620-43f2-4cb4-bc93-ae33026e601c rootfstype=btrfs rootflags=rw,relatime,seclabel,discard=async,space_cache=v2,subvolid=270,subvol=/@/.snapshots/4/snapshot,subvol=@/.snapshots/4/snapshot   BOOT_IMAGE=/boot/vmlinuz-6.9.1-1-default root=UUID=8bc5a620-43f2-4cb4-bc93-ae33026e601c rd.timeout=60 rd.retry=45 quiet systemd.show_status=yes console=ttyS0,115200 console=tty0 ignition.platform.id=qemu security=selinux selinux=1 fips=1
May 28 07:34:21.760591 localhost systemd[1]: Finished dracut cmdline hook.
May 28 07:34:21.767781 localhost systemd[1]: Starting dracut pre-udev hook...
May 28 07:34:21.817929 localhost systemd[1]: Finished Create Volatile Files and Directories.
May 28 07:34:21.857065 localhost dracut-pre-udev[279]: fips-load-crypto: start
May 28 07:34:21.857981 localhost dracut-pre-udev[279]: Loading and integrity checking all crypto modules
May 28 07:34:21.867462 localhost kernel: alg: self-tests for aes-fixed-time (aes) passed
May 28 07:34:21.867484 localhost kernel: NET: Registered PF_ALG protocol family
May 28 07:34:21.874341 localhost kernel: alg: No test for fips(ansi_cprng) (fips_ansi_cprng)
May 28 07:34:21.884345 localhost kernel: alg: blowfish (blowfish-generic) is disabled due to FIPS
May 28 07:34:21.887665 localhost kernel: alg: blowfish (blowfish-asm) is disabled due to FIPS
May 28 07:34:21.887686 localhost kernel: alg: ecb(blowfish) (ecb-blowfish-asm) is disabled due to FIPS
May 28 07:34:21.887695 localhost kernel: alg: cbc(blowfish) (cbc-blowfish-asm) is disabled due to FIPS
May 28 07:34:21.891019 localhost kernel: alg: camellia (camellia-generic) is disabled due to FIPS
May 28 07:34:21.897717 localhost kernel: alg: camellia (camellia-asm) is disabled due to FIPS
May 28 07:34:21.897742 localhost kernel: alg: ecb(camellia) (ecb-camellia-asm) is disabled due to FIPS
May 28 07:34:21.897751 localhost kernel: alg: cbc(camellia) (cbc-camellia-asm) is disabled due to FIPS
May 28 07:34:21.900991 localhost kernel: alg: cast5 (cast5-generic) is disabled due to FIPS
May 28 07:34:21.904362 localhost kernel: alg: cast6 (cast6-generic) is disabled due to FIPS
May 28 07:34:21.921008 localhost kernel: cryptd: max_cpu_qlen set to 1000
May 28 07:34:21.934442 localhost kernel: alg: self-tests for deflate-generic (deflate) passed
May 28 07:34:21.934462 localhost kernel: alg: self-tests for deflate-scomp (deflate) passed
May 28 07:34:21.937719 localhost kernel: alg: des3_ede (des3_ede-asm) is disabled due to FIPS
May 28 07:34:21.937742 localhost kernel: alg: ecb(des3_ede) (ecb-des3_ede-asm) is disabled due to FIPS
May 28 07:34:21.937754 localhost kernel: alg: cbc(des3_ede) (cbc-des3_ede-asm) is disabled due to FIPS
May 28 07:34:21.940988 localhost kernel: alg: des (des-generic) is disabled due to FIPS
May 28 07:34:21.941009 localhost kernel: alg: des3_ede (des3_ede-generic) is disabled due to FIPS
May 28 07:34:21.956826 localhost kernel: alg: ecdh-nist-p192 (ecdh-nist-p192-generic) is disabled due to FIPS
May 28 07:34:21.961533 localhost kernel: alg: self-tests for ecdh-nist-p256-generic (ecdh-nist-p256) passed
May 28 07:34:21.964325 localhost kernel: alg: self-tests for ecdh-nist-p384-generic (ecdh-nist-p384) passed
May 28 07:34:21.967656 localhost kernel: alg: fcrypt (fcrypt-generic) is disabled due to FIPS
May 28 07:34:21.977655 localhost kernel: alg: ghash (ghash-generic) is disabled due to FIPS
May 28 07:34:21.987693 localhost kernel: alg: md4 (md4-generic) is disabled due to FIPS
May 28 07:34:21.990988 localhost kernel: alg: michael_mic (michael_mic-generic) is disabled due to FIPS
May 28 07:34:21.997694 localhost kernel: alg: rmd160 (rmd160-generic) is disabled due to FIPS
May 28 07:34:22.000991 localhost kernel: alg: serpent (serpent-generic) is disabled due to FIPS
May 28 07:34:22.004361 localhost kernel: alg: ecb(serpent) (ecb-serpent-sse2) is disabled due to FIPS
May 28 07:34:22.004382 localhost kernel: alg: cbc(serpent) (cbc-serpent-sse2) is disabled due to FIPS
May 28 07:34:22.014355 localhost kernel: alg: self-tests for sha512-ssse3 (sha512) passed
May 28 07:34:22.014375 localhost kernel: alg: self-tests for sha384-ssse3 (sha384) passed
May 28 07:34:22.014385 localhost kernel: alg: self-tests for sha512-avx (sha512) passed
May 28 07:34:22.014393 localhost kernel: alg: self-tests for sha384-avx (sha384) passed
May 28 07:34:22.014400 localhost kernel: alg: self-tests for sha512-avx2 (sha512) passed
May 28 07:34:22.014406 localhost kernel: alg: self-tests for sha384-avx2 (sha384) passed
May 28 07:34:22.020987 localhost kernel: alg: twofish (twofish-generic) is disabled due to FIPS
May 28 07:34:22.024378 localhost kernel: alg: twofish (twofish-asm) is disabled due to FIPS
May 28 07:34:22.027695 localhost kernel: alg: ecb(twofish) (ecb-twofish-3way) is disabled due to FIPS
May 28 07:34:22.027716 localhost kernel: alg: cbc(twofish) (cbc-twofish-3way) is disabled due to FIPS
May 28 07:34:22.034359 localhost kernel: alg: wp512 (wp512-generic) is disabled due to FIPS
May 28 07:34:22.034380 localhost kernel: alg: wp384 (wp384-generic) is disabled due to FIPS
May 28 07:34:22.034393 localhost kernel: alg: wp256 (wp256-generic) is disabled due to FIPS
May 28 07:34:22.042202 localhost dracut-pre-udev[279]: Self testing crypto algorithms
May 28 07:34:22.049198 localhost kernel: alg: self-tests for sha1 (sha1) passed
May 28 07:34:22.049218 localhost kernel: alg: self-tests for sha256 (sha256) passed
May 28 07:34:22.057671 localhost kernel: AVX2 version of gcm_enc/dec engaged.
May 28 07:34:22.057692 localhost kernel: AES CTR mode by8 optimization enabled
May 28 07:34:22.057700 localhost kernel: alg: self-tests for aes-aesni (aes) passed
May 28 07:34:22.060986 localhost kernel: alg: self-tests for ecb-aes-aesni (ecb(aes)) passed
May 28 07:34:22.064333 localhost kernel: alg: self-tests for cbc-aes-aesni (cbc(aes)) passed
May 28 07:34:22.070956 localhost kernel: alg: self-tests for cts-cbc-aes-aesni (cts(cbc(aes))) passed
May 28 07:34:22.071028 localhost kernel: alg: self-tests for ctr-aes-aesni (ctr(aes)) passed
May 28 07:34:22.077676 localhost kernel: alg: self-tests for xts-aes-aesni (xts(aes)) passed
May 28 07:34:22.081013 localhost kernel: alg: self-tests for rfc4106-gcm-aesni (rfc4106(gcm(aes))) passed
May 28 07:34:22.084368 localhost kernel: alg: self-tests for generic-gcm-aesni (gcm(aes)) passed
May 28 07:34:22.084389 localhost kernel: alg: xctr(aes) (xctr-aes-aesni) is disabled due to FIPS
May 28 07:34:22.088057 localhost kernel: alg: self-tests for ecb(aes-aesni) (ecb(aes)) passed
May 28 07:34:22.088077 localhost kernel: alg: self-tests for ecb(aes) (ecb(aes)) passed
May 28 07:34:22.088086 localhost kernel: alg: self-tests for cbc(aes) (cbc(aes)) passed
May 28 07:34:22.088093 localhost kernel: alg: self-tests for xts(aes) (xts(aes)) passed
May 28 07:34:22.088100 localhost kernel: alg: self-tests for ctr(aes) (ctr(aes)) passed
May 28 07:34:22.094314 localhost kernel: alg: self-tests for rfc3686(ctr-aes-aesni) (rfc3686(ctr(aes))) passed
May 28 07:34:22.094335 localhost kernel: alg: self-tests for rfc3686(ctr(aes)) (rfc3686(ctr(aes))) passed
May 28 07:34:22.094344 localhost kernel: alg: self-tests for sha384 (sha384) passed
May 28 07:34:22.094351 localhost kernel: alg: self-tests for sha512 (sha512) passed
May 28 07:34:22.094361 localhost kernel: alg: self-tests for deflate (deflate) passed
May 28 07:34:22.094368 localhost kernel: alg: self-tests for crc32c (crc32c) passed
May 28 07:34:22.094375 localhost kernel: alg: self-tests for sha224 (sha224) passed
May 28 07:34:22.094382 localhost kernel: alg: self-tests for gcm(aes) (gcm(aes)) passed
May 28 07:34:22.094388 localhost kernel: alg: self-tests for lzo (lzo) passed
May 28 07:34:22.100986 localhost kernel: alg: cbcmac(aes) (cbcmac(aes-aesni)) is disabled due to FIPS
May 28 07:34:22.104344 localhost kernel: alg: self-tests for ccm_base(ctr-aes-aesni,cbcmac(aes-aesni)) (ccm(aes)) passed
