[    0.000000] [    T0] Linux version 6.9.1-1-default (geeko@buildhost) (gcc (SUSE Linux) 13.2.1 20240509 [revision b7a2697733d19a093cbdd0e200ffce069a4bc812], GNU ld (GNU Binutils; openSUSE Tumbleweed) 2.42.0.20240130-3) #1 SMP PREEMPT_DYNAMIC Fri May 17 11:59:46 UTC 2024 (0c0b0b5)
[    0.000000] [    T0] Command line: initrd=\opensuse-microos\6.9.1-1-default\initrd-bb1e8d082fa99e6a9cc6539075d474821b16f587 quiet systemd.show_status=yes console=ttyS0,115200 console=tty0 ignition.platform.id=qemu security=selinux selinux=1 root=UUID=8e1db0e5-66e2-4309-9280-394cf494d447 rootflags=subvol=@/.snapshots/16/snapshot systemd.machine_id=6a61b1be152349db87cee435626124a7
[    0.000000] [    T0] BIOS-provided physical RAM map:
[    0.000000] [    T0] BIOS-e820: [mem 0x0000000000000000-0x000000000009ffff] usable
[    0.000000] [    T0] BIOS-e820: [mem 0x0000000000100000-0x00000000007fffff] usable
[    0.000000] [    T0] BIOS-e820: [mem 0x0000000000800000-0x0000000000807fff] ACPI NVS
[    0.000000] [    T0] BIOS-e820: [mem 0x0000000000808000-0x000000000080afff] usable
[    0.000000] [    T0] BIOS-e820: [mem 0x000000000080b000-0x000000000080bfff] ACPI NVS
[    0.000000] [    T0] BIOS-e820: [mem 0x000000000080c000-0x000000000080ffff] usable
[    0.000000] [    T0] BIOS-e820: [mem 0x0000000000810000-0x00000000008fffff] ACPI NVS
[    0.000000] [    T0] BIOS-e820: [mem 0x0000000000900000-0x000000003f8eefff] usable
[    0.000000] [    T0] BIOS-e820: [mem 0x000000003f8ef000-0x000000003fb6efff] reserved
[    0.000000] [    T0] BIOS-e820: [mem 0x000000003fb6f000-0x000000003fb7efff] ACPI data
[    0.000000] [    T0] BIOS-e820: [mem 0x000000003fb7f000-0x000000003fbfefff] ACPI NVS
[    0.000000] [    T0] BIOS-e820: [mem 0x000000003fbff000-0x000000003ff57fff] usable
[    0.000000] [    T0] BIOS-e820: [mem 0x000000003ff58000-0x000000003ff77fff] reserved
[    0.000000] [    T0] BIOS-e820: [mem 0x000000003ff78000-0x000000003fffffff] ACPI NVS
[    0.000000] [    T0] BIOS-e820: [mem 0x00000000ffe00000-0x00000000ffffffff] reserved
[    0.000000] [    T0] NX (Execute Disable) protection: active
[    0.000000] [    T0] APIC: Static calls initialized
[    0.000000] [    T0] e820: update [mem 0x3e1d7018-0x3e1e0c57] usable ==> usable
[    0.000000] [    T0] e820: update [mem 0x3e1ae018-0x3e1d6057] usable ==> usable
[    0.000000] [    T0] extended physical RAM map:
[    0.000000] [    T0] reserve setup_data: [mem 0x0000000000000000-0x000000000009ffff] usable
[    0.000000] [    T0] reserve setup_data: [mem 0x0000000000100000-0x00000000007fffff] usable
[    0.000000] [    T0] reserve setup_data: [mem 0x0000000000800000-0x0000000000807fff] ACPI NVS
[    0.000000] [    T0] reserve setup_data: [mem 0x0000000000808000-0x000000000080afff] usable
[    0.000000] [    T0] reserve setup_data: [mem 0x000000000080b000-0x000000000080bfff] ACPI NVS
[    0.000000] [    T0] reserve setup_data: [mem 0x000000000080c000-0x000000000080ffff] usable
[    0.000000] [    T0] reserve setup_data: [mem 0x0000000000810000-0x00000000008fffff] ACPI NVS
[    0.000000] [    T0] reserve setup_data: [mem 0x0000000000900000-0x000000003e1ae017] usable
[    0.000000] [    T0] reserve setup_data: [mem 0x000000003e1ae018-0x000000003e1d6057] usable
[    0.000000] [    T0] reserve setup_data: [mem 0x000000003e1d6058-0x000000003e1d7017] usable
[    0.000000] [    T0] reserve setup_data: [mem 0x000000003e1d7018-0x000000003e1e0c57] usable
[    0.000000] [    T0] reserve setup_data: [mem 0x000000003e1e0c58-0x000000003f8eefff] usable
[    0.000000] [    T0] reserve setup_data: [mem 0x000000003f8ef000-0x000000003fb6efff] reserved
[    0.000000] [    T0] reserve setup_data: [mem 0x000000003fb6f000-0x000000003fb7efff] ACPI data
[    0.000000] [    T0] reserve setup_data: [mem 0x000000003fb7f000-0x000000003fbfefff] ACPI NVS
[    0.000000] [    T0] reserve setup_data: [mem 0x000000003fbff000-0x000000003ff57fff] usable
[    0.000000] [    T0] reserve setup_data: [mem 0x000000003ff58000-0x000000003ff77fff] reserved
[    0.000000] [    T0] reserve setup_data: [mem 0x000000003ff78000-0x000000003fffffff] ACPI NVS
[    0.000000] [    T0] reserve setup_data: [mem 0x00000000ffe00000-0x00000000ffffffff] reserved
[    0.000000] [    T0] efi: EFI v2.7 by EDK II
[    0.000000] [    T0] efi: TPMFinalLog=0x3fbd7000 SMBIOS=0x3f909000 ACPI=0x3fb7e000 ACPI 2.0=0x3fb7e014 MEMATTR=0x3e74e018 MOKvar=0x3e747000 RNG=0x3fb74f18 INITRD=0x3e1edf98 TPMEventLog=0x3e1e1018 
[    0.000000] [    T0] random: crng init done
[    0.000000] [    T0] efi: Remove mem136: MMIO range=[0xffe00000-0xffffffff] (2MB) from e820 map
[    0.000000] [    T0] e820: remove [mem 0xffe00000-0xffffffff] reserved
[    0.000000] [    T0] secureboot: Secure boot enabled
[    0.000000] [    T0] Kernel is locked down from EFI Secure Boot mode; see man kernel_lockdown.7
[    0.000000] [    T0] SMBIOS 2.8 present.
[    0.000000] [    T0] DMI: QEMU Standard PC (i440FX + PIIX, 1996), BIOS 0.0.0 02/06/2015
[    0.000000] [    T0] Hypervisor detected: KVM
[    0.000000] [    T0] kvm-clock: Using msrs 4b564d01 and 4b564d00
[    0.000000] [    T0] kvm-clock: using sched offset of 1814945748893 cycles
[    0.000002] [    T0] clocksource: kvm-clock: mask: 0xffffffffffffffff max_cycles: 0x1cd42e4dffb, max_idle_ns: 881590591483 ns
[    0.000005] [    T0] tsc: Detected 2199.998 MHz processor
[    0.000125] [    T0] e820: update [mem 0x00000000-0x00000fff] usable ==> reserved
[    0.000128] [    T0] e820: remove [mem 0x000a0000-0x000fffff] usable
[    0.000135] [    T0] last_pfn = 0x3ff58 max_arch_pfn = 0x400000000
[    0.000189] [    T0] MTRR map: 4 entries (2 fixed + 2 variable; max 18), built from 8 variable MTRRs
[    0.000193] [    T0] x86/PAT: Configuration [0-7]: WB  WC  UC- UC  WB  WP  UC- WT  
[    0.004339] [    T0] e820: update [mem 0x3e747000-0x3e747fff] usable ==> reserved
[    0.004363] [    T0] Using GB pages for direct mapping
[    0.004976] [    T0] secureboot: Secure boot enabled
[    0.004977] [    T0] RAMDISK: [mem 0x388d3000-0x3a342fff]
[    0.004980] [    T0] ACPI: Early table checksum verification disabled
[    0.004982] [    T0] ACPI: RSDP 0x000000003FB7E014 000024 (v02 BOCHS )
[    0.004986] [    T0] ACPI: XSDT 0x000000003FB7D0E8 000054 (v01 BOCHS  BXPC     00000001      01000013)
[    0.004991] [    T0] ACPI: FACP 0x000000003FB7A000 000074 (v01 BOCHS  BXPC     00000001 BXPC 00000001)
[    0.004996] [    T0] ACPI: DSDT 0x000000003FB7B000 0019D9 (v01 BOCHS  BXPC     00000001 BXPC 00000001)
[    0.004998] [    T0] ACPI: FACS 0x000000003FBA5000 000040
[    0.005001] [    T0] ACPI: APIC 0x000000003FB79000 000078 (v01 BOCHS  BXPC     00000001 BXPC 00000001)
[    0.005003] [    T0] ACPI: HPET 0x000000003FB78000 000038 (v01 BOCHS  BXPC     00000001 BXPC 00000001)
[    0.005005] [    T0] ACPI: TPM2 0x000000003FB77000 00004C (v04 BOCHS  BXPC     00000001 BXPC 00000001)
[    0.005007] [    T0] ACPI: WAET 0x000000003FB76000 000028 (v01 BOCHS  BXPC     00000001 BXPC 00000001)
[    0.005009] [    T0] ACPI: BGRT 0x000000003FB75000 000038 (v01 INTEL  EDK2     00000002      01000013)
[    0.005011] [    T0] ACPI: Reserving FACP table memory at [mem 0x3fb7a000-0x3fb7a073]
[    0.005012] [    T0] ACPI: Reserving DSDT table memory at [mem 0x3fb7b000-0x3fb7c9d8]
[    0.005013] [    T0] ACPI: Reserving FACS table memory at [mem 0x3fba5000-0x3fba503f]
[    0.005014] [    T0] ACPI: Reserving APIC table memory at [mem 0x3fb79000-0x3fb79077]
[    0.005015] [    T0] ACPI: Reserving HPET table memory at [mem 0x3fb78000-0x3fb78037]
[    0.005015] [    T0] ACPI: Reserving TPM2 table memory at [mem 0x3fb77000-0x3fb7704b]
[    0.005016] [    T0] ACPI: Reserving WAET table memory at [mem 0x3fb76000-0x3fb76027]
[    0.005017] [    T0] ACPI: Reserving BGRT table memory at [mem 0x3fb75000-0x3fb75037]
[    0.005309] [    T0] No NUMA configuration found
[    0.005310] [    T0] Faking a node at [mem 0x0000000000000000-0x000000003ff57fff]
[    0.005318] [    T0] NODE_DATA(0) allocated [mem 0x3fe86000-0x3feb0fff]
[    0.005536] [    T0] Zone ranges:
[    0.005537] [    T0]   DMA      [mem 0x0000000000001000-0x0000000000ffffff]
[    0.005538] [    T0]   DMA32    [mem 0x0000000001000000-0x000000003ff57fff]
[    0.005540] [    T0]   Normal   empty
[    0.005541] [    T0]   Device   empty
[    0.005541] [    T0] Movable zone start for each node
[    0.005543] [    T0] Early memory node ranges
[    0.005544] [    T0]   node   0: [mem 0x0000000000001000-0x000000000009ffff]
[    0.005545] [    T0]   node   0: [mem 0x0000000000100000-0x00000000007fffff]
[    0.005546] [    T0]   node   0: [mem 0x0000000000808000-0x000000000080afff]
[    0.005547] [    T0]   node   0: [mem 0x000000000080c000-0x000000000080ffff]
[    0.005547] [    T0]   node   0: [mem 0x0000000000900000-0x000000003f8eefff]
[    0.005548] [    T0]   node   0: [mem 0x000000003fbff000-0x000000003ff57fff]
[    0.005549] [    T0] Initmem setup node 0 [mem 0x0000000000001000-0x000000003ff57fff]
[    0.005554] [    T0] On node 0, zone DMA: 1 pages in unavailable ranges
[    0.005570] [    T0] On node 0, zone DMA: 96 pages in unavailable ranges
[    0.005571] [    T0] On node 0, zone DMA: 8 pages in unavailable ranges
[    0.005572] [    T0] On node 0, zone DMA: 1 pages in unavailable ranges
[    0.005591] [    T0] On node 0, zone DMA: 240 pages in unavailable ranges
[    0.006389] [    T0] On node 0, zone DMA32: 784 pages in unavailable ranges
[    0.006396] [    T0] On node 0, zone DMA32: 168 pages in unavailable ranges
[    0.007263] [    T0] ACPI: PM-Timer IO Port: 0xb008
[    0.007273] [    T0] ACPI: LAPIC_NMI (acpi_id[0xff] dfl dfl lint[0x1])
[    0.007306] [    T0] IOAPIC[0]: apic_id 0, version 17, address 0xfec00000, GSI 0-23
[    0.007309] [    T0] ACPI: INT_SRC_OVR (bus 0 bus_irq 0 global_irq 2 dfl dfl)
[    0.007311] [    T0] ACPI: INT_SRC_OVR (bus 0 bus_irq 5 global_irq 5 high level)
[    0.007312] [    T0] ACPI: INT_SRC_OVR (bus 0 bus_irq 9 global_irq 9 high level)
[    0.007313] [    T0] ACPI: INT_SRC_OVR (bus 0 bus_irq 10 global_irq 10 high level)
[    0.007314] [    T0] ACPI: INT_SRC_OVR (bus 0 bus_irq 11 global_irq 11 high level)
[    0.007317] [    T0] ACPI: Using ACPI (MADT) for SMP configuration information
[    0.007318] [    T0] ACPI: HPET id: 0x8086a201 base: 0xfed00000
[    0.007325] [    T0] e820: update [mem 0x3e268000-0x3e270fff] usable ==> reserved
[    0.007334] [    T0] TSC deadline timer available
[    0.007339] [    T0] CPU topo: Max. logical packages:   1
[    0.007339] [    T0] CPU topo: Max. logical dies:       1
[    0.007340] [    T0] CPU topo: Max. dies per package:   1
[    0.007345] [    T0] CPU topo: Max. threads per core:   1
[    0.007345] [    T0] CPU topo: Num. cores per package:     1
[    0.007346] [    T0] CPU topo: Num. threads per package:   1
[    0.007346] [    T0] CPU topo: Allowing 1 present CPUs plus 0 hotplug CPUs
[    0.007362] [    T0] kvm-guest: APIC: eoi() replaced with kvm_guest_apic_eoi_write()
[    0.007392] [    T0] PM: hibernation: Registered nosave memory: [mem 0x00000000-0x00000fff]
[    0.007394] [    T0] PM: hibernation: Registered nosave memory: [mem 0x000a0000-0x000fffff]
[    0.007395] [    T0] PM: hibernation: Registered nosave memory: [mem 0x00800000-0x00807fff]
[    0.007397] [    T0] PM: hibernation: Registered nosave memory: [mem 0x0080b000-0x0080bfff]
[    0.007398] [    T0] PM: hibernation: Registered nosave memory: [mem 0x00810000-0x008fffff]
[    0.007399] [    T0] PM: hibernation: Registered nosave memory: [mem 0x3e1ae000-0x3e1aefff]
[    0.007400] [    T0] PM: hibernation: Registered nosave memory: [mem 0x3e1d6000-0x3e1d6fff]
[    0.007401] [    T0] PM: hibernation: Registered nosave memory: [mem 0x3e1d7000-0x3e1d7fff]
[    0.007402] [    T0] PM: hibernation: Registered nosave memory: [mem 0x3e1e0000-0x3e1e0fff]
[    0.007404] [    T0] PM: hibernation: Registered nosave memory: [mem 0x3e268000-0x3e270fff]
[    0.007405] [    T0] PM: hibernation: Registered nosave memory: [mem 0x3e747000-0x3e747fff]
[    0.007407] [    T0] PM: hibernation: Registered nosave memory: [mem 0x3f8ef000-0x3fb6efff]
[    0.007407] [    T0] PM: hibernation: Registered nosave memory: [mem 0x3fb6f000-0x3fb7efff]
[    0.007408] [    T0] PM: hibernation: Registered nosave memory: [mem 0x3fb7f000-0x3fbfefff]
[    0.007409] [    T0] [mem 0x40000000-0xffffffff] available for PCI devices
[    0.007410] [    T0] Booting paravirtualized kernel on KVM
[    0.007412] [    T0] clocksource: refined-jiffies: mask: 0xffffffff max_cycles: 0xffffffff, max_idle_ns: 6370452778343963 ns
[    0.012128] [    T0] setup_percpu: NR_CPUS:8192 nr_cpumask_bits:1 nr_cpu_ids:1 nr_node_ids:1
[    0.012257] [    T0] percpu: Embedded 72 pages/cpu s258048 r8192 d28672 u2097152
[    0.012263] [    T0] pcpu-alloc: s258048 r8192 d28672 u2097152 alloc=1*2097152
[    0.012265] [    T0] pcpu-alloc: [0] 0 
[    0.012301] [    T0] kvm-guest: PV spinlocks disabled, single CPU
[    0.012302] [    T0] Kernel command line: initrd=\opensuse-microos\6.9.1-1-default\initrd-bb1e8d082fa99e6a9cc6539075d474821b16f587 quiet systemd.show_status=yes console=ttyS0,115200 console=tty0 ignition.platform.id=qemu security=selinux selinux=1 root=UUID=8e1db0e5-66e2-4309-9280-394cf494d447 rootflags=subvol=@/.snapshots/16/snapshot systemd.machine_id=6a61b1be152349db87cee435626124a7
[    0.012498] [    T0] Dentry cache hash table entries: 131072 (order: 8, 1048576 bytes, linear)
[    0.012510] [    T0] Inode-cache hash table entries: 65536 (order: 7, 524288 bytes, linear)
[    0.012534] [    T0] Fallback order for Node 0: 0 
[    0.012537] [    T0] Built 1 zonelists, mobility grouping on.  Total pages: 254806
[    0.012538] [    T0] Policy zone: DMA32
[    0.012539] [    T0] mem auto-init: stack:off, heap alloc:off, heap free:off
[    0.013932] [    T0] Memory: 247576K/1043384K available (16384K kernel code, 3000K rwdata, 13020K rodata, 4224K init, 4384K bss, 131756K reserved, 0K cma-reserved)
[    0.014142] [    T0] SLUB: HWalign=64, Order=0-3, MinObjects=0, CPUs=1, Nodes=1
[    0.014169] [    T0] ftrace: allocating 47505 entries in 186 pages
[    0.024746] [    T0] ftrace: allocated 186 pages with 5 groups
[    0.025253] [    T0] Dynamic Preempt: voluntary
[    0.025277] [    T0] rcu: Preemptible hierarchical RCU implementation.
[    0.025277] [    T0] rcu: 	RCU event tracing is enabled.
[    0.025278] [    T0] rcu: 	RCU restricting CPUs from NR_CPUS=8192 to nr_cpu_ids=1.
[    0.025279] [    T0] 	Trampoline variant of Tasks RCU enabled.
[    0.025280] [    T0] 	Rude variant of Tasks RCU enabled.
[    0.025280] [    T0] 	Tracing variant of Tasks RCU enabled.
[    0.025281] [    T0] rcu: RCU calculated value of scheduler-enlistment delay is 30 jiffies.
[    0.025282] [    T0] rcu: Adjusting geometry for rcu_fanout_leaf=16, nr_cpu_ids=1
[    0.025285] [    T0] RCU Tasks: Setting shift to 0 and lim to 1 rcu_task_cb_adjust=1.
[    0.025287] [    T0] RCU Tasks Rude: Setting shift to 0 and lim to 1 rcu_task_cb_adjust=1.
[    0.025288] [    T0] RCU Tasks Trace: Setting shift to 0 and lim to 1 rcu_task_cb_adjust=1.
[    0.029314] [    T0] NR_IRQS: 524544, nr_irqs: 256, preallocated irqs: 16
[    0.029503] [    T0] rcu: srcu_init: Setting srcu_struct sizes based on contention.
[    0.029552] [    T0] Console: colour dummy device 80x25
[    0.029555] [    T0] printk: legacy console [tty0] enabled
[    0.029609] [    T0] printk: legacy console [ttyS0] enabled
[    0.029638] [    T0] ACPI: Core revision 20230628
[    0.029764] [    T0] clocksource: hpet: mask: 0xffffffff max_cycles: 0xffffffff, max_idle_ns: 19112604467 ns
[    0.029865] [    T0] APIC: Switch to symmetric I/O mode setup
[    0.030108] [    T0] x2apic enabled
[    0.030437] [    T0] APIC: Switched APIC routing to: physical x2apic
[    0.031810] [    T0] ..TIMER: vector=0x30 apic1=0 pin1=2 apic2=-1 pin2=-1
[    0.031838] [    T0] clocksource: tsc-early: mask: 0xffffffffffffffff max_cycles: 0x1fb63109b96, max_idle_ns: 440795265316 ns
[    0.031842] [    T0] Calibrating delay loop (skipped) preset value.. 4401.32 BogoMIPS (lpj=7333326)
[    0.031966] [    T0] x86/cpu: User Mode Instruction Prevention (UMIP) activated
[    0.032069] [    T0] Last level iTLB entries: 4KB 512, 2MB 255, 4MB 127
[    0.032070] [    T0] Last level dTLB entries: 4KB 512, 2MB 255, 4MB 127, 1GB 0
[    0.032076] [    T0] Spectre V1 : Mitigation: usercopy/swapgs barriers and __user pointer sanitization
[    0.032079] [    T0] Spectre V2 : Mitigation: Retpolines
[    0.032080] [    T0] Spectre V2 : Spectre v2 / SpectreRSB mitigation: Filling RSB on context switch
[    0.032080] [    T0] Spectre V2 : Spectre v2 / SpectreRSB : Filling RSB on VMEXIT
[    0.032081] [    T0] Spectre V2 : Enabling Restricted Speculation for firmware calls
[    0.032083] [    T0] Spectre V2 : mitigation: Enabling conditional Indirect Branch Prediction Barrier
[    0.032085] [    T0] Speculative Store Bypass: Mitigation: Speculative Store Bypass disabled via prctl
[    0.032086] [    T0] Speculative Return Stack Overflow: IBPB-extending microcode not applied!
[    0.032087] [    T0] Speculative Return Stack Overflow: WARNING: See https://kernel.org/doc/html/latest/admin-guide/hw-vuln/srso.html for mitigation options.
[    0.032087] [    T0] Speculative Return Stack Overflow: Vulnerable: Safe RET, no microcode
[    0.032110] [    T0] x86/fpu: Supporting XSAVE feature 0x001: 'x87 floating point registers'
[    0.032112] [    T0] x86/fpu: Supporting XSAVE feature 0x002: 'SSE registers'
[    0.032112] [    T0] x86/fpu: Supporting XSAVE feature 0x004: 'AVX registers'
[    0.032113] [    T0] x86/fpu: Supporting XSAVE feature 0x200: 'Protection Keys User registers'
[    0.032114] [    T0] x86/fpu: xstate_offset[2]:  576, xstate_sizes[2]:  256
[    0.032116] [    T0] x86/fpu: xstate_offset[9]:  832, xstate_sizes[9]:    8
[    0.032116] [    T0] x86/fpu: Enabled xstate features 0x207, context size is 840 bytes, using 'compacted' format.
[    0.059148] [    T0] Freeing SMP alternatives memory: 40K
[    0.059151] [    T0] pid_max: default: 32768 minimum: 301
[    0.060741] [    T0] LSM: initializing lsm=lockdown,capability,landlock,yama,selinux,bpf,ima,evm
[    0.060763] [    T0] landlock: Up and running.
[    0.060764] [    T0] Yama: becoming mindful.
[    0.060768] [    T0] SELinux:  Initializing.
[    0.060792] [    T0] LSM support for eBPF active
[    0.060824] [    T0] Mount-cache hash table entries: 2048 (order: 2, 16384 bytes, linear)
[    0.060827] [    T0] Mountpoint-cache hash table entries: 2048 (order: 2, 16384 bytes, linear)
[    0.061083] [    T1] smpboot: CPU0: AMD EPYC 7773X 64-Core Processor (family: 0x19, model: 0x1, stepping: 0x2)
[    0.061258] [    T1] Performance Events: Fam17h+ core perfctr, AMD PMU driver.
[    0.061283] [    T1] ... version:                0
[    0.061284] [    T1] ... bit width:              48
[    0.061286] [    T1] ... generic registers:      6
[    0.061287] [    T1] ... value mask:             0000ffffffffffff
[    0.061289] [    T1] ... max period:             00007fffffffffff
[    0.061290] [    T1] ... fixed-purpose events:   0
[    0.061291] [    T1] ... event mask:             000000000000003f
[    0.061382] [    T1] signal: max sigframe size: 3376
[    0.061411] [    T1] rcu: Hierarchical SRCU implementation.
[    0.061412] [    T1] rcu: 	Max phase no-delay instances is 1000.
[    0.061840] [    T1] smp: Bringing up secondary CPUs ...
[    0.061840] [    T1] smp: Brought up 1 node, 1 CPU
[    0.061840] [    T1] smpboot: Total of 1 processors activated (4401.32 BogoMIPS)
[    0.064889] [   T22] node 0 deferred pages initialised in 4ms
[    0.064989] [    T1] devtmpfs: initialized
[    0.065024] [    T1] x86/mm: Memory block size: 128MB
[    0.065538] [    T1] ACPI: PM: Registering ACPI NVS region [mem 0x00800000-0x00807fff] (32768 bytes)
[    0.065541] [    T1] ACPI: PM: Registering ACPI NVS region [mem 0x0080b000-0x0080bfff] (4096 bytes)
[    0.065543] [    T1] ACPI: PM: Registering ACPI NVS region [mem 0x00810000-0x008fffff] (983040 bytes)
[    0.065559] [    T1] ACPI: PM: Registering ACPI NVS region [mem 0x3fb7f000-0x3fbfefff] (524288 bytes)
[    0.065568] [    T1] ACPI: PM: Registering ACPI NVS region [mem 0x3ff78000-0x3fffffff] (557056 bytes)
[    0.065631] [    T1] clocksource: jiffies: mask: 0xffffffff max_cycles: 0xffffffff, max_idle_ns: 6370867519511994 ns
[    0.065635] [    T1] futex hash table entries: 256 (order: 2, 16384 bytes, linear)
[    0.065674] [    T1] pinctrl core: initialized pinctrl subsystem
[    0.065809] [    T1] PM: RTC time: 08:01:08, date: 2024-05-28
[    0.066193] [    T1] NET: Registered PF_NETLINK/PF_ROUTE protocol family
[    0.066382] [    T1] DMA: preallocated 128 KiB GFP_KERNEL pool for atomic allocations
[    0.066386] [    T1] DMA: preallocated 128 KiB GFP_KERNEL|GFP_DMA pool for atomic allocations
[    0.066390] [    T1] DMA: preallocated 128 KiB GFP_KERNEL|GFP_DMA32 pool for atomic allocations
[    0.066399] [    T1] audit: initializing netlink subsys (disabled)
[    0.066492] [   T25] audit: type=2000 audit(1716883268.169:1): state=initialized audit_enabled=0 res=1
[    0.066610] [    T1] thermal_sys: Registered thermal governor 'fair_share'
[    0.066611] [    T1] thermal_sys: Registered thermal governor 'bang_bang'
[    0.066613] [    T1] thermal_sys: Registered thermal governor 'step_wise'
[    0.066614] [    T1] thermal_sys: Registered thermal governor 'user_space'
[    0.066624] [    T1] cpuidle: using governor ladder
[    0.066629] [    T1] cpuidle: using governor menu
[    0.067343] [    T1] acpiphp: ACPI Hot Plug PCI Controller Driver version: 0.5
[    0.067478] [    T1] PCI: Using configuration type 1 for base access
[    0.067479] [    T1] PCI: Using configuration type 1 for extended access
[    0.067644] [    T1] kprobes: kprobe jump-optimization is enabled. All kprobes are optimized if possible.
[    0.095375] [    T1] HugeTLB: registered 1.00 GiB page size, pre-allocated 0 pages
[    0.095378] [    T1] HugeTLB: 16380 KiB vmemmap can be freed for a 1.00 GiB page
[    0.095380] [    T1] HugeTLB: registered 2.00 MiB page size, pre-allocated 0 pages
[    0.095382] [    T1] HugeTLB: 28 KiB vmemmap can be freed for a 2.00 MiB page
[    0.096344] [    T1] Demotion targets for Node 0: null
[    0.096624] [    T1] ACPI: Added _OSI(Module Device)
[    0.096626] [    T1] ACPI: Added _OSI(Processor Device)
[    0.096628] [    T1] ACPI: Added _OSI(3.0 _SCP Extensions)
[    0.096629] [    T1] ACPI: Added _OSI(Processor Aggregator Device)
[    0.098197] [    T1] ACPI: 1 ACPI AML tables successfully acquired and loaded
[    0.098734] [    T1] ACPI: _OSC evaluation for CPUs failed, trying _PDC
[    0.098946] [    T1] ACPI: Interpreter enabled
[    0.098961] [    T1] ACPI: PM: (supports S0 S3 S4 S5)
[    0.098963] [    T1] ACPI: Using IOAPIC for interrupt routing
[    0.099160] [    T1] PCI: Using host bridge windows from ACPI; if necessary, use "pci=nocrs" and report a bug
[    0.099162] [    T1] PCI: Using E820 reservations for host bridge windows
[    0.099313] [    T1] ACPI: Enabled 2 GPEs in block 00 to 0F
[    0.103360] [    T1] ACPI: PCI Root Bridge [PCI0] (domain 0000 [bus 00-ff])
[    0.103367] [    T1] acpi PNP0A03:00: _OSC: OS supports [ExtendedConfig ASPM ClockPM Segments MSI EDR HPX-Type3]
[    0.103846] [    T1] acpiphp: Slot [3] registered
[    0.103868] [    T1] acpiphp: Slot [4] registered
[    0.103889] [    T1] acpiphp: Slot [5] registered
[    0.103909] [    T1] acpiphp: Slot [6] registered
[    0.103931] [    T1] acpiphp: Slot [7] registered
[    0.103952] [    T1] acpiphp: Slot [8] registered
[    0.103972] [    T1] acpiphp: Slot [9] registered
[    0.103993] [    T1] acpiphp: Slot [10] registered
[    0.104013] [    T1] acpiphp: Slot [11] registered
[    0.104034] [    T1] acpiphp: Slot [12] registered
[    0.104071] [    T1] acpiphp: Slot [13] registered
[    0.104093] [    T1] acpiphp: Slot [14] registered
[    0.104114] [    T1] acpiphp: Slot [15] registered
[    0.104135] [    T1] acpiphp: Slot [16] registered
[    0.104156] [    T1] acpiphp: Slot [17] registered
[    0.104176] [    T1] acpiphp: Slot [18] registered
[    0.104196] [    T1] acpiphp: Slot [19] registered
[    0.104217] [    T1] acpiphp: Slot [20] registered
[    0.104237] [    T1] acpiphp: Slot [21] registered
[    0.104258] [    T1] acpiphp: Slot [22] registered
[    0.104278] [    T1] acpiphp: Slot [23] registered
[    0.104300] [    T1] acpiphp: Slot [24] registered
[    0.104320] [    T1] acpiphp: Slot [25] registered
[    0.104340] [    T1] acpiphp: Slot [26] registered
[    0.104360] [    T1] acpiphp: Slot [27] registered
[    0.104381] [    T1] acpiphp: Slot [28] registered
[    0.104401] [    T1] acpiphp: Slot [29] registered
[    0.104422] [    T1] acpiphp: Slot [30] registered
[    0.104442] [    T1] acpiphp: Slot [31] registered
[    0.104460] [    T1] PCI host bridge to bus 0000:00
[    0.104463] [    T1] pci_bus 0000:00: root bus resource [io  0x0000-0x0cf7 window]
[    0.104466] [    T1] pci_bus 0000:00: root bus resource [io  0x0d00-0xffff window]
[    0.104469] [    T1] pci_bus 0000:00: root bus resource [mem 0x000a0000-0x000bffff window]
[    0.104471] [    T1] pci_bus 0000:00: root bus resource [mem 0x40000000-0xfebfffff window]
[    0.104473] [    T1] pci_bus 0000:00: root bus resource [mem 0x800000000-0x87fffffff window]
[    0.104475] [    T1] pci_bus 0000:00: root bus resource [mem 0xfed40000-0xfed44fff]
[    0.104477] [    T1] pci_bus 0000:00: root bus resource [bus 00-ff]
[    0.104654] [    T1] pci 0000:00:00.0: [8086:1237] type 00 class 0x060000 conventional PCI endpoint
[    0.105827] [    T1] pci 0000:00:01.0: [8086:7000] type 00 class 0x060100 conventional PCI endpoint
[    0.106463] [    T1] pci 0000:00:01.1: [8086:7010] type 00 class 0x010180 conventional PCI endpoint
[    0.107886] [    T1] pci 0000:00:01.1: BAR 4 [io  0xc140-0xc14f]
[    0.108418] [    T1] pci 0000:00:01.1: BAR 0 [io  0x01f0-0x01f7]: legacy IDE quirk
[    0.108421] [    T1] pci 0000:00:01.1: BAR 1 [io  0x03f6]: legacy IDE quirk
[    0.108423] [    T1] pci 0000:00:01.1: BAR 2 [io  0x0170-0x0177]: legacy IDE quirk
[    0.108425] [    T1] pci 0000:00:01.1: BAR 3 [io  0x0376]: legacy IDE quirk
[    0.108591] [    T1] pci 0000:00:01.3: [8086:7113] type 00 class 0x068000 conventional PCI endpoint
[    0.109064] [    T1] pci 0000:00:01.3: quirk: [io  0xb000-0xb03f] claimed by PIIX4 ACPI
[    0.109077] [    T1] pci 0000:00:01.3: quirk: [io  0xb100-0xb10f] claimed by PIIX4 SMB
[    0.109320] [    T1] pci 0000:00:02.0: [1234:1111] type 00 class 0x030000 conventional PCI endpoint
[    0.115193] [    T1] pci 0000:00:02.0: BAR 0 [mem 0x80000000-0x80ffffff pref]
[    0.128525] [    T1] pci 0000:00:02.0: BAR 2 [mem 0x81048000-0x81048fff]
[    0.151786] [    T1] pci 0000:00:02.0: ROM [mem 0xffff0000-0xffffffff pref]
[    0.151874] [    T1] pci 0000:00:02.0: Video device with shadowed ROM at [mem 0x000c0000-0x000dffff]
[    0.153194] [    T1] pci 0000:00:03.0: [8086:2668] type 00 class 0x040300 conventional PCI endpoint
[    0.153729] [    T1] pci 0000:00:03.0: BAR 0 [mem 0x81040000-0x81043fff]
[    0.157237] [    T1] pci 0000:00:04.0: [1af4:1000] type 00 class 0x020000 conventional PCI endpoint
[    0.157971] [    T1] pci 0000:00:04.0: BAR 0 [io  0xc120-0xc13f]
[    0.158513] [    T1] pci 0000:00:04.0: BAR 1 [mem 0x81047000-0x81047fff]
[    0.160405] [    T1] pci 0000:00:04.0: BAR 4 [mem 0x800000000-0x800003fff 64bit pref]
[    0.161031] [    T1] pci 0000:00:04.0: ROM [mem 0xfffc0000-0xffffffff pref]
[    0.162392] [    T1] pci 0000:00:05.0: [1af4:1005] type 00 class 0x00ff00 conventional PCI endpoint
[    0.162896] [    T1] pci 0000:00:05.0: BAR 0 [io  0xc100-0xc11f]
[    0.165717] [    T1] pci 0000:00:05.0: BAR 4 [mem 0x800004000-0x800007fff 64bit pref]
[    0.167758] [    T1] pci 0000:00:06.0: [1b36:000d] type 00 class 0x0c0330 conventional PCI endpoint
[    0.168299] [    T1] pci 0000:00:06.0: BAR 0 [mem 0x800014000-0x800017fff 64bit]
[    0.171708] [    T1] pci 0000:00:07.0: [1af4:1003] type 00 class 0x078000 conventional PCI endpoint
[    0.172203] [    T1] pci 0000:00:07.0: BAR 0 [io  0xc0c0-0xc0ff]
[    0.172886] [    T1] pci 0000:00:07.0: BAR 1 [mem 0x81046000-0x81046fff]
[    0.174931] [    T1] pci 0000:00:07.0: BAR 4 [mem 0x800008000-0x80000bfff 64bit pref]
[    0.178054] [    T1] pci 0000:00:08.0: [1af4:1004] type 00 class 0x010000 conventional PCI endpoint
[    0.178934] [    T1] pci 0000:00:08.0: BAR 0 [io  0xc080-0xc0bf]
[    0.179762] [    T1] pci 0000:00:08.0: BAR 1 [mem 0x81045000-0x81045fff]
[    0.182487] [    T1] pci 0000:00:08.0: BAR 4 [mem 0x80000c000-0x80000ffff 64bit pref]
[    0.185326] [    T1] pci 0000:00:09.0: [1af4:1001] type 00 class 0x010000 conventional PCI endpoint
[    0.186174] [    T1] pci 0000:00:09.0: BAR 0 [io  0xc000-0xc07f]
[    0.186869] [    T1] pci 0000:00:09.0: BAR 1 [mem 0x81044000-0x81044fff]
[    0.188891] [    T1] pci 0000:00:09.0: BAR 4 [mem 0x800010000-0x800013fff 64bit pref]
[    0.200553] [    T1] ACPI: PCI: Interrupt link LNKA configured for IRQ 10
[    0.200700] [    T1] ACPI: PCI: Interrupt link LNKB configured for IRQ 10
[    0.200838] [    T1] ACPI: PCI: Interrupt link LNKC configured for IRQ 11
[    0.200973] [    T1] ACPI: PCI: Interrupt link LNKD configured for IRQ 11
[    0.201044] [    T1] ACPI: PCI: Interrupt link LNKS configured for IRQ 9
[    0.201260] [    T1] iommu: Default domain type: Passthrough
[    0.201332] [    T1] pps_core: LinuxPPS API ver. 1 registered
[    0.201333] [    T1] pps_core: Software ver. 5.3.6 - Copyright 2005-2007 Rodolfo Giometti <giometti@linux.it>
[    0.201337] [    T1] PTP clock support registered
[    0.201347] [    T1] EDAC MC: Ver: 3.0.0
[    0.201656] [    T1] efivars: Registered efivars operations
[    0.201932] [    T1] NetLabel: Initializing
[    0.201934] [    T1] NetLabel:  domain hash size = 128
[    0.201936] [    T1] NetLabel:  protocols = UNLABELED CIPSOv4 CALIPSO
[    0.201956] [    T1] NetLabel:  unlabeled traffic allowed by default
[    0.201962] [    T1] mctp: management component transport protocol core
[    0.201963] [    T1] NET: Registered PF_MCTP protocol family
[    0.201967] [    T1] PCI: Using ACPI for IRQ routing
[    0.201969] [    T1] PCI: pci_cache_line_size set to 64 bytes
[    0.202167] [    T1] e820: reserve RAM buffer [mem 0x0080b000-0x008fffff]
[    0.202170] [    T1] e820: reserve RAM buffer [mem 0x00810000-0x008fffff]
[    0.202171] [    T1] e820: reserve RAM buffer [mem 0x3e1ae018-0x3fffffff]
[    0.202174] [    T1] e820: reserve RAM buffer [mem 0x3e1d7018-0x3fffffff]
[    0.202176] [    T1] e820: reserve RAM buffer [mem 0x3e268000-0x3fffffff]
[    0.202177] [    T1] e820: reserve RAM buffer [mem 0x3e747000-0x3fffffff]
[    0.202179] [    T1] e820: reserve RAM buffer [mem 0x3f8ef000-0x3fffffff]
[    0.202181] [    T1] e820: reserve RAM buffer [mem 0x3ff58000-0x3fffffff]
[    0.202262] [    T1] pci 0000:00:02.0: vgaarb: setting as boot VGA device
[    0.202264] [    T1] pci 0000:00:02.0: vgaarb: bridge control possible
[    0.202266] [    T1] pci 0000:00:02.0: vgaarb: VGA device added: decodes=io+mem,owns=io+mem,locks=none
[    0.202270] [    T1] vgaarb: loaded
[    0.202411] [    T1] hpet0: at MMIO 0xfed00000, IRQs 2, 8, 0
[    0.202419] [    T1] hpet0: 3 comparators, 64-bit 100.000000 MHz counter
[    0.205201] [    T1] clocksource: Switched to clocksource kvm-clock
[    0.206145] [    T1] VFS: Disk quotas dquot_6.6.0
[    0.206157] [    T1] VFS: Dquot-cache hash table entries: 512 (order 0, 4096 bytes)
[    0.206214] [    T1] pnp: PnP ACPI init
[    0.206310] [    T1] pnp 00:02: [dma 2]
[    0.206680] [    T1] pnp: PnP ACPI: found 6 devices
[    0.212939] [    T1] clocksource: acpi_pm: mask: 0xffffff max_cycles: 0xffffff, max_idle_ns: 2085701024 ns
[    0.213054] [    T1] NET: Registered PF_INET protocol family
[    0.213090] [    T1] IP idents hash table entries: 16384 (order: 5, 131072 bytes, linear)
[    0.224283] [    T1] tcp_listen_portaddr_hash hash table entries: 512 (order: 1, 8192 bytes, linear)
[    0.224288] [    T1] Table-perturb hash table entries: 65536 (order: 6, 262144 bytes, linear)
[    0.224292] [    T1] TCP established hash table entries: 8192 (order: 4, 65536 bytes, linear)
[    0.224300] [    T1] TCP bind hash table entries: 8192 (order: 6, 262144 bytes, linear)
[    0.224315] [    T1] TCP: Hash tables configured (established 8192 bind 8192)
[    0.224350] [    T1] MPTCP token hash table entries: 1024 (order: 2, 24576 bytes, linear)
[    0.224360] [    T1] UDP hash table entries: 512 (order: 2, 16384 bytes, linear)
[    0.224364] [    T1] UDP-Lite hash table entries: 512 (order: 2, 16384 bytes, linear)
[    0.224393] [    T1] NET: Registered PF_UNIX/PF_LOCAL protocol family
[    0.224401] [    T1] NET: Registered PF_XDP protocol family
[    0.224405] [    T1] pci 0000:00:04.0: ROM [mem 0xfffc0000-0xffffffff pref]: can't claim; no compatible bridge window
[    0.224411] [    T1] pci 0000:00:04.0: ROM [mem 0x40000000-0x4003ffff pref]: assigned
[    0.224416] [    T1] pci_bus 0000:00: resource 4 [io  0x0000-0x0cf7 window]
[    0.224418] [    T1] pci_bus 0000:00: resource 5 [io  0x0d00-0xffff window]
[    0.224420] [    T1] pci_bus 0000:00: resource 6 [mem 0x000a0000-0x000bffff window]
[    0.224422] [    T1] pci_bus 0000:00: resource 7 [mem 0x40000000-0xfebfffff window]
[    0.224424] [    T1] pci_bus 0000:00: resource 8 [mem 0x800000000-0x87fffffff window]
[    0.224426] [    T1] pci_bus 0000:00: resource 9 [mem 0xfed40000-0xfed44fff]
[    0.224483] [    T1] pci 0000:00:01.0: PIIX3: Enabling Passive Release
[    0.224495] [    T1] pci 0000:00:00.0: Limiting direct PCI/PCI transfers
[    0.264074] [    T1] ACPI: \_SB_.LNKB: Enabled at IRQ 10
[    0.304638] [    T1] pci 0000:00:06.0: quirk_usb_early_handoff+0x0/0x710 took 78193 usecs
[    0.304693] [    T1] PCI: CLS 0 bytes, default 64
[    0.304762] [   T26] Trying to unpack rootfs image as initramfs...
[    0.309308] [    T1] clocksource: tsc: mask: 0xffffffffffffffff max_cycles: 0x1fb63109b96, max_idle_ns: 440795265316 ns
[    0.309718] [    T1] Initialise system trusted keyrings
[    0.309729] [    T1] Key type blacklist registered
[    0.309774] [    T1] workingset: timestamp_bits=36 max_order=18 bucket_order=0
[    0.309784] [    T1] zbud: loaded
[    0.310047] [    T1] integrity: Platform Keyring initialized
[    0.310051] [    T1] integrity: Machine keyring initialized
[    0.332350] [    T1] Key type asymmetric registered
[    0.332353] [    T1] Asymmetric key parser 'x509' registered
[    0.426981] [   T26] Freeing initrd memory: 27072K
[    0.431495] [    T1] Block layer SCSI generic (bsg) driver version 0.4 loaded (major 247)
[    0.431520] [    T1] io scheduler mq-deadline registered
[    0.431522] [    T1] io scheduler kyber registered
[    0.431534] [    T1] io scheduler bfq registered
[    0.432828] [    T1] shpchp: Standard Hot Plug PCI Controller Driver version: 0.4
[    0.473016] [    T1] ACPI: \_SB_.LNKD: Enabled at IRQ 11
[    0.513258] [    T1] ACPI: \_SB_.LNKA: Enabled at IRQ 10
[    0.553444] [    T1] ACPI: \_SB_.LNKC: Enabled at IRQ 11
[    0.634413] [    T1] Serial: 8250/16550 driver, 32 ports, IRQ sharing enabled
[    0.634790] [    T1] 00:04: ttyS0 at I/O 0x3f8 (irq = 4, base_baud = 115200) is a 16550A
[    0.677831] [    T1] Non-volatile memory driver v1.3
[    0.677833] [    T1] Linux agpgart interface v0.103
[    0.679279] [    T1] tpm_tis MSFT0101:00: 2.0 TPM (device-id 0x1, rev-id 1)
[    0.690965] [    T1] ACPI: bus type drm_connector registered
[    0.691250] [    T1] i8042: PNP: PS/2 Controller [PNP0303:KBD,PNP0f13:MOU] at 0x60,0x64 irq 1,12
[    0.691950] [    T1] serio: i8042 KBD port at 0x60,0x64 irq 1
[    0.691956] [    T1] serio: i8042 AUX port at 0x60,0x64 irq 12
[    0.692080] [    T1] mousedev: PS/2 mouse device common for all mice
[    0.692359] [    T7] input: AT Translated Set 2 keyboard as /devices/platform/i8042/serio0/input/input0
[    0.693018] [    T7] input: VirtualPS/2 VMware VMMouse as /devices/platform/i8042/serio1/input/input3
[    0.693271] [    T7] input: VirtualPS/2 VMware VMMouse as /devices/platform/i8042/serio1/input/input2
[    0.693374] [    T1] rtc_cmos 00:05: RTC can wake from S4
[    0.693899] [    T1] rtc_cmos 00:05: registered as rtc0
[    0.693972] [    T1] rtc_cmos 00:05: setting system clock to 2024-05-28T08:01:08 UTC (1716883268)
[    0.694038] [    T1] rtc_cmos 00:05: alarms up to one day, y3k, 242 bytes nvram, hpet irqs
[    0.694051] [    T1] amd_pstate: the _CPC object is not present in SBIOS or ACPI disabled
[    0.694059] [    T1] ledtrig-cpu: registered to indicate activity on CPUs
[    0.694232] [    T1] [drm] Initialized simpledrm 1.0.0 20200625 for simple-framebuffer.0 on minor 0
[    0.696981] [    T1] Console: switching to colour frame buffer device 128x48
[    0.697912] [    T1] simple-framebuffer simple-framebuffer.0: [drm] fb0: simpledrmdrmfb frame buffer device
[    0.697937] [    T1] hid: raw HID events driver (C) Jiri Kosina
[    0.697975] [    T1] drop_monitor: Initializing network drop monitor service
[    0.698072] [    T1] NET: Registered PF_INET6 protocol family
[    0.702872] [    T1] Segment Routing with IPv6
[    0.702874] [    T1] RPL Segment Routing with IPv6
[    0.702886] [    T1] In-situ OAM (IOAM) with IPv6
[    0.703153] [    T1] IPI shorthand broadcast: enabled
[    0.705222] [    T1] sched_clock: Marking stable (703339632, -1001292)->(729782301, -27443961)
[    0.705335] [    T1] registered taskstats version 1
[    0.705435] [    T1] Loading compiled-in X.509 certificates
[    0.705465] [    T1] Loaded X.509 cert 'openSUSE Secure Boot Signkey: fd9f2c12e599d67cc7f9067541adf426b712469e'
[    0.708039] [    T1] page_owner is disabled
[    0.708089] [    T1] Key type .fscrypt registered
[    0.708091] [    T1] Key type fscrypt-provisioning registered
[    0.727931] [    T1] Key type encrypted registered
[    0.727962] [    T1] integrity: Loading X.509 certificate: UEFI:db
[    0.727984] [    T1] integrity: Loaded X.509 cert 'Microsoft Windows Production PCA 2011: a92902398e16c49778cd90f99e4f9ae17c55af53'
[    0.727986] [    T1] integrity: Loading X.509 certificate: UEFI:db
[    0.728005] [    T1] integrity: Loaded X.509 cert 'Microsoft Corporation UEFI CA 2011: 13adbf4309bd82709c8cd54f316ed522988a1bd4'
[    0.728029] [    T1] integrity: Loading X.509 certificate: UEFI:MokListRT (MOKvar table)
[    0.741724] [    T1] integrity: Loaded X.509 cert 'openSUSE Secure Boot CA: 6842600de22c4c477e95be23dfea9513e5971762'
[    0.741732] [    T1] Loading compiled-in module X.509 certificates
[    0.741749] [    T1] Loaded X.509 cert 'openSUSE Secure Boot Signkey: fd9f2c12e599d67cc7f9067541adf426b712469e'
[    0.741752] [    T1] ima: Allocated hash algorithm: sha256
[    0.761514] [   T25] audit: type=1807 audit(1716883268.563:2): action=measure func=KEXEC_KERNEL_CHECK res=1
[    0.761526] [   T25] audit: type=1807 audit(1716883268.563:3): action=measure func=MODULE_CHECK res=1
[    0.761558] [    T1] evm: Initialising EVM extended attributes:
[    0.761560] [    T1] evm: security.selinux
[    0.761562] [    T1] evm: security.SMACK64 (disabled)
[    0.761563] [    T1] evm: security.SMACK64EXEC (disabled)
[    0.761564] [    T1] evm: security.SMACK64TRANSMUTE (disabled)
[    0.761566] [    T1] evm: security.SMACK64MMAP (disabled)
[    0.761567] [    T1] evm: security.apparmor
[    0.761568] [    T1] evm: security.ima
[    0.761569] [    T1] evm: security.capability
[    0.761571] [    T1] evm: HMAC attrs: 0x1
[    0.869474] [    T1] PM:   Magic number: 8:905:18
[    0.874487] [    T1] RAS: Correctable Errors collector initialized.
[    0.887221] [    T1] Lockdown: swapper/0: hibernation is restricted; see man kernel_lockdown.7
[    0.887259] [    T1] clk: Disabling unused clocks
[    0.887261] [    T1] PM: genpd: Disabling unused power domains
[    0.888540] [    T1] Freeing unused decrypted memory: 2028K
[    0.889075] [    T1] Freeing unused kernel image (initmem) memory: 4224K
[    0.889080] [    T1] Write protecting the kernel read-only data: 30720k
[    0.889652] [    T1] Freeing unused kernel image (rodata/data gap) memory: 1316K
[    0.889659] [    T1] Run /init as init process
[    0.889661] [    T1]   with arguments:
[    0.889663] [    T1]     /init
[    0.889665] [    T1]   with environment:
[    0.889666] [    T1]     HOME=/
[    0.889667] [    T1]     TERM=linux
[    0.906101] [    T1] systemd[1]: systemd 255.6+suse.30.g3ea0e1dff3 running in system mode (+PAM +AUDIT +SELINUX +APPARMOR +IMA -SMACK +SECCOMP +GCRYPT +GNUTLS +OPENSSL +ACL +BLKID +CURL +ELFUTILS +FIDO2 +IDN2 -IDN +IPTC +KMOD +LIBCRYPTSETUP +LIBFDISK +PCRE2 +PWQUALITY +P11KIT +QRENCODE +TPM2 +BZIP2 +LZ4 +XZ +ZLIB +ZSTD +BPF_FRAMEWORK -XKBCOMMON -UTMP +SYSVINIT default-hierarchy=unified)
[    0.906106] [    T1] systemd[1]: Detected virtualization kvm.
[    0.906120] [    T1] systemd[1]: Detected architecture x86-64.
[    0.906123] [    T1] systemd[1]: Running in initrd.
[    0.906322] [    T1] systemd[1]: No hostname configured, using default hostname.
[    0.906377] [    T1] systemd[1]: Hostname set to <localhost>.
[    0.983390] [    T1] systemd[1]: Queued start job for default target Initrd Default Target.
[    0.993578] [    T1] systemd[1]: Created slice Slice /system/systemd-cryptsetup.
[    0.993823] [    T1] systemd[1]: Started Dispatch Password Requests to Console Directory Watch.
[    0.993961] [    T1] systemd[1]: Expecting device /dev/disk/by-uuid/8e1db0e5-66e2-4309-9280-394cf494d447...
[    0.994105] [    T1] systemd[1]: Expecting device /dev/disk/by-uuid/9327db21-573a-46a2-bc81-4d7f8156363a...
[    0.994238] [    T1] systemd[1]: Expecting device /dev/disk/by-uuid/D27B-37E5...
[    0.994385] [    T1] systemd[1]: Reached target Initrd /usr File System.
[    0.994517] [    T1] systemd[1]: Reached target Path Units.
[    0.994644] [    T1] systemd[1]: Reached target Slice Units.
[    0.994770] [    T1] systemd[1]: Reached target Swaps.
[    0.994896] [    T1] systemd[1]: Reached target Timer Units.
[    0.995132] [    T1] systemd[1]: Listening on Journal Socket (/dev/log).
[    0.995379] [    T1] systemd[1]: Listening on Journal Socket.
[    0.995632] [    T1] systemd[1]: Listening on udev Control Socket.
[    0.995873] [    T1] systemd[1]: Listening on udev Kernel Socket.
[    0.996007] [    T1] systemd[1]: Reached target Socket Units.
[    0.999122] [    T1] systemd[1]: Starting Create List of Static Device Nodes...
[    1.002454] [    T1] systemd[1]: Starting Journal Service...
[    1.002619] [    T1] systemd[1]: Load Kernel Modules was skipped because no trigger condition checks were met.
[    1.006889] [    T1] systemd[1]: Starting Apply Kernel Variables...
[    1.014337] [    T1] systemd[1]: Starting Virtual Console Setup...
[    1.014883] [    T1] systemd[1]: Finished Create List of Static Device Nodes.
[    1.022536] [    T1] systemd[1]: Starting Create Static Device Nodes in /dev gracefully...
[    1.042823] [    T1] systemd[1]: Finished Apply Kernel Variables.
[    1.046891] [  T173] systemd-journald[173]: Collecting audit messages is disabled.
[    1.051816] [    T1] systemd[1]: Finished Create Static Device Nodes in /dev gracefully.
[    1.065834] [    T1] systemd[1]: Starting Create System Users...
[    1.081404] [    T1] systemd[1]: Finished Create System Users.
[    1.090110] [    T1] systemd[1]: Starting Create Static Device Nodes in /dev...
[    1.090205] [    T1] systemd[1]: Started Journal Service.
[    1.311449] [  T327] device-mapper: uevent: version 1.0.3
[    1.311540] [  T327] device-mapper: ioctl: 4.48.0-ioctl (2023-03-01) initialised: dm-devel@lists.linux.dev
[    1.379003] [  T334] raid6: avx2x4   gen() 36740 MB/s
[    1.435670] [  T334] raid6: avx2x2   gen() 29649 MB/s
[    1.492336] [  T334] raid6: avx2x1   gen() 25583 MB/s
[    1.492338] [  T334] raid6: using algorithm avx2x4 gen() 36740 MB/s
[    1.549005] [  T334] raid6: .... xor() 5502 MB/s, rmw enabled
[    1.549007] [  T334] raid6: using avx2x2 recovery algorithm
[    1.549792] [  T334] xor: automatically using best checksumming function   avx       
[    1.665903] [  T334] Btrfs loaded, assert=on, zoned=yes, fsverity=yes
[    1.917862] [  T366] virtio_blk virtio4: 1/0/0 default/read/poll queues
[    1.918458] [  T366] virtio_blk virtio4: [vda] 62914560 512-byte logical blocks (32.2 GB/30.0 GiB)
[    1.957704] [  T359] cryptd: max_cpu_qlen set to 1000
[    1.963122] [  T358] FDC 0 is a S82078B
[    1.978008] [  T359] AVX2 version of gcm_enc/dec engaged.
[    1.978027] [  T359] AES CTR mode by8 optimization enabled
[    1.999482] [  T357] SCSI subsystem initialized
[    2.017732] [  T360] virtio_scsi virtio3: 1/0/0 default/read/poll queues
[    2.018599] [  T360] scsi host0: Virtio SCSI HBA
[    2.037949] [  T362] ACPI: bus type USB registered
[    2.040531] [  T362] usbcore: registered new interface driver usbfs
[    2.040544] [  T362] usbcore: registered new interface driver hub
[    2.040558] [  T362] usbcore: registered new device driver usb
[    2.046056] [  T366]  vda: vda1 vda2 vda3
[    2.096459] [  T357] libata version 3.00 loaded.
[    2.129809] [  T357] ata_piix 0000:00:01.1: version 2.13
[    2.137477] [  T357] scsi host1: ata_piix
[    2.137981] [  T357] scsi host2: ata_piix
[    2.138074] [  T357] ata1: PATA max MWDMA2 cmd 0x1f0 ctl 0x3f6 bmdma 0xc140 irq 14 lpm-pol 0
[    2.138077] [  T357] ata2: PATA max MWDMA2 cmd 0x170 ctl 0x376 bmdma 0xc148 irq 15 lpm-pol 0
[    2.264627] [  T362] xhci_hcd 0000:00:06.0: xHCI Host Controller
[    2.264636] [  T362] xhci_hcd 0000:00:06.0: new USB bus registered, assigned bus number 1
[    2.264899] [  T362] xhci_hcd 0000:00:06.0: hcc params 0x00087001 hci version 0x100 quirks 0x0000000000000010
[    2.265476] [  T362] xhci_hcd 0000:00:06.0: xHCI Host Controller
[    2.265481] [  T362] xhci_hcd 0000:00:06.0: new USB bus registered, assigned bus number 2
[    2.265485] [  T362] xhci_hcd 0000:00:06.0: Host supports USB 3.0 SuperSpeed
[    2.271760] [  T362] usb usb1: New USB device found, idVendor=1d6b, idProduct=0002, bcdDevice= 6.09
[    2.271765] [  T362] usb usb1: New USB device strings: Mfr=3, Product=2, SerialNumber=1
[    2.271768] [  T362] usb usb1: Product: xHCI Host Controller
[    2.271770] [  T362] usb usb1: Manufacturer: Linux 6.9.1-1-default xhci-hcd
[    2.271772] [  T362] usb usb1: SerialNumber: 0000:00:06.0
[    2.271968] [  T362] hub 1-0:1.0: USB hub found
[    2.272006] [  T362] hub 1-0:1.0: 4 ports detected
[    2.273259] [  T362] usb usb2: We don't know the algorithms for LPM for this host, disabling LPM.
[    2.273288] [  T362] usb usb2: New USB device found, idVendor=1d6b, idProduct=0003, bcdDevice= 6.09
[    2.273291] [  T362] usb usb2: New USB device strings: Mfr=3, Product=2, SerialNumber=1
[    2.273293] [  T362] usb usb2: Product: xHCI Host Controller
[    2.273295] [  T362] usb usb2: Manufacturer: Linux 6.9.1-1-default xhci-hcd
[    2.273297] [  T362] usb usb2: SerialNumber: 0000:00:06.0
[    2.274362] [  T362] hub 2-0:1.0: USB hub found
[    2.274431] [  T362] hub 2-0:1.0: 4 ports detected
[    2.292602] [  T401] ata2: found unknown device (class 0)
[    2.296360] [  T401] ata2.00: ATAPI: QEMU DVD-ROM, 2.5+, max UDMA/100
[    2.297334] [   T10] scsi 2:0:0:0: CD-ROM            QEMU     QEMU DVD-ROM     2.5+ PQ: 0 ANSI: 5
[    2.319434] [   T10] scsi 2:0:0:0: Attached scsi generic sg0 type 5
[    2.360231] [  T363] sr 2:0:0:0: [sr0] scsi3-mmc drive: 4x/4x cd/rw xa/form2 tray
[    2.360234] [  T363] cdrom: Uniform CD-ROM driver Revision: 3.20
[    2.373956] [  T363] sr 2:0:0:0: Attached scsi CD-ROM sr0
[    2.519268] [  T132] usb 1-1: new high-speed USB device number 2 using xhci_hcd
[    2.659401] [  T132] usb 1-1: New USB device found, idVendor=0627, idProduct=0001, bcdDevice= 0.00
[    2.659407] [  T132] usb 1-1: New USB device strings: Mfr=1, Product=3, SerialNumber=10
[    2.659410] [  T132] usb 1-1: Product: QEMU USB Tablet
[    2.659412] [  T132] usb 1-1: Manufacturer: QEMU
[    2.659414] [  T132] usb 1-1: SerialNumber: 28754-0000:00:06.0-1
[    2.668493] [  T363] usbcore: registered new interface driver usbhid
[    2.668496] [  T363] usbhid: USB HID core driver
[    2.672855] [  T363] input: QEMU QEMU USB Tablet as /devices/pci0000:00/0000:00:06.0/usb1/1-1/1-1:1.0/0003:0627:0001.0001/input/input4
[    2.673026] [  T363] hid-generic 0003:0627:0001.0001: input,hidraw0: USB HID v0.01 Mouse [QEMU QEMU USB Tablet] on usb-0000:00:06.0-1/input0
[    3.320272] [  T542] Key type trusted registered
[    3.913769] [  T575] BTRFS: device label ROOT devid 1 transid 408 /dev/mapper/cr_root (254:0) scanned by mount (575)
[    3.914362] [  T575] BTRFS info (device dm-0): first mount of filesystem 8e1db0e5-66e2-4309-9280-394cf494d447
[    3.914377] [  T575] BTRFS info (device dm-0): using crc32c (crc32c-intel) checksum algorithm
[    3.914382] [  T575] BTRFS info (device dm-0): using free-space-tree
[    4.327005] [  T173] systemd-journald[173]: Received SIGTERM from PID 1 (systemd).
[    4.390171] [   T25] audit: type=1404 audit(1716883272.193:4): enforcing=1 old_enforcing=0 auid=4294967295 ses=4294967295 enabled=1 old-enabled=1 lsm=selinux res=1
[    4.444704] [    T1] SELinux:  policy capability network_peer_controls=1
[    4.444708] [    T1] SELinux:  policy capability open_perms=1
[    4.444710] [    T1] SELinux:  policy capability extended_socket_class=1
[    4.444712] [    T1] SELinux:  policy capability always_check_network=0
[    4.444713] [    T1] SELinux:  policy capability cgroup_seclabel=1
[    4.444714] [    T1] SELinux:  policy capability nnp_nosuid_transition=1
[    4.444715] [    T1] SELinux:  policy capability genfs_seclabel_symlinks=1
[    4.444717] [    T1] SELinux:  policy capability ioctl_skip_cloexec=0
[    4.444718] [    T1] SELinux:  policy capability userspace_initial_context=0
[    4.487437] [   T25] audit: type=1403 audit(1716883272.289:5): auid=4294967295 ses=4294967295 lsm=selinux res=1
[    4.488753] [    T1] systemd[1]: Successfully loaded SELinux policy in 98.711ms.
[    4.557431] [    T1] systemd[1]: Relabeled /dev, /dev/shm, /run, /sys/fs/cgroup in 31.525ms.
[    4.560269] [    T1] systemd[1]: systemd 255.6+suse.30.g3ea0e1dff3 running in system mode (+PAM +AUDIT +SELINUX +APPARMOR +IMA -SMACK +SECCOMP +GCRYPT +GNUTLS +OPENSSL +ACL +BLKID +CURL +ELFUTILS +FIDO2 +IDN2 -IDN +IPTC +KMOD +LIBCRYPTSETUP +LIBFDISK +PCRE2 +PWQUALITY +P11KIT +QRENCODE +TPM2 +BZIP2 +LZ4 +XZ +ZLIB +ZSTD +BPF_FRAMEWORK -XKBCOMMON -UTMP +SYSVINIT default-hierarchy=unified)
[    4.560274] [    T1] systemd[1]: Detected virtualization kvm.
[    4.560289] [    T1] systemd[1]: Detected architecture x86-64.
[    4.563481] [    T1] evm: overlay not supported
[    4.925701] [    T1] systemd[1]: bpf-lsm: LSM BPF program attached
[    4.949064] [   T25] audit: type=1400 audit(1716883272.749:6): avc:  denied  { map_read map_write } for  pid=666 comm="systemd-fstab-g" scontext=system_u:system_r:systemd_fstab_generator_t:s0 tcontext=system_u:system_r:init_t:s0 tclass=bpf permissive=0
[    4.962450] [   T25] audit: type=1400 audit(1716883272.763:7): avc:  denied  { map_read map_write } for  pid=668 comm="systemd-gpt-aut" scontext=system_u:system_r:systemd_gpt_generator_t:s0 tcontext=system_u:system_r:init_t:s0 tclass=bpf permissive=0
[    5.011803] [   T25] audit: type=1400 audit(1716883272.813:8): avc:  denied  { write } for  pid=668 comm="systemd-gpt-aut" name="generator.late" dev="tmpfs" ino=710 scontext=system_u:system_r:systemd_gpt_generator_t:s0 tcontext=system_u:object_r:init_var_run_t:s0 tclass=dir permissive=0
[    5.011824] [  T668] systemd-gpt-auto-generator[668]: Failed to create symlink "/run/systemd/generator.late/local-fs.target.wants/systemd-remount-fs.service": No such file or directory
[    5.020029] [  T660] (sd-exec-[660]: /usr/lib/systemd/system-generators/systemd-gpt-auto-generator failed with exit status 1.
[    5.153698] [    T1] systemd[1]: initrd-switch-root.service: Deactivated successfully.
[    5.153847] [    T1] systemd[1]: Stopped Switch Root.
[    5.157869] [    T1] systemd[1]: systemd-journald.service: Scheduled restart job, restart counter is at 1.
[    5.158229] [    T1] systemd[1]: Created slice Slice /system/getty.
[    5.158813] [    T1] systemd[1]: Created slice Slice /system/modprobe.
[    5.159773] [    T1] systemd[1]: Created slice Slice /system/serial-getty.
[    5.160356] [    T1] systemd[1]: Created slice User and Session Slice.
[    5.160963] [    T1] systemd[1]: Started Dispatch Password Requests to Console Directory Watch.
[    5.161783] [    T1] systemd[1]: Set up automount Arbitrary Executable File Formats File System Automount Point.
[    5.162071] [    T1] systemd[1]: Expecting device /dev/disk/by-uuid/D27B-37E5...
[    5.162759] [    T1] systemd[1]: Expecting device /dev/hvc0...
[    5.164816] [    T1] systemd[1]: Expecting device /dev/hvc1...
[    5.165427] [    T1] systemd[1]: Expecting device /dev/ttyS0...
[    5.166117] [    T1] systemd[1]: Reached target Block Device Preparation for /dev/mapper/cr_root.
[    5.166494] [    T1] systemd[1]: Reached target Local Encrypted Volumes.
[    5.166774] [    T1] systemd[1]: Stopped target Switch Root.
[    5.167046] [    T1] systemd[1]: Stopped target Initrd File Systems.
[    5.167320] [    T1] systemd[1]: Stopped target Initrd Root File System.
[    5.167596] [    T1] systemd[1]: Reached target Local Integrity Protected Volumes.
[    5.167880] [    T1] systemd[1]: Reached target Remote File Systems.
[    5.168164] [    T1] systemd[1]: Reached target Slice Units.
[    5.168443] [    T1] systemd[1]: Reached target Swaps.
[    5.168713] [    T1] systemd[1]: Reached target System Time Set.
[    5.168991] [    T1] systemd[1]: Reached target Local Verity Protected Volumes.
[    5.172908] [    T1] systemd[1]: Listening on Device-mapper event daemon FIFOs.
[    5.176545] [    T1] systemd[1]: Listening on LVM2 poll daemon socket.
[    5.178418] [    T1] systemd[1]: Listening on Process Core Dump Socket.
[    5.178720] [    T1] systemd[1]: TPM2 PCR Extension (Varlink) was skipped because of an unmet condition check (ConditionSecurity=measured-uki).
[    5.180150] [    T1] systemd[1]: Listening on udev Control Socket.
[    5.180937] [    T1] systemd[1]: Listening on udev Kernel Socket.
[    5.189114] [    T1] systemd[1]: Mounting Huge Pages File System...
[    5.192690] [    T1] systemd[1]: Mounting POSIX Message Queue File System...
[    5.199130] [    T1] systemd[1]: Mounting Kernel Debug File System...
[    5.207761] [    T1] systemd[1]: Mounting Kernel Trace File System...
[    5.212465] [    T1] systemd[1]: Mounting Temporary Directory /tmp...
[    5.218015] [    T1] systemd[1]: Starting Create List of Static Device Nodes...
[    5.225826] [    T1] systemd[1]: Starting Monitoring of LVM2 mirrors, snapshots etc. using dmeventd or progress polling...
[    5.232513] [    T1] systemd[1]: Starting Load Kernel Module configfs...
[    5.258622] [    T1] systemd[1]: Starting Load Kernel Module dm_mod...
[    5.265887] [    T1] systemd[1]: Starting Load Kernel Module drm...
[    5.270198] [    T1] systemd[1]: Starting Load Kernel Module efi_pstore...
[    5.272846] [    T1] systemd[1]: Starting Load Kernel Module fuse...
[    5.295775] [    T1] systemd[1]: Starting Load Kernel Module loop...
[    5.296068] [    T1] systemd[1]: systemd-fsck-root.service: Deactivated successfully.
[    5.296153] [    T1] systemd[1]: Stopped File System Check on Root Device.
[    5.311684] [    T1] systemd[1]: Starting Journal Service...
[    5.312141] [    T1] systemd[1]: Load Kernel Modules was skipped because no trigger condition checks were met.
[    5.312189] [    T1] systemd[1]: Apply Kernel Variables for 6.9.1-1-default from /boot was skipped because of an unmet condition check (ConditionPathExists=/boot/sysctl.conf-6.9.1-1-default).
[    5.330169] [    T1] systemd[1]: Starting Apply Kernel Variables for 6.9.1-1-default...
[    5.330445] [    T1] systemd[1]: TPM2 PCR Machine ID Measurement was skipped because of an unmet condition check (ConditionSecurity=measured-uki).
[    5.334040] [  T689] fuse: init (API version 7.40)
[    5.335789] [    T1] systemd[1]: Starting Remount Root and Kernel File Systems...
[    5.336062] [    T1] systemd[1]: TPM2 SRK Setup (Early) was skipped because of an unmet condition check (ConditionSecurity=measured-uki).
[    5.345851] [  T690] loop: module loaded
[    5.346220] [    T1] systemd[1]: Starting Coldplug All udev Devices...
[    5.357227] [    T1] systemd[1]: Mounted Huge Pages File System.
[    5.361888] [    T1] systemd[1]: Mounted POSIX Message Queue File System.
[    5.362208] [    T1] systemd[1]: Mounted Kernel Debug File System.
[    5.365890] [    T1] systemd[1]: Mounted Kernel Trace File System.
[    5.366191] [    T1] systemd[1]: Mounted Temporary Directory /tmp.
[    5.372404] [    T1] systemd[1]: Finished Create List of Static Device Nodes.
[    5.372994] [    T1] systemd[1]: modprobe@configfs.service: Deactivated successfully.
[    5.373101] [    T1] systemd[1]: Finished Load Kernel Module configfs.
[    5.373564] [    T1] systemd[1]: modprobe@dm_mod.service: Deactivated successfully.
[    5.373662] [    T1] systemd[1]: Finished Load Kernel Module dm_mod.
[    5.374105] [    T1] systemd[1]: modprobe@drm.service: Deactivated successfully.
[    5.374209] [    T1] systemd[1]: Finished Load Kernel Module drm.
[    5.374643] [    T1] systemd[1]: modprobe@efi_pstore.service: Deactivated successfully.
[    5.374740] [    T1] systemd[1]: Finished Load Kernel Module efi_pstore.
[    5.375167] [    T1] systemd[1]: modprobe@fuse.service: Deactivated successfully.
[    5.375269] [    T1] systemd[1]: Finished Load Kernel Module fuse.
[    5.392472] [    T1] systemd[1]: modprobe@loop.service: Deactivated successfully.
[    5.392584] [    T1] systemd[1]: Finished Load Kernel Module loop.
[    5.393046] [    T1] systemd[1]: Finished Apply Kernel Variables for 6.9.1-1-default.
[    5.412391] [    T1] systemd[1]: Mounting FUSE Control File System...
[    5.419101] [    T1] systemd[1]: Mounting Kernel Configuration File System...
[    5.419364] [    T1] systemd[1]: Repartition Root Disk was skipped because no trigger condition checks were met.
[    5.425831] [    T1] systemd[1]: Starting Apply Kernel Variables...
[    5.435957] [  T691] systemd-journald[691]: Collecting audit messages is disabled.
[    5.439137] [    T1] systemd[1]: Starting Create Static Device Nodes in /dev gracefully...
[    5.440441] [    T1] systemd[1]: Started Journal Service.
[    5.929238] [  T742] BTRFS info: devid 1 device path /dev/mapper/cr_root changed to /dev/dm-0 scanned by (udev-worker) (742)
[    5.930251] [  T742] BTRFS info: devid 1 device path /dev/dm-0 changed to /dev/mapper/cr_root scanned by (udev-worker) (742)
[    6.082766] [  T747] input: Power Button as /devices/LNXSYSTM:00/LNXPWRBN:00/input/input5
[    6.102377] [  T747] ACPI: button: Power Button [PWRF]
[    6.115052] [  T746] parport_pc 00:03: reported by Plug and Play ACPI
[    6.115211] [  T746] parport0: PC-style at 0x378, irq 7 [PCSPP,TRISTATE]
[    6.153904] [  T748] piix4_smbus 0000:00:01.3: SMBus Host Controller at 0xb100, revision 0
[    6.185262] [  T749] input: PC Speaker as /devices/platform/pcspkr/input/input6
[    6.203743] [  T745] Console: switching to colour dummy device 80x25
[    6.215913] [  T745] bochs-drm 0000:00:02.0: vgaarb: deactivate vga console
[    6.216008] [  T745] [drm] Found bochs VGA, ID 0xb0c5.
[    6.216011] [  T745] [drm] Framebuffer size 16384 kB @ 0x80000000, mmio @ 0x81048000.
[    6.235296] [  T745] [drm] Found EDID data blob.
[    6.252720] [  T745] [drm] Initialized bochs-drm 1.0.0 20130925 for 0000:00:02.0 on minor 0
[    6.255437] [  T745] fbcon: bochs-drmdrmfb (fb0) is primary device
[    6.394166] [  T746] virtio_net virtio0 ens4: renamed from eth0
[    6.427871] [  T749] ppdev: user-space parallel port driver
[    6.470170] [  T750] kvm_amd: Nested Virtualization enabled
[    6.470172] [  T750] kvm_amd: Nested Paging enabled
[    6.486073] [  T745] Console: switching to colour frame buffer device 128x48
[    6.516333] [  T745] bochs-drm 0000:00:02.0: [drm] fb0: bochs-drmdrmfb frame buffer device
[    6.700163] [  T691] systemd-journald[691]: Received client request to flush runtime journal.
[    6.728040] [  T789] snd_hda_codec_generic hdaudioC0D0: autoconfig for Generic: line_outs=1 (0x3/0x0/0x0/0x0/0x0) type:line
[    6.728045] [  T789] snd_hda_codec_generic hdaudioC0D0:    speaker_outs=0 (0x0/0x0/0x0/0x0/0x0)
[    6.728047] [  T789] snd_hda_codec_generic hdaudioC0D0:    hp_outs=0 (0x0/0x0/0x0/0x0/0x0)
[    6.728050] [  T789] snd_hda_codec_generic hdaudioC0D0:    mono: mono_out=0x0
[    6.728052] [  T789] snd_hda_codec_generic hdaudioC0D0:    inputs:
[    6.761928] [  T691] systemd-journald[691]: /var/log/journal/6a61b1be152349db87cee435626124a7/system.journal: Journal file uses a different sequence number ID, rotating.
[    6.761933] [  T691] systemd-journald[691]: Rotating system journal.
[    7.387952] [  T863] Lockdown: numlockbios: /dev/mem,kmem,port is restricted; see man kernel_lockdown.7
[    7.422912] [  T872] Lockdown: numlockbios: /dev/mem,kmem,port is restricted; see man kernel_lockdown.7
[    7.577692] [  T878] Lockdown: numlockbios: /dev/mem,kmem,port is restricted; see man kernel_lockdown.7
[    7.633918] [  T888] Lockdown: numlockbios: /dev/mem,kmem,port is restricted; see man kernel_lockdown.7
[    7.670186] [  T896] Lockdown: numlockbios: /dev/mem,kmem,port is restricted; see man kernel_lockdown.7
[    7.712916] [  T904] Lockdown: numlockbios: /dev/mem,kmem,port is restricted; see man kernel_lockdown.7
[    8.633944] [  T949] NET: Registered PF_QIPCRTR protocol family
[    8.654345] [  T951] NET: Registered PF_PACKET protocol family
