[    0.000000] [    T0] Linux version 6.9.1-1-default (geeko@buildhost) (gcc (SUSE Linux) 13.2.1 20240509 [revision b7a2697733d19a093cbdd0e200ffce069a4bc812], GNU ld (GNU Binutils; openSUSE Tumbleweed) 2.42.0.20240130-3) #1 SMP PREEMPT_DYNAMIC Fri May 17 11:59:46 UTC 2024 (0c0b0b5)
[    0.000000] [    T0] Command line: initrd=\opensuse-microos\6.9.1-1-default\initrd-684b272fb55f1cef9c0172c83fed01af3ec0d511 quiet systemd.show_status=yes console=ttyS0,115200 console=tty0 ignition.platform.id=qemu security=selinux selinux=1 root=UUID=8e1db0e5-66e2-4309-9280-394cf494d447 rootflags=subvol=@/.snapshots/14/snapshot systemd.machine_id=ac32e82db52b4c29a228c466588b5044
[    0.000000] [    T0] BIOS-provided physical RAM map:
[    0.000000] [    T0] BIOS-e820: [mem 0x0000000000000000-0x000000000009ffff] usable
[    0.000000] [    T0] BIOS-e820: [mem 0x0000000000100000-0x00000000007fffff] usable
[    0.000000] [    T0] BIOS-e820: [mem 0x0000000000800000-0x0000000000807fff] ACPI NVS
[    0.000000] [    T0] BIOS-e820: [mem 0x0000000000808000-0x000000000080afff] usable
[    0.000000] [    T0] BIOS-e820: [mem 0x000000000080b000-0x000000000080bfff] ACPI NVS
[    0.000000] [    T0] BIOS-e820: [mem 0x000000000080c000-0x000000000080ffff] usable
[    0.000000] [    T0] BIOS-e820: [mem 0x0000000000810000-0x00000000008fffff] ACPI NVS
[    0.000000] [    T0] BIOS-e820: [mem 0x0000000000900000-0x000000003f8eefff] usable
[    0.000000] [    T0] BIOS-e820: [mem 0x000000003f8ef000-0x000000003fb6efff] reserved
[    0.000000] [    T0] BIOS-e820: [mem 0x000000003fb6f000-0x000000003fb7efff] ACPI data
[    0.000000] [    T0] BIOS-e820: [mem 0x000000003fb7f000-0x000000003fbfefff] ACPI NVS
[    0.000000] [    T0] BIOS-e820: [mem 0x000000003fbff000-0x000000003ff57fff] usable
[    0.000000] [    T0] BIOS-e820: [mem 0x000000003ff58000-0x000000003ff77fff] reserved
[    0.000000] [    T0] BIOS-e820: [mem 0x000000003ff78000-0x000000003fffffff] ACPI NVS
[    0.000000] [    T0] BIOS-e820: [mem 0x00000000ffe00000-0x00000000ffffffff] reserved
[    0.000000] [    T0] NX (Execute Disable) protection: active
[    0.000000] [    T0] APIC: Static calls initialized
[    0.000000] [    T0] e820: update [mem 0x3e20c018-0x3e215c57] usable ==> usable
[    0.000000] [    T0] e820: update [mem 0x3e1e3018-0x3e20b057] usable ==> usable
[    0.000000] [    T0] extended physical RAM map:
[    0.000000] [    T0] reserve setup_data: [mem 0x0000000000000000-0x000000000009ffff] usable
[    0.000000] [    T0] reserve setup_data: [mem 0x0000000000100000-0x00000000007fffff] usable
[    0.000000] [    T0] reserve setup_data: [mem 0x0000000000800000-0x0000000000807fff] ACPI NVS
[    0.000000] [    T0] reserve setup_data: [mem 0x0000000000808000-0x000000000080afff] usable
[    0.000000] [    T0] reserve setup_data: [mem 0x000000000080b000-0x000000000080bfff] ACPI NVS
[    0.000000] [    T0] reserve setup_data: [mem 0x000000000080c000-0x000000000080ffff] usable
[    0.000000] [    T0] reserve setup_data: [mem 0x0000000000810000-0x00000000008fffff] ACPI NVS
[    0.000000] [    T0] reserve setup_data: [mem 0x0000000000900000-0x000000003e1e3017] usable
[    0.000000] [    T0] reserve setup_data: [mem 0x000000003e1e3018-0x000000003e20b057] usable
[    0.000000] [    T0] reserve setup_data: [mem 0x000000003e20b058-0x000000003e20c017] usable
[    0.000000] [    T0] reserve setup_data: [mem 0x000000003e20c018-0x000000003e215c57] usable
[    0.000000] [    T0] reserve setup_data: [mem 0x000000003e215c58-0x000000003f8eefff] usable
[    0.000000] [    T0] reserve setup_data: [mem 0x000000003f8ef000-0x000000003fb6efff] reserved
[    0.000000] [    T0] reserve setup_data: [mem 0x000000003fb6f000-0x000000003fb7efff] ACPI data
[    0.000000] [    T0] reserve setup_data: [mem 0x000000003fb7f000-0x000000003fbfefff] ACPI NVS
[    0.000000] [    T0] reserve setup_data: [mem 0x000000003fbff000-0x000000003ff57fff] usable
[    0.000000] [    T0] reserve setup_data: [mem 0x000000003ff58000-0x000000003ff77fff] reserved
[    0.000000] [    T0] reserve setup_data: [mem 0x000000003ff78000-0x000000003fffffff] ACPI NVS
[    0.000000] [    T0] reserve setup_data: [mem 0x00000000ffe00000-0x00000000ffffffff] reserved
[    0.000000] [    T0] efi: EFI v2.7 by EDK II
[    0.000000] [    T0] efi: SMBIOS=0x3f909000 ACPI=0x3fb7e000 ACPI 2.0=0x3fb7e014 MEMATTR=0x3e770018 MOKvar=0x3e76c000 RNG=0x3fb75f18 INITRD=0x3e21ef98 
[    0.000000] [    T0] random: crng init done
[    0.000000] [    T0] efi: Remove mem122: MMIO range=[0xffe00000-0xffffffff] (2MB) from e820 map
[    0.000000] [    T0] e820: remove [mem 0xffe00000-0xffffffff] reserved
[    0.000000] [    T0] secureboot: Secure boot enabled
[    0.000000] [    T0] Kernel is locked down from EFI Secure Boot mode; see man kernel_lockdown.7
[    0.000000] [    T0] SMBIOS 2.8 present.
[    0.000000] [    T0] DMI: QEMU Standard PC (i440FX + PIIX, 1996), BIOS 0.0.0 02/06/2015
[    0.000000] [    T0] Hypervisor detected: KVM
[    0.000000] [    T0] kvm-clock: Using msrs 4b564d01 and 4b564d00
[    0.000000] [    T0] kvm-clock: using sched offset of 1217301856470 cycles
[    0.000002] [    T0] clocksource: kvm-clock: mask: 0xffffffffffffffff max_cycles: 0x1cd42e4dffb, max_idle_ns: 881590591483 ns
[    0.000005] [    T0] tsc: Detected 2199.998 MHz processor
[    0.000152] [    T0] e820: update [mem 0x00000000-0x00000fff] usable ==> reserved
[    0.000155] [    T0] e820: remove [mem 0x000a0000-0x000fffff] usable
[    0.000163] [    T0] last_pfn = 0x3ff58 max_arch_pfn = 0x400000000
[    0.000233] [    T0] MTRR map: 4 entries (2 fixed + 2 variable; max 18), built from 8 variable MTRRs
[    0.000237] [    T0] x86/PAT: Configuration [0-7]: WB  WC  UC- UC  WB  WP  UC- WT  
[    0.004515] [    T0] e820: update [mem 0x3e76c000-0x3e76cfff] usable ==> reserved
[    0.004536] [    T0] Using GB pages for direct mapping
[    0.004985] [    T0] secureboot: Secure boot enabled
[    0.004985] [    T0] RAMDISK: [mem 0x3295e000-0x37469fff]
[    0.004987] [    T0] ACPI: Early table checksum verification disabled
[    0.004989] [    T0] ACPI: RSDP 0x000000003FB7E014 000024 (v02 BOCHS )
[    0.004993] [    T0] ACPI: XSDT 0x000000003FB7D0E8 00004C (v01 BOCHS  BXPC     00000001      01000013)
[    0.004998] [    T0] ACPI: FACP 0x000000003FB7A000 000074 (v01 BOCHS  BXPC     00000001 BXPC 00000001)
[    0.005002] [    T0] ACPI: DSDT 0x000000003FB7B000 001768 (v01 BOCHS  BXPC     00000001 BXPC 00000001)
[    0.005004] [    T0] ACPI: FACS 0x000000003FBDD000 000040
[    0.005006] [    T0] ACPI: APIC 0x000000003FB79000 000078 (v01 BOCHS  BXPC     00000001 BXPC 00000001)
[    0.005008] [    T0] ACPI: HPET 0x000000003FB78000 000038 (v01 BOCHS  BXPC     00000001 BXPC 00000001)
[    0.005011] [    T0] ACPI: WAET 0x000000003FB77000 000028 (v01 BOCHS  BXPC     00000001 BXPC 00000001)
[    0.005013] [    T0] ACPI: BGRT 0x000000003FB76000 000038 (v01 INTEL  EDK2     00000002      01000013)
[    0.005015] [    T0] ACPI: Reserving FACP table memory at [mem 0x3fb7a000-0x3fb7a073]
[    0.005016] [    T0] ACPI: Reserving DSDT table memory at [mem 0x3fb7b000-0x3fb7c767]
[    0.005017] [    T0] ACPI: Reserving FACS table memory at [mem 0x3fbdd000-0x3fbdd03f]
[    0.005017] [    T0] ACPI: Reserving APIC table memory at [mem 0x3fb79000-0x3fb79077]
[    0.005018] [    T0] ACPI: Reserving HPET table memory at [mem 0x3fb78000-0x3fb78037]
[    0.005019] [    T0] ACPI: Reserving WAET table memory at [mem 0x3fb77000-0x3fb77027]
[    0.005019] [    T0] ACPI: Reserving BGRT table memory at [mem 0x3fb76000-0x3fb76037]
[    0.005300] [    T0] No NUMA configuration found
[    0.005301] [    T0] Faking a node at [mem 0x0000000000000000-0x000000003ff57fff]
[    0.005309] [    T0] NODE_DATA(0) allocated [mem 0x3fe87000-0x3feb1fff]
[    0.005523] [    T0] Zone ranges:
[    0.005523] [    T0]   DMA      [mem 0x0000000000001000-0x0000000000ffffff]
[    0.005525] [    T0]   DMA32    [mem 0x0000000001000000-0x000000003ff57fff]
[    0.005526] [    T0]   Normal   empty
[    0.005527] [    T0]   Device   empty
[    0.005528] [    T0] Movable zone start for each node
[    0.005530] [    T0] Early memory node ranges
[    0.005530] [    T0]   node   0: [mem 0x0000000000001000-0x000000000009ffff]
[    0.005531] [    T0]   node   0: [mem 0x0000000000100000-0x00000000007fffff]
[    0.005532] [    T0]   node   0: [mem 0x0000000000808000-0x000000000080afff]
[    0.005533] [    T0]   node   0: [mem 0x000000000080c000-0x000000000080ffff]
[    0.005534] [    T0]   node   0: [mem 0x0000000000900000-0x000000003f8eefff]
[    0.005534] [    T0]   node   0: [mem 0x000000003fbff000-0x000000003ff57fff]
[    0.005535] [    T0] Initmem setup node 0 [mem 0x0000000000001000-0x000000003ff57fff]
[    0.005540] [    T0] On node 0, zone DMA: 1 pages in unavailable ranges
[    0.005555] [    T0] On node 0, zone DMA: 96 pages in unavailable ranges
[    0.005556] [    T0] On node 0, zone DMA: 8 pages in unavailable ranges
[    0.005557] [    T0] On node 0, zone DMA: 1 pages in unavailable ranges
[    0.005572] [    T0] On node 0, zone DMA: 240 pages in unavailable ranges
[    0.006088] [    T0] On node 0, zone DMA32: 784 pages in unavailable ranges
[    0.006091] [    T0] On node 0, zone DMA32: 168 pages in unavailable ranges
[    0.006609] [    T0] ACPI: PM-Timer IO Port: 0xb008
[    0.006616] [    T0] ACPI: LAPIC_NMI (acpi_id[0xff] dfl dfl lint[0x1])
[    0.006646] [    T0] IOAPIC[0]: apic_id 0, version 17, address 0xfec00000, GSI 0-23
[    0.006649] [    T0] ACPI: INT_SRC_OVR (bus 0 bus_irq 0 global_irq 2 dfl dfl)
[    0.006650] [    T0] ACPI: INT_SRC_OVR (bus 0 bus_irq 5 global_irq 5 high level)
[    0.006651] [    T0] ACPI: INT_SRC_OVR (bus 0 bus_irq 9 global_irq 9 high level)
[    0.006652] [    T0] ACPI: INT_SRC_OVR (bus 0 bus_irq 10 global_irq 10 high level)
[    0.006653] [    T0] ACPI: INT_SRC_OVR (bus 0 bus_irq 11 global_irq 11 high level)
[    0.006656] [    T0] ACPI: Using ACPI (MADT) for SMP configuration information
[    0.006657] [    T0] ACPI: HPET id: 0x8086a201 base: 0xfed00000
[    0.006663] [    T0] e820: update [mem 0x3e28f000-0x3e297fff] usable ==> reserved
[    0.006672] [    T0] TSC deadline timer available
[    0.006677] [    T0] CPU topo: Max. logical packages:   1
[    0.006677] [    T0] CPU topo: Max. logical dies:       1
[    0.006678] [    T0] CPU topo: Max. dies per package:   1
[    0.006682] [    T0] CPU topo: Max. threads per core:   1
[    0.006683] [    T0] CPU topo: Num. cores per package:     1
[    0.006683] [    T0] CPU topo: Num. threads per package:   1
[    0.006684] [    T0] CPU topo: Allowing 1 present CPUs plus 0 hotplug CPUs
[    0.006698] [    T0] kvm-guest: APIC: eoi() replaced with kvm_guest_apic_eoi_write()
[    0.006724] [    T0] PM: hibernation: Registered nosave memory: [mem 0x00000000-0x00000fff]
[    0.006726] [    T0] PM: hibernation: Registered nosave memory: [mem 0x000a0000-0x000fffff]
[    0.006727] [    T0] PM: hibernation: Registered nosave memory: [mem 0x00800000-0x00807fff]
[    0.006728] [    T0] PM: hibernation: Registered nosave memory: [mem 0x0080b000-0x0080bfff]
[    0.006730] [    T0] PM: hibernation: Registered nosave memory: [mem 0x00810000-0x008fffff]
[    0.006731] [    T0] PM: hibernation: Registered nosave memory: [mem 0x3e1e3000-0x3e1e3fff]
[    0.006732] [    T0] PM: hibernation: Registered nosave memory: [mem 0x3e20b000-0x3e20bfff]
[    0.006733] [    T0] PM: hibernation: Registered nosave memory: [mem 0x3e20c000-0x3e20cfff]
[    0.006734] [    T0] PM: hibernation: Registered nosave memory: [mem 0x3e215000-0x3e215fff]
[    0.006736] [    T0] PM: hibernation: Registered nosave memory: [mem 0x3e28f000-0x3e297fff]
[    0.006737] [    T0] PM: hibernation: Registered nosave memory: [mem 0x3e76c000-0x3e76cfff]
[    0.006738] [    T0] PM: hibernation: Registered nosave memory: [mem 0x3f8ef000-0x3fb6efff]
[    0.006739] [    T0] PM: hibernation: Registered nosave memory: [mem 0x3fb6f000-0x3fb7efff]
[    0.006740] [    T0] PM: hibernation: Registered nosave memory: [mem 0x3fb7f000-0x3fbfefff]
[    0.006741] [    T0] [mem 0x40000000-0xffffffff] available for PCI devices
[    0.006742] [    T0] Booting paravirtualized kernel on KVM
[    0.006743] [    T0] clocksource: refined-jiffies: mask: 0xffffffff max_cycles: 0xffffffff, max_idle_ns: 6370452778343963 ns
[    0.011545] [    T0] setup_percpu: NR_CPUS:8192 nr_cpumask_bits:1 nr_cpu_ids:1 nr_node_ids:1
[    0.011680] [    T0] percpu: Embedded 72 pages/cpu s258048 r8192 d28672 u2097152
[    0.011686] [    T0] pcpu-alloc: s258048 r8192 d28672 u2097152 alloc=1*2097152
[    0.011687] [    T0] pcpu-alloc: [0] 0 
[    0.011724] [    T0] kvm-guest: PV spinlocks disabled, single CPU
[    0.011726] [    T0] Kernel command line: initrd=\opensuse-microos\6.9.1-1-default\initrd-684b272fb55f1cef9c0172c83fed01af3ec0d511 quiet systemd.show_status=yes console=ttyS0,115200 console=tty0 ignition.platform.id=qemu security=selinux selinux=1 root=UUID=8e1db0e5-66e2-4309-9280-394cf494d447 rootflags=subvol=@/.snapshots/14/snapshot systemd.machine_id=ac32e82db52b4c29a228c466588b5044
[    0.011911] [    T0] Dentry cache hash table entries: 131072 (order: 8, 1048576 bytes, linear)
[    0.011943] [    T0] Inode-cache hash table entries: 65536 (order: 7, 524288 bytes, linear)
[    0.011966] [    T0] Fallback order for Node 0: 0 
[    0.011969] [    T0] Built 1 zonelists, mobility grouping on.  Total pages: 254806
[    0.011970] [    T0] Policy zone: DMA32
[    0.011971] [    T0] mem auto-init: stack:off, heap alloc:off, heap free:off
[    0.012847] [    T0] Memory: 247580K/1043384K available (16384K kernel code, 3000K rwdata, 13020K rodata, 4224K init, 4384K bss, 181276K reserved, 0K cma-reserved)
[    0.013004] [    T0] SLUB: HWalign=64, Order=0-3, MinObjects=0, CPUs=1, Nodes=1
[    0.013024] [    T0] ftrace: allocating 47505 entries in 186 pages
[    0.022486] [    T0] ftrace: allocated 186 pages with 5 groups
[    0.022962] [    T0] Dynamic Preempt: voluntary
[    0.022984] [    T0] rcu: Preemptible hierarchical RCU implementation.
[    0.022985] [    T0] rcu: 	RCU event tracing is enabled.
[    0.022985] [    T0] rcu: 	RCU restricting CPUs from NR_CPUS=8192 to nr_cpu_ids=1.
[    0.022987] [    T0] 	Trampoline variant of Tasks RCU enabled.
[    0.022987] [    T0] 	Rude variant of Tasks RCU enabled.
[    0.022987] [    T0] 	Tracing variant of Tasks RCU enabled.
[    0.022988] [    T0] rcu: RCU calculated value of scheduler-enlistment delay is 30 jiffies.
[    0.022989] [    T0] rcu: Adjusting geometry for rcu_fanout_leaf=16, nr_cpu_ids=1
[    0.022992] [    T0] RCU Tasks: Setting shift to 0 and lim to 1 rcu_task_cb_adjust=1.
[    0.022993] [    T0] RCU Tasks Rude: Setting shift to 0 and lim to 1 rcu_task_cb_adjust=1.
[    0.022994] [    T0] RCU Tasks Trace: Setting shift to 0 and lim to 1 rcu_task_cb_adjust=1.
[    0.026659] [    T0] NR_IRQS: 524544, nr_irqs: 256, preallocated irqs: 16
[    0.026845] [    T0] rcu: srcu_init: Setting srcu_struct sizes based on contention.
[    0.026891] [    T0] Console: colour dummy device 80x25
[    0.026893] [    T0] printk: legacy console [tty0] enabled
[    0.026947] [    T0] printk: legacy console [ttyS0] enabled
[    0.026975] [    T0] ACPI: Core revision 20230628
[    0.027100] [    T0] clocksource: hpet: mask: 0xffffffff max_cycles: 0xffffffff, max_idle_ns: 19112604467 ns
[    0.027200] [    T0] APIC: Switch to symmetric I/O mode setup
[    0.027450] [    T0] x2apic enabled
[    0.027785] [    T0] APIC: Switched APIC routing to: physical x2apic
[    0.029145] [    T0] ..TIMER: vector=0x30 apic1=0 pin1=2 apic2=-1 pin2=-1
[    0.029173] [    T0] clocksource: tsc-early: mask: 0xffffffffffffffff max_cycles: 0x1fb63109b96, max_idle_ns: 440795265316 ns
[    0.029177] [    T0] Calibrating delay loop (skipped) preset value.. 4401.32 BogoMIPS (lpj=7333326)
[    0.029306] [    T0] x86/cpu: User Mode Instruction Prevention (UMIP) activated
[    0.029412] [    T0] Last level iTLB entries: 4KB 512, 2MB 255, 4MB 127
[    0.029413] [    T0] Last level dTLB entries: 4KB 512, 2MB 255, 4MB 127, 1GB 0
[    0.029420] [    T0] Spectre V1 : Mitigation: usercopy/swapgs barriers and __user pointer sanitization
[    0.029422] [    T0] Spectre V2 : Mitigation: Retpolines
[    0.029423] [    T0] Spectre V2 : Spectre v2 / SpectreRSB mitigation: Filling RSB on context switch
[    0.029424] [    T0] Spectre V2 : Spectre v2 / SpectreRSB : Filling RSB on VMEXIT
[    0.029424] [    T0] Spectre V2 : Enabling Restricted Speculation for firmware calls
[    0.029426] [    T0] Spectre V2 : mitigation: Enabling conditional Indirect Branch Prediction Barrier
[    0.029428] [    T0] Speculative Store Bypass: Mitigation: Speculative Store Bypass disabled via prctl
[    0.029429] [    T0] Speculative Return Stack Overflow: IBPB-extending microcode not applied!
[    0.029430] [    T0] Speculative Return Stack Overflow: WARNING: See https://kernel.org/doc/html/latest/admin-guide/hw-vuln/srso.html for mitigation options.
[    0.029431] [    T0] Speculative Return Stack Overflow: Vulnerable: Safe RET, no microcode
[    0.029454] [    T0] x86/fpu: Supporting XSAVE feature 0x001: 'x87 floating point registers'
[    0.029455] [    T0] x86/fpu: Supporting XSAVE feature 0x002: 'SSE registers'
[    0.029456] [    T0] x86/fpu: Supporting XSAVE feature 0x004: 'AVX registers'
[    0.029457] [    T0] x86/fpu: Supporting XSAVE feature 0x200: 'Protection Keys User registers'
[    0.029458] [    T0] x86/fpu: xstate_offset[2]:  576, xstate_sizes[2]:  256
[    0.029459] [    T0] x86/fpu: xstate_offset[9]:  832, xstate_sizes[9]:    8
[    0.029460] [    T0] x86/fpu: Enabled xstate features 0x207, context size is 840 bytes, using 'compacted' format.
[    0.055033] [    T0] Freeing SMP alternatives memory: 40K
[    0.055037] [    T0] pid_max: default: 32768 minimum: 301
[    0.056600] [    T0] LSM: initializing lsm=lockdown,capability,landlock,yama,selinux,bpf,ima,evm
[    0.056621] [    T0] landlock: Up and running.
[    0.056622] [    T0] Yama: becoming mindful.
[    0.056626] [    T0] SELinux:  Initializing.
[    0.056649] [    T0] LSM support for eBPF active
[    0.056680] [    T0] Mount-cache hash table entries: 2048 (order: 2, 16384 bytes, linear)
[    0.056683] [    T0] Mountpoint-cache hash table entries: 2048 (order: 2, 16384 bytes, linear)
[    0.056930] [    T1] smpboot: CPU0: AMD EPYC 7773X 64-Core Processor (family: 0x19, model: 0x1, stepping: 0x2)
[    0.057104] [    T1] Performance Events: Fam17h+ core perfctr, AMD PMU driver.
[    0.057129] [    T1] ... version:                0
[    0.057130] [    T1] ... bit width:              48
[    0.057132] [    T1] ... generic registers:      6
[    0.057133] [    T1] ... value mask:             0000ffffffffffff
[    0.057135] [    T1] ... max period:             00007fffffffffff
[    0.057136] [    T1] ... fixed-purpose events:   0
[    0.057137] [    T1] ... event mask:             000000000000003f
[    0.057227] [    T1] signal: max sigframe size: 3376
[    0.057256] [    T1] rcu: Hierarchical SRCU implementation.
[    0.057257] [    T1] rcu: 	Max phase no-delay instances is 1000.
[    0.059176] [    T1] smp: Bringing up secondary CPUs ...
[    0.059176] [    T1] smp: Brought up 1 node, 1 CPU
[    0.059176] [    T1] smpboot: Total of 1 processors activated (4401.32 BogoMIPS)
[    0.060930] [   T22] node 0 deferred pages initialised in 4ms
[    0.061027] [    T1] devtmpfs: initialized
[    0.061061] [    T1] x86/mm: Memory block size: 128MB
[    0.061571] [    T1] ACPI: PM: Registering ACPI NVS region [mem 0x00800000-0x00807fff] (32768 bytes)
[    0.061574] [    T1] ACPI: PM: Registering ACPI NVS region [mem 0x0080b000-0x0080bfff] (4096 bytes)
[    0.061576] [    T1] ACPI: PM: Registering ACPI NVS region [mem 0x00810000-0x008fffff] (983040 bytes)
[    0.061591] [    T1] ACPI: PM: Registering ACPI NVS region [mem 0x3fb7f000-0x3fbfefff] (524288 bytes)
[    0.061601] [    T1] ACPI: PM: Registering ACPI NVS region [mem 0x3ff78000-0x3fffffff] (557056 bytes)
[    0.061662] [    T1] clocksource: jiffies: mask: 0xffffffff max_cycles: 0xffffffff, max_idle_ns: 6370867519511994 ns
[    0.061666] [    T1] futex hash table entries: 256 (order: 2, 16384 bytes, linear)
[    0.061704] [    T1] pinctrl core: initialized pinctrl subsystem
[    0.061839] [    T1] PM: RTC time: 07:51:20, date: 2024-05-28
[    0.062195] [    T1] NET: Registered PF_NETLINK/PF_ROUTE protocol family
[    0.062380] [    T1] DMA: preallocated 128 KiB GFP_KERNEL pool for atomic allocations
[    0.062384] [    T1] DMA: preallocated 128 KiB GFP_KERNEL|GFP_DMA pool for atomic allocations
[    0.062388] [    T1] DMA: preallocated 128 KiB GFP_KERNEL|GFP_DMA32 pool for atomic allocations
[    0.062397] [    T1] audit: initializing netlink subsys (disabled)
[    0.062487] [   T25] audit: type=2000 audit(1716882679.427:1): state=initialized audit_enabled=0 res=1
[    0.062615] [    T1] thermal_sys: Registered thermal governor 'fair_share'
[    0.062616] [    T1] thermal_sys: Registered thermal governor 'bang_bang'
[    0.062618] [    T1] thermal_sys: Registered thermal governor 'step_wise'
[    0.062620] [    T1] thermal_sys: Registered thermal governor 'user_space'
[    0.062628] [    T1] cpuidle: using governor ladder
[    0.062633] [    T1] cpuidle: using governor menu
[    0.063340] [    T1] acpiphp: ACPI Hot Plug PCI Controller Driver version: 0.5
[    0.063473] [    T1] PCI: Using configuration type 1 for base access
[    0.063474] [    T1] PCI: Using configuration type 1 for extended access
[    0.063637] [    T1] kprobes: kprobe jump-optimization is enabled. All kprobes are optimized if possible.
[    0.091671] [    T1] HugeTLB: registered 1.00 GiB page size, pre-allocated 0 pages
[    0.091673] [    T1] HugeTLB: 16380 KiB vmemmap can be freed for a 1.00 GiB page
[    0.091676] [    T1] HugeTLB: registered 2.00 MiB page size, pre-allocated 0 pages
[    0.091677] [    T1] HugeTLB: 28 KiB vmemmap can be freed for a 2.00 MiB page
[    0.091779] [    T1] Demotion targets for Node 0: null
[    0.092045] [    T1] ACPI: Added _OSI(Module Device)
[    0.092047] [    T1] ACPI: Added _OSI(Processor Device)
[    0.092049] [    T1] ACPI: Added _OSI(3.0 _SCP Extensions)
[    0.092051] [    T1] ACPI: Added _OSI(Processor Aggregator Device)
[    0.093551] [    T1] ACPI: 1 ACPI AML tables successfully acquired and loaded
[    0.094052] [    T1] ACPI: _OSC evaluation for CPUs failed, trying _PDC
[    0.094255] [    T1] ACPI: Interpreter enabled
[    0.094271] [    T1] ACPI: PM: (supports S0 S3 S4 S5)
[    0.094273] [    T1] ACPI: Using IOAPIC for interrupt routing
[    0.094459] [    T1] PCI: Using host bridge windows from ACPI; if necessary, use "pci=nocrs" and report a bug
[    0.094460] [    T1] PCI: Using E820 reservations for host bridge windows
[    0.094602] [    T1] ACPI: Enabled 2 GPEs in block 00 to 0F
[    0.098458] [    T1] ACPI: PCI Root Bridge [PCI0] (domain 0000 [bus 00-ff])
[    0.098465] [    T1] acpi PNP0A03:00: _OSC: OS supports [ExtendedConfig ASPM ClockPM Segments MSI EDR HPX-Type3]
[    0.098941] [    T1] acpiphp: Slot [3] registered
[    0.098963] [    T1] acpiphp: Slot [4] registered
[    0.098985] [    T1] acpiphp: Slot [5] registered
[    0.099006] [    T1] acpiphp: Slot [6] registered
[    0.099027] [    T1] acpiphp: Slot [7] registered
[    0.099047] [    T1] acpiphp: Slot [8] registered
[    0.099068] [    T1] acpiphp: Slot [9] registered
[    0.099088] [    T1] acpiphp: Slot [10] registered
[    0.099109] [    T1] acpiphp: Slot [11] registered
[    0.099130] [    T1] acpiphp: Slot [12] registered
[    0.099151] [    T1] acpiphp: Slot [13] registered
[    0.099171] [    T1] acpiphp: Slot [14] registered
[    0.099193] [    T1] acpiphp: Slot [15] registered
[    0.099215] [    T1] acpiphp: Slot [16] registered
[    0.099236] [    T1] acpiphp: Slot [17] registered
[    0.099256] [    T1] acpiphp: Slot [18] registered
[    0.099276] [    T1] acpiphp: Slot [19] registered
[    0.099298] [    T1] acpiphp: Slot [20] registered
[    0.099318] [    T1] acpiphp: Slot [21] registered
[    0.099339] [    T1] acpiphp: Slot [22] registered
[    0.099359] [    T1] acpiphp: Slot [23] registered
[    0.099380] [    T1] acpiphp: Slot [24] registered
[    0.099400] [    T1] acpiphp: Slot [25] registered
[    0.099421] [    T1] acpiphp: Slot [26] registered
[    0.099443] [    T1] acpiphp: Slot [27] registered
[    0.099463] [    T1] acpiphp: Slot [28] registered
[    0.099484] [    T1] acpiphp: Slot [29] registered
[    0.099504] [    T1] acpiphp: Slot [30] registered
[    0.099525] [    T1] acpiphp: Slot [31] registered
[    0.099538] [    T1] PCI host bridge to bus 0000:00
[    0.099540] [    T1] pci_bus 0000:00: root bus resource [io  0x0000-0x0cf7 window]
[    0.099543] [    T1] pci_bus 0000:00: root bus resource [io  0x0d00-0xffff window]
[    0.099545] [    T1] pci_bus 0000:00: root bus resource [mem 0x000a0000-0x000bffff window]
[    0.099547] [    T1] pci_bus 0000:00: root bus resource [mem 0x40000000-0xfebfffff window]
[    0.099549] [    T1] pci_bus 0000:00: root bus resource [mem 0x800000000-0x87fffffff window]
[    0.099551] [    T1] pci_bus 0000:00: root bus resource [bus 00-ff]
[    0.099725] [    T1] pci 0000:00:00.0: [8086:1237] type 00 class 0x060000 conventional PCI endpoint
[    0.100912] [    T1] pci 0000:00:01.0: [8086:7000] type 00 class 0x060100 conventional PCI endpoint
[    0.101535] [    T1] pci 0000:00:01.1: [8086:7010] type 00 class 0x010180 conventional PCI endpoint
[    0.102903] [    T1] pci 0000:00:01.1: BAR 4 [io  0xc1c0-0xc1cf]
[    0.103428] [    T1] pci 0000:00:01.1: BAR 0 [io  0x01f0-0x01f7]: legacy IDE quirk
[    0.103430] [    T1] pci 0000:00:01.1: BAR 1 [io  0x03f6]: legacy IDE quirk
[    0.103432] [    T1] pci 0000:00:01.1: BAR 2 [io  0x0170-0x0177]: legacy IDE quirk
[    0.103434] [    T1] pci 0000:00:01.1: BAR 3 [io  0x0376]: legacy IDE quirk
[    0.103590] [    T1] pci 0000:00:01.3: [8086:7113] type 00 class 0x068000 conventional PCI endpoint
[    0.104043] [    T1] pci 0000:00:01.3: quirk: [io  0xb000-0xb03f] claimed by PIIX4 ACPI
[    0.104054] [    T1] pci 0000:00:01.3: quirk: [io  0xb100-0xb10f] claimed by PIIX4 SMB
[    0.104262] [    T1] pci 0000:00:02.0: [1234:1111] type 00 class 0x030000 conventional PCI endpoint
[    0.109203] [    T1] pci 0000:00:02.0: BAR 0 [mem 0x80000000-0x80ffffff pref]
[    0.122549] [    T1] pci 0000:00:02.0: BAR 2 [mem 0x81049000-0x81049fff]
[    0.136836] [    T1] pci 0000:00:02.0: ROM [mem 0xffff0000-0xffffffff pref]
[    0.136933] [    T1] pci 0000:00:02.0: Video device with shadowed ROM at [mem 0x000c0000-0x000dffff]
[    0.138271] [    T1] pci 0000:00:03.0: [8086:2668] type 00 class 0x040300 conventional PCI endpoint
[    0.138751] [    T1] pci 0000:00:03.0: BAR 0 [mem 0x81040000-0x81043fff]
[    0.142196] [    T1] pci 0000:00:04.0: [1af4:1000] type 00 class 0x020000 conventional PCI endpoint
[    0.143021] [    T1] pci 0000:00:04.0: BAR 0 [io  0xc1a0-0xc1bf]
[    0.144880] [    T1] pci 0000:00:04.0: BAR 1 [mem 0x81048000-0x81048fff]
[    0.146873] [    T1] pci 0000:00:04.0: BAR 4 [mem 0x800000000-0x800003fff 64bit pref]
[    0.147537] [    T1] pci 0000:00:04.0: ROM [mem 0xfffc0000-0xffffffff pref]
[    0.148900] [    T1] pci 0000:00:05.0: [1af4:1005] type 00 class 0x00ff00 conventional PCI endpoint
[    0.149414] [    T1] pci 0000:00:05.0: BAR 0 [io  0xc180-0xc19f]
[    0.151171] [    T1] pci 0000:00:05.0: BAR 4 [mem 0x800004000-0x800007fff 64bit pref]
[    0.152881] [    T1] pci 0000:00:06.0: [1b36:000d] type 00 class 0x0c0330 conventional PCI endpoint
[    0.153218] [    T1] pci 0000:00:06.0: BAR 0 [mem 0x800018000-0x80001bfff 64bit]
[    0.157775] [    T1] pci 0000:00:07.0: [1af4:1003] type 00 class 0x078000 conventional PCI endpoint
[    0.158521] [    T1] pci 0000:00:07.0: BAR 0 [io  0xc140-0xc17f]
[    0.159181] [    T1] pci 0000:00:07.0: BAR 1 [mem 0x81047000-0x81047fff]
[    0.161357] [    T1] pci 0000:00:07.0: BAR 4 [mem 0x800008000-0x80000bfff 64bit pref]
[    0.163425] [    T1] pci 0000:00:08.0: [1af4:1004] type 00 class 0x010000 conventional PCI endpoint
[    0.164164] [    T1] pci 0000:00:08.0: BAR 0 [io  0xc100-0xc13f]
[    0.164813] [    T1] pci 0000:00:08.0: BAR 1 [mem 0x81046000-0x81046fff]
[    0.169087] [    T1] pci 0000:00:08.0: BAR 4 [mem 0x80000c000-0x80000ffff 64bit pref]
[    0.170925] [    T1] pci 0000:00:09.0: [1af4:1001] type 00 class 0x010000 conventional PCI endpoint
[    0.171682] [    T1] pci 0000:00:09.0: BAR 0 [io  0xc080-0xc0ff]
[    0.172341] [    T1] pci 0000:00:09.0: BAR 1 [mem 0x81045000-0x81045fff]
[    0.174218] [    T1] pci 0000:00:09.0: BAR 4 [mem 0x800010000-0x800013fff 64bit pref]
[    0.176263] [    T1] pci 0000:00:0a.0: [1af4:1001] type 00 class 0x010000 conventional PCI endpoint
[    0.177000] [    T1] pci 0000:00:0a.0: BAR 0 [io  0xc000-0xc07f]
[    0.177681] [    T1] pci 0000:00:0a.0: BAR 1 [mem 0x81044000-0x81044fff]
[    0.181024] [    T1] pci 0000:00:0a.0: BAR 4 [mem 0x800014000-0x800017fff 64bit pref]
[    0.193070] [    T1] ACPI: PCI: Interrupt link LNKA configured for IRQ 10
[    0.193329] [    T1] ACPI: PCI: Interrupt link LNKB configured for IRQ 10
[    0.193619] [    T1] ACPI: PCI: Interrupt link LNKC configured for IRQ 11
[    0.193794] [    T1] ACPI: PCI: Interrupt link LNKD configured for IRQ 11
[    0.193884] [    T1] ACPI: PCI: Interrupt link LNKS configured for IRQ 9
[    0.194201] [    T1] iommu: Default domain type: Passthrough
[    0.194292] [    T1] pps_core: LinuxPPS API ver. 1 registered
[    0.194294] [    T1] pps_core: Software ver. 5.3.6 - Copyright 2005-2007 Rodolfo Giometti <giometti@linux.it>
[    0.194298] [    T1] PTP clock support registered
[    0.194308] [    T1] EDAC MC: Ver: 3.0.0
[    0.194621] [    T1] efivars: Registered efivars operations
[    0.194906] [    T1] NetLabel: Initializing
[    0.194908] [    T1] NetLabel:  domain hash size = 128
[    0.194910] [    T1] NetLabel:  protocols = UNLABELED CIPSOv4 CALIPSO
[    0.194931] [    T1] NetLabel:  unlabeled traffic allowed by default
[    0.194937] [    T1] mctp: management component transport protocol core
[    0.194939] [    T1] NET: Registered PF_MCTP protocol family
[    0.194945] [    T1] PCI: Using ACPI for IRQ routing
[    0.194946] [    T1] PCI: pci_cache_line_size set to 64 bytes
[    0.195161] [    T1] e820: reserve RAM buffer [mem 0x0080b000-0x008fffff]
[    0.195164] [    T1] e820: reserve RAM buffer [mem 0x00810000-0x008fffff]
[    0.195166] [    T1] e820: reserve RAM buffer [mem 0x3e1e3018-0x3fffffff]
[    0.195168] [    T1] e820: reserve RAM buffer [mem 0x3e20c018-0x3fffffff]
[    0.195170] [    T1] e820: reserve RAM buffer [mem 0x3e28f000-0x3fffffff]
[    0.195172] [    T1] e820: reserve RAM buffer [mem 0x3e76c000-0x3fffffff]
[    0.195174] [    T1] e820: reserve RAM buffer [mem 0x3f8ef000-0x3fffffff]
[    0.195175] [    T1] e820: reserve RAM buffer [mem 0x3ff58000-0x3fffffff]
[    0.195267] [    T1] pci 0000:00:02.0: vgaarb: setting as boot VGA device
[    0.195270] [    T1] pci 0000:00:02.0: vgaarb: bridge control possible
[    0.195272] [    T1] pci 0000:00:02.0: vgaarb: VGA device added: decodes=io+mem,owns=io+mem,locks=none
[    0.195276] [    T1] vgaarb: loaded
[    0.195417] [    T1] hpet0: at MMIO 0xfed00000, IRQs 2, 8, 0
[    0.195424] [    T1] hpet0: 3 comparators, 64-bit 100.000000 MHz counter
[    0.198973] [    T1] clocksource: Switched to clocksource kvm-clock
[    0.199176] [    T1] VFS: Disk quotas dquot_6.6.0
[    0.199176] [    T1] VFS: Dquot-cache hash table entries: 512 (order 0, 4096 bytes)
[    0.199176] [    T1] pnp: PnP ACPI init
[    0.199176] [    T1] pnp 00:02: [dma 2]
[    0.199176] [    T1] pnp: PnP ACPI: found 6 devices
[    0.203590] [    T1] clocksource: acpi_pm: mask: 0xffffff max_cycles: 0xffffff, max_idle_ns: 2085701024 ns
[    0.203871] [    T1] NET: Registered PF_INET protocol family
[    0.203905] [    T1] IP idents hash table entries: 16384 (order: 5, 131072 bytes, linear)
[    0.215196] [    T1] tcp_listen_portaddr_hash hash table entries: 512 (order: 1, 8192 bytes, linear)
[    0.215201] [    T1] Table-perturb hash table entries: 65536 (order: 6, 262144 bytes, linear)
[    0.215204] [    T1] TCP established hash table entries: 8192 (order: 4, 65536 bytes, linear)
[    0.215212] [    T1] TCP bind hash table entries: 8192 (order: 6, 262144 bytes, linear)
[    0.215228] [    T1] TCP: Hash tables configured (established 8192 bind 8192)
[    0.215260] [    T1] MPTCP token hash table entries: 1024 (order: 2, 24576 bytes, linear)
[    0.215271] [    T1] UDP hash table entries: 512 (order: 2, 16384 bytes, linear)
[    0.215275] [    T1] UDP-Lite hash table entries: 512 (order: 2, 16384 bytes, linear)
[    0.215302] [    T1] NET: Registered PF_UNIX/PF_LOCAL protocol family
[    0.215310] [    T1] NET: Registered PF_XDP protocol family
[    0.215314] [    T1] pci 0000:00:04.0: ROM [mem 0xfffc0000-0xffffffff pref]: can't claim; no compatible bridge window
[    0.215322] [    T1] pci 0000:00:04.0: ROM [mem 0x40000000-0x4003ffff pref]: assigned
[    0.215326] [    T1] pci_bus 0000:00: resource 4 [io  0x0000-0x0cf7 window]
[    0.215329] [    T1] pci_bus 0000:00: resource 5 [io  0x0d00-0xffff window]
[    0.215331] [    T1] pci_bus 0000:00: resource 6 [mem 0x000a0000-0x000bffff window]
[    0.215333] [    T1] pci_bus 0000:00: resource 7 [mem 0x40000000-0xfebfffff window]
[    0.215335] [    T1] pci_bus 0000:00: resource 8 [mem 0x800000000-0x87fffffff window]
[    0.215390] [    T1] pci 0000:00:01.0: PIIX3: Enabling Passive Release
[    0.215402] [    T1] pci 0000:00:00.0: Limiting direct PCI/PCI transfers
[    0.255140] [    T1] ACPI: \_SB_.LNKB: Enabled at IRQ 10
[    0.294502] [    T1] pci 0000:00:06.0: quirk_usb_early_handoff+0x0/0x710 took 77173 usecs
[    0.294561] [    T1] PCI: CLS 0 bytes, default 64
[    0.294615] [   T26] Trying to unpack rootfs image as initramfs...
[    0.299225] [    T1] clocksource: tsc: mask: 0xffffffffffffffff max_cycles: 0x1fb63109b96, max_idle_ns: 440795265316 ns
[    0.299609] [    T1] Initialise system trusted keyrings
[    0.299621] [    T1] Key type blacklist registered
[    0.299650] [    T1] workingset: timestamp_bits=36 max_order=18 bucket_order=0
[    0.299661] [    T1] zbud: loaded
[    0.299913] [    T1] integrity: Platform Keyring initialized
[    0.299916] [    T1] integrity: Machine keyring initialized
[    0.319046] [    T1] Key type asymmetric registered
[    0.319049] [    T1] Asymmetric key parser 'x509' registered
[    0.482214] [   T26] Freeing initrd memory: 76848K
[    0.486876] [    T1] Block layer SCSI generic (bsg) driver version 0.4 loaded (major 247)
[    0.486905] [    T1] io scheduler mq-deadline registered
[    0.486908] [    T1] io scheduler kyber registered
[    0.486920] [    T1] io scheduler bfq registered
[    0.488187] [    T1] shpchp: Standard Hot Plug PCI Controller Driver version: 0.4
[    0.527526] [    T1] ACPI: \_SB_.LNKD: Enabled at IRQ 11
[    0.567205] [    T1] ACPI: \_SB_.LNKA: Enabled at IRQ 10
[    0.606828] [    T1] ACPI: \_SB_.LNKC: Enabled at IRQ 11
[    0.726156] [    T1] Serial: 8250/16550 driver, 32 ports, IRQ sharing enabled
[    0.726537] [    T1] 00:04: ttyS0 at I/O 0x3f8 (irq = 4, base_baud = 115200) is a 16550A
[    0.765057] [    T1] Non-volatile memory driver v1.3
[    0.765061] [    T1] Linux agpgart interface v0.103
[    0.765201] [    T1] ACPI: bus type drm_connector registered
[    0.765528] [    T1] i8042: PNP: PS/2 Controller [PNP0303:KBD,PNP0f13:MOU] at 0x60,0x64 irq 1,12
[    0.766276] [    T1] serio: i8042 KBD port at 0x60,0x64 irq 1
[    0.766282] [    T1] serio: i8042 AUX port at 0x60,0x64 irq 12
[    0.766408] [    T1] mousedev: PS/2 mouse device common for all mice
[    0.766676] [    T7] input: AT Translated Set 2 keyboard as /devices/platform/i8042/serio0/input/input0
[    0.767341] [    T7] input: VirtualPS/2 VMware VMMouse as /devices/platform/i8042/serio1/input/input3
[    0.767587] [    T7] input: VirtualPS/2 VMware VMMouse as /devices/platform/i8042/serio1/input/input2
[    0.767693] [    T1] rtc_cmos 00:05: RTC can wake from S4
[    0.768230] [    T1] rtc_cmos 00:05: registered as rtc0
[    0.768304] [    T1] rtc_cmos 00:05: setting system clock to 2024-05-28T07:51:20 UTC (1716882680)
[    0.768372] [    T1] rtc_cmos 00:05: alarms up to one day, y3k, 242 bytes nvram, hpet irqs
[    0.768385] [    T1] amd_pstate: the _CPC object is not present in SBIOS or ACPI disabled
[    0.768395] [    T1] ledtrig-cpu: registered to indicate activity on CPUs
[    0.768581] [    T1] [drm] Initialized simpledrm 1.0.0 20200625 for simple-framebuffer.0 on minor 0
[    0.772102] [    T1] Console: switching to colour frame buffer device 128x48
[    0.773146] [    T1] simple-framebuffer simple-framebuffer.0: [drm] fb0: simpledrmdrmfb frame buffer device
[    0.773186] [    T1] hid: raw HID events driver (C) Jiri Kosina
[    0.773240] [    T1] drop_monitor: Initializing network drop monitor service
[    0.773376] [    T1] NET: Registered PF_INET6 protocol family
[    0.779198] [    T1] Segment Routing with IPv6
[    0.779201] [    T1] RPL Segment Routing with IPv6
[    0.779212] [    T1] In-situ OAM (IOAM) with IPv6
[    0.779488] [    T1] IPI shorthand broadcast: enabled
[    0.781568] [    T1] sched_clock: Marking stable (780003844, -1007662)->(809998029, -31001847)
[    0.781679] [    T1] registered taskstats version 1
[    0.781788] [    T1] Loading compiled-in X.509 certificates
[    0.781818] [    T1] Loaded X.509 cert 'openSUSE Secure Boot Signkey: fd9f2c12e599d67cc7f9067541adf426b712469e'
[    0.784463] [    T1] page_owner is disabled
[    0.784517] [    T1] Key type .fscrypt registered
[    0.784519] [    T1] Key type fscrypt-provisioning registered
[    0.804516] [    T1] Key type encrypted registered
[    0.804548] [    T1] integrity: Loading X.509 certificate: UEFI:db
[    0.804570] [    T1] integrity: Loaded X.509 cert 'Microsoft Windows Production PCA 2011: a92902398e16c49778cd90f99e4f9ae17c55af53'
[    0.804572] [    T1] integrity: Loading X.509 certificate: UEFI:db
[    0.804591] [    T1] integrity: Loaded X.509 cert 'Microsoft Corporation UEFI CA 2011: 13adbf4309bd82709c8cd54f316ed522988a1bd4'
[    0.804616] [    T1] integrity: Loading X.509 certificate: UEFI:MokListRT (MOKvar table)
[    0.817899] [    T1] integrity: Loaded X.509 cert 'openSUSE Secure Boot CA: 6842600de22c4c477e95be23dfea9513e5971762'
[    0.817904] [    T1] ima: No TPM chip found, activating TPM-bypass!
[    0.817907] [    T1] Loading compiled-in module X.509 certificates
[    0.817924] [    T1] Loaded X.509 cert 'openSUSE Secure Boot Signkey: fd9f2c12e599d67cc7f9067541adf426b712469e'
[    0.817926] [    T1] ima: Allocated hash algorithm: sha256
[    0.817960] [    T1] evm: Initialising EVM extended attributes:
[    0.817961] [    T1] evm: security.selinux
[    0.817962] [    T1] evm: security.SMACK64 (disabled)
[    0.817964] [    T1] evm: security.SMACK64EXEC (disabled)
[    0.817965] [    T1] evm: security.SMACK64TRANSMUTE (disabled)
[    0.817966] [    T1] evm: security.SMACK64MMAP (disabled)
[    0.817968] [    T1] evm: security.apparmor
[    0.817969] [    T1] evm: security.ima
[    0.817970] [    T1] evm: security.capability
[    0.817971] [    T1] evm: HMAC attrs: 0x1
[    0.822352] [   T25] audit: type=1807 audit(1716882680.546:2): action=measure func=KEXEC_KERNEL_CHECK res=1
[    0.822357] [   T25] audit: type=1807 audit(1716882680.546:3): action=measure func=MODULE_CHECK res=1
[    0.921977] [    T1] PM:   Magic number: 8:179:876
[    0.926921] [    T1] RAS: Correctable Errors collector initialized.
[    0.939610] [    T1] Lockdown: swapper/0: hibernation is restricted; see man kernel_lockdown.7
[    0.939640] [    T1] clk: Disabling unused clocks
[    0.939642] [    T1] PM: genpd: Disabling unused power domains
[    0.940896] [    T1] Freeing unused decrypted memory: 2028K
[    0.941354] [    T1] Freeing unused kernel image (initmem) memory: 4224K
[    0.941357] [    T1] Write protecting the kernel read-only data: 30720k
[    0.941751] [    T1] Freeing unused kernel image (rodata/data gap) memory: 1316K
[    0.941757] [    T1] Run /init as init process
[    0.941759] [    T1]   with arguments:
[    0.941761] [    T1]     /init
[    0.941763] [    T1]   with environment:
[    0.941764] [    T1]     HOME=/
[    0.941765] [    T1]     TERM=linux
[    0.958392] [    T1] systemd[1]: systemd 255.6+suse.30.g3ea0e1dff3 running in system mode (+PAM +AUDIT +SELINUX +APPARMOR +IMA -SMACK +SECCOMP +GCRYPT +GNUTLS +OPENSSL +ACL +BLKID +CURL +ELFUTILS +FIDO2 +IDN2 -IDN +IPTC +KMOD +LIBCRYPTSETUP +LIBFDISK +PCRE2 +PWQUALITY +P11KIT +QRENCODE +TPM2 +BZIP2 +LZ4 +XZ +ZLIB +ZSTD +BPF_FRAMEWORK -XKBCOMMON -UTMP +SYSVINIT default-hierarchy=unified)
[    0.958398] [    T1] systemd[1]: Detected virtualization kvm.
[    0.958412] [    T1] systemd[1]: Detected architecture x86-64.
[    0.958415] [    T1] systemd[1]: Running in initrd.
[    0.958734] [    T1] systemd[1]: No hostname configured, using default hostname.
[    0.958793] [    T1] systemd[1]: Hostname set to <localhost>.
[    1.302381] [    T1] systemd[1]: bpf-lsm: LSM BPF program attached
[    1.377289] [    T1] systemd[1]: Queued start job for default target Initrd Default Target.
[    1.389739] [    T1] systemd[1]: Started Dispatch Password Requests to Console Directory Watch.
[    1.389908] [    T1] systemd[1]: Expecting device /dev/disk/by-uuid/8e1db0e5-66e2-4309-9280-394cf494d447...
[    1.389998] [    T1] systemd[1]: Reached target Local Encrypted Volumes.
[    1.390090] [    T1] systemd[1]: Reached target Initrd /usr File System.
[    1.390174] [    T1] systemd[1]: Reached target Path Units.
[    1.390252] [    T1] systemd[1]: Reached target Slice Units.
[    1.390324] [    T1] systemd[1]: Reached target Swaps.
[    1.390395] [    T1] systemd[1]: Reached target Timer Units.
[    1.390565] [    T1] systemd[1]: Listening on D-Bus System Message Bus Socket.
[    1.390755] [    T1] systemd[1]: Listening on Journal Socket (/dev/log).
[    1.390944] [    T1] systemd[1]: Listening on Journal Socket.
[    1.391140] [    T1] systemd[1]: Listening on udev Control Socket.
[    1.391303] [    T1] systemd[1]: Listening on udev Kernel Socket.
[    1.391368] [    T1] systemd[1]: Reached target Socket Units.
[    1.395809] [    T1] systemd[1]: Starting Create List of Static Device Nodes...
[    1.399187] [    T1] systemd[1]: Starting Journal Service...
[    1.399470] [    T1] systemd[1]: Load Kernel Modules was skipped because no trigger condition checks were met.
[    1.405783] [    T1] systemd[1]: Starting Apply Kernel Variables...
[    1.415775] [    T1] systemd[1]: Starting Virtual Console Setup...
[    1.418217] [    T1] systemd[1]: Finished Create List of Static Device Nodes.
[    1.426019] [    T1] systemd[1]: Starting Create Static Device Nodes in /dev gracefully...
[    1.439091] [    T1] systemd[1]: Finished Apply Kernel Variables.
[    1.450359] [  T174] systemd-journald[174]: Collecting audit messages is disabled.
[    1.462691] [    T1] systemd[1]: Finished Create Static Device Nodes in /dev gracefully.
[    1.482546] [    T1] systemd[1]: Starting Create Static Device Nodes in /dev...
[    1.497580] [    T1] systemd[1]: Finished Create Static Device Nodes in /dev.
[    1.497692] [    T1] systemd[1]: Reached target Preparation for Local File Systems.
[    1.497736] [    T1] systemd[1]: Reached target Local File Systems.
[    1.505755] [    T1] systemd[1]: Started Journal Service.
[    1.710702] [  T342] device-mapper: uevent: version 1.0.3
[    1.710811] [  T342] device-mapper: ioctl: 4.48.0-ioctl (2023-03-01) initialised: dm-devel@lists.linux.dev
[    1.782331] [  T352] raid6: avx2x4   gen() 36212 MB/s
[    1.838998] [  T352] raid6: avx2x2   gen() 35310 MB/s
[    1.895664] [  T352] raid6: avx2x1   gen() 27369 MB/s
[    1.895667] [  T352] raid6: using algorithm avx2x4 gen() 36212 MB/s
[    1.952331] [  T352] raid6: .... xor() 5180 MB/s, rmw enabled
[    1.952334] [  T352] raid6: using avx2x2 recovery algorithm
[    1.953448] [  T352] xor: automatically using best checksumming function   avx       
[    2.070563] [  T352] Btrfs loaded, assert=on, zoned=yes, fsverity=yes
[    2.385022] [  T418] virtio_blk virtio4: 1/0/0 default/read/poll queues
[    2.409204] [  T418] virtio_blk virtio4: [vda] 62914560 512-byte logical blocks (32.2 GB/30.0 GiB)
[    2.427115] [  T417] FDC 0 is a S82078B
[    2.438318] [  T419] cryptd: max_cpu_qlen set to 1000
[    2.450043] [  T415] SCSI subsystem initialized
[    2.467700] [  T419] AVX2 version of gcm_enc/dec engaged.
[    2.467720] [  T419] AES CTR mode by8 optimization enabled
[    2.474961] [  T416] virtio_net virtio0 ens4: renamed from eth0
[    2.487915] [  T420] virtio_scsi virtio3: 1/0/0 default/read/poll queues
[    2.488789] [  T420] scsi host0: Virtio SCSI HBA
[    2.511687] [  T423] ACPI: bus type USB registered
[    2.511738] [  T423] usbcore: registered new interface driver usbfs
[    2.511753] [  T423] usbcore: registered new interface driver hub
[    2.511767] [  T423] usbcore: registered new device driver usb
[    2.519941] [  T418] GPT:Primary header thinks Alt. header is not at the end of the disk.
[    2.519944] [  T418] GPT:41943039 != 62914559
[    2.519946] [  T418] GPT:Alternate GPT header not at the end of the disk.
[    2.519948] [  T418] GPT:41943039 != 62914559
[    2.519949] [  T418] GPT: Use GNU Parted to correct GPT errors.
[    2.519955] [  T418]  vda: vda1 vda2 vda3
[    2.526081] [  T418] virtio_blk virtio5: 1/0/0 default/read/poll queues
[    2.526658] [  T418] virtio_blk virtio5: [vdb] 20480 512-byte logical blocks (10.5 MB/10.0 MiB)
[    2.568000] [  T415] libata version 3.00 loaded.
[    2.590348] [  T415] ata_piix 0000:00:01.1: version 2.13
[    2.600829] [  T415] scsi host1: ata_piix
[    2.601488] [  T415] scsi host2: ata_piix
[    2.605172] [  T415] ata1: PATA max MWDMA2 cmd 0x1f0 ctl 0x3f6 bmdma 0xc1c0 irq 14 lpm-pol 0
[    2.605177] [  T415] ata2: PATA max MWDMA2 cmd 0x170 ctl 0x376 bmdma 0xc1c8 irq 15 lpm-pol 0
[    2.697110] [  T423] xhci_hcd 0000:00:06.0: xHCI Host Controller
[    2.697120] [  T423] xhci_hcd 0000:00:06.0: new USB bus registered, assigned bus number 1
[    2.697393] [  T423] xhci_hcd 0000:00:06.0: hcc params 0x00087001 hci version 0x100 quirks 0x0000000000000010
[    2.697962] [  T423] xhci_hcd 0000:00:06.0: xHCI Host Controller
[    2.697966] [  T423] xhci_hcd 0000:00:06.0: new USB bus registered, assigned bus number 2
[    2.697970] [  T423] xhci_hcd 0000:00:06.0: Host supports USB 3.0 SuperSpeed
[    2.702374] [  T423] usb usb1: New USB device found, idVendor=1d6b, idProduct=0002, bcdDevice= 6.09
[    2.702379] [  T423] usb usb1: New USB device strings: Mfr=3, Product=2, SerialNumber=1
[    2.702381] [  T423] usb usb1: Product: xHCI Host Controller
[    2.702384] [  T423] usb usb1: Manufacturer: Linux 6.9.1-1-default xhci-hcd
[    2.702385] [  T423] usb usb1: SerialNumber: 0000:00:06.0
[    2.702564] [  T423] hub 1-0:1.0: USB hub found
[    2.702628] [  T423] hub 1-0:1.0: 4 ports detected
[    2.702970] [  T423] usb usb2: We don't know the algorithms for LPM for this host, disabling LPM.
[    2.702995] [  T423] usb usb2: New USB device found, idVendor=1d6b, idProduct=0003, bcdDevice= 6.09
[    2.702997] [  T423] usb usb2: New USB device strings: Mfr=3, Product=2, SerialNumber=1
[    2.703000] [  T423] usb usb2: Product: xHCI Host Controller
[    2.703001] [  T423] usb usb2: Manufacturer: Linux 6.9.1-1-default xhci-hcd
[    2.703003] [  T423] usb usb2: SerialNumber: 0000:00:06.0
[    2.703147] [  T423] hub 2-0:1.0: USB hub found
[    2.703219] [  T423] hub 2-0:1.0: 4 ports detected
[    2.759205] [  T455] ata2: found unknown device (class 0)
[    2.759811] [  T455] ata2.00: ATAPI: QEMU DVD-ROM, 2.5+, max UDMA/100
[    2.761184] [   T29] scsi 2:0:0:0: CD-ROM            QEMU     QEMU DVD-ROM     2.5+ PQ: 0 ANSI: 5
[    2.782998] [   T29] scsi 2:0:0:0: Attached scsi generic sg0 type 5
[    2.846351] [  T415] sr 2:0:0:0: [sr0] scsi3-mmc drive: 4x/4x cd/rw xa/form2 tray
[    2.846354] [  T415] cdrom: Uniform CD-ROM driver Revision: 3.20
[    2.862899] [  T415] sr 2:0:0:0: Attached scsi CD-ROM sr0
[    2.901650] [  T516] BTRFS: device label ROOT devid 1 transid 321 /dev/vda3 (253:3) scanned by mount (516)
[    2.902170] [  T516] BTRFS info (device vda3): first mount of filesystem 8e1db0e5-66e2-4309-9280-394cf494d447
[    2.902178] [  T516] BTRFS info (device vda3): using crc32c (crc32c-intel) checksum algorithm
[    2.902183] [  T516] BTRFS info (device vda3): using free-space-tree
[    2.928206] [  T510] BTRFS info (device vda3): last unmount of filesystem 8e1db0e5-66e2-4309-9280-394cf494d447
[    2.956289] [    T7] usb 1-1: new high-speed USB device number 2 using xhci_hcd
[    3.054921] [  T568] BTRFS: device label ROOT devid 1 transid 323 /dev/vda3 (253:3) scanned by mount (568)
[    3.055498] [  T568] BTRFS info (device vda3): first mount of filesystem 8e1db0e5-66e2-4309-9280-394cf494d447
[    3.055518] [  T568] BTRFS info (device vda3): using crc32c (crc32c-intel) checksum algorithm
[    3.055524] [  T568] BTRFS info (device vda3): using free-space-tree
[    3.096064] [    T7] usb 1-1: New USB device found, idVendor=0627, idProduct=0001, bcdDevice= 0.00
[    3.096069] [    T7] usb 1-1: New USB device strings: Mfr=1, Product=3, SerialNumber=10
[    3.096072] [    T7] usb 1-1: Product: QEMU USB Tablet
[    3.096074] [    T7] usb 1-1: Manufacturer: QEMU
[    3.096076] [    T7] usb 1-1: SerialNumber: 28754-0000:00:06.0-1
[    3.101956] [  T421] usbcore: registered new interface driver usbhid
[    3.101960] [  T421] usbhid: USB HID core driver
[    3.116669] [  T421] input: QEMU QEMU USB Tablet as /devices/pci0000:00/0000:00:06.0/usb1/1-1/1-1:1.0/0003:0627:0001.0001/input/input4
[    3.117274] [  T421] hid-generic 0003:0627:0001.0001: input,hidraw0: USB HID v0.01 Mouse [QEMU QEMU USB Tablet] on usb-0000:00:06.0-1/input0
[    3.641646] [  T174] systemd-journald[174]: Received SIGTERM from PID 1 (systemd).
[    3.762606] [   T25] audit: type=1404 audit(1716882683.493:4): enforcing=1 old_enforcing=0 auid=4294967295 ses=4294967295 enabled=1 old-enabled=1 lsm=selinux res=1
[    3.817903] [    T1] SELinux:  policy capability network_peer_controls=1
[    3.817906] [    T1] SELinux:  policy capability open_perms=1
[    3.817908] [    T1] SELinux:  policy capability extended_socket_class=1
[    3.817909] [    T1] SELinux:  policy capability always_check_network=0
[    3.817911] [    T1] SELinux:  policy capability cgroup_seclabel=1
[    3.817912] [    T1] SELinux:  policy capability nnp_nosuid_transition=1
[    3.817913] [    T1] SELinux:  policy capability genfs_seclabel_symlinks=1
[    3.817914] [    T1] SELinux:  policy capability ioctl_skip_cloexec=0
[    3.817916] [    T1] SELinux:  policy capability userspace_initial_context=0
[    3.865219] [   T25] audit: type=1403 audit(1716882683.593:5): auid=4294967295 ses=4294967295 lsm=selinux res=1
[    3.866503] [    T1] systemd[1]: Successfully loaded SELinux policy in 104.172ms.
[    3.935089] [    T1] systemd[1]: Relabeled /dev, /dev/shm, /run, /sys/fs/cgroup in 30.774ms.
[    3.939532] [    T1] systemd[1]: systemd 255.6+suse.30.g3ea0e1dff3 running in system mode (+PAM +AUDIT +SELINUX +APPARMOR +IMA -SMACK +SECCOMP +GCRYPT +GNUTLS +OPENSSL +ACL +BLKID +CURL +ELFUTILS +FIDO2 +IDN2 -IDN +IPTC +KMOD +LIBCRYPTSETUP +LIBFDISK +PCRE2 +PWQUALITY +P11KIT +QRENCODE +TPM2 +BZIP2 +LZ4 +XZ +ZLIB +ZSTD +BPF_FRAMEWORK -XKBCOMMON -UTMP +SYSVINIT default-hierarchy=unified)
[    3.939540] [    T1] systemd[1]: Detected virtualization kvm.
[    3.939559] [    T1] systemd[1]: Detected architecture x86-64.
[    3.944455] [    T1] evm: overlay not supported
[    4.359032] [    T1] systemd[1]: bpf-lsm: LSM BPF program attached
[    4.381844] [   T25] audit: type=1400 audit(1716882684.106:6): avc:  denied  { map_read map_write } for  pid=669 comm="systemd-fstab-g" scontext=system_u:system_r:systemd_fstab_generator_t:s0 tcontext=system_u:system_r:init_t:s0 tclass=bpf permissive=0
[    4.392651] [   T25] audit: type=1400 audit(1716882684.120:7): avc:  denied  { map_read map_write } for  pid=671 comm="systemd-gpt-aut" scontext=system_u:system_r:systemd_gpt_generator_t:s0 tcontext=system_u:system_r:init_t:s0 tclass=bpf permissive=0
[    4.448853] [   T25] audit: type=1400 audit(1716882684.176:8): avc:  denied  { write } for  pid=671 comm="systemd-gpt-aut" name="generator.late" dev="tmpfs" ino=612 scontext=system_u:system_r:systemd_gpt_generator_t:s0 tcontext=system_u:object_r:init_var_run_t:s0 tclass=dir permissive=0
[    4.448882] [  T671] systemd-gpt-auto-generator[671]: Failed to create symlink "/run/systemd/generator.late/local-fs.target.wants/systemd-remount-fs.service": No such file or directory
[    4.454168] [  T663] (sd-exec-[663]: /usr/lib/systemd/system-generators/systemd-gpt-auto-generator failed with exit status 1.
[    4.597025] [    T1] systemd[1]: initrd-switch-root.service: Deactivated successfully.
[    4.597171] [    T1] systemd[1]: Stopped Switch Root.
[    4.601582] [    T1] systemd[1]: systemd-journald.service: Scheduled restart job, restart counter is at 1.
[    4.602033] [    T1] systemd[1]: Created slice Slice /system/getty.
[    4.603139] [    T1] systemd[1]: Created slice Slice /system/modprobe.
[    4.603769] [    T1] systemd[1]: Created slice Slice /system/serial-getty.
[    4.604370] [    T1] systemd[1]: Created slice User and Session Slice.
[    4.605098] [    T1] systemd[1]: Started Dispatch Password Requests to Console Directory Watch.
[    4.606602] [    T1] systemd[1]: Set up automount Arbitrary Executable File Formats File System Automount Point.
[    4.608554] [    T1] systemd[1]: Expecting device /dev/disk/by-uuid/8e1db0e5-66e2-4309-9280-394cf494d447...
[    4.610084] [    T1] systemd[1]: Expecting device /dev/disk/by-uuid/D27B-37E5...
[    4.610343] [    T1] systemd[1]: Expecting device /dev/hvc0...
[    4.610591] [    T1] systemd[1]: Expecting device /dev/ttyS0...
[    4.610851] [    T1] systemd[1]: Reached target Local Encrypted Volumes.
[    4.611119] [    T1] systemd[1]: Stopped target Switch Root.
[    4.611379] [    T1] systemd[1]: Stopped target Initrd File Systems.
[    4.611668] [    T1] systemd[1]: Stopped target Initrd Root File System.
[    4.611990] [    T1] systemd[1]: Reached target Local Integrity Protected Volumes.
[    4.612779] [    T1] systemd[1]: Reached target Remote File Systems.
[    4.613569] [    T1] systemd[1]: Reached target Slice Units.
[    4.613838] [    T1] systemd[1]: Reached target Swaps.
[    4.614099] [    T1] systemd[1]: Reached target System Time Set.
[    4.614360] [    T1] systemd[1]: Reached target Local Verity Protected Volumes.
[    4.616528] [    T1] systemd[1]: Listening on Device-mapper event daemon FIFOs.
[    4.620591] [    T1] systemd[1]: Listening on LVM2 poll daemon socket.
[    4.622959] [    T1] systemd[1]: Listening on Process Core Dump Socket.
[    4.624600] [    T1] systemd[1]: TPM2 PCR Extension (Varlink) was skipped because of an unmet condition check (ConditionSecurity=measured-uki).
[    4.625954] [    T1] systemd[1]: Listening on udev Control Socket.
[    4.627958] [    T1] systemd[1]: Listening on udev Kernel Socket.
[    4.639166] [    T1] systemd[1]: Mounting Huge Pages File System...
[    4.644129] [    T1] systemd[1]: Mounting POSIX Message Queue File System...
[    4.655757] [    T1] systemd[1]: Mounting Kernel Debug File System...
[    4.659127] [    T1] systemd[1]: Mounting Kernel Trace File System...
[    4.662524] [    T1] systemd[1]: Mounting Temporary Directory /tmp...
[    4.675814] [    T1] systemd[1]: Starting Create List of Static Device Nodes...
[    4.682505] [    T1] systemd[1]: Starting Monitoring of LVM2 mirrors, snapshots etc. using dmeventd or progress polling...
[    4.692032] [    T1] systemd[1]: Starting Load Kernel Module configfs...
[    4.699341] [    T1] systemd[1]: Starting Load Kernel Module dm_mod...
[    4.704564] [    T1] systemd[1]: Starting Load Kernel Module drm...
[    4.712128] [    T1] systemd[1]: Starting Load Kernel Module efi_pstore...
[    4.719644] [    T1] systemd[1]: Starting Load Kernel Module fuse...
[    4.724468] [    T1] systemd[1]: Starting Load Kernel Module loop...
[    4.724761] [    T1] systemd[1]: systemd-fsck-root.service: Deactivated successfully.
[    4.724821] [    T1] systemd[1]: Stopped File System Check on Root Device.
[    4.749352] [    T1] systemd[1]: Starting Journal Service...
[    4.749819] [    T1] systemd[1]: Load Kernel Modules was skipped because no trigger condition checks were met.
[    4.749878] [    T1] systemd[1]: Apply Kernel Variables for 6.9.1-1-default from /boot was skipped because of an unmet condition check (ConditionPathExists=/boot/sysctl.conf-6.9.1-1-default).
[    4.762526] [    T1] systemd[1]: Starting Apply Kernel Variables for 6.9.1-1-default...
[    4.762787] [    T1] systemd[1]: TPM2 PCR Machine ID Measurement was skipped because of an unmet condition check (ConditionSecurity=measured-uki).
[    4.769113] [    T1] systemd[1]: Starting Remount Root and Kernel File Systems...
[    4.769401] [    T1] systemd[1]: TPM2 SRK Setup (Early) was skipped because of an unmet condition check (ConditionSecurity=measured-uki).
[    4.778356] [    T1] systemd[1]: Starting Coldplug All udev Devices...
[    4.790614] [    T1] systemd[1]: Mounted Huge Pages File System.
[    4.796910] [    T1] systemd[1]: Mounted POSIX Message Queue File System.
[    4.797232] [    T1] systemd[1]: Mounted Kernel Debug File System.
[    4.797561] [    T1] systemd[1]: Mounted Kernel Trace File System.
[    4.797864] [    T1] systemd[1]: Mounted Temporary Directory /tmp.
[    4.802369] [  T693] loop: module loaded
[    4.814038] [    T1] systemd[1]: Finished Create List of Static Device Nodes.
[    4.814592] [    T1] systemd[1]: modprobe@configfs.service: Deactivated successfully.
[    4.814698] [    T1] systemd[1]: Finished Load Kernel Module configfs.
[    4.815167] [    T1] systemd[1]: modprobe@dm_mod.service: Deactivated successfully.
[    4.815267] [    T1] systemd[1]: Finished Load Kernel Module dm_mod.
[    4.816557] [  T692] fuse: init (API version 7.40)
[    4.817020] [    T1] systemd[1]: modprobe@drm.service: Deactivated successfully.
[    4.826811] [    T1] systemd[1]: Finished Load Kernel Module drm.
[    4.827547] [    T1] systemd[1]: modprobe@efi_pstore.service: Deactivated successfully.
[    4.827654] [    T1] systemd[1]: Finished Load Kernel Module efi_pstore.
[    4.828099] [    T1] systemd[1]: modprobe@fuse.service: Deactivated successfully.
[    4.828198] [    T1] systemd[1]: Finished Load Kernel Module fuse.
[    4.828632] [    T1] systemd[1]: modprobe@loop.service: Deactivated successfully.
[    4.828732] [    T1] systemd[1]: Finished Load Kernel Module loop.
[    4.833967] [    T1] systemd[1]: Finished Apply Kernel Variables for 6.9.1-1-default.
[    4.855723] [    T1] systemd[1]: Mounting FUSE Control File System...
[    4.862143] [    T1] systemd[1]: Mounting Kernel Configuration File System...
[    4.862432] [    T1] systemd[1]: Repartition Root Disk was skipped because no trigger condition checks were met.
[    4.875819] [    T1] systemd[1]: Starting Apply Kernel Variables...
[    4.879108] [    T1] systemd[1]: Starting Create Static Device Nodes in /dev gracefully...
[    4.884465] [  T694] systemd-journald[694]: Collecting audit messages is disabled.
[    4.906934] [    T1] systemd[1]: Started Journal Service.
[    5.580892] [  T737] input: Power Button as /devices/LNXSYSTM:00/LNXPWRBN:00/input/input5
[    5.592717] [  T737] ACPI: button: Power Button [PWRF]
[    5.610717] [  T735] parport_pc 00:03: reported by Plug and Play ACPI
[    5.610876] [  T735] parport0: PC-style at 0x378, irq 7 [PCSPP,TRISTATE]
[    5.638610] [  T739] piix4_smbus 0000:00:01.3: SMBus Host Controller at 0xb100, revision 0
[    5.657662] [  T737] input: PC Speaker as /devices/platform/pcspkr/input/input6
[    5.717377] [  T742] Console: switching to colour dummy device 80x25
[    5.726068] [  T742] bochs-drm 0000:00:02.0: vgaarb: deactivate vga console
[    5.726193] [  T742] [drm] Found bochs VGA, ID 0xb0c5.
[    5.726195] [  T742] [drm] Framebuffer size 16384 kB @ 0x80000000, mmio @ 0x81049000.
[    5.740223] [  T742] [drm] Found EDID data blob.
[    5.762406] [  T742] [drm] Initialized bochs-drm 1.0.0 20130925 for 0000:00:02.0 on minor 0
[    5.766759] [  T742] fbcon: bochs-drmdrmfb (fb0) is primary device
[    5.873801] [  T739] ppdev: user-space parallel port driver
[    5.892402] [  T742] Console: switching to colour frame buffer device 128x48
[    6.024405] [  T742] bochs-drm 0000:00:02.0: [drm] fb0: bochs-drmdrmfb frame buffer device
[    6.041759] [  T738] kvm_amd: Nested Virtualization enabled
[    6.041762] [  T738] kvm_amd: Nested Paging enabled
[    6.189636] [  T694] systemd-journald[694]: Received client request to flush runtime journal.
[    6.213148] [  T694] systemd-journald[694]: /var/log/journal/ac32e82db52b4c29a228c466588b5044/system.journal: Journal file uses a different sequence number ID, rotating.
[    6.213153] [  T694] systemd-journald[694]: Rotating system journal.
[    6.238725] [  T798] snd_hda_codec_generic hdaudioC0D0: autoconfig for Generic: line_outs=1 (0x3/0x0/0x0/0x0/0x0) type:line
[    6.238730] [  T798] snd_hda_codec_generic hdaudioC0D0:    speaker_outs=0 (0x0/0x0/0x0/0x0/0x0)
[    6.238733] [  T798] snd_hda_codec_generic hdaudioC0D0:    hp_outs=0 (0x0/0x0/0x0/0x0/0x0)
[    6.238735] [  T798] snd_hda_codec_generic hdaudioC0D0:    mono: mono_out=0x0
[    6.238737] [  T798] snd_hda_codec_generic hdaudioC0D0:    inputs:
[    7.229492] [  T841] Lockdown: numlockbios: /dev/mem,kmem,port is restricted; see man kernel_lockdown.7
[    7.273493] [  T852] Lockdown: numlockbios: /dev/mem,kmem,port is restricted; see man kernel_lockdown.7
[    7.372861] [  T857] Lockdown: numlockbios: /dev/mem,kmem,port is restricted; see man kernel_lockdown.7
[    7.439660] [  T865] Lockdown: numlockbios: /dev/mem,kmem,port is restricted; see man kernel_lockdown.7
[    7.484592] [  T872] Lockdown: numlockbios: /dev/mem,kmem,port is restricted; see man kernel_lockdown.7
[    7.499542] [  T879] Lockdown: numlockbios: /dev/mem,kmem,port is restricted; see man kernel_lockdown.7
[    8.433100] [  T929] NET: Registered PF_PACKET protocol family
[    8.646599] [  T944] NET: Registered PF_QIPCRTR protocol family
