May 28 07:31:13.190585 localhost kernel: Linux version 6.9.1-1-default (geeko@buildhost) (gcc (SUSE Linux) 13.2.1 20240509 [revision b7a2697733d19a093cbdd0e200ffce069a4bc812], GNU ld (GNU Binutils; openSUSE Tumbleweed) 2.42.0.20240130-3) #1 SMP PREEMPT_DYNAMIC Fri May 17 11:59:46 UTC 2024 (0c0b0b5)
May 28 07:31:13.190612 localhost kernel: Command line: initrd=\opensuse-microos\6.9.1-1-default\initrd-684b272fb55f1cef9c0172c83fed01af3ec0d511 quiet systemd.show_status=yes console=ttyS0,115200 console=tty0 ignition.platform.id=qemu security=selinux selinux=1 root=UUID=8e1db0e5-66e2-4309-9280-394cf494d447 rootflags=subvol=@/.snapshots/1/snapshot
May 28 07:31:13.190625 localhost kernel: BIOS-provided physical RAM map:
May 28 07:31:13.190633 localhost kernel: BIOS-e820: [mem 0x0000000000000000-0x000000000009ffff] usable
May 28 07:31:13.190641 localhost kernel: BIOS-e820: [mem 0x0000000000100000-0x00000000007fffff] usable
May 28 07:31:13.190649 localhost kernel: BIOS-e820: [mem 0x0000000000800000-0x0000000000807fff] ACPI NVS
May 28 07:31:13.190659 localhost kernel: BIOS-e820: [mem 0x0000000000808000-0x000000000080afff] usable
May 28 07:31:13.190667 localhost kernel: BIOS-e820: [mem 0x000000000080b000-0x000000000080bfff] ACPI NVS
May 28 07:31:13.190674 localhost kernel: BIOS-e820: [mem 0x000000000080c000-0x000000000080ffff] usable
May 28 07:31:13.190682 localhost kernel: BIOS-e820: [mem 0x0000000000810000-0x00000000008fffff] ACPI NVS
May 28 07:31:13.190689 localhost kernel: BIOS-e820: [mem 0x0000000000900000-0x000000003f8eefff] usable
May 28 07:31:13.190697 localhost kernel: BIOS-e820: [mem 0x000000003f8ef000-0x000000003fb6efff] reserved
May 28 07:31:13.190705 localhost kernel: BIOS-e820: [mem 0x000000003fb6f000-0x000000003fb7efff] ACPI data
May 28 07:31:13.190713 localhost kernel: BIOS-e820: [mem 0x000000003fb7f000-0x000000003fbfefff] ACPI NVS
May 28 07:31:13.190724 localhost kernel: BIOS-e820: [mem 0x000000003fbff000-0x000000003ff57fff] usable
May 28 07:31:13.190732 localhost kernel: BIOS-e820: [mem 0x000000003ff58000-0x000000003ff77fff] reserved
May 28 07:31:13.190740 localhost kernel: BIOS-e820: [mem 0x000000003ff78000-0x000000003fffffff] ACPI NVS
May 28 07:31:13.190747 localhost kernel: BIOS-e820: [mem 0x00000000ffe00000-0x00000000ffffffff] reserved
May 28 07:31:13.190755 localhost kernel: NX (Execute Disable) protection: active
May 28 07:31:13.190762 localhost kernel: APIC: Static calls initialized
May 28 07:31:13.190770 localhost kernel: e820: update [mem 0x3e1d9018-0x3e1e2c57] usable ==> usable
May 28 07:31:13.190778 localhost kernel: e820: update [mem 0x3e0a0018-0x3e0c8057] usable ==> usable
May 28 07:31:13.190786 localhost kernel: extended physical RAM map:
May 28 07:31:13.190795 localhost kernel: reserve setup_data: [mem 0x0000000000000000-0x000000000009ffff] usable
May 28 07:31:13.190805 localhost kernel: reserve setup_data: [mem 0x0000000000100000-0x00000000007fffff] usable
May 28 07:31:13.190813 localhost kernel: reserve setup_data: [mem 0x0000000000800000-0x0000000000807fff] ACPI NVS
May 28 07:31:13.190818 localhost kernel: reserve setup_data: [mem 0x0000000000808000-0x000000000080afff] usable
May 28 07:31:13.190823 localhost kernel: reserve setup_data: [mem 0x000000000080b000-0x000000000080bfff] ACPI NVS
May 28 07:31:13.190828 localhost kernel: reserve setup_data: [mem 0x000000000080c000-0x000000000080ffff] usable
May 28 07:31:13.190833 localhost kernel: reserve setup_data: [mem 0x0000000000810000-0x00000000008fffff] ACPI NVS
May 28 07:31:13.190837 localhost kernel: reserve setup_data: [mem 0x0000000000900000-0x000000003e0a0017] usable
May 28 07:31:13.190842 localhost kernel: reserve setup_data: [mem 0x000000003e0a0018-0x000000003e0c8057] usable
May 28 07:31:13.190847 localhost kernel: reserve setup_data: [mem 0x000000003e0c8058-0x000000003e1d9017] usable
May 28 07:31:13.190852 localhost kernel: reserve setup_data: [mem 0x000000003e1d9018-0x000000003e1e2c57] usable
May 28 07:31:13.190857 localhost kernel: reserve setup_data: [mem 0x000000003e1e2c58-0x000000003f8eefff] usable
May 28 07:31:13.190862 localhost kernel: reserve setup_data: [mem 0x000000003f8ef000-0x000000003fb6efff] reserved
May 28 07:31:13.190867 localhost kernel: reserve setup_data: [mem 0x000000003fb6f000-0x000000003fb7efff] ACPI data
May 28 07:31:13.190872 localhost kernel: reserve setup_data: [mem 0x000000003fb7f000-0x000000003fbfefff] ACPI NVS
May 28 07:31:13.190876 localhost kernel: reserve setup_data: [mem 0x000000003fbff000-0x000000003ff57fff] usable
May 28 07:31:13.190882 localhost kernel: reserve setup_data: [mem 0x000000003ff58000-0x000000003ff77fff] reserved
May 28 07:31:13.190890 localhost kernel: reserve setup_data: [mem 0x000000003ff78000-0x000000003fffffff] ACPI NVS
May 28 07:31:13.190894 localhost kernel: reserve setup_data: [mem 0x00000000ffe00000-0x00000000ffffffff] reserved
May 28 07:31:13.190899 localhost kernel: efi: EFI v2.7 by EDK II
May 28 07:31:13.190905 localhost kernel: efi: SMBIOS=0x3f909000 ACPI=0x3fb7e000 ACPI 2.0=0x3fb7e014 MEMATTR=0x3e825118 MOKvar=0x3e24c000 INITRD=0x3e1e3f98 RNG=0x3fb75018 
May 28 07:31:13.190911 localhost kernel: random: crng init done
May 28 07:31:13.190917 localhost kernel: efi: Remove mem131: MMIO range=[0xffe00000-0xffffffff] (2MB) from e820 map
May 28 07:31:13.190921 localhost kernel: e820: remove [mem 0xffe00000-0xffffffff] reserved
May 28 07:31:13.190926 localhost kernel: secureboot: Secure boot enabled
May 28 07:31:13.190931 localhost kernel: Kernel is locked down from EFI Secure Boot mode; see man kernel_lockdown.7
May 28 07:31:13.190936 localhost kernel: SMBIOS 2.8 present.
May 28 07:31:13.190941 localhost kernel: DMI: QEMU Standard PC (i440FX + PIIX, 1996), BIOS 0.0.0 02/06/2015
May 28 07:31:13.190946 localhost kernel: Hypervisor detected: KVM
May 28 07:31:13.190951 localhost kernel: kvm-clock: Using msrs 4b564d01 and 4b564d00
May 28 07:31:13.190955 localhost kernel: kvm-clock: using sched offset of 10080881897 cycles
May 28 07:31:13.190961 localhost kernel: clocksource: kvm-clock: mask: 0xffffffffffffffff max_cycles: 0x1cd42e4dffb, max_idle_ns: 881590591483 ns
May 28 07:31:13.190966 localhost kernel: tsc: Detected 2200.000 MHz processor
May 28 07:31:13.190971 localhost kernel: e820: update [mem 0x00000000-0x00000fff] usable ==> reserved
May 28 07:31:13.190977 localhost kernel: e820: remove [mem 0x000a0000-0x000fffff] usable
May 28 07:31:13.190982 localhost kernel: last_pfn = 0x3ff58 max_arch_pfn = 0x400000000
May 28 07:31:13.190989 localhost kernel: MTRR map: 4 entries (2 fixed + 2 variable; max 18), built from 8 variable MTRRs
May 28 07:31:13.190994 localhost kernel: x86/PAT: Configuration [0-7]: WB  WC  UC- UC  WB  WP  UC- WT  
May 28 07:31:13.190999 localhost kernel: e820: update [mem 0x3e24c000-0x3e24cfff] usable ==> reserved
May 28 07:31:13.191004 localhost kernel: Using GB pages for direct mapping
May 28 07:31:13.191010 localhost kernel: secureboot: Secure boot enabled
May 28 07:31:13.191015 localhost kernel: RAMDISK: [mem 0x3295e000-0x37469fff]
May 28 07:31:13.191020 localhost kernel: ACPI: Early table checksum verification disabled
May 28 07:31:13.191025 localhost kernel: ACPI: RSDP 0x000000003FB7E014 000024 (v02 BOCHS )
May 28 07:31:13.191031 localhost kernel: ACPI: XSDT 0x000000003FB7D0E8 00004C (v01 BOCHS  BXPC     00000001      01000013)
May 28 07:31:13.191036 localhost kernel: ACPI: FACP 0x000000003FB7A000 000074 (v01 BOCHS  BXPC     00000001 BXPC 00000001)
May 28 07:31:13.191041 localhost kernel: ACPI: DSDT 0x000000003FB7B000 001761 (v01 BOCHS  BXPC     00000001 BXPC 00000001)
May 28 07:31:13.191046 localhost kernel: ACPI: FACS 0x000000003FBDD000 000040
May 28 07:31:13.191053 localhost kernel: ACPI: APIC 0x000000003FB79000 000078 (v01 BOCHS  BXPC     00000001 BXPC 00000001)
May 28 07:31:13.191058 localhost kernel: ACPI: HPET 0x000000003FB78000 000038 (v01 BOCHS  BXPC     00000001 BXPC 00000001)
May 28 07:31:13.191064 localhost kernel: ACPI: WAET 0x000000003FB77000 000028 (v01 BOCHS  BXPC     00000001 BXPC 00000001)
May 28 07:31:13.191069 localhost kernel: ACPI: BGRT 0x000000003FB76000 000038 (v01 INTEL  EDK2     00000002      01000013)
May 28 07:31:13.191074 localhost kernel: ACPI: Reserving FACP table memory at [mem 0x3fb7a000-0x3fb7a073]
May 28 07:31:13.191079 localhost kernel: ACPI: Reserving DSDT table memory at [mem 0x3fb7b000-0x3fb7c760]
May 28 07:31:13.191084 localhost kernel: ACPI: Reserving FACS table memory at [mem 0x3fbdd000-0x3fbdd03f]
May 28 07:31:13.191089 localhost kernel: ACPI: Reserving APIC table memory at [mem 0x3fb79000-0x3fb79077]
May 28 07:31:13.191094 localhost kernel: ACPI: Reserving HPET table memory at [mem 0x3fb78000-0x3fb78037]
May 28 07:31:13.191099 localhost kernel: ACPI: Reserving WAET table memory at [mem 0x3fb77000-0x3fb77027]
May 28 07:31:13.191104 localhost kernel: ACPI: Reserving BGRT table memory at [mem 0x3fb76000-0x3fb76037]
May 28 07:31:13.191109 localhost kernel: No NUMA configuration found
May 28 07:31:13.191116 localhost kernel: Faking a node at [mem 0x0000000000000000-0x000000003ff57fff]
May 28 07:31:13.191121 localhost kernel: NODE_DATA(0) allocated [mem 0x3fe87000-0x3feb1fff]
May 28 07:31:13.191126 localhost kernel: Zone ranges:
May 28 07:31:13.191131 localhost kernel:   DMA      [mem 0x0000000000001000-0x0000000000ffffff]
May 28 07:31:13.191136 localhost kernel:   DMA32    [mem 0x0000000001000000-0x000000003ff57fff]
May 28 07:31:13.191141 localhost kernel:   Normal   empty
May 28 07:31:13.191146 localhost kernel:   Device   empty
May 28 07:31:13.191151 localhost kernel: Movable zone start for each node
May 28 07:31:13.191156 localhost kernel: Early memory node ranges
May 28 07:31:13.191162 localhost kernel:   node   0: [mem 0x0000000000001000-0x000000000009ffff]
May 28 07:31:13.191167 localhost kernel:   node   0: [mem 0x0000000000100000-0x00000000007fffff]
May 28 07:31:13.191172 localhost kernel:   node   0: [mem 0x0000000000808000-0x000000000080afff]
May 28 07:31:13.191178 localhost kernel:   node   0: [mem 0x000000000080c000-0x000000000080ffff]
May 28 07:31:13.191183 localhost kernel:   node   0: [mem 0x0000000000900000-0x000000003f8eefff]
May 28 07:31:13.191188 localhost kernel:   node   0: [mem 0x000000003fbff000-0x000000003ff57fff]
May 28 07:31:13.191194 localhost kernel: Initmem setup node 0 [mem 0x0000000000001000-0x000000003ff57fff]
May 28 07:31:13.191199 localhost kernel: On node 0, zone DMA: 1 pages in unavailable ranges
May 28 07:31:13.191204 localhost kernel: On node 0, zone DMA: 96 pages in unavailable ranges
May 28 07:31:13.191209 localhost kernel: On node 0, zone DMA: 8 pages in unavailable ranges
May 28 07:31:13.191214 localhost kernel: On node 0, zone DMA: 1 pages in unavailable ranges
May 28 07:31:13.191219 localhost kernel: On node 0, zone DMA: 240 pages in unavailable ranges
May 28 07:31:13.191224 localhost kernel: On node 0, zone DMA32: 784 pages in unavailable ranges
May 28 07:31:13.191229 localhost kernel: On node 0, zone DMA32: 168 pages in unavailable ranges
May 28 07:31:13.191234 localhost kernel: ACPI: PM-Timer IO Port: 0xb008
May 28 07:31:13.191239 localhost kernel: ACPI: LAPIC_NMI (acpi_id[0xff] dfl dfl lint[0x1])
May 28 07:31:13.191246 localhost kernel: IOAPIC[0]: apic_id 0, version 17, address 0xfec00000, GSI 0-23
May 28 07:31:13.191252 localhost kernel: ACPI: INT_SRC_OVR (bus 0 bus_irq 0 global_irq 2 dfl dfl)
May 28 07:31:13.191257 localhost kernel: ACPI: INT_SRC_OVR (bus 0 bus_irq 5 global_irq 5 high level)
May 28 07:31:13.191262 localhost kernel: ACPI: INT_SRC_OVR (bus 0 bus_irq 9 global_irq 9 high level)
May 28 07:31:13.191267 localhost kernel: ACPI: INT_SRC_OVR (bus 0 bus_irq 10 global_irq 10 high level)
May 28 07:31:13.191272 localhost kernel: ACPI: INT_SRC_OVR (bus 0 bus_irq 11 global_irq 11 high level)
May 28 07:31:13.191277 localhost kernel: ACPI: Using ACPI (MADT) for SMP configuration information
May 28 07:31:13.191282 localhost kernel: ACPI: HPET id: 0x8086a201 base: 0xfed00000
May 28 07:31:13.191287 localhost kernel: e820: update [mem 0x3e29f000-0x3e2a7fff] usable ==> reserved
May 28 07:31:13.191292 localhost kernel: TSC deadline timer available
May 28 07:31:13.191302 localhost kernel: CPU topo: Max. logical packages:   1
May 28 07:31:13.191307 localhost kernel: CPU topo: Max. logical dies:       1
May 28 07:31:13.191312 localhost kernel: CPU topo: Max. dies per package:   1
May 28 07:31:13.191319 localhost kernel: CPU topo: Max. threads per core:   1
May 28 07:31:13.191324 localhost kernel: CPU topo: Num. cores per package:     1
May 28 07:31:13.191329 localhost kernel: CPU topo: Num. threads per package:   1
May 28 07:31:13.191334 localhost kernel: CPU topo: Allowing 1 present CPUs plus 0 hotplug CPUs
May 28 07:31:13.191339 localhost kernel: kvm-guest: APIC: eoi() replaced with kvm_guest_apic_eoi_write()
May 28 07:31:13.191345 localhost kernel: PM: hibernation: Registered nosave memory: [mem 0x00000000-0x00000fff]
May 28 07:31:13.191350 localhost kernel: PM: hibernation: Registered nosave memory: [mem 0x000a0000-0x000fffff]
May 28 07:31:13.191355 localhost kernel: PM: hibernation: Registered nosave memory: [mem 0x00800000-0x00807fff]
May 28 07:31:13.191360 localhost kernel: PM: hibernation: Registered nosave memory: [mem 0x0080b000-0x0080bfff]
May 28 07:31:13.191367 localhost kernel: PM: hibernation: Registered nosave memory: [mem 0x00810000-0x008fffff]
May 28 07:31:13.191372 localhost kernel: PM: hibernation: Registered nosave memory: [mem 0x3e0a0000-0x3e0a0fff]
May 28 07:31:13.191377 localhost kernel: PM: hibernation: Registered nosave memory: [mem 0x3e0c8000-0x3e0c8fff]
May 28 07:31:13.191382 localhost kernel: PM: hibernation: Registered nosave memory: [mem 0x3e1d9000-0x3e1d9fff]
May 28 07:31:13.191387 localhost kernel: PM: hibernation: Registered nosave memory: [mem 0x3e1e2000-0x3e1e2fff]
May 28 07:31:13.191393 localhost kernel: PM: hibernation: Registered nosave memory: [mem 0x3e24c000-0x3e24cfff]
May 28 07:31:13.191398 localhost kernel: PM: hibernation: Registered nosave memory: [mem 0x3e29f000-0x3e2a7fff]
May 28 07:31:13.191403 localhost kernel: PM: hibernation: Registered nosave memory: [mem 0x3f8ef000-0x3fb6efff]
May 28 07:31:13.191408 localhost kernel: PM: hibernation: Registered nosave memory: [mem 0x3fb6f000-0x3fb7efff]
May 28 07:31:13.191413 localhost kernel: PM: hibernation: Registered nosave memory: [mem 0x3fb7f000-0x3fbfefff]
May 28 07:31:13.191418 localhost kernel: [mem 0x40000000-0xffffffff] available for PCI devices
May 28 07:31:13.191423 localhost kernel: Booting paravirtualized kernel on KVM
May 28 07:31:13.191430 localhost kernel: clocksource: refined-jiffies: mask: 0xffffffff max_cycles: 0xffffffff, max_idle_ns: 6370452778343963 ns
May 28 07:31:13.191435 localhost kernel: setup_percpu: NR_CPUS:8192 nr_cpumask_bits:1 nr_cpu_ids:1 nr_node_ids:1
May 28 07:31:13.191441 localhost kernel: percpu: Embedded 72 pages/cpu s258048 r8192 d28672 u2097152
May 28 07:31:13.191446 localhost kernel: pcpu-alloc: s258048 r8192 d28672 u2097152 alloc=1*2097152
May 28 07:31:13.191451 localhost kernel: pcpu-alloc: [0] 0 
May 28 07:31:13.191456 localhost kernel: kvm-guest: PV spinlocks disabled, single CPU
May 28 07:31:13.191462 localhost kernel: Kernel command line: initrd=\opensuse-microos\6.9.1-1-default\initrd-684b272fb55f1cef9c0172c83fed01af3ec0d511 quiet systemd.show_status=yes console=ttyS0,115200 console=tty0 ignition.platform.id=qemu security=selinux selinux=1 root=UUID=8e1db0e5-66e2-4309-9280-394cf494d447 rootflags=subvol=@/.snapshots/1/snapshot
May 28 07:31:13.191468 localhost kernel: Dentry cache hash table entries: 131072 (order: 8, 1048576 bytes, linear)
May 28 07:31:13.191473 localhost kernel: Inode-cache hash table entries: 65536 (order: 7, 524288 bytes, linear)
May 28 07:31:13.191478 localhost kernel: Fallback order for Node 0: 0 
May 28 07:31:13.191483 localhost kernel: Built 1 zonelists, mobility grouping on.  Total pages: 254806
May 28 07:31:13.191490 localhost kernel: Policy zone: DMA32
May 28 07:31:13.191495 localhost kernel: mem auto-init: stack:off, heap alloc:off, heap free:off
May 28 07:31:13.191500 localhost kernel: Memory: 247580K/1043384K available (16384K kernel code, 3000K rwdata, 13020K rodata, 4224K init, 4384K bss, 180960K reserved, 0K cma-reserved)
May 28 07:31:13.191506 localhost kernel: SLUB: HWalign=64, Order=0-3, MinObjects=0, CPUs=1, Nodes=1
May 28 07:31:13.191511 localhost kernel: ftrace: allocating 47505 entries in 186 pages
May 28 07:31:13.191516 localhost kernel: ftrace: allocated 186 pages with 5 groups
May 28 07:31:13.191521 localhost kernel: Dynamic Preempt: voluntary
May 28 07:31:13.191526 localhost kernel: rcu: Preemptible hierarchical RCU implementation.
May 28 07:31:13.191532 localhost kernel: rcu:         RCU event tracing is enabled.
May 28 07:31:13.191537 localhost kernel: rcu:         RCU restricting CPUs from NR_CPUS=8192 to nr_cpu_ids=1.
May 28 07:31:13.191542 localhost kernel:         Trampoline variant of Tasks RCU enabled.
May 28 07:31:13.191547 localhost kernel:         Rude variant of Tasks RCU enabled.
May 28 07:31:13.191554 localhost kernel:         Tracing variant of Tasks RCU enabled.
May 28 07:31:13.191559 localhost kernel: rcu: RCU calculated value of scheduler-enlistment delay is 30 jiffies.
May 28 07:31:13.191565 localhost kernel: rcu: Adjusting geometry for rcu_fanout_leaf=16, nr_cpu_ids=1
May 28 07:31:13.191570 localhost kernel: RCU Tasks: Setting shift to 0 and lim to 1 rcu_task_cb_adjust=1.
May 28 07:31:13.191575 localhost kernel: RCU Tasks Rude: Setting shift to 0 and lim to 1 rcu_task_cb_adjust=1.
May 28 07:31:13.191580 localhost kernel: RCU Tasks Trace: Setting shift to 0 and lim to 1 rcu_task_cb_adjust=1.
May 28 07:31:13.191585 localhost kernel: NR_IRQS: 524544, nr_irqs: 256, preallocated irqs: 16
May 28 07:31:13.191590 localhost kernel: rcu: srcu_init: Setting srcu_struct sizes based on contention.
May 28 07:31:13.191595 localhost kernel: Console: colour dummy device 80x25
May 28 07:31:13.191600 localhost kernel: printk: legacy console [tty0] enabled
May 28 07:31:13.191605 localhost kernel: printk: legacy console [ttyS0] enabled
May 28 07:31:13.191610 localhost kernel: ACPI: Core revision 20230628
May 28 07:31:13.191617 localhost kernel: clocksource: hpet: mask: 0xffffffff max_cycles: 0xffffffff, max_idle_ns: 19112604467 ns
May 28 07:31:13.191622 localhost kernel: APIC: Switch to symmetric I/O mode setup
May 28 07:31:13.191627 localhost kernel: x2apic enabled
May 28 07:31:13.191632 localhost kernel: APIC: Switched APIC routing to: physical x2apic
May 28 07:31:13.191638 localhost kernel: ..TIMER: vector=0x30 apic1=0 pin1=2 apic2=-1 pin2=-1
May 28 07:31:13.191643 localhost kernel: clocksource: tsc-early: mask: 0xffffffffffffffff max_cycles: 0x1fb633008a4, max_idle_ns: 440795292230 ns
May 28 07:31:13.191648 localhost kernel: Calibrating delay loop (skipped) preset value.. 4401.33 BogoMIPS (lpj=7333333)
May 28 07:31:13.191653 localhost kernel: x86/cpu: User Mode Instruction Prevention (UMIP) activated
May 28 07:31:13.191658 localhost kernel: Last level iTLB entries: 4KB 512, 2MB 255, 4MB 127
May 28 07:31:13.191664 localhost kernel: Last level dTLB entries: 4KB 512, 2MB 255, 4MB 127, 1GB 0
May 28 07:31:13.191669 localhost kernel: Spectre V1 : Mitigation: usercopy/swapgs barriers and __user pointer sanitization
May 28 07:31:13.191676 localhost kernel: Spectre V2 : Mitigation: Retpolines
May 28 07:31:13.191681 localhost kernel: Spectre V2 : Spectre v2 / SpectreRSB mitigation: Filling RSB on context switch
May 28 07:31:13.191686 localhost kernel: Spectre V2 : Spectre v2 / SpectreRSB : Filling RSB on VMEXIT
May 28 07:31:13.191691 localhost kernel: Spectre V2 : Enabling Restricted Speculation for firmware calls
May 28 07:31:13.191696 localhost kernel: Spectre V2 : mitigation: Enabling conditional Indirect Branch Prediction Barrier
May 28 07:31:13.191702 localhost kernel: Speculative Store Bypass: Mitigation: Speculative Store Bypass disabled via prctl
May 28 07:31:13.191707 localhost kernel: Speculative Return Stack Overflow: IBPB-extending microcode not applied!
May 28 07:31:13.191712 localhost kernel: Speculative Return Stack Overflow: WARNING: See https://kernel.org/doc/html/latest/admin-guide/hw-vuln/srso.html for mitigation options.
May 28 07:31:13.191718 localhost kernel: Speculative Return Stack Overflow: Vulnerable: Safe RET, no microcode
May 28 07:31:13.191723 localhost kernel: x86/fpu: Supporting XSAVE feature 0x001: 'x87 floating point registers'
May 28 07:31:13.191728 localhost kernel: x86/fpu: Supporting XSAVE feature 0x002: 'SSE registers'
May 28 07:31:13.191735 localhost kernel: x86/fpu: Supporting XSAVE feature 0x004: 'AVX registers'
May 28 07:31:13.191740 localhost kernel: x86/fpu: Supporting XSAVE feature 0x200: 'Protection Keys User registers'
May 28 07:31:13.191745 localhost kernel: x86/fpu: xstate_offset[2]:  576, xstate_sizes[2]:  256
May 28 07:31:13.191750 localhost kernel: x86/fpu: xstate_offset[9]:  832, xstate_sizes[9]:    8
May 28 07:31:13.191755 localhost kernel: x86/fpu: Enabled xstate features 0x207, context size is 840 bytes, using 'compacted' format.
May 28 07:31:13.191760 localhost kernel: Freeing SMP alternatives memory: 40K
May 28 07:31:13.191765 localhost kernel: pid_max: default: 32768 minimum: 301
May 28 07:31:13.191771 localhost kernel: LSM: initializing lsm=lockdown,capability,landlock,yama,selinux,bpf,ima,evm
May 28 07:31:13.191776 localhost kernel: landlock: Up and running.
May 28 07:31:13.191781 localhost kernel: Yama: becoming mindful.
May 28 07:31:13.191786 localhost kernel: SELinux:  Initializing.
May 28 07:31:13.191791 localhost kernel: LSM support for eBPF active
May 28 07:31:13.191797 localhost kernel: Mount-cache hash table entries: 2048 (order: 2, 16384 bytes, linear)
May 28 07:31:13.191803 localhost kernel: Mountpoint-cache hash table entries: 2048 (order: 2, 16384 bytes, linear)
May 28 07:31:13.191808 localhost kernel: smpboot: CPU0: AMD EPYC 7773X 64-Core Processor (family: 0x19, model: 0x1, stepping: 0x2)
May 28 07:31:13.191813 localhost kernel: Performance Events: Fam17h+ core perfctr, AMD PMU driver.
May 28 07:31:13.191818 localhost kernel: ... version:                0
May 28 07:31:13.191823 localhost kernel: ... bit width:              48
May 28 07:31:13.191828 localhost kernel: ... generic registers:      6
May 28 07:31:13.191833 localhost kernel: ... value mask:             0000ffffffffffff
May 28 07:31:13.191838 localhost kernel: ... max period:             00007fffffffffff
May 28 07:31:13.191843 localhost kernel: ... fixed-purpose events:   0
May 28 07:31:13.191848 localhost kernel: ... event mask:             000000000000003f
May 28 07:31:13.191855 localhost kernel: signal: max sigframe size: 3376
May 28 07:31:13.191860 localhost kernel: rcu: Hierarchical SRCU implementation.
May 28 07:31:13.191865 localhost kernel: rcu:         Max phase no-delay instances is 1000.
May 28 07:31:13.191870 localhost kernel: smp: Bringing up secondary CPUs ...
May 28 07:31:13.191875 localhost kernel: smp: Brought up 1 node, 1 CPU
May 28 07:31:13.191880 localhost kernel: smpboot: Total of 1 processors activated (4401.33 BogoMIPS)
May 28 07:31:13.191885 localhost kernel: node 0 deferred pages initialised in 4ms
May 28 07:31:13.191890 localhost kernel: devtmpfs: initialized
May 28 07:31:13.191895 localhost kernel: x86/mm: Memory block size: 128MB
May 28 07:31:13.191900 localhost kernel: ACPI: PM: Registering ACPI NVS region [mem 0x00800000-0x00807fff] (32768 bytes)
May 28 07:31:13.191905 localhost kernel: ACPI: PM: Registering ACPI NVS region [mem 0x0080b000-0x0080bfff] (4096 bytes)
May 28 07:31:13.191911 localhost kernel: ACPI: PM: Registering ACPI NVS region [mem 0x00810000-0x008fffff] (983040 bytes)
May 28 07:31:13.191916 localhost kernel: ACPI: PM: Registering ACPI NVS region [mem 0x3fb7f000-0x3fbfefff] (524288 bytes)
May 28 07:31:13.191921 localhost kernel: ACPI: PM: Registering ACPI NVS region [mem 0x3ff78000-0x3fffffff] (557056 bytes)
May 28 07:31:13.191928 localhost kernel: clocksource: jiffies: mask: 0xffffffff max_cycles: 0xffffffff, max_idle_ns: 6370867519511994 ns
May 28 07:31:13.191933 localhost kernel: futex hash table entries: 256 (order: 2, 16384 bytes, linear)
May 28 07:31:13.191938 localhost kernel: pinctrl core: initialized pinctrl subsystem
May 28 07:31:13.191943 localhost kernel: PM: RTC time: 07:31:11, date: 2024-05-28
May 28 07:31:13.191949 localhost kernel: NET: Registered PF_NETLINK/PF_ROUTE protocol family
May 28 07:31:13.191954 localhost kernel: DMA: preallocated 128 KiB GFP_KERNEL pool for atomic allocations
May 28 07:31:13.191959 localhost kernel: DMA: preallocated 128 KiB GFP_KERNEL|GFP_DMA pool for atomic allocations
May 28 07:31:13.191964 localhost kernel: DMA: preallocated 128 KiB GFP_KERNEL|GFP_DMA32 pool for atomic allocations
May 28 07:31:13.191969 localhost kernel: audit: initializing netlink subsys (disabled)
May 28 07:31:13.191974 localhost kernel: audit: type=2000 audit(1716881472.824:1): state=initialized audit_enabled=0 res=1
May 28 07:31:13.191980 localhost kernel: thermal_sys: Registered thermal governor 'fair_share'
May 28 07:31:13.191986 localhost kernel: thermal_sys: Registered thermal governor 'bang_bang'
May 28 07:31:13.191992 localhost kernel: thermal_sys: Registered thermal governor 'step_wise'
May 28 07:31:13.191997 localhost kernel: thermal_sys: Registered thermal governor 'user_space'
May 28 07:31:13.192002 localhost kernel: cpuidle: using governor ladder
May 28 07:31:13.192007 localhost kernel: cpuidle: using governor menu
May 28 07:31:13.192012 localhost kernel: acpiphp: ACPI Hot Plug PCI Controller Driver version: 0.5
May 28 07:31:13.192017 localhost kernel: PCI: Using configuration type 1 for base access
May 28 07:31:13.192022 localhost kernel: PCI: Using configuration type 1 for extended access
May 28 07:31:13.192027 localhost kernel: kprobes: kprobe jump-optimization is enabled. All kprobes are optimized if possible.
May 28 07:31:13.192032 localhost kernel: HugeTLB: registered 1.00 GiB page size, pre-allocated 0 pages
May 28 07:31:13.192037 localhost kernel: HugeTLB: 16380 KiB vmemmap can be freed for a 1.00 GiB page
May 28 07:31:13.192044 localhost kernel: HugeTLB: registered 2.00 MiB page size, pre-allocated 0 pages
May 28 07:31:13.192049 localhost kernel: HugeTLB: 28 KiB vmemmap can be freed for a 2.00 MiB page
May 28 07:31:13.192054 localhost kernel: Demotion targets for Node 0: null
May 28 07:31:13.192059 localhost kernel: ACPI: Added _OSI(Module Device)
May 28 07:31:13.192064 localhost kernel: ACPI: Added _OSI(Processor Device)
May 28 07:31:13.192069 localhost kernel: ACPI: Added _OSI(3.0 _SCP Extensions)
May 28 07:31:13.192075 localhost kernel: ACPI: Added _OSI(Processor Aggregator Device)
May 28 07:31:13.192080 localhost kernel: ACPI: 1 ACPI AML tables successfully acquired and loaded
May 28 07:31:13.192085 localhost kernel: ACPI: _OSC evaluation for CPUs failed, trying _PDC
May 28 07:31:13.192090 localhost kernel: ACPI: Interpreter enabled
May 28 07:31:13.192095 localhost kernel: ACPI: PM: (supports S0 S3 S4 S5)
May 28 07:31:13.192100 localhost kernel: ACPI: Using IOAPIC for interrupt routing
May 28 07:31:13.192107 localhost kernel: PCI: Using host bridge windows from ACPI; if necessary, use "pci=nocrs" and report a bug
May 28 07:31:13.192112 localhost kernel: PCI: Using E820 reservations for host bridge windows
May 28 07:31:13.192117 localhost kernel: ACPI: Enabled 2 GPEs in block 00 to 0F
May 28 07:31:13.192122 localhost kernel: ACPI: PCI Root Bridge [PCI0] (domain 0000 [bus 00-ff])
May 28 07:31:13.200673 localhost kernel: acpi PNP0A03:00: _OSC: OS supports [ExtendedConfig ASPM ClockPM Segments MSI EDR HPX-Type3]
May 28 07:31:13.200688 localhost kernel: acpiphp: Slot [3] registered
May 28 07:31:13.200695 localhost kernel: acpiphp: Slot [4] registered
May 28 07:31:13.200700 localhost kernel: acpiphp: Slot [5] registered
May 28 07:31:13.200705 localhost kernel: acpiphp: Slot [6] registered
May 28 07:31:13.200711 localhost kernel: acpiphp: Slot [7] registered
May 28 07:31:13.200716 localhost kernel: acpiphp: Slot [8] registered
May 28 07:31:13.200724 localhost kernel: acpiphp: Slot [9] registered
May 28 07:31:13.200730 localhost kernel: acpiphp: Slot [10] registered
May 28 07:31:13.200735 localhost kernel: acpiphp: Slot [11] registered
May 28 07:31:13.200740 localhost kernel: acpiphp: Slot [12] registered
May 28 07:31:13.200745 localhost kernel: acpiphp: Slot [13] registered
May 28 07:31:13.200750 localhost kernel: acpiphp: Slot [14] registered
May 28 07:31:13.200755 localhost kernel: acpiphp: Slot [15] registered
May 28 07:31:13.200760 localhost kernel: acpiphp: Slot [16] registered
May 28 07:31:13.200765 localhost kernel: acpiphp: Slot [17] registered
May 28 07:31:13.200770 localhost kernel: acpiphp: Slot [18] registered
May 28 07:31:13.200775 localhost kernel: acpiphp: Slot [19] registered
May 28 07:31:13.200780 localhost kernel: acpiphp: Slot [20] registered
May 28 07:31:13.200787 localhost kernel: acpiphp: Slot [21] registered
May 28 07:31:13.200792 localhost kernel: acpiphp: Slot [22] registered
May 28 07:31:13.200797 localhost kernel: acpiphp: Slot [23] registered
May 28 07:31:13.200802 localhost kernel: acpiphp: Slot [24] registered
May 28 07:31:13.200807 localhost kernel: acpiphp: Slot [25] registered
May 28 07:31:13.200812 localhost kernel: acpiphp: Slot [26] registered
May 28 07:31:13.200817 localhost kernel: acpiphp: Slot [27] registered
May 28 07:31:13.200822 localhost kernel: acpiphp: Slot [28] registered
May 28 07:31:13.200827 localhost kernel: acpiphp: Slot [29] registered
May 28 07:31:13.200832 localhost kernel: acpiphp: Slot [30] registered
May 28 07:31:13.200837 localhost kernel: acpiphp: Slot [31] registered
May 28 07:31:13.200842 localhost kernel: PCI host bridge to bus 0000:00
May 28 07:31:13.200967 localhost kernel: pci_bus 0000:00: root bus resource [io  0x0000-0x0cf7 window]
May 28 07:31:13.201077 localhost kernel: pci_bus 0000:00: root bus resource [io  0x0d00-0xffff window]
May 28 07:31:13.201179 localhost kernel: pci_bus 0000:00: root bus resource [mem 0x000a0000-0x000bffff window]
May 28 07:31:13.201280 localhost kernel: pci_bus 0000:00: root bus resource [mem 0x40000000-0xfebfffff window]
May 28 07:31:13.201382 localhost kernel: pci_bus 0000:00: root bus resource [mem 0x800000000-0x87fffffff window]
May 28 07:31:13.201482 localhost kernel: pci_bus 0000:00: root bus resource [bus 00-ff]
May 28 07:31:13.201610 localhost kernel: pci 0000:00:00.0: [8086:1237] type 00 class 0x060000 conventional PCI endpoint
May 28 07:31:13.201732 localhost kernel: pci 0000:00:01.0: [8086:7000] type 00 class 0x060100 conventional PCI endpoint
May 28 07:31:13.201851 localhost kernel: pci 0000:00:01.1: [8086:7010] type 00 class 0x010180 conventional PCI endpoint
May 28 07:31:13.201967 localhost kernel: pci 0000:00:01.1: BAR 4 [io  0xc140-0xc14f]
May 28 07:31:13.202080 localhost kernel: pci 0000:00:01.1: BAR 0 [io  0x01f0-0x01f7]: legacy IDE quirk
May 28 07:31:13.209006 localhost kernel: pci 0000:00:01.1: BAR 1 [io  0x03f6]: legacy IDE quirk
May 28 07:31:13.209137 localhost kernel: pci 0000:00:01.1: BAR 2 [io  0x0170-0x0177]: legacy IDE quirk
May 28 07:31:13.209251 localhost kernel: pci 0000:00:01.1: BAR 3 [io  0x0376]: legacy IDE quirk
May 28 07:31:13.209374 localhost kernel: pci 0000:00:01.3: [8086:7113] type 00 class 0x068000 conventional PCI endpoint
May 28 07:31:13.209485 localhost kernel: pci 0000:00:01.3: quirk: [io  0xb000-0xb03f] claimed by PIIX4 ACPI
May 28 07:31:13.209594 localhost kernel: pci 0000:00:01.3: quirk: [io  0xb100-0xb10f] claimed by PIIX4 SMB
May 28 07:31:13.209719 localhost kernel: pci 0000:00:02.0: [1234:1111] type 00 class 0x030000 conventional PCI endpoint
May 28 07:31:13.209830 localhost kernel: pci 0000:00:02.0: BAR 0 [mem 0x80000000-0x80ffffff pref]
May 28 07:31:13.209938 localhost kernel: pci 0000:00:02.0: BAR 2 [mem 0x81048000-0x81048fff]
May 28 07:31:13.210046 localhost kernel: pci 0000:00:02.0: ROM [mem 0xffff0000-0xffffffff pref]
May 28 07:31:13.210154 localhost kernel: pci 0000:00:02.0: Video device with shadowed ROM at [mem 0x000c0000-0x000dffff]
May 28 07:31:13.210271 localhost kernel: pci 0000:00:03.0: [8086:2668] type 00 class 0x040300 conventional PCI endpoint
May 28 07:31:13.210379 localhost kernel: pci 0000:00:03.0: BAR 0 [mem 0x81040000-0x81043fff]
May 28 07:31:13.210497 localhost kernel: pci 0000:00:04.0: [1af4:1000] type 00 class 0x020000 conventional PCI endpoint
May 28 07:31:13.210607 localhost kernel: pci 0000:00:04.0: BAR 0 [io  0xc120-0xc13f]
May 28 07:31:13.210720 localhost kernel: pci 0000:00:04.0: BAR 1 [mem 0x81047000-0x81047fff]
May 28 07:31:13.210828 localhost kernel: pci 0000:00:04.0: BAR 4 [mem 0x800000000-0x800003fff 64bit pref]
May 28 07:31:13.210936 localhost kernel: pci 0000:00:04.0: ROM [mem 0xfffc0000-0xffffffff pref]
May 28 07:31:13.211054 localhost kernel: pci 0000:00:05.0: [1af4:1005] type 00 class 0x00ff00 conventional PCI endpoint
May 28 07:31:13.211163 localhost kernel: pci 0000:00:05.0: BAR 0 [io  0xc100-0xc11f]
May 28 07:31:13.211270 localhost kernel: pci 0000:00:05.0: BAR 4 [mem 0x800004000-0x800007fff 64bit pref]
May 28 07:31:13.211390 localhost kernel: pci 0000:00:06.0: [1b36:000d] type 00 class 0x0c0330 conventional PCI endpoint
May 28 07:31:13.211498 localhost kernel: pci 0000:00:06.0: BAR 0 [mem 0x800014000-0x800017fff 64bit]
May 28 07:31:13.211616 localhost kernel: pci 0000:00:07.0: [1af4:1003] type 00 class 0x078000 conventional PCI endpoint
May 28 07:31:13.211738 localhost kernel: pci 0000:00:07.0: BAR 0 [io  0xc0c0-0xc0ff]
May 28 07:31:13.211847 localhost kernel: pci 0000:00:07.0: BAR 1 [mem 0x81046000-0x81046fff]
May 28 07:31:13.211955 localhost kernel: pci 0000:00:07.0: BAR 4 [mem 0x800008000-0x80000bfff 64bit pref]
May 28 07:31:13.212073 localhost kernel: pci 0000:00:08.0: [1af4:1004] type 00 class 0x010000 conventional PCI endpoint
May 28 07:31:13.215562 localhost kernel: pci 0000:00:08.0: BAR 0 [io  0xc080-0xc0bf]
May 28 07:31:13.215693 localhost kernel: pci 0000:00:08.0: BAR 1 [mem 0x81045000-0x81045fff]
May 28 07:31:13.215808 localhost kernel: pci 0000:00:08.0: BAR 4 [mem 0x80000c000-0x80000ffff 64bit pref]
May 28 07:31:13.215931 localhost kernel: pci 0000:00:09.0: [1af4:1001] type 00 class 0x010000 conventional PCI endpoint
May 28 07:31:13.216042 localhost kernel: pci 0000:00:09.0: BAR 0 [io  0xc000-0xc07f]
May 28 07:31:13.216156 localhost kernel: pci 0000:00:09.0: BAR 1 [mem 0x81044000-0x81044fff]
May 28 07:31:13.216286 localhost kernel: pci 0000:00:09.0: BAR 4 [mem 0x800010000-0x800013fff 64bit pref]
May 28 07:31:13.216296 localhost kernel: ACPI: PCI: Interrupt link LNKA configured for IRQ 10
May 28 07:31:13.216312 localhost kernel: ACPI: PCI: Interrupt link LNKB configured for IRQ 10
May 28 07:31:13.216319 localhost kernel: ACPI: PCI: Interrupt link LNKC configured for IRQ 11
May 28 07:31:13.216325 localhost kernel: ACPI: PCI: Interrupt link LNKD configured for IRQ 11
May 28 07:31:13.216330 localhost kernel: ACPI: PCI: Interrupt link LNKS configured for IRQ 9
May 28 07:31:13.216335 localhost kernel: iommu: Default domain type: Passthrough
May 28 07:31:13.216340 localhost kernel: pps_core: LinuxPPS API ver. 1 registered
May 28 07:31:13.216346 localhost kernel: pps_core: Software ver. 5.3.6 - Copyright 2005-2007 Rodolfo Giometti <giometti@linux.it>
May 28 07:31:13.216351 localhost kernel: PTP clock support registered
May 28 07:31:13.216356 localhost kernel: EDAC MC: Ver: 3.0.0
May 28 07:31:13.216362 localhost kernel: efivars: Registered efivars operations
May 28 07:31:13.216367 localhost kernel: NetLabel: Initializing
May 28 07:31:13.216372 localhost kernel: NetLabel:  domain hash size = 128
May 28 07:31:13.216377 localhost kernel: NetLabel:  protocols = UNLABELED CIPSOv4 CALIPSO
May 28 07:31:13.216384 localhost kernel: NetLabel:  unlabeled traffic allowed by default
May 28 07:31:13.216390 localhost kernel: mctp: management component transport protocol core
May 28 07:31:13.216395 localhost kernel: NET: Registered PF_MCTP protocol family
May 28 07:31:13.216400 localhost kernel: PCI: Using ACPI for IRQ routing
May 28 07:31:13.216407 localhost kernel: PCI: pci_cache_line_size set to 64 bytes
May 28 07:31:13.216412 localhost kernel: e820: reserve RAM buffer [mem 0x0080b000-0x008fffff]
May 28 07:31:13.216417 localhost kernel: e820: reserve RAM buffer [mem 0x00810000-0x008fffff]
May 28 07:31:13.216422 localhost kernel: e820: reserve RAM buffer [mem 0x3e0a0018-0x3fffffff]
May 28 07:31:13.216427 localhost kernel: e820: reserve RAM buffer [mem 0x3e1d9018-0x3fffffff]
May 28 07:31:13.216432 localhost kernel: e820: reserve RAM buffer [mem 0x3e24c000-0x3fffffff]
May 28 07:31:13.216437 localhost kernel: e820: reserve RAM buffer [mem 0x3e29f000-0x3fffffff]
May 28 07:31:13.216443 localhost kernel: e820: reserve RAM buffer [mem 0x3f8ef000-0x3fffffff]
May 28 07:31:13.216448 localhost kernel: e820: reserve RAM buffer [mem 0x3ff58000-0x3fffffff]
May 28 07:31:13.216559 localhost kernel: pci 0000:00:02.0: vgaarb: setting as boot VGA device
May 28 07:31:13.216667 localhost kernel: pci 0000:00:02.0: vgaarb: bridge control possible
May 28 07:31:13.216778 localhost kernel: pci 0000:00:02.0: vgaarb: VGA device added: decodes=io+mem,owns=io+mem,locks=none
May 28 07:31:13.216786 localhost kernel: vgaarb: loaded
May 28 07:31:13.216792 localhost kernel: hpet0: at MMIO 0xfed00000, IRQs 2, 8, 0
May 28 07:31:13.216797 localhost kernel: hpet0: 3 comparators, 64-bit 100.000000 MHz counter
May 28 07:31:13.216802 localhost kernel: clocksource: Switched to clocksource kvm-clock
May 28 07:31:13.216807 localhost kernel: VFS: Disk quotas dquot_6.6.0
May 28 07:31:13.216813 localhost kernel: VFS: Dquot-cache hash table entries: 512 (order 0, 4096 bytes)
May 28 07:31:13.216818 localhost kernel: pnp: PnP ACPI init
May 28 07:31:13.216946 localhost kernel: pnp 00:02: [dma 2]
May 28 07:31:13.216955 localhost kernel: pnp: PnP ACPI: found 6 devices
May 28 07:31:13.216961 localhost kernel: clocksource: acpi_pm: mask: 0xffffff max_cycles: 0xffffff, max_idle_ns: 2085701024 ns
May 28 07:31:13.216970 localhost kernel: NET: Registered PF_INET protocol family
May 28 07:31:13.216975 localhost kernel: IP idents hash table entries: 16384 (order: 5, 131072 bytes, linear)
May 28 07:31:13.216980 localhost kernel: tcp_listen_portaddr_hash hash table entries: 512 (order: 1, 8192 bytes, linear)
May 28 07:31:13.216986 localhost kernel: Table-perturb hash table entries: 65536 (order: 6, 262144 bytes, linear)
May 28 07:31:13.216991 localhost kernel: TCP established hash table entries: 8192 (order: 4, 65536 bytes, linear)
May 28 07:31:13.216996 localhost kernel: TCP bind hash table entries: 8192 (order: 6, 262144 bytes, linear)
May 28 07:31:13.217001 localhost kernel: TCP: Hash tables configured (established 8192 bind 8192)
May 28 07:31:13.217007 localhost kernel: MPTCP token hash table entries: 1024 (order: 2, 24576 bytes, linear)
May 28 07:31:13.217012 localhost kernel: UDP hash table entries: 512 (order: 2, 16384 bytes, linear)
May 28 07:31:13.217017 localhost kernel: UDP-Lite hash table entries: 512 (order: 2, 16384 bytes, linear)
May 28 07:31:13.217022 localhost kernel: NET: Registered PF_UNIX/PF_LOCAL protocol family
May 28 07:31:13.217029 localhost kernel: NET: Registered PF_XDP protocol family
May 28 07:31:13.217140 localhost kernel: pci 0000:00:04.0: ROM [mem 0xfffc0000-0xffffffff pref]: can't claim; no compatible bridge window
May 28 07:31:13.217248 localhost kernel: pci 0000:00:04.0: ROM [mem 0x40000000-0x4003ffff pref]: assigned
May 28 07:31:13.217350 localhost kernel: pci_bus 0000:00: resource 4 [io  0x0000-0x0cf7 window]
May 28 07:31:13.217450 localhost kernel: pci_bus 0000:00: resource 5 [io  0x0d00-0xffff window]
May 28 07:31:13.217548 localhost kernel: pci_bus 0000:00: resource 6 [mem 0x000a0000-0x000bffff window]
May 28 07:31:13.217646 localhost kernel: pci_bus 0000:00: resource 7 [mem 0x40000000-0xfebfffff window]
May 28 07:31:13.217744 localhost kernel: pci_bus 0000:00: resource 8 [mem 0x800000000-0x87fffffff window]
May 28 07:31:13.217853 localhost kernel: pci 0000:00:01.0: PIIX3: Enabling Passive Release
May 28 07:31:13.217962 localhost kernel: pci 0000:00:00.0: Limiting direct PCI/PCI transfers
May 28 07:31:13.217973 localhost kernel: ACPI: \_SB_.LNKB: Enabled at IRQ 10
May 28 07:31:13.218081 localhost kernel: pci 0000:00:06.0: quirk_usb_early_handoff+0x0/0x710 took 79240 usecs
May 28 07:31:13.218089 localhost kernel: PCI: CLS 0 bytes, default 64
May 28 07:31:13.218095 localhost kernel: clocksource: tsc: mask: 0xffffffffffffffff max_cycles: 0x1fb633008a4, max_idle_ns: 440795292230 ns
May 28 07:31:13.218100 localhost kernel: Initialise system trusted keyrings
May 28 07:31:13.218105 localhost kernel: Key type blacklist registered
May 28 07:31:13.218110 localhost kernel: workingset: timestamp_bits=36 max_order=18 bucket_order=0
May 28 07:31:13.218116 localhost kernel: zbud: loaded
May 28 07:31:13.218121 localhost kernel: Trying to unpack rootfs image as initramfs...
May 28 07:31:13.218126 localhost kernel: integrity: Platform Keyring initialized
May 28 07:31:13.218131 localhost kernel: integrity: Machine keyring initialized
May 28 07:31:13.218136 localhost kernel: Key type asymmetric registered
May 28 07:31:13.218144 localhost kernel: Asymmetric key parser 'x509' registered
May 28 07:31:13.218149 localhost kernel: Freeing initrd memory: 76848K
May 28 07:31:13.218154 localhost kernel: Block layer SCSI generic (bsg) driver version 0.4 loaded (major 247)
May 28 07:31:13.218159 localhost kernel: io scheduler mq-deadline registered
May 28 07:31:13.218164 localhost kernel: io scheduler kyber registered
May 28 07:31:13.218169 localhost kernel: io scheduler bfq registered
May 28 07:31:13.218174 localhost kernel: shpchp: Standard Hot Plug PCI Controller Driver version: 0.4
May 28 07:31:13.218180 localhost kernel: ACPI: \_SB_.LNKD: Enabled at IRQ 11
May 28 07:31:13.218185 localhost kernel: ACPI: \_SB_.LNKA: Enabled at IRQ 10
May 28 07:31:13.218190 localhost kernel: ACPI: \_SB_.LNKC: Enabled at IRQ 11
May 28 07:31:13.218195 localhost kernel: Serial: 8250/16550 driver, 32 ports, IRQ sharing enabled
May 28 07:31:13.218201 localhost kernel: 00:04: ttyS0 at I/O 0x3f8 (irq = 4, base_baud = 115200) is a 16550A
May 28 07:31:13.218207 localhost kernel: Non-volatile memory driver v1.3
May 28 07:31:13.218213 localhost kernel: Linux agpgart interface v0.103
May 28 07:31:13.218218 localhost kernel: ACPI: bus type drm_connector registered
May 28 07:31:13.218223 localhost kernel: i8042: PNP: PS/2 Controller [PNP0303:KBD,PNP0f13:MOU] at 0x60,0x64 irq 1,12
May 28 07:31:13.218228 localhost kernel: serio: i8042 KBD port at 0x60,0x64 irq 1
May 28 07:31:13.218233 localhost kernel: serio: i8042 AUX port at 0x60,0x64 irq 12
May 28 07:31:13.218238 localhost kernel: mousedev: PS/2 mouse device common for all mice
May 28 07:31:13.218244 localhost kernel: input: AT Translated Set 2 keyboard as /devices/platform/i8042/serio0/input/input0
May 28 07:31:13.218358 localhost kernel: rtc_cmos 00:05: RTC can wake from S4
May 28 07:31:13.218367 localhost kernel: input: VirtualPS/2 VMware VMMouse as /devices/platform/i8042/serio1/input/input3
May 28 07:31:13.218469 localhost kernel: rtc_cmos 00:05: registered as rtc0
May 28 07:31:13.218576 localhost kernel: rtc_cmos 00:05: setting system clock to 2024-05-28T07:31:12 UTC (1716881472)
May 28 07:31:13.218678 localhost kernel: rtc_cmos 00:05: alarms up to one day, y3k, 242 bytes nvram, hpet irqs
May 28 07:31:13.218686 localhost kernel: amd_pstate: the _CPC object is not present in SBIOS or ACPI disabled
May 28 07:31:13.218692 localhost kernel: input: VirtualPS/2 VMware VMMouse as /devices/platform/i8042/serio1/input/input2
May 28 07:31:13.218697 localhost kernel: ledtrig-cpu: registered to indicate activity on CPUs
May 28 07:31:13.218702 localhost kernel: [drm] Initialized simpledrm 1.0.0 20200625 for simple-framebuffer.0 on minor 0
May 28 07:31:13.218707 localhost kernel: Console: switching to colour frame buffer device 128x48
May 28 07:31:13.222252 localhost kernel: simple-framebuffer simple-framebuffer.0: [drm] fb0: simpledrmdrmfb frame buffer device
May 28 07:31:13.222266 localhost kernel: hid: raw HID events driver (C) Jiri Kosina
May 28 07:31:13.222272 localhost kernel: drop_monitor: Initializing network drop monitor service
May 28 07:31:13.222282 localhost kernel: NET: Registered PF_INET6 protocol family
May 28 07:31:13.222287 localhost kernel: Segment Routing with IPv6
May 28 07:31:13.222292 localhost kernel: RPL Segment Routing with IPv6
May 28 07:31:13.222297 localhost kernel: In-situ OAM (IOAM) with IPv6
May 28 07:31:13.222302 localhost kernel: IPI shorthand broadcast: enabled
May 28 07:31:13.222308 localhost kernel: sched_clock: Marking stable (813337924, -905123)->(835986560, -23553759)
May 28 07:31:13.222313 localhost kernel: registered taskstats version 1
May 28 07:31:13.222318 localhost kernel: Loading compiled-in X.509 certificates
May 28 07:31:13.222324 localhost kernel: Loaded X.509 cert 'openSUSE Secure Boot Signkey: fd9f2c12e599d67cc7f9067541adf426b712469e'
May 28 07:31:13.222329 localhost kernel: page_owner is disabled
May 28 07:31:13.222334 localhost kernel: Key type .fscrypt registered
May 28 07:31:13.222339 localhost kernel: Key type fscrypt-provisioning registered
May 28 07:31:13.222346 localhost kernel: Key type encrypted registered
May 28 07:31:13.222351 localhost kernel: integrity: Loading X.509 certificate: UEFI:db
May 28 07:31:13.222357 localhost kernel: integrity: Loaded X.509 cert 'Microsoft Windows Production PCA 2011: a92902398e16c49778cd90f99e4f9ae17c55af53'
May 28 07:31:13.222362 localhost kernel: integrity: Loading X.509 certificate: UEFI:db
May 28 07:31:13.222368 localhost kernel: integrity: Loaded X.509 cert 'Microsoft Corporation UEFI CA 2011: 13adbf4309bd82709c8cd54f316ed522988a1bd4'
May 28 07:31:13.222373 localhost kernel: integrity: Loading X.509 certificate: UEFI:MokListRT (MOKvar table)
May 28 07:31:13.222378 localhost kernel: integrity: Loaded X.509 cert 'openSUSE Secure Boot CA: 6842600de22c4c477e95be23dfea9513e5971762'
May 28 07:31:13.222383 localhost kernel: ima: No TPM chip found, activating TPM-bypass!
May 28 07:31:13.222389 localhost kernel: Loading compiled-in module X.509 certificates
May 28 07:31:13.222394 localhost kernel: Loaded X.509 cert 'openSUSE Secure Boot Signkey: fd9f2c12e599d67cc7f9067541adf426b712469e'
May 28 07:31:13.222399 localhost kernel: ima: Allocated hash algorithm: sha256
May 28 07:31:13.222404 localhost kernel: evm: Initialising EVM extended attributes:
May 28 07:31:13.222411 localhost kernel: evm: security.selinux
May 28 07:31:13.222416 localhost kernel: evm: security.SMACK64 (disabled)
May 28 07:31:13.222421 localhost kernel: evm: security.SMACK64EXEC (disabled)
May 28 07:31:13.222426 localhost kernel: evm: security.SMACK64TRANSMUTE (disabled)
May 28 07:31:13.222431 localhost kernel: evm: security.SMACK64MMAP (disabled)
May 28 07:31:13.222436 localhost kernel: evm: security.apparmor
May 28 07:31:13.222441 localhost kernel: evm: security.ima
May 28 07:31:13.222446 localhost kernel: evm: security.capability
May 28 07:31:13.222451 localhost kernel: evm: HMAC attrs: 0x1
May 28 07:31:13.222457 localhost kernel: audit: type=1807 audit(1716881472.546:2): action=measure func=KEXEC_KERNEL_CHECK res=1
May 28 07:31:13.222462 localhost kernel: audit: type=1807 audit(1716881472.546:3): action=measure func=MODULE_CHECK res=1
May 28 07:31:13.222468 localhost kernel: PM:   Magic number: 8:317:522
May 28 07:31:13.222475 localhost kernel: RAS: Correctable Errors collector initialized.
May 28 07:31:13.222480 localhost kernel: Lockdown: swapper/0: hibernation is restricted; see man kernel_lockdown.7
May 28 07:31:13.222485 localhost kernel: clk: Disabling unused clocks
May 28 07:31:13.222490 localhost kernel: PM: genpd: Disabling unused power domains
May 28 07:31:13.222495 localhost kernel: Freeing unused decrypted memory: 2028K
May 28 07:31:13.222500 localhost kernel: Freeing unused kernel image (initmem) memory: 4224K
May 28 07:31:13.222505 localhost kernel: Write protecting the kernel read-only data: 30720k
May 28 07:31:13.222510 localhost kernel: Freeing unused kernel image (rodata/data gap) memory: 1316K
May 28 07:31:13.222515 localhost kernel: Run /init as init process
May 28 07:31:13.222520 localhost kernel:   with arguments:
May 28 07:31:13.222526 localhost kernel:     /init
May 28 07:31:13.222531 localhost kernel:   with environment:
May 28 07:31:13.222538 localhost kernel:     HOME=/
May 28 07:31:13.222543 localhost kernel:     TERM=linux
May 28 07:31:13.222550 localhost systemd[1]: systemd 255.6+suse.30.g3ea0e1dff3 running in system mode (+PAM +AUDIT +SELINUX +APPARMOR +IMA -SMACK +SECCOMP +GCRYPT +GNUTLS +OPENSSL +ACL +BLKID +CURL +ELFUTILS +FIDO2 +IDN2 -IDN +IPTC +KMOD +LIBCRYPTSETUP +LIBFDISK +PCRE2 +PWQUALITY +P11KIT +QRENCODE +TPM2 +BZIP2 +LZ4 +XZ +ZLIB +ZSTD +BPF_FRAMEWORK -XKBCOMMON -UTMP +SYSVINIT default-hierarchy=unified)
May 28 07:31:13.222558 localhost systemd[1]: Detected virtualization kvm.
May 28 07:31:13.222564 localhost systemd[1]: Detected architecture x86-64.
May 28 07:31:13.222570 localhost systemd[1]: Running in initrd.
May 28 07:31:13.222575 localhost systemd[1]: No hostname configured, using default hostname.
May 28 07:31:13.222581 localhost systemd[1]: Hostname set to <localhost>.
May 28 07:31:13.222587 localhost systemd[1]: Initializing machine ID from random generator.
May 28 07:31:13.222594 localhost systemd[1]: bpf-lsm: LSM BPF program attached
May 28 07:31:13.222600 localhost systemd[1]: Queued start job for default target Initrd Default Target.
May 28 07:31:13.222606 localhost systemd[1]: Started Dispatch Password Requests to Console Directory Watch.
May 28 07:31:13.222612 localhost systemd[1]: Expecting device /dev/disk/by-uuid/8e1db0e5-66e2-4309-9280-394cf494d447...
May 28 07:31:13.222617 localhost systemd[1]: Reached target Local Encrypted Volumes.
May 28 07:31:13.222623 localhost systemd[1]: Reached target Initrd /usr File System.
May 28 07:31:13.222628 localhost systemd[1]: Reached target Path Units.
May 28 07:31:13.222635 localhost systemd[1]: Reached target Slice Units.
May 28 07:31:13.222640 localhost systemd[1]: Reached target Swaps.
May 28 07:31:13.222646 localhost systemd[1]: Reached target Timer Units.
May 28 07:31:13.222651 localhost systemd[1]: Listening on D-Bus System Message Bus Socket.
May 28 07:31:13.222659 localhost systemd[1]: Listening on Journal Socket (/dev/log).
May 28 07:31:13.222664 localhost systemd[1]: Listening on Journal Socket.
May 28 07:31:13.222670 localhost systemd[1]: Listening on udev Control Socket.
May 28 07:31:13.222675 localhost systemd[1]: Listening on udev Kernel Socket.
May 28 07:31:13.222681 localhost systemd[1]: Reached target Socket Units.
May 28 07:31:13.222687 localhost systemd[1]: Starting Create List of Static Device Nodes...
May 28 07:31:13.222692 localhost systemd[1]: Starting Journal Service...
May 28 07:31:13.222698 localhost systemd[1]: Load Kernel Modules was skipped because no trigger condition checks were met.
May 28 07:31:13.222704 localhost systemd[1]: Starting Apply Kernel Variables...
May 28 07:31:13.222709 localhost systemd[1]: Starting Virtual Console Setup...
May 28 07:31:13.222715 localhost systemd[1]: Finished Create List of Static Device Nodes.
May 28 07:31:13.222720 localhost systemd[1]: Starting Create Static Device Nodes in /dev gracefully...
May 28 07:31:13.222727 localhost systemd[1]: Finished Apply Kernel Variables.
May 28 07:31:13.222733 localhost systemd[1]: Finished Create Static Device Nodes in /dev gracefully.
May 28 07:31:13.222760 localhost systemd-journald[175]: Collecting audit messages is disabled.
May 28 07:31:13.222776 localhost systemd[1]: Starting Create Static Device Nodes in /dev...
May 28 07:31:13.222782 localhost systemd[1]: Finished Create Static Device Nodes in /dev.
May 28 07:31:13.222790 localhost systemd[1]: Reached target Preparation for Local File Systems.
May 28 07:31:13.222796 localhost systemd[1]: Reached target Local File Systems.
May 28 07:31:13.222802 localhost systemd-journald[175]: Journal started
May 28 07:31:13.222816 localhost systemd-journald[175]: Runtime Journal (/run/log/journal/10d5ec8f5b17431c94923d2fd35b1d62) is 2.4M, max 19.2M, 16.8M free.
May 28 07:31:13.226152 localhost systemd[1]: Started Journal Service.
May 28 07:31:13.239097 localhost systemd[1]: Starting Create Volatile Files and Directories...
May 28 07:31:13.253046 localhost systemd[1]: Finished Create Volatile Files and Directories.
May 28 07:31:13.260306 localhost systemd[1]: Finished Virtual Console Setup.
May 28 07:31:13.272340 localhost systemd[1]: Starting dracut ask for additional cmdline parameters...
May 28 07:31:13.292454 localhost systemd[1]: Finished dracut ask for additional cmdline parameters.
May 28 07:31:13.305605 localhost systemd[1]: Starting dracut cmdline hook...
May 28 07:31:13.317975 localhost dracut-cmdline[209]: dracut-059+suse.588.g528264be-1.1
May 28 07:31:13.320893 localhost dracut-cmdline[209]: Using kernel command line parameters:  rd.driver.pre=btrfs rd.driver.pre=overlay   initrd=\opensuse-microos\6.9.1-1-default\initrd-684b272fb55f1cef9c0172c83fed01af3ec0d511 quiet systemd.show_status=yes console=ttyS0,115200 console=tty0 ignition.platform.id=qemu security=selinux selinux=1 root=UUID=8e1db0e5-66e2-4309-9280-394cf494d447 rootflags=subvol=@/.snapshots/1/snapshot
May 28 07:31:13.408579 localhost systemd[1]: Finished dracut cmdline hook.
May 28 07:31:13.415651 localhost systemd[1]: Starting dracut pre-udev hook...
May 28 07:31:13.435514 localhost kernel: device-mapper: uevent: version 1.0.3
May 28 07:31:13.435535 localhost kernel: device-mapper: ioctl: 4.48.0-ioctl (2023-03-01) initialised: dm-devel@lists.linux.dev
May 28 07:31:13.675529 localhost kernel: raid6: avx2x4   gen() 35814 MB/s
May 28 07:31:13.675576 localhost kernel: raid6: avx2x2   gen() 35292 MB/s
May 28 07:31:13.675586 localhost kernel: raid6: avx2x1   gen() 22166 MB/s
May 28 07:31:13.675594 localhost kernel: raid6: using algorithm avx2x4 gen() 35814 MB/s
May 28 07:31:13.675601 localhost kernel: raid6: .... xor() 4895 MB/s, rmw enabled
May 28 07:31:13.675608 localhost kernel: raid6: using avx2x2 recovery algorithm
May 28 07:31:13.678889 localhost kernel: xor: automatically using best checksumming function   avx       
May 28 07:31:13.792184 localhost kernel: Btrfs loaded, assert=on, zoned=yes, fsverity=yes
May 28 07:31:13.810967 localhost systemd[1]: Finished dracut pre-udev hook.
May 28 07:31:13.822362 localhost systemd[1]: Starting Rule-based Manager for Device Events and Files...
May 28 07:31:13.834774 localhost systemd-udevd[372]: Using default interface naming scheme 'v255'.
May 28 07:31:13.838144 localhost systemd[1]: Started Rule-based Manager for Device Events and Files.
May 28 07:31:13.848958 localhost systemd[1]: Starting dracut pre-trigger hook...
May 28 07:31:13.859350 localhost dracut-pre-trigger[373]: rd.md=0: removing MD RAID activation
May 28 07:31:13.885321 localhost systemd[1]: Finished dracut pre-trigger hook.
May 28 07:31:13.898971 localhost systemd[1]: Starting Coldplug All udev Devices...
May 28 07:31:14.002381 localhost systemd[1]: Finished Coldplug All udev Devices.
May 28 07:31:14.112392 localhost kernel: virtio_blk virtio4: 1/0/0 default/read/poll queues
May 28 07:31:14.112605 localhost kernel: virtio_blk virtio4: [vda] 62914560 512-byte logical blocks (32.2 GB/30.0 GiB)
May 28 07:31:14.129077 localhost kernel: FDC 0 is a S82078B
May 28 07:31:14.132484 localhost kernel: SCSI subsystem initialized
May 28 07:31:14.150185 localhost kernel: cryptd: max_cpu_qlen set to 1000
May 28 07:31:14.179208 localhost kernel: AVX2 version of gcm_enc/dec engaged.
May 28 07:31:14.179259 localhost kernel: AES CTR mode by8 optimization enabled
May 28 07:31:14.195842 localhost kernel: ACPI: bus type USB registered
May 28 07:31:14.195862 localhost kernel: usbcore: registered new interface driver usbfs
May 28 07:31:14.195872 localhost kernel: usbcore: registered new interface driver hub
May 28 07:31:14.195880 localhost kernel: usbcore: registered new device driver usb
May 28 07:31:14.202446 localhost kernel: virtio_scsi virtio3: 1/0/0 default/read/poll queues
May 28 07:31:14.202655 localhost kernel: scsi host0: Virtio SCSI HBA
May 28 07:31:14.242947 localhost kernel: virtio_net virtio0 ens4: renamed from eth0
May 28 07:31:14.256403 localhost kernel: GPT:Primary header thinks Alt. header is not at the end of the disk.
May 28 07:31:14.256431 localhost kernel: GPT:41943039 != 62914559
May 28 07:31:14.256440 localhost kernel: GPT:Alternate GPT header not at the end of the disk.
May 28 07:31:14.256449 localhost kernel: GPT:41943039 != 62914559
May 28 07:31:14.256455 localhost kernel: GPT: Use GNU Parted to correct GPT errors.
May 28 07:31:14.256463 localhost kernel:  vda: vda1 vda2 vda3
May 28 07:31:14.259406 localhost systemd[1]: systemd-vconsole-setup.service: Deactivated successfully.
May 28 07:31:14.259566 localhost systemd[1]: Stopped Virtual Console Setup.
May 28 07:31:14.259679 localhost systemd[1]: Stopping Virtual Console Setup...
May 28 07:31:14.265587 localhost kernel: libata version 3.00 loaded.
May 28 07:31:14.272502 localhost systemd[1]: Starting Virtual Console Setup...
May 28 07:31:14.362891 localhost kernel: ata_piix 0000:00:01.1: version 2.13
May 28 07:31:14.372215 localhost kernel: scsi host1: ata_piix
May 28 07:31:14.375841 localhost kernel: scsi host2: ata_piix
May 28 07:31:14.376002 localhost kernel: ata1: PATA max MWDMA2 cmd 0x1f0 ctl 0x3f6 bmdma 0xc140 irq 14 lpm-pol 0
May 28 07:31:14.376012 localhost kernel: ata2: PATA max MWDMA2 cmd 0x170 ctl 0x376 bmdma 0xc148 irq 15 lpm-pol 0
May 28 07:31:14.387544 localhost systemd[1]: Found device /dev/disk/by-uuid/8e1db0e5-66e2-4309-9280-394cf494d447.
May 28 07:31:14.395842 localhost systemd[1]: Reached target Initrd Root Device.
May 28 07:31:14.405604 localhost systemd[1]: Starting Detect Firstboot...
May 28 07:31:14.478872 localhost kernel: xhci_hcd 0000:00:06.0: xHCI Host Controller
May 28 07:31:14.479038 localhost kernel: xhci_hcd 0000:00:06.0: new USB bus registered, assigned bus number 1
May 28 07:31:14.479183 localhost kernel: xhci_hcd 0000:00:06.0: hcc params 0x00087001 hci version 0x100 quirks 0x0000000000000010
May 28 07:31:14.479311 localhost kernel: xhci_hcd 0000:00:06.0: xHCI Host Controller
May 28 07:31:14.479436 localhost kernel: xhci_hcd 0000:00:06.0: new USB bus registered, assigned bus number 2
May 28 07:31:14.479559 localhost kernel: xhci_hcd 0000:00:06.0: Host supports USB 3.0 SuperSpeed
May 28 07:31:14.482203 localhost kernel: usb usb1: New USB device found, idVendor=1d6b, idProduct=0002, bcdDevice= 6.09
May 28 07:31:14.482375 localhost kernel: usb usb1: New USB device strings: Mfr=3, Product=2, SerialNumber=1
May 28 07:31:14.482497 localhost kernel: usb usb1: Product: xHCI Host Controller
May 28 07:31:14.482611 localhost kernel: usb usb1: Manufacturer: Linux 6.9.1-1-default xhci-hcd
May 28 07:31:14.482721 localhost kernel: usb usb1: SerialNumber: 0000:00:06.0
May 28 07:31:14.482831 localhost kernel: hub 1-0:1.0: USB hub found
May 28 07:31:14.482974 localhost kernel: hub 1-0:1.0: 4 ports detected
May 28 07:31:14.488897 localhost kernel: usb usb2: We don't know the algorithms for LPM for this host, disabling LPM.
May 28 07:31:14.489110 localhost kernel: usb usb2: New USB device found, idVendor=1d6b, idProduct=0003, bcdDevice= 6.09
May 28 07:31:14.489279 localhost kernel: usb usb2: New USB device strings: Mfr=3, Product=2, SerialNumber=1
May 28 07:31:14.489442 localhost kernel: usb usb2: Product: xHCI Host Controller
May 28 07:31:14.489595 localhost kernel: usb usb2: Manufacturer: Linux 6.9.1-1-default xhci-hcd
May 28 07:31:14.489745 localhost kernel: usb usb2: SerialNumber: 0000:00:06.0
May 28 07:31:14.489892 localhost kernel: hub 2-0:1.0: USB hub found
May 28 07:31:14.490043 localhost kernel: hub 2-0:1.0: 4 ports detected
May 28 07:31:14.495485 localhost kernel: BTRFS: device label ROOT devid 1 transid 11 /dev/vda3 (253:3) scanned by mount (509)
May 28 07:31:14.496094 localhost systemd[1]: Finished Virtual Console Setup.
May 28 07:31:14.498121 localhost systemd[1]: Reached target System Initialization.
May 28 07:31:14.498943 localhost kernel: BTRFS info (device vda3): first mount of filesystem 8e1db0e5-66e2-4309-9280-394cf494d447
May 28 07:31:14.498961 localhost kernel: BTRFS info (device vda3): using crc32c (crc32c-intel) checksum algorithm
May 28 07:31:14.498970 localhost kernel: BTRFS info (device vda3): using free-space-tree
May 28 07:31:14.499327 localhost systemd[1]: Reached target Basic System.
May 28 07:31:14.517171 localhost firstboot-detect[493]: Firstboot detected
May 28 07:31:14.523540 localhost systemd[1]: Reloading requested from client PID 531 ('systemctl') (unit firstboot-detect.service)...
May 28 07:31:14.523590 localhost systemd[1]: Reloading...
May 28 07:31:14.644997 localhost systemd[1]: Reloading finished in 121 ms.
May 28 07:31:14.654885 localhost systemd[1]: Expecting device /dev/combustion/config...
May 28 07:31:14.665910 localhost kernel: BTRFS info (device vda3): last unmount of filesystem 8e1db0e5-66e2-4309-9280-394cf494d447
May 28 07:31:14.668565 localhost systemd[1]: firstboot-detect.service: Deactivated successfully.
May 28 07:31:14.668952 localhost systemd[1]: Finished Detect Firstboot.
May 28 07:31:14.735515 localhost kernel: usb 1-1: new high-speed USB device number 2 using xhci_hcd
May 28 07:31:14.875584 localhost kernel: usb 1-1: New USB device found, idVendor=0627, idProduct=0001, bcdDevice= 0.00
May 28 07:31:14.875790 localhost kernel: usb 1-1: New USB device strings: Mfr=1, Product=3, SerialNumber=10
May 28 07:31:14.875957 localhost kernel: usb 1-1: Product: QEMU USB Tablet
May 28 07:31:14.876114 localhost kernel: usb 1-1: Manufacturer: QEMU
May 28 07:31:14.876287 localhost kernel: usb 1-1: SerialNumber: 28754-0000:00:06.0-1
May 28 07:31:14.879534 localhost kernel: usbcore: registered new interface driver usbhid
May 28 07:31:14.879555 localhost kernel: usbhid: USB HID core driver
May 28 07:31:14.882198 localhost kernel: input: QEMU QEMU USB Tablet as /devices/pci0000:00/0000:00:06.0/usb1/1-1/1-1:1.0/0003:0627:0001.0001/input/input4
May 28 07:31:14.882221 localhost kernel: hid-generic 0003:0627:0001.0001: input,hidraw0: USB HID v0.01 Mouse [QEMU QEMU USB Tablet] on usb-0000:00:06.0-1/input0
May 28 07:31:24.904556 localhost systemd[1]: dev-combustion-config.device: Job dev-combustion-config.device/start timed out.
May 28 07:31:24.904581 localhost systemd[1]: Timed out waiting for device /dev/combustion/config.
May 28 07:31:24.904746 localhost systemd[1]: dev-combustion-config.device: Job dev-combustion-config.device/start failed with result 'timeout'.
May 28 07:31:24.915799 localhost systemd[1]: Starting Combustion (preparations)...
May 28 07:31:24.924973 localhost combustion[570]: No config source found
May 28 07:31:24.926325 localhost systemd[1]: combustion-prepare.service: Deactivated successfully.
May 28 07:31:24.926526 localhost systemd[1]: Finished Combustion (preparations).
May 28 07:31:24.926987 localhost systemd[1]: nm-initrd.service was skipped because of an unmet condition check (ConditionPathExists=/run/NetworkManager/initrd/neednet).
May 28 07:31:24.927046 localhost systemd[1]: Reached target Network.
May 28 07:31:24.935623 localhost systemd[1]: Starting Combustion...
May 28 07:31:24.936007 localhost systemd[1]: nm-wait-online-initrd.service was skipped because of an unmet condition check (ConditionPathExists=/run/NetworkManager/initrd/neednet).
May 28 07:31:24.939896 localhost systemd[1]: Starting dracut initqueue hook...
May 28 07:31:24.964065 localhost systemd[1]: Finished dracut initqueue hook.
May 28 07:31:24.966719 localhost systemd[1]: Reached target Preparation for Remote File Systems.
May 28 07:31:24.967457 localhost systemd[1]: Reached target Remote Encrypted Volumes.
May 28 07:31:24.968186 localhost systemd[1]: Reached target Remote File Systems.
May 28 07:31:24.975719 localhost systemd[1]: Starting dracut pre-mount hook...
May 28 07:31:24.986959 localhost systemd[1]: Finished dracut pre-mount hook.
May 28 07:31:24.999031 localhost systemd[1]: Starting File System Check on /dev/disk/by-uuid/8e1db0e5-66e2-4309-9280-394cf494d447...
May 28 07:31:25.012141 localhost systemd[1]: Finished File System Check on /dev/disk/by-uuid/8e1db0e5-66e2-4309-9280-394cf494d447.
May 28 07:31:25.028936 localhost systemd[1]: Mounting /sysroot...
May 28 07:31:25.038860 localhost kernel: BTRFS: device label ROOT devid 1 transid 13 /dev/vda3 (253:3) scanned by mount (605)
May 28 07:31:25.042230 localhost kernel: BTRFS info (device vda3): first mount of filesystem 8e1db0e5-66e2-4309-9280-394cf494d447
May 28 07:31:25.042256 localhost kernel: BTRFS info (device vda3): using crc32c (crc32c-intel) checksum algorithm
May 28 07:31:25.042270 localhost kernel: BTRFS info (device vda3): using free-space-tree
May 28 07:31:25.047287 localhost systemd[1]: Mounted /sysroot.
May 28 07:31:25.051143 localhost systemd[1]: combustion.service: Deactivated successfully.
May 28 07:31:25.051392 localhost systemd[1]: Finished Combustion.
May 28 07:31:25.054550 localhost systemd[1]: Reached target Initrd Firstboot.
May 28 07:31:25.055792 localhost systemd[1]: Reached target Initrd Root File System.
May 28 07:31:25.069920 localhost systemd[1]: Starting Encrypt root disk...
May 28 07:31:25.099601 localhost systemd[1]: Received SIGRTMIN+21 from PID 624 (disk-encryption).
May 28 07:31:26.046797 localhost systemd[1]: sysroot-var.mount: Deactivated successfully.
May 28 07:31:35.136583 localhost kernel: BTRFS info (device vda3): resize device /dev/vda3 (devid 1) from 20947382272 to 3796893696
May 28 07:31:35.138172 localhost systemd[1]: sysroot.mount: Deactivated successfully.
May 28 07:31:35.142215 localhost kernel: BTRFS info (device vda3): last unmount of filesystem 8e1db0e5-66e2-4309-9280-394cf494d447
May 28 07:31:35.434240 localhost systemd[1]: systemd-fsck-root.service: Deactivated successfully.
May 28 07:31:35.434324 localhost systemd[1]: Stopped File System Check on /dev/disk/by-uuid/8e1db0e5-66e2-4309-9280-394cf494d447.
May 28 07:31:35.435631 localhost kernel:  vda: vda1 vda2 vda3
May 28 07:31:49.012226 localhost kernel: async_tx: api initialized (async)
May 28 07:32:07.712264 localhost kernel: BTRFS: device label ROOT devid 1 transid 15 /dev/mapper/cr_root (254:0) scanned by mount (3448)
May 28 07:32:07.712319 localhost kernel: BTRFS info (device dm-0): first mount of filesystem 8e1db0e5-66e2-4309-9280-394cf494d447
May 28 07:32:07.712330 localhost kernel: BTRFS info (device dm-0): using crc32c (crc32c-intel) checksum algorithm
May 28 07:32:07.712339 localhost kernel: BTRFS info (device dm-0): using free-space-tree
May 28 07:32:07.722200 localhost kernel: BTRFS info (device dm-0): resize device /dev/mapper/cr_root (devid 1) from 3796893696 to 31668023296
May 28 07:32:07.802685 localhost kernel: BTRFS info (device dm-0): last unmount of filesystem 8e1db0e5-66e2-4309-9280-394cf494d447
May 28 07:32:07.805518 localhost kernel: BTRFS: device label ROOT devid 1 transid 20 /dev/mapper/cr_root (254:0) scanned by mount (3501)
May 28 07:32:07.805547 localhost kernel: BTRFS info (device dm-0): first mount of filesystem 8e1db0e5-66e2-4309-9280-394cf494d447
May 28 07:32:07.805557 localhost kernel: BTRFS info (device dm-0): using crc32c (crc32c-intel) checksum algorithm
May 28 07:32:07.805570 localhost kernel: BTRFS info (device dm-0): using free-space-tree
May 28 07:32:07.810559 localhost systemd[1]: Received SIGRTMIN+20 from PID 624 (disk-encryption).
May 28 07:32:07.811082 localhost systemd[1]: disk-encryption-tool-dracut.service: Deactivated successfully.
May 28 07:32:07.811240 localhost systemd[1]: Finished Encrypt root disk.
May 28 07:32:07.812469 localhost systemd[1]: disk-encryption-tool-dracut.service: Consumed 17.441s CPU time.
May 28 07:32:07.822289 localhost systemd[1]: Starting Mountpoints Configured in the Real Root...
May 28 07:32:07.826811 localhost systemd-sysroot-fstab-check[3519]: /sysroot/root should be mounted in the initrd, will request daemon-reload.
May 28 07:32:07.828382 localhost systemd[1]: Reloading requested from client PID 3519 ('systemd-fstab-g') (unit initrd-parse-etc.service)...
May 28 07:32:07.828425 localhost systemd[1]: Reloading...
May 28 07:32:07.967571 localhost systemd[1]: sysroot-dev.mount: Deactivated successfully.
May 28 07:32:07.967701 localhost systemd[1]: sysroot-run.mount: Deactivated successfully.
May 28 07:32:07.967781 localhost systemd[1]: sysroot-sys.mount: Deactivated successfully.
May 28 07:32:07.967915 localhost systemd[1]: sysroot-proc.mount: Deactivated successfully.
May 28 07:32:07.968025 localhost systemd[1]: Reloading finished in 139 ms.
May 28 07:32:07.972545 localhost systemd-sysroot-fstab-check[3519]: Requesting initrd-fs.target/start/replace...
May 28 07:32:07.973138 localhost systemd-sysroot-fstab-check[3519]: Requesting swap.target/start/replace...
May 28 07:32:07.992749 localhost systemd[1]: initrd-parse-etc.service: Deactivated successfully.
May 28 07:32:07.992958 localhost systemd[1]: Finished Mountpoints Configured in the Real Root.
May 28 07:32:08.008954 localhost systemd[1]: Starting dracut mount hook...
May 28 07:32:08.022321 localhost systemd[1]: Finished dracut mount hook.
May 28 07:32:08.728945 localhost systemd[1]: Mounting /sysroot/root...
May 28 07:32:08.735573 localhost systemd[1]: Mounting /sysroot/var...
May 28 07:32:08.738056 localhost systemd[1]: Mounted /sysroot/root.
May 28 07:32:08.744084 localhost systemd[1]: Mounted /sysroot/var.
May 28 07:32:08.744790 localhost systemd[1]: sysroot-etc.mount: Directory /sysroot/etc to mount over is not empty, mounting anyway.
May 28 07:32:08.748900 localhost systemd[1]: Mounting /sysroot/etc...
May 28 07:32:08.755474 localhost systemd[1]: Mounted /sysroot/etc.
May 28 07:32:08.756401 localhost systemd[1]: Reached target Initrd File Systems.
May 28 07:32:08.757157 localhost systemd[1]: Reached target Initrd Default Target.
May 28 07:32:08.772322 localhost systemd[1]: Starting dracut pre-pivot and cleanup hook...
May 28 07:32:08.785299 localhost dracut-pre-pivot[3571]: SELinux: relabeling root filesystem
May 28 07:32:08.794837 localhost dracut-pre-pivot[3571]: SELinux: mount root read-write and relabel
May 28 07:32:13.582183 localhost kernel: evm: overlay not supported
May 28 07:32:13.679665 localhost systemd[1]: sysroot\x2dselinux-dev-pts.mount: Deactivated successfully.
May 28 07:32:13.681792 localhost systemd[1]: sysroot\x2dselinux-dev-shm.mount: Deactivated successfully.
May 28 07:32:13.683311 localhost systemd[1]: sysroot\x2dselinux-dev.mount: Deactivated successfully.
May 28 07:32:13.683585 localhost systemd[1]: sysroot\x2dselinux-sys-fs-bpf.mount: Deactivated successfully.
May 28 07:32:13.684784 localhost systemd[1]: sysroot\x2dselinux-sys-firmware-efi-efivars.mount: Deactivated successfully.
May 28 07:32:13.687251 localhost systemd[1]: sysroot\x2dselinux-sys-fs-pstore.mount: Deactivated successfully.
May 28 07:32:13.687311 localhost systemd[1]: sysroot\x2dselinux-sys-fs-cgroup.mount: Deactivated successfully.
May 28 07:32:13.687363 localhost systemd[1]: sysroot\x2dselinux-sys-kernel-security.mount: Deactivated successfully.
May 28 07:32:13.687419 localhost systemd[1]: sysroot\x2dselinux-sys.mount: Deactivated successfully.
May 28 07:32:13.687474 localhost systemd[1]: sysroot\x2dselinux-proc.mount: Deactivated successfully.
May 28 07:32:13.687524 localhost systemd[1]: sysroot\x2dselinux-etc.mount: Deactivated successfully.
May 28 07:32:13.687685 localhost systemd[1]: sysroot\x2dselinux-var.mount: Deactivated successfully.
May 28 07:32:13.688621 localhost systemd[1]: sysroot\x2dselinux-root.mount: Deactivated successfully.
May 28 07:32:13.688691 localhost systemd[1]: sysroot\x2dselinux.mount: Deactivated successfully.
May 28 07:32:13.695564 localhost systemd[1]: Finished dracut pre-pivot and cleanup hook.
May 28 07:32:13.699116 localhost systemd[1]: transactional-update /etc overlay cleaner was skipped because of an unmet condition check (ConditionPathExists=/sysroot/var/lib/overlay/transactional-update.newsnapshot).
May 28 07:32:13.708941 localhost systemd[1]: Starting Cleaning Up and Shutting Down Daemons...
May 28 07:32:13.716665 localhost systemd[1]: Stopped target Network.
May 28 07:32:13.719917 localhost systemd[1]: Stopped target Remote Encrypted Volumes.
May 28 07:32:13.720802 localhost systemd[1]: Stopped target Timer Units.
May 28 07:32:13.721539 localhost systemd[1]: dbus.socket: Deactivated successfully.
May 28 07:32:13.721695 localhost systemd[1]: Closed D-Bus System Message Bus Socket.
May 28 07:32:13.722315 localhost systemd[1]: dracut-pre-pivot.service: Deactivated successfully.
May 28 07:32:13.722493 localhost systemd[1]: Stopped dracut pre-pivot and cleanup hook.
May 28 07:32:13.723420 localhost systemd[1]: dracut-pre-pivot.service: Consumed 4.758s CPU time.
May 28 07:32:13.723587 localhost systemd[1]: Stopped target Initrd Default Target.
May 28 07:32:13.723928 localhost systemd[1]: Stopped target Basic System.
May 28 07:32:13.725068 localhost systemd[1]: Stopped target Initrd Firstboot.
May 28 07:32:13.725590 localhost systemd[1]: Stopped target Initrd Root Device.
May 28 07:32:13.726428 localhost systemd[1]: Stopped target Initrd /usr File System.
May 28 07:32:13.726760 localhost systemd[1]: Stopped target Path Units.
May 28 07:32:13.727082 localhost systemd[1]: Stopped target Remote File Systems.
May 28 07:32:13.728086 localhost systemd[1]: Stopped target Preparation for Remote File Systems.
May 28 07:32:13.728794 localhost systemd[1]: Stopped target Slice Units.
May 28 07:32:13.729191 localhost systemd[1]: Stopped target Socket Units.
May 28 07:32:13.729851 localhost systemd[1]: Stopped target System Initialization.
May 28 07:32:13.730604 localhost systemd[1]: Stopped target Local File Systems.
May 28 07:32:13.731404 localhost systemd[1]: Stopped target Preparation for Local File Systems.
May 28 07:32:13.732077 localhost systemd[1]: Stopped target Swaps.
May 28 07:32:13.732734 localhost systemd[1]: dracut-mount.service: Deactivated successfully.
May 28 07:32:13.732901 localhost systemd[1]: Stopped dracut mount hook.
May 28 07:32:13.733623 localhost systemd[1]: dracut-pre-mount.service: Deactivated successfully.
May 28 07:32:13.733761 localhost systemd[1]: Stopped dracut pre-mount hook.
May 28 07:32:13.734585 localhost systemd[1]: Stopped target Local Encrypted Volumes.
May 28 07:32:13.735218 localhost systemd[1]: systemd-ask-password-console.path: Deactivated successfully.
May 28 07:32:13.745525 localhost systemd[1]: Stopped Dispatch Password Requests to Console Directory Watch.
May 28 07:32:13.745816 localhost systemd[1]: dracut-initqueue.service: Deactivated successfully.
May 28 07:32:13.745916 localhost systemd[1]: Stopped dracut initqueue hook.
May 28 07:32:13.762219 localhost systemd[1]: Starting File System Check on /dev/disk/by-uuid/8e1db0e5-66e2-4309-9280-394cf494d447...
May 28 07:32:13.762479 localhost systemd[1]: systemd-sysctl.service: Deactivated successfully.
May 28 07:32:13.762586 localhost systemd[1]: Stopped Apply Kernel Variables.
May 28 07:32:13.762909 localhost systemd[1]: systemd-tmpfiles-setup.service: Deactivated successfully.
May 28 07:32:13.763001 localhost systemd[1]: Stopped Create Volatile Files and Directories.
May 28 07:32:13.763363 localhost systemd[1]: systemd-udev-trigger.service: Deactivated successfully.
May 28 07:32:13.763457 localhost systemd[1]: Stopped Coldplug All udev Devices.
May 28 07:32:13.763778 localhost systemd[1]: dracut-pre-trigger.service: Deactivated successfully.
May 28 07:32:13.763869 localhost systemd[1]: Stopped dracut pre-trigger hook.
May 28 07:32:13.766070 localhost systemd[1]: Stopping Rule-based Manager for Device Events and Files...
May 28 07:32:13.774065 localhost systemd[1]: systemd-udevd.service: Deactivated successfully.
May 28 07:32:13.774326 localhost systemd[1]: Stopped Rule-based Manager for Device Events and Files.
May 28 07:32:13.774731 localhost systemd[1]: systemd-udevd.service: Consumed 4.237s CPU time, 19.0M memory peak, 0B memory swap peak.
May 28 07:32:13.775465 localhost systemd[1]: initrd-cleanup.service: Deactivated successfully.
May 28 07:32:13.775770 localhost systemd[1]: Finished Cleaning Up and Shutting Down Daemons.
May 28 07:32:13.776434 localhost systemd[1]: Finished File System Check on /dev/disk/by-uuid/8e1db0e5-66e2-4309-9280-394cf494d447.
May 28 07:32:13.779813 localhost systemd[1]: systemd-udevd-control.socket: Deactivated successfully.
May 28 07:32:13.779909 localhost systemd[1]: Closed udev Control Socket.
May 28 07:32:13.780511 localhost systemd[1]: systemd-udevd-kernel.socket: Deactivated successfully.
May 28 07:32:13.780861 localhost systemd[1]: Closed udev Kernel Socket.
May 28 07:32:13.781181 localhost systemd[1]: dracut-pre-udev.service: Deactivated successfully.
May 28 07:32:13.781591 localhost systemd[1]: Stopped dracut pre-udev hook.
May 28 07:32:13.781976 localhost systemd[1]: dracut-cmdline.service: Deactivated successfully.
May 28 07:32:13.782637 localhost systemd[1]: Stopped dracut cmdline hook.
May 28 07:32:13.783187 localhost systemd[1]: dracut-cmdline-ask.service: Deactivated successfully.
May 28 07:32:13.783637 localhost systemd[1]: Stopped dracut ask for additional cmdline parameters.
May 28 07:32:13.792349 localhost systemd[1]: Starting Cleanup udev Database...
May 28 07:32:13.792620 localhost systemd[1]: systemd-tmpfiles-setup-dev.service: Deactivated successfully.
May 28 07:32:13.792673 localhost systemd[1]: Stopped Create Static Device Nodes in /dev.
May 28 07:32:13.792952 localhost systemd[1]: systemd-tmpfiles-setup-dev-early.service: Deactivated successfully.
May 28 07:32:13.793004 localhost systemd[1]: Stopped Create Static Device Nodes in /dev gracefully.
May 28 07:32:13.793317 localhost systemd[1]: kmod-static-nodes.service: Deactivated successfully.
May 28 07:32:13.793363 localhost systemd[1]: Stopped Create List of Static Device Nodes.
May 28 07:32:13.793635 localhost systemd[1]: systemd-vconsole-setup.service: Deactivated successfully.
May 28 07:32:13.793681 localhost systemd[1]: Stopped Virtual Console Setup.
May 28 07:32:13.801626 localhost systemd[1]: initrd-udevadm-cleanup-db.service: Deactivated successfully.
May 28 07:32:13.801847 localhost systemd[1]: Finished Cleanup udev Database.
May 28 07:32:13.803453 localhost systemd[1]: Reached target Switch Root.
May 28 07:32:13.805938 localhost systemd[1]: Starting Switch Root...
May 28 07:32:13.816387 localhost systemd[1]: Switching root.
May 28 07:32:13.870309 localhost systemd-journald[175]: Journal stopped
May 28 07:32:15.489036 localhost systemd-journald[175]: Received SIGTERM from PID 1 (systemd).
May 28 07:32:15.489061 localhost kernel: audit: type=1404 audit(1716881533.933:4): enforcing=1 old_enforcing=0 auid=4294967295 ses=4294967295 enabled=1 old-enabled=1 lsm=selinux res=1
May 28 07:32:15.489075 localhost kernel: SELinux:  policy capability network_peer_controls=1
May 28 07:32:15.489084 localhost kernel: SELinux:  policy capability open_perms=1
May 28 07:32:15.489092 localhost kernel: SELinux:  policy capability extended_socket_class=1
May 28 07:32:15.489100 localhost kernel: SELinux:  policy capability always_check_network=0
May 28 07:32:15.489108 localhost kernel: SELinux:  policy capability cgroup_seclabel=1
May 28 07:32:15.489116 localhost kernel: SELinux:  policy capability nnp_nosuid_transition=1
May 28 07:32:15.489123 localhost kernel: SELinux:  policy capability genfs_seclabel_symlinks=1
May 28 07:32:15.489131 localhost kernel: SELinux:  policy capability ioctl_skip_cloexec=0
May 28 07:32:15.489140 localhost kernel: SELinux:  policy capability userspace_initial_context=0
May 28 07:32:15.489148 localhost kernel: audit: type=1403 audit(1716881534.083:5): auid=4294967295 ses=4294967295 lsm=selinux res=1
May 28 07:32:15.489157 localhost systemd[1]: Successfully loaded SELinux policy in 152.199ms.
May 28 07:32:15.489166 localhost systemd[1]: Relabeled /dev, /dev/shm, /run, /sys/fs/cgroup in 30.751ms.
May 28 07:32:15.489176 localhost systemd[1]: systemd 255.6+suse.30.g3ea0e1dff3 running in system mode (+PAM +AUDIT +SELINUX +APPARMOR +IMA -SMACK +SECCOMP +GCRYPT +GNUTLS +OPENSSL +ACL +BLKID +CURL +ELFUTILS +FIDO2 +IDN2 -IDN +IPTC +KMOD +LIBCRYPTSETUP +LIBFDISK +PCRE2 +PWQUALITY +P11KIT +QRENCODE +TPM2 +BZIP2 +LZ4 +XZ +ZLIB +ZSTD +BPF_FRAMEWORK -XKBCOMMON -UTMP +SYSVINIT default-hierarchy=unified)
May 28 07:32:15.489184 localhost systemd[1]: Detected virtualization kvm.
May 28 07:32:15.489193 localhost systemd[1]: Detected architecture x86-64.
May 28 07:32:15.489203 localhost systemd[1]: Detected first boot.
May 28 07:32:15.489212 localhost systemd[1]: Initializing machine ID from random generator.
May 28 07:32:15.489220 localhost systemd[1]: bpf-lsm: LSM BPF program attached
May 28 07:32:15.489228 localhost kernel: audit: type=1400 audit(1716881534.719:6): avc:  denied  { map_read map_write } for  pid=3621 comm="systemd-fstab-g" scontext=system_u:system_r:systemd_fstab_generator_t:s0 tcontext=system_u:system_r:init_t:s0 tclass=bpf permissive=0
May 28 07:32:15.489236 localhost kernel: audit: type=1400 audit(1716881534.726:7): avc:  denied  { map_read map_write } for  pid=3623 comm="systemd-gpt-aut" scontext=system_u:system_r:systemd_gpt_generator_t:s0 tcontext=system_u:system_r:init_t:s0 tclass=bpf permissive=0
May 28 07:32:15.489244 localhost kernel: audit: type=1400 audit(1716881534.796:8): avc:  denied  { write } for  pid=3623 comm="systemd-gpt-aut" name="generator.late" dev="tmpfs" ino=2214 scontext=system_u:system_r:systemd_gpt_generator_t:s0 tcontext=system_u:object_r:init_var_run_t:s0 tclass=dir permissive=0
May 28 07:32:15.489253 localhost systemd-gpt-auto-generator[3623]: Failed to create symlink "/run/systemd/generator.late/local-fs.target.wants/systemd-remount-fs.service": No such file or directory
May 28 07:32:15.489262 localhost (sd-exec-[3615]: /usr/lib/systemd/system-generators/systemd-gpt-auto-generator failed with exit status 1.
May 28 07:32:15.489272 localhost systemd[1]: Populated /etc with preset unit settings.
May 28 07:32:15.489281 localhost systemd[1]: initrd-switch-root.service: Deactivated successfully.
May 28 07:32:15.489289 localhost systemd[1]: Stopped Switch Root.
May 28 07:32:15.489297 localhost systemd[1]: systemd-journald.service: Scheduled restart job, restart counter is at 1.
May 28 07:32:15.489305 localhost systemd[1]: Created slice Slice /system/getty.
May 28 07:32:15.489313 localhost systemd[1]: Created slice Slice /system/modprobe.
May 28 07:32:15.489321 localhost systemd[1]: Created slice Slice /system/serial-getty.
May 28 07:32:15.489329 localhost systemd[1]: Created slice Encrypted Volume Units Service Slice.
May 28 07:32:15.489337 localhost systemd[1]: Created slice User and Session Slice.
May 28 07:32:15.489345 localhost systemd[1]: Started Dispatch Password Requests to Console Directory Watch.
May 28 07:32:15.489355 localhost systemd[1]: Set up automount Arbitrary Executable File Formats File System Automount Point.
May 28 07:32:15.489363 localhost systemd[1]: Expecting device /dev/disk/by-uuid/5f18af6e-a0f1-4095-b06c-f8bd87924004...
May 28 07:32:15.489371 localhost systemd[1]: Expecting device /dev/disk/by-uuid/D27B-37E5...
May 28 07:32:15.489379 localhost systemd[1]: Expecting device /dev/hvc0...
May 28 07:32:15.489387 localhost systemd[1]: Expecting device /dev/ttyS0...
May 28 07:32:15.489396 localhost systemd[1]: Stopped target Switch Root.
May 28 07:32:15.489406 localhost systemd[1]: Stopped target Initrd File Systems.
May 28 07:32:15.489414 localhost systemd[1]: Stopped target Initrd Root File System.
May 28 07:32:15.489422 localhost systemd[1]: Reached target Local Integrity Protected Volumes.
May 28 07:32:15.489430 localhost systemd[1]: Reached target Remote File Systems.
May 28 07:32:15.489438 localhost systemd[1]: Reached target Slice Units.
May 28 07:32:15.489446 localhost systemd[1]: Reached target Swaps.
May 28 07:32:15.489454 localhost systemd[1]: Reached target System Time Set.
May 28 07:32:15.489462 localhost systemd[1]: Reached target Local Verity Protected Volumes.
May 28 07:32:15.489470 localhost systemd[1]: Listening on Device-mapper event daemon FIFOs.
May 28 07:32:15.489477 localhost systemd[1]: Listening on LVM2 poll daemon socket.
May 28 07:32:15.489485 localhost systemd[1]: Listening on Process Core Dump Socket.
May 28 07:32:15.489495 localhost systemd[1]: TPM2 PCR Extension (Varlink) was skipped because of an unmet condition check (ConditionSecurity=measured-uki).
May 28 07:32:15.489503 localhost systemd[1]: Listening on udev Control Socket.
May 28 07:32:15.489511 localhost systemd[1]: Listening on udev Kernel Socket.
May 28 07:32:15.489519 localhost systemd[1]: Mounting Huge Pages File System...
May 28 07:32:15.489527 localhost systemd[1]: Mounting POSIX Message Queue File System...
May 28 07:32:15.489535 localhost systemd[1]: Mounting Kernel Debug File System...
May 28 07:32:15.489543 localhost systemd[1]: Mounting Kernel Trace File System...
May 28 07:32:15.489551 localhost systemd[1]: Mounting Temporary Directory /tmp...
May 28 07:32:15.489561 localhost systemd[1]: Starting Create List of Static Device Nodes...
May 28 07:32:15.489569 localhost systemd[1]: Starting Monitoring of LVM2 mirrors, snapshots etc. using dmeventd or progress polling...
May 28 07:32:15.489577 localhost systemd[1]: Starting Load Kernel Module configfs...
May 28 07:32:15.489585 localhost systemd[1]: Starting Load Kernel Module dm_mod...
May 28 07:32:15.489593 localhost systemd[1]: Starting Load Kernel Module drm...
May 28 07:32:15.489600 localhost systemd[1]: Starting Load Kernel Module efi_pstore...
May 28 07:32:15.489608 localhost systemd[1]: Starting Load Kernel Module fuse...
May 28 07:32:15.489616 localhost systemd[1]: Starting Load Kernel Module loop...
May 28 07:32:15.489624 localhost systemd[1]: Starting Relabel /root...
May 28 07:32:15.489632 localhost systemd[1]: systemd-fsck-root.service: Deactivated successfully.
May 28 07:32:15.489640 localhost systemd[1]: Stopped File System Check on Root Device.
May 28 07:32:15.489648 localhost systemd[1]: Starting Journal Service...
May 28 07:32:15.489658 localhost systemd[1]: Load Kernel Modules was skipped because no trigger condition checks were met.
May 28 07:32:15.489666 localhost systemd[1]: Apply Kernel Variables for 6.9.1-1-default from /boot was skipped because of an unmet condition check (ConditionPathExists=/boot/sysctl.conf-6.9.1-1-default).
May 28 07:32:15.489674 localhost systemd[1]: Starting Apply Kernel Variables for 6.9.1-1-default...
May 28 07:32:15.489682 localhost systemd[1]: TPM2 PCR Machine ID Measurement was skipped because of an unmet condition check (ConditionSecurity=measured-uki).
May 28 07:32:15.489690 localhost systemd[1]: Starting Remount Root and Kernel File Systems...
May 28 07:32:15.489698 localhost systemd[1]: TPM2 SRK Setup (Early) was skipped because of an unmet condition check (ConditionSecurity=measured-uki).
May 28 07:32:15.489706 localhost kernel: fuse: init (API version 7.40)
May 28 07:32:15.489714 localhost kernel: loop: module loaded
May 28 07:32:15.489721 localhost systemd[1]: Starting Coldplug All udev Devices...
May 28 07:32:15.489729 localhost systemd[1]: Mounted Huge Pages File System.
May 28 07:32:15.489737 localhost systemd[1]: Mounted POSIX Message Queue File System.
May 28 07:32:15.489747 localhost systemd[1]: Mounted Kernel Debug File System.
May 28 07:32:15.489755 localhost systemd[1]: Mounted Kernel Trace File System.
May 28 07:32:15.489763 localhost systemd[1]: Mounted Temporary Directory /tmp.
May 28 07:32:15.489771 localhost systemd[1]: Finished Create List of Static Device Nodes.
May 28 07:32:15.489779 localhost systemd[1]: modprobe@configfs.service: Deactivated successfully.
May 28 07:32:15.489787 localhost systemd[1]: Finished Load Kernel Module configfs.
May 28 07:32:15.489794 localhost systemd[1]: modprobe@dm_mod.service: Deactivated successfully.
May 28 07:32:15.489802 localhost systemd[1]: Finished Load Kernel Module dm_mod.
May 28 07:32:15.489810 localhost systemd[1]: modprobe@drm.service: Deactivated successfully.
May 28 07:32:15.489818 localhost systemd[1]: Finished Load Kernel Module drm.
May 28 07:32:15.489826 localhost systemd[1]: modprobe@efi_pstore.service: Deactivated successfully.
May 28 07:32:15.489834 localhost systemd[1]: Finished Load Kernel Module efi_pstore.
May 28 07:32:15.489844 localhost systemd[1]: modprobe@fuse.service: Deactivated successfully.
May 28 07:32:15.489851 localhost systemd[1]: Finished Load Kernel Module fuse.
May 28 07:32:15.489859 localhost systemd[1]: modprobe@loop.service: Deactivated successfully.
May 28 07:32:15.489867 localhost systemd[1]: Finished Load Kernel Module loop.
May 28 07:32:15.489875 localhost systemd[1]: root-relabel.service: Deactivated successfully.
May 28 07:32:15.489883 localhost systemd[1]: Finished Relabel /root.
May 28 07:32:15.489891 localhost systemd[1]: Finished Apply Kernel Variables for 6.9.1-1-default.
May 28 07:32:15.489899 localhost systemd[1]: Mounting FUSE Control File System...
May 28 07:32:15.489907 localhost systemd[1]: Mounting Kernel Configuration File System...
May 28 07:32:15.489915 localhost systemd[1]: Repartition Root Disk was skipped because no trigger condition checks were met.
May 28 07:32:15.489922 localhost systemd[1]: Starting Apply Kernel Variables...
May 28 07:32:15.489949 localhost systemd-journald[3667]: Collecting audit messages is disabled.
May 28 07:32:15.489972 localhost systemd-journald[3667]: Journal started
May 28 07:32:15.489988 localhost systemd-journald[3667]: Runtime Journal (/run/log/journal/b37deb034f4a4de287812b359dbfd3c2) is 2.4M, max 19.2M, 16.8M free.
May 28 07:32:15.130673 localhost systemd[1]: Queued start job for default target Multi-User System.
May 28 07:32:15.170478 localhost systemd[1]: systemd-journald.service: Deactivated successfully.
May 28 07:32:15.508908 localhost systemd[1]: Starting Create Static Device Nodes in /dev gracefully...
May 28 07:32:15.508936 localhost systemd[1]: Started Journal Service.
May 28 07:32:15.501793 localhost systemd[1]: Finished Monitoring of LVM2 mirrors, snapshots etc. using dmeventd or progress polling.
May 28 07:32:15.515537 localhost systemd[1]: Mounted FUSE Control File System.
May 28 07:32:15.515964 localhost systemd[1]: Mounted Kernel Configuration File System.
May 28 07:32:15.568208 localhost systemd[1]: Finished Remount Root and Kernel File Systems.
May 28 07:32:15.589302 localhost systemd[1]: Rebuild Hardware Database was skipped because of an unmet condition check (ConditionNeedsUpdate=/etc).
May 28 07:32:15.589364 localhost systemd[1]: Platform Persistent Storage Archival was skipped because of an unmet condition check (ConditionDirectoryNotEmpty=/sys/fs/pstore).
May 28 07:32:15.602316 localhost systemd[1]: Starting Load/Save OS Random Seed...
May 28 07:32:15.607440 localhost systemd[1]: TPM2 SRK Setup was skipped because of an unmet condition check (ConditionSecurity=measured-uki).
May 28 07:32:15.617064 localhost systemd[1]: Finished Apply Kernel Variables.
May 28 07:32:15.625723 localhost systemd[1]: Finished Load/Save OS Random Seed.
May 28 07:32:15.654197 localhost systemd[1]: Finished Create Static Device Nodes in /dev gracefully.
May 28 07:32:15.654719 localhost systemd[1]: Create System Users was skipped because no trigger condition checks were met.
May 28 07:32:15.662334 localhost systemd[1]: Starting Create Static Device Nodes in /dev...
May 28 07:32:15.752800 localhost systemd[1]: Finished Coldplug All udev Devices.
May 28 07:32:15.765006 localhost systemd[1]: Finished Create Static Device Nodes in /dev.
May 28 07:32:15.767047 localhost systemd[1]: Reached target Preparation for Local File Systems.
May 28 07:32:15.782236 localhost systemd[1]: Mounting /.snapshots...
May 28 07:32:15.787849 localhost systemd[1]: Mounting /home...
May 28 07:32:15.792242 localhost systemd[1]: Mounting /opt...
May 28 07:32:15.798485 localhost systemd[1]: Mounting /srv...
May 28 07:32:15.812249 localhost systemd[1]: Mounting /usr/local...
May 28 07:32:15.820538 localhost systemd[1]: Starting Rule-based Manager for Device Events and Files...
May 28 07:32:15.822072 localhost systemd[1]: Mounted /.snapshots.
May 28 07:32:15.828778 localhost systemd[1]: Mounted /home.
May 28 07:32:15.833917 localhost systemd[1]: Mounted /opt.
May 28 07:32:15.837497 localhost systemd[1]: Mounted /srv.
May 28 07:32:15.838814 localhost systemd[1]: Mounted /usr/local.
May 28 07:32:15.862315 localhost systemd[1]: Starting Relabel /.snapshots...
May 28 07:32:15.868946 localhost systemd[1]: Starting Relabel /home...
May 28 07:32:15.875409 localhost systemd[1]: Starting Relabel /opt...
May 28 07:32:15.885596 localhost systemd[1]: Starting Relabel /srv...
May 28 07:32:15.895718 localhost systemd[1]: Starting Relabel /usr/local...
May 28 07:32:15.929143 localhost systemd[1]: \x2esnapshots-relabel.service: Deactivated successfully.
May 28 07:32:15.929261 localhost systemd[1]: Finished Relabel /.snapshots.
May 28 07:32:15.948518 localhost systemd[1]: home-relabel.service: Deactivated successfully.
May 28 07:32:15.948661 localhost systemd[1]: Finished Relabel /home.
May 28 07:32:15.951518 localhost systemd[1]: opt-relabel.service: Deactivated successfully.
May 28 07:32:15.951684 localhost systemd[1]: Finished Relabel /opt.
May 28 07:32:15.955950 localhost systemd[1]: srv-relabel.service: Deactivated successfully.
May 28 07:32:15.958994 localhost systemd[1]: Finished Relabel /srv.
May 28 07:32:15.969113 localhost systemd[1]: usr-local-relabel.service: Deactivated successfully.
May 28 07:32:15.973234 localhost systemd-udevd[3712]: Using default interface naming scheme 'v255'.
May 28 07:32:15.974350 localhost systemd[1]: Finished Relabel /usr/local.
May 28 07:32:15.990284 localhost systemd[1]: Starting Mark autorelabel as done...
May 28 07:32:15.994498 localhost systemd[1]: mark-autorelabel-done.service: Deactivated successfully.
May 28 07:32:15.994674 localhost systemd[1]: Finished Mark autorelabel as done.
May 28 07:32:16.014885 localhost systemd[1]: Started Rule-based Manager for Device Events and Files.
May 28 07:32:16.097584 localhost systemd[1]: Condition check resulted in /dev/hvc0 being skipped.
May 28 07:32:16.129601 localhost kernel: BTRFS info: devid 1 device path /dev/mapper/cr_root changed to /dev/dm-0 scanned by (udev-worker) (3735)
May 28 07:32:16.129652 localhost kernel: BTRFS info: devid 1 device path /dev/dm-0 changed to /dev/mapper/cr_root scanned by (udev-worker) (3735)
May 28 07:32:16.172148 localhost systemd[1]: Condition check resulted in /dev/ttyS0 being skipped.
May 28 07:32:16.173515 localhost systemd[1]: Condition check resulted in /dev/disk/by-uuid/5f18af6e-a0f1-4095-b06c-f8bd87924004 being skipped.
May 28 07:32:16.215653 localhost systemd[1]: Starting Cryptography Setup for cr_root...
May 28 07:32:16.217333 localhost systemd[1]: Condition check resulted in /dev/disk/by-uuid/D27B-37E5 being skipped.
May 28 07:32:16.287703 localhost systemd-cryptsetup[3750]: Volume cr_root already active.
May 28 07:32:16.299159 localhost systemd[1]: Finished Cryptography Setup for cr_root.
May 28 07:32:16.299589 localhost systemd[1]: Reached target Block Device Preparation for /dev/mapper/cr_root.
May 28 07:32:16.299853 localhost systemd[1]: Reached target Local Encrypted Volumes.
May 28 07:32:16.305898 localhost kernel: input: Power Button as /devices/LNXSYSTM:00/LNXPWRBN:00/input/input5
May 28 07:32:16.318880 localhost kernel: ACPI: button: Power Button [PWRF]
May 28 07:32:16.339179 localhost kernel: parport_pc 00:03: reported by Plug and Play ACPI
May 28 07:32:16.339414 localhost kernel: parport0: PC-style at 0x378, irq 7 [PCSPP,TRISTATE]
May 28 07:32:16.342509 localhost kernel: piix4_smbus 0000:00:01.3: SMBus Host Controller at 0xb100, revision 0
May 28 07:32:16.369837 localhost kernel: input: PC Speaker as /devices/platform/pcspkr/input/input6
May 28 07:32:16.400174 localhost kernel: Console: switching to colour dummy device 80x25
May 28 07:32:16.402273 localhost systemd[1]: Mounting /boot/efi...
May 28 07:32:16.406026 localhost kernel: bochs-drm 0000:00:02.0: vgaarb: deactivate vga console
May 28 07:32:16.406195 localhost kernel: [drm] Found bochs VGA, ID 0xb0c5.
May 28 07:32:16.406207 localhost kernel: [drm] Framebuffer size 16384 kB @ 0x80000000, mmio @ 0x81048000.
May 28 07:32:16.406218 localhost kernel: [drm] Found EDID data blob.
May 28 07:32:16.466139 localhost kernel: [drm] Initialized bochs-drm 1.0.0 20130925 for 0000:00:02.0 on minor 0
May 28 07:32:16.466164 localhost kernel: fbcon: bochs-drmdrmfb (fb0) is primary device
May 28 07:32:16.566519 localhost kernel: ppdev: user-space parallel port driver
May 28 07:32:16.575709 localhost systemd[1]: Starting Virtual Console Setup...
May 28 07:32:16.622233 localhost kernel: Console: switching to colour frame buffer device 128x48
May 28 07:32:16.622344 localhost kernel: kvm_amd: Nested Virtualization enabled
May 28 07:32:16.622373 localhost kernel: kvm_amd: Nested Paging enabled
May 28 07:32:16.779437 localhost kernel: bochs-drm 0000:00:02.0: [drm] fb0: bochs-drmdrmfb frame buffer device
May 28 07:32:16.811760 localhost systemd[1]: Mounted /boot/efi.
May 28 07:32:16.811966 localhost systemd[1]: systemd-vconsole-setup.service: Deactivated successfully.
May 28 07:32:16.812082 localhost systemd[1]: Stopped Virtual Console Setup.
May 28 07:32:16.815996 localhost systemd[1]: Reached target Local File Systems.
May 28 07:32:16.822076 localhost systemd[1]: Listening on System Extension Image Management (Varlink).
May 28 07:32:16.844467 localhost kernel: snd_hda_codec_generic hdaudioC0D0: autoconfig for Generic: line_outs=1 (0x3/0x0/0x0/0x0/0x0) type:line
May 28 07:32:16.844671 localhost kernel: snd_hda_codec_generic hdaudioC0D0:    speaker_outs=0 (0x0/0x0/0x0/0x0/0x0)
May 28 07:32:16.844797 localhost kernel: snd_hda_codec_generic hdaudioC0D0:    hp_outs=0 (0x0/0x0/0x0/0x0/0x0)
May 28 07:32:16.844914 localhost kernel: snd_hda_codec_generic hdaudioC0D0:    mono: mono_out=0x0
May 28 07:32:16.845029 localhost kernel: snd_hda_codec_generic hdaudioC0D0:    inputs:
May 28 07:32:16.842985 localhost systemd[1]: Starting Create missing directories from rpmdb...
May 28 07:32:16.843175 localhost systemd[1]: Set Up Additional Binary Formats was skipped because no trigger condition checks were met.
May 28 07:32:16.849325 localhost systemd[1]: Starting Update Boot Loader Random Seed...
May 28 07:32:16.864341 localhost systemd[1]: Starting Flush Journal to Persistent Storage...
May 28 07:32:16.877550 localhost systemd[1]: Starting Virtual Console Setup...
May 28 07:32:16.879512 localhost systemd[1]: Reached target Sound Card.
May 28 07:32:16.879725 localhost systemd-journald[3667]: Time spent on flushing to /var/log/journal/b37deb034f4a4de287812b359dbfd3c2 is 29.492ms for 1033 entries.
May 28 07:32:16.879725 localhost systemd-journald[3667]: System Journal (/var/log/journal/b37deb034f4a4de287812b359dbfd3c2) is 8.0M, max 2.9G, 2.9G free.
May 28 07:32:17.022302 localhost systemd-journald[3667]: Received client request to flush runtime journal.
May 28 07:32:16.903780 localhost bootctl[3777]: ! Mount point '/boot/efi' which backs the random seed file is world accessible, which is a security hole! !
May 28 07:32:16.903888 localhost bootctl[3777]: ! Random seed file '/boot/efi/loader/.#bootctlrandom-seedb3d4b296ad21f690' is world accessible, which is a security hole! !
May 28 07:32:16.919120 localhost bootctl[3777]: Random seed file /boot/efi/loader/random-seed successfully written (32 bytes).
May 28 07:32:17.027049 localhost systemd[1]: Finished Flush Journal to Persistent Storage.
May 28 07:32:17.156788 localhost bootctl[3777]: Successfully initialized system token in EFI variable with 32 bytes.
