May 28 07:51:21.196990 localhost kernel: Linux version 6.9.1-1-default (geeko@buildhost) (gcc (SUSE Linux) 13.2.1 20240509 [revision b7a2697733d19a093cbdd0e200ffce069a4bc812], GNU ld (GNU Binutils; openSUSE Tumbleweed) 2.42.0.20240130-3) #1 SMP PREEMPT_DYNAMIC Fri May 17 11:59:46 UTC 2024 (0c0b0b5)
May 28 07:51:21.197026 localhost kernel: Command line: initrd=\opensuse-microos\6.9.1-1-default\initrd-684b272fb55f1cef9c0172c83fed01af3ec0d511 quiet systemd.show_status=yes console=ttyS0,115200 console=tty0 ignition.platform.id=qemu security=selinux selinux=1 root=UUID=8e1db0e5-66e2-4309-9280-394cf494d447 rootflags=subvol=@/.snapshots/14/snapshot systemd.machine_id=ac32e82db52b4c29a228c466588b5044
May 28 07:51:21.197043 localhost kernel: BIOS-provided physical RAM map:
May 28 07:51:21.197053 localhost kernel: BIOS-e820: [mem 0x0000000000000000-0x000000000009ffff] usable
May 28 07:51:21.197063 localhost kernel: BIOS-e820: [mem 0x0000000000100000-0x00000000007fffff] usable
May 28 07:51:21.197072 localhost kernel: BIOS-e820: [mem 0x0000000000800000-0x0000000000807fff] ACPI NVS
May 28 07:51:21.197083 localhost kernel: BIOS-e820: [mem 0x0000000000808000-0x000000000080afff] usable
May 28 07:51:21.197092 localhost kernel: BIOS-e820: [mem 0x000000000080b000-0x000000000080bfff] ACPI NVS
May 28 07:51:21.197123 localhost kernel: BIOS-e820: [mem 0x000000000080c000-0x000000000080ffff] usable
May 28 07:51:21.197133 localhost kernel: BIOS-e820: [mem 0x0000000000810000-0x00000000008fffff] ACPI NVS
May 28 07:51:21.197142 localhost kernel: BIOS-e820: [mem 0x0000000000900000-0x000000003f8eefff] usable
May 28 07:51:21.197152 localhost kernel: BIOS-e820: [mem 0x000000003f8ef000-0x000000003fb6efff] reserved
May 28 07:51:21.197161 localhost kernel: BIOS-e820: [mem 0x000000003fb6f000-0x000000003fb7efff] ACPI data
May 28 07:51:21.197174 localhost kernel: BIOS-e820: [mem 0x000000003fb7f000-0x000000003fbfefff] ACPI NVS
May 28 07:51:21.197186 localhost kernel: BIOS-e820: [mem 0x000000003fbff000-0x000000003ff57fff] usable
May 28 07:51:21.197195 localhost kernel: BIOS-e820: [mem 0x000000003ff58000-0x000000003ff77fff] reserved
May 28 07:51:21.197204 localhost kernel: BIOS-e820: [mem 0x000000003ff78000-0x000000003fffffff] ACPI NVS
May 28 07:51:21.197214 localhost kernel: BIOS-e820: [mem 0x00000000ffe00000-0x00000000ffffffff] reserved
May 28 07:51:21.197223 localhost kernel: NX (Execute Disable) protection: active
May 28 07:51:21.197232 localhost kernel: APIC: Static calls initialized
May 28 07:51:21.197241 localhost kernel: e820: update [mem 0x3e20c018-0x3e215c57] usable ==> usable
May 28 07:51:21.197250 localhost kernel: e820: update [mem 0x3e1e3018-0x3e20b057] usable ==> usable
May 28 07:51:21.197260 localhost kernel: extended physical RAM map:
May 28 07:51:21.197269 localhost kernel: reserve setup_data: [mem 0x0000000000000000-0x000000000009ffff] usable
May 28 07:51:21.197279 localhost kernel: reserve setup_data: [mem 0x0000000000100000-0x00000000007fffff] usable
May 28 07:51:21.197291 localhost kernel: reserve setup_data: [mem 0x0000000000800000-0x0000000000807fff] ACPI NVS
May 28 07:51:21.197300 localhost kernel: reserve setup_data: [mem 0x0000000000808000-0x000000000080afff] usable
May 28 07:51:21.197309 localhost kernel: reserve setup_data: [mem 0x000000000080b000-0x000000000080bfff] ACPI NVS
May 28 07:51:21.197318 localhost kernel: reserve setup_data: [mem 0x000000000080c000-0x000000000080ffff] usable
May 28 07:51:21.197327 localhost kernel: reserve setup_data: [mem 0x0000000000810000-0x00000000008fffff] ACPI NVS
May 28 07:51:21.197336 localhost kernel: reserve setup_data: [mem 0x0000000000900000-0x000000003e1e3017] usable
May 28 07:51:21.197345 localhost kernel: reserve setup_data: [mem 0x000000003e1e3018-0x000000003e20b057] usable
May 28 07:51:21.197354 localhost kernel: reserve setup_data: [mem 0x000000003e20b058-0x000000003e20c017] usable
May 28 07:51:21.197405 localhost kernel: reserve setup_data: [mem 0x000000003e20c018-0x000000003e215c57] usable
May 28 07:51:21.197416 localhost kernel: reserve setup_data: [mem 0x000000003e215c58-0x000000003f8eefff] usable
May 28 07:51:21.197424 localhost kernel: reserve setup_data: [mem 0x000000003f8ef000-0x000000003fb6efff] reserved
May 28 07:51:21.197433 localhost kernel: reserve setup_data: [mem 0x000000003fb6f000-0x000000003fb7efff] ACPI data
May 28 07:51:21.197442 localhost kernel: reserve setup_data: [mem 0x000000003fb7f000-0x000000003fbfefff] ACPI NVS
May 28 07:51:21.197451 localhost kernel: reserve setup_data: [mem 0x000000003fbff000-0x000000003ff57fff] usable
May 28 07:51:21.197461 localhost kernel: reserve setup_data: [mem 0x000000003ff58000-0x000000003ff77fff] reserved
May 28 07:51:21.197476 localhost kernel: reserve setup_data: [mem 0x000000003ff78000-0x000000003fffffff] ACPI NVS
May 28 07:51:21.197485 localhost kernel: reserve setup_data: [mem 0x00000000ffe00000-0x00000000ffffffff] reserved
May 28 07:51:21.197494 localhost kernel: efi: EFI v2.7 by EDK II
May 28 07:51:21.197503 localhost kernel: efi: SMBIOS=0x3f909000 ACPI=0x3fb7e000 ACPI 2.0=0x3fb7e014 MEMATTR=0x3e770018 MOKvar=0x3e76c000 RNG=0x3fb75f18 INITRD=0x3e21ef98 
May 28 07:51:21.197516 localhost kernel: random: crng init done
May 28 07:51:21.197525 localhost kernel: efi: Remove mem122: MMIO range=[0xffe00000-0xffffffff] (2MB) from e820 map
May 28 07:51:21.197534 localhost kernel: e820: remove [mem 0xffe00000-0xffffffff] reserved
May 28 07:51:21.197543 localhost kernel: secureboot: Secure boot enabled
May 28 07:51:21.197552 localhost kernel: Kernel is locked down from EFI Secure Boot mode; see man kernel_lockdown.7
May 28 07:51:21.197561 localhost kernel: SMBIOS 2.8 present.
May 28 07:51:21.197570 localhost kernel: DMI: QEMU Standard PC (i440FX + PIIX, 1996), BIOS 0.0.0 02/06/2015
May 28 07:51:21.197578 localhost kernel: Hypervisor detected: KVM
May 28 07:51:21.197587 localhost kernel: kvm-clock: Using msrs 4b564d01 and 4b564d00
May 28 07:51:21.197596 localhost kernel: kvm-clock: using sched offset of 1217301856470 cycles
May 28 07:51:21.197606 localhost kernel: clocksource: kvm-clock: mask: 0xffffffffffffffff max_cycles: 0x1cd42e4dffb, max_idle_ns: 881590591483 ns
May 28 07:51:21.197616 localhost kernel: tsc: Detected 2199.998 MHz processor
May 28 07:51:21.197625 localhost kernel: e820: update [mem 0x00000000-0x00000fff] usable ==> reserved
May 28 07:51:21.197635 localhost kernel: e820: remove [mem 0x000a0000-0x000fffff] usable
May 28 07:51:21.197644 localhost kernel: last_pfn = 0x3ff58 max_arch_pfn = 0x400000000
May 28 07:51:21.197657 localhost kernel: MTRR map: 4 entries (2 fixed + 2 variable; max 18), built from 8 variable MTRRs
May 28 07:51:21.197666 localhost kernel: x86/PAT: Configuration [0-7]: WB  WC  UC- UC  WB  WP  UC- WT  
May 28 07:51:21.197676 localhost kernel: e820: update [mem 0x3e76c000-0x3e76cfff] usable ==> reserved
May 28 07:51:21.197686 localhost kernel: Using GB pages for direct mapping
May 28 07:51:21.197695 localhost kernel: secureboot: Secure boot enabled
May 28 07:51:21.197704 localhost kernel: RAMDISK: [mem 0x3295e000-0x37469fff]
May 28 07:51:21.197712 localhost kernel: ACPI: Early table checksum verification disabled
May 28 07:51:21.197721 localhost kernel: ACPI: RSDP 0x000000003FB7E014 000024 (v02 BOCHS )
May 28 07:51:21.197731 localhost kernel: ACPI: XSDT 0x000000003FB7D0E8 00004C (v01 BOCHS  BXPC     00000001      01000013)
May 28 07:51:21.197740 localhost kernel: ACPI: FACP 0x000000003FB7A000 000074 (v01 BOCHS  BXPC     00000001 BXPC 00000001)
May 28 07:51:21.197750 localhost kernel: ACPI: DSDT 0x000000003FB7B000 001768 (v01 BOCHS  BXPC     00000001 BXPC 00000001)
May 28 07:51:21.197759 localhost kernel: ACPI: FACS 0x000000003FBDD000 000040
May 28 07:51:21.197772 localhost kernel: ACPI: APIC 0x000000003FB79000 000078 (v01 BOCHS  BXPC     00000001 BXPC 00000001)
May 28 07:51:21.197781 localhost kernel: ACPI: HPET 0x000000003FB78000 000038 (v01 BOCHS  BXPC     00000001 BXPC 00000001)
May 28 07:51:21.197791 localhost kernel: ACPI: WAET 0x000000003FB77000 000028 (v01 BOCHS  BXPC     00000001 BXPC 00000001)
May 28 07:51:21.197800 localhost kernel: ACPI: BGRT 0x000000003FB76000 000038 (v01 INTEL  EDK2     00000002      01000013)
May 28 07:51:21.197809 localhost kernel: ACPI: Reserving FACP table memory at [mem 0x3fb7a000-0x3fb7a073]
May 28 07:51:21.197819 localhost kernel: ACPI: Reserving DSDT table memory at [mem 0x3fb7b000-0x3fb7c767]
May 28 07:51:21.197827 localhost kernel: ACPI: Reserving FACS table memory at [mem 0x3fbdd000-0x3fbdd03f]
May 28 07:51:21.197836 localhost kernel: ACPI: Reserving APIC table memory at [mem 0x3fb79000-0x3fb79077]
May 28 07:51:21.197845 localhost kernel: ACPI: Reserving HPET table memory at [mem 0x3fb78000-0x3fb78037]
May 28 07:51:21.197854 localhost kernel: ACPI: Reserving WAET table memory at [mem 0x3fb77000-0x3fb77027]
May 28 07:51:21.197863 localhost kernel: ACPI: Reserving BGRT table memory at [mem 0x3fb76000-0x3fb76037]
May 28 07:51:21.197874 localhost kernel: No NUMA configuration found
May 28 07:51:21.197884 localhost kernel: Faking a node at [mem 0x0000000000000000-0x000000003ff57fff]
May 28 07:51:21.197893 localhost kernel: NODE_DATA(0) allocated [mem 0x3fe87000-0x3feb1fff]
May 28 07:51:21.197902 localhost kernel: Zone ranges:
May 28 07:51:21.197911 localhost kernel:   DMA      [mem 0x0000000000001000-0x0000000000ffffff]
May 28 07:51:21.197920 localhost kernel:   DMA32    [mem 0x0000000001000000-0x000000003ff57fff]
May 28 07:51:21.197930 localhost kernel:   Normal   empty
May 28 07:51:21.197939 localhost kernel:   Device   empty
May 28 07:51:21.197949 localhost kernel: Movable zone start for each node
May 28 07:51:21.197958 localhost kernel: Early memory node ranges
May 28 07:51:21.197967 localhost kernel:   node   0: [mem 0x0000000000001000-0x000000000009ffff]
May 28 07:51:21.197976 localhost kernel:   node   0: [mem 0x0000000000100000-0x00000000007fffff]
May 28 07:51:21.197985 localhost kernel:   node   0: [mem 0x0000000000808000-0x000000000080afff]
May 28 07:51:21.197997 localhost kernel:   node   0: [mem 0x000000000080c000-0x000000000080ffff]
May 28 07:51:21.198006 localhost kernel:   node   0: [mem 0x0000000000900000-0x000000003f8eefff]
May 28 07:51:21.198014 localhost kernel:   node   0: [mem 0x000000003fbff000-0x000000003ff57fff]
May 28 07:51:21.198023 localhost kernel: Initmem setup node 0 [mem 0x0000000000001000-0x000000003ff57fff]
May 28 07:51:21.198032 localhost kernel: On node 0, zone DMA: 1 pages in unavailable ranges
May 28 07:51:21.198041 localhost kernel: On node 0, zone DMA: 96 pages in unavailable ranges
May 28 07:51:21.198050 localhost kernel: On node 0, zone DMA: 8 pages in unavailable ranges
May 28 07:51:21.198059 localhost kernel: On node 0, zone DMA: 1 pages in unavailable ranges
May 28 07:51:21.198068 localhost kernel: On node 0, zone DMA: 240 pages in unavailable ranges
May 28 07:51:21.198077 localhost kernel: On node 0, zone DMA32: 784 pages in unavailable ranges
May 28 07:51:21.198087 localhost kernel: On node 0, zone DMA32: 168 pages in unavailable ranges
May 28 07:51:21.198095 localhost kernel: ACPI: PM-Timer IO Port: 0xb008
May 28 07:51:21.198105 localhost kernel: ACPI: LAPIC_NMI (acpi_id[0xff] dfl dfl lint[0x1])
May 28 07:51:21.198117 localhost kernel: IOAPIC[0]: apic_id 0, version 17, address 0xfec00000, GSI 0-23
May 28 07:51:21.198127 localhost kernel: ACPI: INT_SRC_OVR (bus 0 bus_irq 0 global_irq 2 dfl dfl)
May 28 07:51:21.198136 localhost kernel: ACPI: INT_SRC_OVR (bus 0 bus_irq 5 global_irq 5 high level)
May 28 07:51:21.198146 localhost kernel: ACPI: INT_SRC_OVR (bus 0 bus_irq 9 global_irq 9 high level)
May 28 07:51:21.198155 localhost kernel: ACPI: INT_SRC_OVR (bus 0 bus_irq 10 global_irq 10 high level)
May 28 07:51:21.198164 localhost kernel: ACPI: INT_SRC_OVR (bus 0 bus_irq 11 global_irq 11 high level)
May 28 07:51:21.198173 localhost kernel: ACPI: Using ACPI (MADT) for SMP configuration information
May 28 07:51:21.198182 localhost kernel: ACPI: HPET id: 0x8086a201 base: 0xfed00000
May 28 07:51:21.198191 localhost kernel: e820: update [mem 0x3e28f000-0x3e297fff] usable ==> reserved
May 28 07:51:21.198200 localhost kernel: TSC deadline timer available
May 28 07:51:21.198217 localhost kernel: CPU topo: Max. logical packages:   1
May 28 07:51:21.198226 localhost kernel: CPU topo: Max. logical dies:       1
May 28 07:51:21.198235 localhost kernel: CPU topo: Max. dies per package:   1
May 28 07:51:21.198246 localhost kernel: CPU topo: Max. threads per core:   1
May 28 07:51:21.198255 localhost kernel: CPU topo: Num. cores per package:     1
May 28 07:51:21.198265 localhost kernel: CPU topo: Num. threads per package:   1
May 28 07:51:21.198274 localhost kernel: CPU topo: Allowing 1 present CPUs plus 0 hotplug CPUs
May 28 07:51:21.198283 localhost kernel: kvm-guest: APIC: eoi() replaced with kvm_guest_apic_eoi_write()
May 28 07:51:21.198292 localhost kernel: PM: hibernation: Registered nosave memory: [mem 0x00000000-0x00000fff]
May 28 07:51:21.198301 localhost kernel: PM: hibernation: Registered nosave memory: [mem 0x000a0000-0x000fffff]
May 28 07:51:21.198310 localhost kernel: PM: hibernation: Registered nosave memory: [mem 0x00800000-0x00807fff]
May 28 07:51:21.198320 localhost kernel: PM: hibernation: Registered nosave memory: [mem 0x0080b000-0x0080bfff]
May 28 07:51:21.198329 localhost kernel: PM: hibernation: Registered nosave memory: [mem 0x00810000-0x008fffff]
May 28 07:51:21.198341 localhost kernel: PM: hibernation: Registered nosave memory: [mem 0x3e1e3000-0x3e1e3fff]
May 28 07:51:21.198350 localhost kernel: PM: hibernation: Registered nosave memory: [mem 0x3e20b000-0x3e20bfff]
May 28 07:51:21.198359 localhost kernel: PM: hibernation: Registered nosave memory: [mem 0x3e20c000-0x3e20cfff]
May 28 07:51:21.198368 localhost kernel: PM: hibernation: Registered nosave memory: [mem 0x3e215000-0x3e215fff]
May 28 07:51:21.198378 localhost kernel: PM: hibernation: Registered nosave memory: [mem 0x3e28f000-0x3e297fff]
May 28 07:51:21.198387 localhost kernel: PM: hibernation: Registered nosave memory: [mem 0x3e76c000-0x3e76cfff]
May 28 07:51:21.198396 localhost kernel: PM: hibernation: Registered nosave memory: [mem 0x3f8ef000-0x3fb6efff]
May 28 07:51:21.198405 localhost kernel: PM: hibernation: Registered nosave memory: [mem 0x3fb6f000-0x3fb7efff]
May 28 07:51:21.198415 localhost kernel: PM: hibernation: Registered nosave memory: [mem 0x3fb7f000-0x3fbfefff]
May 28 07:51:21.198424 localhost kernel: [mem 0x40000000-0xffffffff] available for PCI devices
May 28 07:51:21.198433 localhost kernel: Booting paravirtualized kernel on KVM
May 28 07:51:21.198446 localhost kernel: clocksource: refined-jiffies: mask: 0xffffffff max_cycles: 0xffffffff, max_idle_ns: 6370452778343963 ns
May 28 07:51:21.198456 localhost kernel: setup_percpu: NR_CPUS:8192 nr_cpumask_bits:1 nr_cpu_ids:1 nr_node_ids:1
May 28 07:51:21.198465 localhost kernel: percpu: Embedded 72 pages/cpu s258048 r8192 d28672 u2097152
May 28 07:51:21.198474 localhost kernel: pcpu-alloc: s258048 r8192 d28672 u2097152 alloc=1*2097152
May 28 07:51:21.198484 localhost kernel: pcpu-alloc: [0] 0 
May 28 07:51:21.198493 localhost kernel: kvm-guest: PV spinlocks disabled, single CPU
May 28 07:51:21.198505 localhost kernel: Kernel command line: initrd=\opensuse-microos\6.9.1-1-default\initrd-684b272fb55f1cef9c0172c83fed01af3ec0d511 quiet systemd.show_status=yes console=ttyS0,115200 console=tty0 ignition.platform.id=qemu security=selinux selinux=1 root=UUID=8e1db0e5-66e2-4309-9280-394cf494d447 rootflags=subvol=@/.snapshots/14/snapshot systemd.machine_id=ac32e82db52b4c29a228c466588b5044
May 28 07:51:21.198514 localhost kernel: Dentry cache hash table entries: 131072 (order: 8, 1048576 bytes, linear)
May 28 07:51:21.198524 localhost kernel: Inode-cache hash table entries: 65536 (order: 7, 524288 bytes, linear)
May 28 07:51:21.198533 localhost kernel: Fallback order for Node 0: 0 
May 28 07:51:21.198543 localhost kernel: Built 1 zonelists, mobility grouping on.  Total pages: 254806
May 28 07:51:21.198556 localhost kernel: Policy zone: DMA32
May 28 07:51:21.198565 localhost kernel: mem auto-init: stack:off, heap alloc:off, heap free:off
May 28 07:51:21.198575 localhost kernel: Memory: 247580K/1043384K available (16384K kernel code, 3000K rwdata, 13020K rodata, 4224K init, 4384K bss, 181276K reserved, 0K cma-reserved)
May 28 07:51:21.198584 localhost kernel: SLUB: HWalign=64, Order=0-3, MinObjects=0, CPUs=1, Nodes=1
May 28 07:51:21.198594 localhost kernel: ftrace: allocating 47505 entries in 186 pages
May 28 07:51:21.198604 localhost kernel: ftrace: allocated 186 pages with 5 groups
May 28 07:51:21.198613 localhost kernel: Dynamic Preempt: voluntary
May 28 07:51:21.198622 localhost kernel: rcu: Preemptible hierarchical RCU implementation.
May 28 07:51:21.198632 localhost kernel: rcu:         RCU event tracing is enabled.
May 28 07:51:21.198642 localhost kernel: rcu:         RCU restricting CPUs from NR_CPUS=8192 to nr_cpu_ids=1.
May 28 07:51:21.198652 localhost kernel:         Trampoline variant of Tasks RCU enabled.
May 28 07:51:21.198665 localhost kernel:         Rude variant of Tasks RCU enabled.
May 28 07:51:21.198675 localhost kernel:         Tracing variant of Tasks RCU enabled.
May 28 07:51:21.198684 localhost kernel: rcu: RCU calculated value of scheduler-enlistment delay is 30 jiffies.
May 28 07:51:21.198693 localhost kernel: rcu: Adjusting geometry for rcu_fanout_leaf=16, nr_cpu_ids=1
May 28 07:51:21.198702 localhost kernel: RCU Tasks: Setting shift to 0 and lim to 1 rcu_task_cb_adjust=1.
May 28 07:51:21.198712 localhost kernel: RCU Tasks Rude: Setting shift to 0 and lim to 1 rcu_task_cb_adjust=1.
May 28 07:51:21.198722 localhost kernel: RCU Tasks Trace: Setting shift to 0 and lim to 1 rcu_task_cb_adjust=1.
May 28 07:51:21.198731 localhost kernel: NR_IRQS: 524544, nr_irqs: 256, preallocated irqs: 16
May 28 07:51:21.198741 localhost kernel: rcu: srcu_init: Setting srcu_struct sizes based on contention.
May 28 07:51:21.198750 localhost kernel: Console: colour dummy device 80x25
May 28 07:51:21.198759 localhost kernel: printk: legacy console [tty0] enabled
May 28 07:51:21.198769 localhost kernel: printk: legacy console [ttyS0] enabled
May 28 07:51:21.198778 localhost kernel: ACPI: Core revision 20230628
May 28 07:51:21.198792 localhost kernel: clocksource: hpet: mask: 0xffffffff max_cycles: 0xffffffff, max_idle_ns: 19112604467 ns
May 28 07:51:21.198801 localhost kernel: APIC: Switch to symmetric I/O mode setup
May 28 07:51:21.198810 localhost kernel: x2apic enabled
May 28 07:51:21.198819 localhost kernel: APIC: Switched APIC routing to: physical x2apic
May 28 07:51:21.198829 localhost kernel: ..TIMER: vector=0x30 apic1=0 pin1=2 apic2=-1 pin2=-1
May 28 07:51:21.198838 localhost kernel: clocksource: tsc-early: mask: 0xffffffffffffffff max_cycles: 0x1fb63109b96, max_idle_ns: 440795265316 ns
May 28 07:51:21.198848 localhost kernel: Calibrating delay loop (skipped) preset value.. 4401.32 BogoMIPS (lpj=7333326)
May 28 07:51:21.198857 localhost kernel: x86/cpu: User Mode Instruction Prevention (UMIP) activated
May 28 07:51:21.198866 localhost kernel: Last level iTLB entries: 4KB 512, 2MB 255, 4MB 127
May 28 07:51:21.198875 localhost kernel: Last level dTLB entries: 4KB 512, 2MB 255, 4MB 127, 1GB 0
May 28 07:51:21.198884 localhost kernel: Spectre V1 : Mitigation: usercopy/swapgs barriers and __user pointer sanitization
May 28 07:51:21.198897 localhost kernel: Spectre V2 : Mitigation: Retpolines
May 28 07:51:21.198906 localhost kernel: Spectre V2 : Spectre v2 / SpectreRSB mitigation: Filling RSB on context switch
May 28 07:51:21.198916 localhost kernel: Spectre V2 : Spectre v2 / SpectreRSB : Filling RSB on VMEXIT
May 28 07:51:21.198926 localhost kernel: Spectre V2 : Enabling Restricted Speculation for firmware calls
May 28 07:51:21.198935 localhost kernel: Spectre V2 : mitigation: Enabling conditional Indirect Branch Prediction Barrier
May 28 07:51:21.198945 localhost kernel: Speculative Store Bypass: Mitigation: Speculative Store Bypass disabled via prctl
May 28 07:51:21.198954 localhost kernel: Speculative Return Stack Overflow: IBPB-extending microcode not applied!
May 28 07:51:21.198964 localhost kernel: Speculative Return Stack Overflow: WARNING: See https://kernel.org/doc/html/latest/admin-guide/hw-vuln/srso.html for mitigation options.
May 28 07:51:21.198974 localhost kernel: Speculative Return Stack Overflow: Vulnerable: Safe RET, no microcode
May 28 07:51:21.198984 localhost kernel: x86/fpu: Supporting XSAVE feature 0x001: 'x87 floating point registers'
May 28 07:51:21.198994 localhost kernel: x86/fpu: Supporting XSAVE feature 0x002: 'SSE registers'
May 28 07:51:21.199006 localhost kernel: x86/fpu: Supporting XSAVE feature 0x004: 'AVX registers'
May 28 07:51:21.199016 localhost kernel: x86/fpu: Supporting XSAVE feature 0x200: 'Protection Keys User registers'
May 28 07:51:21.199025 localhost kernel: x86/fpu: xstate_offset[2]:  576, xstate_sizes[2]:  256
May 28 07:51:21.199035 localhost kernel: x86/fpu: xstate_offset[9]:  832, xstate_sizes[9]:    8
May 28 07:51:21.199044 localhost kernel: x86/fpu: Enabled xstate features 0x207, context size is 840 bytes, using 'compacted' format.
May 28 07:51:21.199054 localhost kernel: Freeing SMP alternatives memory: 40K
May 28 07:51:21.199063 localhost kernel: pid_max: default: 32768 minimum: 301
May 28 07:51:21.199072 localhost kernel: LSM: initializing lsm=lockdown,capability,landlock,yama,selinux,bpf,ima,evm
May 28 07:51:21.199082 localhost kernel: landlock: Up and running.
May 28 07:51:21.199091 localhost kernel: Yama: becoming mindful.
May 28 07:51:21.199100 localhost kernel: SELinux:  Initializing.
May 28 07:51:21.199109 localhost kernel: LSM support for eBPF active
May 28 07:51:21.199122 localhost kernel: Mount-cache hash table entries: 2048 (order: 2, 16384 bytes, linear)
May 28 07:51:21.199132 localhost kernel: Mountpoint-cache hash table entries: 2048 (order: 2, 16384 bytes, linear)
May 28 07:51:21.199141 localhost kernel: smpboot: CPU0: AMD EPYC 7773X 64-Core Processor (family: 0x19, model: 0x1, stepping: 0x2)
May 28 07:51:21.199151 localhost kernel: Performance Events: Fam17h+ core perfctr, AMD PMU driver.
May 28 07:51:21.199160 localhost kernel: ... version:                0
May 28 07:51:21.199169 localhost kernel: ... bit width:              48
May 28 07:51:21.199178 localhost kernel: ... generic registers:      6
May 28 07:51:21.199188 localhost kernel: ... value mask:             0000ffffffffffff
May 28 07:51:21.199197 localhost kernel: ... max period:             00007fffffffffff
May 28 07:51:21.199206 localhost kernel: ... fixed-purpose events:   0
May 28 07:51:21.199215 localhost kernel: ... event mask:             000000000000003f
May 28 07:51:21.199227 localhost kernel: signal: max sigframe size: 3376
May 28 07:51:21.199236 localhost kernel: rcu: Hierarchical SRCU implementation.
May 28 07:51:21.199245 localhost kernel: rcu:         Max phase no-delay instances is 1000.
May 28 07:51:21.199254 localhost kernel: smp: Bringing up secondary CPUs ...
May 28 07:51:21.199262 localhost kernel: smp: Brought up 1 node, 1 CPU
May 28 07:51:21.199271 localhost kernel: smpboot: Total of 1 processors activated (4401.32 BogoMIPS)
May 28 07:51:21.199281 localhost kernel: node 0 deferred pages initialised in 4ms
May 28 07:51:21.199290 localhost kernel: devtmpfs: initialized
May 28 07:51:21.199299 localhost kernel: x86/mm: Memory block size: 128MB
May 28 07:51:21.199309 localhost kernel: ACPI: PM: Registering ACPI NVS region [mem 0x00800000-0x00807fff] (32768 bytes)
May 28 07:51:21.199319 localhost kernel: ACPI: PM: Registering ACPI NVS region [mem 0x0080b000-0x0080bfff] (4096 bytes)
May 28 07:51:21.199328 localhost kernel: ACPI: PM: Registering ACPI NVS region [mem 0x00810000-0x008fffff] (983040 bytes)
May 28 07:51:21.199338 localhost kernel: ACPI: PM: Registering ACPI NVS region [mem 0x3fb7f000-0x3fbfefff] (524288 bytes)
May 28 07:51:21.199350 localhost kernel: ACPI: PM: Registering ACPI NVS region [mem 0x3ff78000-0x3fffffff] (557056 bytes)
May 28 07:51:21.199360 localhost kernel: clocksource: jiffies: mask: 0xffffffff max_cycles: 0xffffffff, max_idle_ns: 6370867519511994 ns
May 28 07:51:21.199369 localhost kernel: futex hash table entries: 256 (order: 2, 16384 bytes, linear)
May 28 07:51:21.199378 localhost kernel: pinctrl core: initialized pinctrl subsystem
May 28 07:51:21.199387 localhost kernel: PM: RTC time: 07:51:20, date: 2024-05-28
May 28 07:51:21.199396 localhost kernel: NET: Registered PF_NETLINK/PF_ROUTE protocol family
May 28 07:51:21.199406 localhost kernel: DMA: preallocated 128 KiB GFP_KERNEL pool for atomic allocations
May 28 07:51:21.199415 localhost kernel: DMA: preallocated 128 KiB GFP_KERNEL|GFP_DMA pool for atomic allocations
May 28 07:51:21.199424 localhost kernel: DMA: preallocated 128 KiB GFP_KERNEL|GFP_DMA32 pool for atomic allocations
May 28 07:51:21.199433 localhost kernel: audit: initializing netlink subsys (disabled)
May 28 07:51:21.199442 localhost kernel: audit: type=2000 audit(1716882679.427:1): state=initialized audit_enabled=0 res=1
May 28 07:51:21.199455 localhost kernel: thermal_sys: Registered thermal governor 'fair_share'
May 28 07:51:21.199465 localhost kernel: thermal_sys: Registered thermal governor 'bang_bang'
May 28 07:51:21.199474 localhost kernel: thermal_sys: Registered thermal governor 'step_wise'
May 28 07:51:21.199484 localhost kernel: thermal_sys: Registered thermal governor 'user_space'
May 28 07:51:21.199493 localhost kernel: cpuidle: using governor ladder
May 28 07:51:21.199503 localhost kernel: cpuidle: using governor menu
May 28 07:51:21.199512 localhost kernel: acpiphp: ACPI Hot Plug PCI Controller Driver version: 0.5
May 28 07:51:21.199521 localhost kernel: PCI: Using configuration type 1 for base access
May 28 07:51:21.199531 localhost kernel: PCI: Using configuration type 1 for extended access
May 28 07:51:21.199540 localhost kernel: kprobes: kprobe jump-optimization is enabled. All kprobes are optimized if possible.
May 28 07:51:21.199549 localhost kernel: HugeTLB: registered 1.00 GiB page size, pre-allocated 0 pages
May 28 07:51:21.199558 localhost kernel: HugeTLB: 16380 KiB vmemmap can be freed for a 1.00 GiB page
May 28 07:51:21.199570 localhost kernel: HugeTLB: registered 2.00 MiB page size, pre-allocated 0 pages
May 28 07:51:21.199579 localhost kernel: HugeTLB: 28 KiB vmemmap can be freed for a 2.00 MiB page
May 28 07:51:21.199588 localhost kernel: Demotion targets for Node 0: null
May 28 07:51:21.199597 localhost kernel: ACPI: Added _OSI(Module Device)
May 28 07:51:21.199606 localhost kernel: ACPI: Added _OSI(Processor Device)
May 28 07:51:21.199615 localhost kernel: ACPI: Added _OSI(3.0 _SCP Extensions)
May 28 07:51:21.199624 localhost kernel: ACPI: Added _OSI(Processor Aggregator Device)
May 28 07:51:21.199633 localhost kernel: ACPI: 1 ACPI AML tables successfully acquired and loaded
May 28 07:51:21.199642 localhost kernel: ACPI: _OSC evaluation for CPUs failed, trying _PDC
May 28 07:51:21.199651 localhost kernel: ACPI: Interpreter enabled
May 28 07:51:21.199661 localhost kernel: ACPI: PM: (supports S0 S3 S4 S5)
May 28 07:51:21.199670 localhost kernel: ACPI: Using IOAPIC for interrupt routing
May 28 07:51:21.199682 localhost kernel: PCI: Using host bridge windows from ACPI; if necessary, use "pci=nocrs" and report a bug
May 28 07:51:21.199691 localhost kernel: PCI: Using E820 reservations for host bridge windows
May 28 07:51:21.199700 localhost kernel: ACPI: Enabled 2 GPEs in block 00 to 0F
May 28 07:51:21.199709 localhost kernel: ACPI: PCI Root Bridge [PCI0] (domain 0000 [bus 00-ff])
May 28 07:51:21.199954 localhost kernel: acpi PNP0A03:00: _OSC: OS supports [ExtendedConfig ASPM ClockPM Segments MSI EDR HPX-Type3]
May 28 07:51:21.199972 localhost kernel: acpiphp: Slot [3] registered
May 28 07:51:21.199982 localhost kernel: acpiphp: Slot [4] registered
May 28 07:51:21.199991 localhost kernel: acpiphp: Slot [5] registered
May 28 07:51:21.200000 localhost kernel: acpiphp: Slot [6] registered
May 28 07:51:21.200009 localhost kernel: acpiphp: Slot [7] registered
May 28 07:51:21.200023 localhost kernel: acpiphp: Slot [8] registered
May 28 07:51:21.200033 localhost kernel: acpiphp: Slot [9] registered
May 28 07:51:21.200043 localhost kernel: acpiphp: Slot [10] registered
May 28 07:51:21.200053 localhost kernel: acpiphp: Slot [11] registered
May 28 07:51:21.200062 localhost kernel: acpiphp: Slot [12] registered
May 28 07:51:21.200071 localhost kernel: acpiphp: Slot [13] registered
May 28 07:51:21.200080 localhost kernel: acpiphp: Slot [14] registered
May 28 07:51:21.200089 localhost kernel: acpiphp: Slot [15] registered
May 28 07:51:21.200099 localhost kernel: acpiphp: Slot [16] registered
May 28 07:51:21.200108 localhost kernel: acpiphp: Slot [17] registered
May 28 07:51:21.200118 localhost kernel: acpiphp: Slot [18] registered
May 28 07:51:21.200127 localhost kernel: acpiphp: Slot [19] registered
May 28 07:51:21.200136 localhost kernel: acpiphp: Slot [20] registered
May 28 07:51:21.200149 localhost kernel: acpiphp: Slot [21] registered
May 28 07:51:21.200159 localhost kernel: acpiphp: Slot [22] registered
May 28 07:51:21.200168 localhost kernel: acpiphp: Slot [23] registered
May 28 07:51:21.200177 localhost kernel: acpiphp: Slot [24] registered
May 28 07:51:21.200186 localhost kernel: acpiphp: Slot [25] registered
May 28 07:51:21.200196 localhost kernel: acpiphp: Slot [26] registered
May 28 07:51:21.200205 localhost kernel: acpiphp: Slot [27] registered
May 28 07:51:21.200214 localhost kernel: acpiphp: Slot [28] registered
May 28 07:51:21.200223 localhost kernel: acpiphp: Slot [29] registered
May 28 07:51:21.200232 localhost kernel: acpiphp: Slot [30] registered
May 28 07:51:21.200241 localhost kernel: acpiphp: Slot [31] registered
May 28 07:51:21.200250 localhost kernel: PCI host bridge to bus 0000:00
May 28 07:51:21.200440 localhost kernel: pci_bus 0000:00: root bus resource [io  0x0000-0x0cf7 window]
May 28 07:51:21.200596 localhost kernel: pci_bus 0000:00: root bus resource [io  0x0d00-0xffff window]
May 28 07:51:21.212474 localhost kernel: pci_bus 0000:00: root bus resource [mem 0x000a0000-0x000bffff window]
May 28 07:51:21.212640 localhost kernel: pci_bus 0000:00: root bus resource [mem 0x40000000-0xfebfffff window]
May 28 07:51:21.212785 localhost kernel: pci_bus 0000:00: root bus resource [mem 0x800000000-0x87fffffff window]
May 28 07:51:21.212934 localhost kernel: pci_bus 0000:00: root bus resource [bus 00-ff]
May 28 07:51:21.213124 localhost kernel: pci 0000:00:00.0: [8086:1237] type 00 class 0x060000 conventional PCI endpoint
May 28 07:51:21.213311 localhost kernel: pci 0000:00:01.0: [8086:7000] type 00 class 0x060100 conventional PCI endpoint
May 28 07:51:21.213488 localhost kernel: pci 0000:00:01.1: [8086:7010] type 00 class 0x010180 conventional PCI endpoint
May 28 07:51:21.213661 localhost kernel: pci 0000:00:01.1: BAR 4 [io  0xc1c0-0xc1cf]
May 28 07:51:21.213811 localhost kernel: pci 0000:00:01.1: BAR 0 [io  0x01f0-0x01f7]: legacy IDE quirk
May 28 07:51:21.213963 localhost kernel: pci 0000:00:01.1: BAR 1 [io  0x03f6]: legacy IDE quirk
May 28 07:51:21.216247 localhost kernel: pci 0000:00:01.1: BAR 2 [io  0x0170-0x0177]: legacy IDE quirk
May 28 07:51:21.216398 localhost kernel: pci 0000:00:01.1: BAR 3 [io  0x0376]: legacy IDE quirk
May 28 07:51:21.216532 localhost kernel: pci 0000:00:01.3: [8086:7113] type 00 class 0x068000 conventional PCI endpoint
May 28 07:51:21.216647 localhost kernel: pci 0000:00:01.3: quirk: [io  0xb000-0xb03f] claimed by PIIX4 ACPI
May 28 07:51:21.216758 localhost kernel: pci 0000:00:01.3: quirk: [io  0xb100-0xb10f] claimed by PIIX4 SMB
May 28 07:51:21.216889 localhost kernel: pci 0000:00:02.0: [1234:1111] type 00 class 0x030000 conventional PCI endpoint
May 28 07:51:21.216999 localhost kernel: pci 0000:00:02.0: BAR 0 [mem 0x80000000-0x80ffffff pref]
May 28 07:51:21.217133 localhost kernel: pci 0000:00:02.0: BAR 2 [mem 0x81049000-0x81049fff]
May 28 07:51:21.217249 localhost kernel: pci 0000:00:02.0: ROM [mem 0xffff0000-0xffffffff pref]
May 28 07:51:21.224141 localhost kernel: pci 0000:00:02.0: Video device with shadowed ROM at [mem 0x000c0000-0x000dffff]
May 28 07:51:21.224300 localhost kernel: pci 0000:00:03.0: [8086:2668] type 00 class 0x040300 conventional PCI endpoint
May 28 07:51:21.224417 localhost kernel: pci 0000:00:03.0: BAR 0 [mem 0x81040000-0x81043fff]
May 28 07:51:21.224542 localhost kernel: pci 0000:00:04.0: [1af4:1000] type 00 class 0x020000 conventional PCI endpoint
May 28 07:51:21.224660 localhost kernel: pci 0000:00:04.0: BAR 0 [io  0xc1a0-0xc1bf]
May 28 07:51:21.224772 localhost kernel: pci 0000:00:04.0: BAR 1 [mem 0x81048000-0x81048fff]
May 28 07:51:21.224882 localhost kernel: pci 0000:00:04.0: BAR 4 [mem 0x800000000-0x800003fff 64bit pref]
May 28 07:51:21.224991 localhost kernel: pci 0000:00:04.0: ROM [mem 0xfffc0000-0xffffffff pref]
May 28 07:51:21.225123 localhost kernel: pci 0000:00:05.0: [1af4:1005] type 00 class 0x00ff00 conventional PCI endpoint
May 28 07:51:21.225238 localhost kernel: pci 0000:00:05.0: BAR 0 [io  0xc180-0xc19f]
May 28 07:51:21.225347 localhost kernel: pci 0000:00:05.0: BAR 4 [mem 0x800004000-0x800007fff 64bit pref]
May 28 07:51:21.225468 localhost kernel: pci 0000:00:06.0: [1b36:000d] type 00 class 0x0c0330 conventional PCI endpoint
May 28 07:51:21.225578 localhost kernel: pci 0000:00:06.0: BAR 0 [mem 0x800018000-0x80001bfff 64bit]
May 28 07:51:21.225706 localhost kernel: pci 0000:00:07.0: [1af4:1003] type 00 class 0x078000 conventional PCI endpoint
May 28 07:51:21.225817 localhost kernel: pci 0000:00:07.0: BAR 0 [io  0xc140-0xc17f]
May 28 07:51:21.225926 localhost kernel: pci 0000:00:07.0: BAR 1 [mem 0x81047000-0x81047fff]
May 28 07:51:21.226034 localhost kernel: pci 0000:00:07.0: BAR 4 [mem 0x800008000-0x80000bfff 64bit pref]
May 28 07:51:21.226155 localhost kernel: pci 0000:00:08.0: [1af4:1004] type 00 class 0x010000 conventional PCI endpoint
May 28 07:51:21.226264 localhost kernel: pci 0000:00:08.0: BAR 0 [io  0xc100-0xc13f]
May 28 07:51:21.226373 localhost kernel: pci 0000:00:08.0: BAR 1 [mem 0x81046000-0x81046fff]
May 28 07:51:21.226481 localhost kernel: pci 0000:00:08.0: BAR 4 [mem 0x80000c000-0x80000ffff 64bit pref]
May 28 07:51:21.226607 localhost kernel: pci 0000:00:09.0: [1af4:1001] type 00 class 0x010000 conventional PCI endpoint
May 28 07:51:21.226729 localhost kernel: pci 0000:00:09.0: BAR 0 [io  0xc080-0xc0ff]
May 28 07:51:21.226838 localhost kernel: pci 0000:00:09.0: BAR 1 [mem 0x81045000-0x81045fff]
May 28 07:51:21.226946 localhost kernel: pci 0000:00:09.0: BAR 4 [mem 0x800010000-0x800013fff 64bit pref]
May 28 07:51:21.227070 localhost kernel: pci 0000:00:0a.0: [1af4:1001] type 00 class 0x010000 conventional PCI endpoint
May 28 07:51:21.227193 localhost kernel: pci 0000:00:0a.0: BAR 0 [io  0xc000-0xc07f]
May 28 07:51:21.227307 localhost kernel: pci 0000:00:0a.0: BAR 1 [mem 0x81044000-0x81044fff]
May 28 07:51:21.230806 localhost kernel: pci 0000:00:0a.0: BAR 4 [mem 0x800014000-0x800017fff 64bit pref]
May 28 07:51:21.230820 localhost kernel: ACPI: PCI: Interrupt link LNKA configured for IRQ 10
May 28 07:51:21.230826 localhost kernel: ACPI: PCI: Interrupt link LNKB configured for IRQ 10
May 28 07:51:21.230832 localhost kernel: ACPI: PCI: Interrupt link LNKC configured for IRQ 11
May 28 07:51:21.230837 localhost kernel: ACPI: PCI: Interrupt link LNKD configured for IRQ 11
May 28 07:51:21.230842 localhost kernel: ACPI: PCI: Interrupt link LNKS configured for IRQ 9
May 28 07:51:21.230847 localhost kernel: iommu: Default domain type: Passthrough
May 28 07:51:21.230852 localhost kernel: pps_core: LinuxPPS API ver. 1 registered
May 28 07:51:21.230858 localhost kernel: pps_core: Software ver. 5.3.6 - Copyright 2005-2007 Rodolfo Giometti <giometti@linux.it>
May 28 07:51:21.230867 localhost kernel: PTP clock support registered
May 28 07:51:21.230872 localhost kernel: EDAC MC: Ver: 3.0.0
May 28 07:51:21.230878 localhost kernel: efivars: Registered efivars operations
May 28 07:51:21.230883 localhost kernel: NetLabel: Initializing
May 28 07:51:21.230888 localhost kernel: NetLabel:  domain hash size = 128
May 28 07:51:21.230894 localhost kernel: NetLabel:  protocols = UNLABELED CIPSOv4 CALIPSO
May 28 07:51:21.230901 localhost kernel: NetLabel:  unlabeled traffic allowed by default
May 28 07:51:21.230906 localhost kernel: mctp: management component transport protocol core
May 28 07:51:21.230911 localhost kernel: NET: Registered PF_MCTP protocol family
May 28 07:51:21.230916 localhost kernel: PCI: Using ACPI for IRQ routing
May 28 07:51:21.230922 localhost kernel: PCI: pci_cache_line_size set to 64 bytes
May 28 07:51:21.230927 localhost kernel: e820: reserve RAM buffer [mem 0x0080b000-0x008fffff]
May 28 07:51:21.230932 localhost kernel: e820: reserve RAM buffer [mem 0x00810000-0x008fffff]
May 28 07:51:21.230937 localhost kernel: e820: reserve RAM buffer [mem 0x3e1e3018-0x3fffffff]
May 28 07:51:21.230942 localhost kernel: e820: reserve RAM buffer [mem 0x3e20c018-0x3fffffff]
May 28 07:51:21.230947 localhost kernel: e820: reserve RAM buffer [mem 0x3e28f000-0x3fffffff]
May 28 07:51:21.230954 localhost kernel: e820: reserve RAM buffer [mem 0x3e76c000-0x3fffffff]
May 28 07:51:21.230960 localhost kernel: e820: reserve RAM buffer [mem 0x3f8ef000-0x3fffffff]
May 28 07:51:21.230965 localhost kernel: e820: reserve RAM buffer [mem 0x3ff58000-0x3fffffff]
May 28 07:51:21.231082 localhost kernel: pci 0000:00:02.0: vgaarb: setting as boot VGA device
May 28 07:51:21.231194 localhost kernel: pci 0000:00:02.0: vgaarb: bridge control possible
May 28 07:51:21.231304 localhost kernel: pci 0000:00:02.0: vgaarb: VGA device added: decodes=io+mem,owns=io+mem,locks=none
May 28 07:51:21.231312 localhost kernel: vgaarb: loaded
May 28 07:51:21.231318 localhost kernel: hpet0: at MMIO 0xfed00000, IRQs 2, 8, 0
May 28 07:51:21.231323 localhost kernel: hpet0: 3 comparators, 64-bit 100.000000 MHz counter
May 28 07:51:21.231328 localhost kernel: clocksource: Switched to clocksource kvm-clock
May 28 07:51:21.231333 localhost kernel: VFS: Disk quotas dquot_6.6.0
May 28 07:51:21.231342 localhost kernel: VFS: Dquot-cache hash table entries: 512 (order 0, 4096 bytes)
May 28 07:51:21.231347 localhost kernel: pnp: PnP ACPI init
May 28 07:51:21.231478 localhost kernel: pnp 00:02: [dma 2]
May 28 07:51:21.231488 localhost kernel: pnp: PnP ACPI: found 6 devices
May 28 07:51:21.231493 localhost kernel: clocksource: acpi_pm: mask: 0xffffff max_cycles: 0xffffff, max_idle_ns: 2085701024 ns
May 28 07:51:21.231499 localhost kernel: NET: Registered PF_INET protocol family
May 28 07:51:21.231504 localhost kernel: IP idents hash table entries: 16384 (order: 5, 131072 bytes, linear)
May 28 07:51:21.231510 localhost kernel: tcp_listen_portaddr_hash hash table entries: 512 (order: 1, 8192 bytes, linear)
May 28 07:51:21.231515 localhost kernel: Table-perturb hash table entries: 65536 (order: 6, 262144 bytes, linear)
May 28 07:51:21.231521 localhost kernel: TCP established hash table entries: 8192 (order: 4, 65536 bytes, linear)
May 28 07:51:21.231526 localhost kernel: TCP bind hash table entries: 8192 (order: 6, 262144 bytes, linear)
May 28 07:51:21.231534 localhost kernel: TCP: Hash tables configured (established 8192 bind 8192)
May 28 07:51:21.231539 localhost kernel: MPTCP token hash table entries: 1024 (order: 2, 24576 bytes, linear)
May 28 07:51:21.231545 localhost kernel: UDP hash table entries: 512 (order: 2, 16384 bytes, linear)
May 28 07:51:21.231550 localhost kernel: UDP-Lite hash table entries: 512 (order: 2, 16384 bytes, linear)
May 28 07:51:21.231555 localhost kernel: NET: Registered PF_UNIX/PF_LOCAL protocol family
May 28 07:51:21.231560 localhost kernel: NET: Registered PF_XDP protocol family
May 28 07:51:21.231671 localhost kernel: pci 0000:00:04.0: ROM [mem 0xfffc0000-0xffffffff pref]: can't claim; no compatible bridge window
May 28 07:51:21.231782 localhost kernel: pci 0000:00:04.0: ROM [mem 0x40000000-0x4003ffff pref]: assigned
May 28 07:51:21.231884 localhost kernel: pci_bus 0000:00: resource 4 [io  0x0000-0x0cf7 window]
May 28 07:51:21.231984 localhost kernel: pci_bus 0000:00: resource 5 [io  0x0d00-0xffff window]
May 28 07:51:21.232083 localhost kernel: pci_bus 0000:00: resource 6 [mem 0x000a0000-0x000bffff window]
May 28 07:51:21.232187 localhost kernel: pci_bus 0000:00: resource 7 [mem 0x40000000-0xfebfffff window]
May 28 07:51:21.232286 localhost kernel: pci_bus 0000:00: resource 8 [mem 0x800000000-0x87fffffff window]
May 28 07:51:21.232395 localhost kernel: pci 0000:00:01.0: PIIX3: Enabling Passive Release
May 28 07:51:21.232504 localhost kernel: pci 0000:00:00.0: Limiting direct PCI/PCI transfers
May 28 07:51:21.232513 localhost kernel: ACPI: \_SB_.LNKB: Enabled at IRQ 10
May 28 07:51:21.232619 localhost kernel: pci 0000:00:06.0: quirk_usb_early_handoff+0x0/0x710 took 77173 usecs
May 28 07:51:21.232627 localhost kernel: PCI: CLS 0 bytes, default 64
May 28 07:51:21.232633 localhost kernel: Trying to unpack rootfs image as initramfs...
May 28 07:51:21.232638 localhost kernel: clocksource: tsc: mask: 0xffffffffffffffff max_cycles: 0x1fb63109b96, max_idle_ns: 440795265316 ns
May 28 07:51:21.232643 localhost kernel: Initialise system trusted keyrings
May 28 07:51:21.232649 localhost kernel: Key type blacklist registered
May 28 07:51:21.232657 localhost kernel: workingset: timestamp_bits=36 max_order=18 bucket_order=0
May 28 07:51:21.232662 localhost kernel: zbud: loaded
May 28 07:51:21.232668 localhost kernel: integrity: Platform Keyring initialized
May 28 07:51:21.232673 localhost kernel: integrity: Machine keyring initialized
May 28 07:51:21.232678 localhost kernel: Key type asymmetric registered
May 28 07:51:21.232683 localhost kernel: Asymmetric key parser 'x509' registered
May 28 07:51:21.232688 localhost kernel: Freeing initrd memory: 76848K
May 28 07:51:21.232694 localhost kernel: Block layer SCSI generic (bsg) driver version 0.4 loaded (major 247)
May 28 07:51:21.232699 localhost kernel: io scheduler mq-deadline registered
May 28 07:51:21.232704 localhost kernel: io scheduler kyber registered
May 28 07:51:21.232710 localhost kernel: io scheduler bfq registered
May 28 07:51:21.232715 localhost kernel: shpchp: Standard Hot Plug PCI Controller Driver version: 0.4
May 28 07:51:21.232722 localhost kernel: ACPI: \_SB_.LNKD: Enabled at IRQ 11
May 28 07:51:21.232727 localhost kernel: ACPI: \_SB_.LNKA: Enabled at IRQ 10
May 28 07:51:21.232732 localhost kernel: ACPI: \_SB_.LNKC: Enabled at IRQ 11
May 28 07:51:21.232738 localhost kernel: Serial: 8250/16550 driver, 32 ports, IRQ sharing enabled
May 28 07:51:21.232743 localhost kernel: 00:04: ttyS0 at I/O 0x3f8 (irq = 4, base_baud = 115200) is a 16550A
May 28 07:51:21.232748 localhost kernel: Non-volatile memory driver v1.3
May 28 07:51:21.232754 localhost kernel: Linux agpgart interface v0.103
May 28 07:51:21.232759 localhost kernel: ACPI: bus type drm_connector registered
May 28 07:51:21.232764 localhost kernel: i8042: PNP: PS/2 Controller [PNP0303:KBD,PNP0f13:MOU] at 0x60,0x64 irq 1,12
May 28 07:51:21.232770 localhost kernel: serio: i8042 KBD port at 0x60,0x64 irq 1
May 28 07:51:21.232775 localhost kernel: serio: i8042 AUX port at 0x60,0x64 irq 12
May 28 07:51:21.232780 localhost kernel: mousedev: PS/2 mouse device common for all mice
May 28 07:51:21.232787 localhost kernel: input: AT Translated Set 2 keyboard as /devices/platform/i8042/serio0/input/input0
May 28 07:51:21.232793 localhost kernel: input: VirtualPS/2 VMware VMMouse as /devices/platform/i8042/serio1/input/input3
May 28 07:51:21.232798 localhost kernel: input: VirtualPS/2 VMware VMMouse as /devices/platform/i8042/serio1/input/input2
May 28 07:51:21.232914 localhost kernel: rtc_cmos 00:05: RTC can wake from S4
May 28 07:51:21.233018 localhost kernel: rtc_cmos 00:05: registered as rtc0
May 28 07:51:21.233133 localhost kernel: rtc_cmos 00:05: setting system clock to 2024-05-28T07:51:20 UTC (1716882680)
May 28 07:51:21.233238 localhost kernel: rtc_cmos 00:05: alarms up to one day, y3k, 242 bytes nvram, hpet irqs
May 28 07:51:21.233246 localhost kernel: amd_pstate: the _CPC object is not present in SBIOS or ACPI disabled
May 28 07:51:21.233251 localhost kernel: ledtrig-cpu: registered to indicate activity on CPUs
May 28 07:51:21.233257 localhost kernel: [drm] Initialized simpledrm 1.0.0 20200625 for simple-framebuffer.0 on minor 0
May 28 07:51:21.233265 localhost kernel: Console: switching to colour frame buffer device 128x48
May 28 07:51:21.233397 localhost kernel: simple-framebuffer simple-framebuffer.0: [drm] fb0: simpledrmdrmfb frame buffer device
May 28 07:51:21.233406 localhost kernel: hid: raw HID events driver (C) Jiri Kosina
May 28 07:51:21.233411 localhost kernel: drop_monitor: Initializing network drop monitor service
May 28 07:51:21.233417 localhost kernel: NET: Registered PF_INET6 protocol family
May 28 07:51:21.233422 localhost kernel: Segment Routing with IPv6
May 28 07:51:21.233427 localhost kernel: RPL Segment Routing with IPv6
May 28 07:51:21.233432 localhost kernel: In-situ OAM (IOAM) with IPv6
May 28 07:51:21.233437 localhost kernel: IPI shorthand broadcast: enabled
May 28 07:51:21.233443 localhost kernel: sched_clock: Marking stable (780003844, -1007662)->(809998029, -31001847)
May 28 07:51:21.233448 localhost kernel: registered taskstats version 1
May 28 07:51:21.233455 localhost kernel: Loading compiled-in X.509 certificates
May 28 07:51:21.233461 localhost kernel: Loaded X.509 cert 'openSUSE Secure Boot Signkey: fd9f2c12e599d67cc7f9067541adf426b712469e'
May 28 07:51:21.233466 localhost kernel: page_owner is disabled
May 28 07:51:21.233471 localhost kernel: Key type .fscrypt registered
May 28 07:51:21.233476 localhost kernel: Key type fscrypt-provisioning registered
May 28 07:51:21.233481 localhost kernel: Key type encrypted registered
May 28 07:51:21.233487 localhost kernel: integrity: Loading X.509 certificate: UEFI:db
May 28 07:51:21.233492 localhost kernel: integrity: Loaded X.509 cert 'Microsoft Windows Production PCA 2011: a92902398e16c49778cd90f99e4f9ae17c55af53'
May 28 07:51:21.233497 localhost kernel: integrity: Loading X.509 certificate: UEFI:db
May 28 07:51:21.233503 localhost kernel: integrity: Loaded X.509 cert 'Microsoft Corporation UEFI CA 2011: 13adbf4309bd82709c8cd54f316ed522988a1bd4'
May 28 07:51:21.233508 localhost kernel: integrity: Loading X.509 certificate: UEFI:MokListRT (MOKvar table)
May 28 07:51:21.233514 localhost kernel: integrity: Loaded X.509 cert 'openSUSE Secure Boot CA: 6842600de22c4c477e95be23dfea9513e5971762'
May 28 07:51:21.233521 localhost kernel: ima: No TPM chip found, activating TPM-bypass!
May 28 07:51:21.233526 localhost kernel: Loading compiled-in module X.509 certificates
May 28 07:51:21.233531 localhost kernel: Loaded X.509 cert 'openSUSE Secure Boot Signkey: fd9f2c12e599d67cc7f9067541adf426b712469e'
May 28 07:51:21.233537 localhost kernel: ima: Allocated hash algorithm: sha256
May 28 07:51:21.233542 localhost kernel: evm: Initialising EVM extended attributes:
May 28 07:51:21.233547 localhost kernel: evm: security.selinux
May 28 07:51:21.233552 localhost kernel: evm: security.SMACK64 (disabled)
May 28 07:51:21.233557 localhost kernel: evm: security.SMACK64EXEC (disabled)
May 28 07:51:21.233562 localhost kernel: evm: security.SMACK64TRANSMUTE (disabled)
May 28 07:51:21.233567 localhost kernel: evm: security.SMACK64MMAP (disabled)
May 28 07:51:21.233572 localhost kernel: evm: security.apparmor
May 28 07:51:21.233577 localhost kernel: evm: security.ima
May 28 07:51:21.233584 localhost kernel: evm: security.capability
May 28 07:51:21.233590 localhost kernel: evm: HMAC attrs: 0x1
May 28 07:51:21.233595 localhost kernel: audit: type=1807 audit(1716882680.546:2): action=measure func=KEXEC_KERNEL_CHECK res=1
May 28 07:51:21.233600 localhost kernel: audit: type=1807 audit(1716882680.546:3): action=measure func=MODULE_CHECK res=1
May 28 07:51:21.233606 localhost kernel: PM:   Magic number: 8:179:876
May 28 07:51:21.233611 localhost kernel: RAS: Correctable Errors collector initialized.
May 28 07:51:21.233616 localhost kernel: Lockdown: swapper/0: hibernation is restricted; see man kernel_lockdown.7
May 28 07:51:21.233621 localhost kernel: clk: Disabling unused clocks
May 28 07:51:21.233626 localhost kernel: PM: genpd: Disabling unused power domains
May 28 07:51:21.233632 localhost kernel: Freeing unused decrypted memory: 2028K
May 28 07:51:21.233637 localhost kernel: Freeing unused kernel image (initmem) memory: 4224K
May 28 07:51:21.233642 localhost kernel: Write protecting the kernel read-only data: 30720k
May 28 07:51:21.233649 localhost kernel: Freeing unused kernel image (rodata/data gap) memory: 1316K
May 28 07:51:21.233655 localhost kernel: Run /init as init process
May 28 07:51:21.233660 localhost kernel:   with arguments:
May 28 07:51:21.233665 localhost kernel:     /init
May 28 07:51:21.233670 localhost kernel:   with environment:
May 28 07:51:21.233675 localhost kernel:     HOME=/
May 28 07:51:21.233680 localhost kernel:     TERM=linux
May 28 07:51:21.233688 localhost systemd[1]: systemd 255.6+suse.30.g3ea0e1dff3 running in system mode (+PAM +AUDIT +SELINUX +APPARMOR +IMA -SMACK +SECCOMP +GCRYPT +GNUTLS +OPENSSL +ACL +BLKID +CURL +ELFUTILS +FIDO2 +IDN2 -IDN +IPTC +KMOD +LIBCRYPTSETUP +LIBFDISK +PCRE2 +PWQUALITY +P11KIT +QRENCODE +TPM2 +BZIP2 +LZ4 +XZ +ZLIB +ZSTD +BPF_FRAMEWORK -XKBCOMMON -UTMP +SYSVINIT default-hierarchy=unified)
May 28 07:51:21.233695 localhost systemd[1]: Detected virtualization kvm.
May 28 07:51:21.233701 localhost systemd[1]: Detected architecture x86-64.
May 28 07:51:21.233709 localhost systemd[1]: Running in initrd.
May 28 07:51:21.233714 localhost systemd[1]: No hostname configured, using default hostname.
May 28 07:51:21.233720 localhost systemd[1]: Hostname set to <localhost>.
May 28 07:51:21.233726 localhost systemd[1]: bpf-lsm: LSM BPF program attached
May 28 07:51:21.233732 localhost systemd[1]: Queued start job for default target Initrd Default Target.
May 28 07:51:21.233738 localhost systemd[1]: Started Dispatch Password Requests to Console Directory Watch.
May 28 07:51:21.233743 localhost systemd[1]: Expecting device /dev/disk/by-uuid/8e1db0e5-66e2-4309-9280-394cf494d447...
May 28 07:51:21.233749 localhost systemd[1]: Reached target Local Encrypted Volumes.
May 28 07:51:21.233754 localhost systemd[1]: Reached target Initrd /usr File System.
May 28 07:51:21.233760 localhost systemd[1]: Reached target Path Units.
May 28 07:51:21.233766 localhost systemd[1]: Reached target Slice Units.
May 28 07:51:21.233774 localhost systemd[1]: Reached target Swaps.
May 28 07:51:21.233779 localhost systemd[1]: Reached target Timer Units.
May 28 07:51:21.233785 localhost systemd[1]: Listening on D-Bus System Message Bus Socket.
May 28 07:51:21.233791 localhost systemd[1]: Listening on Journal Socket (/dev/log).
May 28 07:51:21.233796 localhost systemd[1]: Listening on Journal Socket.
May 28 07:51:21.233802 localhost systemd[1]: Listening on udev Control Socket.
May 28 07:51:21.233807 localhost systemd[1]: Listening on udev Kernel Socket.
May 28 07:51:21.233813 localhost systemd[1]: Reached target Socket Units.
May 28 07:51:21.233819 localhost systemd[1]: Starting Create List of Static Device Nodes...
May 28 07:51:21.233824 localhost systemd[1]: Starting Journal Service...
May 28 07:51:21.233830 localhost systemd[1]: Load Kernel Modules was skipped because no trigger condition checks were met.
May 28 07:51:21.233837 localhost systemd[1]: Starting Apply Kernel Variables...
May 28 07:51:21.233843 localhost systemd[1]: Starting Virtual Console Setup...
May 28 07:51:21.233848 localhost systemd[1]: Finished Create List of Static Device Nodes.
May 28 07:51:21.233854 localhost systemd[1]: Starting Create Static Device Nodes in /dev gracefully...
May 28 07:51:21.233860 localhost systemd[1]: Finished Apply Kernel Variables.
May 28 07:51:21.233886 localhost systemd-journald[174]: Collecting audit messages is disabled.
May 28 07:51:21.233904 localhost systemd[1]: Finished Create Static Device Nodes in /dev gracefully.
May 28 07:51:21.233910 localhost systemd[1]: Starting Create Static Device Nodes in /dev...
May 28 07:51:21.233916 localhost systemd[1]: Finished Create Static Device Nodes in /dev.
May 28 07:51:21.233921 localhost systemd[1]: Reached target Preparation for Local File Systems.
May 28 07:51:21.233927 localhost systemd[1]: Reached target Local File Systems.
May 28 07:51:21.233933 localhost systemd-journald[174]: Journal started
May 28 07:51:21.233947 localhost systemd-journald[174]: Runtime Journal (/run/log/journal/ac32e82db52b4c29a228c466588b5044) is 2.4M, max 19.2M, 16.8M free.
May 28 07:51:21.240746 localhost systemd[1]: Started Journal Service.
May 28 07:51:21.250796 localhost systemd[1]: Starting Create Volatile Files and Directories...
May 28 07:51:21.267775 localhost systemd[1]: Finished Create Volatile Files and Directories.
May 28 07:51:21.273219 localhost systemd[1]: Finished Virtual Console Setup.
May 28 07:51:21.287464 localhost systemd[1]: Starting dracut ask for additional cmdline parameters...
May 28 07:51:21.307630 localhost systemd[1]: Finished dracut ask for additional cmdline parameters.
May 28 07:51:21.317655 localhost systemd[1]: Starting dracut cmdline hook...
May 28 07:51:21.327892 localhost dracut-cmdline[210]: dracut-059+suse.588.g528264be-1.1
May 28 07:51:21.330897 localhost dracut-cmdline[210]: Using kernel command line parameters:  rd.driver.pre=btrfs rd.driver.pre=overlay   initrd=\opensuse-microos\6.9.1-1-default\initrd-684b272fb55f1cef9c0172c83fed01af3ec0d511 quiet systemd.show_status=yes console=ttyS0,115200 console=tty0 ignition.platform.id=qemu security=selinux selinux=1 root=UUID=8e1db0e5-66e2-4309-9280-394cf494d447 rootflags=subvol=@/.snapshots/14/snapshot systemd.machine_id=ac32e82db52b4c29a228c466588b5044
May 28 07:51:21.419012 localhost systemd[1]: Finished dracut cmdline hook.
May 28 07:51:21.424218 localhost systemd[1]: Starting dracut pre-udev hook...
May 28 07:51:21.444042 localhost kernel: device-mapper: uevent: version 1.0.3
May 28 07:51:21.444068 localhost kernel: device-mapper: ioctl: 4.48.0-ioctl (2023-03-01) initialised: dm-devel@lists.linux.dev
May 28 07:51:21.684064 localhost kernel: raid6: avx2x4   gen() 36212 MB/s
May 28 07:51:21.684130 localhost kernel: raid6: avx2x2   gen() 35310 MB/s
May 28 07:51:21.684140 localhost kernel: raid6: avx2x1   gen() 27369 MB/s
May 28 07:51:21.684147 localhost kernel: raid6: using algorithm avx2x4 gen() 36212 MB/s
May 28 07:51:21.684167 localhost kernel: raid6: .... xor() 5180 MB/s, rmw enabled
May 28 07:51:21.684175 localhost kernel: raid6: using avx2x2 recovery algorithm
May 28 07:51:21.687435 localhost kernel: xor: automatically using best checksumming function   avx       
May 28 07:51:21.804053 localhost kernel: Btrfs loaded, assert=on, zoned=yes, fsverity=yes
May 28 07:51:21.824210 localhost systemd[1]: Finished dracut pre-udev hook.
May 28 07:51:21.837497 localhost systemd[1]: Starting Rule-based Manager for Device Events and Files...
May 28 07:51:21.849738 localhost systemd-udevd[373]: Using default interface naming scheme 'v255'.
May 28 07:51:21.853183 localhost systemd[1]: Started Rule-based Manager for Device Events and Files.
May 28 07:51:21.864169 localhost systemd[1]: Starting dracut pre-trigger hook...
May 28 07:51:21.874776 localhost dracut-pre-trigger[374]: rd.md=0: removing MD RAID activation
May 28 07:51:21.901524 localhost systemd[1]: Finished dracut pre-trigger hook.
May 28 07:51:21.914169 localhost systemd[1]: Starting Coldplug All udev Devices...
May 28 07:51:22.002803 localhost systemd[1]: Finished Coldplug All udev Devices.
May 28 07:51:22.003061 localhost systemd[1]: Reached target System Initialization.
May 28 07:51:22.003244 localhost systemd[1]: Reached target Basic System.
May 28 07:51:22.117384 localhost kernel: virtio_blk virtio4: 1/0/0 default/read/poll queues
May 28 07:51:22.145129 localhost kernel: virtio_blk virtio4: [vda] 62914560 512-byte logical blocks (32.2 GB/30.0 GiB)
May 28 07:51:22.168972 localhost kernel: FDC 0 is a S82078B
May 28 07:51:22.177736 localhost kernel: cryptd: max_cpu_qlen set to 1000
May 28 07:51:22.184064 localhost kernel: SCSI subsystem initialized
May 28 07:51:22.200733 localhost kernel: AVX2 version of gcm_enc/dec engaged.
May 28 07:51:22.200753 localhost kernel: AES CTR mode by8 optimization enabled
May 28 07:51:22.207426 localhost kernel: virtio_net virtio0 ens4: renamed from eth0
May 28 07:51:22.235823 localhost kernel: virtio_scsi virtio3: 1/0/0 default/read/poll queues
May 28 07:51:22.236075 localhost kernel: scsi host0: Virtio SCSI HBA
May 28 07:51:22.244161 localhost kernel: ACPI: bus type USB registered
May 28 07:51:22.244184 localhost kernel: usbcore: registered new interface driver usbfs
May 28 07:51:22.244196 localhost kernel: usbcore: registered new interface driver hub
May 28 07:51:22.244205 localhost kernel: usbcore: registered new device driver usb
May 28 07:51:22.257377 localhost kernel: GPT:Primary header thinks Alt. header is not at the end of the disk.
May 28 07:51:22.257402 localhost kernel: GPT:41943039 != 62914559
May 28 07:51:22.257411 localhost kernel: GPT:Alternate GPT header not at the end of the disk.
May 28 07:51:22.257419 localhost kernel: GPT:41943039 != 62914559
May 28 07:51:22.257426 localhost kernel: GPT: Use GNU Parted to correct GPT errors.
May 28 07:51:22.257438 localhost kernel:  vda: vda1 vda2 vda3
May 28 07:51:22.276246 localhost kernel: virtio_blk virtio5: 1/0/0 default/read/poll queues
May 28 07:51:22.276463 localhost kernel: virtio_blk virtio5: [vdb] 20480 512-byte logical blocks (10.5 MB/10.0 MiB)
May 28 07:51:22.284171 localhost systemd[1]: systemd-vconsole-setup.service: Deactivated successfully.
May 28 07:51:22.284342 localhost systemd[1]: Stopped Virtual Console Setup.
May 28 07:51:22.284766 localhost systemd[1]: Stopping Virtual Console Setup...
May 28 07:51:22.297568 localhost systemd[1]: Starting Virtual Console Setup...
May 28 07:51:22.302444 localhost kernel: libata version 3.00 loaded.
May 28 07:51:22.316465 localhost systemd[1]: systemd-vconsole-setup.service: Deactivated successfully.
May 28 07:51:22.316663 localhost systemd[1]: Stopped Virtual Console Setup.
May 28 07:51:22.324059 localhost kernel: ata_piix 0000:00:01.1: version 2.13
May 28 07:51:22.330822 localhost systemd[1]: Starting Virtual Console Setup...
May 28 07:51:22.334114 localhost kernel: scsi host1: ata_piix
May 28 07:51:22.334284 localhost kernel: scsi host2: ata_piix
May 28 07:51:22.337412 localhost kernel: ata1: PATA max MWDMA2 cmd 0x1f0 ctl 0x3f6 bmdma 0xc1c0 irq 14 lpm-pol 0
May 28 07:51:22.337432 localhost kernel: ata2: PATA max MWDMA2 cmd 0x170 ctl 0x376 bmdma 0xc1c8 irq 15 lpm-pol 0
May 28 07:51:22.430708 localhost kernel: xhci_hcd 0000:00:06.0: xHCI Host Controller
May 28 07:51:22.430877 localhost kernel: xhci_hcd 0000:00:06.0: new USB bus registered, assigned bus number 1
May 28 07:51:22.431012 localhost kernel: xhci_hcd 0000:00:06.0: hcc params 0x00087001 hci version 0x100 quirks 0x0000000000000010
May 28 07:51:22.431140 localhost kernel: xhci_hcd 0000:00:06.0: xHCI Host Controller
May 28 07:51:22.431264 localhost kernel: xhci_hcd 0000:00:06.0: new USB bus registered, assigned bus number 2
May 28 07:51:22.431387 localhost kernel: xhci_hcd 0000:00:06.0: Host supports USB 3.0 SuperSpeed
May 28 07:51:22.437378 localhost kernel: usb usb1: New USB device found, idVendor=1d6b, idProduct=0002, bcdDevice= 6.09
May 28 07:51:22.437634 localhost kernel: usb usb1: New USB device strings: Mfr=3, Product=2, SerialNumber=1
May 28 07:51:22.437755 localhost kernel: usb usb1: Product: xHCI Host Controller
May 28 07:51:22.437871 localhost kernel: usb usb1: Manufacturer: Linux 6.9.1-1-default xhci-hcd
May 28 07:51:22.437988 localhost kernel: usb usb1: SerialNumber: 0000:00:06.0
May 28 07:51:22.438101 localhost kernel: hub 1-0:1.0: USB hub found
May 28 07:51:22.438251 localhost kernel: hub 1-0:1.0: 4 ports detected
May 28 07:51:22.438380 localhost kernel: usb usb2: We don't know the algorithms for LPM for this host, disabling LPM.
May 28 07:51:22.438518 localhost kernel: usb usb2: New USB device found, idVendor=1d6b, idProduct=0003, bcdDevice= 6.09
May 28 07:51:22.438636 localhost kernel: usb usb2: New USB device strings: Mfr=3, Product=2, SerialNumber=1
May 28 07:51:22.438748 localhost kernel: usb usb2: Product: xHCI Host Controller
May 28 07:51:22.438858 localhost kernel: usb usb2: Manufacturer: Linux 6.9.1-1-default xhci-hcd
May 28 07:51:22.438972 localhost kernel: usb usb2: SerialNumber: 0000:00:06.0
May 28 07:51:22.439084 localhost kernel: hub 2-0:1.0: USB hub found
May 28 07:51:22.439225 localhost kernel: hub 2-0:1.0: 4 ports detected
May 28 07:51:22.444018 localhost systemd[1]: Finished Virtual Console Setup.
May 28 07:51:22.494084 localhost kernel: ata2: found unknown device (class 0)
May 28 07:51:22.494109 localhost kernel: ata2.00: ATAPI: QEMU DVD-ROM, 2.5+, max UDMA/100
May 28 07:51:22.494120 localhost kernel: scsi 2:0:0:0: CD-ROM            QEMU     QEMU DVD-ROM     2.5+ PQ: 0 ANSI: 5
May 28 07:51:22.517709 localhost kernel: scsi 2:0:0:0: Attached scsi generic sg0 type 5
May 28 07:51:22.581317 localhost kernel: sr 2:0:0:0: [sr0] scsi3-mmc drive: 4x/4x cd/rw xa/form2 tray
May 28 07:51:22.581498 localhost kernel: cdrom: Uniform CD-ROM driver Revision: 3.20
May 28 07:51:22.588318 localhost systemd[1]: Found device /dev/disk/by-uuid/8e1db0e5-66e2-4309-9280-394cf494d447.
May 28 07:51:22.591330 localhost systemd[1]: Reached target Initrd Root Device.
May 28 07:51:22.597454 localhost kernel: sr 2:0:0:0: Attached scsi CD-ROM sr0
May 28 07:51:22.604155 localhost systemd[1]: Starting Detect Firstboot...
May 28 07:51:22.634087 localhost kernel: BTRFS: device label ROOT devid 1 transid 321 /dev/vda3 (253:3) scanned by mount (516)
May 28 07:51:22.634108 localhost kernel: BTRFS info (device vda3): first mount of filesystem 8e1db0e5-66e2-4309-9280-394cf494d447
May 28 07:51:22.634121 localhost kernel: BTRFS info (device vda3): using crc32c (crc32c-intel) checksum algorithm
May 28 07:51:22.634129 localhost kernel: BTRFS info (device vda3): using free-space-tree
May 28 07:51:22.660722 localhost kernel: BTRFS info (device vda3): last unmount of filesystem 8e1db0e5-66e2-4309-9280-394cf494d447
May 28 07:51:22.668408 localhost systemd[1]: firstboot-detect.service: Deactivated successfully.
May 28 07:51:22.668630 localhost systemd[1]: Finished Detect Firstboot.
May 28 07:51:22.672067 localhost systemd[1]: nm-initrd.service was skipped because of an unmet condition check (ConditionPathExists=/run/NetworkManager/initrd/neednet).
May 28 07:51:22.672772 localhost systemd[1]: Reached target Network.
May 28 07:51:22.673234 localhost systemd[1]: nm-wait-online-initrd.service was skipped because of an unmet condition check (ConditionPathExists=/run/NetworkManager/initrd/neednet).
May 28 07:51:22.684184 localhost systemd[1]: Starting dracut initqueue hook...
May 28 07:51:22.690714 localhost kernel: usb 1-1: new high-speed USB device number 2 using xhci_hcd
May 28 07:51:22.699654 localhost systemd[1]: Finished dracut initqueue hook.
May 28 07:51:22.700526 localhost systemd[1]: Reached target Preparation for Remote File Systems.
May 28 07:51:22.704355 localhost systemd[1]: Reached target Remote Encrypted Volumes.
May 28 07:51:22.704978 localhost systemd[1]: Reached target Remote File Systems.
May 28 07:51:22.717497 localhost systemd[1]: Starting dracut pre-mount hook...
May 28 07:51:22.728911 localhost systemd[1]: Finished dracut pre-mount hook.
May 28 07:51:22.744174 localhost systemd[1]: Starting File System Check on /dev/disk/by-uuid/8e1db0e5-66e2-4309-9280-394cf494d447...
May 28 07:51:22.762324 localhost systemd[1]: Finished File System Check on /dev/disk/by-uuid/8e1db0e5-66e2-4309-9280-394cf494d447.
May 28 07:51:22.774226 localhost systemd[1]: Mounting /sysroot...
May 28 07:51:22.787399 localhost kernel: BTRFS: device label ROOT devid 1 transid 323 /dev/vda3 (253:3) scanned by mount (568)
May 28 07:51:22.787421 localhost kernel: BTRFS info (device vda3): first mount of filesystem 8e1db0e5-66e2-4309-9280-394cf494d447
May 28 07:51:22.787430 localhost kernel: BTRFS info (device vda3): using crc32c (crc32c-intel) checksum algorithm
May 28 07:51:22.787438 localhost kernel: BTRFS info (device vda3): using free-space-tree
May 28 07:51:22.792948 localhost systemd[1]: Mounted /sysroot.
May 28 07:51:22.793321 localhost systemd[1]: Reached target Initrd Root File System.
May 28 07:51:22.806351 localhost systemd[1]: Starting Mountpoints Configured in the Real Root...
May 28 07:51:22.814836 localhost systemd-sysroot-fstab-check[586]: /sysroot/root should be mounted in the initrd, will request daemon-reload.
May 28 07:51:22.816421 localhost systemd[1]: Reloading requested from client PID 586 ('systemd-fstab-g') (unit initrd-parse-etc.service)...
May 28 07:51:22.816463 localhost systemd[1]: Reloading...
May 28 07:51:22.830713 localhost kernel: usb 1-1: New USB device found, idVendor=0627, idProduct=0001, bcdDevice= 0.00
May 28 07:51:22.830922 localhost kernel: usb 1-1: New USB device strings: Mfr=1, Product=3, SerialNumber=10
May 28 07:51:22.831094 localhost kernel: usb 1-1: Product: QEMU USB Tablet
May 28 07:51:22.831258 localhost kernel: usb 1-1: Manufacturer: QEMU
May 28 07:51:22.831416 localhost kernel: usb 1-1: SerialNumber: 28754-0000:00:06.0-1
May 28 07:51:22.834051 localhost kernel: usbcore: registered new interface driver usbhid
May 28 07:51:22.834071 localhost kernel: usbhid: USB HID core driver
May 28 07:51:22.851882 localhost kernel: input: QEMU QEMU USB Tablet as /devices/pci0000:00/0000:00:06.0/usb1/1-1/1-1:1.0/0003:0627:0001.0001/input/input4
May 28 07:51:22.851905 localhost kernel: hid-generic 0003:0627:0001.0001: input,hidraw0: USB HID v0.01 Mouse [QEMU QEMU USB Tablet] on usb-0000:00:06.0-1/input0
May 28 07:51:22.966907 localhost systemd[1]: Reloading finished in 150 ms.
May 28 07:51:22.971552 localhost systemd-sysroot-fstab-check[586]: Requesting initrd-fs.target/start/replace...
May 28 07:51:22.972292 localhost systemd-sysroot-fstab-check[586]: Requesting swap.target/start/replace...
May 28 07:51:22.994125 localhost systemd[1]: Mounting /sysroot/root...
May 28 07:51:22.994503 localhost systemd[1]: sysroot-var.mount: Directory /sysroot/var to mount over is not empty, mounting anyway.
May 28 07:51:23.000367 localhost systemd[1]: Mounting /sysroot/var...
May 28 07:51:23.005776 localhost systemd[1]: initrd-parse-etc.service: Deactivated successfully.
May 28 07:51:23.015816 localhost systemd[1]: Finished Mountpoints Configured in the Real Root.
May 28 07:51:23.021649 localhost systemd[1]: Starting dracut mount hook...
May 28 07:51:23.025128 localhost systemd[1]: Mounted /sysroot/root.
May 28 07:51:23.029043 localhost systemd[1]: Mounted /sysroot/var.
May 28 07:51:23.059099 localhost systemd[1]: Finished dracut mount hook.
May 28 07:51:23.150340 localhost systemd[1]: sysroot-etc.mount: Directory /sysroot/etc to mount over is not empty, mounting anyway.
May 28 07:51:23.160851 localhost systemd[1]: Mounting /sysroot/etc...
May 28 07:51:23.171386 localhost systemd[1]: Mounted /sysroot/etc.
May 28 07:51:23.172476 localhost systemd[1]: Reached target Initrd File Systems.
May 28 07:51:23.172969 localhost systemd[1]: Reached target Initrd Default Target.
May 28 07:51:23.187537 localhost systemd[1]: Starting dracut pre-pivot and cleanup hook...
May 28 07:51:23.206675 localhost systemd[1]: Finished dracut pre-pivot and cleanup hook.
May 28 07:51:23.207219 localhost systemd[1]: transactional-update /etc overlay cleaner was skipped because of an unmet condition check (ConditionPathExists=/sysroot/var/lib/overlay/transactional-update.newsnapshot).
May 28 07:51:23.214186 localhost systemd[1]: Starting Cleaning Up and Shutting Down Daemons...
May 28 07:51:23.221928 localhost systemd[1]: Stopped target Network.
May 28 07:51:23.223124 localhost systemd[1]: Stopped target Remote Encrypted Volumes.
May 28 07:51:23.223840 localhost systemd[1]: Stopped target Timer Units.
May 28 07:51:23.224814 localhost systemd[1]: dbus.socket: Deactivated successfully.
May 28 07:51:23.224968 localhost systemd[1]: Closed D-Bus System Message Bus Socket.
May 28 07:51:23.225701 localhost systemd[1]: dracut-pre-pivot.service: Deactivated successfully.
May 28 07:51:23.225870 localhost systemd[1]: Stopped dracut pre-pivot and cleanup hook.
May 28 07:51:23.226699 localhost systemd[1]: Stopped target Initrd Default Target.
May 28 07:51:23.227413 localhost systemd[1]: Stopped target Basic System.
May 28 07:51:23.228111 localhost systemd[1]: Stopped target Initrd Root Device.
May 28 07:51:23.228797 localhost systemd[1]: Stopped target Initrd /usr File System.
May 28 07:51:23.229508 localhost systemd[1]: Stopped target Path Units.
May 28 07:51:23.230191 localhost systemd[1]: Stopped target Remote File Systems.
May 28 07:51:23.230863 localhost systemd[1]: Stopped target Preparation for Remote File Systems.
May 28 07:51:23.231238 localhost systemd[1]: Stopped target Slice Units.
May 28 07:51:23.232421 localhost systemd[1]: Stopped target Socket Units.
May 28 07:51:23.232809 localhost systemd[1]: Stopped target System Initialization.
May 28 07:51:23.233959 localhost systemd[1]: Stopped target Local File Systems.
May 28 07:51:23.235971 localhost systemd[1]: Stopped target Preparation for Local File Systems.
May 28 07:51:23.236651 localhost systemd[1]: Stopped target Swaps.
May 28 07:51:23.237381 localhost systemd[1]: dracut-mount.service: Deactivated successfully.
May 28 07:51:23.237620 localhost systemd[1]: Stopped dracut mount hook.
May 28 07:51:23.238389 localhost systemd[1]: dracut-pre-mount.service: Deactivated successfully.
May 28 07:51:23.238535 localhost systemd[1]: Stopped dracut pre-mount hook.
May 28 07:51:23.238971 localhost systemd[1]: Stopped target Local Encrypted Volumes.
May 28 07:51:23.239943 localhost systemd[1]: systemd-ask-password-console.path: Deactivated successfully.
May 28 07:51:23.250727 localhost systemd[1]: Stopped Dispatch Password Requests to Console Directory Watch.
May 28 07:51:23.251042 localhost systemd[1]: dracut-initqueue.service: Deactivated successfully.
May 28 07:51:23.251144 localhost systemd[1]: Stopped dracut initqueue hook.
May 28 07:51:23.251527 localhost systemd[1]: systemd-sysctl.service: Deactivated successfully.
May 28 07:51:23.251624 localhost systemd[1]: Stopped Apply Kernel Variables.
May 28 07:51:23.251940 localhost systemd[1]: systemd-tmpfiles-setup.service: Deactivated successfully.
May 28 07:51:23.252030 localhost systemd[1]: Stopped Create Volatile Files and Directories.
May 28 07:51:23.252349 localhost systemd[1]: systemd-udev-trigger.service: Deactivated successfully.
May 28 07:51:23.252439 localhost systemd[1]: Stopped Coldplug All udev Devices.
May 28 07:51:23.252760 localhost systemd[1]: dracut-pre-trigger.service: Deactivated successfully.
May 28 07:51:23.252847 localhost systemd[1]: Stopped dracut pre-trigger hook.
May 28 07:51:23.258775 localhost systemd[1]: Stopping Rule-based Manager for Device Events and Files...
May 28 07:51:23.262128 localhost systemd[1]: initrd-cleanup.service: Deactivated successfully.
May 28 07:51:23.262316 localhost systemd[1]: Finished Cleaning Up and Shutting Down Daemons.
May 28 07:51:23.265552 localhost systemd[1]: systemd-udevd.service: Deactivated successfully.
May 28 07:51:23.265797 localhost systemd[1]: Stopped Rule-based Manager for Device Events and Files.
May 28 07:51:23.267155 localhost systemd[1]: systemd-udevd-control.socket: Deactivated successfully.
May 28 07:51:23.267251 localhost systemd[1]: Closed udev Control Socket.
May 28 07:51:23.267761 localhost systemd[1]: systemd-udevd-kernel.socket: Deactivated successfully.
May 28 07:51:23.268154 localhost systemd[1]: Closed udev Kernel Socket.
May 28 07:51:23.268492 localhost systemd[1]: dracut-pre-udev.service: Deactivated successfully.
May 28 07:51:23.268875 localhost systemd[1]: Stopped dracut pre-udev hook.
May 28 07:51:23.269266 localhost systemd[1]: dracut-cmdline.service: Deactivated successfully.
May 28 07:51:23.269653 localhost systemd[1]: Stopped dracut cmdline hook.
May 28 07:51:23.270021 localhost systemd[1]: dracut-cmdline-ask.service: Deactivated successfully.
May 28 07:51:23.270407 localhost systemd[1]: Stopped dracut ask for additional cmdline parameters.
May 28 07:51:23.284180 localhost systemd[1]: Starting Cleanup udev Database...
May 28 07:51:23.284508 localhost systemd[1]: systemd-tmpfiles-setup-dev.service: Deactivated successfully.
May 28 07:51:23.284580 localhost systemd[1]: Stopped Create Static Device Nodes in /dev.
May 28 07:51:23.284942 localhost systemd[1]: systemd-tmpfiles-setup-dev-early.service: Deactivated successfully.
May 28 07:51:23.285006 localhost systemd[1]: Stopped Create Static Device Nodes in /dev gracefully.
May 28 07:51:23.285322 localhost systemd[1]: kmod-static-nodes.service: Deactivated successfully.
May 28 07:51:23.285371 localhost systemd[1]: Stopped Create List of Static Device Nodes.
May 28 07:51:23.285631 localhost systemd[1]: systemd-vconsole-setup.service: Deactivated successfully.
May 28 07:51:23.285678 localhost systemd[1]: Stopped Virtual Console Setup.
May 28 07:51:23.293834 localhost systemd[1]: initrd-udevadm-cleanup-db.service: Deactivated successfully.
May 28 07:51:23.294065 localhost systemd[1]: Finished Cleanup udev Database.
May 28 07:51:23.296021 localhost systemd[1]: Reached target Switch Root.
May 28 07:51:23.307515 localhost systemd[1]: Starting Switch Root...
May 28 07:51:23.315044 localhost systemd[1]: Switching root.
May 28 07:51:23.373361 localhost systemd-journald[174]: Journal stopped
May 28 07:51:24.632065 localhost systemd-journald[174]: Received SIGTERM from PID 1 (systemd).
May 28 07:51:24.632137 localhost kernel: audit: type=1404 audit(1716882683.493:4): enforcing=1 old_enforcing=0 auid=4294967295 ses=4294967295 enabled=1 old-enabled=1 lsm=selinux res=1
May 28 07:51:24.632154 localhost kernel: SELinux:  policy capability network_peer_controls=1
May 28 07:51:24.632167 localhost kernel: SELinux:  policy capability open_perms=1
May 28 07:51:24.632184 localhost kernel: SELinux:  policy capability extended_socket_class=1
May 28 07:51:24.632197 localhost kernel: SELinux:  policy capability always_check_network=0
May 28 07:51:24.632210 localhost kernel: SELinux:  policy capability cgroup_seclabel=1
May 28 07:51:24.632223 localhost kernel: SELinux:  policy capability nnp_nosuid_transition=1
May 28 07:51:24.632237 localhost kernel: SELinux:  policy capability genfs_seclabel_symlinks=1
May 28 07:51:24.632249 localhost kernel: SELinux:  policy capability ioctl_skip_cloexec=0
May 28 07:51:24.632262 localhost kernel: SELinux:  policy capability userspace_initial_context=0
May 28 07:51:24.632274 localhost kernel: audit: type=1403 audit(1716882683.593:5): auid=4294967295 ses=4294967295 lsm=selinux res=1
May 28 07:51:24.632288 localhost systemd[1]: Successfully loaded SELinux policy in 104.172ms.
May 28 07:51:24.632303 localhost systemd[1]: Relabeled /dev, /dev/shm, /run, /sys/fs/cgroup in 30.774ms.
May 28 07:51:24.632319 localhost systemd[1]: systemd 255.6+suse.30.g3ea0e1dff3 running in system mode (+PAM +AUDIT +SELINUX +APPARMOR +IMA -SMACK +SECCOMP +GCRYPT +GNUTLS +OPENSSL +ACL +BLKID +CURL +ELFUTILS +FIDO2 +IDN2 -IDN +IPTC +KMOD +LIBCRYPTSETUP +LIBFDISK +PCRE2 +PWQUALITY +P11KIT +QRENCODE +TPM2 +BZIP2 +LZ4 +XZ +ZLIB +ZSTD +BPF_FRAMEWORK -XKBCOMMON -UTMP +SYSVINIT default-hierarchy=unified)
May 28 07:51:24.632336 localhost systemd[1]: Detected virtualization kvm.
May 28 07:51:24.632349 localhost systemd[1]: Detected architecture x86-64.
May 28 07:51:24.632361 localhost kernel: evm: overlay not supported
May 28 07:51:24.632375 localhost systemd[1]: bpf-lsm: LSM BPF program attached
May 28 07:51:24.632388 localhost kernel: audit: type=1400 audit(1716882684.106:6): avc:  denied  { map_read map_write } for  pid=669 comm="systemd-fstab-g" scontext=system_u:system_r:systemd_fstab_generator_t:s0 tcontext=system_u:system_r:init_t:s0 tclass=bpf permissive=0
May 28 07:51:24.632401 localhost kernel: audit: type=1400 audit(1716882684.120:7): avc:  denied  { map_read map_write } for  pid=671 comm="systemd-gpt-aut" scontext=system_u:system_r:systemd_gpt_generator_t:s0 tcontext=system_u:system_r:init_t:s0 tclass=bpf permissive=0
May 28 07:51:24.632415 localhost kernel: audit: type=1400 audit(1716882684.176:8): avc:  denied  { write } for  pid=671 comm="systemd-gpt-aut" name="generator.late" dev="tmpfs" ino=612 scontext=system_u:system_r:systemd_gpt_generator_t:s0 tcontext=system_u:object_r:init_var_run_t:s0 tclass=dir permissive=0
May 28 07:51:24.632428 localhost systemd-gpt-auto-generator[671]: Failed to create symlink "/run/systemd/generator.late/local-fs.target.wants/systemd-remount-fs.service": No such file or directory
May 28 07:51:24.632446 localhost (sd-exec-[663]: /usr/lib/systemd/system-generators/systemd-gpt-auto-generator failed with exit status 1.
May 28 07:51:24.632465 localhost systemd[1]: initrd-switch-root.service: Deactivated successfully.
May 28 07:51:24.632479 localhost systemd[1]: Stopped Switch Root.
May 28 07:51:24.632492 localhost systemd[1]: systemd-journald.service: Scheduled restart job, restart counter is at 1.
May 28 07:51:24.632505 localhost systemd[1]: Created slice Slice /system/getty.
May 28 07:51:24.632519 localhost systemd[1]: Created slice Slice /system/modprobe.
May 28 07:51:24.632532 localhost systemd[1]: Created slice Slice /system/serial-getty.
May 28 07:51:24.632545 localhost systemd[1]: Created slice User and Session Slice.
May 28 07:51:24.632558 localhost systemd[1]: Started Dispatch Password Requests to Console Directory Watch.
May 28 07:51:24.632572 localhost systemd[1]: Set up automount Arbitrary Executable File Formats File System Automount Point.
May 28 07:51:24.632586 localhost systemd[1]: Expecting device /dev/disk/by-uuid/8e1db0e5-66e2-4309-9280-394cf494d447...
May 28 07:51:24.632599 localhost systemd[1]: Expecting device /dev/disk/by-uuid/D27B-37E5...
May 28 07:51:24.632615 localhost systemd[1]: Expecting device /dev/hvc0...
May 28 07:51:24.632628 localhost systemd[1]: Expecting device /dev/ttyS0...
May 28 07:51:24.632641 localhost systemd[1]: Reached target Local Encrypted Volumes.
May 28 07:51:24.632654 localhost systemd[1]: Stopped target Switch Root.
May 28 07:51:24.632668 localhost systemd[1]: Stopped target Initrd File Systems.
May 28 07:51:24.632681 localhost systemd[1]: Stopped target Initrd Root File System.
May 28 07:51:24.632694 localhost systemd[1]: Reached target Local Integrity Protected Volumes.
May 28 07:51:24.632708 localhost systemd[1]: Reached target Remote File Systems.
May 28 07:51:24.632720 localhost systemd[1]: Reached target Slice Units.
May 28 07:51:24.632733 localhost systemd[1]: Reached target Swaps.
May 28 07:51:24.632746 localhost systemd[1]: Reached target System Time Set.
May 28 07:51:24.632759 localhost systemd[1]: Reached target Local Verity Protected Volumes.
May 28 07:51:24.632775 localhost systemd[1]: Listening on Device-mapper event daemon FIFOs.
May 28 07:51:24.632788 localhost systemd[1]: Listening on LVM2 poll daemon socket.
May 28 07:51:24.632801 localhost systemd[1]: Listening on Process Core Dump Socket.
May 28 07:51:24.632814 localhost systemd[1]: TPM2 PCR Extension (Varlink) was skipped because of an unmet condition check (ConditionSecurity=measured-uki).
May 28 07:51:24.632827 localhost systemd[1]: Listening on udev Control Socket.
May 28 07:51:24.632840 localhost systemd[1]: Listening on udev Kernel Socket.
May 28 07:51:24.632853 localhost systemd[1]: Mounting Huge Pages File System...
May 28 07:51:24.632866 localhost systemd[1]: Mounting POSIX Message Queue File System...
May 28 07:51:24.632879 localhost systemd[1]: Mounting Kernel Debug File System...
May 28 07:51:24.632891 localhost systemd[1]: Mounting Kernel Trace File System...
May 28 07:51:24.632905 localhost systemd[1]: Mounting Temporary Directory /tmp...
May 28 07:51:24.632918 localhost systemd[1]: Starting Create List of Static Device Nodes...
May 28 07:51:24.632931 localhost systemd[1]: Starting Monitoring of LVM2 mirrors, snapshots etc. using dmeventd or progress polling...
May 28 07:51:24.632948 localhost systemd[1]: Starting Load Kernel Module configfs...
May 28 07:51:24.632961 localhost systemd[1]: Starting Load Kernel Module dm_mod...
May 28 07:51:24.632974 localhost systemd[1]: Starting Load Kernel Module drm...
May 28 07:51:24.632987 localhost systemd[1]: Starting Load Kernel Module efi_pstore...
May 28 07:51:24.633000 localhost systemd[1]: Starting Load Kernel Module fuse...
May 28 07:51:24.633013 localhost systemd[1]: Starting Load Kernel Module loop...
May 28 07:51:24.633027 localhost systemd[1]: systemd-fsck-root.service: Deactivated successfully.
May 28 07:51:24.633049 localhost systemd[1]: Stopped File System Check on Root Device.
May 28 07:51:24.633064 localhost systemd[1]: Starting Journal Service...
May 28 07:51:24.633077 localhost systemd[1]: Load Kernel Modules was skipped because no trigger condition checks were met.
May 28 07:51:24.633091 localhost systemd[1]: Apply Kernel Variables for 6.9.1-1-default from /boot was skipped because of an unmet condition check (ConditionPathExists=/boot/sysctl.conf-6.9.1-1-default).
May 28 07:51:24.633109 localhost systemd[1]: Starting Apply Kernel Variables for 6.9.1-1-default...
May 28 07:51:24.633124 localhost systemd[1]: TPM2 PCR Machine ID Measurement was skipped because of an unmet condition check (ConditionSecurity=measured-uki).
May 28 07:51:24.633137 localhost systemd[1]: Starting Remount Root and Kernel File Systems...
May 28 07:51:24.633151 localhost systemd[1]: TPM2 SRK Setup (Early) was skipped because of an unmet condition check (ConditionSecurity=measured-uki).
May 28 07:51:24.633164 localhost systemd[1]: Starting Coldplug All udev Devices...
May 28 07:51:24.633178 localhost systemd[1]: Mounted Huge Pages File System.
May 28 07:51:24.633192 localhost systemd[1]: Mounted POSIX Message Queue File System.
May 28 07:51:24.633205 localhost systemd[1]: Mounted Kernel Debug File System.
May 28 07:51:24.633218 localhost systemd[1]: Mounted Kernel Trace File System.
May 28 07:51:24.633232 localhost systemd[1]: Mounted Temporary Directory /tmp.
May 28 07:51:24.633244 localhost kernel: loop: module loaded
May 28 07:51:24.633257 localhost systemd[1]: Finished Create List of Static Device Nodes.
May 28 07:51:24.633275 localhost systemd[1]: modprobe@configfs.service: Deactivated successfully.
May 28 07:51:24.633288 localhost systemd[1]: Finished Load Kernel Module configfs.
May 28 07:51:24.633301 localhost systemd[1]: modprobe@dm_mod.service: Deactivated successfully.
May 28 07:51:24.633314 localhost systemd[1]: Finished Load Kernel Module dm_mod.
May 28 07:51:24.633327 localhost kernel: fuse: init (API version 7.40)
May 28 07:51:24.633340 localhost systemd[1]: modprobe@drm.service: Deactivated successfully.
May 28 07:51:24.633353 localhost systemd[1]: Finished Load Kernel Module drm.
May 28 07:51:24.633367 localhost systemd[1]: modprobe@efi_pstore.service: Deactivated successfully.
May 28 07:51:24.633380 localhost systemd[1]: Finished Load Kernel Module efi_pstore.
May 28 07:51:24.633394 localhost systemd[1]: modprobe@fuse.service: Deactivated successfully.
May 28 07:51:24.633406 localhost systemd[1]: Finished Load Kernel Module fuse.
May 28 07:51:24.633420 localhost systemd[1]: modprobe@loop.service: Deactivated successfully.
May 28 07:51:24.633437 localhost systemd[1]: Finished Load Kernel Module loop.
May 28 07:51:24.633450 localhost systemd[1]: Finished Apply Kernel Variables for 6.9.1-1-default.
May 28 07:51:24.633463 localhost systemd[1]: Mounting FUSE Control File System...
May 28 07:51:24.633475 localhost systemd[1]: Mounting Kernel Configuration File System...
May 28 07:51:24.633489 localhost systemd[1]: Repartition Root Disk was skipped because no trigger condition checks were met.
May 28 07:51:24.633501 localhost systemd[1]: Starting Apply Kernel Variables...
May 28 07:51:24.633515 localhost systemd[1]: Starting Create Static Device Nodes in /dev gracefully...
May 28 07:51:24.633561 localhost systemd-journald[694]: Collecting audit messages is disabled.
May 28 07:51:24.633592 localhost systemd-journald[694]: Journal started
May 28 07:51:24.633618 localhost systemd-journald[694]: Runtime Journal (/run/log/journal/ac32e82db52b4c29a228c466588b5044) is 2.4M, max 19.2M, 16.8M free.
May 28 07:51:24.307436 localhost systemd[1]: Queued start job for default target Multi-User System.
May 28 07:51:24.648469 localhost systemd[1]: Started Journal Service.
May 28 07:51:24.327646 localhost systemd[1]: Unnecessary job was removed for /dev/vda3.
May 28 07:51:24.328012 localhost systemd[1]: systemd-journald.service: Deactivated successfully.
May 28 07:51:24.643247 localhost systemd[1]: Mounted FUSE Control File System.
May 28 07:51:24.643708 localhost systemd[1]: Mounted Kernel Configuration File System.
May 28 07:51:24.660913 localhost systemd[1]: Finished Monitoring of LVM2 mirrors, snapshots etc. using dmeventd or progress polling.
May 28 07:51:24.682030 localhost systemd[1]: Finished Remount Root and Kernel File Systems.
May 28 07:51:24.732883 localhost systemd[1]: Rebuild Hardware Database was skipped because of an unmet condition check (ConditionNeedsUpdate=/etc).
May 28 07:51:24.736268 localhost systemd[1]: Platform Persistent Storage Archival was skipped because of an unmet condition check (ConditionDirectoryNotEmpty=/sys/fs/pstore).
May 28 07:51:24.750807 localhost systemd[1]: Starting Load/Save OS Random Seed...
May 28 07:51:24.751108 localhost systemd[1]: TPM2 SRK Setup was skipped because of an unmet condition check (ConditionSecurity=measured-uki).
May 28 07:51:24.773419 localhost systemd-random-seed[725]: Failed to remove extended attribute, ignoring: Read-only file system
May 28 07:51:24.774244 localhost systemd[1]: Finished Load/Save OS Random Seed.
May 28 07:51:24.781068 localhost systemd[1]: Finished Apply Kernel Variables.
May 28 07:51:24.819766 localhost systemd[1]: Finished Create Static Device Nodes in /dev gracefully.
May 28 07:51:24.820252 localhost systemd[1]: Create System Users was skipped because no trigger condition checks were met.
May 28 07:51:24.827497 localhost systemd[1]: Starting Create Static Device Nodes in /dev...
May 28 07:51:24.902947 localhost systemd[1]: Finished Coldplug All udev Devices.
May 28 07:51:24.919414 localhost systemd[1]: Finished Create Static Device Nodes in /dev.
May 28 07:51:24.922818 localhost systemd[1]: Reached target Preparation for Local File Systems.
May 28 07:51:24.937530 localhost systemd[1]: Starting Rule-based Manager for Device Events and Files...
May 28 07:51:24.979909 localhost systemd-udevd[733]: Using default interface naming scheme 'v255'.
May 28 07:51:25.014285 localhost systemd[1]: Started Rule-based Manager for Device Events and Files.
May 28 07:51:25.078922 localhost systemd[1]: Condition check resulted in /dev/hvc0 being skipped.
May 28 07:51:25.162913 localhost systemd[1]: Condition check resulted in /dev/ttyS0 being skipped.
May 28 07:51:25.192094 localhost systemd[1]: Condition check resulted in /dev/disk/by-uuid/D27B-37E5 being skipped.
May 28 07:51:25.217436 localhost systemd[1]: Mounting /boot/efi...
May 28 07:51:25.314779 localhost kernel: input: Power Button as /devices/LNXSYSTM:00/LNXPWRBN:00/input/input5
May 28 07:51:25.327451 localhost kernel: ACPI: button: Power Button [PWRF]
May 28 07:51:25.344361 localhost kernel: parport_pc 00:03: reported by Plug and Play ACPI
May 28 07:51:25.344570 localhost kernel: parport0: PC-style at 0x378, irq 7 [PCSPP,TRISTATE]
May 28 07:51:25.375267 localhost kernel: piix4_smbus 0000:00:01.3: SMBus Host Controller at 0xb100, revision 0
May 28 07:51:25.383017 localhost systemd[1]: Found device /dev/disk/by-uuid/8e1db0e5-66e2-4309-9280-394cf494d447.
May 28 07:51:25.390951 localhost kernel: input: PC Speaker as /devices/platform/pcspkr/input/input6
May 28 07:51:25.408032 localhost systemd[1]: Mounting /.snapshots...
May 28 07:51:25.416748 localhost systemd[1]: Mounting /home...
May 28 07:51:25.434091 localhost systemd[1]: Mounting /opt...
May 28 07:51:25.451184 localhost kernel: Console: switching to colour dummy device 80x25
May 28 07:51:25.455973 localhost systemd[1]: Mounting /srv...
May 28 07:51:25.461992 localhost kernel: bochs-drm 0000:00:02.0: vgaarb: deactivate vga console
May 28 07:51:25.462195 localhost kernel: [drm] Found bochs VGA, ID 0xb0c5.
May 28 07:51:25.462209 localhost kernel: [drm] Framebuffer size 16384 kB @ 0x80000000, mmio @ 0x81049000.
May 28 07:51:25.470195 localhost systemd[1]: Mounting /usr/local...
May 28 07:51:25.474053 localhost kernel: [drm] Found EDID data blob.
May 28 07:51:25.475939 localhost systemd[1]: Mounted /.snapshots.
May 28 07:51:25.497403 localhost kernel: [drm] Initialized bochs-drm 1.0.0 20130925 for 0000:00:02.0 on minor 0
May 28 07:51:25.551267 localhost kernel: fbcon: bochs-drmdrmfb (fb0) is primary device
May 28 07:51:25.555895 localhost systemd[1]: Mounted /home.
May 28 07:51:25.609527 localhost kernel: ppdev: user-space parallel port driver
May 28 07:51:25.627432 localhost kernel: Console: switching to colour frame buffer device 128x48
May 28 07:51:25.769284 localhost kernel: bochs-drm 0000:00:02.0: [drm] fb0: bochs-drmdrmfb frame buffer device
May 28 07:51:25.759247 localhost systemd[1]: Mounted /boot/efi.
May 28 07:51:25.759387 localhost systemd[1]: Mounted /opt.
May 28 07:51:25.759517 localhost systemd[1]: Mounted /srv.
May 28 07:51:25.774784 localhost kernel: kvm_amd: Nested Virtualization enabled
May 28 07:51:25.774819 localhost kernel: kvm_amd: Nested Paging enabled
May 28 07:51:25.818193 localhost systemd[1]: Starting Virtual Console Setup...
May 28 07:51:25.827575 localhost systemd[1]: Mounted /usr/local.
May 28 07:51:25.831620 localhost systemd[1]: Reached target Local File Systems.
May 28 07:51:25.841424 localhost systemd[1]: Listening on System Extension Image Management (Varlink).
May 28 07:51:25.854265 localhost systemd[1]: Starting Create missing directories from rpmdb...
May 28 07:51:25.854803 localhost systemd[1]: Set Up Additional Binary Formats was skipped because no trigger condition checks were met.
May 28 07:51:25.858508 localhost systemd[1]: Starting Update Boot Loader Random Seed...
May 28 07:51:25.865722 localhost systemd[1]: Starting Flush Journal to Persistent Storage...
May 28 07:51:25.907573 localhost systemd[1]: systemd-vconsole-setup.service: Deactivated successfully.
May 28 07:51:25.907695 localhost systemd[1]: Stopped Virtual Console Setup.
May 28 07:51:25.921327 localhost systemd-journald[694]: Time spent on flushing to /var/log/journal/ac32e82db52b4c29a228c466588b5044 is 78.576ms for 948 entries.
May 28 07:51:25.921327 localhost systemd-journald[694]: System Journal (/var/log/journal/ac32e82db52b4c29a228c466588b5044) is 64.9M, max 1.9G, 1.8G free.
May 28 07:51:26.051460 localhost systemd-journald[694]: Received client request to flush runtime journal.
May 28 07:51:26.051513 localhost systemd-journald[694]: /var/log/journal/ac32e82db52b4c29a228c466588b5044/system.journal: Journal file uses a different sequence number ID, rotating.
May 28 07:51:26.051542 localhost systemd-journald[694]: Rotating system journal.
May 28 07:51:26.051583 localhost kernel: snd_hda_codec_generic hdaudioC0D0: autoconfig for Generic: line_outs=1 (0x3/0x0/0x0/0x0/0x0) type:line
May 28 07:51:26.051815 localhost kernel: snd_hda_codec_generic hdaudioC0D0:    speaker_outs=0 (0x0/0x0/0x0/0x0/0x0)
May 28 07:51:26.051965 localhost kernel: snd_hda_codec_generic hdaudioC0D0:    hp_outs=0 (0x0/0x0/0x0/0x0/0x0)
May 28 07:51:26.052119 localhost kernel: snd_hda_codec_generic hdaudioC0D0:    mono: mono_out=0x0
May 28 07:51:26.052278 localhost kernel: snd_hda_codec_generic hdaudioC0D0:    inputs:
May 28 07:51:25.934201 localhost systemd[1]: Starting Virtual Console Setup...
May 28 07:51:26.150776 localhost create_dirs_from_rpmdb[788]: RPM cookie unchanged, not doing anything
May 28 07:51:25.946287 localhost systemd[1]: Finished Create missing directories from rpmdb.
May 28 07:51:25.953649 localhost systemd[1]: systemd-vconsole-setup.service: Deactivated successfully.
May 28 07:51:25.953778 localhost systemd[1]: Stopped Virtual Console Setup.
May 28 07:51:25.967473 localhost systemd[1]: Starting Virtual Console Setup...
May 28 07:51:25.973087 localhost bootctl[790]: ! Mount point '/boot/efi' which backs the random seed file is world accessible, which is a security hole! !
May 28 07:51:25.973157 localhost bootctl[790]: ! Random seed file '/boot/efi/loader/random-seed' is world accessible, which is a security hole! !
May 28 07:51:25.978032 localhost systemd[1]: Reached target Sound Card.
May 28 07:51:25.980904 localhost bootctl[790]: Random seed file /boot/efi/loader/random-seed successfully refreshed (32 bytes).
May 28 07:51:25.987434 localhost systemd[1]: Finished Update Boot Loader Random Seed.
May 28 07:51:26.053873 localhost systemd[1]: Finished Flush Journal to Persistent Storage.
May 28 07:51:26.157508 localhost systemd[1]: Starting Create Volatile Files and Directories...
May 28 07:51:26.249761 localhost systemd[1]: Finished Virtual Console Setup.
May 28 07:51:26.276487 localhost systemd[1]: Finished Create Volatile Files and Directories.
May 28 07:51:26.290778 localhost systemd[1]: Starting Security Auditing Service...
May 28 07:51:26.290969 localhost systemd[1]: First Boot Wizard was skipped because of an unmet condition check (ConditionFirstBoot=yes).
May 28 07:51:26.291072 localhost systemd[1]: First Boot Complete was skipped because of an unmet condition check (ConditionFirstBoot=yes).
May 28 07:51:26.291257 localhost systemd[1]: Rebuild Journal Catalog was skipped because of an unmet condition check (ConditionNeedsUpdate=/var).
May 28 07:51:26.291404 localhost systemd[1]: Commit a transient machine-id on disk was skipped because of an unmet condition check (ConditionPathIsMountPoint=/etc/machine-id).
May 28 07:51:26.293316 localhost systemd[1]: Update is Completed was skipped because no trigger condition checks were met.
May 28 07:51:26.300805 localhost systemd[1]: Starting Write boot and shutdown times into wtmpdb...
May 28 07:51:26.430283 localhost auditd[815]: Option builtin_af_unix line 10 is obsolete - using /sbin/audisp-af_unix
May 28 07:51:26.430664 localhost auditd[815]: Option builtin line 11 is obsolete - update it
May 28 07:51:26.430816 localhost auditd[815]: No plugins found, not dispatching events
May 28 07:51:26.431111 localhost auditd[815]: Init complete, auditd 3.1.1 listening for events (startup state enable)
May 28 07:51:26.431684 localhost systemd[1]: Started Security Auditing Service.
May 28 07:51:26.544264 localhost wtmpdb[814]: Error: cannot open dbus
May 28 07:51:26.540770 localhost systemd[1]: Finished Write boot and shutdown times into wtmpdb.
May 28 07:51:26.541869 localhost systemd[1]: Reached target System Initialization.
May 28 07:51:26.542352 localhost systemd[1]: Started Watch /etc/sysconfig/btrfsmaintenance.
May 28 07:51:26.542916 localhost systemd[1]: Started Watch for changes in CA certificates.
May 28 07:51:26.543258 localhost systemd[1]: Started Watch for changes in issue snippets.
May 28 07:51:26.543535 localhost systemd[1]: Started Daily Cleanup of Temporary Directories.
May 28 07:51:26.543833 localhost systemd[1]: Reached target Path Units.
May 28 07:51:26.658980 localhost systemd[1]: Listening on D-Bus System Message Bus Socket.
May 28 07:51:26.659353 localhost systemd[1]: Reached target Socket Units.
May 28 07:51:26.659674 localhost systemd[1]: TPM2 PCR Barrier (Initialization) was skipped because of an unmet condition check (ConditionSecurity=measured-uki).
May 28 07:51:26.659690 localhost systemd[1]: Reached target Basic System.
May 28 07:51:26.750996 localhost systemd[1]: Starting auditd rules generation...
May 28 07:51:26.864590 localhost systemd[1]: Starting D-Bus System Message Bus...
May 28 07:51:26.871598 localhost systemd[1]: Starting Restore /run/initramfs on shutdown...
May 28 07:51:26.880248 localhost systemd[1]: Starting Generate issue file for login session...
May 28 07:51:26.890537 localhost systemd[1]: Starting Apply settings from /etc/sysconfig/keyboard...
May 28 07:51:26.892605 localhost systemd[1]: Import lastlog data into lastlog2 database was skipped because of an unmet condition check (ConditionPathExists=!/var/lib/lastlog/lastlog2.db).
May 28 07:51:26.906066 localhost systemd[1]: Starting Authorization Manager...
May 28 07:51:26.931902 localhost systemd[1]: Starting User Login Management...
May 28 07:51:26.932154 localhost systemd[1]: TPM2 PCR Barrier (User) was skipped because of an unmet condition check (ConditionSecurity=measured-uki).
May 28 07:51:26.932726 localhost systemd[1]: Finished Restore /run/initramfs on shutdown.
May 28 07:51:26.962446 localhost dbus-daemon[821]: [system] SELinux support is enabled
May 28 07:51:26.964045 localhost kernel: Lockdown: numlockbios: /dev/mem,kmem,port is restricted; see man kernel_lockdown.7
May 28 07:51:26.964555 localhost systemd[1]: Started D-Bus System Message Bus.
May 28 07:51:26.994130 localhost systemd[1]: Starting Network Manager...
May 28 07:51:26.997494 localhost systemd[1]: Starting Reboot Manager...
May 28 07:51:26.997978 localhost systemd[1]: issue-generator.service: Deactivated successfully.
May 28 07:51:26.998089 localhost systemd[1]: Finished Generate issue file for login session.
May 28 07:51:27.007399 localhost kernel: Lockdown: numlockbios: /dev/mem,kmem,port is restricted; see man kernel_lockdown.7
May 28 07:51:27.127402 localhost kernel: Lockdown: numlockbios: /dev/mem,kmem,port is restricted; see man kernel_lockdown.7
May 28 07:51:27.150897 localhost systemd[1]: Started Reboot Manager.
May 28 07:51:27.174073 localhost kernel: Lockdown: numlockbios: /dev/mem,kmem,port is restricted; see man kernel_lockdown.7
May 28 07:51:27.208099 localhost systemd-logind[831]: New seat seat0.
May 28 07:51:27.211365 localhost systemd-logind[831]: Watching system buttons on /dev/input/event4 (Power Button)
May 28 07:51:27.211386 localhost systemd-logind[831]: Watching system buttons on /dev/input/event0 (AT Translated Set 2 keyboard)
May 28 07:51:27.211587 localhost systemd[1]: Started User Login Management.
May 28 07:51:27.217451 localhost kernel: Lockdown: numlockbios: /dev/mem,kmem,port is restricted; see man kernel_lockdown.7
May 28 07:51:27.219000 localhost augenrules[820]: /sbin/augenrules: No change
May 28 07:51:27.234063 localhost kernel: Lockdown: numlockbios: /dev/mem,kmem,port is restricted; see man kernel_lockdown.7
May 28 07:51:27.237767 localhost augenrules[877]: No rules
May 28 07:51:27.238648 localhost systemd[1]: Finished auditd rules generation.
May 28 07:51:27.349191 localhost polkitd[828]: Started polkitd version 123
May 28 07:51:27.355892 localhost polkitd[828]: Loading rules from directory /etc/polkit-1/rules.d
May 28 07:51:27.357633 localhost polkitd[828]: Loading rules from directory /usr/share/polkit-1/rules.d
May 28 07:51:27.359380 localhost polkitd[828]: Finished loading, compiling and executing 1 rules
May 28 07:51:27.361142 localhost systemd[1]: Started Authorization Manager.
May 28 07:51:27.363714 localhost polkitd[828]: Acquired the name org.freedesktop.PolicyKit1 on the system bus
May 28 07:51:27.470986 localhost systemd[1]: Starting Modem Manager...
May 28 07:51:27.471561 localhost systemd[1]: Finished Apply settings from /etc/sysconfig/keyboard.
May 28 07:51:27.479260 localhost NetworkManager[847]: <info>  [1716882687.4790] NetworkManager (version 1.44.4) is starting... (boot:41ed74ad-b009-4cad-8b1d-0e7751d9a560)
