May 28 07:30:44.166612 localhost kernel: Linux version 6.9.1-1-default (geeko@buildhost) (gcc (SUSE Linux) 13.2.1 20240509 [revision b7a2697733d19a093cbdd0e200ffce069a4bc812], GNU ld (GNU Binutils; openSUSE Tumbleweed) 2.42.0.20240130-3) #1 SMP PREEMPT_DYNAMIC Fri May 17 11:59:46 UTC 2024 (0c0b0b5)
May 28 07:30:44.166631 localhost kernel: Command line: initrd=\opensuse-microos\6.9.1-1-default\initrd-684b272fb55f1cef9c0172c83fed01af3ec0d511 quiet systemd.show_status=yes console=ttyS0,115200 console=tty0 ignition.platform.id=qemu security=selinux selinux=1 root=UUID=8e1db0e5-66e2-4309-9280-394cf494d447 rootflags=subvol=@/.snapshots/1/snapshot
May 28 07:30:44.178369 localhost kernel: BIOS-provided physical RAM map:
May 28 07:30:44.178378 localhost kernel: BIOS-e820: [mem 0x0000000000000000-0x000000000009ffff] usable
May 28 07:30:44.178384 localhost kernel: BIOS-e820: [mem 0x0000000000100000-0x00000000007fffff] usable
May 28 07:30:44.178389 localhost kernel: BIOS-e820: [mem 0x0000000000800000-0x0000000000807fff] ACPI NVS
May 28 07:30:44.178396 localhost kernel: BIOS-e820: [mem 0x0000000000808000-0x000000000080afff] usable
May 28 07:30:44.178401 localhost kernel: BIOS-e820: [mem 0x000000000080b000-0x000000000080bfff] ACPI NVS
May 28 07:30:44.178405 localhost kernel: BIOS-e820: [mem 0x000000000080c000-0x000000000080ffff] usable
May 28 07:30:44.178410 localhost kernel: BIOS-e820: [mem 0x0000000000810000-0x00000000008fffff] ACPI NVS
May 28 07:30:44.178415 localhost kernel: BIOS-e820: [mem 0x0000000000900000-0x000000003f8eefff] usable
May 28 07:30:44.178420 localhost kernel: BIOS-e820: [mem 0x000000003f8ef000-0x000000003fb6efff] reserved
May 28 07:30:44.178425 localhost kernel: BIOS-e820: [mem 0x000000003fb6f000-0x000000003fb7efff] ACPI data
May 28 07:30:44.178431 localhost kernel: BIOS-e820: [mem 0x000000003fb7f000-0x000000003fbfefff] ACPI NVS
May 28 07:30:44.178440 localhost kernel: BIOS-e820: [mem 0x000000003fbff000-0x000000003ff57fff] usable
May 28 07:30:44.178445 localhost kernel: BIOS-e820: [mem 0x000000003ff58000-0x000000003ff77fff] reserved
May 28 07:30:44.178450 localhost kernel: BIOS-e820: [mem 0x000000003ff78000-0x000000003fffffff] ACPI NVS
May 28 07:30:44.178455 localhost kernel: BIOS-e820: [mem 0x00000000ffe00000-0x00000000ffffffff] reserved
May 28 07:30:44.178460 localhost kernel: NX (Execute Disable) protection: active
May 28 07:30:44.178465 localhost kernel: APIC: Static calls initialized
May 28 07:30:44.178470 localhost kernel: e820: update [mem 0x3e1d9018-0x3e1e2c57] usable ==> usable
May 28 07:30:44.178475 localhost kernel: e820: update [mem 0x3e1b0018-0x3e1d8057] usable ==> usable
May 28 07:30:44.178480 localhost kernel: extended physical RAM map:
May 28 07:30:44.178485 localhost kernel: reserve setup_data: [mem 0x0000000000000000-0x000000000009ffff] usable
May 28 07:30:44.178490 localhost kernel: reserve setup_data: [mem 0x0000000000100000-0x00000000007fffff] usable
May 28 07:30:44.178497 localhost kernel: reserve setup_data: [mem 0x0000000000800000-0x0000000000807fff] ACPI NVS
May 28 07:30:44.178502 localhost kernel: reserve setup_data: [mem 0x0000000000808000-0x000000000080afff] usable
May 28 07:30:44.178507 localhost kernel: reserve setup_data: [mem 0x000000000080b000-0x000000000080bfff] ACPI NVS
May 28 07:30:44.178512 localhost kernel: reserve setup_data: [mem 0x000000000080c000-0x000000000080ffff] usable
May 28 07:30:44.178517 localhost kernel: reserve setup_data: [mem 0x0000000000810000-0x00000000008fffff] ACPI NVS
May 28 07:30:44.178522 localhost kernel: reserve setup_data: [mem 0x0000000000900000-0x000000003e1b0017] usable
May 28 07:30:44.178527 localhost kernel: reserve setup_data: [mem 0x000000003e1b0018-0x000000003e1d8057] usable
May 28 07:30:44.178531 localhost kernel: reserve setup_data: [mem 0x000000003e1d8058-0x000000003e1d9017] usable
May 28 07:30:44.178536 localhost kernel: reserve setup_data: [mem 0x000000003e1d9018-0x000000003e1e2c57] usable
May 28 07:30:44.178541 localhost kernel: reserve setup_data: [mem 0x000000003e1e2c58-0x000000003f8eefff] usable
May 28 07:30:44.178546 localhost kernel: reserve setup_data: [mem 0x000000003f8ef000-0x000000003fb6efff] reserved
May 28 07:30:44.178551 localhost kernel: reserve setup_data: [mem 0x000000003fb6f000-0x000000003fb7efff] ACPI data
May 28 07:30:44.178556 localhost kernel: reserve setup_data: [mem 0x000000003fb7f000-0x000000003fbfefff] ACPI NVS
May 28 07:30:44.178561 localhost kernel: reserve setup_data: [mem 0x000000003fbff000-0x000000003ff57fff] usable
May 28 07:30:44.178566 localhost kernel: reserve setup_data: [mem 0x000000003ff58000-0x000000003ff77fff] reserved
May 28 07:30:44.178574 localhost kernel: reserve setup_data: [mem 0x000000003ff78000-0x000000003fffffff] ACPI NVS
May 28 07:30:44.178579 localhost kernel: reserve setup_data: [mem 0x00000000ffe00000-0x00000000ffffffff] reserved
May 28 07:30:44.178584 localhost kernel: efi: EFI v2.7 by EDK II
May 28 07:30:44.178589 localhost kernel: efi: SMBIOS=0x3f909000 ACPI=0x3fb7e000 ACPI 2.0=0x3fb7e014 MEMATTR=0x3e74b018 MOKvar=0x3e24c000 INITRD=0x3e1e3f98 RNG=0x3fb75018 
May 28 07:30:44.178596 localhost kernel: random: crng init done
May 28 07:30:44.178601 localhost kernel: efi: Remove mem133: MMIO range=[0xffe00000-0xffffffff] (2MB) from e820 map
May 28 07:30:44.178606 localhost kernel: e820: remove [mem 0xffe00000-0xffffffff] reserved
May 28 07:30:44.178611 localhost kernel: secureboot: Secure boot enabled
May 28 07:30:44.178616 localhost kernel: Kernel is locked down from EFI Secure Boot mode; see man kernel_lockdown.7
May 28 07:30:44.178621 localhost kernel: SMBIOS 2.8 present.
May 28 07:30:44.178625 localhost kernel: DMI: QEMU Standard PC (i440FX + PIIX, 1996), BIOS 0.0.0 02/06/2015
May 28 07:30:44.178630 localhost kernel: Hypervisor detected: KVM
May 28 07:30:44.178635 localhost kernel: kvm-clock: Using msrs 4b564d01 and 4b564d00
May 28 07:30:44.178640 localhost kernel: kvm-clock: using sched offset of 6764095524 cycles
May 28 07:30:44.178645 localhost kernel: clocksource: kvm-clock: mask: 0xffffffffffffffff max_cycles: 0x1cd42e4dffb, max_idle_ns: 881590591483 ns
May 28 07:30:44.178651 localhost kernel: tsc: Detected 2199.998 MHz processor
May 28 07:30:44.178656 localhost kernel: e820: update [mem 0x00000000-0x00000fff] usable ==> reserved
May 28 07:30:44.178661 localhost kernel: e820: remove [mem 0x000a0000-0x000fffff] usable
May 28 07:30:44.178666 localhost kernel: last_pfn = 0x3ff58 max_arch_pfn = 0x400000000
May 28 07:30:44.178673 localhost kernel: MTRR map: 4 entries (2 fixed + 2 variable; max 18), built from 8 variable MTRRs
May 28 07:30:44.178679 localhost kernel: x86/PAT: Configuration [0-7]: WB  WC  UC- UC  WB  WP  UC- WT  
May 28 07:30:44.178684 localhost kernel: e820: update [mem 0x3e24c000-0x3e24cfff] usable ==> reserved
May 28 07:30:44.178689 localhost kernel: Using GB pages for direct mapping
May 28 07:30:44.178694 localhost kernel: secureboot: Secure boot enabled
May 28 07:30:44.178699 localhost kernel: RAMDISK: [mem 0x3295e000-0x37469fff]
May 28 07:30:44.178705 localhost kernel: ACPI: Early table checksum verification disabled
May 28 07:30:44.178710 localhost kernel: ACPI: RSDP 0x000000003FB7E014 000024 (v02 BOCHS )
May 28 07:30:44.178715 localhost kernel: ACPI: XSDT 0x000000003FB7D0E8 00004C (v01 BOCHS  BXPC     00000001      01000013)
May 28 07:30:44.178720 localhost kernel: ACPI: FACP 0x000000003FB7A000 000074 (v01 BOCHS  BXPC     00000001 BXPC 00000001)
May 28 07:30:44.178725 localhost kernel: ACPI: DSDT 0x000000003FB7B000 001768 (v01 BOCHS  BXPC     00000001 BXPC 00000001)
May 28 07:30:44.178730 localhost kernel: ACPI: FACS 0x000000003FBDD000 000040
May 28 07:30:44.178737 localhost kernel: ACPI: APIC 0x000000003FB79000 000078 (v01 BOCHS  BXPC     00000001 BXPC 00000001)
May 28 07:30:44.178743 localhost kernel: ACPI: HPET 0x000000003FB78000 000038 (v01 BOCHS  BXPC     00000001 BXPC 00000001)
May 28 07:30:44.178748 localhost kernel: ACPI: WAET 0x000000003FB77000 000028 (v01 BOCHS  BXPC     00000001 BXPC 00000001)
May 28 07:30:44.178753 localhost kernel: ACPI: BGRT 0x000000003FB76000 000038 (v01 INTEL  EDK2     00000002      01000013)
May 28 07:30:44.178758 localhost kernel: ACPI: Reserving FACP table memory at [mem 0x3fb7a000-0x3fb7a073]
May 28 07:30:44.178763 localhost kernel: ACPI: Reserving DSDT table memory at [mem 0x3fb7b000-0x3fb7c767]
May 28 07:30:44.178769 localhost kernel: ACPI: Reserving FACS table memory at [mem 0x3fbdd000-0x3fbdd03f]
May 28 07:30:44.178774 localhost kernel: ACPI: Reserving APIC table memory at [mem 0x3fb79000-0x3fb79077]
May 28 07:30:44.178779 localhost kernel: ACPI: Reserving HPET table memory at [mem 0x3fb78000-0x3fb78037]
May 28 07:30:44.178784 localhost kernel: ACPI: Reserving WAET table memory at [mem 0x3fb77000-0x3fb77027]
May 28 07:30:44.178790 localhost kernel: ACPI: Reserving BGRT table memory at [mem 0x3fb76000-0x3fb76037]
May 28 07:30:44.178796 localhost kernel: No NUMA configuration found
May 28 07:30:44.178802 localhost kernel: Faking a node at [mem 0x0000000000000000-0x000000003ff57fff]
May 28 07:30:44.178807 localhost kernel: NODE_DATA(0) allocated [mem 0x3fe87000-0x3feb1fff]
May 28 07:30:44.178812 localhost kernel: Zone ranges:
May 28 07:30:44.178817 localhost kernel:   DMA      [mem 0x0000000000001000-0x0000000000ffffff]
May 28 07:30:44.178822 localhost kernel:   DMA32    [mem 0x0000000001000000-0x000000003ff57fff]
May 28 07:30:44.178827 localhost kernel:   Normal   empty
May 28 07:30:44.178832 localhost kernel:   Device   empty
May 28 07:30:44.178837 localhost kernel: Movable zone start for each node
May 28 07:30:44.178842 localhost kernel: Early memory node ranges
May 28 07:30:44.178847 localhost kernel:   node   0: [mem 0x0000000000001000-0x000000000009ffff]
May 28 07:30:44.178852 localhost kernel:   node   0: [mem 0x0000000000100000-0x00000000007fffff]
May 28 07:30:44.178858 localhost kernel:   node   0: [mem 0x0000000000808000-0x000000000080afff]
May 28 07:30:44.178864 localhost kernel:   node   0: [mem 0x000000000080c000-0x000000000080ffff]
May 28 07:30:44.178869 localhost kernel:   node   0: [mem 0x0000000000900000-0x000000003f8eefff]
May 28 07:30:44.178875 localhost kernel:   node   0: [mem 0x000000003fbff000-0x000000003ff57fff]
May 28 07:30:44.178880 localhost kernel: Initmem setup node 0 [mem 0x0000000000001000-0x000000003ff57fff]
May 28 07:30:44.178885 localhost kernel: On node 0, zone DMA: 1 pages in unavailable ranges
May 28 07:30:44.178890 localhost kernel: On node 0, zone DMA: 96 pages in unavailable ranges
May 28 07:30:44.178895 localhost kernel: On node 0, zone DMA: 8 pages in unavailable ranges
May 28 07:30:44.178900 localhost kernel: On node 0, zone DMA: 1 pages in unavailable ranges
May 28 07:30:44.178905 localhost kernel: On node 0, zone DMA: 240 pages in unavailable ranges
May 28 07:30:44.178910 localhost kernel: On node 0, zone DMA32: 784 pages in unavailable ranges
May 28 07:30:44.178915 localhost kernel: On node 0, zone DMA32: 168 pages in unavailable ranges
May 28 07:30:44.178920 localhost kernel: ACPI: PM-Timer IO Port: 0xb008
May 28 07:30:44.178926 localhost kernel: ACPI: LAPIC_NMI (acpi_id[0xff] dfl dfl lint[0x1])
May 28 07:30:44.178933 localhost kernel: IOAPIC[0]: apic_id 0, version 17, address 0xfec00000, GSI 0-23
May 28 07:30:44.178938 localhost kernel: ACPI: INT_SRC_OVR (bus 0 bus_irq 0 global_irq 2 dfl dfl)
May 28 07:30:44.178943 localhost kernel: ACPI: INT_SRC_OVR (bus 0 bus_irq 5 global_irq 5 high level)
May 28 07:30:44.178948 localhost kernel: ACPI: INT_SRC_OVR (bus 0 bus_irq 9 global_irq 9 high level)
May 28 07:30:44.178953 localhost kernel: ACPI: INT_SRC_OVR (bus 0 bus_irq 10 global_irq 10 high level)
May 28 07:30:44.178958 localhost kernel: ACPI: INT_SRC_OVR (bus 0 bus_irq 11 global_irq 11 high level)
May 28 07:30:44.178963 localhost kernel: ACPI: Using ACPI (MADT) for SMP configuration information
May 28 07:30:44.178968 localhost kernel: ACPI: HPET id: 0x8086a201 base: 0xfed00000
May 28 07:30:44.178973 localhost kernel: e820: update [mem 0x3e2a0000-0x3e2a8fff] usable ==> reserved
May 28 07:30:44.178979 localhost kernel: TSC deadline timer available
May 28 07:30:44.178988 localhost kernel: CPU topo: Max. logical packages:   1
May 28 07:30:44.178993 localhost kernel: CPU topo: Max. logical dies:       1
May 28 07:30:44.178998 localhost kernel: CPU topo: Max. dies per package:   1
May 28 07:30:44.179005 localhost kernel: CPU topo: Max. threads per core:   1
May 28 07:30:44.179010 localhost kernel: CPU topo: Num. cores per package:     1
May 28 07:30:44.179015 localhost kernel: CPU topo: Num. threads per package:   1
May 28 07:30:44.179020 localhost kernel: CPU topo: Allowing 1 present CPUs plus 0 hotplug CPUs
May 28 07:30:44.179025 localhost kernel: kvm-guest: APIC: eoi() replaced with kvm_guest_apic_eoi_write()
May 28 07:30:44.179031 localhost kernel: PM: hibernation: Registered nosave memory: [mem 0x00000000-0x00000fff]
May 28 07:30:44.179036 localhost kernel: PM: hibernation: Registered nosave memory: [mem 0x000a0000-0x000fffff]
May 28 07:30:44.179041 localhost kernel: PM: hibernation: Registered nosave memory: [mem 0x00800000-0x00807fff]
May 28 07:30:44.179046 localhost kernel: PM: hibernation: Registered nosave memory: [mem 0x0080b000-0x0080bfff]
May 28 07:30:44.179053 localhost kernel: PM: hibernation: Registered nosave memory: [mem 0x00810000-0x008fffff]
May 28 07:30:44.179058 localhost kernel: PM: hibernation: Registered nosave memory: [mem 0x3e1b0000-0x3e1b0fff]
May 28 07:30:44.179063 localhost kernel: PM: hibernation: Registered nosave memory: [mem 0x3e1d8000-0x3e1d8fff]
May 28 07:30:44.179068 localhost kernel: PM: hibernation: Registered nosave memory: [mem 0x3e1d9000-0x3e1d9fff]
May 28 07:30:44.179074 localhost kernel: PM: hibernation: Registered nosave memory: [mem 0x3e1e2000-0x3e1e2fff]
May 28 07:30:44.179079 localhost kernel: PM: hibernation: Registered nosave memory: [mem 0x3e24c000-0x3e24cfff]
May 28 07:30:44.179084 localhost kernel: PM: hibernation: Registered nosave memory: [mem 0x3e2a0000-0x3e2a8fff]
May 28 07:30:44.179089 localhost kernel: PM: hibernation: Registered nosave memory: [mem 0x3f8ef000-0x3fb6efff]
May 28 07:30:44.179094 localhost kernel: PM: hibernation: Registered nosave memory: [mem 0x3fb6f000-0x3fb7efff]
May 28 07:30:44.179099 localhost kernel: PM: hibernation: Registered nosave memory: [mem 0x3fb7f000-0x3fbfefff]
May 28 07:30:44.179104 localhost kernel: [mem 0x40000000-0xffffffff] available for PCI devices
May 28 07:30:44.179110 localhost kernel: Booting paravirtualized kernel on KVM
May 28 07:30:44.179117 localhost kernel: clocksource: refined-jiffies: mask: 0xffffffff max_cycles: 0xffffffff, max_idle_ns: 6370452778343963 ns
May 28 07:30:44.179122 localhost kernel: setup_percpu: NR_CPUS:8192 nr_cpumask_bits:1 nr_cpu_ids:1 nr_node_ids:1
May 28 07:30:44.179128 localhost kernel: percpu: Embedded 72 pages/cpu s258048 r8192 d28672 u2097152
May 28 07:30:44.179133 localhost kernel: pcpu-alloc: s258048 r8192 d28672 u2097152 alloc=1*2097152
May 28 07:30:44.179138 localhost kernel: pcpu-alloc: [0] 0 
May 28 07:30:44.179143 localhost kernel: kvm-guest: PV spinlocks disabled, single CPU
May 28 07:30:44.179150 localhost kernel: Kernel command line: initrd=\opensuse-microos\6.9.1-1-default\initrd-684b272fb55f1cef9c0172c83fed01af3ec0d511 quiet systemd.show_status=yes console=ttyS0,115200 console=tty0 ignition.platform.id=qemu security=selinux selinux=1 root=UUID=8e1db0e5-66e2-4309-9280-394cf494d447 rootflags=subvol=@/.snapshots/1/snapshot
May 28 07:30:44.179156 localhost kernel: Dentry cache hash table entries: 131072 (order: 8, 1048576 bytes, linear)
May 28 07:30:44.179161 localhost kernel: Inode-cache hash table entries: 65536 (order: 7, 524288 bytes, linear)
May 28 07:30:44.179166 localhost kernel: Fallback order for Node 0: 0 
May 28 07:30:44.179172 localhost kernel: Built 1 zonelists, mobility grouping on.  Total pages: 254806
May 28 07:30:44.179178 localhost kernel: Policy zone: DMA32
May 28 07:30:44.179183 localhost kernel: mem auto-init: stack:off, heap alloc:off, heap free:off
May 28 07:30:44.179189 localhost kernel: Memory: 247576K/1043384K available (16384K kernel code, 3000K rwdata, 13020K rodata, 4224K init, 4384K bss, 181452K reserved, 0K cma-reserved)
May 28 07:30:44.179194 localhost kernel: SLUB: HWalign=64, Order=0-3, MinObjects=0, CPUs=1, Nodes=1
May 28 07:30:44.179199 localhost kernel: ftrace: allocating 47505 entries in 186 pages
May 28 07:30:44.179204 localhost kernel: ftrace: allocated 186 pages with 5 groups
May 28 07:30:44.179209 localhost kernel: Dynamic Preempt: voluntary
May 28 07:30:44.179215 localhost kernel: rcu: Preemptible hierarchical RCU implementation.
May 28 07:30:44.179220 localhost kernel: rcu:         RCU event tracing is enabled.
May 28 07:30:44.179226 localhost kernel: rcu:         RCU restricting CPUs from NR_CPUS=8192 to nr_cpu_ids=1.
May 28 07:30:44.179231 localhost kernel:         Trampoline variant of Tasks RCU enabled.
May 28 07:30:44.179238 localhost kernel:         Rude variant of Tasks RCU enabled.
May 28 07:30:44.179244 localhost kernel:         Tracing variant of Tasks RCU enabled.
May 28 07:30:44.179249 localhost kernel: rcu: RCU calculated value of scheduler-enlistment delay is 30 jiffies.
May 28 07:30:44.179254 localhost kernel: rcu: Adjusting geometry for rcu_fanout_leaf=16, nr_cpu_ids=1
May 28 07:30:44.179259 localhost kernel: RCU Tasks: Setting shift to 0 and lim to 1 rcu_task_cb_adjust=1.
May 28 07:30:44.179264 localhost kernel: RCU Tasks Rude: Setting shift to 0 and lim to 1 rcu_task_cb_adjust=1.
May 28 07:30:44.179269 localhost kernel: RCU Tasks Trace: Setting shift to 0 and lim to 1 rcu_task_cb_adjust=1.
May 28 07:30:44.179274 localhost kernel: NR_IRQS: 524544, nr_irqs: 256, preallocated irqs: 16
May 28 07:30:44.179280 localhost kernel: rcu: srcu_init: Setting srcu_struct sizes based on contention.
May 28 07:30:44.179285 localhost kernel: Console: colour dummy device 80x25
May 28 07:30:44.179290 localhost kernel: printk: legacy console [tty0] enabled
May 28 07:30:44.179295 localhost kernel: printk: legacy console [ttyS0] enabled
May 28 07:30:44.179300 localhost kernel: ACPI: Core revision 20230628
May 28 07:30:44.179307 localhost kernel: clocksource: hpet: mask: 0xffffffff max_cycles: 0xffffffff, max_idle_ns: 19112604467 ns
May 28 07:30:44.179312 localhost kernel: APIC: Switch to symmetric I/O mode setup
May 28 07:30:44.179317 localhost kernel: x2apic enabled
May 28 07:30:44.179322 localhost kernel: APIC: Switched APIC routing to: physical x2apic
May 28 07:30:44.179327 localhost kernel: ..TIMER: vector=0x30 apic1=0 pin1=2 apic2=-1 pin2=-1
May 28 07:30:44.179332 localhost kernel: clocksource: tsc-early: mask: 0xffffffffffffffff max_cycles: 0x1fb63109b96, max_idle_ns: 440795265316 ns
May 28 07:30:44.179338 localhost kernel: Calibrating delay loop (skipped) preset value.. 4401.32 BogoMIPS (lpj=7333326)
May 28 07:30:44.179343 localhost kernel: x86/cpu: User Mode Instruction Prevention (UMIP) activated
May 28 07:30:44.179348 localhost kernel: Last level iTLB entries: 4KB 512, 2MB 255, 4MB 127
May 28 07:30:44.179353 localhost kernel: Last level dTLB entries: 4KB 512, 2MB 255, 4MB 127, 1GB 0
May 28 07:30:44.179358 localhost kernel: Spectre V1 : Mitigation: usercopy/swapgs barriers and __user pointer sanitization
May 28 07:30:44.179365 localhost kernel: Spectre V2 : Mitigation: Retpolines
May 28 07:30:44.179370 localhost kernel: Spectre V2 : Spectre v2 / SpectreRSB mitigation: Filling RSB on context switch
May 28 07:30:44.179375 localhost kernel: Spectre V2 : Spectre v2 / SpectreRSB : Filling RSB on VMEXIT
May 28 07:30:44.179381 localhost kernel: Spectre V2 : Enabling Restricted Speculation for firmware calls
May 28 07:30:44.179386 localhost kernel: Spectre V2 : mitigation: Enabling conditional Indirect Branch Prediction Barrier
May 28 07:30:44.179391 localhost kernel: Speculative Store Bypass: Mitigation: Speculative Store Bypass disabled via prctl
May 28 07:30:44.179396 localhost kernel: Speculative Return Stack Overflow: IBPB-extending microcode not applied!
May 28 07:30:44.179402 localhost kernel: Speculative Return Stack Overflow: WARNING: See https://kernel.org/doc/html/latest/admin-guide/hw-vuln/srso.html for mitigation options.
May 28 07:30:44.179407 localhost kernel: Speculative Return Stack Overflow: Vulnerable: Safe RET, no microcode
May 28 07:30:44.179412 localhost kernel: x86/fpu: Supporting XSAVE feature 0x001: 'x87 floating point registers'
May 28 07:30:44.179418 localhost kernel: x86/fpu: Supporting XSAVE feature 0x002: 'SSE registers'
May 28 07:30:44.179425 localhost kernel: x86/fpu: Supporting XSAVE feature 0x004: 'AVX registers'
May 28 07:30:44.179430 localhost kernel: x86/fpu: Supporting XSAVE feature 0x200: 'Protection Keys User registers'
May 28 07:30:44.179435 localhost kernel: x86/fpu: xstate_offset[2]:  576, xstate_sizes[2]:  256
May 28 07:30:44.179440 localhost kernel: x86/fpu: xstate_offset[9]:  832, xstate_sizes[9]:    8
May 28 07:30:44.179445 localhost kernel: x86/fpu: Enabled xstate features 0x207, context size is 840 bytes, using 'compacted' format.
May 28 07:30:44.179450 localhost kernel: Freeing SMP alternatives memory: 40K
May 28 07:30:44.179455 localhost kernel: pid_max: default: 32768 minimum: 301
May 28 07:30:44.179461 localhost kernel: LSM: initializing lsm=lockdown,capability,landlock,yama,selinux,bpf,ima,evm
May 28 07:30:44.179466 localhost kernel: landlock: Up and running.
May 28 07:30:44.179471 localhost kernel: Yama: becoming mindful.
May 28 07:30:44.179476 localhost kernel: SELinux:  Initializing.
May 28 07:30:44.179481 localhost kernel: LSM support for eBPF active
May 28 07:30:44.179488 localhost kernel: Mount-cache hash table entries: 2048 (order: 2, 16384 bytes, linear)
May 28 07:30:44.179493 localhost kernel: Mountpoint-cache hash table entries: 2048 (order: 2, 16384 bytes, linear)
May 28 07:30:44.179498 localhost kernel: smpboot: CPU0: AMD EPYC 7773X 64-Core Processor (family: 0x19, model: 0x1, stepping: 0x2)
May 28 07:30:44.179503 localhost kernel: Performance Events: Fam17h+ core perfctr, AMD PMU driver.
May 28 07:30:44.179508 localhost kernel: ... version:                0
May 28 07:30:44.179513 localhost kernel: ... bit width:              48
May 28 07:30:44.179518 localhost kernel: ... generic registers:      6
May 28 07:30:44.179524 localhost kernel: ... value mask:             0000ffffffffffff
May 28 07:30:44.179529 localhost kernel: ... max period:             00007fffffffffff
May 28 07:30:44.179534 localhost kernel: ... fixed-purpose events:   0
May 28 07:30:44.179539 localhost kernel: ... event mask:             000000000000003f
May 28 07:30:44.179544 localhost kernel: signal: max sigframe size: 3376
May 28 07:30:44.179551 localhost kernel: rcu: Hierarchical SRCU implementation.
May 28 07:30:44.179556 localhost kernel: rcu:         Max phase no-delay instances is 1000.
May 28 07:30:44.179561 localhost kernel: smp: Bringing up secondary CPUs ...
May 28 07:30:44.179566 localhost kernel: smp: Brought up 1 node, 1 CPU
May 28 07:30:44.179571 localhost kernel: smpboot: Total of 1 processors activated (4401.32 BogoMIPS)
May 28 07:30:44.179576 localhost kernel: node 0 deferred pages initialised in 4ms
May 28 07:30:44.179582 localhost kernel: devtmpfs: initialized
May 28 07:30:44.179587 localhost kernel: x86/mm: Memory block size: 128MB
May 28 07:30:44.179592 localhost kernel: ACPI: PM: Registering ACPI NVS region [mem 0x00800000-0x00807fff] (32768 bytes)
May 28 07:30:44.179597 localhost kernel: ACPI: PM: Registering ACPI NVS region [mem 0x0080b000-0x0080bfff] (4096 bytes)
May 28 07:30:44.179602 localhost kernel: ACPI: PM: Registering ACPI NVS region [mem 0x00810000-0x008fffff] (983040 bytes)
May 28 07:30:44.179607 localhost kernel: ACPI: PM: Registering ACPI NVS region [mem 0x3fb7f000-0x3fbfefff] (524288 bytes)
May 28 07:30:44.179614 localhost kernel: ACPI: PM: Registering ACPI NVS region [mem 0x3ff78000-0x3fffffff] (557056 bytes)
May 28 07:30:44.179620 localhost kernel: clocksource: jiffies: mask: 0xffffffff max_cycles: 0xffffffff, max_idle_ns: 6370867519511994 ns
May 28 07:30:44.179625 localhost kernel: futex hash table entries: 256 (order: 2, 16384 bytes, linear)
May 28 07:30:44.179630 localhost kernel: pinctrl core: initialized pinctrl subsystem
May 28 07:30:44.179635 localhost kernel: PM: RTC time: 07:30:42, date: 2024-05-28
May 28 07:30:44.179640 localhost kernel: NET: Registered PF_NETLINK/PF_ROUTE protocol family
May 28 07:30:44.179646 localhost kernel: DMA: preallocated 128 KiB GFP_KERNEL pool for atomic allocations
May 28 07:30:44.179651 localhost kernel: DMA: preallocated 128 KiB GFP_KERNEL|GFP_DMA pool for atomic allocations
May 28 07:30:44.179656 localhost kernel: DMA: preallocated 128 KiB GFP_KERNEL|GFP_DMA32 pool for atomic allocations
May 28 07:30:44.179661 localhost kernel: audit: initializing netlink subsys (disabled)
May 28 07:30:44.179666 localhost kernel: audit: type=2000 audit(1716881443.706:1): state=initialized audit_enabled=0 res=1
May 28 07:30:44.179673 localhost kernel: thermal_sys: Registered thermal governor 'fair_share'
May 28 07:30:44.179678 localhost kernel: thermal_sys: Registered thermal governor 'bang_bang'
May 28 07:30:44.179684 localhost kernel: thermal_sys: Registered thermal governor 'step_wise'
May 28 07:30:44.179689 localhost kernel: thermal_sys: Registered thermal governor 'user_space'
May 28 07:30:44.179694 localhost kernel: cpuidle: using governor ladder
May 28 07:30:44.179699 localhost kernel: cpuidle: using governor menu
May 28 07:30:44.179704 localhost kernel: acpiphp: ACPI Hot Plug PCI Controller Driver version: 0.5
May 28 07:30:44.179709 localhost kernel: PCI: Using configuration type 1 for base access
May 28 07:30:44.179714 localhost kernel: PCI: Using configuration type 1 for extended access
May 28 07:30:44.179720 localhost kernel: kprobes: kprobe jump-optimization is enabled. All kprobes are optimized if possible.
May 28 07:30:44.179725 localhost kernel: HugeTLB: registered 1.00 GiB page size, pre-allocated 0 pages
May 28 07:30:44.179730 localhost kernel: HugeTLB: 16380 KiB vmemmap can be freed for a 1.00 GiB page
May 28 07:30:44.179737 localhost kernel: HugeTLB: registered 2.00 MiB page size, pre-allocated 0 pages
May 28 07:30:44.179742 localhost kernel: HugeTLB: 28 KiB vmemmap can be freed for a 2.00 MiB page
May 28 07:30:44.179747 localhost kernel: Demotion targets for Node 0: null
May 28 07:30:44.179752 localhost kernel: ACPI: Added _OSI(Module Device)
May 28 07:30:44.179757 localhost kernel: ACPI: Added _OSI(Processor Device)
May 28 07:30:44.179762 localhost kernel: ACPI: Added _OSI(3.0 _SCP Extensions)
May 28 07:30:44.179768 localhost kernel: ACPI: Added _OSI(Processor Aggregator Device)
May 28 07:30:44.179773 localhost kernel: ACPI: 1 ACPI AML tables successfully acquired and loaded
May 28 07:30:44.179778 localhost kernel: ACPI: _OSC evaluation for CPUs failed, trying _PDC
May 28 07:30:44.179783 localhost kernel: ACPI: Interpreter enabled
May 28 07:30:44.179788 localhost kernel: ACPI: PM: (supports S0 S3 S4 S5)
May 28 07:30:44.179793 localhost kernel: ACPI: Using IOAPIC for interrupt routing
May 28 07:30:44.179800 localhost kernel: PCI: Using host bridge windows from ACPI; if necessary, use "pci=nocrs" and report a bug
May 28 07:30:44.179806 localhost kernel: PCI: Using E820 reservations for host bridge windows
May 28 07:30:44.179811 localhost kernel: ACPI: Enabled 2 GPEs in block 00 to 0F
May 28 07:30:44.179816 localhost kernel: ACPI: PCI Root Bridge [PCI0] (domain 0000 [bus 00-ff])
May 28 07:30:44.183555 localhost kernel: acpi PNP0A03:00: _OSC: OS supports [ExtendedConfig ASPM ClockPM Segments MSI EDR HPX-Type3]
May 28 07:30:44.183570 localhost kernel: acpiphp: Slot [3] registered
May 28 07:30:44.183577 localhost kernel: acpiphp: Slot [4] registered
May 28 07:30:44.183582 localhost kernel: acpiphp: Slot [5] registered
May 28 07:30:44.183587 localhost kernel: acpiphp: Slot [6] registered
May 28 07:30:44.183592 localhost kernel: acpiphp: Slot [7] registered
May 28 07:30:44.183601 localhost kernel: acpiphp: Slot [8] registered
May 28 07:30:44.183606 localhost kernel: acpiphp: Slot [9] registered
May 28 07:30:44.183611 localhost kernel: acpiphp: Slot [10] registered
May 28 07:30:44.183617 localhost kernel: acpiphp: Slot [11] registered
May 28 07:30:44.183622 localhost kernel: acpiphp: Slot [12] registered
May 28 07:30:44.183627 localhost kernel: acpiphp: Slot [13] registered
May 28 07:30:44.183632 localhost kernel: acpiphp: Slot [14] registered
May 28 07:30:44.183637 localhost kernel: acpiphp: Slot [15] registered
May 28 07:30:44.183642 localhost kernel: acpiphp: Slot [16] registered
May 28 07:30:44.183647 localhost kernel: acpiphp: Slot [17] registered
May 28 07:30:44.183652 localhost kernel: acpiphp: Slot [18] registered
May 28 07:30:44.183657 localhost kernel: acpiphp: Slot [19] registered
May 28 07:30:44.183662 localhost kernel: acpiphp: Slot [20] registered
May 28 07:30:44.183669 localhost kernel: acpiphp: Slot [21] registered
May 28 07:30:44.183674 localhost kernel: acpiphp: Slot [22] registered
May 28 07:30:44.183679 localhost kernel: acpiphp: Slot [23] registered
May 28 07:30:44.183684 localhost kernel: acpiphp: Slot [24] registered
May 28 07:30:44.183689 localhost kernel: acpiphp: Slot [25] registered
May 28 07:30:44.183694 localhost kernel: acpiphp: Slot [26] registered
May 28 07:30:44.183699 localhost kernel: acpiphp: Slot [27] registered
May 28 07:30:44.183704 localhost kernel: acpiphp: Slot [28] registered
May 28 07:30:44.183709 localhost kernel: acpiphp: Slot [29] registered
May 28 07:30:44.183715 localhost kernel: acpiphp: Slot [30] registered
May 28 07:30:44.183720 localhost kernel: acpiphp: Slot [31] registered
May 28 07:30:44.183725 localhost kernel: PCI host bridge to bus 0000:00
May 28 07:30:44.183859 localhost kernel: pci_bus 0000:00: root bus resource [io  0x0000-0x0cf7 window]
May 28 07:30:44.183968 localhost kernel: pci_bus 0000:00: root bus resource [io  0x0d00-0xffff window]
May 28 07:30:44.184071 localhost kernel: pci_bus 0000:00: root bus resource [mem 0x000a0000-0x000bffff window]
May 28 07:30:44.184174 localhost kernel: pci_bus 0000:00: root bus resource [mem 0x40000000-0xfebfffff window]
May 28 07:30:44.184276 localhost kernel: pci_bus 0000:00: root bus resource [mem 0x800000000-0x87fffffff window]
May 28 07:30:44.184376 localhost kernel: pci_bus 0000:00: root bus resource [bus 00-ff]
May 28 07:30:44.184503 localhost kernel: pci 0000:00:00.0: [8086:1237] type 00 class 0x060000 conventional PCI endpoint
May 28 07:30:44.184625 localhost kernel: pci 0000:00:01.0: [8086:7000] type 00 class 0x060100 conventional PCI endpoint
May 28 07:30:44.184748 localhost kernel: pci 0000:00:01.1: [8086:7010] type 00 class 0x010180 conventional PCI endpoint
May 28 07:30:44.184858 localhost kernel: pci 0000:00:01.1: BAR 4 [io  0xc1c0-0xc1cf]
May 28 07:30:44.184971 localhost kernel: pci 0000:00:01.1: BAR 0 [io  0x01f0-0x01f7]: legacy IDE quirk
May 28 07:30:44.185081 localhost kernel: pci 0000:00:01.1: BAR 1 [io  0x03f6]: legacy IDE quirk
May 28 07:30:44.185191 localhost kernel: pci 0000:00:01.1: BAR 2 [io  0x0170-0x0177]: legacy IDE quirk
May 28 07:30:44.185300 localhost kernel: pci 0000:00:01.1: BAR 3 [io  0x0376]: legacy IDE quirk
May 28 07:30:44.185417 localhost kernel: pci 0000:00:01.3: [8086:7113] type 00 class 0x068000 conventional PCI endpoint
May 28 07:30:44.185526 localhost kernel: pci 0000:00:01.3: quirk: [io  0xb000-0xb03f] claimed by PIIX4 ACPI
May 28 07:30:44.185634 localhost kernel: pci 0000:00:01.3: quirk: [io  0xb100-0xb10f] claimed by PIIX4 SMB
May 28 07:30:44.185755 localhost kernel: pci 0000:00:02.0: [1234:1111] type 00 class 0x030000 conventional PCI endpoint
May 28 07:30:44.185865 localhost kernel: pci 0000:00:02.0: BAR 0 [mem 0x80000000-0x80ffffff pref]
May 28 07:30:44.185993 localhost kernel: pci 0000:00:02.0: BAR 2 [mem 0x81049000-0x81049fff]
May 28 07:30:44.186108 localhost kernel: pci 0000:00:02.0: ROM [mem 0xffff0000-0xffffffff pref]
May 28 07:30:44.186216 localhost kernel: pci 0000:00:02.0: Video device with shadowed ROM at [mem 0x000c0000-0x000dffff]
May 28 07:30:44.186332 localhost kernel: pci 0000:00:03.0: [8086:2668] type 00 class 0x040300 conventional PCI endpoint
May 28 07:30:44.186441 localhost kernel: pci 0000:00:03.0: BAR 0 [mem 0x81040000-0x81043fff]
May 28 07:30:44.186562 localhost kernel: pci 0000:00:04.0: [1af4:1000] type 00 class 0x020000 conventional PCI endpoint
May 28 07:30:44.193393 localhost kernel: pci 0000:00:04.0: BAR 0 [io  0xc1a0-0xc1bf]
May 28 07:30:44.193524 localhost kernel: pci 0000:00:04.0: BAR 1 [mem 0x81048000-0x81048fff]
May 28 07:30:44.193640 localhost kernel: pci 0000:00:04.0: BAR 4 [mem 0x800000000-0x800003fff 64bit pref]
May 28 07:30:44.193753 localhost kernel: pci 0000:00:04.0: ROM [mem 0xfffc0000-0xffffffff pref]
May 28 07:30:44.193875 localhost kernel: pci 0000:00:05.0: [1af4:1005] type 00 class 0x00ff00 conventional PCI endpoint
May 28 07:30:44.193997 localhost kernel: pci 0000:00:05.0: BAR 0 [io  0xc180-0xc19f]
May 28 07:30:44.194110 localhost kernel: pci 0000:00:05.0: BAR 4 [mem 0x800004000-0x800007fff 64bit pref]
May 28 07:30:44.194229 localhost kernel: pci 0000:00:06.0: [1b36:000d] type 00 class 0x0c0330 conventional PCI endpoint
May 28 07:30:44.194339 localhost kernel: pci 0000:00:06.0: BAR 0 [mem 0x800018000-0x80001bfff 64bit]
May 28 07:30:44.194457 localhost kernel: pci 0000:00:07.0: [1af4:1003] type 00 class 0x078000 conventional PCI endpoint
May 28 07:30:44.194573 localhost kernel: pci 0000:00:07.0: BAR 0 [io  0xc140-0xc17f]
May 28 07:30:44.194682 localhost kernel: pci 0000:00:07.0: BAR 1 [mem 0x81047000-0x81047fff]
May 28 07:30:44.194790 localhost kernel: pci 0000:00:07.0: BAR 4 [mem 0x800008000-0x80000bfff 64bit pref]
May 28 07:30:44.194910 localhost kernel: pci 0000:00:08.0: [1af4:1004] type 00 class 0x010000 conventional PCI endpoint
May 28 07:30:44.195021 localhost kernel: pci 0000:00:08.0: BAR 0 [io  0xc100-0xc13f]
May 28 07:30:44.195130 localhost kernel: pci 0000:00:08.0: BAR 1 [mem 0x81046000-0x81046fff]
May 28 07:30:44.195238 localhost kernel: pci 0000:00:08.0: BAR 4 [mem 0x80000c000-0x80000ffff 64bit pref]
May 28 07:30:44.195354 localhost kernel: pci 0000:00:09.0: [1af4:1001] type 00 class 0x010000 conventional PCI endpoint
May 28 07:30:44.195471 localhost kernel: pci 0000:00:09.0: BAR 0 [io  0xc080-0xc0ff]
May 28 07:30:44.195583 localhost kernel: pci 0000:00:09.0: BAR 1 [mem 0x81045000-0x81045fff]
May 28 07:30:44.195691 localhost kernel: pci 0000:00:09.0: BAR 4 [mem 0x800010000-0x800013fff 64bit pref]
May 28 07:30:44.195811 localhost kernel: pci 0000:00:0a.0: [1af4:1001] type 00 class 0x010000 conventional PCI endpoint
May 28 07:30:44.195932 localhost kernel: pci 0000:00:0a.0: BAR 0 [io  0xc000-0xc07f]
May 28 07:30:44.196044 localhost kernel: pci 0000:00:0a.0: BAR 1 [mem 0x81044000-0x81044fff]
May 28 07:30:44.196152 localhost kernel: pci 0000:00:0a.0: BAR 4 [mem 0x800014000-0x800017fff 64bit pref]
May 28 07:30:44.196160 localhost kernel: ACPI: PCI: Interrupt link LNKA configured for IRQ 10
May 28 07:30:44.196166 localhost kernel: ACPI: PCI: Interrupt link LNKB configured for IRQ 10
May 28 07:30:44.196171 localhost kernel: ACPI: PCI: Interrupt link LNKC configured for IRQ 11
May 28 07:30:44.196176 localhost kernel: ACPI: PCI: Interrupt link LNKD configured for IRQ 11
May 28 07:30:44.196182 localhost kernel: ACPI: PCI: Interrupt link LNKS configured for IRQ 9
May 28 07:30:44.196187 localhost kernel: iommu: Default domain type: Passthrough
May 28 07:30:44.196192 localhost kernel: pps_core: LinuxPPS API ver. 1 registered
May 28 07:30:44.196197 localhost kernel: pps_core: Software ver. 5.3.6 - Copyright 2005-2007 Rodolfo Giometti <giometti@linux.it>
May 28 07:30:44.196206 localhost kernel: PTP clock support registered
May 28 07:30:44.196211 localhost kernel: EDAC MC: Ver: 3.0.0
May 28 07:30:44.196216 localhost kernel: efivars: Registered efivars operations
May 28 07:30:44.196222 localhost kernel: NetLabel: Initializing
May 28 07:30:44.196227 localhost kernel: NetLabel:  domain hash size = 128
May 28 07:30:44.196232 localhost kernel: NetLabel:  protocols = UNLABELED CIPSOv4 CALIPSO
May 28 07:30:44.196239 localhost kernel: NetLabel:  unlabeled traffic allowed by default
May 28 07:30:44.196244 localhost kernel: mctp: management component transport protocol core
May 28 07:30:44.196250 localhost kernel: NET: Registered PF_MCTP protocol family
May 28 07:30:44.196255 localhost kernel: PCI: Using ACPI for IRQ routing
May 28 07:30:44.196260 localhost kernel: PCI: pci_cache_line_size set to 64 bytes
May 28 07:30:44.196265 localhost kernel: e820: reserve RAM buffer [mem 0x0080b000-0x008fffff]
May 28 07:30:44.196270 localhost kernel: e820: reserve RAM buffer [mem 0x00810000-0x008fffff]
May 28 07:30:44.196275 localhost kernel: e820: reserve RAM buffer [mem 0x3e1b0018-0x3fffffff]
May 28 07:30:44.196280 localhost kernel: e820: reserve RAM buffer [mem 0x3e1d9018-0x3fffffff]
May 28 07:30:44.196286 localhost kernel: e820: reserve RAM buffer [mem 0x3e24c000-0x3fffffff]
May 28 07:30:44.196292 localhost kernel: e820: reserve RAM buffer [mem 0x3e2a0000-0x3fffffff]
May 28 07:30:44.196298 localhost kernel: e820: reserve RAM buffer [mem 0x3f8ef000-0x3fffffff]
May 28 07:30:44.196303 localhost kernel: e820: reserve RAM buffer [mem 0x3ff58000-0x3fffffff]
May 28 07:30:44.196411 localhost kernel: pci 0000:00:02.0: vgaarb: setting as boot VGA device
May 28 07:30:44.196523 localhost kernel: pci 0000:00:02.0: vgaarb: bridge control possible
May 28 07:30:44.196631 localhost kernel: pci 0000:00:02.0: vgaarb: VGA device added: decodes=io+mem,owns=io+mem,locks=none
May 28 07:30:44.202320 localhost kernel: vgaarb: loaded
May 28 07:30:44.202330 localhost kernel: hpet0: at MMIO 0xfed00000, IRQs 2, 8, 0
May 28 07:30:44.202337 localhost kernel: hpet0: 3 comparators, 64-bit 100.000000 MHz counter
May 28 07:30:44.202342 localhost kernel: clocksource: Switched to clocksource kvm-clock
May 28 07:30:44.202347 localhost kernel: VFS: Disk quotas dquot_6.6.0
May 28 07:30:44.202357 localhost kernel: VFS: Dquot-cache hash table entries: 512 (order 0, 4096 bytes)
May 28 07:30:44.202362 localhost kernel: pnp: PnP ACPI init
May 28 07:30:44.202508 localhost kernel: pnp 00:02: [dma 2]
May 28 07:30:44.202518 localhost kernel: pnp: PnP ACPI: found 6 devices
May 28 07:30:44.202524 localhost kernel: clocksource: acpi_pm: mask: 0xffffff max_cycles: 0xffffff, max_idle_ns: 2085701024 ns
May 28 07:30:44.202529 localhost kernel: NET: Registered PF_INET protocol family
May 28 07:30:44.202535 localhost kernel: IP idents hash table entries: 16384 (order: 5, 131072 bytes, linear)
May 28 07:30:44.202540 localhost kernel: tcp_listen_portaddr_hash hash table entries: 512 (order: 1, 8192 bytes, linear)
May 28 07:30:44.202545 localhost kernel: Table-perturb hash table entries: 65536 (order: 6, 262144 bytes, linear)
May 28 07:30:44.202551 localhost kernel: TCP established hash table entries: 8192 (order: 4, 65536 bytes, linear)
May 28 07:30:44.202556 localhost kernel: TCP bind hash table entries: 8192 (order: 6, 262144 bytes, linear)
May 28 07:30:44.202561 localhost kernel: TCP: Hash tables configured (established 8192 bind 8192)
May 28 07:30:44.202569 localhost kernel: MPTCP token hash table entries: 1024 (order: 2, 24576 bytes, linear)
May 28 07:30:44.202574 localhost kernel: UDP hash table entries: 512 (order: 2, 16384 bytes, linear)
May 28 07:30:44.202580 localhost kernel: UDP-Lite hash table entries: 512 (order: 2, 16384 bytes, linear)
May 28 07:30:44.202585 localhost kernel: NET: Registered PF_UNIX/PF_LOCAL protocol family
May 28 07:30:44.202590 localhost kernel: NET: Registered PF_XDP protocol family
May 28 07:30:44.202709 localhost kernel: pci 0000:00:04.0: ROM [mem 0xfffc0000-0xffffffff pref]: can't claim; no compatible bridge window
May 28 07:30:44.202824 localhost kernel: pci 0000:00:04.0: ROM [mem 0x40000000-0x4003ffff pref]: assigned
May 28 07:30:44.202930 localhost kernel: pci_bus 0000:00: resource 4 [io  0x0000-0x0cf7 window]
May 28 07:30:44.203031 localhost kernel: pci_bus 0000:00: resource 5 [io  0x0d00-0xffff window]
May 28 07:30:44.203132 localhost kernel: pci_bus 0000:00: resource 6 [mem 0x000a0000-0x000bffff window]
May 28 07:30:44.203237 localhost kernel: pci_bus 0000:00: resource 7 [mem 0x40000000-0xfebfffff window]
May 28 07:30:44.206777 localhost kernel: pci_bus 0000:00: resource 8 [mem 0x800000000-0x87fffffff window]
May 28 07:30:44.206901 localhost kernel: pci 0000:00:01.0: PIIX3: Enabling Passive Release
May 28 07:30:44.207015 localhost kernel: pci 0000:00:00.0: Limiting direct PCI/PCI transfers
May 28 07:30:44.207024 localhost kernel: ACPI: \_SB_.LNKB: Enabled at IRQ 10
May 28 07:30:44.207134 localhost kernel: pci 0000:00:06.0: quirk_usb_early_handoff+0x0/0x710 took 77402 usecs
May 28 07:30:44.207142 localhost kernel: PCI: CLS 0 bytes, default 64
May 28 07:30:44.207147 localhost kernel: Trying to unpack rootfs image as initramfs...
May 28 07:30:44.207153 localhost kernel: clocksource: tsc: mask: 0xffffffffffffffff max_cycles: 0x1fb63109b96, max_idle_ns: 440795265316 ns
May 28 07:30:44.207159 localhost kernel: Initialise system trusted keyrings
May 28 07:30:44.207164 localhost kernel: Key type blacklist registered
May 28 07:30:44.207173 localhost kernel: workingset: timestamp_bits=36 max_order=18 bucket_order=0
May 28 07:30:44.207178 localhost kernel: zbud: loaded
May 28 07:30:44.207183 localhost kernel: integrity: Platform Keyring initialized
May 28 07:30:44.207188 localhost kernel: integrity: Machine keyring initialized
May 28 07:30:44.207194 localhost kernel: Key type asymmetric registered
May 28 07:30:44.207199 localhost kernel: Asymmetric key parser 'x509' registered
May 28 07:30:44.207204 localhost kernel: Freeing initrd memory: 76848K
May 28 07:30:44.207209 localhost kernel: Block layer SCSI generic (bsg) driver version 0.4 loaded (major 247)
May 28 07:30:44.207215 localhost kernel: io scheduler mq-deadline registered
May 28 07:30:44.207220 localhost kernel: io scheduler kyber registered
May 28 07:30:44.207225 localhost kernel: io scheduler bfq registered
May 28 07:30:44.207230 localhost kernel: shpchp: Standard Hot Plug PCI Controller Driver version: 0.4
May 28 07:30:44.207235 localhost kernel: ACPI: \_SB_.LNKD: Enabled at IRQ 11
May 28 07:30:44.207243 localhost kernel: ACPI: \_SB_.LNKA: Enabled at IRQ 10
May 28 07:30:44.207248 localhost kernel: ACPI: \_SB_.LNKC: Enabled at IRQ 11
May 28 07:30:44.207253 localhost kernel: Serial: 8250/16550 driver, 32 ports, IRQ sharing enabled
May 28 07:30:44.207258 localhost kernel: 00:04: ttyS0 at I/O 0x3f8 (irq = 4, base_baud = 115200) is a 16550A
May 28 07:30:44.207263 localhost kernel: Non-volatile memory driver v1.3
May 28 07:30:44.207268 localhost kernel: Linux agpgart interface v0.103
May 28 07:30:44.207273 localhost kernel: ACPI: bus type drm_connector registered
May 28 07:30:44.207279 localhost kernel: i8042: PNP: PS/2 Controller [PNP0303:KBD,PNP0f13:MOU] at 0x60,0x64 irq 1,12
May 28 07:30:44.207284 localhost kernel: serio: i8042 KBD port at 0x60,0x64 irq 1
May 28 07:30:44.207289 localhost kernel: serio: i8042 AUX port at 0x60,0x64 irq 12
May 28 07:30:44.207294 localhost kernel: mousedev: PS/2 mouse device common for all mice
May 28 07:30:44.207301 localhost kernel: input: AT Translated Set 2 keyboard as /devices/platform/i8042/serio0/input/input0
May 28 07:30:44.207307 localhost kernel: input: VirtualPS/2 VMware VMMouse as /devices/platform/i8042/serio1/input/input3
May 28 07:30:44.207312 localhost kernel: input: VirtualPS/2 VMware VMMouse as /devices/platform/i8042/serio1/input/input2
May 28 07:30:44.207429 localhost kernel: rtc_cmos 00:05: RTC can wake from S4
May 28 07:30:44.207535 localhost kernel: rtc_cmos 00:05: registered as rtc0
May 28 07:30:44.207638 localhost kernel: rtc_cmos 00:05: setting system clock to 2024-05-28T07:30:43 UTC (1716881443)
May 28 07:30:44.207746 localhost kernel: rtc_cmos 00:05: alarms up to one day, y3k, 242 bytes nvram, hpet irqs
May 28 07:30:44.207754 localhost kernel: amd_pstate: the _CPC object is not present in SBIOS or ACPI disabled
May 28 07:30:44.207760 localhost kernel: ledtrig-cpu: registered to indicate activity on CPUs
May 28 07:30:44.207765 localhost kernel: [drm] Initialized simpledrm 1.0.0 20200625 for simple-framebuffer.0 on minor 0
May 28 07:30:44.207770 localhost kernel: Console: switching to colour frame buffer device 128x48
May 28 07:30:44.207899 localhost kernel: simple-framebuffer simple-framebuffer.0: [drm] fb0: simpledrmdrmfb frame buffer device
May 28 07:30:44.207908 localhost kernel: hid: raw HID events driver (C) Jiri Kosina
May 28 07:30:44.207914 localhost kernel: drop_monitor: Initializing network drop monitor service
May 28 07:30:44.207919 localhost kernel: NET: Registered PF_INET6 protocol family
May 28 07:30:44.207924 localhost kernel: Segment Routing with IPv6
May 28 07:30:44.207929 localhost kernel: RPL Segment Routing with IPv6
May 28 07:30:44.207934 localhost kernel: In-situ OAM (IOAM) with IPv6
May 28 07:30:44.207940 localhost kernel: IPI shorthand broadcast: enabled
May 28 07:30:44.207945 localhost kernel: sched_clock: Marking stable (803351705, -1004562)->(821109453, -18762310)
May 28 07:30:44.207950 localhost kernel: registered taskstats version 1
May 28 07:30:44.207955 localhost kernel: Loading compiled-in X.509 certificates
May 28 07:30:44.207963 localhost kernel: Loaded X.509 cert 'openSUSE Secure Boot Signkey: fd9f2c12e599d67cc7f9067541adf426b712469e'
May 28 07:30:44.207969 localhost kernel: page_owner is disabled
May 28 07:30:44.207974 localhost kernel: Key type .fscrypt registered
May 28 07:30:44.207979 localhost kernel: Key type fscrypt-provisioning registered
May 28 07:30:44.207984 localhost kernel: Key type encrypted registered
May 28 07:30:44.207989 localhost kernel: integrity: Loading X.509 certificate: UEFI:db
May 28 07:30:44.207994 localhost kernel: integrity: Loaded X.509 cert 'Microsoft Windows Production PCA 2011: a92902398e16c49778cd90f99e4f9ae17c55af53'
May 28 07:30:44.208000 localhost kernel: integrity: Loading X.509 certificate: UEFI:db
May 28 07:30:44.208005 localhost kernel: integrity: Loaded X.509 cert 'Microsoft Corporation UEFI CA 2011: 13adbf4309bd82709c8cd54f316ed522988a1bd4'
May 28 07:30:44.208010 localhost kernel: integrity: Loading X.509 certificate: UEFI:MokListRT (MOKvar table)
May 28 07:30:44.208016 localhost kernel: integrity: Loaded X.509 cert 'openSUSE Secure Boot CA: 6842600de22c4c477e95be23dfea9513e5971762'
May 28 07:30:44.208023 localhost kernel: ima: No TPM chip found, activating TPM-bypass!
May 28 07:30:44.208028 localhost kernel: Loading compiled-in module X.509 certificates
May 28 07:30:44.208033 localhost kernel: Loaded X.509 cert 'openSUSE Secure Boot Signkey: fd9f2c12e599d67cc7f9067541adf426b712469e'
May 28 07:30:44.208038 localhost kernel: ima: Allocated hash algorithm: sha256
May 28 07:30:44.208043 localhost kernel: evm: Initialising EVM extended attributes:
May 28 07:30:44.208049 localhost kernel: evm: security.selinux
May 28 07:30:44.208054 localhost kernel: evm: security.SMACK64 (disabled)
May 28 07:30:44.208059 localhost kernel: evm: security.SMACK64EXEC (disabled)
May 28 07:30:44.208064 localhost kernel: evm: security.SMACK64TRANSMUTE (disabled)
May 28 07:30:44.208069 localhost kernel: evm: security.SMACK64MMAP (disabled)
May 28 07:30:44.208074 localhost kernel: evm: security.apparmor
May 28 07:30:44.208079 localhost kernel: evm: security.ima
May 28 07:30:44.208086 localhost kernel: evm: security.capability
May 28 07:30:44.208092 localhost kernel: evm: HMAC attrs: 0x1
May 28 07:30:44.208098 localhost kernel: audit: type=1807 audit(1716881443.543:2): action=measure func=KEXEC_KERNEL_CHECK res=1
May 28 07:30:44.208103 localhost kernel: audit: type=1807 audit(1716881443.543:3): action=measure func=MODULE_CHECK res=1
May 28 07:30:44.208108 localhost kernel: PM:   Magic number: 8:317:522
May 28 07:30:44.208113 localhost kernel: RAS: Correctable Errors collector initialized.
May 28 07:30:44.208118 localhost kernel: Lockdown: swapper/0: hibernation is restricted; see man kernel_lockdown.7
May 28 07:30:44.208124 localhost kernel: clk: Disabling unused clocks
May 28 07:30:44.208129 localhost kernel: PM: genpd: Disabling unused power domains
May 28 07:30:44.208134 localhost kernel: Freeing unused decrypted memory: 2028K
May 28 07:30:44.208139 localhost kernel: Freeing unused kernel image (initmem) memory: 4224K
May 28 07:30:44.208144 localhost kernel: Write protecting the kernel read-only data: 30720k
May 28 07:30:44.208151 localhost kernel: Freeing unused kernel image (rodata/data gap) memory: 1316K
May 28 07:30:44.208156 localhost kernel: Run /init as init process
May 28 07:30:44.208162 localhost kernel:   with arguments:
May 28 07:30:44.208167 localhost kernel:     /init
May 28 07:30:44.208172 localhost kernel:   with environment:
May 28 07:30:44.208177 localhost kernel:     HOME=/
May 28 07:30:44.208182 localhost kernel:     TERM=linux
May 28 07:30:44.208189 localhost systemd[1]: systemd 255.6+suse.30.g3ea0e1dff3 running in system mode (+PAM +AUDIT +SELINUX +APPARMOR +IMA -SMACK +SECCOMP +GCRYPT +GNUTLS +OPENSSL +ACL +BLKID +CURL +ELFUTILS +FIDO2 +IDN2 -IDN +IPTC +KMOD +LIBCRYPTSETUP +LIBFDISK +PCRE2 +PWQUALITY +P11KIT +QRENCODE +TPM2 +BZIP2 +LZ4 +XZ +ZLIB +ZSTD +BPF_FRAMEWORK -XKBCOMMON -UTMP +SYSVINIT default-hierarchy=unified)
May 28 07:30:44.208197 localhost systemd[1]: Detected virtualization kvm.
May 28 07:30:44.208203 localhost systemd[1]: Detected architecture x86-64.
May 28 07:30:44.208211 localhost systemd[1]: Running in initrd.
May 28 07:30:44.208217 localhost systemd[1]: No hostname configured, using default hostname.
May 28 07:30:44.208223 localhost systemd[1]: Hostname set to <localhost>.
May 28 07:30:44.208229 localhost systemd[1]: Initializing machine ID from random generator.
May 28 07:30:44.208234 localhost systemd[1]: bpf-lsm: LSM BPF program attached
May 28 07:30:44.208240 localhost systemd[1]: Queued start job for default target Initrd Default Target.
May 28 07:30:44.208246 localhost systemd[1]: Started Dispatch Password Requests to Console Directory Watch.
May 28 07:30:44.208252 localhost systemd[1]: Expecting device /dev/disk/by-uuid/8e1db0e5-66e2-4309-9280-394cf494d447...
May 28 07:30:44.208258 localhost systemd[1]: Reached target Local Encrypted Volumes.
May 28 07:30:44.208264 localhost systemd[1]: Reached target Initrd /usr File System.
May 28 07:30:44.208269 localhost systemd[1]: Reached target Path Units.
May 28 07:30:44.208277 localhost systemd[1]: Reached target Slice Units.
May 28 07:30:44.208283 localhost systemd[1]: Reached target Swaps.
May 28 07:30:44.208288 localhost systemd[1]: Reached target Timer Units.
May 28 07:30:44.208294 localhost systemd[1]: Listening on D-Bus System Message Bus Socket.
May 28 07:30:44.208300 localhost systemd[1]: Listening on Journal Socket (/dev/log).
May 28 07:30:44.208305 localhost systemd[1]: Listening on Journal Socket.
May 28 07:30:44.208311 localhost systemd[1]: Listening on udev Control Socket.
May 28 07:30:44.208317 localhost systemd[1]: Listening on udev Kernel Socket.
May 28 07:30:44.208322 localhost systemd[1]: Reached target Socket Units.
May 28 07:30:44.208328 localhost systemd[1]: Starting Create List of Static Device Nodes...
May 28 07:30:44.208333 localhost systemd[1]: Starting Journal Service...
May 28 07:30:44.208341 localhost systemd[1]: Load Kernel Modules was skipped because no trigger condition checks were met.
May 28 07:30:44.208346 localhost systemd[1]: Starting Apply Kernel Variables...
May 28 07:30:44.208352 localhost systemd[1]: Starting Virtual Console Setup...
May 28 07:30:44.208358 localhost systemd[1]: Finished Create List of Static Device Nodes.
May 28 07:30:44.208363 localhost systemd[1]: Starting Create Static Device Nodes in /dev gracefully...
May 28 07:30:44.208369 localhost systemd[1]: Finished Apply Kernel Variables.
May 28 07:30:44.208394 localhost systemd-journald[174]: Collecting audit messages is disabled.
May 28 07:30:44.208412 localhost systemd[1]: Finished Create Static Device Nodes in /dev gracefully.
May 28 07:30:44.208418 localhost systemd[1]: Starting Create Static Device Nodes in /dev...
May 28 07:30:44.208423 localhost systemd[1]: Finished Create Static Device Nodes in /dev.
May 28 07:30:44.208429 localhost systemd[1]: Reached target Preparation for Local File Systems.
May 28 07:30:44.208435 localhost systemd[1]: Reached target Local File Systems.
May 28 07:30:44.208444 localhost systemd-journald[174]: Journal started
May 28 07:30:44.208457 localhost systemd-journald[174]: Runtime Journal (/run/log/journal/02694a04c38946f387ac0fc1ae88ae2d) is 2.4M, max 19.2M, 16.8M free.
May 28 07:30:44.213321 localhost systemd[1]: Started Journal Service.
May 28 07:30:44.223481 localhost systemd[1]: Starting Create Volatile Files and Directories...
May 28 07:30:44.238457 localhost systemd[1]: Finished Create Volatile Files and Directories.
May 28 07:30:44.245072 localhost systemd[1]: Finished Virtual Console Setup.
May 28 07:30:44.253479 localhost systemd[1]: Starting dracut ask for additional cmdline parameters...
May 28 07:30:44.268180 localhost systemd[1]: Finished dracut ask for additional cmdline parameters.
May 28 07:30:44.280101 localhost systemd[1]: Starting dracut cmdline hook...
May 28 07:30:44.290637 localhost dracut-cmdline[210]: dracut-059+suse.588.g528264be-1.1
May 28 07:30:44.293525 localhost dracut-cmdline[210]: Using kernel command line parameters:  rd.driver.pre=btrfs rd.driver.pre=overlay   initrd=\opensuse-microos\6.9.1-1-default\initrd-684b272fb55f1cef9c0172c83fed01af3ec0d511 quiet systemd.show_status=yes console=ttyS0,115200 console=tty0 ignition.platform.id=qemu security=selinux selinux=1 root=UUID=8e1db0e5-66e2-4309-9280-394cf494d447 rootflags=subvol=@/.snapshots/1/snapshot
May 28 07:30:44.384372 localhost systemd[1]: Finished dracut cmdline hook.
May 28 07:30:44.393538 localhost systemd[1]: Starting dracut pre-udev hook...
May 28 07:30:44.413328 localhost kernel: device-mapper: uevent: version 1.0.3
May 28 07:30:44.413348 localhost kernel: device-mapper: ioctl: 4.48.0-ioctl (2023-03-01) initialised: dm-devel@lists.linux.dev
May 28 07:30:44.653326 localhost kernel: raid6: avx2x4   gen() 32033 MB/s
May 28 07:30:44.653350 localhost kernel: raid6: avx2x2   gen() 28550 MB/s
May 28 07:30:44.653359 localhost kernel: raid6: avx2x1   gen() 26075 MB/s
May 28 07:30:44.653372 localhost kernel: raid6: using algorithm avx2x4 gen() 32033 MB/s
May 28 07:30:44.653380 localhost kernel: raid6: .... xor() 5343 MB/s, rmw enabled
May 28 07:30:44.653387 localhost kernel: raid6: using avx2x2 recovery algorithm
May 28 07:30:44.656690 localhost kernel: xor: automatically using best checksumming function   avx       
May 28 07:30:44.769991 localhost kernel: Btrfs loaded, assert=on, zoned=yes, fsverity=yes
May 28 07:30:44.786861 localhost systemd[1]: Finished dracut pre-udev hook.
May 28 07:30:44.800114 localhost systemd[1]: Starting Rule-based Manager for Device Events and Files...
May 28 07:30:44.812208 localhost systemd-udevd[373]: Using default interface naming scheme 'v255'.
May 28 07:30:44.815542 localhost systemd[1]: Started Rule-based Manager for Device Events and Files.
May 28 07:30:44.826792 localhost systemd[1]: Starting dracut pre-trigger hook...
May 28 07:30:44.837127 localhost dracut-pre-trigger[374]: rd.md=0: removing MD RAID activation
May 28 07:30:44.866237 localhost systemd[1]: Finished dracut pre-trigger hook.
May 28 07:30:44.876800 localhost systemd[1]: Starting Coldplug All udev Devices...
May 28 07:30:44.983845 localhost systemd[1]: Finished Coldplug All udev Devices.
May 28 07:30:45.073360 localhost kernel: virtio_blk virtio4: 1/0/0 default/read/poll queues
May 28 07:30:45.098536 localhost kernel: virtio_blk virtio4: [vda] 62914560 512-byte logical blocks (32.2 GB/30.0 GiB)
May 28 07:30:45.107526 localhost kernel: FDC 0 is a S82078B
May 28 07:30:45.110914 localhost kernel: SCSI subsystem initialized
May 28 07:30:45.163379 localhost kernel: cryptd: max_cpu_qlen set to 1000
May 28 07:30:45.172784 localhost systemd[1]: Reached target System Initialization.
May 28 07:30:45.184682 localhost systemd[1]: Reached target Basic System.
May 28 07:30:45.200939 localhost kernel: AVX2 version of gcm_enc/dec engaged.
May 28 07:30:45.200962 localhost kernel: AES CTR mode by8 optimization enabled
May 28 07:30:45.200971 localhost kernel: virtio_scsi virtio3: 1/0/0 default/read/poll queues
May 28 07:30:45.201149 localhost kernel: scsi host0: Virtio SCSI HBA
May 28 07:30:45.211989 localhost kernel: ACPI: bus type USB registered
May 28 07:30:45.212009 localhost kernel: usbcore: registered new interface driver usbfs
May 28 07:30:45.212018 localhost kernel: usbcore: registered new interface driver hub
May 28 07:30:45.212025 localhost kernel: usbcore: registered new device driver usb
May 28 07:30:45.222749 localhost kernel: virtio_net virtio0 ens4: renamed from eth0
May 28 07:30:45.230193 localhost systemd[1]: systemd-vconsole-setup.service: Deactivated successfully.
May 28 07:30:45.230346 localhost systemd[1]: Stopped Virtual Console Setup.
May 28 07:30:45.230829 localhost systemd[1]: Stopping Virtual Console Setup...
May 28 07:30:45.244618 localhost kernel: libata version 3.00 loaded.
May 28 07:30:45.243769 localhost systemd[1]: Starting Virtual Console Setup...
May 28 07:30:45.262549 localhost kernel: GPT:Primary header thinks Alt. header is not at the end of the disk.
May 28 07:30:45.262595 localhost kernel: GPT:41943039 != 62914559
May 28 07:30:45.262604 localhost kernel: GPT:Alternate GPT header not at the end of the disk.
May 28 07:30:45.262613 localhost kernel: GPT:41943039 != 62914559
May 28 07:30:45.262620 localhost kernel: GPT: Use GNU Parted to correct GPT errors.
May 28 07:30:45.262627 localhost kernel:  vda: vda1 vda2 vda3
May 28 07:30:45.262634 localhost kernel: virtio_blk virtio5: 1/0/0 default/read/poll queues
May 28 07:30:45.262809 localhost kernel: virtio_blk virtio5: [vdb] 20480 512-byte logical blocks (10.5 MB/10.0 MiB)
May 28 07:30:45.271044 localhost systemd[1]: systemd-vconsole-setup.service: Deactivated successfully.
May 28 07:30:45.271224 localhost systemd[1]: Stopped Virtual Console Setup.
May 28 07:30:45.276787 localhost kernel: ata_piix 0000:00:01.1: version 2.13
May 28 07:30:45.290101 localhost systemd[1]: Starting Virtual Console Setup...
May 28 07:30:45.296720 localhost kernel: scsi host1: ata_piix
May 28 07:30:45.296895 localhost kernel: scsi host2: ata_piix
May 28 07:30:45.297035 localhost kernel: ata1: PATA max MWDMA2 cmd 0x1f0 ctl 0x3f6 bmdma 0xc1c0 irq 14 lpm-pol 0
May 28 07:30:45.297045 localhost kernel: ata2: PATA max MWDMA2 cmd 0x170 ctl 0x376 bmdma 0xc1c8 irq 15 lpm-pol 0
May 28 07:30:45.433798 localhost systemd[1]: Found device /dev/disk/by-uuid/8e1db0e5-66e2-4309-9280-394cf494d447.
May 28 07:30:45.434214 localhost systemd[1]: Reached target Initrd Root Device.
May 28 07:30:45.450094 localhost systemd[1]: Starting Detect Firstboot...
May 28 07:30:45.476742 localhost kernel: xhci_hcd 0000:00:06.0: xHCI Host Controller
May 28 07:30:45.476926 localhost kernel: xhci_hcd 0000:00:06.0: new USB bus registered, assigned bus number 1
May 28 07:30:45.483329 localhost kernel: xhci_hcd 0000:00:06.0: hcc params 0x00087001 hci version 0x100 quirks 0x0000000000000010
May 28 07:30:45.483510 localhost kernel: xhci_hcd 0000:00:06.0: xHCI Host Controller
May 28 07:30:45.483645 localhost kernel: xhci_hcd 0000:00:06.0: new USB bus registered, assigned bus number 2
May 28 07:30:45.483772 localhost kernel: xhci_hcd 0000:00:06.0: Host supports USB 3.0 SuperSpeed
May 28 07:30:45.483896 localhost kernel: usb usb1: New USB device found, idVendor=1d6b, idProduct=0002, bcdDevice= 6.09
May 28 07:30:45.484037 localhost kernel: usb usb1: New USB device strings: Mfr=3, Product=2, SerialNumber=1
May 28 07:30:45.484156 localhost kernel: usb usb1: Product: xHCI Host Controller
May 28 07:30:45.484270 localhost kernel: usb usb1: Manufacturer: Linux 6.9.1-1-default xhci-hcd
May 28 07:30:45.484384 localhost kernel: usb usb1: SerialNumber: 0000:00:06.0
May 28 07:30:45.491480 localhost kernel: hub 1-0:1.0: USB hub found
May 28 07:30:45.491668 localhost kernel: hub 1-0:1.0: 4 ports detected
May 28 07:30:45.491806 localhost kernel: usb usb2: We don't know the algorithms for LPM for this host, disabling LPM.
May 28 07:30:45.491950 localhost kernel: usb usb2: New USB device found, idVendor=1d6b, idProduct=0003, bcdDevice= 6.09
May 28 07:30:45.492069 localhost kernel: usb usb2: New USB device strings: Mfr=3, Product=2, SerialNumber=1
May 28 07:30:45.492189 localhost kernel: usb usb2: Product: xHCI Host Controller
May 28 07:30:45.492298 localhost kernel: usb usb2: Manufacturer: Linux 6.9.1-1-default xhci-hcd
May 28 07:30:45.492406 localhost kernel: usb usb2: SerialNumber: 0000:00:06.0
May 28 07:30:45.492525 localhost kernel: hub 2-0:1.0: USB hub found
May 28 07:30:45.498337 localhost kernel: hub 2-0:1.0: 4 ports detected
May 28 07:30:45.504564 localhost systemd[1]: Finished Virtual Console Setup.
May 28 07:30:45.520009 localhost kernel: BTRFS: device label ROOT devid 1 transid 11 /dev/vda3 (253:3) scanned by mount (514)
May 28 07:30:45.520030 localhost kernel: BTRFS info (device vda3): first mount of filesystem 8e1db0e5-66e2-4309-9280-394cf494d447
May 28 07:30:45.520040 localhost kernel: BTRFS info (device vda3): using crc32c (crc32c-intel) checksum algorithm
May 28 07:30:45.520047 localhost kernel: BTRFS info (device vda3): using free-space-tree
May 28 07:30:45.537814 localhost firstboot-detect[503]: Firstboot detected
May 28 07:30:45.543725 localhost systemd[1]: Reloading requested from client PID 536 ('systemctl') (unit firstboot-detect.service)...
May 28 07:30:45.543736 localhost systemd[1]: Reloading...
May 28 07:30:45.680098 localhost systemd[1]: Reloading finished in 136 ms.
May 28 07:30:45.704940 localhost systemd[1]: Starting Combustion (preparations)...
May 28 07:30:45.717076 localhost kernel: BTRFS info (device vda3): last unmount of filesystem 8e1db0e5-66e2-4309-9280-394cf494d447
May 28 07:30:45.719173 localhost systemd[1]: firstboot-detect.service: Deactivated successfully.
May 28 07:30:45.719389 localhost systemd[1]: Finished Detect Firstboot.
May 28 07:30:45.748539 localhost kernel: usb 1-1: new high-speed USB device number 2 using xhci_hcd
May 28 07:30:45.766661 localhost kernel: EXT4-fs (vdb): mounted filesystem ee8647d4-8463-436f-bec3-9a34d06f5408 ro with ordered data mode. Quota mode: none.
May 28 07:30:45.771104 localhost systemd[1]: run-combustion-mount.mount: Deactivated successfully.
May 28 07:30:45.773405 localhost kernel: EXT4-fs (vdb): unmounting filesystem ee8647d4-8463-436f-bec3-9a34d06f5408.
May 28 07:30:45.799779 localhost systemd[1]: combustion-prepare.service: Deactivated successfully.
May 28 07:30:45.799962 localhost systemd[1]: Finished Combustion (preparations).
May 28 07:30:45.816777 localhost systemd[1]: Starting nm-initrd.service...
May 28 07:30:45.829306 localhost NetworkManager[616]: <info>  [1716881445.8292] NetworkManager (version 1.44.4) is starting... (boot:9329c01e-7dfb-46fa-95bc-d39ae7c60936)
May 28 07:30:45.829561 localhost NetworkManager[616]: <info>  [1716881445.8295] Read config: /etc/NetworkManager/NetworkManager.conf (lib: initrd-no-auto-default.conf) (run: 15-carrier-timeout.conf)
May 28 07:30:45.836843 localhost systemd[1]: Starting D-Bus System Message Bus...
May 28 07:30:45.843331 localhost systemd[1]: Started D-Bus System Message Bus.
May 28 07:30:45.847926 localhost NetworkManager[616]: <info>  [1716881445.8479] manager[0x55b5346cb250]: monitoring kernel firmware directory '/lib/firmware'.
May 28 07:30:45.849220 localhost NetworkManager[616]: <info>  [1716881445.8492] hostname: hostname: couldn't get property from hostnamed
May 28 07:30:45.849730 localhost NetworkManager[616]: <info>  [1716881445.8497] dns-mgr: init: dns=default,systemd-resolved rc-manager=symlink (auto)
May 28 07:30:45.850287 localhost NetworkManager[616]: <info>  [1716881445.8502] policy: set-hostname: set hostname to 'localhost.localdomain' (no hostname found)
May 28 07:30:45.855144 localhost.localdomain NetworkManager[616]: <info>  [1716881445.8551] manager[0x55b5346cb250]: rfkill: Wi-Fi hardware radio set enabled
May 28 07:30:45.855163 localhost.localdomain NetworkManager[616]: <info>  [1716881445.8551] manager[0x55b5346cb250]: rfkill: WWAN hardware radio set enabled
May 28 07:30:45.855895 localhost.localdomain NetworkManager[616]: <info>  [1716881445.8558] manager: rfkill: Wi-Fi enabled by radio killswitch; enabled by state file
May 28 07:30:45.856137 localhost.localdomain NetworkManager[616]: <info>  [1716881445.8561] manager: rfkill: WWAN enabled by radio killswitch; enabled by state file
May 28 07:30:45.856261 localhost.localdomain NetworkManager[616]: <info>  [1716881445.8562] manager: Networking is enabled by state file
May 28 07:30:45.856387 localhost.localdomain NetworkManager[616]: <info>  [1716881445.8563] settings: Loaded settings plugin: keyfile (internal)
May 28 07:30:45.857875 localhost.localdomain NetworkManager[616]: <info>  [1716881445.8578] dhcp: init: Using DHCP client 'internal'
May 28 07:30:45.858163 localhost.localdomain NetworkManager[616]: <info>  [1716881445.8581] manager: (lo): new Loopback device (/org/freedesktop/NetworkManager/Devices/1)
May 28 07:30:45.859307 localhost.localdomain NetworkManager[616]: <info>  [1716881445.8592] device (lo): state change: unmanaged -> unavailable (reason 'connection-assumed', sys-iface-state: 'external')
May 28 07:30:45.860118 localhost.localdomain NetworkManager[616]: <info>  [1716881445.8600] device (lo): state change: unavailable -> disconnected (reason 'connection-assumed', sys-iface-state: 'external')
May 28 07:30:45.860897 localhost.localdomain NetworkManager[616]: <info>  [1716881445.8608] device (lo): Activation: starting connection 'lo' (b85dba42-3074-4a10-9f93-d8577390845d)
May 28 07:30:45.861762 localhost.localdomain NetworkManager[616]: <info>  [1716881445.8617] manager: (ens4): new Ethernet device (/org/freedesktop/NetworkManager/Devices/2)
May 28 07:30:45.861994 localhost.localdomain NetworkManager[616]: <info>  [1716881445.8619] device (ens4): state change: unmanaged -> unavailable (reason 'managed', sys-iface-state: 'external')
May 28 07:30:45.863910 localhost.localdomain systemd[1]: Started nm-initrd.service.
May 28 07:30:45.865832 localhost.localdomain NetworkManager[616]: <info>  [1716881445.8658] bus-manager: acquired D-Bus service "org.freedesktop.NetworkManager"
May 28 07:30:45.866288 localhost.localdomain NetworkManager[616]: <info>  [1716881445.8662] device (lo): state change: disconnected -> prepare (reason 'none', sys-iface-state: 'external')
May 28 07:30:45.866433 localhost.localdomain systemd[1]: Reached target Network.
May 28 07:30:45.867947 localhost.localdomain NetworkManager[616]: <info>  [1716881445.8679] device (lo): state change: prepare -> config (reason 'none', sys-iface-state: 'external')
May 28 07:30:45.868085 localhost.localdomain NetworkManager[616]: <info>  [1716881445.8680] device (lo): state change: config -> ip-config (reason 'none', sys-iface-state: 'external')
May 28 07:30:45.868823 localhost.localdomain NetworkManager[616]: <info>  [1716881445.8688] device (ens4): carrier: link connected
May 28 07:30:45.869122 localhost.localdomain NetworkManager[616]: <info>  [1716881445.8691] device (lo): state change: ip-config -> ip-check (reason 'none', sys-iface-state: 'external')
May 28 07:30:45.870308 localhost.localdomain NetworkManager[616]: <info>  [1716881445.8702] device (ens4): state change: unavailable -> disconnected (reason 'carrier-changed', sys-iface-state: 'managed')
May 28 07:30:45.873493 localhost.localdomain NetworkManager[616]: <info>  [1716881445.8734] policy: auto-activating connection 'Wired Connection' (94f0213a-3679-48df-a51e-c738f559b73b)
May 28 07:30:45.873592 localhost.localdomain NetworkManager[616]: <info>  [1716881445.8735] device (lo): state change: ip-check -> secondaries (reason 'none', sys-iface-state: 'external')
May 28 07:30:45.873769 localhost.localdomain NetworkManager[616]: <info>  [1716881445.8737] device (ens4): Activation: starting connection 'Wired Connection' (94f0213a-3679-48df-a51e-c738f559b73b)
May 28 07:30:45.873783 localhost.localdomain NetworkManager[616]: <info>  [1716881445.8737] device (lo): state change: secondaries -> activated (reason 'none', sys-iface-state: 'external')
May 28 07:30:45.874072 localhost.localdomain NetworkManager[616]: <info>  [1716881445.8740] device (lo): Activation: successful, device activated.
May 28 07:30:45.874333 localhost.localdomain NetworkManager[616]: <info>  [1716881445.8743] device (ens4): state change: disconnected -> prepare (reason 'none', sys-iface-state: 'managed')
May 28 07:30:45.874467 localhost.localdomain NetworkManager[616]: <info>  [1716881445.8744] manager: NetworkManager state is now CONNECTING
May 28 07:30:45.874547 localhost.localdomain NetworkManager[616]: <info>  [1716881445.8745] device (ens4): state change: prepare -> config (reason 'none', sys-iface-state: 'managed')
May 28 07:30:45.876013 localhost.localdomain NetworkManager[616]: <info>  [1716881445.8759] device (ens4): state change: config -> ip-config (reason 'none', sys-iface-state: 'managed')
May 28 07:30:45.876285 localhost.localdomain NetworkManager[616]: <info>  [1716881445.8762] dhcp4 (ens4): activation: beginning transaction (timeout in 90 seconds)
May 28 07:30:45.876806 localhost.localdomain systemd[1]: Starting Combustion...
May 28 07:30:45.882041 localhost.localdomain systemd[1]: Starting nm-wait-online-initrd.service...
May 28 07:30:45.883382 localhost.localdomain kernel: usb 1-1: New USB device found, idVendor=0627, idProduct=0001, bcdDevice= 0.00
May 28 07:30:45.883610 localhost.localdomain kernel: usb 1-1: New USB device strings: Mfr=1, Product=3, SerialNumber=10
May 28 07:30:45.883822 localhost.localdomain kernel: usb 1-1: Product: QEMU USB Tablet
May 28 07:30:45.884023 localhost.localdomain kernel: usb 1-1: Manufacturer: QEMU
May 28 07:30:45.884215 localhost.localdomain kernel: usb 1-1: SerialNumber: 28754-0000:00:06.0-1
May 28 07:30:45.895149 localhost.localdomain kernel: NET: Registered PF_PACKET protocol family
May 28 07:30:45.902546 localhost.localdomain NetworkManager[616]: <info>  [1716881445.9025] dhcp4 (ens4): state changed new lease, address=10.0.2.15
May 28 07:30:45.902751 localhost.localdomain NetworkManager[616]: <info>  [1716881445.9027] policy: set 'Wired Connection' (ens4) as default for IPv4 routing and DNS
May 28 07:30:45.903351 localhost.localdomain kernel: usbcore: registered new interface driver usbhid
May 28 07:30:45.903370 localhost.localdomain kernel: usbhid: USB HID core driver
May 28 07:30:45.910041 localhost.localdomain kernel: input: QEMU QEMU USB Tablet as /devices/pci0000:00/0000:00:06.0/usb1/1-1/1-1:1.0/0003:0627:0001.0001/input/input4
May 28 07:30:45.910062 localhost.localdomain kernel: hid-generic 0003:0627:0001.0001: input,hidraw0: USB HID v0.01 Mouse [QEMU QEMU USB Tablet] on usb-0000:00:06.0-1/input0
May 28 07:30:45.912364 localhost.localdomain NetworkManager[616]: <info>  [1716881445.9123] device (ens4): state change: ip-config -> ip-check (reason 'none', sys-iface-state: 'managed')
May 28 07:30:45.914183 localhost.localdomain NetworkManager[616]: <info>  [1716881445.9141] device (ens4): state change: ip-check -> secondaries (reason 'none', sys-iface-state: 'managed')
May 28 07:30:45.914326 localhost.localdomain NetworkManager[616]: <info>  [1716881445.9143] device (ens4): state change: secondaries -> activated (reason 'none', sys-iface-state: 'managed')
May 28 07:30:45.914571 localhost.localdomain NetworkManager[616]: <info>  [1716881445.9145] manager: NetworkManager state is now CONNECTED_SITE
May 28 07:30:45.915022 localhost.localdomain NetworkManager[616]: <info>  [1716881445.9150] device (ens4): Activation: successful, device activated.
May 28 07:30:45.915254 localhost.localdomain NetworkManager[616]: <info>  [1716881445.9152] manager: NetworkManager state is now CONNECTED_GLOBAL
May 28 07:30:45.916178 localhost.localdomain NetworkManager[616]: <info>  [1716881445.9161] manager: startup complete
May 28 07:30:45.923165 localhost.localdomain systemd[1]: Finished nm-wait-online-initrd.service.
May 28 07:30:45.936813 localhost.localdomain systemd[1]: Starting dracut initqueue hook...
May 28 07:30:46.025898 localhost.localdomain systemd[1]: Finished dracut initqueue hook.
May 28 07:30:46.028118 localhost.localdomain systemd[1]: Reached target Preparation for Remote File Systems.
May 28 07:30:46.029075 localhost.localdomain systemd[1]: Reached target Remote Encrypted Volumes.
May 28 07:30:46.029846 localhost.localdomain systemd[1]: Reached target Remote File Systems.
May 28 07:30:46.036866 localhost.localdomain systemd[1]: Starting dracut pre-mount hook...
May 28 07:30:46.048310 localhost.localdomain systemd[1]: Finished dracut pre-mount hook.
May 28 07:30:46.060299 localhost.localdomain systemd[1]: Starting File System Check on /dev/disk/by-uuid/8e1db0e5-66e2-4309-9280-394cf494d447...
May 28 07:30:46.074625 localhost.localdomain systemd[1]: Finished File System Check on /dev/disk/by-uuid/8e1db0e5-66e2-4309-9280-394cf494d447.
May 28 07:30:46.083478 localhost.localdomain systemd[1]: Mounting /sysroot...
May 28 07:30:46.093329 localhost.localdomain kernel: BTRFS: device label ROOT devid 1 transid 13 /dev/vda3 (253:3) scanned by mount (703)
May 28 07:30:46.093433 localhost.localdomain kernel: BTRFS info (device vda3): first mount of filesystem 8e1db0e5-66e2-4309-9280-394cf494d447
May 28 07:30:46.093444 localhost.localdomain kernel: BTRFS info (device vda3): using crc32c (crc32c-intel) checksum algorithm
May 28 07:30:46.093452 localhost.localdomain kernel: BTRFS info (device vda3): using free-space-tree
May 28 07:30:46.098484 localhost.localdomain systemd[1]: Mounted /sysroot.
May 28 07:30:46.105030 localhost.localdomain systemd[1]: Reached target Initrd Root File System.
May 28 07:30:46.149993 localhost.localdomain dracut: SELinux: relabeling root filesystem
May 28 07:30:46.156661 localhost.localdomain dracut: SELinux: mount root read-write and relabel
May 28 07:30:47.326612 localhost.localdomain NetworkManager[616]: <info>  [1716881447.3265] policy: set 'Wired Connection' (ens4) as default for IPv6 routing and DNS
May 28 07:30:51.149997 localhost.localdomain kernel: evm: overlay not supported
May 28 07:30:51.242912 localhost.localdomain systemd[1]: sysroot\x2dselinux-dev-pts.mount: Deactivated successfully.
May 28 07:30:51.244979 localhost.localdomain systemd[1]: sysroot\x2dselinux-dev-shm.mount: Deactivated successfully.
May 28 07:30:51.246476 localhost.localdomain systemd[1]: sysroot\x2dselinux-dev.mount: Deactivated successfully.
May 28 07:30:51.247906 localhost.localdomain systemd[1]: sysroot\x2dselinux-sys-fs-bpf.mount: Deactivated successfully.
May 28 07:30:51.250122 localhost.localdomain systemd[1]: sysroot\x2dselinux-sys-firmware-efi-efivars.mount: Deactivated successfully.
May 28 07:30:51.250183 localhost.localdomain systemd[1]: sysroot\x2dselinux-sys-fs-pstore.mount: Deactivated successfully.
May 28 07:30:51.250237 localhost.localdomain systemd[1]: sysroot\x2dselinux-sys-fs-cgroup.mount: Deactivated successfully.
May 28 07:30:51.250290 localhost.localdomain systemd[1]: sysroot\x2dselinux-sys-kernel-security.mount: Deactivated successfully.
May 28 07:30:51.250343 localhost.localdomain systemd[1]: sysroot\x2dselinux-sys.mount: Deactivated successfully.
May 28 07:30:51.250398 localhost.localdomain systemd[1]: sysroot\x2dselinux-proc.mount: Deactivated successfully.
May 28 07:30:51.250448 localhost.localdomain systemd[1]: sysroot\x2dselinux-etc.mount: Deactivated successfully.
May 28 07:30:51.250498 localhost.localdomain systemd[1]: sysroot\x2dselinux-var.mount: Deactivated successfully.
May 28 07:30:51.251513 localhost.localdomain systemd[1]: sysroot\x2dselinux-root.mount: Deactivated successfully.
May 28 07:30:51.251582 localhost.localdomain systemd[1]: sysroot\x2dselinux.mount: Deactivated successfully.
May 28 07:30:51.314697 localhost.localdomain combustion[792]: Checking for newer version.
May 28 07:30:57.447376 localhost.localdomain combustion[792]: transactional-update 4.6.8 started
May 28 07:30:57.449635 localhost.localdomain combustion[792]: Options: shell
May 28 07:30:57.497922 localhost.localdomain combustion[792]: Separate /var detected.
May 28 07:30:57.593808 localhost.localdomain combustion[792]: 2024-05-28 07:30:57 tukit 4.6.8 started
May 28 07:30:57.593871 localhost.localdomain combustion[792]: 2024-05-28 07:30:57 Options: -c1 open
May 28 07:30:57.593893 localhost.localdomain combustion[792]: 2024-05-28 07:30:57 Using snapshot 1 as base for new snapshot 2.
May 28 07:30:57.593909 localhost.localdomain combustion[792]: 2024-05-28 07:30:57 /var/lib/overlay/1/etc
May 28 07:30:57.593925 localhost.localdomain combustion[792]: 2024-05-28 07:30:57 No previous snapshot to sync with - skipping
May 28 07:30:57.593947 localhost.localdomain combustion[792]: 2024-05-28 07:30:57 Not bind mounting directory '/run/salt-tmp' as it doesn't exist.
May 28 07:30:57.593963 localhost.localdomain combustion[792]: ID: 2
May 28 07:30:57.593979 localhost.localdomain combustion[792]: 2024-05-28 07:30:57 Transaction completed.
May 28 07:30:57.598129 localhost.localdomain combustion[792]: Opening chroot in snapshot 2, continue with 'exit'
May 28 07:30:57.600239 localhost.localdomain combustion[1066]: 2024-05-28 07:30:57 tukit 4.6.8 started
May 28 07:30:57.603327 localhost.localdomain combustion[1066]: 2024-05-28 07:30:57 Options: call 2 bash
May 28 07:30:57.607045 localhost.localdomain combustion[1066]: 2024-05-28 07:30:57 Not bind mounting directory '/run/salt-tmp' as it doesn't exist.
May 28 07:30:57.608218 localhost.localdomain combustion[1066]: 2024-05-28 07:30:57 Executing `bash`:
May 28 07:30:57.626414 localhost.localdomain combustion[1070]: + echo 'root:$6$eEm2HpuzI7dfE4i7$dbYiTRLhrqVvwryR7zmMEcnrp13IqZ3mzLbsx9EeHAX7849PibGVgX5vdPuaeYYIO7hVfcboI9/JDpGiDZhHf/'
May 28 07:30:57.626843 localhost.localdomain combustion[1071]: + chpasswd -e
May 28 07:30:57.661304 localhost.localdomain combustion[1069]: + systemctl enable sshd.service
May 28 07:30:57.701634 localhost.localdomain combustion[1069]: + echo Combustion was here
May 28 07:30:57.701853 localhost.localdomain combustion[1069]: + curl conncheck.opensuse.org
May 28 07:30:57.737058 localhost.localdomain combustion[1077]:   % Total    % Received % Xferd  Average Speed   Time    Time     Time  Current
May 28 07:30:57.738056 localhost.localdomain combustion[1077]:                                  Dload  Upload   Total   Spent    Left  Speed
May 28 07:30:57.740028 localhost.localdomain combustion[1077]: [158B blob data]
May 28 07:30:57.741258 localhost.localdomain combustion[1066]: 2024-05-28 07:30:57 Application returned with exit status 0.
May 28 07:30:57.756737 localhost.localdomain combustion[1066]: 2024-05-28 07:30:57 Transaction completed.
May 28 07:30:57.764153 localhost.localdomain combustion[1083]: 2024-05-28 07:30:57 tukit 4.6.8 started
May 28 07:30:57.764389 localhost.localdomain combustion[1083]: 2024-05-28 07:30:57 Options: close 2
May 28 07:30:57.771288 localhost.localdomain combustion[1083]: 2024-05-28 07:30:57 Not bind mounting directory '/run/salt-tmp' as it doesn't exist.
May 28 07:30:58.170036 localhost.localdomain combustion[1083]: 2024-05-28 07:30:58 New default snapshot is #2 (/.snapshots/2/snapshot).
May 28 07:30:58.170169 localhost.localdomain combustion[1083]: 2024-05-28 07:30:58 Transaction completed.
May 28 07:30:58.190473 localhost.localdomain combustion[792]: Please reboot your machine to activate the changes and avoid data loss.
May 28 07:30:58.191531 localhost.localdomain combustion[792]: New default snapshot is #2 (/.snapshots/2/snapshot).
May 28 07:30:58.192693 localhost.localdomain combustion[792]: transactional-update finished
May 28 07:30:58.221572 localhost.localdomain systemd[1]: Reloading requested from client PID 1231 ('systemctl') (unit combustion.service)...
May 28 07:30:58.221790 localhost.localdomain systemd[1]: Reloading...
May 28 07:30:58.374382 localhost.localdomain systemd[1]: Reloading finished in 152 ms.
May 28 07:30:58.388376 localhost.localdomain systemd[1]: sysroot-tmp.mount: Deactivated successfully.
May 28 07:30:58.389666 localhost.localdomain systemd[1]: sysroot-run.mount: Deactivated successfully.
May 28 07:30:58.389792 localhost.localdomain systemd[1]: sysroot-usr-local.mount: Deactivated successfully.
May 28 07:30:58.391512 localhost.localdomain systemd[1]: sysroot-boot-efi.mount: Deactivated successfully.
May 28 07:30:58.391964 localhost.localdomain systemd[1]: sysroot-srv.mount: Deactivated successfully.
May 28 07:30:58.392255 localhost.localdomain systemd[1]: sysroot-opt.mount: Deactivated successfully.
May 28 07:30:58.392351 localhost.localdomain systemd[1]: sysroot-home.mount: Deactivated successfully.
May 28 07:30:58.392615 localhost.localdomain systemd[1]: sysroot-.snapshots.mount: Deactivated successfully.
May 28 07:30:58.394400 localhost.localdomain systemd[1]: sysroot-dev-pts.mount: Deactivated successfully.
May 28 07:30:58.395572 localhost.localdomain systemd[1]: sysroot-dev-shm.mount: Deactivated successfully.
May 28 07:30:58.395631 localhost.localdomain systemd[1]: sysroot-dev.mount: Deactivated successfully.
May 28 07:30:58.395684 localhost.localdomain systemd[1]: sysroot-sys-fs-bpf.mount: Deactivated successfully.
May 28 07:30:58.396570 localhost.localdomain systemd[1]: sysroot-sys-firmware-efi-efivars.mount: Deactivated successfully.
May 28 07:30:58.396636 localhost.localdomain systemd[1]: sysroot-sys-fs-pstore.mount: Deactivated successfully.
May 28 07:30:58.397558 localhost.localdomain systemd[1]: sysroot-sys-fs-cgroup.mount: Deactivated successfully.
May 28 07:30:58.397667 localhost.localdomain systemd[1]: sysroot-sys-kernel-security.mount: Deactivated successfully.
May 28 07:30:58.397811 localhost.localdomain systemd[1]: sysroot-sys.mount: Deactivated successfully.
May 28 07:30:58.397920 localhost.localdomain systemd[1]: sysroot-proc.mount: Deactivated successfully.
May 28 07:30:58.398009 localhost.localdomain systemd[1]: sysroot-etc.mount: Deactivated successfully.
May 28 07:30:58.399257 localhost.localdomain systemd[1]: sysroot-var.mount: Deactivated successfully.
May 28 07:30:58.400112 localhost.localdomain systemd[1]: sysroot-root.mount: Deactivated successfully.
May 28 07:30:58.400209 localhost.localdomain systemd[1]: sysroot.mount: Deactivated successfully.
May 28 07:30:58.476566 localhost.localdomain kernel: BTRFS info (device vda3): last unmount of filesystem 8e1db0e5-66e2-4309-9280-394cf494d447
May 28 07:30:58.508397 localhost.localdomain systemd[1]: Mounting /sysroot...
May 28 07:30:58.516682 localhost.localdomain kernel: BTRFS: device label ROOT devid 1 transid 26 /dev/vda3 (253:3) scanned by mount (1277)
May 28 07:30:58.516703 localhost.localdomain kernel: BTRFS info (device vda3): first mount of filesystem 8e1db0e5-66e2-4309-9280-394cf494d447
May 28 07:30:58.516712 localhost.localdomain kernel: BTRFS info (device vda3): using crc32c (crc32c-intel) checksum algorithm
May 28 07:30:58.516719 localhost.localdomain kernel: BTRFS info (device vda3): using free-space-tree
May 28 07:30:58.519696 localhost.localdomain systemd[1]: Mounted /sysroot.
May 28 07:30:58.524490 localhost.localdomain systemd[1]: combustion.service: Deactivated successfully.
May 28 07:30:58.524977 localhost.localdomain systemd[1]: Finished Combustion.
May 28 07:30:58.525898 localhost.localdomain systemd[1]: combustion.service: Consumed 10.168s CPU time, 311.8M memory peak, 0B memory swap peak.
May 28 07:30:58.526607 localhost.localdomain systemd[1]: Reached target Initrd Firstboot.
May 28 07:30:58.540106 localhost.localdomain systemd[1]: Starting Encrypt root disk...
May 28 07:30:59.396961 localhost.localdomain systemd[1]: sysroot-var.mount: Deactivated successfully.
May 28 07:30:59.397338 localhost.localdomain systemd[1]: disk-encryption-tool-dracut.service: Deactivated successfully.
May 28 07:30:59.397829 localhost.localdomain systemd[1]: Finished Encrypt root disk.
May 28 07:30:59.410199 localhost.localdomain systemd[1]: Starting Mountpoints Configured in the Real Root...
May 28 07:30:59.414410 localhost.localdomain systemd-sysroot-fstab-check[1314]: /sysroot/root should be mounted in the initrd, will request daemon-reload.
May 28 07:30:59.415893 localhost.localdomain systemd[1]: Reloading requested from client PID 1314 ('systemd-fstab-g') (unit initrd-parse-etc.service)...
May 28 07:30:59.415937 localhost.localdomain systemd[1]: Reloading...
May 28 07:30:59.555319 localhost.localdomain systemd[1]: Reloading finished in 139 ms.
May 28 07:30:59.560038 localhost.localdomain systemd-sysroot-fstab-check[1314]: Requesting initrd-fs.target/start/replace...
May 28 07:30:59.560318 localhost.localdomain systemd-sysroot-fstab-check[1314]: Requesting swap.target/start/replace...
May 28 07:30:59.583596 localhost.localdomain systemd[1]: Mounting /sysroot/root...
May 28 07:30:59.583970 localhost.localdomain systemd[1]: sysroot-var.mount: Directory /sysroot/var to mount over is not empty, mounting anyway.
May 28 07:30:59.589894 localhost.localdomain systemd[1]: Mounting /sysroot/var...
May 28 07:30:59.600580 localhost.localdomain systemd[1]: initrd-parse-etc.service: Deactivated successfully.
May 28 07:30:59.600725 localhost.localdomain systemd[1]: Finished Mountpoints Configured in the Real Root.
May 28 07:30:59.606326 localhost.localdomain systemd[1]: Mounted /sysroot/root.
May 28 07:30:59.608393 localhost.localdomain systemd[1]: Mounted /sysroot/var.
May 28 07:30:59.610174 localhost.localdomain systemd[1]: sysroot-etc.mount: Directory /sysroot/etc to mount over is not empty, mounting anyway.
May 28 07:30:59.620179 localhost.localdomain systemd[1]: Mounting /sysroot/etc...
May 28 07:30:59.626759 localhost.localdomain systemd[1]: Starting dracut mount hook...
May 28 07:30:59.631022 localhost.localdomain systemd[1]: Mounted /sysroot/etc.
May 28 07:30:59.633151 localhost.localdomain systemd[1]: Reached target Initrd File Systems.
May 28 07:30:59.634239 localhost.localdomain systemd[1]: Reached target Initrd Default Target.
May 28 07:30:59.647926 localhost.localdomain systemd[1]: Finished dracut mount hook.
May 28 07:30:59.665180 localhost.localdomain systemd[1]: Starting dracut pre-pivot and cleanup hook...
May 28 07:30:59.674778 localhost.localdomain dracut-pre-pivot[1367]: SELinux: relabeling root filesystem
May 28 07:30:59.684242 localhost.localdomain dracut-pre-pivot[1367]: SELinux: mount root read-write and relabel
May 28 07:31:04.725671 localhost.localdomain systemd[1]: sysroot\x2dselinux-dev-pts.mount: Deactivated successfully.
May 28 07:31:04.729309 localhost.localdomain systemd[1]: sysroot\x2dselinux-dev-shm.mount: Deactivated successfully.
May 28 07:31:04.730576 localhost.localdomain systemd[1]: sysroot\x2dselinux-dev.mount: Deactivated successfully.
May 28 07:31:04.732200 localhost.localdomain systemd[1]: sysroot\x2dselinux-sys-fs-bpf.mount: Deactivated successfully.
May 28 07:31:04.732264 localhost.localdomain systemd[1]: sysroot\x2dselinux-sys-firmware-efi-efivars.mount: Deactivated successfully.
May 28 07:31:04.732320 localhost.localdomain systemd[1]: sysroot\x2dselinux-sys-fs-pstore.mount: Deactivated successfully.
May 28 07:31:04.732374 localhost.localdomain systemd[1]: sysroot\x2dselinux-sys-fs-cgroup.mount: Deactivated successfully.
May 28 07:31:04.732425 localhost.localdomain systemd[1]: sysroot\x2dselinux-sys-kernel-security.mount: Deactivated successfully.
May 28 07:31:04.732478 localhost.localdomain systemd[1]: sysroot\x2dselinux-sys.mount: Deactivated successfully.
May 28 07:31:04.732533 localhost.localdomain systemd[1]: sysroot\x2dselinux-proc.mount: Deactivated successfully.
May 28 07:31:04.734599 localhost.localdomain systemd[1]: sysroot\x2dselinux-etc.mount: Deactivated successfully.
May 28 07:31:04.735654 localhost.localdomain systemd[1]: sysroot\x2dselinux-root.mount: Deactivated successfully.
May 28 07:31:04.735760 localhost.localdomain systemd[1]: sysroot\x2dselinux-var.mount: Deactivated successfully.
May 28 07:31:04.735853 localhost.localdomain systemd[1]: sysroot\x2dselinux.mount: Deactivated successfully.
May 28 07:31:04.740833 localhost.localdomain systemd[1]: Finished dracut pre-pivot and cleanup hook.
May 28 07:31:04.759130 localhost.localdomain systemd[1]: Starting transactional-update /etc overlay cleaner...
May 28 07:31:04.768742 localhost.localdomain transactional-update-etc-cleaner[1400]: Checking for conflicts between /sysroot/var/lib/overlay/1/etc/. and /sysroot/var/lib/overlay/2/etc/....
May 28 07:31:04.769196 localhost.localdomain transactional-update-etc-cleaner[1400]: Checking for conflicts between /sysroot/var/lib/overlay/1/etc/./selinux and /sysroot/var/lib/overlay/2/etc/./selinux...
May 28 07:31:04.769885 localhost.localdomain systemd[1]: transactional-update-etc-cleaner.service: Deactivated successfully.
May 28 07:31:04.770155 localhost.localdomain systemd[1]: Finished transactional-update /etc overlay cleaner.
May 28 07:31:04.783460 localhost.localdomain systemd[1]: Starting Cleaning Up and Shutting Down Daemons...
May 28 07:31:04.791431 localhost.localdomain systemd[1]: Stopped target Network.
May 28 07:31:04.794042 localhost.localdomain systemd[1]: Stopped target Remote Encrypted Volumes.
May 28 07:31:04.794937 localhost.localdomain systemd[1]: Stopped target Timer Units.
May 28 07:31:04.795601 localhost.localdomain systemd[1]: dracut-pre-pivot.service: Deactivated successfully.
May 28 07:31:04.795769 localhost.localdomain systemd[1]: Stopped dracut pre-pivot and cleanup hook.
May 28 07:31:04.796158 localhost.localdomain systemd[1]: dracut-pre-pivot.service: Consumed 4.724s CPU time.
May 28 07:31:04.796740 localhost.localdomain systemd[1]: Stopped target Initrd Default Target.
May 28 07:31:04.797453 localhost.localdomain systemd[1]: Stopped target Basic System.
May 28 07:31:04.798159 localhost.localdomain systemd[1]: Stopped target Initrd Firstboot.
May 28 07:31:04.798848 localhost.localdomain systemd[1]: Stopped target Initrd Root Device.
May 28 07:31:04.799524 localhost.localdomain systemd[1]: Stopped target Initrd /usr File System.
May 28 07:31:04.800050 localhost.localdomain systemd[1]: Stopped target Path Units.
May 28 07:31:04.800894 localhost.localdomain systemd[1]: Stopped target Remote File Systems.
May 28 07:31:04.801585 localhost.localdomain systemd[1]: Stopped target Preparation for Remote File Systems.
May 28 07:31:04.801978 localhost.localdomain systemd[1]: Stopped target Slice Units.
May 28 07:31:04.802652 localhost.localdomain systemd[1]: Stopped target Socket Units.
May 28 07:31:04.803338 localhost.localdomain systemd[1]: Stopped target System Initialization.
May 28 07:31:04.804025 localhost.localdomain systemd[1]: Stopped target Local File Systems.
May 28 07:31:04.804689 localhost.localdomain systemd[1]: Stopped target Preparation for Local File Systems.
May 28 07:31:04.805760 localhost.localdomain systemd[1]: Stopped target Swaps.
May 28 07:31:04.806120 localhost.localdomain systemd[1]: dracut-mount.service: Deactivated successfully.
May 28 07:31:04.806244 localhost.localdomain systemd[1]: Stopped dracut mount hook.
May 28 07:31:04.807314 localhost.localdomain systemd[1]: dracut-pre-mount.service: Deactivated successfully.
May 28 07:31:04.807479 localhost.localdomain systemd[1]: Stopped dracut pre-mount hook.
May 28 07:31:04.808632 localhost.localdomain systemd[1]: Stopped target Local Encrypted Volumes.
May 28 07:31:04.809287 localhost.localdomain systemd[1]: systemd-ask-password-console.path: Deactivated successfully.
May 28 07:31:04.820040 localhost.localdomain systemd[1]: Stopped Dispatch Password Requests to Console Directory Watch.
May 28 07:31:04.820596 localhost.localdomain systemd[1]: dracut-initqueue.service: Deactivated successfully.
May 28 07:31:04.820695 localhost.localdomain systemd[1]: Stopped dracut initqueue hook.
May 28 07:31:04.821071 localhost.localdomain systemd[1]: nm-wait-online-initrd.service: Deactivated successfully.
May 28 07:31:04.821168 localhost.localdomain systemd[1]: Stopped nm-wait-online-initrd.service.
May 28 07:31:04.821654 localhost.localdomain NetworkManager[616]: <info>  [1716881464.8215] caught SIGTERM, shutting down normally.
May 28 07:31:04.822031 localhost.localdomain NetworkManager[616]: <info>  [1716881464.8220] dhcp4 (ens4): canceled DHCP transaction
May 28 07:31:04.822042 localhost.localdomain NetworkManager[616]: <info>  [1716881464.8220] dhcp4 (ens4): activation: beginning transaction (timeout in 90 seconds)
May 28 07:31:04.822052 localhost.localdomain NetworkManager[616]: <info>  [1716881464.8220] dhcp4 (ens4): state changed no lease
May 28 07:31:04.822181 localhost.localdomain NetworkManager[616]: <info>  [1716881464.8221] manager: NetworkManager state is now CONNECTED_SITE
May 28 07:31:04.822394 localhost.localdomain NetworkManager[616]: <info>  [1716881464.8223] exiting (success)
May 28 07:31:04.824431 localhost.localdomain systemd[1]: Stopping nm-initrd.service...
May 28 07:31:04.824941 localhost.localdomain systemd[1]: systemd-sysctl.service: Deactivated successfully.
May 28 07:31:04.825375 localhost.localdomain systemd[1]: Stopped Apply Kernel Variables.
May 28 07:31:04.826083 localhost.localdomain systemd[1]: systemd-tmpfiles-setup.service: Deactivated successfully.
May 28 07:31:04.826249 localhost.localdomain systemd[1]: Stopped Create Volatile Files and Directories.
May 28 07:31:04.829440 localhost.localdomain systemd[1]: initrd-cleanup.service: Deactivated successfully.
May 28 07:31:04.829658 localhost.localdomain systemd[1]: Finished Cleaning Up and Shutting Down Daemons.
May 28 07:31:04.847323 localhost.localdomain systemd[1]: nm-initrd.service: Deactivated successfully.
May 28 07:31:04.847706 localhost.localdomain systemd[1]: Stopped nm-initrd.service.
May 28 07:31:04.851794 localhost.localdomain systemd[1]: Stopping D-Bus System Message Bus...
May 28 07:31:04.852076 localhost.localdomain systemd[1]: systemd-udev-trigger.service: Deactivated successfully.
May 28 07:31:04.852491 localhost.localdomain systemd[1]: Stopped Coldplug All udev Devices.
May 28 07:31:04.852797 localhost.localdomain systemd[1]: dracut-pre-trigger.service: Deactivated successfully.
May 28 07:31:04.853185 localhost.localdomain systemd[1]: Stopped dracut pre-trigger hook.
May 28 07:31:04.854013 localhost.localdomain systemd[1]: Stopping Rule-based Manager for Device Events and Files...
May 28 07:31:04.860444 localhost.localdomain systemd[1]: dbus.service: Deactivated successfully.
May 28 07:31:04.861773 localhost.localdomain systemd[1]: Stopped D-Bus System Message Bus.
May 28 07:31:04.863260 localhost.localdomain systemd[1]: systemd-udevd.service: Deactivated successfully.
May 28 07:31:04.863557 localhost.localdomain systemd[1]: Stopped Rule-based Manager for Device Events and Files.
May 28 07:31:04.865499 localhost.localdomain systemd[1]: dbus.socket: Deactivated successfully.
May 28 07:31:04.865594 localhost.localdomain systemd[1]: Closed D-Bus System Message Bus Socket.
May 28 07:31:04.866174 localhost.localdomain systemd[1]: systemd-udevd-control.socket: Deactivated successfully.
May 28 07:31:04.866522 localhost.localdomain systemd[1]: Closed udev Control Socket.
May 28 07:31:04.867303 localhost.localdomain systemd[1]: systemd-udevd-kernel.socket: Deactivated successfully.
May 28 07:31:04.867590 localhost.localdomain systemd[1]: Closed udev Kernel Socket.
May 28 07:31:04.867899 localhost.localdomain systemd[1]: dracut-pre-udev.service: Deactivated successfully.
May 28 07:31:04.868269 localhost.localdomain systemd[1]: Stopped dracut pre-udev hook.
May 28 07:31:04.868645 localhost.localdomain systemd[1]: dracut-cmdline.service: Deactivated successfully.
May 28 07:31:04.869019 localhost.localdomain systemd[1]: Stopped dracut cmdline hook.
May 28 07:31:04.869375 localhost.localdomain systemd[1]: dracut-cmdline-ask.service: Deactivated successfully.
May 28 07:31:04.869775 localhost.localdomain systemd[1]: Stopped dracut ask for additional cmdline parameters.
May 28 07:31:04.876931 localhost.localdomain systemd[1]: Starting Cleanup udev Database...
May 28 07:31:04.877371 localhost.localdomain systemd[1]: systemd-tmpfiles-setup-dev.service: Deactivated successfully.
May 28 07:31:04.877432 localhost.localdomain systemd[1]: Stopped Create Static Device Nodes in /dev.
May 28 07:31:04.877728 localhost.localdomain systemd[1]: systemd-tmpfiles-setup-dev-early.service: Deactivated successfully.
May 28 07:31:04.877776 localhost.localdomain systemd[1]: Stopped Create Static Device Nodes in /dev gracefully.
May 28 07:31:04.878048 localhost.localdomain systemd[1]: kmod-static-nodes.service: Deactivated successfully.
May 28 07:31:04.878096 localhost.localdomain systemd[1]: Stopped Create List of Static Device Nodes.
May 28 07:31:04.878360 localhost.localdomain systemd[1]: systemd-vconsole-setup.service: Deactivated successfully.
May 28 07:31:04.878406 localhost.localdomain systemd[1]: Stopped Virtual Console Setup.
May 28 07:31:04.885725 localhost.localdomain systemd[1]: initrd-udevadm-cleanup-db.service: Deactivated successfully.
May 28 07:31:04.885921 localhost.localdomain systemd[1]: Finished Cleanup udev Database.
May 28 07:31:04.888157 localhost.localdomain systemd[1]: Reached target Switch Root.
May 28 07:31:04.896865 localhost.localdomain systemd[1]: Starting Switch Root...
May 28 07:31:04.904914 localhost.localdomain systemd[1]: Switching root.
May 28 07:31:04.964642 localhost.localdomain systemd-journald[174]: Journal stopped
May 28 07:31:06.519155 localhost.localdomain systemd-journald[174]: Received SIGTERM from PID 1 (systemd).
May 28 07:31:06.519176 localhost.localdomain kernel: audit: type=1404 audit(1716881465.053:4): enforcing=1 old_enforcing=0 auid=4294967295 ses=4294967295 enabled=1 old-enabled=1 lsm=selinux res=1
May 28 07:31:06.519190 localhost.localdomain kernel: SELinux:  policy capability network_peer_controls=1
May 28 07:31:06.519198 localhost.localdomain kernel: SELinux:  policy capability open_perms=1
May 28 07:31:06.519207 localhost.localdomain kernel: SELinux:  policy capability extended_socket_class=1
May 28 07:31:06.519214 localhost.localdomain kernel: SELinux:  policy capability always_check_network=0
May 28 07:31:06.519223 localhost.localdomain kernel: SELinux:  policy capability cgroup_seclabel=1
May 28 07:31:06.519231 localhost.localdomain kernel: SELinux:  policy capability nnp_nosuid_transition=1
May 28 07:31:06.519238 localhost.localdomain kernel: SELinux:  policy capability genfs_seclabel_symlinks=1
May 28 07:31:06.519246 localhost.localdomain kernel: SELinux:  policy capability ioctl_skip_cloexec=0
May 28 07:31:06.519255 localhost.localdomain kernel: SELinux:  policy capability userspace_initial_context=0
May 28 07:31:06.519263 localhost.localdomain kernel: audit: type=1403 audit(1716881465.206:5): auid=4294967295 ses=4294967295 lsm=selinux res=1
May 28 07:31:06.519272 localhost.localdomain systemd[1]: Successfully loaded SELinux policy in 153.406ms.
May 28 07:31:06.519282 localhost.localdomain systemd[1]: Relabeled /dev, /dev/shm, /run, /sys/fs/cgroup in 30.690ms.
May 28 07:31:06.519292 localhost.localdomain systemd[1]: systemd 255.6+suse.30.g3ea0e1dff3 running in system mode (+PAM +AUDIT +SELINUX +APPARMOR +IMA -SMACK +SECCOMP +GCRYPT +GNUTLS +OPENSSL +ACL +BLKID +CURL +ELFUTILS +FIDO2 +IDN2 -IDN +IPTC +KMOD +LIBCRYPTSETUP +LIBFDISK +PCRE2 +PWQUALITY +P11KIT +QRENCODE +TPM2 +BZIP2 +LZ4 +XZ +ZLIB +ZSTD +BPF_FRAMEWORK -XKBCOMMON -UTMP +SYSVINIT default-hierarchy=unified)
May 28 07:31:06.519300 localhost.localdomain systemd[1]: Detected virtualization kvm.
May 28 07:31:06.519309 localhost.localdomain systemd[1]: Detected architecture x86-64.
