May 28 07:33:31.226005 localhost kernel: Linux version 6.9.1-1-default (geeko@buildhost) (gcc (SUSE Linux) 13.2.1 20240509 [revision b7a2697733d19a093cbdd0e200ffce069a4bc812], GNU ld (GNU Binutils; openSUSE Tumbleweed) 2.42.0.20240130-3) #1 SMP PREEMPT_DYNAMIC Fri May 17 11:59:46 UTC 2024 (0c0b0b5)
May 28 07:33:31.226026 localhost kernel: Command line: root=UUID=1386d3ab-2af2-47a9-9f0a-e9360f9bbcb7
May 28 07:33:31.226033 localhost kernel: BIOS-provided physical RAM map:
May 28 07:33:31.226039 localhost kernel: BIOS-e820: [mem 0x0000000000000000-0x000000000009fbff] usable
May 28 07:33:31.226044 localhost kernel: BIOS-e820: [mem 0x000000000009fc00-0x000000000009ffff] reserved
May 28 07:33:31.226049 localhost kernel: BIOS-e820: [mem 0x00000000000f0000-0x00000000000fffff] reserved
May 28 07:33:31.226058 localhost kernel: BIOS-e820: [mem 0x0000000000100000-0x000000003ffd5fff] usable
May 28 07:33:31.226067 localhost kernel: BIOS-e820: [mem 0x000000003ffd6000-0x000000003fffffff] reserved
May 28 07:33:31.226072 localhost kernel: BIOS-e820: [mem 0x00000000feffc000-0x00000000feffffff] reserved
May 28 07:33:31.226076 localhost kernel: BIOS-e820: [mem 0x00000000fffc0000-0x00000000ffffffff] reserved
May 28 07:33:31.226081 localhost kernel: BIOS-e820: [mem 0x000000fd00000000-0x000000ffffffffff] reserved
May 28 07:33:31.226086 localhost kernel: random: crng init done
May 28 07:33:31.226092 localhost kernel: NX (Execute Disable) protection: active
May 28 07:33:31.226099 localhost kernel: APIC: Static calls initialized
May 28 07:33:31.226106 localhost kernel: e820: update [mem 0x3ffd00c0-0x3ffd00cf] usable ==> usable
May 28 07:33:31.226111 localhost kernel: extended physical RAM map:
May 28 07:33:31.226116 localhost kernel: reserve setup_data: [mem 0x0000000000000000-0x000000000009fbff] usable
May 28 07:33:31.226121 localhost kernel: reserve setup_data: [mem 0x000000000009fc00-0x000000000009ffff] reserved
May 28 07:33:31.226126 localhost kernel: reserve setup_data: [mem 0x00000000000f0000-0x00000000000fffff] reserved
May 28 07:33:31.226131 localhost kernel: reserve setup_data: [mem 0x0000000000100000-0x000000003ffd00bf] usable
May 28 07:33:31.226136 localhost kernel: reserve setup_data: [mem 0x000000003ffd00c0-0x000000003ffd00cf] usable
May 28 07:33:31.226140 localhost kernel: reserve setup_data: [mem 0x000000003ffd00d0-0x000000003ffd5fff] usable
May 28 07:33:31.226145 localhost kernel: reserve setup_data: [mem 0x000000003ffd6000-0x000000003fffffff] reserved
May 28 07:33:31.226150 localhost kernel: reserve setup_data: [mem 0x00000000feffc000-0x00000000feffffff] reserved
May 28 07:33:31.226157 localhost kernel: reserve setup_data: [mem 0x00000000fffc0000-0x00000000ffffffff] reserved
May 28 07:33:31.226162 localhost kernel: reserve setup_data: [mem 0x000000fd00000000-0x000000ffffffffff] reserved
May 28 07:33:31.226167 localhost kernel: SMBIOS 2.8 present.
May 28 07:33:31.226175 localhost kernel: DMI: QEMU Standard PC (i440FX + PIIX, 1996), BIOS rel-1.16.0-0-gd239552c-rebuilt.opensuse.org 04/01/2014
May 28 07:33:31.226182 localhost kernel: Hypervisor detected: KVM
May 28 07:33:31.226187 localhost kernel: kvm-clock: Using msrs 4b564d01 and 4b564d00
May 28 07:33:31.226192 localhost kernel: kvm-clock: using sched offset of 83975855192 cycles
May 28 07:33:31.226197 localhost kernel: clocksource: kvm-clock: mask: 0xffffffffffffffff max_cycles: 0x1cd42e4dffb, max_idle_ns: 881590591483 ns
May 28 07:33:31.226202 localhost kernel: tsc: Detected 2199.998 MHz processor
May 28 07:33:31.226208 localhost kernel: e820: update [mem 0x00000000-0x00000fff] usable ==> reserved
May 28 07:33:31.226213 localhost kernel: e820: remove [mem 0x000a0000-0x000fffff] usable
May 28 07:33:31.226218 localhost kernel: last_pfn = 0x3ffd6 max_arch_pfn = 0x400000000
May 28 07:33:31.226224 localhost kernel: MTRR map: 4 entries (3 fixed + 1 variable; max 19), built from 8 variable MTRRs
May 28 07:33:31.226229 localhost kernel: x86/PAT: Configuration [0-7]: WB  WC  UC- UC  WB  WP  UC- WT  
May 28 07:33:31.226236 localhost kernel: x2apic: enabled by BIOS, switching to x2apic ops
May 28 07:33:31.226242 localhost kernel: found SMP MP-table at [mem 0x000f5b40-0x000f5b4f]
May 28 07:33:31.226248 localhost kernel: Using GB pages for direct mapping
May 28 07:33:31.226253 localhost kernel: RAMDISK: [mem 0x30c50000-0x3c3fffff]
May 28 07:33:31.226260 localhost kernel: ACPI: Early table checksum verification disabled
May 28 07:33:31.226265 localhost kernel: ACPI: RSDP 0x00000000000F5960 000014 (v00 BOCHS )
May 28 07:33:31.226271 localhost kernel: ACPI: RSDT 0x000000003FFE18F4 000034 (v01 BOCHS  BXPC     00000001 BXPC 00000001)
May 28 07:33:31.226276 localhost kernel: ACPI: FACP 0x000000003FFE17A8 000074 (v01 BOCHS  BXPC     00000001 BXPC 00000001)
May 28 07:33:31.226281 localhost kernel: ACPI: DSDT 0x000000003FFE0040 001768 (v01 BOCHS  BXPC     00000001 BXPC 00000001)
May 28 07:33:31.226286 localhost kernel: ACPI: FACS 0x000000003FFE0000 000040
May 28 07:33:31.226291 localhost kernel: ACPI: APIC 0x000000003FFE181C 000078 (v01 BOCHS  BXPC     00000001 BXPC 00000001)
May 28 07:33:31.226297 localhost kernel: ACPI: HPET 0x000000003FFE1894 000038 (v01 BOCHS  BXPC     00000001 BXPC 00000001)
May 28 07:33:31.226302 localhost kernel: ACPI: WAET 0x000000003FFE18CC 000028 (v01 BOCHS  BXPC     00000001 BXPC 00000001)
May 28 07:33:31.226308 localhost kernel: ACPI: Reserving FACP table memory at [mem 0x3ffe17a8-0x3ffe181b]
May 28 07:33:31.226313 localhost kernel: ACPI: Reserving DSDT table memory at [mem 0x3ffe0040-0x3ffe17a7]
May 28 07:33:31.226325 localhost kernel: ACPI: Reserving FACS table memory at [mem 0x3ffe0000-0x3ffe003f]
May 28 07:33:31.226330 localhost kernel: ACPI: Reserving APIC table memory at [mem 0x3ffe181c-0x3ffe1893]
May 28 07:33:31.226336 localhost kernel: ACPI: Reserving HPET table memory at [mem 0x3ffe1894-0x3ffe18cb]
May 28 07:33:31.226341 localhost kernel: ACPI: Reserving WAET table memory at [mem 0x3ffe18cc-0x3ffe18f3]
May 28 07:33:31.226346 localhost kernel: APIC: Switched APIC routing to: cluster x2apic
May 28 07:33:31.226351 localhost kernel: No NUMA configuration found
May 28 07:33:31.226356 localhost kernel: Faking a node at [mem 0x0000000000000000-0x000000003ffd5fff]
May 28 07:33:31.226361 localhost kernel: NODE_DATA(0) allocated [mem 0x3ffa50c0-0x3ffd00bf]
May 28 07:33:31.226367 localhost kernel: Zone ranges:
May 28 07:33:31.226372 localhost kernel:   DMA      [mem 0x0000000000001000-0x0000000000ffffff]
May 28 07:33:31.226377 localhost kernel:   DMA32    [mem 0x0000000001000000-0x000000003ffd5fff]
May 28 07:33:31.226382 localhost kernel:   Normal   empty
May 28 07:33:31.226389 localhost kernel:   Device   empty
May 28 07:33:31.226394 localhost kernel: Movable zone start for each node
May 28 07:33:31.226399 localhost kernel: Early memory node ranges
May 28 07:33:31.226404 localhost kernel:   node   0: [mem 0x0000000000001000-0x000000000009efff]
May 28 07:33:31.226409 localhost kernel:   node   0: [mem 0x0000000000100000-0x000000003ffd5fff]
May 28 07:33:31.226414 localhost kernel: Initmem setup node 0 [mem 0x0000000000001000-0x000000003ffd5fff]
May 28 07:33:31.226420 localhost kernel: On node 0, zone DMA: 1 pages in unavailable ranges
May 28 07:33:31.226425 localhost kernel: On node 0, zone DMA: 97 pages in unavailable ranges
May 28 07:33:31.226430 localhost kernel: On node 0, zone DMA32: 42 pages in unavailable ranges
May 28 07:33:31.226435 localhost kernel: ACPI: PM-Timer IO Port: 0x608
May 28 07:33:31.226440 localhost kernel: ACPI: LAPIC_NMI (acpi_id[0xff] dfl dfl lint[0x1])
May 28 07:33:31.226445 localhost kernel: IOAPIC[0]: apic_id 0, version 17, address 0xfec00000, GSI 0-23
May 28 07:33:31.226450 localhost kernel: ACPI: INT_SRC_OVR (bus 0 bus_irq 0 global_irq 2 dfl dfl)
May 28 07:33:31.226457 localhost kernel: ACPI: INT_SRC_OVR (bus 0 bus_irq 5 global_irq 5 high level)
May 28 07:33:31.226462 localhost kernel: ACPI: INT_SRC_OVR (bus 0 bus_irq 9 global_irq 9 high level)
May 28 07:33:31.226471 localhost kernel: ACPI: INT_SRC_OVR (bus 0 bus_irq 10 global_irq 10 high level)
May 28 07:33:31.226478 localhost kernel: ACPI: INT_SRC_OVR (bus 0 bus_irq 11 global_irq 11 high level)
May 28 07:33:31.226483 localhost kernel: ACPI: Using ACPI (MADT) for SMP configuration information
May 28 07:33:31.226488 localhost kernel: ACPI: HPET id: 0x8086a201 base: 0xfed00000
May 28 07:33:31.226493 localhost kernel: TSC deadline timer available
May 28 07:33:31.226498 localhost kernel: CPU topo: Max. logical packages:   1
May 28 07:33:31.226504 localhost kernel: CPU topo: Max. logical dies:       1
May 28 07:33:31.226509 localhost kernel: CPU topo: Max. dies per package:   1
May 28 07:33:31.226514 localhost kernel: CPU topo: Max. threads per core:   1
May 28 07:33:31.226519 localhost kernel: CPU topo: Num. cores per package:     1
May 28 07:33:31.226526 localhost kernel: CPU topo: Num. threads per package:   1
May 28 07:33:31.226531 localhost kernel: CPU topo: Allowing 1 present CPUs plus 0 hotplug CPUs
May 28 07:33:31.226536 localhost kernel: kvm-guest: APIC: eoi() replaced with kvm_guest_apic_eoi_write()
May 28 07:33:31.226541 localhost kernel: PM: hibernation: Registered nosave memory: [mem 0x00000000-0x00000fff]
May 28 07:33:31.226549 localhost kernel: PM: hibernation: Registered nosave memory: [mem 0x0009f000-0x0009ffff]
May 28 07:33:31.226557 localhost kernel: PM: hibernation: Registered nosave memory: [mem 0x000a0000-0x000effff]
May 28 07:33:31.226562 localhost kernel: PM: hibernation: Registered nosave memory: [mem 0x000f0000-0x000fffff]
May 28 07:33:31.226568 localhost kernel: PM: hibernation: Registered nosave memory: [mem 0x3ffd0000-0x3ffd0fff]
May 28 07:33:31.226573 localhost kernel: PM: hibernation: Registered nosave memory: [mem 0x3ffd0000-0x3ffd0fff]
May 28 07:33:31.226578 localhost kernel: [mem 0x40000000-0xfeffbfff] available for PCI devices
May 28 07:33:31.226583 localhost kernel: Booting paravirtualized kernel on KVM
May 28 07:33:31.226588 localhost kernel: clocksource: refined-jiffies: mask: 0xffffffff max_cycles: 0xffffffff, max_idle_ns: 6370452778343963 ns
May 28 07:33:31.226596 localhost kernel: setup_percpu: NR_CPUS:8192 nr_cpumask_bits:1 nr_cpu_ids:1 nr_node_ids:1
May 28 07:33:31.226601 localhost kernel: percpu: Embedded 72 pages/cpu s258048 r8192 d28672 u2097152
May 28 07:33:31.226606 localhost kernel: pcpu-alloc: s258048 r8192 d28672 u2097152 alloc=1*2097152
May 28 07:33:31.226611 localhost kernel: pcpu-alloc: [0] 0 
May 28 07:33:31.226616 localhost kernel: kvm-guest: PV spinlocks disabled, single CPU
May 28 07:33:31.226621 localhost kernel: Kernel command line: root=UUID=1386d3ab-2af2-47a9-9f0a-e9360f9bbcb7
May 28 07:33:31.226627 localhost kernel: Dentry cache hash table entries: 131072 (order: 8, 1048576 bytes, linear)
May 28 07:33:31.226632 localhost kernel: Inode-cache hash table entries: 65536 (order: 7, 524288 bytes, linear)
May 28 07:33:31.226637 localhost kernel: Fallback order for Node 0: 0 
May 28 07:33:31.226642 localhost kernel: Built 1 zonelists, mobility grouping on.  Total pages: 257750
May 28 07:33:31.226647 localhost kernel: Policy zone: DMA32
May 28 07:33:31.226652 localhost kernel: mem auto-init: stack:off, heap alloc:off, heap free:off
May 28 07:33:31.226660 localhost kernel: Memory: 260860K/1048016K available (16384K kernel code, 3000K rwdata, 13020K rodata, 4224K init, 4384K bss, 254348K reserved, 0K cma-reserved)
May 28 07:33:31.226665 localhost kernel: SLUB: HWalign=64, Order=0-3, MinObjects=0, CPUs=1, Nodes=1
May 28 07:33:31.226670 localhost kernel: ftrace: allocating 47505 entries in 186 pages
May 28 07:33:31.226675 localhost kernel: ftrace: allocated 186 pages with 5 groups
May 28 07:33:31.226685 localhost kernel: Dynamic Preempt: voluntary
May 28 07:33:31.226690 localhost kernel: rcu: Preemptible hierarchical RCU implementation.
May 28 07:33:31.226696 localhost kernel: rcu:         RCU event tracing is enabled.
May 28 07:33:31.226702 localhost kernel: rcu:         RCU restricting CPUs from NR_CPUS=8192 to nr_cpu_ids=1.
May 28 07:33:31.226707 localhost kernel:         Trampoline variant of Tasks RCU enabled.
May 28 07:33:31.226712 localhost kernel:         Rude variant of Tasks RCU enabled.
May 28 07:33:31.226718 localhost kernel:         Tracing variant of Tasks RCU enabled.
May 28 07:33:31.226723 localhost kernel: rcu: RCU calculated value of scheduler-enlistment delay is 30 jiffies.
May 28 07:33:31.226731 localhost kernel: rcu: Adjusting geometry for rcu_fanout_leaf=16, nr_cpu_ids=1
May 28 07:33:31.226736 localhost kernel: RCU Tasks: Setting shift to 0 and lim to 1 rcu_task_cb_adjust=1.
May 28 07:33:31.226741 localhost kernel: RCU Tasks Rude: Setting shift to 0 and lim to 1 rcu_task_cb_adjust=1.
May 28 07:33:31.226747 localhost kernel: RCU Tasks Trace: Setting shift to 0 and lim to 1 rcu_task_cb_adjust=1.
May 28 07:33:31.226752 localhost kernel: NR_IRQS: 524544, nr_irqs: 256, preallocated irqs: 16
May 28 07:33:31.226757 localhost kernel: rcu: srcu_init: Setting srcu_struct sizes based on contention.
May 28 07:33:31.226762 localhost kernel: Console: colour dummy device 80x25
May 28 07:33:31.226767 localhost kernel: printk: legacy console [tty0] enabled
May 28 07:33:31.226772 localhost kernel: ACPI: Core revision 20230628
May 28 07:33:31.226777 localhost kernel: clocksource: hpet: mask: 0xffffffff max_cycles: 0xffffffff, max_idle_ns: 19112604467 ns
May 28 07:33:31.226784 localhost kernel: APIC: Switch to symmetric I/O mode setup
May 28 07:33:31.226790 localhost kernel: APIC: Switched APIC routing to: physical x2apic
May 28 07:33:31.226795 localhost kernel: ..TIMER: vector=0x30 apic1=0 pin1=2 apic2=-1 pin2=-1
May 28 07:33:31.226800 localhost kernel: clocksource: tsc-early: mask: 0xffffffffffffffff max_cycles: 0x1fb63109b96, max_idle_ns: 440795265316 ns
May 28 07:33:31.226806 localhost kernel: Calibrating delay loop (skipped) preset value.. 4401.32 BogoMIPS (lpj=7333326)
May 28 07:33:31.226815 localhost kernel: x86/cpu: User Mode Instruction Prevention (UMIP) activated
May 28 07:33:31.226821 localhost kernel: Last level iTLB entries: 4KB 512, 2MB 255, 4MB 127
May 28 07:33:31.226826 localhost kernel: Last level dTLB entries: 4KB 512, 2MB 255, 4MB 127, 1GB 0
May 28 07:33:31.226832 localhost kernel: Spectre V1 : Mitigation: usercopy/swapgs barriers and __user pointer sanitization
May 28 07:33:31.226837 localhost kernel: Spectre V2 : Mitigation: Retpolines
May 28 07:33:31.226842 localhost kernel: Spectre V2 : Spectre v2 / SpectreRSB mitigation: Filling RSB on context switch
May 28 07:33:31.226847 localhost kernel: Spectre V2 : Spectre v2 / SpectreRSB : Filling RSB on VMEXIT
May 28 07:33:31.226855 localhost kernel: Spectre V2 : Enabling Restricted Speculation for firmware calls
May 28 07:33:31.226860 localhost kernel: Spectre V2 : mitigation: Enabling conditional Indirect Branch Prediction Barrier
May 28 07:33:31.226865 localhost kernel: Speculative Store Bypass: Mitigation: Speculative Store Bypass disabled via prctl
May 28 07:33:31.226870 localhost kernel: Speculative Return Stack Overflow: IBPB-extending microcode not applied!
May 28 07:33:31.226876 localhost kernel: Speculative Return Stack Overflow: WARNING: See https://kernel.org/doc/html/latest/admin-guide/hw-vuln/srso.html for mitigation options.
May 28 07:33:31.226881 localhost kernel: Speculative Return Stack Overflow: Vulnerable: Safe RET, no microcode
May 28 07:33:31.226886 localhost kernel: x86/fpu: Supporting XSAVE feature 0x001: 'x87 floating point registers'
May 28 07:33:31.226892 localhost kernel: x86/fpu: Supporting XSAVE feature 0x002: 'SSE registers'
May 28 07:33:31.226897 localhost kernel: x86/fpu: Supporting XSAVE feature 0x004: 'AVX registers'
May 28 07:33:31.226902 localhost kernel: x86/fpu: Supporting XSAVE feature 0x200: 'Protection Keys User registers'
May 28 07:33:31.226909 localhost kernel: x86/fpu: xstate_offset[2]:  576, xstate_sizes[2]:  256
May 28 07:33:31.226914 localhost kernel: x86/fpu: xstate_offset[9]:  832, xstate_sizes[9]:    8
May 28 07:33:31.226920 localhost kernel: x86/fpu: Enabled xstate features 0x207, context size is 840 bytes, using 'compacted' format.
May 28 07:33:31.226925 localhost kernel: Freeing SMP alternatives memory: 40K
May 28 07:33:31.226930 localhost kernel: pid_max: default: 32768 minimum: 301
May 28 07:33:31.226935 localhost kernel: LSM: initializing lsm=lockdown,capability,landlock,yama,apparmor,tomoyo,bpf,ima,evm
May 28 07:33:31.226940 localhost kernel: landlock: Up and running.
May 28 07:33:31.226945 localhost kernel: Yama: becoming mindful.
May 28 07:33:31.226950 localhost kernel: AppArmor: AppArmor initialized
May 28 07:33:31.226956 localhost kernel: TOMOYO Linux initialized
May 28 07:33:31.226961 localhost kernel: LSM support for eBPF active
May 28 07:33:31.226966 localhost kernel: Mount-cache hash table entries: 2048 (order: 2, 16384 bytes, linear)
May 28 07:33:31.226973 localhost kernel: Mountpoint-cache hash table entries: 2048 (order: 2, 16384 bytes, linear)
May 28 07:33:31.226978 localhost kernel: smpboot: CPU0: AMD EPYC 7773X 64-Core Processor (family: 0x19, model: 0x1, stepping: 0x2)
May 28 07:33:31.226983 localhost kernel: Performance Events: Fam17h+ core perfctr, AMD PMU driver.
May 28 07:33:31.226988 localhost kernel: ... version:                0
May 28 07:33:31.226993 localhost kernel: ... bit width:              48
May 28 07:33:31.226999 localhost kernel: ... generic registers:      6
May 28 07:33:31.227004 localhost kernel: ... value mask:             0000ffffffffffff
May 28 07:33:31.227009 localhost kernel: ... max period:             00007fffffffffff
May 28 07:33:31.227014 localhost kernel: ... fixed-purpose events:   0
May 28 07:33:31.227019 localhost kernel: ... event mask:             000000000000003f
May 28 07:33:31.227024 localhost kernel: signal: max sigframe size: 3376
May 28 07:33:31.227029 localhost kernel: rcu: Hierarchical SRCU implementation.
May 28 07:33:31.227036 localhost kernel: rcu:         Max phase no-delay instances is 1000.
May 28 07:33:31.227041 localhost kernel: smp: Bringing up secondary CPUs ...
May 28 07:33:31.227046 localhost kernel: smp: Brought up 1 node, 1 CPU
May 28 07:33:31.227052 localhost kernel: smpboot: Total of 1 processors activated (4401.32 BogoMIPS)
May 28 07:33:31.227057 localhost kernel: node 0 deferred pages initialised in 4ms
May 28 07:33:31.227063 localhost kernel: devtmpfs: initialized
May 28 07:33:31.227071 localhost kernel: x86/mm: Memory block size: 128MB
May 28 07:33:31.227087 localhost kernel: clocksource: jiffies: mask: 0xffffffff max_cycles: 0xffffffff, max_idle_ns: 6370867519511994 ns
May 28 07:33:31.227093 localhost kernel: futex hash table entries: 256 (order: 2, 16384 bytes, linear)
May 28 07:33:31.227098 localhost kernel: pinctrl core: initialized pinctrl subsystem
May 28 07:33:31.227103 localhost kernel: PM: RTC time: 07:33:29, date: 2024-05-28
May 28 07:33:31.227108 localhost kernel: NET: Registered PF_NETLINK/PF_ROUTE protocol family
May 28 07:33:31.227114 localhost kernel: DMA: preallocated 128 KiB GFP_KERNEL pool for atomic allocations
May 28 07:33:31.227121 localhost kernel: DMA: preallocated 128 KiB GFP_KERNEL|GFP_DMA pool for atomic allocations
May 28 07:33:31.227126 localhost kernel: DMA: preallocated 128 KiB GFP_KERNEL|GFP_DMA32 pool for atomic allocations
May 28 07:33:31.227131 localhost kernel: audit: initializing netlink subsys (disabled)
May 28 07:33:31.227136 localhost kernel: audit: type=2000 audit(1716881609.973:1): state=initialized audit_enabled=0 res=1
May 28 07:33:31.227142 localhost kernel: thermal_sys: Registered thermal governor 'fair_share'
May 28 07:33:31.227147 localhost kernel: thermal_sys: Registered thermal governor 'bang_bang'
May 28 07:33:31.227152 localhost kernel: thermal_sys: Registered thermal governor 'step_wise'
May 28 07:33:31.227157 localhost kernel: thermal_sys: Registered thermal governor 'user_space'
May 28 07:33:31.227162 localhost kernel: cpuidle: using governor ladder
May 28 07:33:31.227167 localhost kernel: cpuidle: using governor menu
May 28 07:33:31.227172 localhost kernel: acpiphp: ACPI Hot Plug PCI Controller Driver version: 0.5
May 28 07:33:31.227182 localhost kernel: PCI: Using configuration type 1 for base access
May 28 07:33:31.227190 localhost kernel: PCI: Using configuration type 1 for extended access
May 28 07:33:31.227196 localhost kernel: kprobes: kprobe jump-optimization is enabled. All kprobes are optimized if possible.
May 28 07:33:31.227202 localhost kernel: HugeTLB: registered 1.00 GiB page size, pre-allocated 0 pages
May 28 07:33:31.227207 localhost kernel: HugeTLB: 16380 KiB vmemmap can be freed for a 1.00 GiB page
May 28 07:33:31.227212 localhost kernel: HugeTLB: registered 2.00 MiB page size, pre-allocated 0 pages
May 28 07:33:31.227217 localhost kernel: HugeTLB: 28 KiB vmemmap can be freed for a 2.00 MiB page
May 28 07:33:31.227223 localhost kernel: Demotion targets for Node 0: null
May 28 07:33:31.227228 localhost kernel: ACPI: Added _OSI(Module Device)
May 28 07:33:31.227236 localhost kernel: ACPI: Added _OSI(Processor Device)
May 28 07:33:31.227244 localhost kernel: ACPI: Added _OSI(3.0 _SCP Extensions)
May 28 07:33:31.227249 localhost kernel: ACPI: Added _OSI(Processor Aggregator Device)
May 28 07:33:31.227256 localhost kernel: ACPI: 1 ACPI AML tables successfully acquired and loaded
May 28 07:33:31.227261 localhost kernel: ACPI: _OSC evaluation for CPUs failed, trying _PDC
May 28 07:33:31.227266 localhost kernel: ACPI: Interpreter enabled
May 28 07:33:31.227272 localhost kernel: ACPI: PM: (supports S0 S3 S4 S5)
May 28 07:33:31.227277 localhost kernel: ACPI: Using IOAPIC for interrupt routing
May 28 07:33:31.227282 localhost kernel: PCI: Using host bridge windows from ACPI; if necessary, use "pci=nocrs" and report a bug
May 28 07:33:31.227287 localhost kernel: PCI: Using E820 reservations for host bridge windows
May 28 07:33:31.227292 localhost kernel: ACPI: Enabled 2 GPEs in block 00 to 0F
May 28 07:33:31.227297 localhost kernel: ACPI: PCI Root Bridge [PCI0] (domain 0000 [bus 00-ff])
May 28 07:33:31.227470 localhost kernel: acpi PNP0A03:00: _OSC: OS supports [ExtendedConfig ASPM ClockPM Segments MSI EDR HPX-Type3]
May 28 07:33:31.227485 localhost kernel: acpiphp: Slot [3] registered
May 28 07:33:31.227491 localhost kernel: acpiphp: Slot [4] registered
May 28 07:33:31.227497 localhost kernel: acpiphp: Slot [5] registered
May 28 07:33:31.227502 localhost kernel: acpiphp: Slot [6] registered
May 28 07:33:31.227507 localhost kernel: acpiphp: Slot [7] registered
May 28 07:33:31.227512 localhost kernel: acpiphp: Slot [8] registered
May 28 07:33:31.227517 localhost kernel: acpiphp: Slot [9] registered
May 28 07:33:31.227522 localhost kernel: acpiphp: Slot [10] registered
May 28 07:33:31.227527 localhost kernel: acpiphp: Slot [11] registered
May 28 07:33:31.227532 localhost kernel: acpiphp: Slot [12] registered
May 28 07:33:31.227538 localhost kernel: acpiphp: Slot [13] registered
May 28 07:33:31.227547 localhost kernel: acpiphp: Slot [14] registered
May 28 07:33:31.227556 localhost kernel: acpiphp: Slot [15] registered
May 28 07:33:31.227563 localhost kernel: acpiphp: Slot [16] registered
May 28 07:33:31.227568 localhost kernel: acpiphp: Slot [17] registered
May 28 07:33:31.227574 localhost kernel: acpiphp: Slot [18] registered
May 28 07:33:31.227579 localhost kernel: acpiphp: Slot [19] registered
May 28 07:33:31.227584 localhost kernel: acpiphp: Slot [20] registered
May 28 07:33:31.227589 localhost kernel: acpiphp: Slot [21] registered
May 28 07:33:31.227594 localhost kernel: acpiphp: Slot [22] registered
May 28 07:33:31.227599 localhost kernel: acpiphp: Slot [23] registered
May 28 07:33:31.227604 localhost kernel: acpiphp: Slot [24] registered
May 28 07:33:31.227609 localhost kernel: acpiphp: Slot [25] registered
May 28 07:33:31.227614 localhost kernel: acpiphp: Slot [26] registered
May 28 07:33:31.227619 localhost kernel: acpiphp: Slot [27] registered
May 28 07:33:31.227626 localhost kernel: acpiphp: Slot [28] registered
May 28 07:33:31.227631 localhost kernel: acpiphp: Slot [29] registered
May 28 07:33:31.227636 localhost kernel: acpiphp: Slot [30] registered
May 28 07:33:31.227641 localhost kernel: acpiphp: Slot [31] registered
May 28 07:33:31.227646 localhost kernel: PCI host bridge to bus 0000:00
May 28 07:33:31.227778 localhost kernel: pci_bus 0000:00: root bus resource [io  0x0000-0x0cf7 window]
May 28 07:33:31.227881 localhost kernel: pci_bus 0000:00: root bus resource [io  0x0d00-0xffff window]
May 28 07:33:31.227987 localhost kernel: pci_bus 0000:00: root bus resource [mem 0x000a0000-0x000bffff window]
May 28 07:33:31.228086 localhost kernel: pci_bus 0000:00: root bus resource [mem 0x40000000-0xfebfffff window]
May 28 07:33:31.228190 localhost kernel: pci_bus 0000:00: root bus resource [mem 0x100000000-0x17fffffff window]
May 28 07:33:31.228286 localhost kernel: pci_bus 0000:00: root bus resource [bus 00-ff]
May 28 07:33:31.228429 localhost kernel: pci 0000:00:00.0: [8086:1237] type 00 class 0x060000 conventional PCI endpoint
May 28 07:33:31.228555 localhost kernel: pci 0000:00:01.0: [8086:7000] type 00 class 0x060100 conventional PCI endpoint
May 28 07:33:31.228680 localhost kernel: pci 0000:00:01.1: [8086:7010] type 00 class 0x010180 conventional PCI endpoint
May 28 07:33:31.245660 localhost kernel: pci 0000:00:01.1: BAR 4 [io  0xc1c0-0xc1cf]
May 28 07:33:31.245789 localhost kernel: pci 0000:00:01.1: BAR 0 [io  0x01f0-0x01f7]: legacy IDE quirk
May 28 07:33:31.245906 localhost kernel: pci 0000:00:01.1: BAR 1 [io  0x03f6]: legacy IDE quirk
May 28 07:33:31.246020 localhost kernel: pci 0000:00:01.1: BAR 2 [io  0x0170-0x0177]: legacy IDE quirk
May 28 07:33:31.246134 localhost kernel: pci 0000:00:01.1: BAR 3 [io  0x0376]: legacy IDE quirk
May 28 07:33:31.246267 localhost kernel: pci 0000:00:01.3: [8086:7113] type 00 class 0x068000 conventional PCI endpoint
May 28 07:33:31.246386 localhost kernel: pci 0000:00:01.3: quirk: [io  0x0600-0x063f] claimed by PIIX4 ACPI
May 28 07:33:31.246500 localhost kernel: pci 0000:00:01.3: quirk: [io  0x0700-0x070f] claimed by PIIX4 SMB
May 28 07:33:31.246623 localhost kernel: pci 0000:00:02.0: [1234:1111] type 00 class 0x030000 conventional PCI endpoint
May 28 07:33:31.246742 localhost kernel: pci 0000:00:02.0: BAR 0 [mem 0xfd000000-0xfdffffff pref]
May 28 07:33:31.246858 localhost kernel: pci 0000:00:02.0: BAR 2 [mem 0xfebd8000-0xfebd8fff]
May 28 07:33:31.246972 localhost kernel: pci 0000:00:02.0: ROM [mem 0xfebc0000-0xfebcffff pref]
May 28 07:33:31.247095 localhost kernel: pci 0000:00:02.0: Video device with shadowed ROM at [mem 0x000c0000-0x000dffff]
May 28 07:33:31.247231 localhost kernel: pci 0000:00:03.0: [8086:2668] type 00 class 0x040300 conventional PCI endpoint
May 28 07:33:31.247349 localhost kernel: pci 0000:00:03.0: BAR 0 [mem 0xfebd0000-0xfebd3fff]
May 28 07:33:31.247476 localhost kernel: pci 0000:00:04.0: [1af4:1000] type 00 class 0x020000 conventional PCI endpoint
May 28 07:33:31.247591 localhost kernel: pci 0000:00:04.0: BAR 0 [io  0xc180-0xc19f]
May 28 07:33:31.247714 localhost kernel: pci 0000:00:04.0: BAR 1 [mem 0xfebd9000-0xfebd9fff]
May 28 07:33:31.247831 localhost kernel: pci 0000:00:04.0: BAR 4 [mem 0xfe000000-0xfe003fff 64bit pref]
May 28 07:33:31.248053 localhost kernel: pci 0000:00:04.0: ROM [mem 0xfeb80000-0xfebbffff pref]
May 28 07:33:31.248176 localhost kernel: pci 0000:00:05.0: [1af4:1005] type 00 class 0x00ff00 conventional PCI endpoint
May 28 07:33:31.248306 localhost kernel: pci 0000:00:05.0: BAR 0 [io  0xc1a0-0xc1bf]
May 28 07:33:31.248440 localhost kernel: pci 0000:00:05.0: BAR 4 [mem 0xfe004000-0xfe007fff 64bit pref]
May 28 07:33:31.248576 localhost kernel: pci 0000:00:06.0: [1b36:000d] type 00 class 0x0c0330 conventional PCI endpoint
May 28 07:33:31.248691 localhost kernel: pci 0000:00:06.0: BAR 0 [mem 0xfebd4000-0xfebd7fff 64bit]
May 28 07:33:31.252952 localhost kernel: pci 0000:00:07.0: [1af4:1003] type 00 class 0x078000 conventional PCI endpoint
May 28 07:33:31.253081 localhost kernel: pci 0000:00:07.0: BAR 0 [io  0xc100-0xc13f]
May 28 07:33:31.253207 localhost kernel: pci 0000:00:07.0: BAR 1 [mem 0xfebda000-0xfebdafff]
May 28 07:33:31.253332 localhost kernel: pci 0000:00:07.0: BAR 4 [mem 0xfe008000-0xfe00bfff 64bit pref]
May 28 07:33:31.253459 localhost kernel: pci 0000:00:08.0: [1af4:1004] type 00 class 0x010000 conventional PCI endpoint
May 28 07:33:31.253590 localhost kernel: pci 0000:00:08.0: BAR 0 [io  0xc140-0xc17f]
May 28 07:33:31.253720 localhost kernel: pci 0000:00:08.0: BAR 1 [mem 0xfebdb000-0xfebdbfff]
May 28 07:33:31.253859 localhost kernel: pci 0000:00:08.0: BAR 4 [mem 0xfe00c000-0xfe00ffff 64bit pref]
May 28 07:33:31.253984 localhost kernel: pci 0000:00:09.0: [1af4:1001] type 00 class 0x010000 conventional PCI endpoint
May 28 07:33:31.254108 localhost kernel: pci 0000:00:09.0: BAR 0 [io  0xc000-0xc07f]
May 28 07:33:31.254224 localhost kernel: pci 0000:00:09.0: BAR 1 [mem 0xfebdc000-0xfebdcfff]
May 28 07:33:31.254348 localhost kernel: pci 0000:00:09.0: BAR 4 [mem 0xfe010000-0xfe013fff 64bit pref]
May 28 07:33:31.254476 localhost kernel: pci 0000:00:0a.0: [1af4:1001] type 00 class 0x010000 conventional PCI endpoint
May 28 07:33:31.254594 localhost kernel: pci 0000:00:0a.0: BAR 0 [io  0xc080-0xc0ff]
May 28 07:33:31.254719 localhost kernel: pci 0000:00:0a.0: BAR 1 [mem 0xfebdd000-0xfebddfff]
May 28 07:33:31.254835 localhost kernel: pci 0000:00:0a.0: BAR 4 [mem 0xfe014000-0xfe017fff 64bit pref]
May 28 07:33:31.254845 localhost kernel: ACPI: PCI: Interrupt link LNKA configured for IRQ 10
May 28 07:33:31.254850 localhost kernel: ACPI: PCI: Interrupt link LNKB configured for IRQ 10
May 28 07:33:31.254856 localhost kernel: ACPI: PCI: Interrupt link LNKC configured for IRQ 11
May 28 07:33:31.254861 localhost kernel: ACPI: PCI: Interrupt link LNKD configured for IRQ 11
May 28 07:33:31.254866 localhost kernel: ACPI: PCI: Interrupt link LNKS configured for IRQ 9
May 28 07:33:31.254871 localhost kernel: iommu: Default domain type: Passthrough
May 28 07:33:31.254877 localhost kernel: pps_core: LinuxPPS API ver. 1 registered
May 28 07:33:31.254882 localhost kernel: pps_core: Software ver. 5.3.6 - Copyright 2005-2007 Rodolfo Giometti <giometti@linux.it>
May 28 07:33:31.254888 localhost kernel: PTP clock support registered
May 28 07:33:31.254899 localhost kernel: EDAC MC: Ver: 3.0.0
May 28 07:33:31.254907 localhost kernel: NetLabel: Initializing
May 28 07:33:31.254913 localhost kernel: NetLabel:  domain hash size = 128
May 28 07:33:31.254918 localhost kernel: NetLabel:  protocols = UNLABELED CIPSOv4 CALIPSO
May 28 07:33:31.254923 localhost kernel: NetLabel:  unlabeled traffic allowed by default
May 28 07:33:31.254929 localhost kernel: mctp: management component transport protocol core
May 28 07:33:31.254934 localhost kernel: NET: Registered PF_MCTP protocol family
May 28 07:33:31.254939 localhost kernel: PCI: Using ACPI for IRQ routing
May 28 07:33:31.254944 localhost kernel: PCI: pci_cache_line_size set to 64 bytes
May 28 07:33:31.254950 localhost kernel: e820: reserve RAM buffer [mem 0x0009fc00-0x0009ffff]
May 28 07:33:31.254955 localhost kernel: e820: reserve RAM buffer [mem 0x3ffd00c0-0x3fffffff]
May 28 07:33:31.254961 localhost kernel: e820: reserve RAM buffer [mem 0x3ffd6000-0x3fffffff]
May 28 07:33:31.255088 localhost kernel: pci 0000:00:02.0: vgaarb: setting as boot VGA device
May 28 07:33:31.255216 localhost kernel: pci 0000:00:02.0: vgaarb: bridge control possible
May 28 07:33:31.255332 localhost kernel: pci 0000:00:02.0: vgaarb: VGA device added: decodes=io+mem,owns=io+mem,locks=none
May 28 07:33:31.255342 localhost kernel: vgaarb: loaded
May 28 07:33:31.255349 localhost kernel: hpet0: at MMIO 0xfed00000, IRQs 2, 8, 0
May 28 07:33:31.255358 localhost kernel: hpet0: 3 comparators, 64-bit 100.000000 MHz counter
May 28 07:33:31.255363 localhost kernel: clocksource: Switched to clocksource kvm-clock
May 28 07:33:31.255369 localhost kernel: VFS: Disk quotas dquot_6.6.0
May 28 07:33:31.265414 localhost kernel: VFS: Dquot-cache hash table entries: 512 (order 0, 4096 bytes)
May 28 07:33:31.265422 localhost kernel: AppArmor: AppArmor Filesystem Enabled
May 28 07:33:31.265428 localhost kernel: pnp: PnP ACPI init
May 28 07:33:31.265578 localhost kernel: pnp 00:02: [dma 2]
May 28 07:33:31.265594 localhost kernel: pnp: PnP ACPI: found 6 devices
May 28 07:33:31.265600 localhost kernel: clocksource: acpi_pm: mask: 0xffffff max_cycles: 0xffffff, max_idle_ns: 2085701024 ns
May 28 07:33:31.265606 localhost kernel: NET: Registered PF_INET protocol family
May 28 07:33:31.265611 localhost kernel: IP idents hash table entries: 16384 (order: 5, 131072 bytes, linear)
May 28 07:33:31.265616 localhost kernel: tcp_listen_portaddr_hash hash table entries: 512 (order: 1, 8192 bytes, linear)
May 28 07:33:31.265622 localhost kernel: Table-perturb hash table entries: 65536 (order: 6, 262144 bytes, linear)
May 28 07:33:31.265627 localhost kernel: TCP established hash table entries: 8192 (order: 4, 65536 bytes, linear)
May 28 07:33:31.265632 localhost kernel: TCP bind hash table entries: 8192 (order: 6, 262144 bytes, linear)
May 28 07:33:31.265638 localhost kernel: TCP: Hash tables configured (established 8192 bind 8192)
May 28 07:33:31.265645 localhost kernel: MPTCP token hash table entries: 1024 (order: 2, 24576 bytes, linear)
May 28 07:33:31.265658 localhost kernel: UDP hash table entries: 512 (order: 2, 16384 bytes, linear)
May 28 07:33:31.265680 localhost kernel: UDP-Lite hash table entries: 512 (order: 2, 16384 bytes, linear)
May 28 07:33:31.265688 localhost kernel: NET: Registered PF_UNIX/PF_LOCAL protocol family
May 28 07:33:31.265694 localhost kernel: NET: Registered PF_XDP protocol family
May 28 07:33:31.265808 localhost kernel: pci_bus 0000:00: resource 4 [io  0x0000-0x0cf7 window]
May 28 07:33:31.265918 localhost kernel: pci_bus 0000:00: resource 5 [io  0x0d00-0xffff window]
May 28 07:33:31.266031 localhost kernel: pci_bus 0000:00: resource 6 [mem 0x000a0000-0x000bffff window]
May 28 07:33:31.266130 localhost kernel: pci_bus 0000:00: resource 7 [mem 0x40000000-0xfebfffff window]
May 28 07:33:31.266235 localhost kernel: pci_bus 0000:00: resource 8 [mem 0x100000000-0x17fffffff window]
May 28 07:33:31.266357 localhost kernel: pci 0000:00:00.0: Limiting direct PCI/PCI transfers
May 28 07:33:31.266368 localhost kernel: ACPI: \_SB_.LNKB: Enabled at IRQ 10
May 28 07:33:31.266484 localhost kernel: pci 0000:00:06.0: quirk_usb_early_handoff+0x0/0x710 took 76161 usecs
May 28 07:33:31.266494 localhost kernel: PCI: CLS 64 bytes, default 64
May 28 07:33:31.266500 localhost kernel: clocksource: tsc: mask: 0xffffffffffffffff max_cycles: 0x1fb63109b96, max_idle_ns: 440795265316 ns
May 28 07:33:31.266505 localhost kernel: Initialise system trusted keyrings
May 28 07:33:31.266511 localhost kernel: Key type blacklist registered
May 28 07:33:31.266517 localhost kernel: workingset: timestamp_bits=36 max_order=18 bucket_order=0
May 28 07:33:31.266525 localhost kernel: zbud: loaded
May 28 07:33:31.266531 localhost kernel: integrity: Platform Keyring initialized
May 28 07:33:31.266537 localhost kernel: integrity: Machine keyring initialized
May 28 07:33:31.266542 localhost kernel: Trying to unpack rootfs image as initramfs...
May 28 07:33:31.266547 localhost kernel: Key type asymmetric registered
May 28 07:33:31.266552 localhost kernel: Asymmetric key parser 'x509' registered
May 28 07:33:31.266558 localhost kernel: Freeing initrd memory: 188096K
May 28 07:33:31.266563 localhost kernel: Block layer SCSI generic (bsg) driver version 0.4 loaded (major 247)
May 28 07:33:31.266575 localhost kernel: io scheduler mq-deadline registered
May 28 07:33:31.266583 localhost kernel: io scheduler kyber registered
May 28 07:33:31.266588 localhost kernel: io scheduler bfq registered
May 28 07:33:31.266593 localhost kernel: shpchp: Standard Hot Plug PCI Controller Driver version: 0.4
May 28 07:33:31.266599 localhost kernel: ACPI: \_SB_.LNKD: Enabled at IRQ 11
May 28 07:33:31.266605 localhost kernel: ACPI: \_SB_.LNKA: Enabled at IRQ 10
May 28 07:33:31.266610 localhost kernel: ACPI: \_SB_.LNKC: Enabled at IRQ 11
May 28 07:33:31.266616 localhost kernel: Serial: 8250/16550 driver, 32 ports, IRQ sharing enabled
May 28 07:33:31.266623 localhost kernel: 00:04: ttyS0 at I/O 0x3f8 (irq = 4, base_baud = 115200) is a 16550A
May 28 07:33:31.266628 localhost kernel: Non-volatile memory driver v1.3
May 28 07:33:31.266633 localhost kernel: Linux agpgart interface v0.103
May 28 07:33:31.266639 localhost kernel: ACPI: bus type drm_connector registered
May 28 07:33:31.266644 localhost kernel: i8042: PNP: PS/2 Controller [PNP0303:KBD,PNP0f13:MOU] at 0x60,0x64 irq 1,12
May 28 07:33:31.266650 localhost kernel: serio: i8042 KBD port at 0x60,0x64 irq 1
May 28 07:33:31.266655 localhost kernel: serio: i8042 AUX port at 0x60,0x64 irq 12
May 28 07:33:31.266660 localhost kernel: mousedev: PS/2 mouse device common for all mice
May 28 07:33:31.266666 localhost kernel: input: AT Translated Set 2 keyboard as /devices/platform/i8042/serio0/input/input0
May 28 07:33:31.266671 localhost kernel: input: VirtualPS/2 VMware VMMouse as /devices/platform/i8042/serio1/input/input3
May 28 07:33:31.266676 localhost kernel: input: VirtualPS/2 VMware VMMouse as /devices/platform/i8042/serio1/input/input2
May 28 07:33:31.266804 localhost kernel: rtc_cmos 00:05: RTC can wake from S4
May 28 07:33:31.266913 localhost kernel: rtc_cmos 00:05: registered as rtc0
May 28 07:33:31.267020 localhost kernel: rtc_cmos 00:05: setting system clock to 2024-05-28T07:33:30 UTC (1716881610)
May 28 07:33:31.267142 localhost kernel: rtc_cmos 00:05: alarms up to one day, y3k, 242 bytes nvram, hpet irqs
May 28 07:33:31.267152 localhost kernel: amd_pstate: the _CPC object is not present in SBIOS or ACPI disabled
May 28 07:33:31.267158 localhost kernel: ledtrig-cpu: registered to indicate activity on CPUs
May 28 07:33:31.267164 localhost kernel: [drm] Initialized simpledrm 1.0.0 20200625 for simple-framebuffer.0 on minor 0
May 28 07:33:31.267169 localhost kernel: Console: switching to colour frame buffer device 128x48
May 28 07:33:31.267295 localhost kernel: simple-framebuffer simple-framebuffer.0: [drm] fb0: simpledrmdrmfb frame buffer device
May 28 07:33:31.267305 localhost kernel: hid: raw HID events driver (C) Jiri Kosina
May 28 07:33:31.267314 localhost kernel: drop_monitor: Initializing network drop monitor service
May 28 07:33:31.267320 localhost kernel: NET: Registered PF_INET6 protocol family
May 28 07:33:31.267325 localhost kernel: Segment Routing with IPv6
May 28 07:33:31.267330 localhost kernel: RPL Segment Routing with IPv6
May 28 07:33:31.267335 localhost kernel: In-situ OAM (IOAM) with IPv6
May 28 07:33:31.267340 localhost kernel: IPI shorthand broadcast: enabled
May 28 07:33:31.267346 localhost kernel: sched_clock: Marking stable (916670076, -274372)->(944237369, -27841665)
May 28 07:33:31.267351 localhost kernel: registered taskstats version 1
May 28 07:33:31.267356 localhost kernel: Loading compiled-in X.509 certificates
May 28 07:33:31.267362 localhost kernel: Loaded X.509 cert 'openSUSE Secure Boot Signkey: fd9f2c12e599d67cc7f9067541adf426b712469e'
May 28 07:33:31.267367 localhost kernel: page_owner is disabled
May 28 07:33:31.267372 localhost kernel: Key type .fscrypt registered
May 28 07:33:31.267380 localhost kernel: Key type fscrypt-provisioning registered
May 28 07:33:31.267385 localhost kernel: Key type encrypted registered
May 28 07:33:31.267391 localhost kernel: AppArmor: AppArmor sha256 policy hashing enabled
May 28 07:33:31.267396 localhost kernel: ima: No TPM chip found, activating TPM-bypass!
May 28 07:33:31.267402 localhost kernel: Loading compiled-in module X.509 certificates
May 28 07:33:31.267407 localhost kernel: Loaded X.509 cert 'openSUSE Secure Boot Signkey: fd9f2c12e599d67cc7f9067541adf426b712469e'
May 28 07:33:31.267412 localhost kernel: ima: Allocated hash algorithm: sha256
May 28 07:33:31.267418 localhost kernel: ima: No architecture policies found
May 28 07:33:31.267423 localhost kernel: evm: Initialising EVM extended attributes:
May 28 07:33:31.267428 localhost kernel: evm: security.selinux
May 28 07:33:31.267433 localhost kernel: evm: security.SMACK64 (disabled)
May 28 07:33:31.267438 localhost kernel: evm: security.SMACK64EXEC (disabled)
May 28 07:33:31.267446 localhost kernel: evm: security.SMACK64TRANSMUTE (disabled)
May 28 07:33:31.267451 localhost kernel: evm: security.SMACK64MMAP (disabled)
May 28 07:33:31.267456 localhost kernel: evm: security.apparmor
May 28 07:33:31.267461 localhost kernel: evm: security.ima
May 28 07:33:31.267467 localhost kernel: evm: security.capability
May 28 07:33:31.267472 localhost kernel: evm: HMAC attrs: 0x1
May 28 07:33:31.267477 localhost kernel: PM:   Magic number: 8:867:572
May 28 07:33:31.267482 localhost kernel: RAS: Correctable Errors collector initialized.
May 28 07:33:31.267487 localhost kernel: clk: Disabling unused clocks
May 28 07:33:31.267493 localhost kernel: PM: genpd: Disabling unused power domains
May 28 07:33:31.267498 localhost kernel: Freeing unused decrypted memory: 2028K
May 28 07:33:31.267503 localhost kernel: Freeing unused kernel image (initmem) memory: 4224K
May 28 07:33:31.267510 localhost kernel: Write protecting the kernel read-only data: 30720k
May 28 07:33:31.267515 localhost kernel: Freeing unused kernel image (rodata/data gap) memory: 1316K
May 28 07:33:31.267521 localhost kernel: Run /init as init process
May 28 07:33:31.267526 localhost kernel:   with arguments:
May 28 07:33:31.267531 localhost kernel:     /init
May 28 07:33:31.267536 localhost kernel:   with environment:
May 28 07:33:31.267541 localhost kernel:     HOME=/
May 28 07:33:31.267547 localhost kernel:     TERM=linux
May 28 07:33:31.267554 localhost systemd[1]: systemd 255.6+suse.30.g3ea0e1dff3 running in system mode (+PAM +AUDIT +SELINUX +APPARMOR +IMA -SMACK +SECCOMP +GCRYPT +GNUTLS +OPENSSL +ACL +BLKID +CURL +ELFUTILS +FIDO2 +IDN2 -IDN +IPTC +KMOD +LIBCRYPTSETUP +LIBFDISK +PCRE2 +PWQUALITY +P11KIT +QRENCODE +TPM2 +BZIP2 +LZ4 +XZ +ZLIB +ZSTD +BPF_FRAMEWORK -XKBCOMMON -UTMP +SYSVINIT default-hierarchy=unified)
May 28 07:33:31.267562 localhost systemd[1]: Detected virtualization kvm.
May 28 07:33:31.267570 localhost systemd[1]: Detected architecture x86-64.
May 28 07:33:31.267576 localhost systemd[1]: Running in initrd.
May 28 07:33:31.267582 localhost systemd[1]: No hostname configured, using default hostname.
May 28 07:33:31.267588 localhost systemd[1]: Hostname set to <localhost>.
May 28 07:33:31.267594 localhost systemd[1]: Initializing machine ID from random generator.
May 28 07:33:31.267600 localhost systemd[1]: bpf-lsm: LSM BPF program attached
May 28 07:33:31.267606 localhost systemd[1]: Queued start job for default target Initrd Default Target.
May 28 07:33:31.267611 localhost systemd[1]: Started Dispatch Password Requests to Console Directory Watch.
May 28 07:33:31.267617 localhost systemd[1]: Expecting device /dev/disk/by-uuid/1386d3ab-2af2-47a9-9f0a-e9360f9bbcb7...
May 28 07:33:31.267623 localhost systemd[1]: Reached target Local Encrypted Volumes.
May 28 07:33:31.267628 localhost systemd[1]: Reached target Initrd /usr File System.
May 28 07:33:31.267636 localhost systemd[1]: Reached target Path Units.
May 28 07:33:31.267642 localhost systemd[1]: Reached target Slice Units.
May 28 07:33:31.267648 localhost systemd[1]: Reached target Swaps.
May 28 07:33:31.267653 localhost systemd[1]: Reached target Timer Units.
May 28 07:33:31.267659 localhost systemd[1]: Listening on D-Bus System Message Bus Socket.
May 28 07:33:31.267665 localhost systemd[1]: Listening on Journal Socket (/dev/log).
May 28 07:33:31.267670 localhost systemd[1]: Listening on Journal Socket.
May 28 07:33:31.267676 localhost systemd[1]: Listening on udev Control Socket.
May 28 07:33:31.267681 localhost systemd[1]: Listening on udev Kernel Socket.
May 28 07:33:31.267687 localhost systemd[1]: Reached target Socket Units.
May 28 07:33:31.267693 localhost systemd[1]: Starting Create List of Static Device Nodes...
May 28 07:33:31.267700 localhost systemd[1]: Starting Journal Service...
May 28 07:33:31.267706 localhost systemd[1]: Load Kernel Modules was skipped because no trigger condition checks were met.
May 28 07:33:31.267712 localhost systemd[1]: Starting Apply Kernel Variables...
May 28 07:33:31.267739 localhost systemd-journald[187]: Collecting audit messages is disabled.
May 28 07:33:31.267756 localhost systemd[1]: Starting Virtual Console Setup...
May 28 07:33:31.267764 localhost systemd[1]: Finished Create List of Static Device Nodes.
May 28 07:33:31.267770 localhost systemd[1]: Starting Create Static Device Nodes in /dev gracefully...
May 28 07:33:31.267775 localhost systemd[1]: Finished Apply Kernel Variables.
May 28 07:33:31.267782 localhost systemd-journald[187]: Journal started
May 28 07:33:31.267796 localhost systemd-journald[187]: Runtime Journal (/run/log/journal/1b45247f2d6c41708065cfb63e2b1f53) is 2.4M, max 19.3M, 16.9M free.
May 28 07:33:31.274343 localhost systemd[1]: Started Journal Service.
May 28 07:33:31.274890 localhost systemd[1]: Finished Create Static Device Nodes in /dev gracefully.
May 28 07:33:31.295484 localhost systemd[1]: Starting Create Static Device Nodes in /dev...
May 28 07:33:31.298871 localhost systemd[1]: Starting Create Volatile Files and Directories...
May 28 07:33:31.312284 localhost systemd[1]: Finished Create Static Device Nodes in /dev.
May 28 07:33:31.312999 localhost systemd[1]: Reached target Preparation for Local File Systems.
May 28 07:33:31.313626 localhost systemd[1]: Reached target Local File Systems.
May 28 07:33:31.328737 localhost systemd[1]: Finished Create Volatile Files and Directories.
May 28 07:33:31.340192 localhost systemd[1]: Finished Virtual Console Setup.
May 28 07:33:31.352182 localhost systemd[1]: Starting dracut ask for additional cmdline parameters...
May 28 07:33:31.364808 localhost systemd[1]: Finished dracut ask for additional cmdline parameters.
May 28 07:33:31.378886 localhost systemd[1]: Starting dracut cmdline hook...
May 28 07:33:31.392190 localhost dracut-cmdline[222]: dracut-059+suse.588.g528264be-1.1
May 28 07:33:31.395028 localhost dracut-cmdline[222]: Using kernel command line parameters:  rd.driver.pre=btrfs rd.driver.pre=overlay   root=UUID=1386d3ab-2af2-47a9-9f0a-e9360f9bbcb7
May 28 07:33:31.487134 localhost systemd[1]: Finished dracut cmdline hook.
May 28 07:33:31.495539 localhost systemd[1]: Starting dracut pre-udev hook...
May 28 07:33:31.515856 localhost kernel: device-mapper: uevent: version 1.0.3
May 28 07:33:31.515881 localhost kernel: device-mapper: ioctl: 4.48.0-ioctl (2023-03-01) initialised: dm-devel@lists.linux.dev
May 28 07:33:31.760680 localhost kernel: raid6: avx2x4   gen() 37350 MB/s
May 28 07:33:31.760749 localhost kernel: raid6: avx2x2   gen() 33617 MB/s
May 28 07:33:31.760764 localhost kernel: raid6: avx2x1   gen() 24488 MB/s
May 28 07:33:31.760776 localhost kernel: raid6: using algorithm avx2x4 gen() 37350 MB/s
May 28 07:33:31.760788 localhost kernel: raid6: .... xor() 4980 MB/s, rmw enabled
May 28 07:33:31.760801 localhost kernel: raid6: using avx2x2 recovery algorithm
May 28 07:33:31.765428 localhost kernel: xor: automatically using best checksumming function   avx       
May 28 07:33:31.875421 localhost kernel: Btrfs loaded, assert=on, zoned=yes, fsverity=yes
May 28 07:33:31.895028 localhost systemd[1]: Finished dracut pre-udev hook.
May 28 07:33:31.908852 localhost systemd[1]: Starting Rule-based Manager for Device Events and Files...
May 28 07:33:31.921419 localhost systemd-udevd[388]: Using default interface naming scheme 'v255'.
May 28 07:33:31.924863 localhost systemd[1]: Started Rule-based Manager for Device Events and Files.
May 28 07:33:31.938837 localhost systemd[1]: Starting dracut pre-trigger hook...
May 28 07:33:31.947589 localhost lldpad[399]: config file failed to load,
May 28 07:33:31.947785 localhost lldpad[399]: create a new file.
May 28 07:33:31.947857 localhost lldpad[399]: bound ctrl iface to /com/intel/lldpad
May 28 07:33:31.949213 localhost dracut-pre-trigger[401]: 400
May 28 07:33:31.955530 localhost dracut-pre-trigger[389]: rd.md=0: removing MD RAID activation
May 28 07:33:31.980380 localhost systemd[1]: Finished dracut pre-trigger hook.
May 28 07:33:31.995501 localhost systemd[1]: Starting Coldplug All udev Devices...
May 28 07:33:32.076789 localhost systemd[1]: Finished Coldplug All udev Devices.
May 28 07:33:32.077546 localhost systemd[1]: Reached target System Initialization.
May 28 07:33:32.082792 localhost systemd[1]: Reached target Basic System.
May 28 07:33:32.168834 localhost kernel: input: Power Button as /devices/LNXSYSTM:00/LNXPWRBN:00/input/input4
May 28 07:33:32.194438 localhost kernel: virtio_blk virtio4: 1/0/0 default/read/poll queues
May 28 07:33:32.202051 localhost kernel: ACPI: button: Power Button [PWRF]
May 28 07:33:32.213235 localhost kernel: virtio_blk virtio4: [vda] 62914560 512-byte logical blocks (32.2 GB/30.0 GiB)
May 28 07:33:32.226275 localhost kernel: FDC 0 is a S82078B
May 28 07:33:32.256305 localhost kernel: cryptd: max_cpu_qlen set to 1000
May 28 07:33:32.275392 localhost kernel: Console: switching to colour dummy device 80x25
May 28 07:33:32.280719 localhost kernel: ACPI: bus type USB registered
May 28 07:33:32.280740 localhost kernel: usbcore: registered new interface driver usbfs
May 28 07:33:32.280749 localhost kernel: usbcore: registered new interface driver hub
May 28 07:33:32.280757 localhost kernel: usbcore: registered new device driver usb
May 28 07:33:32.285504 localhost kernel: bochs-drm 0000:00:02.0: vgaarb: deactivate vga console
May 28 07:33:32.285691 localhost kernel: [drm] Found bochs VGA, ID 0xb0c5.
May 28 07:33:32.285701 localhost kernel: [drm] Framebuffer size 16384 kB @ 0xfd000000, mmio @ 0xfebd8000.
May 28 07:33:32.292161 localhost kernel: 8021q: 802.1Q VLAN Support v1.8
May 28 07:33:32.295450 localhost kernel: [drm] Found EDID data blob.
May 28 07:33:32.302208 localhost kernel: SCSI subsystem initialized
May 28 07:33:32.309355 localhost kernel: AVX2 version of gcm_enc/dec engaged.
May 28 07:33:32.309375 localhost kernel: AES CTR mode by8 optimization enabled
May 28 07:33:32.309384 localhost kernel: [drm] Initialized bochs-drm 1.0.0 20130925 for 0000:00:02.0 on minor 0
May 28 07:33:32.348587 localhost kernel: fbcon: bochs-drmdrmfb (fb0) is primary device
May 28 07:33:32.377293 localhost systemd[1]: systemd-vconsole-setup.service: Deactivated successfully.
May 28 07:33:32.377446 localhost systemd[1]: Stopped Virtual Console Setup.
May 28 07:33:32.378728 localhost kernel: virtio_net virtio0 ens4: renamed from eth0
May 28 07:33:32.409248 localhost kernel: virtio_scsi virtio3: 1/0/0 default/read/poll queues
May 28 07:33:32.409522 localhost kernel: scsi host0: Virtio SCSI HBA
May 28 07:33:32.425564 localhost kernel: GPT:Primary header thinks Alt. header is not at the end of the disk.
May 28 07:33:32.425583 localhost kernel: GPT:3334143 != 62914559
May 28 07:33:32.425592 localhost kernel: GPT:Alternate GPT header not at the end of the disk.
May 28 07:33:32.425600 localhost kernel: GPT:3334143 != 62914559
May 28 07:33:32.425607 localhost kernel: GPT: Use GNU Parted to correct GPT errors.
May 28 07:33:32.425614 localhost kernel:  vda: vda1 vda2 vda3
May 28 07:33:32.425622 localhost kernel: libata version 3.00 loaded.
May 28 07:33:32.432360 localhost kernel: virtio_blk virtio5: 1/0/0 default/read/poll queues
May 28 07:33:32.432662 localhost kernel: virtio_blk virtio5: [vdb] 20480 512-byte logical blocks (10.5 MB/10.0 MiB)
May 28 07:33:32.442646 localhost kernel: ata_piix 0000:00:01.1: version 2.13
May 28 07:33:32.452073 localhost kernel: scsi 0:0:0:0: CD-ROM            QEMU     QEMU CD-ROM      2.5+ PQ: 0 ANSI: 5
May 28 07:33:32.455428 localhost kernel: scsi host1: ata_piix
May 28 07:33:32.458782 localhost kernel: scsi host2: ata_piix
May 28 07:33:32.458940 localhost kernel: ata1: PATA max MWDMA2 cmd 0x1f0 ctl 0x3f6 bmdma 0xc1c0 irq 14 lpm-pol 0
May 28 07:33:32.458951 localhost kernel: ata2: PATA max MWDMA2 cmd 0x170 ctl 0x376 bmdma 0xc1c8 irq 15 lpm-pol 0
May 28 07:33:32.478765 localhost kernel: scsi 0:0:0:0: Attached scsi generic sg0 type 5
May 28 07:33:32.609156 localhost kernel: xhci_hcd 0000:00:06.0: xHCI Host Controller
May 28 07:33:32.609436 localhost kernel: xhci_hcd 0000:00:06.0: new USB bus registered, assigned bus number 1
May 28 07:33:32.609567 localhost kernel: xhci_hcd 0000:00:06.0: hcc params 0x00087001 hci version 0x100 quirks 0x0000000000000010
May 28 07:33:32.609692 localhost kernel: xhci_hcd 0000:00:06.0: xHCI Host Controller
May 28 07:33:32.609812 localhost kernel: xhci_hcd 0000:00:06.0: new USB bus registered, assigned bus number 2
May 28 07:33:32.609929 localhost kernel: xhci_hcd 0000:00:06.0: Host supports USB 3.0 SuperSpeed
May 28 07:33:32.610046 localhost kernel: Console: switching to colour frame buffer device 128x48
May 28 07:33:32.615458 localhost kernel: usb usb1: New USB device found, idVendor=1d6b, idProduct=0002, bcdDevice= 6.09
May 28 07:33:32.615617 localhost kernel: usb usb1: New USB device strings: Mfr=3, Product=2, SerialNumber=1
May 28 07:33:32.615740 localhost kernel: usb usb1: Product: xHCI Host Controller
May 28 07:33:32.615852 localhost kernel: usb usb1: Manufacturer: Linux 6.9.1-1-default xhci-hcd
May 28 07:33:32.615959 localhost kernel: usb usb1: SerialNumber: 0000:00:06.0
May 28 07:33:32.616065 localhost kernel: hub 1-0:1.0: USB hub found
May 28 07:33:32.616218 localhost kernel: hub 1-0:1.0: 4 ports detected
May 28 07:33:32.616341 localhost kernel: usb usb2: We don't know the algorithms for LPM for this host, disabling LPM.
May 28 07:33:32.616488 localhost kernel: usb usb2: New USB device found, idVendor=1d6b, idProduct=0003, bcdDevice= 6.09
May 28 07:33:32.616602 localhost kernel: usb usb2: New USB device strings: Mfr=3, Product=2, SerialNumber=1
May 28 07:33:32.616709 localhost kernel: usb usb2: Product: xHCI Host Controller
May 28 07:33:32.616817 localhost kernel: usb usb2: Manufacturer: Linux 6.9.1-1-default xhci-hcd
May 28 07:33:32.616924 localhost kernel: usb usb2: SerialNumber: 0000:00:06.0
May 28 07:33:32.617092 localhost kernel: hub 2-0:1.0: USB hub found
May 28 07:33:32.617225 localhost kernel: hub 2-0:1.0: 4 ports detected
May 28 07:33:32.638798 localhost kernel: sr 0:0:0:0: Power-on or device reset occurred
May 28 07:33:32.638970 localhost kernel: sr 0:0:0:0: [sr0] scsi3-mmc drive: 16x/50x cd/rw xa/form2 cdda tray
May 28 07:33:32.639123 localhost kernel: cdrom: Uniform CD-ROM driver Revision: 3.20
May 28 07:33:32.645447 localhost kernel: sr 0:0:0:0: Attached scsi CD-ROM sr0
May 28 07:33:32.750693 localhost systemd[1]: Stopping Virtual Console Setup...
May 28 07:33:32.752063 localhost kernel: bochs-drm 0000:00:02.0: [drm] fb0: bochs-drmdrmfb frame buffer device
May 28 07:33:32.762702 localhost systemd[1]: Starting Virtual Console Setup...
May 28 07:33:32.894449 localhost systemd[1]: Found device /dev/disk/by-uuid/1386d3ab-2af2-47a9-9f0a-e9360f9bbcb7.
May 28 07:33:32.919681 localhost systemd[1]: systemd-vconsole-setup.service: Deactivated successfully.
May 28 07:33:32.919986 localhost systemd[1]: Stopped Virtual Console Setup.
May 28 07:33:33.036198 localhost kernel: usb 1-1: new high-speed USB device number 2 using xhci_hcd
May 28 07:33:33.035037 localhost systemd[1]: Reached target Initrd Root Device.
May 28 07:33:33.130438 localhost systemd[1]: Starting Detect Firstboot...
May 28 07:33:33.135451 localhost systemd[1]: Starting Virtual Console Setup...
May 28 07:33:33.172076 localhost kernel: BTRFS: device label ROOT devid 1 transid 88 /dev/vda3 (253:3) scanned by mount (546)
May 28 07:33:33.175643 localhost kernel: BTRFS info (device vda3): first mount of filesystem 1386d3ab-2af2-47a9-9f0a-e9360f9bbcb7
May 28 07:33:33.175666 localhost kernel: BTRFS info (device vda3): using crc32c (crc32c-intel) checksum algorithm
May 28 07:33:33.175675 localhost kernel: BTRFS info (device vda3): using free-space-tree
May 28 07:33:33.287270 localhost kernel: usb 1-1: New USB device found, idVendor=0627, idProduct=0001, bcdDevice= 0.00
May 28 07:33:33.287474 localhost kernel: usb 1-1: New USB device strings: Mfr=1, Product=3, SerialNumber=10
May 28 07:33:33.287597 localhost kernel: usb 1-1: Product: QEMU USB Tablet
May 28 07:33:33.287716 localhost kernel: usb 1-1: Manufacturer: QEMU
May 28 07:33:33.287827 localhost kernel: usb 1-1: SerialNumber: 28754-0000:00:06.0-1
May 28 07:33:33.293848 localhost systemd[1]: Finished Virtual Console Setup.
May 28 07:33:33.295815 localhost kernel: usbcore: registered new interface driver usbhid
May 28 07:33:33.295842 localhost kernel: usbhid: USB HID core driver
May 28 07:33:33.303520 localhost kernel: input: QEMU QEMU USB Tablet as /devices/pci0000:00/0000:00:06.0/usb1/1-1/1-1:1.0/0003:0627:0001.0001/input/input5
May 28 07:33:33.303539 localhost kernel: hid-generic 0003:0627:0001.0001: input,hidraw0: USB HID v0.01 Mouse [QEMU QEMU USB Tablet] on usb-0000:00:06.0-1/input0
May 28 07:33:33.425389 localhost firstboot-detect[536]: Firstboot detected
May 28 07:33:33.431160 localhost systemd[1]: Reloading requested from client PID 573 ('systemctl') (unit firstboot-detect.service)...
May 28 07:33:33.431337 localhost systemd[1]: Reloading...
May 28 07:33:33.579714 localhost systemd[1]: Reloading finished in 148 ms.
May 28 07:33:33.602442 localhost systemd[1]: Starting Ignition User Config Setup...
May 28 07:33:33.802961 localhost kernel: BTRFS info (device vda3): last unmount of filesystem 1386d3ab-2af2-47a9-9f0a-e9360f9bbcb7
May 28 07:33:33.820798 localhost systemd[1]: firstboot-detect.service: Deactivated successfully.
May 28 07:33:33.821130 localhost systemd[1]: Finished Detect Firstboot.
May 28 07:33:34.026101 localhost kernel: EXT4-fs (vdb): mounted filesystem ee8647d4-8463-436f-bec3-9a34d06f5408 r/w with ordered data mode. Quota mode: none.
May 28 07:33:34.106942 localhost kernel: ext4 filesystem being mounted at /mnt/boot_partition supports timestamps until 2038-01-19 (0x7fffffff)
May 28 07:33:34.107162 localhost ignition-setup-user[624]: Copying /mnt/boot_partition/ignition/config.ign to /usr/lib/ignition/user.ign
May 28 07:33:34.189486 localhost kernel: EXT4-fs (vdb): unmounting filesystem ee8647d4-8463-436f-bec3-9a34d06f5408.
May 28 07:33:34.191269 localhost systemd[1]: Finished Ignition User Config Setup.
May 28 07:33:34.284208 localhost systemd[1]: Starting Combustion (preparations)...
May 28 07:33:34.367927 localhost (ignition)[637]: ignition-fetch-offline.service: Referenced but unset environment variable evaluates to an empty string: IGNITION_ARGS
May 28 07:33:34.372128 localhost systemd[1]: Starting Ignition (fetch-offline)...
May 28 07:33:34.384892 localhost ignition[637]: Ignition 2.18.0
May 28 07:33:34.385971 localhost ignition[637]: Stage: fetch-offline
May 28 07:33:34.387925 localhost ignition[637]: fetched base config from "system"
May 28 07:33:34.385995 localhost ignition[637]: no config dir at "/usr/lib/ignition/base.d"
May 28 07:33:34.387932 localhost ignition[637]: fetched user config from "system"
May 28 07:33:34.386004 localhost ignition[637]: no config dir at "/usr/lib/ignition/base.platform.d/qemu"
May 28 07:33:34.386097 localhost ignition[637]: parsed url from cmdline: ""
May 28 07:33:34.386101 localhost ignition[637]: no config URL provided
May 28 07:33:34.386107 localhost ignition[637]: reading system config file "/usr/lib/ignition/user.ign"
May 28 07:33:34.386129 localhost ignition[637]: parsing config with SHA512: 37b4232fd3d9780fa75efd39f528d050a0a097ea8b9f01017d7b77cadfdc72258f82c9065f25735f6fbb1eae2cb5b2d3e23094786bfbb8f3925fbd962216d5bf
May 28 07:33:34.388067 localhost ignition[637]: fetch-offline: fetch-offline passed
May 28 07:33:34.388136 localhost ignition[637]: Ignition finished successfully
May 28 07:33:34.391091 localhost systemd[1]: Finished Ignition (fetch-offline).
May 28 07:33:34.588520 localhost kernel: EXT4-fs (vdb): mounted filesystem ee8647d4-8463-436f-bec3-9a34d06f5408 ro with ordered data mode. Quota mode: none.
May 28 07:33:34.592267 localhost systemd[1]: run-combustion-mount.mount: Deactivated successfully.
May 28 07:33:34.671289 localhost kernel: EXT4-fs (vdb): unmounting filesystem ee8647d4-8463-436f-bec3-9a34d06f5408.
May 28 07:33:34.700603 localhost systemd[1]: combustion-prepare.service: Deactivated successfully.
May 28 07:33:34.700810 localhost systemd[1]: Finished Combustion (preparations).
May 28 07:33:34.702864 localhost systemd[1]: Start network if needed was skipped because no trigger condition checks were met.
May 28 07:33:34.802143 localhost systemd[1]: Starting nm-initrd.service...
May 28 07:33:34.906848 localhost NetworkManager[680]: <info>  [1716881614.9068] NetworkManager (version 1.44.4) is starting... (boot:e2e9242e-bd74-48ef-a04c-6ab2ddf1a00c)
May 28 07:33:34.906864 localhost NetworkManager[680]: <info>  [1716881614.9068] Read config: /etc/NetworkManager/NetworkManager.conf (lib: initrd-no-auto-default.conf) (run: 15-carrier-timeout.conf)
May 28 07:33:34.914905 localhost systemd[1]: Starting D-Bus System Message Bus...
May 28 07:33:34.915325 localhost systemd[1]: Started D-Bus System Message Bus.
May 28 07:33:34.920244 localhost NetworkManager[680]: <info>  [1716881614.9202] manager[0x55ef8ca9d530]: monitoring kernel firmware directory '/lib/firmware'.
May 28 07:33:34.920946 localhost.localdomain NetworkManager[680]: <info>  [1716881614.9209] hostname: hostname: couldn't get property from hostnamed
May 28 07:33:34.921204 localhost.localdomain NetworkManager[680]: <info>  [1716881614.9211] dns-mgr: init: dns=default,systemd-resolved rc-manager=symlink (auto)
May 28 07:33:34.921243 localhost.localdomain NetworkManager[680]: <info>  [1716881614.9212] policy: set-hostname: set hostname to 'localhost.localdomain' (no hostname found)
May 28 07:33:34.926967 localhost.localdomain NetworkManager[680]: <info>  [1716881614.9269] manager[0x55ef8ca9d530]: rfkill: Wi-Fi hardware radio set enabled
May 28 07:33:34.926986 localhost.localdomain NetworkManager[680]: <info>  [1716881614.9269] manager[0x55ef8ca9d530]: rfkill: WWAN hardware radio set enabled
May 28 07:33:34.927681 localhost.localdomain NetworkManager[680]: <info>  [1716881614.9276] manager: rfkill: Wi-Fi enabled by radio killswitch; enabled by state file
May 28 07:33:34.927721 localhost.localdomain NetworkManager[680]: <info>  [1716881614.9277] manager: rfkill: WWAN enabled by radio killswitch; enabled by state file
May 28 07:33:34.927752 localhost.localdomain NetworkManager[680]: <info>  [1716881614.9277] manager: Networking is enabled by state file
May 28 07:33:34.927833 localhost.localdomain NetworkManager[680]: <info>  [1716881614.9278] settings: Loaded settings plugin: keyfile (internal)
May 28 07:33:34.929029 localhost.localdomain NetworkManager[680]: <info>  [1716881614.9290] dhcp: init: Using DHCP client 'internal'
May 28 07:33:34.929176 localhost.localdomain NetworkManager[680]: <info>  [1716881614.9291] manager: (lo): new Loopback device (/org/freedesktop/NetworkManager/Devices/1)
May 28 07:33:34.929772 localhost.localdomain NetworkManager[680]: <info>  [1716881614.9297] device (lo): state change: unmanaged -> unavailable (reason 'connection-assumed', sys-iface-state: 'external')
May 28 07:33:34.930024 localhost.localdomain NetworkManager[680]: <info>  [1716881614.9299] device (lo): state change: unavailable -> disconnected (reason 'connection-assumed', sys-iface-state: 'external')
May 28 07:33:34.930374 localhost.localdomain NetworkManager[680]: <info>  [1716881614.9303] device (lo): Activation: starting connection 'lo' (6e5c430f-e90f-465d-b224-53815436f60e)
May 28 07:33:34.930902 localhost.localdomain NetworkManager[680]: <info>  [1716881614.9308] manager: (ens4): new Ethernet device (/org/freedesktop/NetworkManager/Devices/2)
May 28 07:33:34.931046 localhost.localdomain NetworkManager[680]: <info>  [1716881614.9310] device (ens4): state change: unmanaged -> unavailable (reason 'managed', sys-iface-state: 'external')
May 28 07:33:34.935392 localhost.localdomain kernel: 8021q: adding VLAN 0 to HW filter on device ens4
May 28 07:33:34.936223 localhost.localdomain systemd[1]: Started nm-initrd.service.
May 28 07:33:34.936646 localhost.localdomain systemd[1]: Reached target Network.
May 28 07:33:34.937017 localhost.localdomain systemd[1]: Ignition (fetch) was skipped because of an unmet condition check (ConditionPathExists=!/run/ignition.json).
May 28 07:33:34.938830 localhost.localdomain NetworkManager[680]: <info>  [1716881614.9388] bus-manager: acquired D-Bus service "org.freedesktop.NetworkManager"
May 28 07:33:34.939039 localhost.localdomain NetworkManager[680]: <info>  [1716881614.9390] device (lo): state change: disconnected -> prepare (reason 'none', sys-iface-state: 'external')
May 28 07:33:34.939158 localhost.localdomain NetworkManager[680]: <info>  [1716881614.9391] device (lo): state change: prepare -> config (reason 'none', sys-iface-state: 'external')
May 28 07:33:34.939249 localhost.localdomain NetworkManager[680]: <info>  [1716881614.9392] device (lo): state change: config -> ip-config (reason 'none', sys-iface-state: 'external')
May 28 07:33:34.939335 localhost.localdomain NetworkManager[680]: <info>  [1716881614.9393] device (ens4): carrier: link connected
May 28 07:33:34.939450 localhost.localdomain NetworkManager[680]: <info>  [1716881614.9394] device (lo): state change: ip-config -> ip-check (reason 'none', sys-iface-state: 'external')
May 28 07:33:34.939659 localhost.localdomain NetworkManager[680]: <info>  [1716881614.9396] device (ens4): state change: unavailable -> disconnected (reason 'carrier-changed', sys-iface-state: 'managed')
May 28 07:33:34.945641 localhost.localdomain systemd[1]: Starting Ignition (kargs)...
May 28 07:33:34.948827 localhost.localdomain systemd[1]: Starting nm-wait-online-initrd.service...
May 28 07:33:35.062010 localhost.localdomain kernel: NET: Registered PF_PACKET protocol family
May 28 07:33:35.063310 localhost.localdomain (ignition)[688]: ignition-kargs.service: Referenced but unset environment variable evaluates to an empty string: IGNITION_ARGS
May 28 07:33:35.066968 localhost.localdomain NetworkManager[680]: <info>  [1716881615.0669] policy: auto-activating connection 'Wired Connection' (18e0610c-a916-407c-89bd-a2aa9353bde0)
May 28 07:33:35.067085 localhost.localdomain NetworkManager[680]: <info>  [1716881615.0670] device (lo): state change: ip-check -> secondaries (reason 'none', sys-iface-state: 'external')
May 28 07:33:35.067256 localhost.localdomain NetworkManager[680]: <info>  [1716881615.0672] device (ens4): Activation: starting connection 'Wired Connection' (18e0610c-a916-407c-89bd-a2aa9353bde0)
May 28 07:33:35.067269 localhost.localdomain NetworkManager[680]: <info>  [1716881615.0672] device (lo): state change: secondaries -> activated (reason 'none', sys-iface-state: 'external')
May 28 07:33:35.067520 localhost.localdomain NetworkManager[680]: <info>  [1716881615.0675] device (lo): Activation: successful, device activated.
May 28 07:33:35.067768 localhost.localdomain NetworkManager[680]: <info>  [1716881615.0677] device (ens4): state change: disconnected -> prepare (reason 'none', sys-iface-state: 'managed')
May 28 07:33:35.067873 localhost.localdomain NetworkManager[680]: <info>  [1716881615.0678] manager: NetworkManager state is now CONNECTING
May 28 07:33:35.067940 localhost.localdomain NetworkManager[680]: <info>  [1716881615.0679] device (ens4): state change: prepare -> config (reason 'none', sys-iface-state: 'managed')
May 28 07:33:35.068249 localhost.localdomain NetworkManager[680]: <info>  [1716881615.0682] device (ens4): state change: config -> ip-config (reason 'none', sys-iface-state: 'managed')
May 28 07:33:35.068459 localhost.localdomain NetworkManager[680]: <info>  [1716881615.0684] dhcp4 (ens4): activation: beginning transaction (timeout in 90 seconds)
May 28 07:33:35.075508 localhost.localdomain NetworkManager[680]: <info>  [1716881615.0754] dhcp4 (ens4): state changed new lease, address=10.0.2.15
May 28 07:33:35.075671 localhost.localdomain NetworkManager[680]: <info>  [1716881615.0756] policy: set 'Wired Connection' (ens4) as default for IPv4 routing and DNS
May 28 07:33:35.079864 localhost.localdomain NetworkManager[680]: <info>  [1716881615.0798] device (ens4): state change: ip-config -> ip-check (reason 'none', sys-iface-state: 'managed')
May 28 07:33:35.087302 localhost.localdomain ignition[688]: Ignition 2.18.0
May 28 07:33:35.088409 localhost.localdomain NetworkManager[680]: <info>  [1716881615.0883] device (ens4): state change: ip-check -> secondaries (reason 'none', sys-iface-state: 'managed')
May 28 07:33:35.087350 localhost.localdomain ignition[688]: Stage: kargs
May 28 07:33:35.088501 localhost.localdomain NetworkManager[680]: <info>  [1716881615.0884] device (ens4): state change: secondaries -> activated (reason 'none', sys-iface-state: 'managed')
May 28 07:33:35.087542 localhost.localdomain ignition[688]: no config dir at "/usr/lib/ignition/base.d"
May 28 07:33:35.088674 localhost.localdomain NetworkManager[680]: <info>  [1716881615.0886] manager: NetworkManager state is now CONNECTED_SITE
May 28 07:33:35.087551 localhost.localdomain ignition[688]: no config dir at "/usr/lib/ignition/base.platform.d/qemu"
May 28 07:33:35.088829 localhost.localdomain NetworkManager[680]: <info>  [1716881615.0888] device (ens4): Activation: successful, device activated.
May 28 07:33:35.088131 localhost.localdomain ignition[688]: kargs: kargs passed
May 28 07:33:35.089026 localhost.localdomain NetworkManager[680]: <info>  [1716881615.0890] manager: NetworkManager state is now CONNECTED_GLOBAL
May 28 07:33:35.088172 localhost.localdomain ignition[688]: Ignition finished successfully
May 28 07:33:35.089138 localhost.localdomain NetworkManager[680]: <info>  [1716881615.0891] manager: startup complete
May 28 07:33:35.091361 localhost.localdomain systemd[1]: Finished Ignition (kargs).
May 28 07:33:35.208828 localhost.localdomain systemd[1]: Starting Ignition (disks)...
May 28 07:33:35.209839 localhost.localdomain (ignition)[699]: ignition-disks.service: Referenced but unset environment variable evaluates to an empty string: IGNITION_ARGS
May 28 07:33:35.321908 localhost.localdomain systemd[1]: Finished nm-wait-online-initrd.service.
May 28 07:33:35.331676 localhost.localdomain systemd[1]: Starting dracut initqueue hook...
May 28 07:33:35.339467 localhost.localdomain ignition[699]: Ignition 2.18.0
May 28 07:33:35.339475 localhost.localdomain ignition[699]: Stage: disks
May 28 07:33:35.339611 localhost.localdomain ignition[699]: no config dir at "/usr/lib/ignition/base.d"
May 28 07:33:35.339620 localhost.localdomain ignition[699]: no config dir at "/usr/lib/ignition/base.platform.d/qemu"
May 28 07:33:35.340206 localhost.localdomain ignition[699]: disks: disks passed
May 28 07:33:35.340247 localhost.localdomain ignition[699]: Ignition finished successfully
May 28 07:33:35.341727 localhost.localdomain systemd[1]: Finished Ignition (disks).
May 28 07:33:35.527277 localhost.localdomain systemd[1]: Finished dracut initqueue hook.
May 28 07:33:35.527793 localhost.localdomain systemd[1]: Reached target Preparation for Remote File Systems.
May 28 07:33:35.528254 localhost.localdomain systemd[1]: Reached target Remote Encrypted Volumes.
May 28 07:33:35.528684 localhost.localdomain systemd[1]: Reached target Remote File Systems.
May 28 07:33:35.715643 localhost.localdomain systemd[1]: Starting dracut pre-mount hook...
May 28 07:33:35.812209 localhost.localdomain dracut-pre-mount[762]: disable systemd-fsck-root.service
May 28 07:33:35.818110 localhost.localdomain dracut-pre-mount[772]: Created symlink /etc/systemd/system/systemd-fsck-root.service  /dev/null.
May 28 07:33:35.913010 localhost.localdomain systemd[1]: Reloading requested from client PID 772 ('systemctl') (unit dracut-pre-mount.service)...
May 28 07:33:35.913021 localhost.localdomain systemd[1]: Reloading...
May 28 07:33:36.077747 localhost.localdomain systemd[1]: Reloading finished in 164 ms.
May 28 07:33:36.303483 localhost.localdomain dracut-pre-mount[762]: System resize is active on every reboot
May 28 07:33:36.314658 localhost.localdomain dracut-pre-mount[762]: Activating resize operation
May 28 07:33:36.406221 localhost.localdomain kernel:  vda: vda1 vda2 vda3
May 28 07:33:36.979190 localhost.localdomain NetworkManager[680]: <info>  [1716881616.9791] policy: set 'Wired Connection' (ens4) as default for IPv6 routing and DNS
May 28 07:33:37.499831 localhost.localdomain kernel:  vda: vda1 vda2 vda3
May 28 07:33:37.500711 localhost.localdomain dracut-pre-mount[1124]: The operation has completed successfully.
May 28 07:33:38.658013 localhost.localdomain kernel:  vda: vda1 vda2
May 28 07:33:39.749809 localhost.localdomain kernel:  vda: vda1 vda2
May 28 07:33:39.750482 localhost.localdomain dracut-pre-mount[1164]: The operation has completed successfully.
May 28 07:33:40.841989 localhost.localdomain kernel:  vda: vda1 vda2 vda3
May 28 07:33:40.843340 localhost.localdomain dracut-pre-mount[1169]: The operation has completed successfully.
May 28 07:33:41.932797 localhost.localdomain kernel:  vda: vda1 vda2 vda3
May 28 07:33:41.933984 localhost.localdomain dracut-pre-mount[1170]: The operation has completed successfully.
May 28 07:33:42.051017 localhost.localdomain dracut-pre-mount[762]: Checking btrfs filesystem on /dev/vda3...
May 28 07:33:42.054556 localhost.localdomain dracut-pre-mount[1199]: [1/7] checking root items
May 28 07:33:42.151993 localhost.localdomain dracut-pre-mount[1199]: [2/7] checking extents
May 28 07:33:42.292676 localhost.localdomain dracut-pre-mount[1199]: [3/7] checking free space tree
May 28 07:33:42.422049 localhost.localdomain dracut-pre-mount[1199]: [4/7] checking fs roots
May 28 07:33:42.422049 localhost.localdomain dracut-pre-mount[1199]: [5/7] checking only csums items (without verifying data)
May 28 07:33:42.422049 localhost.localdomain dracut-pre-mount[1199]: [6/7] checking root refs
May 28 07:33:42.422049 localhost.localdomain dracut-pre-mount[1199]: [7/7] checking quota groups
May 28 07:33:42.436827 localhost.localdomain dracut-pre-mount[1199]: Opening filesystem to check...
May 28 07:33:42.436827 localhost.localdomain dracut-pre-mount[1199]: Checking filesystem on /dev/vda3
May 28 07:33:42.436827 localhost.localdomain dracut-pre-mount[1199]: UUID: 1386d3ab-2af2-47a9-9f0a-e9360f9bbcb7
May 28 07:33:42.436827 localhost.localdomain dracut-pre-mount[1199]: found 1379807232 bytes used, no error found
May 28 07:33:42.436827 localhost.localdomain dracut-pre-mount[1199]: total csum bytes: 1298620
May 28 07:33:42.436827 localhost.localdomain dracut-pre-mount[1199]: total tree bytes: 23461888
May 28 07:33:42.436827 localhost.localdomain dracut-pre-mount[1199]: total fs tree bytes: 20529152
May 28 07:33:42.436827 localhost.localdomain dracut-pre-mount[1199]: total extent tree bytes: 1359872
May 28 07:33:42.436827 localhost.localdomain dracut-pre-mount[1199]: btree space waste bytes: 3661103
May 28 07:33:42.436827 localhost.localdomain dracut-pre-mount[1199]: file data blocks allocated: 1356345344
May 28 07:33:42.436827 localhost.localdomain dracut-pre-mount[1199]:  referenced 1356345344
May 28 07:33:42.437359 localhost.localdomain dracut-pre-mount[762]: Resizing btrfs filesystem on /dev/vda3...
May 28 07:33:42.651450 localhost.localdomain kernel: BTRFS: device label ROOT devid 1 transid 90 /dev/vda3 (253:3) scanned by mount (1201)
May 28 07:33:42.770981 localhost.localdomain kernel: BTRFS info (device vda3): first mount of filesystem 1386d3ab-2af2-47a9-9f0a-e9360f9bbcb7
May 28 07:33:42.869997 localhost.localdomain kernel: BTRFS info (device vda3): using crc32c (crc32c-intel) checksum algorithm
May 28 07:33:42.870022 localhost.localdomain kernel: BTRFS info (device vda3): using free-space-tree
May 28 07:33:42.893595 localhost.localdomain dracut-pre-mount[1217]: Resize device id 1 (/dev/vda3) from 1.57GiB to max
May 28 07:33:43.001712 localhost.localdomain kernel: BTRFS info (device vda3): resize device /dev/vda3 (devid 1) from 1682944000 to 32188116992
May 28 07:33:43.003261 localhost.localdomain systemd[1]: fs\x2dresize.mount: Deactivated successfully.
May 28 07:33:43.118428 localhost.localdomain kernel: BTRFS info (device vda3): last unmount of filesystem 1386d3ab-2af2-47a9-9f0a-e9360f9bbcb7
May 28 07:33:43.128295 localhost.localdomain dracut-pre-mount[762]: enabling systemd-fsck-root.service
May 28 07:33:43.135442 localhost.localdomain dracut-pre-mount[1220]: Removed "/etc/systemd/system/systemd-fsck-root.service".
May 28 07:33:43.248268 localhost.localdomain systemd[1]: Reloading requested from client PID 1220 ('systemctl') (unit dracut-pre-mount.service)...
May 28 07:33:43.248278 localhost.localdomain systemd[1]: Reloading...
May 28 07:33:43.412793 localhost.localdomain systemd[1]: Reloading finished in 164 ms.
May 28 07:33:43.419625 localhost.localdomain systemd[1]: Finished dracut pre-mount hook.
May 28 07:33:43.522226 localhost.localdomain systemd[1]: Starting File System Check on /dev/disk/by-uuid/1386d3ab-2af2-47a9-9f0a-e9360f9bbcb7...
May 28 07:33:43.650060 localhost.localdomain systemd[1]: Finished File System Check on /dev/disk/by-uuid/1386d3ab-2af2-47a9-9f0a-e9360f9bbcb7.
May 28 07:33:43.651095 localhost.localdomain systemd[1]: Mounting /sysroot...
May 28 07:33:43.860140 localhost.localdomain kernel: BTRFS: device label ROOT devid 1 transid 92 /dev/vda3 (253:3) scanned by mount (1278)
May 28 07:33:43.951269 localhost.localdomain kernel: BTRFS info (device vda3): first mount of filesystem 1386d3ab-2af2-47a9-9f0a-e9360f9bbcb7
May 28 07:33:43.952075 localhost.localdomain kernel: BTRFS info (device vda3): using crc32c (crc32c-intel) checksum algorithm
May 28 07:33:43.952090 localhost.localdomain kernel: BTRFS info (device vda3): using free-space-tree
May 28 07:33:44.076059 localhost.localdomain systemd[1]: Mounted /sysroot.
May 28 07:33:44.076436 localhost.localdomain systemd[1]: Reached target Initrd Root File System.
May 28 07:33:44.214637 localhost.localdomain systemd[1]: Starting Remount /sysroot read-write for Ignition...
May 28 07:33:44.217072 localhost.localdomain systemd[1]: Finished Remount /sysroot read-write for Ignition.
May 28 07:33:44.219138 localhost.localdomain systemd[1]: Reached target Ignition Boot Disk Setup.
May 28 07:33:44.328829 localhost.localdomain systemd[1]: Starting Ignition (mount)...
May 28 07:33:44.331451 localhost.localdomain (ignition)[1297]: ignition-mount.service: Referenced but unset environment variable evaluates to an empty string: IGNITION_ARGS
May 28 07:33:44.341465 localhost.localdomain ignition[1297]: Ignition 2.18.0
May 28 07:33:44.342867 localhost.localdomain ignition[1297]: Stage: mount
May 28 07:33:44.342990 localhost.localdomain ignition[1297]: no config dir at "/usr/lib/ignition/base.d"
May 28 07:33:44.343000 localhost.localdomain ignition[1297]: no config dir at "/usr/lib/ignition/base.platform.d/qemu"
May 28 07:33:44.343366 localhost.localdomain ignition[1297]: mount: mount passed
May 28 07:33:44.343410 localhost.localdomain ignition[1297]: Ignition finished successfully
May 28 07:33:44.344889 localhost.localdomain systemd[1]: Finished Ignition (mount).
May 28 07:33:44.438872 localhost.localdomain systemd[1]: Starting Mount initrd fstab entries for Ignition...
May 28 07:33:44.593237 localhost.localdomain systemd[1]: ignition-mount-initrd-fstab.service: Deactivated successfully.
May 28 07:33:44.593400 localhost.localdomain systemd[1]: Finished Mount initrd fstab entries for Ignition.
May 28 07:33:44.722251 localhost.localdomain systemd[1]: Starting Ignition (files)...
May 28 07:33:44.723042 localhost.localdomain (ignition)[1311]: ignition-files.service: Referenced but unset environment variable evaluates to an empty string: IGNITION_ARGS
May 28 07:33:44.845270 localhost.localdomain ignition[1311]: Ignition 2.18.0
May 28 07:33:44.845334 localhost.localdomain ignition[1311]: Stage: files
May 28 07:33:44.845565 localhost.localdomain ignition[1311]: no config dir at "/usr/lib/ignition/base.d"
May 28 07:33:44.845575 localhost.localdomain ignition[1311]: no config dir at "/usr/lib/ignition/base.platform.d/qemu"
May 28 07:33:44.846258 localhost.localdomain ignition[1311]: files: compiled without relabeling support, skipping
May 28 07:33:44.850154 localhost.localdomain ignition[1311]: files: ensureUsers: op(1): [started]  creating or modifying user "root"
May 28 07:33:44.850226 localhost.localdomain ignition[1311]: files: ensureUsers: op(1): executing: "usermod" "--root" "/sysroot" "--password" "$6$eEm2HpuzI7dfE4i7$dbYiTRLhrqVvwryR7zmMEcnrp13IqZ3mzLbsx9EeHAX7849PibGVgX5vdPuaeYYIO7hVfcboI9/JDpGiDZhHf/" "root"
May 28 07:33:44.942574 localhost.localdomain kernel: evm: overlay not supported
May 28 07:33:44.947820 localhost.localdomain ignition[1311]: files: ensureUsers: op(1): [finished] creating or modifying user "root"
May 28 07:33:44.948074 localhost.localdomain ignition[1311]: files: ensureUsers: op(2): [started]  setting password for "root"
May 28 07:33:44.948247 localhost.localdomain ignition[1311]: files: ensureUsers: op(2): executing: "usermod" "--root" "/sysroot" "--password" "$6$eEm2HpuzI7dfE4i7$dbYiTRLhrqVvwryR7zmMEcnrp13IqZ3mzLbsx9EeHAX7849PibGVgX5vdPuaeYYIO7hVfcboI9/JDpGiDZhHf/" "root"
May 28 07:33:44.961084 localhost.localdomain ignition[1311]: files: ensureUsers: op(2): [finished] setting password for "root"
May 28 07:33:44.962104 localhost.localdomain ignition[1311]: files: createResultFile: createFiles: op(3): [started]  writing file "/sysroot/etc/.ignition-result.json"
May 28 07:33:44.962379 localhost.localdomain ignition[1311]: files: createResultFile: createFiles: op(3): [finished] writing file "/sysroot/etc/.ignition-result.json"
May 28 07:33:44.962467 localhost.localdomain ignition[1311]: files: files passed
May 28 07:33:44.962559 localhost.localdomain ignition[1311]: Ignition finished successfully
May 28 07:33:44.975153 localhost.localdomain systemd[1]: Finished Ignition (files).
May 28 07:33:45.105495 localhost.localdomain systemd[1]: Starting Unmount initrd fstab entries for Ignition...
May 28 07:33:45.248087 localhost.localdomain systemd[1]: sysroot-root.mount: Deactivated successfully.
May 28 07:33:45.252273 localhost.localdomain systemd[1]: sysroot-var.mount: Deactivated successfully.
May 28 07:33:45.259494 localhost.localdomain systemd[1]: ignition-umount-initrd-fstab.service: Deactivated successfully.
May 28 07:33:45.259681 localhost.localdomain systemd[1]: Finished Unmount initrd fstab entries for Ignition.
May 28 07:33:45.261296 localhost.localdomain systemd[1]: Reached target Ignition Complete.
May 28 07:33:45.384300 localhost.localdomain systemd[1]: Starting Combustion...
May 28 07:33:46.106414 localhost.localdomain systemd[1]: sysroot-etc.mount: Deactivated successfully.
May 28 07:33:46.198875 localhost.localdomain combustion[1379]: Checking for newer version.
May 28 07:33:52.332755 localhost.localdomain combustion[1379]: transactional-update 4.6.8 started
May 28 07:33:52.335002 localhost.localdomain combustion[1379]: Options: shell
May 28 07:33:52.392746 localhost.localdomain combustion[1379]: Separate /var detected.
May 28 07:33:52.512396 localhost.localdomain combustion[1379]: 2024-05-28 07:33:52 tukit 4.6.8 started
May 28 07:33:52.512458 localhost.localdomain combustion[1379]: 2024-05-28 07:33:52 Options: -c1 open
May 28 07:33:52.512626 localhost.localdomain combustion[1379]: 2024-05-28 07:33:52 Using snapshot 1 as base for new snapshot 2.
May 28 07:33:52.512626 localhost.localdomain combustion[1379]: 2024-05-28 07:33:52 /var/lib/overlay/1/etc
May 28 07:33:52.512626 localhost.localdomain combustion[1379]: 2024-05-28 07:33:52 No previous snapshot to sync with - skipping
May 28 07:33:52.512626 localhost.localdomain combustion[1379]: 2024-05-28 07:33:52 Not bind mounting directory '/run/salt-tmp' as it doesn't exist.
May 28 07:33:52.512626 localhost.localdomain combustion[1379]: ID: 2
May 28 07:33:52.512626 localhost.localdomain combustion[1379]: 2024-05-28 07:33:52 Transaction completed.
May 28 07:33:52.516647 localhost.localdomain combustion[1379]: Opening chroot in snapshot 2, continue with 'exit'
May 28 07:33:52.518573 localhost.localdomain combustion[1679]: 2024-05-28 07:33:52 tukit 4.6.8 started
May 28 07:33:52.522174 localhost.localdomain combustion[1679]: 2024-05-28 07:33:52 Options: call 2 bash
May 28 07:33:52.525732 localhost.localdomain combustion[1679]: 2024-05-28 07:33:52 Not bind mounting directory '/run/salt-tmp' as it doesn't exist.
May 28 07:33:52.526935 localhost.localdomain combustion[1679]: 2024-05-28 07:33:52 Executing `bash`:
May 28 07:33:52.534032 localhost.localdomain combustion[1682]: + systemctl enable sshd.service
May 28 07:33:52.554538 localhost.localdomain combustion[1682]: + echo Combustion was here
May 28 07:33:52.554683 localhost.localdomain combustion[1682]: + curl conncheck.opensuse.org
May 28 07:33:52.568043 localhost.localdomain combustion[1684]:   % Total    % Received % Xferd  Average Speed   Time    Time     Time  Current
May 28 07:33:52.568913 localhost.localdomain combustion[1684]:                                  Dload  Upload   Total   Spent    Left  Speed
May 28 07:33:52.571565 localhost.localdomain combustion[1684]: [158B blob data]
May 28 07:33:52.573101 localhost.localdomain combustion[1679]: 2024-05-28 07:33:52 Application returned with exit status 1.
May 28 07:33:52.595958 localhost.localdomain combustion[1690]: 2024-05-28 07:33:52 tukit 4.6.8 started
May 28 07:33:52.595958 localhost.localdomain combustion[1690]: 2024-05-28 07:33:52 Options: close 2
May 28 07:33:52.602924 localhost.localdomain combustion[1690]: 2024-05-28 07:33:52 Not bind mounting directory '/run/salt-tmp' as it doesn't exist.
May 28 07:33:52.672863 localhost.localdomain combustion[1690]: 2024-05-28 07:33:52 New default snapshot is #2 (/.snapshots/2/snapshot).
May 28 07:33:52.672992 localhost.localdomain combustion[1690]: 2024-05-28 07:33:52 Transaction completed.
May 28 07:33:52.690718 localhost.localdomain combustion[1379]: Please reboot your machine to activate the changes and avoid data loss.
May 28 07:33:52.691772 localhost.localdomain combustion[1379]: New default snapshot is #2 (/.snapshots/2/snapshot).
May 28 07:33:52.692979 localhost.localdomain combustion[1379]: transactional-update finished
May 28 07:33:52.717490 localhost.localdomain systemd[1]: sysroot-boot-grub2-x86_64\x2defi.mount: Deactivated successfully.
May 28 07:33:52.717590 localhost.localdomain systemd[1]: sysroot-boot-grub2-i386\x2dpc.mount: Deactivated successfully.
May 28 07:33:52.718636 localhost.localdomain systemd[1]: sysroot-run.mount: Deactivated successfully.
May 28 07:33:52.719613 localhost.localdomain systemd[1]: sysroot-usr-local.mount: Deactivated successfully.
May 28 07:33:52.720984 localhost.localdomain systemd[1]: sysroot-boot-writable.mount: Deactivated successfully.
May 28 07:33:52.721228 localhost.localdomain systemd[1]: sysroot-tmp.mount: Deactivated successfully.
May 28 07:33:52.721326 localhost.localdomain systemd[1]: sysroot-srv.mount: Deactivated successfully.
May 28 07:33:52.721505 localhost.localdomain systemd[1]: sysroot-opt.mount: Deactivated successfully.
May 28 07:33:52.721862 localhost.localdomain systemd[1]: sysroot-home.mount: Deactivated successfully.
May 28 07:33:52.722007 localhost.localdomain systemd[1]: sysroot-.snapshots.mount: Deactivated successfully.
May 28 07:33:52.723849 localhost.localdomain systemd[1]: sysroot-boot-efi.mount: Deactivated successfully.
May 28 07:33:52.724019 localhost.localdomain systemd[1]: sysroot-dev-pts.mount: Deactivated successfully.
May 28 07:33:52.724138 localhost.localdomain systemd[1]: sysroot-dev-shm.mount: Deactivated successfully.
May 28 07:33:52.724240 localhost.localdomain systemd[1]: sysroot-dev.mount: Deactivated successfully.
May 28 07:33:52.724297 localhost.localdomain systemd[1]: sysroot-sys-fs-bpf.mount: Deactivated successfully.
May 28 07:33:52.724345 localhost.localdomain systemd[1]: sysroot-sys-fs-pstore.mount: Deactivated successfully.
May 28 07:33:52.724395 localhost.localdomain systemd[1]: sysroot-sys-fs-cgroup.mount: Deactivated successfully.
May 28 07:33:52.724445 localhost.localdomain systemd[1]: sysroot-sys-kernel-security.mount: Deactivated successfully.
May 28 07:33:52.724496 localhost.localdomain systemd[1]: sysroot-sys.mount: Deactivated successfully.
May 28 07:33:52.724546 localhost.localdomain systemd[1]: sysroot-proc.mount: Deactivated successfully.
May 28 07:33:52.724593 localhost.localdomain systemd[1]: sysroot-etc.mount: Deactivated successfully.
May 28 07:33:52.726778 localhost.localdomain systemd[1]: sysroot-root.mount: Deactivated successfully.
May 28 07:33:52.726894 localhost.localdomain systemd[1]: sysroot-var.mount: Deactivated successfully.
May 28 07:33:52.726991 localhost.localdomain systemd[1]: sysroot.mount: Deactivated successfully.
May 28 07:33:52.837562 localhost.localdomain kernel: BTRFS info (device vda3): last unmount of filesystem 1386d3ab-2af2-47a9-9f0a-e9360f9bbcb7
May 28 07:33:52.888840 localhost.localdomain systemd[1]: Mounting /sysroot...
May 28 07:33:53.005840 localhost.localdomain kernel: BTRFS: device label ROOT devid 1 transid 103 /dev/vda3 (253:3) scanned by mount (1753)
May 28 07:33:53.113349 localhost.localdomain kernel: BTRFS info (device vda3): first mount of filesystem 1386d3ab-2af2-47a9-9f0a-e9360f9bbcb7
May 28 07:33:53.232609 localhost.localdomain kernel: BTRFS info (device vda3): using crc32c (crc32c-intel) checksum algorithm
May 28 07:33:53.232641 localhost.localdomain kernel: BTRFS info (device vda3): using free-space-tree
May 28 07:33:53.237357 localhost.localdomain systemd[1]: Mounted /sysroot.
May 28 07:33:53.350012 localhost.localdomain systemd[1]: combustion.service: Deactivated successfully.
May 28 07:33:53.350201 localhost.localdomain systemd[1]: Finished Combustion.
May 28 07:33:53.350600 localhost.localdomain systemd[1]: combustion.service: Consumed 5.215s CPU time.
May 28 07:33:53.350997 localhost.localdomain systemd[1]: Reached target Initrd Firstboot.
May 28 07:33:53.462230 localhost.localdomain systemd[1]: Starting Mountpoints Configured in the Real Root...
May 28 07:33:53.570917 localhost.localdomain systemd-sysroot-fstab-check[1771]: /sysroot/root should be mounted in the initrd, will request daemon-reload.
May 28 07:33:53.572640 localhost.localdomain systemd[1]: Reloading requested from client PID 1771 ('systemd-fstab-g') (unit initrd-parse-etc.service)...
May 28 07:33:53.572651 localhost.localdomain systemd[1]: Reloading...
May 28 07:33:53.739030 localhost.localdomain systemd[1]: Reloading finished in 166 ms.
May 28 07:33:53.745024 localhost.localdomain systemd-sysroot-fstab-check[1771]: Requesting initrd-fs.target/start/replace...
May 28 07:33:53.745312 localhost.localdomain systemd-sysroot-fstab-check[1771]: Requesting swap.target/start/replace...
May 28 07:33:53.767692 localhost.localdomain systemd[1]: Mounting /sysroot/root...
May 28 07:33:53.768204 localhost.localdomain systemd[1]: sysroot-var.mount: Directory /sysroot/var to mount over is not empty, mounting anyway.
May 28 07:33:53.865708 localhost.localdomain systemd[1]: Mounting /sysroot/var...
May 28 07:33:53.868904 localhost.localdomain systemd[1]: initrd-parse-etc.service: Deactivated successfully.
May 28 07:33:53.869077 localhost.localdomain systemd[1]: Finished Mountpoints Configured in the Real Root.
May 28 07:33:53.871595 localhost.localdomain systemd[1]: Mounted /sysroot/root.
May 28 07:33:53.875576 localhost.localdomain systemd[1]: Starting dracut mount hook...
May 28 07:33:53.876907 localhost.localdomain systemd[1]: Mounted /sysroot/var.
May 28 07:33:53.881317 localhost.localdomain systemd[1]: sysroot-etc.mount: Directory /sysroot/etc to mount over is not empty, mounting anyway.
May 28 07:33:53.882137 localhost.localdomain systemd[1]: Mounting /sysroot/etc...
May 28 07:33:54.004441 localhost.localdomain systemd[1]: Finished dracut mount hook.
May 28 07:33:54.129184 localhost.localdomain systemd[1]: Mounted /sysroot/etc.
May 28 07:33:54.129934 localhost.localdomain systemd[1]: Reached target Initrd File Systems.
May 28 07:33:54.243940 localhost.localdomain systemd[1]: Disable firstboot wizard if ignition ran was skipped because of an unmet condition check (ConditionPathExists=/sysroot/var/lib/YaST2/reconfig_system).
May 28 07:33:54.244212 localhost.localdomain systemd[1]: Reached target Initrd Default Target.
May 28 07:33:54.369034 localhost.localdomain systemd[1]: Starting dracut pre-pivot and cleanup hook...
May 28 07:33:54.506074 localhost.localdomain systemd[1]: Finished dracut pre-pivot and cleanup hook.
May 28 07:33:54.624881 localhost.localdomain systemd[1]: Starting transactional-update /etc overlay cleaner...
May 28 07:33:54.740077 localhost.localdomain transactional-update-etc-cleaner[1853]: Checking for conflicts between /sysroot/var/lib/overlay/1/etc/. and /sysroot/var/lib/overlay/2/etc/....
May 28 07:33:54.740872 localhost.localdomain systemd[1]: transactional-update-etc-cleaner.service: Deactivated successfully.
May 28 07:33:54.741025 localhost.localdomain systemd[1]: Finished transactional-update /etc overlay cleaner.
May 28 07:33:54.852197 localhost.localdomain systemd[1]: Starting Cleaning Up and Shutting Down Daemons...
May 28 07:33:54.967863 localhost.localdomain systemd[1]: Stopped target Network.
May 28 07:33:54.968334 localhost.localdomain systemd[1]: Stopped target Remote Encrypted Volumes.
May 28 07:33:54.968757 localhost.localdomain systemd[1]: Stopped target Timer Units.
May 28 07:33:54.969104 localhost.localdomain systemd[1]: dracut-pre-pivot.service: Deactivated successfully.
May 28 07:33:54.969206 localhost.localdomain systemd[1]: Stopped dracut pre-pivot and cleanup hook.
May 28 07:33:54.969694 localhost.localdomain systemd[1]: Stopped target Initrd Default Target.
May 28 07:33:54.970032 localhost.localdomain systemd[1]: Stopped target Initrd Firstboot.
May 28 07:33:54.970354 localhost.localdomain systemd[1]: Stopped target Ignition Complete.
May 28 07:33:54.970693 localhost.localdomain systemd[1]: Stopped target Ignition Boot Disk Setup.
May 28 07:33:54.971013 localhost.localdomain systemd[1]: Stopped target Initrd Root Device.
May 28 07:33:54.971331 localhost.localdomain systemd[1]: Stopped target Initrd /usr File System.
May 28 07:33:54.971643 localhost.localdomain systemd[1]: Stopped target Remote File Systems.
May 28 07:33:54.971951 localhost.localdomain systemd[1]: Stopped target Preparation for Remote File Systems.
May 28 07:33:54.972297 localhost.localdomain systemd[1]: dracut-mount.service: Deactivated successfully.
May 28 07:33:54.972392 localhost.localdomain systemd[1]: Stopped dracut mount hook.
May 28 07:33:54.972779 localhost.localdomain systemd[1]: dracut-pre-mount.service: Deactivated successfully.
May 28 07:33:54.972870 localhost.localdomain systemd[1]: Stopped dracut pre-mount hook.
May 28 07:33:54.973255 localhost.localdomain systemd[1]: dracut-initqueue.service: Deactivated successfully.
May 28 07:33:54.973347 localhost.localdomain systemd[1]: Stopped dracut initqueue hook.
May 28 07:33:54.973730 localhost.localdomain systemd[1]: ignition-fetch-offline.service: Deactivated successfully.
May 28 07:33:54.973824 localhost.localdomain systemd[1]: Stopped Ignition (fetch-offline).
May 28 07:33:54.974179 localhost.localdomain systemd[1]: Stopped target Basic System.
May 28 07:33:54.974484 localhost.localdomain systemd[1]: Stopped target Path Units.
May 28 07:33:54.974814 localhost.localdomain systemd[1]: Stopped target Slice Units.
May 28 07:33:54.975112 localhost.localdomain systemd[1]: Stopped target Socket Units.
May 28 07:33:54.975434 localhost.localdomain systemd[1]: Stopped target System Initialization.
May 28 07:33:54.975735 localhost.localdomain systemd[1]: Stopped target Local Encrypted Volumes.
May 28 07:33:54.976005 localhost.localdomain systemd[1]: systemd-ask-password-console.path: Deactivated successfully.
May 28 07:33:55.089109 localhost.localdomain systemd[1]: Stopped Dispatch Password Requests to Console Directory Watch.
May 28 07:33:55.089520 localhost.localdomain systemd[1]: Stopped target Local File Systems.
May 28 07:33:55.089863 localhost.localdomain systemd[1]: Stopped target Preparation for Local File Systems.
May 28 07:33:55.090188 localhost.localdomain systemd[1]: Stopped target Swaps.
May 28 07:33:55.090479 localhost.localdomain systemd[1]: ignition-files.service: Deactivated successfully.
May 28 07:33:55.090575 localhost.localdomain systemd[1]: Stopped Ignition (files).
May 28 07:33:55.090941 localhost.localdomain systemd[1]: ignition-mount.service: Deactivated successfully.
May 28 07:33:55.091033 localhost.localdomain systemd[1]: Stopped Ignition (mount).
May 28 07:33:55.091338 localhost.localdomain systemd[1]: ignition-disks.service: Deactivated successfully.
May 28 07:33:55.091424 localhost.localdomain systemd[1]: Stopped Ignition (disks).
May 28 07:33:55.091718 localhost.localdomain systemd[1]: ignition-kargs.service: Deactivated successfully.
May 28 07:33:55.091801 localhost.localdomain systemd[1]: Stopped Ignition (kargs).
May 28 07:33:55.092512 localhost.localdomain systemd[1]: ignition-remount-sysroot.service: Deactivated successfully.
May 28 07:33:55.092607 localhost.localdomain systemd[1]: Stopped Remount /sysroot read-write for Ignition.
May 28 07:33:55.092908 localhost.localdomain systemd[1]: ignition-setup-user.service: Deactivated successfully.
May 28 07:33:55.092995 localhost.localdomain systemd[1]: Stopped Ignition User Config Setup.
May 28 07:33:55.093298 localhost.localdomain systemd[1]: nm-wait-online-initrd.service: Deactivated successfully.
May 28 07:33:55.093385 localhost.localdomain systemd[1]: Stopped nm-wait-online-initrd.service.
May 28 07:33:55.093788 localhost.localdomain systemd[1]: Stopping nm-initrd.service...
May 28 07:33:55.094024 localhost.localdomain systemd[1]: systemd-sysctl.service: Deactivated successfully.
May 28 07:33:55.094114 localhost.localdomain systemd[1]: Stopped Apply Kernel Variables.
May 28 07:33:55.094410 localhost.localdomain systemd[1]: systemd-tmpfiles-setup.service: Deactivated successfully.
May 28 07:33:55.094497 localhost.localdomain systemd[1]: Stopped Create Volatile Files and Directories.
May 28 07:33:55.097356 localhost.localdomain NetworkManager[680]: <info>  [1716881635.0973] caught SIGTERM, shutting down normally.
May 28 07:33:55.097732 localhost.localdomain NetworkManager[680]: <info>  [1716881635.0977] dhcp4 (ens4): canceled DHCP transaction
May 28 07:33:55.097742 localhost.localdomain NetworkManager[680]: <info>  [1716881635.0977] dhcp4 (ens4): activation: beginning transaction (timeout in 90 seconds)
May 28 07:33:55.097752 localhost.localdomain NetworkManager[680]: <info>  [1716881635.0977] dhcp4 (ens4): state changed no lease
May 28 07:33:55.097886 localhost.localdomain NetworkManager[680]: <info>  [1716881635.0978] manager: NetworkManager state is now CONNECTED_SITE
May 28 07:33:55.098097 localhost.localdomain NetworkManager[680]: <info>  [1716881635.0980] exiting (success)
May 28 07:33:55.099994 localhost.localdomain systemd[1]: initrd-cleanup.service: Deactivated successfully.
May 28 07:33:55.100145 localhost.localdomain systemd[1]: Finished Cleaning Up and Shutting Down Daemons.
May 28 07:33:55.202311 localhost.localdomain systemd[1]: nm-initrd.service: Deactivated successfully.
May 28 07:33:55.202511 localhost.localdomain systemd[1]: Stopped nm-initrd.service.
May 28 07:33:55.203771 localhost.localdomain systemd[1]: Stopping D-Bus System Message Bus...
May 28 07:33:55.204078 localhost.localdomain systemd[1]: systemd-udev-trigger.service: Deactivated successfully.
May 28 07:33:55.204140 localhost.localdomain systemd[1]: Stopped Coldplug All udev Devices.
May 28 07:33:55.204524 localhost.localdomain systemd[1]: dracut-pre-trigger.service: Deactivated successfully.
