May 28 07:30:45.201081 localhost kernel: Linux version 6.9.1-1-default (geeko@buildhost) (gcc (SUSE Linux) 13.2.1 20240509 [revision b7a2697733d19a093cbdd0e200ffce069a4bc812], GNU ld (GNU Binutils; openSUSE Tumbleweed) 2.42.0.20240130-3) #1 SMP PREEMPT_DYNAMIC Fri May 17 11:59:46 UTC 2024 (0c0b0b5)
May 28 07:30:45.201103 localhost kernel: Command line: initrd=\opensuse-microos\6.9.1-1-default\initrd-684b272fb55f1cef9c0172c83fed01af3ec0d511 quiet systemd.show_status=yes console=ttyS0,115200 console=tty0 ignition.platform.id=qemu security=selinux selinux=1 root=UUID=8e1db0e5-66e2-4309-9280-394cf494d447 rootflags=subvol=@/.snapshots/1/snapshot
May 28 07:30:45.201113 localhost kernel: BIOS-provided physical RAM map:
May 28 07:30:45.201119 localhost kernel: BIOS-e820: [mem 0x0000000000000000-0x000000000009ffff] usable
May 28 07:30:45.201124 localhost kernel: BIOS-e820: [mem 0x0000000000100000-0x00000000007fffff] usable
May 28 07:30:45.201129 localhost kernel: BIOS-e820: [mem 0x0000000000800000-0x0000000000807fff] ACPI NVS
May 28 07:30:45.201136 localhost kernel: BIOS-e820: [mem 0x0000000000808000-0x000000000080afff] usable
May 28 07:30:45.201141 localhost kernel: BIOS-e820: [mem 0x000000000080b000-0x000000000080bfff] ACPI NVS
May 28 07:30:45.201145 localhost kernel: BIOS-e820: [mem 0x000000000080c000-0x000000000080ffff] usable
May 28 07:30:45.201150 localhost kernel: BIOS-e820: [mem 0x0000000000810000-0x00000000008fffff] ACPI NVS
May 28 07:30:45.201156 localhost kernel: BIOS-e820: [mem 0x0000000000900000-0x000000003f8eefff] usable
May 28 07:30:45.201160 localhost kernel: BIOS-e820: [mem 0x000000003f8ef000-0x000000003fb6efff] reserved
May 28 07:30:45.201165 localhost kernel: BIOS-e820: [mem 0x000000003fb6f000-0x000000003fb7efff] ACPI data
May 28 07:30:45.201170 localhost kernel: BIOS-e820: [mem 0x000000003fb7f000-0x000000003fbfefff] ACPI NVS
May 28 07:30:45.201178 localhost kernel: BIOS-e820: [mem 0x000000003fbff000-0x000000003ff57fff] usable
May 28 07:30:45.201183 localhost kernel: BIOS-e820: [mem 0x000000003ff58000-0x000000003ff77fff] reserved
May 28 07:30:45.201188 localhost kernel: BIOS-e820: [mem 0x000000003ff78000-0x000000003fffffff] ACPI NVS
May 28 07:30:45.201193 localhost kernel: BIOS-e820: [mem 0x00000000ffe00000-0x00000000ffffffff] reserved
May 28 07:30:45.201198 localhost kernel: NX (Execute Disable) protection: active
May 28 07:30:45.201203 localhost kernel: APIC: Static calls initialized
May 28 07:30:45.201208 localhost kernel: e820: update [mem 0x3e05b018-0x3e064c57] usable ==> usable
May 28 07:30:45.201213 localhost kernel: e820: update [mem 0x3e032018-0x3e05a057] usable ==> usable
May 28 07:30:45.201218 localhost kernel: extended physical RAM map:
May 28 07:30:45.201223 localhost kernel: reserve setup_data: [mem 0x0000000000000000-0x000000000009ffff] usable
May 28 07:30:45.201227 localhost kernel: reserve setup_data: [mem 0x0000000000100000-0x00000000007fffff] usable
May 28 07:30:45.201234 localhost kernel: reserve setup_data: [mem 0x0000000000800000-0x0000000000807fff] ACPI NVS
May 28 07:30:45.201239 localhost kernel: reserve setup_data: [mem 0x0000000000808000-0x000000000080afff] usable
May 28 07:30:45.201244 localhost kernel: reserve setup_data: [mem 0x000000000080b000-0x000000000080bfff] ACPI NVS
May 28 07:30:45.201249 localhost kernel: reserve setup_data: [mem 0x000000000080c000-0x000000000080ffff] usable
May 28 07:30:45.201254 localhost kernel: reserve setup_data: [mem 0x0000000000810000-0x00000000008fffff] ACPI NVS
May 28 07:30:45.201259 localhost kernel: reserve setup_data: [mem 0x0000000000900000-0x000000003e032017] usable
May 28 07:30:45.201263 localhost kernel: reserve setup_data: [mem 0x000000003e032018-0x000000003e05a057] usable
May 28 07:30:45.201268 localhost kernel: reserve setup_data: [mem 0x000000003e05a058-0x000000003e05b017] usable
May 28 07:30:45.201273 localhost kernel: reserve setup_data: [mem 0x000000003e05b018-0x000000003e064c57] usable
May 28 07:30:45.201278 localhost kernel: reserve setup_data: [mem 0x000000003e064c58-0x000000003f8eefff] usable
May 28 07:30:45.201283 localhost kernel: reserve setup_data: [mem 0x000000003f8ef000-0x000000003fb6efff] reserved
May 28 07:30:45.201288 localhost kernel: reserve setup_data: [mem 0x000000003fb6f000-0x000000003fb7efff] ACPI data
May 28 07:30:45.201293 localhost kernel: reserve setup_data: [mem 0x000000003fb7f000-0x000000003fbfefff] ACPI NVS
May 28 07:30:45.201297 localhost kernel: reserve setup_data: [mem 0x000000003fbff000-0x000000003ff57fff] usable
May 28 07:30:45.201302 localhost kernel: reserve setup_data: [mem 0x000000003ff58000-0x000000003ff77fff] reserved
May 28 07:30:45.201310 localhost kernel: reserve setup_data: [mem 0x000000003ff78000-0x000000003fffffff] ACPI NVS
May 28 07:30:45.201315 localhost kernel: reserve setup_data: [mem 0x00000000ffe00000-0x00000000ffffffff] reserved
May 28 07:30:45.201320 localhost kernel: efi: EFI v2.7 by EDK II
May 28 07:30:45.201325 localhost kernel: efi: TPMFinalLog=0x3fbd7000 SMBIOS=0x3f909000 ACPI=0x3fb7e000 ACPI 2.0=0x3fb7e014 MEMATTR=0x3e0f7218 MOKvar=0x3e748000 INITRD=0x3e06af98 RNG=0x3fb74018 TPMEventLog=0x3e065018 
May 28 07:30:45.201332 localhost kernel: random: crng init done
May 28 07:30:45.201337 localhost kernel: efi: Remove mem123: MMIO range=[0xffe00000-0xffffffff] (2MB) from e820 map
May 28 07:30:45.201342 localhost kernel: e820: remove [mem 0xffe00000-0xffffffff] reserved
May 28 07:30:45.201347 localhost kernel: secureboot: Secure boot enabled
May 28 07:30:45.201352 localhost kernel: Kernel is locked down from EFI Secure Boot mode; see man kernel_lockdown.7
May 28 07:30:45.201356 localhost kernel: SMBIOS 2.8 present.
May 28 07:30:45.201361 localhost kernel: DMI: QEMU Standard PC (i440FX + PIIX, 1996), BIOS 0.0.0 02/06/2015
May 28 07:30:45.201366 localhost kernel: Hypervisor detected: KVM
May 28 07:30:45.201371 localhost kernel: kvm-clock: Using msrs 4b564d01 and 4b564d00
May 28 07:30:45.201376 localhost kernel: kvm-clock: using sched offset of 17229456180 cycles
May 28 07:30:45.201381 localhost kernel: clocksource: kvm-clock: mask: 0xffffffffffffffff max_cycles: 0x1cd42e4dffb, max_idle_ns: 881590591483 ns
May 28 07:30:45.201386 localhost kernel: tsc: Detected 2199.998 MHz processor
May 28 07:30:45.201392 localhost kernel: e820: update [mem 0x00000000-0x00000fff] usable ==> reserved
May 28 07:30:45.201397 localhost kernel: e820: remove [mem 0x000a0000-0x000fffff] usable
May 28 07:30:45.201403 localhost kernel: last_pfn = 0x3ff58 max_arch_pfn = 0x400000000
May 28 07:30:45.201410 localhost kernel: MTRR map: 4 entries (2 fixed + 2 variable; max 18), built from 8 variable MTRRs
May 28 07:30:45.201415 localhost kernel: x86/PAT: Configuration [0-7]: WB  WC  UC- UC  WB  WP  UC- WT  
May 28 07:30:45.201420 localhost kernel: e820: update [mem 0x3e748000-0x3e748fff] usable ==> reserved
May 28 07:30:45.201425 localhost kernel: Using GB pages for direct mapping
May 28 07:30:45.201430 localhost kernel: secureboot: Secure boot enabled
May 28 07:30:45.201436 localhost kernel: RAMDISK: [mem 0x3295e000-0x37469fff]
May 28 07:30:45.201441 localhost kernel: ACPI: Early table checksum verification disabled
May 28 07:30:45.201446 localhost kernel: ACPI: RSDP 0x000000003FB7E014 000024 (v02 BOCHS )
May 28 07:30:45.201451 localhost kernel: ACPI: XSDT 0x000000003FB7D0E8 000054 (v01 BOCHS  BXPC     00000001      01000013)
May 28 07:30:45.201456 localhost kernel: ACPI: FACP 0x000000003FB7A000 000074 (v01 BOCHS  BXPC     00000001 BXPC 00000001)
May 28 07:30:45.201461 localhost kernel: ACPI: DSDT 0x000000003FB7B000 0019D9 (v01 BOCHS  BXPC     00000001 BXPC 00000001)
May 28 07:30:45.201468 localhost kernel: ACPI: FACS 0x000000003FBA5000 000040
May 28 07:30:45.201473 localhost kernel: ACPI: APIC 0x000000003FB79000 000078 (v01 BOCHS  BXPC     00000001 BXPC 00000001)
May 28 07:30:45.201478 localhost kernel: ACPI: HPET 0x000000003FB78000 000038 (v01 BOCHS  BXPC     00000001 BXPC 00000001)
May 28 07:30:45.201490 localhost kernel: ACPI: TPM2 0x000000003FB77000 00004C (v04 BOCHS  BXPC     00000001 BXPC 00000001)
May 28 07:30:45.201496 localhost kernel: ACPI: WAET 0x000000003FB76000 000028 (v01 BOCHS  BXPC     00000001 BXPC 00000001)
May 28 07:30:45.201501 localhost kernel: ACPI: BGRT 0x000000003FB75000 000038 (v01 INTEL  EDK2     00000002      01000013)
May 28 07:30:45.201506 localhost kernel: ACPI: Reserving FACP table memory at [mem 0x3fb7a000-0x3fb7a073]
May 28 07:30:45.201511 localhost kernel: ACPI: Reserving DSDT table memory at [mem 0x3fb7b000-0x3fb7c9d8]
May 28 07:30:45.201516 localhost kernel: ACPI: Reserving FACS table memory at [mem 0x3fba5000-0x3fba503f]
May 28 07:30:45.201521 localhost kernel: ACPI: Reserving APIC table memory at [mem 0x3fb79000-0x3fb79077]
May 28 07:30:45.201526 localhost kernel: ACPI: Reserving HPET table memory at [mem 0x3fb78000-0x3fb78037]
May 28 07:30:45.201532 localhost kernel: ACPI: Reserving TPM2 table memory at [mem 0x3fb77000-0x3fb7704b]
May 28 07:30:45.201538 localhost kernel: ACPI: Reserving WAET table memory at [mem 0x3fb76000-0x3fb76027]
May 28 07:30:45.201544 localhost kernel: ACPI: Reserving BGRT table memory at [mem 0x3fb75000-0x3fb75037]
May 28 07:30:45.201549 localhost kernel: No NUMA configuration found
May 28 07:30:45.201554 localhost kernel: Faking a node at [mem 0x0000000000000000-0x000000003ff57fff]
May 28 07:30:45.201559 localhost kernel: NODE_DATA(0) allocated [mem 0x3fe86000-0x3feb0fff]
May 28 07:30:45.201564 localhost kernel: Zone ranges:
May 28 07:30:45.201569 localhost kernel:   DMA      [mem 0x0000000000001000-0x0000000000ffffff]
May 28 07:30:45.201575 localhost kernel:   DMA32    [mem 0x0000000001000000-0x000000003ff57fff]
May 28 07:30:45.201580 localhost kernel:   Normal   empty
May 28 07:30:45.201585 localhost kernel:   Device   empty
May 28 07:30:45.201590 localhost kernel: Movable zone start for each node
May 28 07:30:45.201595 localhost kernel: Early memory node ranges
May 28 07:30:45.201602 localhost kernel:   node   0: [mem 0x0000000000001000-0x000000000009ffff]
May 28 07:30:45.201607 localhost kernel:   node   0: [mem 0x0000000000100000-0x00000000007fffff]
May 28 07:30:45.201612 localhost kernel:   node   0: [mem 0x0000000000808000-0x000000000080afff]
May 28 07:30:45.201617 localhost kernel:   node   0: [mem 0x000000000080c000-0x000000000080ffff]
May 28 07:30:45.201622 localhost kernel:   node   0: [mem 0x0000000000900000-0x000000003f8eefff]
May 28 07:30:45.201627 localhost kernel:   node   0: [mem 0x000000003fbff000-0x000000003ff57fff]
May 28 07:30:45.201632 localhost kernel: Initmem setup node 0 [mem 0x0000000000001000-0x000000003ff57fff]
May 28 07:30:45.201637 localhost kernel: On node 0, zone DMA: 1 pages in unavailable ranges
May 28 07:30:45.201642 localhost kernel: On node 0, zone DMA: 96 pages in unavailable ranges
May 28 07:30:45.201647 localhost kernel: On node 0, zone DMA: 8 pages in unavailable ranges
May 28 07:30:45.201652 localhost kernel: On node 0, zone DMA: 1 pages in unavailable ranges
May 28 07:30:45.201657 localhost kernel: On node 0, zone DMA: 240 pages in unavailable ranges
May 28 07:30:45.201662 localhost kernel: On node 0, zone DMA32: 784 pages in unavailable ranges
May 28 07:30:45.201669 localhost kernel: On node 0, zone DMA32: 168 pages in unavailable ranges
May 28 07:30:45.201674 localhost kernel: ACPI: PM-Timer IO Port: 0xb008
May 28 07:30:45.201679 localhost kernel: ACPI: LAPIC_NMI (acpi_id[0xff] dfl dfl lint[0x1])
May 28 07:30:45.201684 localhost kernel: IOAPIC[0]: apic_id 0, version 17, address 0xfec00000, GSI 0-23
May 28 07:30:45.201690 localhost kernel: ACPI: INT_SRC_OVR (bus 0 bus_irq 0 global_irq 2 dfl dfl)
May 28 07:30:45.201695 localhost kernel: ACPI: INT_SRC_OVR (bus 0 bus_irq 5 global_irq 5 high level)
May 28 07:30:45.201700 localhost kernel: ACPI: INT_SRC_OVR (bus 0 bus_irq 9 global_irq 9 high level)
May 28 07:30:45.201705 localhost kernel: ACPI: INT_SRC_OVR (bus 0 bus_irq 10 global_irq 10 high level)
May 28 07:30:45.201710 localhost kernel: ACPI: INT_SRC_OVR (bus 0 bus_irq 11 global_irq 11 high level)
May 28 07:30:45.201715 localhost kernel: ACPI: Using ACPI (MADT) for SMP configuration information
May 28 07:30:45.201720 localhost kernel: ACPI: HPET id: 0x8086a201 base: 0xfed00000
May 28 07:30:45.201730 localhost kernel: e820: update [mem 0x3e0ec000-0x3e0f4fff] usable ==> reserved
May 28 07:30:45.201735 localhost kernel: TSC deadline timer available
May 28 07:30:45.201742 localhost kernel: CPU topo: Max. logical packages:   1
May 28 07:30:45.201747 localhost kernel: CPU topo: Max. logical dies:       1
May 28 07:30:45.201752 localhost kernel: CPU topo: Max. dies per package:   1
May 28 07:30:45.201757 localhost kernel: CPU topo: Max. threads per core:   1
May 28 07:30:45.201762 localhost kernel: CPU topo: Num. cores per package:     1
May 28 07:30:45.201767 localhost kernel: CPU topo: Num. threads per package:   1
May 28 07:30:45.201772 localhost kernel: CPU topo: Allowing 1 present CPUs plus 0 hotplug CPUs
May 28 07:30:45.201777 localhost kernel: kvm-guest: APIC: eoi() replaced with kvm_guest_apic_eoi_write()
May 28 07:30:45.201782 localhost kernel: PM: hibernation: Registered nosave memory: [mem 0x00000000-0x00000fff]
May 28 07:30:45.201787 localhost kernel: PM: hibernation: Registered nosave memory: [mem 0x000a0000-0x000fffff]
May 28 07:30:45.201794 localhost kernel: PM: hibernation: Registered nosave memory: [mem 0x00800000-0x00807fff]
May 28 07:30:45.201800 localhost kernel: PM: hibernation: Registered nosave memory: [mem 0x0080b000-0x0080bfff]
May 28 07:30:45.201805 localhost kernel: PM: hibernation: Registered nosave memory: [mem 0x00810000-0x008fffff]
May 28 07:30:45.201810 localhost kernel: PM: hibernation: Registered nosave memory: [mem 0x3e032000-0x3e032fff]
May 28 07:30:45.201815 localhost kernel: PM: hibernation: Registered nosave memory: [mem 0x3e05a000-0x3e05afff]
May 28 07:30:45.201820 localhost kernel: PM: hibernation: Registered nosave memory: [mem 0x3e05b000-0x3e05bfff]
May 28 07:30:45.201825 localhost kernel: PM: hibernation: Registered nosave memory: [mem 0x3e064000-0x3e064fff]
May 28 07:30:45.201830 localhost kernel: PM: hibernation: Registered nosave memory: [mem 0x3e0ec000-0x3e0f4fff]
May 28 07:30:45.201835 localhost kernel: PM: hibernation: Registered nosave memory: [mem 0x3e748000-0x3e748fff]
May 28 07:30:45.201840 localhost kernel: PM: hibernation: Registered nosave memory: [mem 0x3f8ef000-0x3fb6efff]
May 28 07:30:45.201845 localhost kernel: PM: hibernation: Registered nosave memory: [mem 0x3fb6f000-0x3fb7efff]
May 28 07:30:45.201852 localhost kernel: PM: hibernation: Registered nosave memory: [mem 0x3fb7f000-0x3fbfefff]
May 28 07:30:45.201857 localhost kernel: [mem 0x40000000-0xffffffff] available for PCI devices
May 28 07:30:45.201862 localhost kernel: Booting paravirtualized kernel on KVM
May 28 07:30:45.201867 localhost kernel: clocksource: refined-jiffies: mask: 0xffffffff max_cycles: 0xffffffff, max_idle_ns: 6370452778343963 ns
May 28 07:30:45.201873 localhost kernel: setup_percpu: NR_CPUS:8192 nr_cpumask_bits:1 nr_cpu_ids:1 nr_node_ids:1
May 28 07:30:45.201878 localhost kernel: percpu: Embedded 72 pages/cpu s258048 r8192 d28672 u2097152
May 28 07:30:45.201883 localhost kernel: pcpu-alloc: s258048 r8192 d28672 u2097152 alloc=1*2097152
May 28 07:30:45.201888 localhost kernel: pcpu-alloc: [0] 0 
May 28 07:30:45.201893 localhost kernel: kvm-guest: PV spinlocks disabled, single CPU
May 28 07:30:45.201899 localhost kernel: Kernel command line: initrd=\opensuse-microos\6.9.1-1-default\initrd-684b272fb55f1cef9c0172c83fed01af3ec0d511 quiet systemd.show_status=yes console=ttyS0,115200 console=tty0 ignition.platform.id=qemu security=selinux selinux=1 root=UUID=8e1db0e5-66e2-4309-9280-394cf494d447 rootflags=subvol=@/.snapshots/1/snapshot
May 28 07:30:45.201905 localhost kernel: Dentry cache hash table entries: 131072 (order: 8, 1048576 bytes, linear)
May 28 07:30:45.201912 localhost kernel: Inode-cache hash table entries: 65536 (order: 7, 524288 bytes, linear)
May 28 07:30:45.201917 localhost kernel: Fallback order for Node 0: 0 
May 28 07:30:45.201922 localhost kernel: Built 1 zonelists, mobility grouping on.  Total pages: 254806
May 28 07:30:45.201927 localhost kernel: Policy zone: DMA32
May 28 07:30:45.201932 localhost kernel: mem auto-init: stack:off, heap alloc:off, heap free:off
May 28 07:30:45.201937 localhost kernel: Memory: 247576K/1043384K available (16384K kernel code, 3000K rwdata, 13020K rodata, 4224K init, 4384K bss, 176776K reserved, 0K cma-reserved)
May 28 07:30:45.201943 localhost kernel: SLUB: HWalign=64, Order=0-3, MinObjects=0, CPUs=1, Nodes=1
May 28 07:30:45.201948 localhost kernel: ftrace: allocating 47505 entries in 186 pages
May 28 07:30:45.201953 localhost kernel: ftrace: allocated 186 pages with 5 groups
May 28 07:30:45.201958 localhost kernel: Dynamic Preempt: voluntary
May 28 07:30:45.201963 localhost kernel: rcu: Preemptible hierarchical RCU implementation.
May 28 07:30:45.201968 localhost kernel: rcu:         RCU event tracing is enabled.
May 28 07:30:45.201975 localhost kernel: rcu:         RCU restricting CPUs from NR_CPUS=8192 to nr_cpu_ids=1.
May 28 07:30:45.201981 localhost kernel:         Trampoline variant of Tasks RCU enabled.
May 28 07:30:45.201986 localhost kernel:         Rude variant of Tasks RCU enabled.
May 28 07:30:45.201991 localhost kernel:         Tracing variant of Tasks RCU enabled.
May 28 07:30:45.201996 localhost kernel: rcu: RCU calculated value of scheduler-enlistment delay is 30 jiffies.
May 28 07:30:45.202001 localhost kernel: rcu: Adjusting geometry for rcu_fanout_leaf=16, nr_cpu_ids=1
May 28 07:30:45.202006 localhost kernel: RCU Tasks: Setting shift to 0 and lim to 1 rcu_task_cb_adjust=1.
May 28 07:30:45.202012 localhost kernel: RCU Tasks Rude: Setting shift to 0 and lim to 1 rcu_task_cb_adjust=1.
May 28 07:30:45.202017 localhost kernel: RCU Tasks Trace: Setting shift to 0 and lim to 1 rcu_task_cb_adjust=1.
May 28 07:30:45.202022 localhost kernel: NR_IRQS: 524544, nr_irqs: 256, preallocated irqs: 16
May 28 07:30:45.202027 localhost kernel: rcu: srcu_init: Setting srcu_struct sizes based on contention.
May 28 07:30:45.202034 localhost kernel: Console: colour dummy device 80x25
May 28 07:30:45.202039 localhost kernel: printk: legacy console [tty0] enabled
May 28 07:30:45.202044 localhost kernel: printk: legacy console [ttyS0] enabled
May 28 07:30:45.202049 localhost kernel: ACPI: Core revision 20230628
May 28 07:30:45.202054 localhost kernel: clocksource: hpet: mask: 0xffffffff max_cycles: 0xffffffff, max_idle_ns: 19112604467 ns
May 28 07:30:45.202059 localhost kernel: APIC: Switch to symmetric I/O mode setup
May 28 07:30:45.202064 localhost kernel: x2apic enabled
May 28 07:30:45.202069 localhost kernel: APIC: Switched APIC routing to: physical x2apic
May 28 07:30:45.202074 localhost kernel: ..TIMER: vector=0x30 apic1=0 pin1=2 apic2=-1 pin2=-1
May 28 07:30:45.202079 localhost kernel: clocksource: tsc-early: mask: 0xffffffffffffffff max_cycles: 0x1fb63109b96, max_idle_ns: 440795265316 ns
May 28 07:30:45.202085 localhost kernel: Calibrating delay loop (skipped) preset value.. 4401.32 BogoMIPS (lpj=7333326)
May 28 07:30:45.202090 localhost kernel: x86/cpu: User Mode Instruction Prevention (UMIP) activated
May 28 07:30:45.202097 localhost kernel: Last level iTLB entries: 4KB 512, 2MB 255, 4MB 127
May 28 07:30:45.202102 localhost kernel: Last level dTLB entries: 4KB 512, 2MB 255, 4MB 127, 1GB 0
May 28 07:30:45.202107 localhost kernel: Spectre V1 : Mitigation: usercopy/swapgs barriers and __user pointer sanitization
May 28 07:30:45.202112 localhost kernel: Spectre V2 : Mitigation: Retpolines
May 28 07:30:45.202117 localhost kernel: Spectre V2 : Spectre v2 / SpectreRSB mitigation: Filling RSB on context switch
May 28 07:30:45.202122 localhost kernel: Spectre V2 : Spectre v2 / SpectreRSB : Filling RSB on VMEXIT
May 28 07:30:45.202127 localhost kernel: Spectre V2 : Enabling Restricted Speculation for firmware calls
May 28 07:30:45.202132 localhost kernel: Spectre V2 : mitigation: Enabling conditional Indirect Branch Prediction Barrier
May 28 07:30:45.202138 localhost kernel: Speculative Store Bypass: Mitigation: Speculative Store Bypass disabled via prctl
May 28 07:30:45.202143 localhost kernel: Speculative Return Stack Overflow: IBPB-extending microcode not applied!
May 28 07:30:45.202148 localhost kernel: Speculative Return Stack Overflow: WARNING: See https://kernel.org/doc/html/latest/admin-guide/hw-vuln/srso.html for mitigation options.
May 28 07:30:45.202155 localhost kernel: Speculative Return Stack Overflow: Vulnerable: Safe RET, no microcode
May 28 07:30:45.202160 localhost kernel: x86/fpu: Supporting XSAVE feature 0x001: 'x87 floating point registers'
May 28 07:30:45.202166 localhost kernel: x86/fpu: Supporting XSAVE feature 0x002: 'SSE registers'
May 28 07:30:45.202171 localhost kernel: x86/fpu: Supporting XSAVE feature 0x004: 'AVX registers'
May 28 07:30:45.202176 localhost kernel: x86/fpu: Supporting XSAVE feature 0x200: 'Protection Keys User registers'
May 28 07:30:45.202181 localhost kernel: x86/fpu: xstate_offset[2]:  576, xstate_sizes[2]:  256
May 28 07:30:45.202186 localhost kernel: x86/fpu: xstate_offset[9]:  832, xstate_sizes[9]:    8
May 28 07:30:45.202191 localhost kernel: x86/fpu: Enabled xstate features 0x207, context size is 840 bytes, using 'compacted' format.
May 28 07:30:45.202196 localhost kernel: Freeing SMP alternatives memory: 40K
May 28 07:30:45.202201 localhost kernel: pid_max: default: 32768 minimum: 301
May 28 07:30:45.202207 localhost kernel: LSM: initializing lsm=lockdown,capability,landlock,yama,selinux,bpf,ima,evm
May 28 07:30:45.202212 localhost kernel: landlock: Up and running.
May 28 07:30:45.202218 localhost kernel: Yama: becoming mindful.
May 28 07:30:45.202223 localhost kernel: SELinux:  Initializing.
May 28 07:30:45.202228 localhost kernel: LSM support for eBPF active
May 28 07:30:45.202233 localhost kernel: Mount-cache hash table entries: 2048 (order: 2, 16384 bytes, linear)
May 28 07:30:45.202238 localhost kernel: Mountpoint-cache hash table entries: 2048 (order: 2, 16384 bytes, linear)
May 28 07:30:45.202244 localhost kernel: smpboot: CPU0: AMD EPYC 7773X 64-Core Processor (family: 0x19, model: 0x1, stepping: 0x2)
May 28 07:30:45.202249 localhost kernel: Performance Events: Fam17h+ core perfctr, AMD PMU driver.
May 28 07:30:45.202254 localhost kernel: ... version:                0
May 28 07:30:45.202259 localhost kernel: ... bit width:              48
May 28 07:30:45.202264 localhost kernel: ... generic registers:      6
May 28 07:30:45.202269 localhost kernel: ... value mask:             0000ffffffffffff
May 28 07:30:45.202274 localhost kernel: ... max period:             00007fffffffffff
May 28 07:30:45.202281 localhost kernel: ... fixed-purpose events:   0
May 28 07:30:45.202286 localhost kernel: ... event mask:             000000000000003f
May 28 07:30:45.202291 localhost kernel: signal: max sigframe size: 3376
May 28 07:30:45.202296 localhost kernel: rcu: Hierarchical SRCU implementation.
May 28 07:30:45.202301 localhost kernel: rcu:         Max phase no-delay instances is 1000.
May 28 07:30:45.202306 localhost kernel: smp: Bringing up secondary CPUs ...
May 28 07:30:45.202311 localhost kernel: smp: Brought up 1 node, 1 CPU
May 28 07:30:45.202316 localhost kernel: smpboot: Total of 1 processors activated (4401.32 BogoMIPS)
May 28 07:30:45.202321 localhost kernel: node 0 deferred pages initialised in 4ms
May 28 07:30:45.202326 localhost kernel: devtmpfs: initialized
May 28 07:30:45.202331 localhost kernel: x86/mm: Memory block size: 128MB
May 28 07:30:45.202336 localhost kernel: ACPI: PM: Registering ACPI NVS region [mem 0x00800000-0x00807fff] (32768 bytes)
May 28 07:30:45.202343 localhost kernel: ACPI: PM: Registering ACPI NVS region [mem 0x0080b000-0x0080bfff] (4096 bytes)
May 28 07:30:45.202348 localhost kernel: ACPI: PM: Registering ACPI NVS region [mem 0x00810000-0x008fffff] (983040 bytes)
May 28 07:30:45.202354 localhost kernel: ACPI: PM: Registering ACPI NVS region [mem 0x3fb7f000-0x3fbfefff] (524288 bytes)
May 28 07:30:45.202359 localhost kernel: ACPI: PM: Registering ACPI NVS region [mem 0x3ff78000-0x3fffffff] (557056 bytes)
May 28 07:30:45.202364 localhost kernel: clocksource: jiffies: mask: 0xffffffff max_cycles: 0xffffffff, max_idle_ns: 6370867519511994 ns
May 28 07:30:45.202369 localhost kernel: futex hash table entries: 256 (order: 2, 16384 bytes, linear)
May 28 07:30:45.202374 localhost kernel: pinctrl core: initialized pinctrl subsystem
May 28 07:30:45.202379 localhost kernel: PM: RTC time: 07:30:43, date: 2024-05-28
May 28 07:30:45.202384 localhost kernel: NET: Registered PF_NETLINK/PF_ROUTE protocol family
May 28 07:30:45.202389 localhost kernel: DMA: preallocated 128 KiB GFP_KERNEL pool for atomic allocations
May 28 07:30:45.202394 localhost kernel: DMA: preallocated 128 KiB GFP_KERNEL|GFP_DMA pool for atomic allocations
May 28 07:30:45.202401 localhost kernel: DMA: preallocated 128 KiB GFP_KERNEL|GFP_DMA32 pool for atomic allocations
May 28 07:30:45.202406 localhost kernel: audit: initializing netlink subsys (disabled)
May 28 07:30:45.202412 localhost kernel: audit: type=2000 audit(1716881444.078:1): state=initialized audit_enabled=0 res=1
May 28 07:30:45.202417 localhost kernel: thermal_sys: Registered thermal governor 'fair_share'
May 28 07:30:45.202422 localhost kernel: thermal_sys: Registered thermal governor 'bang_bang'
May 28 07:30:45.202427 localhost kernel: thermal_sys: Registered thermal governor 'step_wise'
May 28 07:30:45.202432 localhost kernel: thermal_sys: Registered thermal governor 'user_space'
May 28 07:30:45.202437 localhost kernel: cpuidle: using governor ladder
May 28 07:30:45.202442 localhost kernel: cpuidle: using governor menu
May 28 07:30:45.202447 localhost kernel: acpiphp: ACPI Hot Plug PCI Controller Driver version: 0.5
May 28 07:30:45.202453 localhost kernel: PCI: Using configuration type 1 for base access
May 28 07:30:45.202458 localhost kernel: PCI: Using configuration type 1 for extended access
May 28 07:30:45.202464 localhost kernel: kprobes: kprobe jump-optimization is enabled. All kprobes are optimized if possible.
May 28 07:30:45.202470 localhost kernel: HugeTLB: registered 1.00 GiB page size, pre-allocated 0 pages
May 28 07:30:45.202475 localhost kernel: HugeTLB: 16380 KiB vmemmap can be freed for a 1.00 GiB page
May 28 07:30:45.202480 localhost kernel: HugeTLB: registered 2.00 MiB page size, pre-allocated 0 pages
May 28 07:30:45.202485 localhost kernel: HugeTLB: 28 KiB vmemmap can be freed for a 2.00 MiB page
May 28 07:30:45.202490 localhost kernel: Demotion targets for Node 0: null
May 28 07:30:45.202495 localhost kernel: ACPI: Added _OSI(Module Device)
May 28 07:30:45.202500 localhost kernel: ACPI: Added _OSI(Processor Device)
May 28 07:30:45.202505 localhost kernel: ACPI: Added _OSI(3.0 _SCP Extensions)
May 28 07:30:45.202510 localhost kernel: ACPI: Added _OSI(Processor Aggregator Device)
May 28 07:30:45.202515 localhost kernel: ACPI: 1 ACPI AML tables successfully acquired and loaded
May 28 07:30:45.202520 localhost kernel: ACPI: _OSC evaluation for CPUs failed, trying _PDC
May 28 07:30:45.202527 localhost kernel: ACPI: Interpreter enabled
May 28 07:30:45.202532 localhost kernel: ACPI: PM: (supports S0 S3 S4 S5)
May 28 07:30:45.202537 localhost kernel: ACPI: Using IOAPIC for interrupt routing
May 28 07:30:45.202542 localhost kernel: PCI: Using host bridge windows from ACPI; if necessary, use "pci=nocrs" and report a bug
May 28 07:30:45.202547 localhost kernel: PCI: Using E820 reservations for host bridge windows
May 28 07:30:45.202552 localhost kernel: ACPI: Enabled 2 GPEs in block 00 to 0F
May 28 07:30:45.202557 localhost kernel: ACPI: PCI Root Bridge [PCI0] (domain 0000 [bus 00-ff])
May 28 07:30:45.202729 localhost kernel: acpi PNP0A03:00: _OSC: OS supports [ExtendedConfig ASPM ClockPM Segments MSI EDR HPX-Type3]
May 28 07:30:45.202740 localhost kernel: acpiphp: Slot [3] registered
May 28 07:30:45.202745 localhost kernel: acpiphp: Slot [4] registered
May 28 07:30:45.202753 localhost kernel: acpiphp: Slot [5] registered
May 28 07:30:45.202758 localhost kernel: acpiphp: Slot [6] registered
May 28 07:30:45.202763 localhost kernel: acpiphp: Slot [7] registered
May 28 07:30:45.202768 localhost kernel: acpiphp: Slot [8] registered
May 28 07:30:45.202773 localhost kernel: acpiphp: Slot [9] registered
May 28 07:30:45.202778 localhost kernel: acpiphp: Slot [10] registered
May 28 07:30:45.202784 localhost kernel: acpiphp: Slot [11] registered
May 28 07:30:45.202789 localhost kernel: acpiphp: Slot [12] registered
May 28 07:30:45.202794 localhost kernel: acpiphp: Slot [13] registered
May 28 07:30:45.202799 localhost kernel: acpiphp: Slot [14] registered
May 28 07:30:45.202804 localhost kernel: acpiphp: Slot [15] registered
May 28 07:30:45.202809 localhost kernel: acpiphp: Slot [16] registered
May 28 07:30:45.202814 localhost kernel: acpiphp: Slot [17] registered
May 28 07:30:45.202821 localhost kernel: acpiphp: Slot [18] registered
May 28 07:30:45.202825 localhost kernel: acpiphp: Slot [19] registered
May 28 07:30:45.202830 localhost kernel: acpiphp: Slot [20] registered
May 28 07:30:45.202835 localhost kernel: acpiphp: Slot [21] registered
May 28 07:30:45.202841 localhost kernel: acpiphp: Slot [22] registered
May 28 07:30:45.202845 localhost kernel: acpiphp: Slot [23] registered
May 28 07:30:45.202850 localhost kernel: acpiphp: Slot [24] registered
May 28 07:30:45.202855 localhost kernel: acpiphp: Slot [25] registered
May 28 07:30:45.202860 localhost kernel: acpiphp: Slot [26] registered
May 28 07:30:45.202865 localhost kernel: acpiphp: Slot [27] registered
May 28 07:30:45.202870 localhost kernel: acpiphp: Slot [28] registered
May 28 07:30:45.202875 localhost kernel: acpiphp: Slot [29] registered
May 28 07:30:45.202882 localhost kernel: acpiphp: Slot [30] registered
May 28 07:30:45.202887 localhost kernel: acpiphp: Slot [31] registered
May 28 07:30:45.202892 localhost kernel: PCI host bridge to bus 0000:00
May 28 07:30:45.203017 localhost kernel: pci_bus 0000:00: root bus resource [io  0x0000-0x0cf7 window]
May 28 07:30:45.203124 localhost kernel: pci_bus 0000:00: root bus resource [io  0x0d00-0xffff window]
May 28 07:30:45.203226 localhost kernel: pci_bus 0000:00: root bus resource [mem 0x000a0000-0x000bffff window]
May 28 07:30:45.203327 localhost kernel: pci_bus 0000:00: root bus resource [mem 0x40000000-0xfebfffff window]
May 28 07:30:45.203428 localhost kernel: pci_bus 0000:00: root bus resource [mem 0x800000000-0x87fffffff window]
May 28 07:30:45.203527 localhost kernel: pci_bus 0000:00: root bus resource [mem 0xfed40000-0xfed44fff]
May 28 07:30:45.203628 localhost kernel: pci_bus 0000:00: root bus resource [bus 00-ff]
May 28 07:30:45.207942 localhost kernel: pci 0000:00:00.0: [8086:1237] type 00 class 0x060000 conventional PCI endpoint
May 28 07:30:45.208077 localhost kernel: pci 0000:00:01.0: [8086:7000] type 00 class 0x060100 conventional PCI endpoint
May 28 07:30:45.208204 localhost kernel: pci 0000:00:01.1: [8086:7010] type 00 class 0x010180 conventional PCI endpoint
May 28 07:30:45.208318 localhost kernel: pci 0000:00:01.1: BAR 4 [io  0xc140-0xc14f]
May 28 07:30:45.208429 localhost kernel: pci 0000:00:01.1: BAR 0 [io  0x01f0-0x01f7]: legacy IDE quirk
May 28 07:30:45.208538 localhost kernel: pci 0000:00:01.1: BAR 1 [io  0x03f6]: legacy IDE quirk
May 28 07:30:45.208648 localhost kernel: pci 0000:00:01.1: BAR 2 [io  0x0170-0x0177]: legacy IDE quirk
May 28 07:30:45.208756 localhost kernel: pci 0000:00:01.1: BAR 3 [io  0x0376]: legacy IDE quirk
May 28 07:30:45.208881 localhost kernel: pci 0000:00:01.3: [8086:7113] type 00 class 0x068000 conventional PCI endpoint
May 28 07:30:45.208992 localhost kernel: pci 0000:00:01.3: quirk: [io  0xb000-0xb03f] claimed by PIIX4 ACPI
May 28 07:30:45.209100 localhost kernel: pci 0000:00:01.3: quirk: [io  0xb100-0xb10f] claimed by PIIX4 SMB
May 28 07:30:45.209218 localhost kernel: pci 0000:00:02.0: [1234:1111] type 00 class 0x030000 conventional PCI endpoint
May 28 07:30:45.209327 localhost kernel: pci 0000:00:02.0: BAR 0 [mem 0x80000000-0x80ffffff pref]
May 28 07:30:45.209434 localhost kernel: pci 0000:00:02.0: BAR 2 [mem 0x81048000-0x81048fff]
May 28 07:30:45.209577 localhost kernel: pci 0000:00:02.0: ROM [mem 0xffff0000-0xffffffff pref]
May 28 07:30:45.209688 localhost kernel: pci 0000:00:02.0: Video device with shadowed ROM at [mem 0x000c0000-0x000dffff]
May 28 07:30:45.209806 localhost kernel: pci 0000:00:03.0: [8086:2668] type 00 class 0x040300 conventional PCI endpoint
May 28 07:30:45.209921 localhost kernel: pci 0000:00:03.0: BAR 0 [mem 0x81040000-0x81043fff]
May 28 07:30:45.210043 localhost kernel: pci 0000:00:04.0: [1af4:1000] type 00 class 0x020000 conventional PCI endpoint
May 28 07:30:45.210153 localhost kernel: pci 0000:00:04.0: BAR 0 [io  0xc120-0xc13f]
May 28 07:30:45.210262 localhost kernel: pci 0000:00:04.0: BAR 1 [mem 0x81047000-0x81047fff]
May 28 07:30:45.217075 localhost kernel: pci 0000:00:04.0: BAR 4 [mem 0x800000000-0x800003fff 64bit pref]
May 28 07:30:45.217223 localhost kernel: pci 0000:00:04.0: ROM [mem 0xfffc0000-0xffffffff pref]
May 28 07:30:45.217354 localhost kernel: pci 0000:00:05.0: [1af4:1005] type 00 class 0x00ff00 conventional PCI endpoint
May 28 07:30:45.217478 localhost kernel: pci 0000:00:05.0: BAR 0 [io  0xc100-0xc11f]
May 28 07:30:45.217604 localhost kernel: pci 0000:00:05.0: BAR 4 [mem 0x800004000-0x800007fff 64bit pref]
May 28 07:30:45.217733 localhost kernel: pci 0000:00:06.0: [1b36:000d] type 00 class 0x0c0330 conventional PCI endpoint
May 28 07:30:45.217846 localhost kernel: pci 0000:00:06.0: BAR 0 [mem 0x800014000-0x800017fff 64bit]
May 28 07:30:45.217967 localhost kernel: pci 0000:00:07.0: [1af4:1003] type 00 class 0x078000 conventional PCI endpoint
May 28 07:30:45.218079 localhost kernel: pci 0000:00:07.0: BAR 0 [io  0xc0c0-0xc0ff]
May 28 07:30:45.218190 localhost kernel: pci 0000:00:07.0: BAR 1 [mem 0x81046000-0x81046fff]
May 28 07:30:45.218300 localhost kernel: pci 0000:00:07.0: BAR 4 [mem 0x800008000-0x80000bfff 64bit pref]
May 28 07:30:45.218422 localhost kernel: pci 0000:00:08.0: [1af4:1004] type 00 class 0x010000 conventional PCI endpoint
May 28 07:30:45.218535 localhost kernel: pci 0000:00:08.0: BAR 0 [io  0xc080-0xc0bf]
May 28 07:30:45.218651 localhost kernel: pci 0000:00:08.0: BAR 1 [mem 0x81045000-0x81045fff]
May 28 07:30:45.218762 localhost kernel: pci 0000:00:08.0: BAR 4 [mem 0x80000c000-0x80000ffff 64bit pref]
May 28 07:30:45.218882 localhost kernel: pci 0000:00:09.0: [1af4:1001] type 00 class 0x010000 conventional PCI endpoint
May 28 07:30:45.218993 localhost kernel: pci 0000:00:09.0: BAR 0 [io  0xc000-0xc07f]
May 28 07:30:45.219115 localhost kernel: pci 0000:00:09.0: BAR 1 [mem 0x81044000-0x81044fff]
May 28 07:30:45.219233 localhost kernel: pci 0000:00:09.0: BAR 4 [mem 0x800010000-0x800013fff 64bit pref]
May 28 07:30:45.219241 localhost kernel: ACPI: PCI: Interrupt link LNKA configured for IRQ 10
May 28 07:30:45.219247 localhost kernel: ACPI: PCI: Interrupt link LNKB configured for IRQ 10
May 28 07:30:45.219252 localhost kernel: ACPI: PCI: Interrupt link LNKC configured for IRQ 11
May 28 07:30:45.219257 localhost kernel: ACPI: PCI: Interrupt link LNKD configured for IRQ 11
May 28 07:30:45.219263 localhost kernel: ACPI: PCI: Interrupt link LNKS configured for IRQ 9
May 28 07:30:45.219268 localhost kernel: iommu: Default domain type: Passthrough
May 28 07:30:45.219273 localhost kernel: pps_core: LinuxPPS API ver. 1 registered
May 28 07:30:45.219278 localhost kernel: pps_core: Software ver. 5.3.6 - Copyright 2005-2007 Rodolfo Giometti <giometti@linux.it>
May 28 07:30:45.219284 localhost kernel: PTP clock support registered
May 28 07:30:45.219291 localhost kernel: EDAC MC: Ver: 3.0.0
May 28 07:30:45.219297 localhost kernel: efivars: Registered efivars operations
May 28 07:30:45.219302 localhost kernel: NetLabel: Initializing
May 28 07:30:45.219307 localhost kernel: NetLabel:  domain hash size = 128
May 28 07:30:45.219312 localhost kernel: NetLabel:  protocols = UNLABELED CIPSOv4 CALIPSO
May 28 07:30:45.219317 localhost kernel: NetLabel:  unlabeled traffic allowed by default
May 28 07:30:45.219324 localhost kernel: mctp: management component transport protocol core
May 28 07:30:45.219329 localhost kernel: NET: Registered PF_MCTP protocol family
May 28 07:30:45.219334 localhost kernel: PCI: Using ACPI for IRQ routing
May 28 07:30:45.219340 localhost kernel: PCI: pci_cache_line_size set to 64 bytes
May 28 07:30:45.219345 localhost kernel: e820: reserve RAM buffer [mem 0x0080b000-0x008fffff]
May 28 07:30:45.219350 localhost kernel: e820: reserve RAM buffer [mem 0x00810000-0x008fffff]
May 28 07:30:45.219355 localhost kernel: e820: reserve RAM buffer [mem 0x3e032018-0x3fffffff]
May 28 07:30:45.219360 localhost kernel: e820: reserve RAM buffer [mem 0x3e05b018-0x3fffffff]
May 28 07:30:45.219365 localhost kernel: e820: reserve RAM buffer [mem 0x3e0ec000-0x3fffffff]
May 28 07:30:45.219372 localhost kernel: e820: reserve RAM buffer [mem 0x3e748000-0x3fffffff]
May 28 07:30:45.219377 localhost kernel: e820: reserve RAM buffer [mem 0x3f8ef000-0x3fffffff]
May 28 07:30:45.219382 localhost kernel: e820: reserve RAM buffer [mem 0x3ff58000-0x3fffffff]
May 28 07:30:45.219496 localhost kernel: pci 0000:00:02.0: vgaarb: setting as boot VGA device
May 28 07:30:45.219607 localhost kernel: pci 0000:00:02.0: vgaarb: bridge control possible
May 28 07:30:45.219718 localhost kernel: pci 0000:00:02.0: vgaarb: VGA device added: decodes=io+mem,owns=io+mem,locks=none
May 28 07:30:45.219727 localhost kernel: vgaarb: loaded
May 28 07:30:45.219732 localhost kernel: hpet0: at MMIO 0xfed00000, IRQs 2, 8, 0
May 28 07:30:45.219737 localhost kernel: hpet0: 3 comparators, 64-bit 100.000000 MHz counter
May 28 07:30:45.219742 localhost kernel: clocksource: Switched to clocksource kvm-clock
May 28 07:30:45.219748 localhost kernel: VFS: Disk quotas dquot_6.6.0
May 28 07:30:45.219753 localhost kernel: VFS: Dquot-cache hash table entries: 512 (order 0, 4096 bytes)
May 28 07:30:45.219761 localhost kernel: pnp: PnP ACPI init
May 28 07:30:45.219886 localhost kernel: pnp 00:02: [dma 2]
May 28 07:30:45.219896 localhost kernel: pnp: PnP ACPI: found 6 devices
May 28 07:30:45.219901 localhost kernel: clocksource: acpi_pm: mask: 0xffffff max_cycles: 0xffffff, max_idle_ns: 2085701024 ns
May 28 07:30:45.219907 localhost kernel: NET: Registered PF_INET protocol family
May 28 07:30:45.219912 localhost kernel: IP idents hash table entries: 16384 (order: 5, 131072 bytes, linear)
May 28 07:30:45.219917 localhost kernel: tcp_listen_portaddr_hash hash table entries: 512 (order: 1, 8192 bytes, linear)
May 28 07:30:45.219922 localhost kernel: Table-perturb hash table entries: 65536 (order: 6, 262144 bytes, linear)
May 28 07:30:45.219928 localhost kernel: TCP established hash table entries: 8192 (order: 4, 65536 bytes, linear)
May 28 07:30:45.219933 localhost kernel: TCP bind hash table entries: 8192 (order: 6, 262144 bytes, linear)
May 28 07:30:45.219938 localhost kernel: TCP: Hash tables configured (established 8192 bind 8192)
May 28 07:30:45.219943 localhost kernel: MPTCP token hash table entries: 1024 (order: 2, 24576 bytes, linear)
May 28 07:30:45.219951 localhost kernel: UDP hash table entries: 512 (order: 2, 16384 bytes, linear)
May 28 07:30:45.219956 localhost kernel: UDP-Lite hash table entries: 512 (order: 2, 16384 bytes, linear)
May 28 07:30:45.219961 localhost kernel: NET: Registered PF_UNIX/PF_LOCAL protocol family
May 28 07:30:45.219966 localhost kernel: NET: Registered PF_XDP protocol family
May 28 07:30:45.220077 localhost kernel: pci 0000:00:04.0: ROM [mem 0xfffc0000-0xffffffff pref]: can't claim; no compatible bridge window
May 28 07:30:45.220188 localhost kernel: pci 0000:00:04.0: ROM [mem 0x40000000-0x4003ffff pref]: assigned
May 28 07:30:45.220293 localhost kernel: pci_bus 0000:00: resource 4 [io  0x0000-0x0cf7 window]
May 28 07:30:45.225385 localhost kernel: pci_bus 0000:00: resource 5 [io  0x0d00-0xffff window]
May 28 07:30:45.225512 localhost kernel: pci_bus 0000:00: resource 6 [mem 0x000a0000-0x000bffff window]
May 28 07:30:45.225620 localhost kernel: pci_bus 0000:00: resource 7 [mem 0x40000000-0xfebfffff window]
May 28 07:30:45.225729 localhost kernel: pci_bus 0000:00: resource 8 [mem 0x800000000-0x87fffffff window]
May 28 07:30:45.225830 localhost kernel: pci_bus 0000:00: resource 9 [mem 0xfed40000-0xfed44fff]
May 28 07:30:45.225942 localhost kernel: pci 0000:00:01.0: PIIX3: Enabling Passive Release
May 28 07:30:45.226054 localhost kernel: pci 0000:00:00.0: Limiting direct PCI/PCI transfers
May 28 07:30:45.226063 localhost kernel: ACPI: \_SB_.LNKB: Enabled at IRQ 10
May 28 07:30:45.226172 localhost kernel: pci 0000:00:06.0: quirk_usb_early_handoff+0x0/0x710 took 76353 usecs
May 28 07:30:45.226181 localhost kernel: PCI: CLS 0 bytes, default 64
May 28 07:30:45.226186 localhost kernel: clocksource: tsc: mask: 0xffffffffffffffff max_cycles: 0x1fb63109b96, max_idle_ns: 440795265316 ns
May 28 07:30:45.226192 localhost kernel: Trying to unpack rootfs image as initramfs...
May 28 07:30:45.226197 localhost kernel: Initialise system trusted keyrings
May 28 07:30:45.226202 localhost kernel: Key type blacklist registered
May 28 07:30:45.226210 localhost kernel: workingset: timestamp_bits=36 max_order=18 bucket_order=0
May 28 07:30:45.226215 localhost kernel: zbud: loaded
May 28 07:30:45.226221 localhost kernel: integrity: Platform Keyring initialized
May 28 07:30:45.226226 localhost kernel: integrity: Machine keyring initialized
May 28 07:30:45.226231 localhost kernel: Key type asymmetric registered
May 28 07:30:45.226236 localhost kernel: Asymmetric key parser 'x509' registered
May 28 07:30:45.226241 localhost kernel: Freeing initrd memory: 76848K
May 28 07:30:45.226246 localhost kernel: Block layer SCSI generic (bsg) driver version 0.4 loaded (major 247)
May 28 07:30:45.226252 localhost kernel: io scheduler mq-deadline registered
May 28 07:30:45.226257 localhost kernel: io scheduler kyber registered
May 28 07:30:45.226262 localhost kernel: io scheduler bfq registered
May 28 07:30:45.226267 localhost kernel: shpchp: Standard Hot Plug PCI Controller Driver version: 0.4
May 28 07:30:45.226274 localhost kernel: ACPI: \_SB_.LNKD: Enabled at IRQ 11
May 28 07:30:45.226280 localhost kernel: ACPI: \_SB_.LNKA: Enabled at IRQ 10
May 28 07:30:45.226285 localhost kernel: ACPI: \_SB_.LNKC: Enabled at IRQ 11
May 28 07:30:45.226290 localhost kernel: Serial: 8250/16550 driver, 32 ports, IRQ sharing enabled
May 28 07:30:45.226295 localhost kernel: 00:04: ttyS0 at I/O 0x3f8 (irq = 4, base_baud = 115200) is a 16550A
May 28 07:30:45.226300 localhost kernel: Non-volatile memory driver v1.3
May 28 07:30:45.226305 localhost kernel: Linux agpgart interface v0.103
May 28 07:30:45.226439 localhost kernel: tpm_tis MSFT0101:00: 2.0 TPM (device-id 0x1, rev-id 1)
May 28 07:30:45.226448 localhost kernel: ACPI: bus type drm_connector registered
May 28 07:30:45.226454 localhost kernel: i8042: PNP: PS/2 Controller [PNP0303:KBD,PNP0f13:MOU] at 0x60,0x64 irq 1,12
May 28 07:30:45.226459 localhost kernel: serio: i8042 KBD port at 0x60,0x64 irq 1
May 28 07:30:45.226467 localhost kernel: serio: i8042 AUX port at 0x60,0x64 irq 12
May 28 07:30:45.226473 localhost kernel: mousedev: PS/2 mouse device common for all mice
May 28 07:30:45.226478 localhost kernel: input: AT Translated Set 2 keyboard as /devices/platform/i8042/serio0/input/input0
May 28 07:30:45.226483 localhost kernel: input: VirtualPS/2 VMware VMMouse as /devices/platform/i8042/serio1/input/input3
May 28 07:30:45.226488 localhost kernel: input: VirtualPS/2 VMware VMMouse as /devices/platform/i8042/serio1/input/input2
May 28 07:30:45.226605 localhost kernel: rtc_cmos 00:05: RTC can wake from S4
May 28 07:30:45.226711 localhost kernel: rtc_cmos 00:05: registered as rtc0
May 28 07:30:45.226817 localhost kernel: rtc_cmos 00:05: setting system clock to 2024-05-28T07:30:44 UTC (1716881444)
May 28 07:30:45.226920 localhost kernel: rtc_cmos 00:05: alarms up to one day, y3k, 242 bytes nvram, hpet irqs
May 28 07:30:45.226928 localhost kernel: amd_pstate: the _CPC object is not present in SBIOS or ACPI disabled
May 28 07:30:45.226933 localhost kernel: ledtrig-cpu: registered to indicate activity on CPUs
May 28 07:30:45.226941 localhost kernel: [drm] Initialized simpledrm 1.0.0 20200625 for simple-framebuffer.0 on minor 0
May 28 07:30:45.226946 localhost kernel: Console: switching to colour frame buffer device 128x48
May 28 07:30:45.230444 localhost kernel: simple-framebuffer simple-framebuffer.0: [drm] fb0: simpledrmdrmfb frame buffer device
May 28 07:30:45.230456 localhost kernel: hid: raw HID events driver (C) Jiri Kosina
May 28 07:30:45.230462 localhost kernel: drop_monitor: Initializing network drop monitor service
May 28 07:30:45.230468 localhost kernel: NET: Registered PF_INET6 protocol family
May 28 07:30:45.230473 localhost kernel: Segment Routing with IPv6
May 28 07:30:45.230478 localhost kernel: RPL Segment Routing with IPv6
May 28 07:30:45.230483 localhost kernel: In-situ OAM (IOAM) with IPv6
May 28 07:30:45.230488 localhost kernel: IPI shorthand broadcast: enabled
May 28 07:30:45.230494 localhost kernel: sched_clock: Marking stable (750003366, -1001572)->(776309733, -27307939)
May 28 07:30:45.230502 localhost kernel: registered taskstats version 1
May 28 07:30:45.230508 localhost kernel: Loading compiled-in X.509 certificates
May 28 07:30:45.230513 localhost kernel: Loaded X.509 cert 'openSUSE Secure Boot Signkey: fd9f2c12e599d67cc7f9067541adf426b712469e'
May 28 07:30:45.230518 localhost kernel: page_owner is disabled
May 28 07:30:45.230523 localhost kernel: Key type .fscrypt registered
May 28 07:30:45.230529 localhost kernel: Key type fscrypt-provisioning registered
May 28 07:30:45.230534 localhost kernel: Key type encrypted registered
May 28 07:30:45.230539 localhost kernel: integrity: Loading X.509 certificate: UEFI:db
May 28 07:30:45.230545 localhost kernel: integrity: Loaded X.509 cert 'Microsoft Windows Production PCA 2011: a92902398e16c49778cd90f99e4f9ae17c55af53'
May 28 07:30:45.230550 localhost kernel: integrity: Loading X.509 certificate: UEFI:db
May 28 07:30:45.230555 localhost kernel: integrity: Loaded X.509 cert 'Microsoft Corporation UEFI CA 2011: 13adbf4309bd82709c8cd54f316ed522988a1bd4'
May 28 07:30:45.230562 localhost kernel: integrity: Loading X.509 certificate: UEFI:MokListRT (MOKvar table)
May 28 07:30:45.230568 localhost kernel: integrity: Loaded X.509 cert 'openSUSE Secure Boot CA: 6842600de22c4c477e95be23dfea9513e5971762'
May 28 07:30:45.230573 localhost kernel: Loading compiled-in module X.509 certificates
May 28 07:30:45.230578 localhost kernel: Loaded X.509 cert 'openSUSE Secure Boot Signkey: fd9f2c12e599d67cc7f9067541adf426b712469e'
May 28 07:30:45.230584 localhost kernel: ima: Allocated hash algorithm: sha256
May 28 07:30:45.230589 localhost kernel: audit: type=1807 audit(1716881444.563:2): action=measure func=KEXEC_KERNEL_CHECK res=1
May 28 07:30:45.230594 localhost kernel: audit: type=1807 audit(1716881444.563:3): action=measure func=MODULE_CHECK res=1
May 28 07:30:45.230599 localhost kernel: evm: Initialising EVM extended attributes:
May 28 07:30:45.230605 localhost kernel: evm: security.selinux
May 28 07:30:45.230610 localhost kernel: evm: security.SMACK64 (disabled)
May 28 07:30:45.230615 localhost kernel: evm: security.SMACK64EXEC (disabled)
May 28 07:30:45.230620 localhost kernel: evm: security.SMACK64TRANSMUTE (disabled)
May 28 07:30:45.230627 localhost kernel: evm: security.SMACK64MMAP (disabled)
May 28 07:30:45.230632 localhost kernel: evm: security.apparmor
May 28 07:30:45.230637 localhost kernel: evm: security.ima
May 28 07:30:45.230643 localhost kernel: evm: security.capability
May 28 07:30:45.230648 localhost kernel: evm: HMAC attrs: 0x1
May 28 07:30:45.230653 localhost kernel: PM:   Magic number: 8:317:522
May 28 07:30:45.230658 localhost kernel: RAS: Correctable Errors collector initialized.
May 28 07:30:45.230664 localhost kernel: Lockdown: swapper/0: hibernation is restricted; see man kernel_lockdown.7
May 28 07:30:45.230669 localhost kernel: clk: Disabling unused clocks
May 28 07:30:45.230674 localhost kernel: PM: genpd: Disabling unused power domains
May 28 07:30:45.230679 localhost kernel: Freeing unused decrypted memory: 2028K
May 28 07:30:45.230684 localhost kernel: Freeing unused kernel image (initmem) memory: 4224K
May 28 07:30:45.230691 localhost kernel: Write protecting the kernel read-only data: 30720k
May 28 07:30:45.230696 localhost kernel: Freeing unused kernel image (rodata/data gap) memory: 1316K
May 28 07:30:45.230701 localhost kernel: Run /init as init process
May 28 07:30:45.230706 localhost kernel:   with arguments:
May 28 07:30:45.230711 localhost kernel:     /init
May 28 07:30:45.230717 localhost kernel:   with environment:
May 28 07:30:45.230722 localhost kernel:     HOME=/
May 28 07:30:45.230727 localhost kernel:     TERM=linux
May 28 07:30:45.230734 localhost systemd[1]: systemd 255.6+suse.30.g3ea0e1dff3 running in system mode (+PAM +AUDIT +SELINUX +APPARMOR +IMA -SMACK +SECCOMP +GCRYPT +GNUTLS +OPENSSL +ACL +BLKID +CURL +ELFUTILS +FIDO2 +IDN2 -IDN +IPTC +KMOD +LIBCRYPTSETUP +LIBFDISK +PCRE2 +PWQUALITY +P11KIT +QRENCODE +TPM2 +BZIP2 +LZ4 +XZ +ZLIB +ZSTD +BPF_FRAMEWORK -XKBCOMMON -UTMP +SYSVINIT default-hierarchy=unified)
May 28 07:30:45.230741 localhost systemd[1]: Detected virtualization kvm.
May 28 07:30:45.230749 localhost systemd[1]: Detected architecture x86-64.
May 28 07:30:45.230755 localhost systemd[1]: Running in initrd.
May 28 07:30:45.230761 localhost systemd[1]: No hostname configured, using default hostname.
May 28 07:30:45.230766 localhost systemd[1]: Hostname set to <localhost>.
May 28 07:30:45.230772 localhost systemd[1]: Initializing machine ID from random generator.
May 28 07:30:45.230778 localhost systemd[1]: bpf-lsm: LSM BPF program attached
May 28 07:30:45.230784 localhost systemd[1]: Queued start job for default target Initrd Default Target.
May 28 07:30:45.230789 localhost systemd[1]: Started Dispatch Password Requests to Console Directory Watch.
May 28 07:30:45.230795 localhost systemd[1]: Expecting device /dev/disk/by-uuid/8e1db0e5-66e2-4309-9280-394cf494d447...
May 28 07:30:45.230801 localhost systemd[1]: Reached target Local Encrypted Volumes.
May 28 07:30:45.230806 localhost systemd[1]: Reached target Initrd /usr File System.
May 28 07:30:45.230812 localhost systemd[1]: Reached target Path Units.
May 28 07:30:45.230820 localhost systemd[1]: Reached target Slice Units.
May 28 07:30:45.230826 localhost systemd[1]: Reached target Swaps.
May 28 07:30:45.230831 localhost systemd[1]: Reached target Timer Units.
May 28 07:30:45.230837 localhost systemd[1]: Listening on D-Bus System Message Bus Socket.
May 28 07:30:45.230842 localhost systemd[1]: Listening on Journal Socket (/dev/log).
May 28 07:30:45.230848 localhost systemd[1]: Listening on Journal Socket.
May 28 07:30:45.230853 localhost systemd[1]: Listening on udev Control Socket.
May 28 07:30:45.230859 localhost systemd[1]: Listening on udev Kernel Socket.
May 28 07:30:45.230864 localhost systemd[1]: Reached target Socket Units.
May 28 07:30:45.230870 localhost systemd[1]: Starting Create List of Static Device Nodes...
May 28 07:30:45.230877 localhost systemd[1]: Starting Journal Service...
May 28 07:30:45.230882 localhost systemd[1]: Load Kernel Modules was skipped because no trigger condition checks were met.
May 28 07:30:45.230888 localhost systemd[1]: Starting Apply Kernel Variables...
May 28 07:30:45.230893 localhost systemd[1]: Starting Virtual Console Setup...
May 28 07:30:45.230899 localhost systemd[1]: Finished Create List of Static Device Nodes.
May 28 07:30:45.230905 localhost systemd[1]: Starting Create Static Device Nodes in /dev gracefully...
May 28 07:30:45.230910 localhost systemd[1]: Finished Apply Kernel Variables.
May 28 07:30:45.230936 localhost systemd-journald[174]: Collecting audit messages is disabled.
May 28 07:30:45.230955 localhost systemd[1]: Finished Create Static Device Nodes in /dev gracefully.
May 28 07:30:45.230961 localhost systemd[1]: Starting Create Static Device Nodes in /dev...
May 28 07:30:45.230966 localhost systemd[1]: Finished Create Static Device Nodes in /dev.
May 28 07:30:45.230972 localhost systemd[1]: Reached target Preparation for Local File Systems.
May 28 07:30:45.230978 localhost systemd[1]: Reached target Local File Systems.
May 28 07:30:45.230984 localhost systemd-journald[174]: Journal started
May 28 07:30:45.230998 localhost systemd-journald[174]: Runtime Journal (/run/log/journal/406d84db5169404ca01ab2bf00d44310) is 2.4M, max 19.2M, 16.8M free.
May 28 07:30:45.233768 localhost systemd[1]: Started Journal Service.
May 28 07:30:45.247214 localhost systemd[1]: Starting Create Volatile Files and Directories...
May 28 07:30:45.259522 localhost systemd[1]: Finished Create Volatile Files and Directories.
May 28 07:30:45.265463 localhost systemd[1]: Finished Virtual Console Setup.
May 28 07:30:45.273979 localhost systemd[1]: Starting dracut ask for additional cmdline parameters...
May 28 07:30:45.291011 localhost systemd[1]: Finished dracut ask for additional cmdline parameters.
May 28 07:30:45.300598 localhost systemd[1]: Starting dracut cmdline hook...
May 28 07:30:45.310805 localhost dracut-cmdline[210]: dracut-059+suse.588.g528264be-1.1
May 28 07:30:45.313633 localhost dracut-cmdline[210]: Using kernel command line parameters:  rd.driver.pre=btrfs rd.driver.pre=overlay   initrd=\opensuse-microos\6.9.1-1-default\initrd-684b272fb55f1cef9c0172c83fed01af3ec0d511 quiet systemd.show_status=yes console=ttyS0,115200 console=tty0 ignition.platform.id=qemu security=selinux selinux=1 root=UUID=8e1db0e5-66e2-4309-9280-394cf494d447 rootflags=subvol=@/.snapshots/1/snapshot
May 28 07:30:45.399120 localhost systemd[1]: Finished dracut cmdline hook.
May 28 07:30:45.407182 localhost systemd[1]: Starting dracut pre-udev hook...
May 28 07:30:45.427073 localhost kernel: device-mapper: uevent: version 1.0.3
May 28 07:30:45.427094 localhost kernel: device-mapper: ioctl: 4.48.0-ioctl (2023-03-01) initialised: dm-devel@lists.linux.dev
May 28 07:30:45.667206 localhost kernel: raid6: avx2x4   gen() 33403 MB/s
May 28 07:30:45.667234 localhost kernel: raid6: avx2x2   gen() 33299 MB/s
May 28 07:30:45.667249 localhost kernel: raid6: avx2x1   gen() 26532 MB/s
May 28 07:30:45.667256 localhost kernel: raid6: using algorithm avx2x4 gen() 33403 MB/s
May 28 07:30:45.667264 localhost kernel: raid6: .... xor() 5351 MB/s, rmw enabled
May 28 07:30:45.667271 localhost kernel: raid6: using avx2x2 recovery algorithm
May 28 07:30:45.670429 localhost kernel: xor: automatically using best checksumming function   avx       
May 28 07:30:45.787062 localhost kernel: Btrfs loaded, assert=on, zoned=yes, fsverity=yes
May 28 07:30:45.804197 localhost systemd[1]: Finished dracut pre-udev hook.
May 28 07:30:45.813939 localhost systemd[1]: Starting Rule-based Manager for Device Events and Files...
May 28 07:30:45.825904 localhost systemd-udevd[373]: Using default interface naming scheme 'v255'.
May 28 07:30:45.829267 localhost systemd[1]: Started Rule-based Manager for Device Events and Files.
May 28 07:30:45.840529 localhost systemd[1]: Starting dracut pre-trigger hook...
May 28 07:30:45.851314 localhost dracut-pre-trigger[374]: rd.md=0: removing MD RAID activation
May 28 07:30:45.877603 localhost systemd[1]: Finished dracut pre-trigger hook.
May 28 07:30:45.884064 localhost systemd[1]: Starting Coldplug All udev Devices...
May 28 07:30:46.002055 localhost systemd[1]: Finished Coldplug All udev Devices.
May 28 07:30:46.097435 localhost kernel: virtio_blk virtio4: 1/0/0 default/read/poll queues
May 28 07:30:46.097908 localhost kernel: virtio_blk virtio4: [vda] 62914560 512-byte logical blocks (32.2 GB/30.0 GiB)
May 28 07:30:46.137904 localhost kernel: SCSI subsystem initialized
May 28 07:30:46.148784 localhost kernel: FDC 0 is a S82078B
May 28 07:30:46.174534 localhost kernel: cryptd: max_cpu_qlen set to 1000
May 28 07:30:46.200427 localhost kernel: AVX2 version of gcm_enc/dec engaged.
May 28 07:30:46.200450 localhost kernel: AES CTR mode by8 optimization enabled
May 28 07:30:46.199950 localhost systemd[1]: systemd-vconsole-setup.service: Deactivated successfully.
May 28 07:30:46.200115 localhost systemd[1]: Stopped Virtual Console Setup.
May 28 07:30:46.200231 localhost systemd[1]: Stopping Virtual Console Setup...
May 28 07:30:46.229758 localhost kernel: virtio_scsi virtio3: 1/0/0 default/read/poll queues
May 28 07:30:46.230047 localhost kernel: scsi host0: Virtio SCSI HBA
May 28 07:30:46.244508 localhost kernel: ACPI: bus type USB registered
May 28 07:30:46.244540 localhost kernel: usbcore: registered new interface driver usbfs
May 28 07:30:46.244555 localhost kernel: usbcore: registered new interface driver hub
May 28 07:30:46.244568 localhost kernel: usbcore: registered new device driver usb
May 28 07:30:46.246162 localhost systemd[1]: Starting Virtual Console Setup...
May 28 07:30:46.257788 localhost kernel: virtio_net virtio0 ens4: renamed from eth0
May 28 07:30:46.267128 localhost kernel: libata version 3.00 loaded.
May 28 07:30:46.286156 localhost kernel: ata_piix 0000:00:01.1: version 2.13
May 28 07:30:46.287916 localhost kernel: GPT:Primary header thinks Alt. header is not at the end of the disk.
May 28 07:30:46.287936 localhost kernel: GPT:41943039 != 62914559
May 28 07:30:46.287945 localhost kernel: GPT:Alternate GPT header not at the end of the disk.
May 28 07:30:46.287953 localhost kernel: GPT:41943039 != 62914559
May 28 07:30:46.287959 localhost kernel: GPT: Use GNU Parted to correct GPT errors.
May 28 07:30:46.287967 localhost kernel:  vda: vda1 vda2 vda3
May 28 07:30:46.300392 localhost kernel: scsi host1: ata_piix
May 28 07:30:46.300561 localhost kernel: scsi host2: ata_piix
May 28 07:30:46.307060 localhost kernel: ata1: PATA max MWDMA2 cmd 0x1f0 ctl 0x3f6 bmdma 0xc140 irq 14 lpm-pol 0
May 28 07:30:46.307084 localhost kernel: ata2: PATA max MWDMA2 cmd 0x170 ctl 0x376 bmdma 0xc148 irq 15 lpm-pol 0
May 28 07:30:46.399006 localhost systemd[1]: Found device /dev/disk/by-uuid/8e1db0e5-66e2-4309-9280-394cf494d447.
May 28 07:30:46.407348 localhost systemd[1]: Reached target Initrd Root Device.
May 28 07:30:46.420494 localhost systemd[1]: Starting Detect Firstboot...
May 28 07:30:46.455709 localhost systemd[1]: Finished Virtual Console Setup.
May 28 07:30:46.460473 localhost kernel: ata2: found unknown device (class 0)
May 28 07:30:46.460493 localhost kernel: ata2.00: ATAPI: QEMU DVD-ROM, 2.5+, max UDMA/100
May 28 07:30:46.460502 localhost kernel: scsi 2:0:0:0: CD-ROM            QEMU     QEMU DVD-ROM     2.5+ PQ: 0 ANSI: 5
May 28 07:30:46.461006 localhost systemd[1]: Reached target System Initialization.
May 28 07:30:46.462239 localhost systemd[1]: Reached target Basic System.
May 28 07:30:46.477398 localhost kernel: xhci_hcd 0000:00:06.0: xHCI Host Controller
May 28 07:30:46.477585 localhost kernel: xhci_hcd 0000:00:06.0: new USB bus registered, assigned bus number 1
May 28 07:30:46.477722 localhost kernel: xhci_hcd 0000:00:06.0: hcc params 0x00087001 hci version 0x100 quirks 0x0000000000000010
May 28 07:30:46.477850 localhost kernel: xhci_hcd 0000:00:06.0: xHCI Host Controller
May 28 07:30:46.477973 localhost kernel: xhci_hcd 0000:00:06.0: new USB bus registered, assigned bus number 2
May 28 07:30:46.478102 localhost kernel: xhci_hcd 0000:00:06.0: Host supports USB 3.0 SuperSpeed
May 28 07:30:46.478227 localhost kernel: usb usb1: New USB device found, idVendor=1d6b, idProduct=0002, bcdDevice= 6.09
May 28 07:30:46.478366 localhost kernel: usb usb1: New USB device strings: Mfr=3, Product=2, SerialNumber=1
May 28 07:30:46.478481 localhost kernel: usb usb1: Product: xHCI Host Controller
May 28 07:30:46.478595 localhost kernel: usb usb1: Manufacturer: Linux 6.9.1-1-default xhci-hcd
May 28 07:30:46.478706 localhost kernel: usb usb1: SerialNumber: 0000:00:06.0
May 28 07:30:46.478822 localhost kernel: hub 1-0:1.0: USB hub found
May 28 07:30:46.478969 localhost kernel: hub 1-0:1.0: 4 ports detected
May 28 07:30:46.479098 localhost kernel: usb usb2: We don't know the algorithms for LPM for this host, disabling LPM.
May 28 07:30:46.479243 localhost kernel: usb usb2: New USB device found, idVendor=1d6b, idProduct=0003, bcdDevice= 6.09
May 28 07:30:46.479364 localhost kernel: usb usb2: New USB device strings: Mfr=3, Product=2, SerialNumber=1
May 28 07:30:46.479477 localhost kernel: usb usb2: Product: xHCI Host Controller
May 28 07:30:46.479593 localhost kernel: usb usb2: Manufacturer: Linux 6.9.1-1-default xhci-hcd
May 28 07:30:46.479703 localhost kernel: usb usb2: SerialNumber: 0000:00:06.0
May 28 07:30:46.479812 localhost kernel: hub 2-0:1.0: USB hub found
May 28 07:30:46.479949 localhost kernel: hub 2-0:1.0: 4 ports detected
May 28 07:30:46.483757 localhost kernel: BTRFS: device label ROOT devid 1 transid 11 /dev/vda3 (253:3) scanned by mount (484)
May 28 07:30:46.483781 localhost kernel: BTRFS info (device vda3): first mount of filesystem 8e1db0e5-66e2-4309-9280-394cf494d447
May 28 07:30:46.483790 localhost kernel: BTRFS info (device vda3): using crc32c (crc32c-intel) checksum algorithm
May 28 07:30:46.483797 localhost kernel: BTRFS info (device vda3): using free-space-tree
May 28 07:30:46.490851 localhost kernel: scsi 2:0:0:0: Attached scsi generic sg0 type 5
May 28 07:30:46.532844 localhost firstboot-detect[478]: Firstboot detected
May 28 07:30:46.533786 localhost kernel: sr 2:0:0:0: [sr0] scsi3-mmc drive: 4x/4x cd/rw xa/form2 tray
May 28 07:30:46.533956 localhost kernel: cdrom: Uniform CD-ROM driver Revision: 3.20
May 28 07:30:46.538944 localhost systemd[1]: Reloading requested from client PID 535 ('systemctl') (unit firstboot-detect.service)...
May 28 07:30:46.538994 localhost systemd[1]: Reloading...
May 28 07:30:46.550399 localhost kernel: sr 2:0:0:0: Attached scsi CD-ROM sr0
May 28 07:30:46.688388 localhost systemd[1]: Reloading finished in 149 ms.
May 28 07:30:46.704247 localhost systemd[1]: Expecting device /dev/combustion/config...
May 28 07:30:46.713733 localhost kernel: BTRFS info (device vda3): last unmount of filesystem 8e1db0e5-66e2-4309-9280-394cf494d447
May 28 07:30:46.714716 localhost systemd[1]: firstboot-detect.service: Deactivated successfully.
May 28 07:30:46.714914 localhost systemd[1]: Finished Detect Firstboot.
May 28 07:30:46.727277 localhost kernel: usb 1-1: new high-speed USB device number 2 using xhci_hcd
May 28 07:30:46.867067 localhost kernel: usb 1-1: New USB device found, idVendor=0627, idProduct=0001, bcdDevice= 0.00
May 28 07:30:46.867322 localhost kernel: usb 1-1: New USB device strings: Mfr=1, Product=3, SerialNumber=10
May 28 07:30:46.867531 localhost kernel: usb 1-1: Product: QEMU USB Tablet
May 28 07:30:46.867748 localhost kernel: usb 1-1: Manufacturer: QEMU
May 28 07:30:46.867945 localhost kernel: usb 1-1: SerialNumber: 28754-0000:00:06.0-1
May 28 07:30:46.875824 localhost kernel: usbcore: registered new interface driver usbhid
May 28 07:30:46.875845 localhost kernel: usbhid: USB HID core driver
May 28 07:30:46.875854 localhost kernel: input: QEMU QEMU USB Tablet as /devices/pci0000:00/0000:00:06.0/usb1/1-1/1-1:1.0/0003:0627:0001.0001/input/input4
May 28 07:30:46.875862 localhost kernel: hid-generic 0003:0627:0001.0001: input,hidraw0: USB HID v0.01 Mouse [QEMU QEMU USB Tablet] on usb-0000:00:06.0-1/input0
May 28 07:30:56.904740 localhost systemd[1]: dev-combustion-config.device: Job dev-combustion-config.device/start timed out.
May 28 07:30:56.904757 localhost systemd[1]: Timed out waiting for device /dev/combustion/config.
May 28 07:30:56.904873 localhost systemd[1]: dev-combustion-config.device: Job dev-combustion-config.device/start failed with result 'timeout'.
May 28 07:30:56.917241 localhost systemd[1]: Starting Combustion (preparations)...
May 28 07:30:56.926243 localhost combustion[577]: No config source found
May 28 07:30:56.927528 localhost systemd[1]: combustion-prepare.service: Deactivated successfully.
May 28 07:30:56.927731 localhost systemd[1]: Finished Combustion (preparations).
May 28 07:30:56.928150 localhost systemd[1]: nm-initrd.service was skipped because of an unmet condition check (ConditionPathExists=/run/NetworkManager/initrd/neednet).
May 28 07:30:56.928169 localhost systemd[1]: Reached target Network.
May 28 07:30:56.940508 localhost systemd[1]: Starting Combustion...
May 28 07:30:56.940895 localhost systemd[1]: nm-wait-online-initrd.service was skipped because of an unmet condition check (ConditionPathExists=/run/NetworkManager/initrd/neednet).
May 28 07:30:56.947706 localhost systemd[1]: Starting dracut initqueue hook...
May 28 07:30:56.979317 localhost systemd[1]: Finished dracut initqueue hook.
May 28 07:30:56.980847 localhost systemd[1]: Reached target Preparation for Remote File Systems.
May 28 07:30:56.981847 localhost systemd[1]: Reached target Remote Encrypted Volumes.
May 28 07:30:56.982546 localhost systemd[1]: Reached target Remote File Systems.
May 28 07:30:56.993877 localhost systemd[1]: Starting dracut pre-mount hook...
May 28 07:30:57.004971 localhost systemd[1]: Finished dracut pre-mount hook.
May 28 07:30:57.017304 localhost systemd[1]: Starting File System Check on /dev/disk/by-uuid/8e1db0e5-66e2-4309-9280-394cf494d447...
May 28 07:30:57.031785 localhost systemd[1]: Finished File System Check on /dev/disk/by-uuid/8e1db0e5-66e2-4309-9280-394cf494d447.
May 28 07:30:57.040577 localhost systemd[1]: Mounting /sysroot...
May 28 07:30:57.050394 localhost kernel: BTRFS: device label ROOT devid 1 transid 13 /dev/vda3 (253:3) scanned by mount (612)
May 28 07:30:57.050417 localhost kernel: BTRFS info (device vda3): first mount of filesystem 8e1db0e5-66e2-4309-9280-394cf494d447
May 28 07:30:57.050426 localhost kernel: BTRFS info (device vda3): using crc32c (crc32c-intel) checksum algorithm
May 28 07:30:57.050434 localhost kernel: BTRFS info (device vda3): using free-space-tree
May 28 07:30:57.056123 localhost systemd[1]: Mounted /sysroot.
May 28 07:30:57.057968 localhost systemd[1]: combustion.service: Deactivated successfully.
May 28 07:30:57.058154 localhost systemd[1]: Finished Combustion.
May 28 07:30:57.060707 localhost systemd[1]: Reached target Initrd Firstboot.
May 28 07:30:57.061994 localhost systemd[1]: Reached target Initrd Root File System.
May 28 07:30:57.070553 localhost systemd[1]: Starting Encrypt root disk...
May 28 07:30:57.097694 localhost systemd[1]: Received SIGRTMIN+21 from PID 631 (disk-encryption).
May 28 07:30:58.055164 localhost systemd[1]: sysroot-var.mount: Deactivated successfully.
May 28 07:31:07.134331 localhost kernel: BTRFS info (device vda3): resize device /dev/vda3 (devid 1) from 20947382272 to 3796893696
May 28 07:31:07.134492 localhost systemd[1]: sysroot.mount: Deactivated successfully.
May 28 07:31:07.137080 localhost kernel: BTRFS info (device vda3): last unmount of filesystem 8e1db0e5-66e2-4309-9280-394cf494d447
May 28 07:31:07.419932 localhost systemd[1]: systemd-fsck-root.service: Deactivated successfully.
May 28 07:31:07.420018 localhost systemd[1]: Stopped File System Check on /dev/disk/by-uuid/8e1db0e5-66e2-4309-9280-394cf494d447.
May 28 07:31:07.423912 localhost kernel:  vda: vda1 vda2 vda3
May 28 07:31:16.364262 localhost kernel: Key type trusted registered
May 28 07:31:20.343758 localhost kernel: async_tx: api initialized (async)
May 28 07:31:39.200418 localhost kernel: BTRFS: device label ROOT devid 1 transid 15 /dev/mapper/cr_root (254:0) scanned by mount (3458)
May 28 07:31:39.200465 localhost kernel: BTRFS info (device dm-0): first mount of filesystem 8e1db0e5-66e2-4309-9280-394cf494d447
May 28 07:31:39.200475 localhost kernel: BTRFS info (device dm-0): using crc32c (crc32c-intel) checksum algorithm
May 28 07:31:39.200483 localhost kernel: BTRFS info (device dm-0): using free-space-tree
May 28 07:31:39.210423 localhost kernel: BTRFS info (device dm-0): resize device /dev/mapper/cr_root (devid 1) from 3796893696 to 31668023296
May 28 07:31:39.293989 localhost kernel: BTRFS info (device dm-0): last unmount of filesystem 8e1db0e5-66e2-4309-9280-394cf494d447
May 28 07:31:39.297168 localhost kernel: BTRFS: device label ROOT devid 1 transid 20 /dev/mapper/cr_root (254:0) scanned by mount (3511)
May 28 07:31:39.297190 localhost kernel: BTRFS info (device dm-0): first mount of filesystem 8e1db0e5-66e2-4309-9280-394cf494d447
May 28 07:31:39.297200 localhost kernel: BTRFS info (device dm-0): using crc32c (crc32c-intel) checksum algorithm
May 28 07:31:39.297207 localhost kernel: BTRFS info (device dm-0): using free-space-tree
May 28 07:31:39.301526 localhost systemd[1]: Received SIGRTMIN+20 from PID 631 (disk-encryption).
May 28 07:31:39.302343 localhost systemd[1]: disk-encryption-tool-dracut.service: Deactivated successfully.
May 28 07:31:39.302496 localhost systemd[1]: Finished Encrypt root disk.
May 28 07:31:39.303083 localhost systemd[1]: disk-encryption-tool-dracut.service: Consumed 16.838s CPU time.
May 28 07:31:39.310573 localhost systemd[1]: Starting Mountpoints Configured in the Real Root...
May 28 07:31:39.315274 localhost systemd-sysroot-fstab-check[3529]: /sysroot/root should be mounted in the initrd, will request daemon-reload.
May 28 07:31:39.316862 localhost systemd[1]: Reloading requested from client PID 3529 ('systemd-fstab-g') (unit initrd-parse-etc.service)...
May 28 07:31:39.316905 localhost systemd[1]: Reloading...
May 28 07:31:39.457486 localhost systemd[1]: sysroot-run.mount: Deactivated successfully.
May 28 07:31:39.457614 localhost systemd[1]: sysroot-dev.mount: Deactivated successfully.
May 28 07:31:39.457740 localhost systemd[1]: sysroot-sys.mount: Deactivated successfully.
May 28 07:31:39.457816 localhost systemd[1]: sysroot-proc.mount: Deactivated successfully.
May 28 07:31:39.457911 localhost systemd[1]: Reloading finished in 140 ms.
May 28 07:31:39.461992 localhost systemd-sysroot-fstab-check[3529]: Requesting initrd-fs.target/start/replace...
May 28 07:31:39.462253 localhost systemd-sysroot-fstab-check[3529]: Requesting swap.target/start/replace...
May 28 07:31:39.477954 localhost systemd[1]: initrd-parse-etc.service: Deactivated successfully.
May 28 07:31:39.478158 localhost systemd[1]: Finished Mountpoints Configured in the Real Root.
May 28 07:31:39.497152 localhost systemd[1]: Starting dracut mount hook...
May 28 07:31:39.510638 localhost systemd[1]: Finished dracut mount hook.
May 28 07:31:40.220460 localhost systemd[1]: Mounting /sysroot/root...
May 28 07:31:40.227139 localhost systemd[1]: Mounting /sysroot/var...
May 28 07:31:40.231521 localhost systemd[1]: Mounted /sysroot/root.
May 28 07:31:40.236967 localhost systemd[1]: Mounted /sysroot/var.
May 28 07:31:40.238016 localhost systemd[1]: sysroot-etc.mount: Directory /sysroot/etc to mount over is not empty, mounting anyway.
May 28 07:31:40.247117 localhost systemd[1]: Mounting /sysroot/etc...
May 28 07:31:40.252030 localhost systemd[1]: Mounted /sysroot/etc.
May 28 07:31:40.253688 localhost systemd[1]: Reached target Initrd File Systems.
May 28 07:31:40.254996 localhost systemd[1]: Reached target Initrd Default Target.
May 28 07:31:40.263873 localhost systemd[1]: Starting dracut pre-pivot and cleanup hook...
May 28 07:31:40.273168 localhost dracut-pre-pivot[3581]: SELinux: relabeling root filesystem
May 28 07:31:40.281203 localhost dracut-pre-pivot[3581]: SELinux: mount root read-write and relabel
May 28 07:31:45.017059 localhost kernel: evm: overlay not supported
May 28 07:31:45.113136 localhost systemd[1]: sysroot\x2dselinux-dev-pts.mount: Deactivated successfully.
May 28 07:31:45.115481 localhost systemd[1]: sysroot\x2dselinux-dev-shm.mount: Deactivated successfully.
May 28 07:31:45.116934 localhost systemd[1]: sysroot\x2dselinux-dev.mount: Deactivated successfully.
May 28 07:31:45.117142 localhost systemd[1]: sysroot\x2dselinux-sys-fs-bpf.mount: Deactivated successfully.
May 28 07:31:45.118096 localhost systemd[1]: sysroot\x2dselinux-sys-firmware-efi-efivars.mount: Deactivated successfully.
May 28 07:31:45.120284 localhost systemd[1]: sysroot\x2dselinux-sys-fs-pstore.mount: Deactivated successfully.
May 28 07:31:45.120345 localhost systemd[1]: sysroot\x2dselinux-sys-fs-cgroup.mount: Deactivated successfully.
May 28 07:31:45.120456 localhost systemd[1]: sysroot\x2dselinux-sys-kernel-security.mount: Deactivated successfully.
May 28 07:31:45.120535 localhost systemd[1]: sysroot\x2dselinux-sys.mount: Deactivated successfully.
May 28 07:31:45.120592 localhost systemd[1]: sysroot\x2dselinux-proc.mount: Deactivated successfully.
May 28 07:31:45.120645 localhost systemd[1]: sysroot\x2dselinux-etc.mount: Deactivated successfully.
May 28 07:31:45.120695 localhost systemd[1]: sysroot\x2dselinux-var.mount: Deactivated successfully.
May 28 07:31:45.120747 localhost systemd[1]: sysroot\x2dselinux-root.mount: Deactivated successfully.
May 28 07:31:45.121720 localhost systemd[1]: sysroot\x2dselinux.mount: Deactivated successfully.
May 28 07:31:45.128388 localhost systemd[1]: Finished dracut pre-pivot and cleanup hook.
May 28 07:31:45.131686 localhost systemd[1]: transactional-update /etc overlay cleaner was skipped because of an unmet condition check (ConditionPathExists=/sysroot/var/lib/overlay/transactional-update.newsnapshot).
May 28 07:31:45.143874 localhost systemd[1]: Starting Cleaning Up and Shutting Down Daemons...
May 28 07:31:45.151801 localhost systemd[1]: Stopped target Network.
May 28 07:31:45.154978 localhost systemd[1]: Stopped target Remote Encrypted Volumes.
May 28 07:31:45.155738 localhost systemd[1]: Stopped target Timer Units.
May 28 07:31:45.156404 localhost systemd[1]: dbus.socket: Deactivated successfully.
May 28 07:31:45.156572 localhost systemd[1]: Closed D-Bus System Message Bus Socket.
May 28 07:31:45.157294 localhost systemd[1]: dracut-pre-pivot.service: Deactivated successfully.
May 28 07:31:45.157470 localhost systemd[1]: Stopped dracut pre-pivot and cleanup hook.
May 28 07:31:45.158171 localhost systemd[1]: dracut-pre-pivot.service: Consumed 4.679s CPU time.
May 28 07:31:45.158353 localhost systemd[1]: Stopped target Initrd Default Target.
May 28 07:31:45.159057 localhost systemd[1]: Stopped target Basic System.
May 28 07:31:45.160698 localhost systemd[1]: Stopped target Initrd Firstboot.
May 28 07:31:45.160989 localhost systemd[1]: Stopped target Initrd Root Device.
May 28 07:31:45.161269 localhost systemd[1]: Stopped target Initrd /usr File System.
May 28 07:31:45.161549 localhost systemd[1]: Stopped target Path Units.
May 28 07:31:45.161828 localhost systemd[1]: Stopped target Remote File Systems.
May 28 07:31:45.162108 localhost systemd[1]: Stopped target Preparation for Remote File Systems.
May 28 07:31:45.162390 localhost systemd[1]: Stopped target Slice Units.
May 28 07:31:45.162668 localhost systemd[1]: Stopped target Socket Units.
May 28 07:31:45.162947 localhost systemd[1]: Stopped target System Initialization.
May 28 07:31:45.163229 localhost systemd[1]: Stopped target Local File Systems.
May 28 07:31:45.163510 localhost systemd[1]: Stopped target Preparation for Local File Systems.
May 28 07:31:45.164785 localhost systemd[1]: Stopped target Swaps.
May 28 07:31:45.166929 localhost systemd[1]: dracut-mount.service: Deactivated successfully.
May 28 07:31:45.167134 localhost systemd[1]: Stopped dracut mount hook.
May 28 07:31:45.167981 localhost systemd[1]: dracut-pre-mount.service: Deactivated successfully.
May 28 07:31:45.168154 localhost systemd[1]: Stopped dracut pre-mount hook.
May 28 07:31:45.168990 localhost systemd[1]: Stopped target Local Encrypted Volumes.
May 28 07:31:45.169621 localhost systemd[1]: systemd-ask-password-console.path: Deactivated successfully.
May 28 07:31:45.180413 localhost systemd[1]: Stopped Dispatch Password Requests to Console Directory Watch.
May 28 07:31:45.180871 localhost systemd[1]: dracut-initqueue.service: Deactivated successfully.
May 28 07:31:45.181069 localhost systemd[1]: Stopped dracut initqueue hook.
May 28 07:31:45.197100 localhost systemd[1]: Starting File System Check on /dev/disk/by-uuid/8e1db0e5-66e2-4309-9280-394cf494d447...
May 28 07:31:45.197352 localhost systemd[1]: systemd-sysctl.service: Deactivated successfully.
May 28 07:31:45.197458 localhost systemd[1]: Stopped Apply Kernel Variables.
May 28 07:31:45.197784 localhost systemd[1]: systemd-tmpfiles-setup.service: Deactivated successfully.
May 28 07:31:45.197880 localhost systemd[1]: Stopped Create Volatile Files and Directories.
May 28 07:31:45.198197 localhost systemd[1]: systemd-udev-trigger.service: Deactivated successfully.
May 28 07:31:45.198289 localhost systemd[1]: Stopped Coldplug All udev Devices.
May 28 07:31:45.198600 localhost systemd[1]: dracut-pre-trigger.service: Deactivated successfully.
May 28 07:31:45.198689 localhost systemd[1]: Stopped dracut pre-trigger hook.
May 28 07:31:45.199809 localhost systemd[1]: Stopping Rule-based Manager for Device Events and Files...
May 28 07:31:45.204683 localhost systemd[1]: initrd-cleanup.service: Deactivated successfully.
May 28 07:31:45.204876 localhost systemd[1]: Finished Cleaning Up and Shutting Down Daemons.
May 28 07:31:45.207452 localhost systemd[1]: systemd-udevd.service: Deactivated successfully.
May 28 07:31:45.207882 localhost systemd[1]: Stopped Rule-based Manager for Device Events and Files.
May 28 07:31:45.208284 localhost systemd[1]: systemd-udevd.service: Consumed 4.305s CPU time, 17.9M memory peak, 0B memory swap peak.
May 28 07:31:45.210728 localhost systemd[1]: Finished File System Check on /dev/disk/by-uuid/8e1db0e5-66e2-4309-9280-394cf494d447.
May 28 07:31:45.212595 localhost systemd[1]: systemd-udevd-control.socket: Deactivated successfully.
May 28 07:31:45.212697 localhost systemd[1]: Closed udev Control Socket.
May 28 07:31:45.213259 localhost systemd[1]: systemd-udevd-kernel.socket: Deactivated successfully.
May 28 07:31:45.213601 localhost systemd[1]: Closed udev Kernel Socket.
May 28 07:31:45.214292 localhost systemd[1]: dracut-pre-udev.service: Deactivated successfully.
May 28 07:31:45.214637 localhost systemd[1]: Stopped dracut pre-udev hook.
May 28 07:31:45.215024 localhost systemd[1]: dracut-cmdline.service: Deactivated successfully.
May 28 07:31:45.215398 localhost systemd[1]: Stopped dracut cmdline hook.
May 28 07:31:45.215757 localhost systemd[1]: dracut-cmdline-ask.service: Deactivated successfully.
May 28 07:31:45.216131 localhost systemd[1]: Stopped dracut ask for additional cmdline parameters.
May 28 07:31:45.223900 localhost systemd[1]: Starting Cleanup udev Database...
May 28 07:31:45.224212 localhost systemd[1]: systemd-tmpfiles-setup-dev.service: Deactivated successfully.
May 28 07:31:45.224276 localhost systemd[1]: Stopped Create Static Device Nodes in /dev.
May 28 07:31:45.224572 localhost systemd[1]: systemd-tmpfiles-setup-dev-early.service: Deactivated successfully.
May 28 07:31:45.224622 localhost systemd[1]: Stopped Create Static Device Nodes in /dev gracefully.
May 28 07:31:45.224904 localhost systemd[1]: kmod-static-nodes.service: Deactivated successfully.
May 28 07:31:45.224950 localhost systemd[1]: Stopped Create List of Static Device Nodes.
May 28 07:31:45.225224 localhost systemd[1]: systemd-vconsole-setup.service: Deactivated successfully.
May 28 07:31:45.225269 localhost systemd[1]: Stopped Virtual Console Setup.
May 28 07:31:45.233114 localhost systemd[1]: initrd-udevadm-cleanup-db.service: Deactivated successfully.
May 28 07:31:45.233314 localhost systemd[1]: Finished Cleanup udev Database.
May 28 07:31:45.234933 localhost systemd[1]: Reached target Switch Root.
May 28 07:31:45.247184 localhost systemd[1]: Starting Switch Root...
May 28 07:31:45.254388 localhost systemd[1]: Switching root.
May 28 07:31:45.313387 localhost systemd-journald[174]: Journal stopped
May 28 07:31:46.892483 localhost systemd-journald[174]: Received SIGTERM from PID 1 (systemd).
May 28 07:31:46.892504 localhost kernel: audit: type=1404 audit(1716881505.376:4): enforcing=1 old_enforcing=0 auid=4294967295 ses=4294967295 enabled=1 old-enabled=1 lsm=selinux res=1
May 28 07:31:46.892518 localhost kernel: SELinux:  policy capability network_peer_controls=1
May 28 07:31:46.892528 localhost kernel: SELinux:  policy capability open_perms=1
May 28 07:31:46.892535 localhost kernel: SELinux:  policy capability extended_socket_class=1
May 28 07:31:46.892543 localhost kernel: SELinux:  policy capability always_check_network=0
May 28 07:31:46.892551 localhost kernel: SELinux:  policy capability cgroup_seclabel=1
May 28 07:31:46.892559 localhost kernel: SELinux:  policy capability nnp_nosuid_transition=1
May 28 07:31:46.892567 localhost kernel: SELinux:  policy capability genfs_seclabel_symlinks=1
May 28 07:31:46.892574 localhost kernel: SELinux:  policy capability ioctl_skip_cloexec=0
May 28 07:31:46.892584 localhost kernel: SELinux:  policy capability userspace_initial_context=0
May 28 07:31:46.892591 localhost kernel: audit: type=1403 audit(1716881505.523:5): auid=4294967295 ses=4294967295 lsm=selinux res=1
May 28 07:31:46.892600 localhost systemd[1]: Successfully loaded SELinux policy in 148.219ms.
May 28 07:31:46.892609 localhost systemd[1]: Relabeled /dev, /dev/shm, /run, /sys/fs/cgroup in 30.984ms.
May 28 07:31:46.892619 localhost systemd[1]: systemd 255.6+suse.30.g3ea0e1dff3 running in system mode (+PAM +AUDIT +SELINUX +APPARMOR +IMA -SMACK +SECCOMP +GCRYPT +GNUTLS +OPENSSL +ACL +BLKID +CURL +ELFUTILS +FIDO2 +IDN2 -IDN +IPTC +KMOD +LIBCRYPTSETUP +LIBFDISK +PCRE2 +PWQUALITY +P11KIT +QRENCODE +TPM2 +BZIP2 +LZ4 +XZ +ZLIB +ZSTD +BPF_FRAMEWORK -XKBCOMMON -UTMP +SYSVINIT default-hierarchy=unified)
May 28 07:31:46.892628 localhost systemd[1]: Detected virtualization kvm.
May 28 07:31:46.892636 localhost systemd[1]: Detected architecture x86-64.
May 28 07:31:46.892646 localhost systemd[1]: Detected first boot.
May 28 07:31:46.892654 localhost systemd[1]: Initializing machine ID from random generator.
May 28 07:31:46.892662 localhost systemd[1]: bpf-lsm: LSM BPF program attached
May 28 07:31:46.892671 localhost kernel: audit: type=1400 audit(1716881506.163:6): avc:  denied  { map_read map_write } for  pid=3631 comm="systemd-fstab-g" scontext=system_u:system_r:systemd_fstab_generator_t:s0 tcontext=system_u:system_r:init_t:s0 tclass=bpf permissive=0
May 28 07:31:46.892679 localhost kernel: audit: type=1400 audit(1716881506.180:7): avc:  denied  { map_read map_write } for  pid=3635 comm="systemd-gpt-aut" scontext=system_u:system_r:systemd_gpt_generator_t:s0 tcontext=system_u:system_r:init_t:s0 tclass=bpf permissive=0
May 28 07:31:46.892687 localhost kernel: audit: type=1400 audit(1716881506.223:8): avc:  denied  { write } for  pid=3635 comm="systemd-gpt-aut" name="generator.late" dev="tmpfs" ino=2246 scontext=system_u:system_r:systemd_gpt_generator_t:s0 tcontext=system_u:object_r:init_var_run_t:s0 tclass=dir permissive=0
May 28 07:31:46.892696 localhost systemd-gpt-auto-generator[3635]: Failed to create symlink "/run/systemd/generator.late/local-fs.target.wants/systemd-remount-fs.service": No such file or directory
May 28 07:31:46.892705 localhost (sd-exec-[3625]: /usr/lib/systemd/system-generators/systemd-gpt-auto-generator failed with exit status 1.
May 28 07:31:46.892716 localhost systemd[1]: Populated /etc with preset unit settings.
May 28 07:31:46.892724 localhost systemd[1]: initrd-switch-root.service: Deactivated successfully.
May 28 07:31:46.892732 localhost systemd[1]: Stopped Switch Root.
May 28 07:31:46.892740 localhost systemd[1]: systemd-journald.service: Scheduled restart job, restart counter is at 1.
May 28 07:31:46.892748 localhost systemd[1]: Created slice Slice /system/getty.
May 28 07:31:46.892756 localhost systemd[1]: Created slice Slice /system/modprobe.
May 28 07:31:46.892765 localhost systemd[1]: Created slice Slice /system/serial-getty.
May 28 07:31:46.892773 localhost systemd[1]: Created slice Encrypted Volume Units Service Slice.
May 28 07:31:46.892781 localhost systemd[1]: Created slice User and Session Slice.
May 28 07:31:46.892789 localhost systemd[1]: Started Dispatch Password Requests to Console Directory Watch.
May 28 07:31:46.892798 localhost systemd[1]: Set up automount Arbitrary Executable File Formats File System Automount Point.
May 28 07:31:46.892807 localhost systemd[1]: Expecting device /dev/disk/by-uuid/9327db21-573a-46a2-bc81-4d7f8156363a...
May 28 07:31:46.892815 localhost systemd[1]: Expecting device /dev/disk/by-uuid/D27B-37E5...
May 28 07:31:46.892823 localhost systemd[1]: Expecting device /dev/hvc0...
May 28 07:31:46.892831 localhost systemd[1]: Expecting device /dev/ttyS0...
May 28 07:31:46.892839 localhost systemd[1]: Stopped target Switch Root.
May 28 07:31:46.892849 localhost systemd[1]: Stopped target Initrd File Systems.
May 28 07:31:46.892857 localhost systemd[1]: Stopped target Initrd Root File System.
May 28 07:31:46.892865 localhost systemd[1]: Reached target Local Integrity Protected Volumes.
May 28 07:31:46.892873 localhost systemd[1]: Reached target Remote File Systems.
May 28 07:31:46.892881 localhost systemd[1]: Reached target Slice Units.
May 28 07:31:46.892889 localhost systemd[1]: Reached target Swaps.
May 28 07:31:46.892897 localhost systemd[1]: Reached target System Time Set.
May 28 07:31:46.892905 localhost systemd[1]: Reached target Local Verity Protected Volumes.
May 28 07:31:46.892913 localhost systemd[1]: Listening on Device-mapper event daemon FIFOs.
May 28 07:31:46.892921 localhost systemd[1]: Listening on LVM2 poll daemon socket.
May 28 07:31:46.892929 localhost systemd[1]: Listening on Process Core Dump Socket.
May 28 07:31:46.892939 localhost systemd[1]: TPM2 PCR Extension (Varlink) was skipped because of an unmet condition check (ConditionSecurity=measured-uki).
May 28 07:31:46.892947 localhost systemd[1]: Listening on udev Control Socket.
May 28 07:31:46.892955 localhost systemd[1]: Listening on udev Kernel Socket.
May 28 07:31:46.892964 localhost systemd[1]: Mounting Huge Pages File System...
May 28 07:31:46.892972 localhost systemd[1]: Mounting POSIX Message Queue File System...
May 28 07:31:46.892980 localhost systemd[1]: Mounting Kernel Debug File System...
May 28 07:31:46.892988 localhost systemd[1]: Mounting Kernel Trace File System...
May 28 07:31:46.892996 localhost systemd[1]: Mounting Temporary Directory /tmp...
May 28 07:31:46.893005 localhost systemd[1]: Starting Create List of Static Device Nodes...
May 28 07:31:46.893014 localhost systemd[1]: Starting Monitoring of LVM2 mirrors, snapshots etc. using dmeventd or progress polling...
May 28 07:31:46.893022 localhost systemd[1]: Starting Load Kernel Module configfs...
May 28 07:31:46.893030 localhost systemd[1]: Starting Load Kernel Module dm_mod...
May 28 07:31:46.893038 localhost systemd[1]: Starting Load Kernel Module drm...
May 28 07:31:46.893046 localhost systemd[1]: Starting Load Kernel Module efi_pstore...
May 28 07:31:46.893053 localhost systemd[1]: Starting Load Kernel Module fuse...
May 28 07:31:46.893061 localhost systemd[1]: Starting Load Kernel Module loop...
May 28 07:31:46.893069 localhost systemd[1]: Starting Relabel /root...
May 28 07:31:46.893077 localhost systemd[1]: systemd-fsck-root.service: Deactivated successfully.
May 28 07:31:46.893085 localhost systemd[1]: Stopped File System Check on Root Device.
May 28 07:31:46.893093 localhost systemd[1]: Starting Journal Service...
May 28 07:31:46.893103 localhost systemd[1]: Load Kernel Modules was skipped because no trigger condition checks were met.
May 28 07:31:46.893111 localhost systemd[1]: Apply Kernel Variables for 6.9.1-1-default from /boot was skipped because of an unmet condition check (ConditionPathExists=/boot/sysctl.conf-6.9.1-1-default).
May 28 07:31:46.893120 localhost systemd[1]: Starting Apply Kernel Variables for 6.9.1-1-default...
May 28 07:31:46.893128 localhost systemd[1]: TPM2 PCR Machine ID Measurement was skipped because of an unmet condition check (ConditionSecurity=measured-uki).
May 28 07:31:46.893136 localhost kernel: fuse: init (API version 7.40)
May 28 07:31:46.893144 localhost systemd[1]: Starting Remount Root and Kernel File Systems...
May 28 07:31:46.893152 localhost systemd[1]: TPM2 SRK Setup (Early) was skipped because of an unmet condition check (ConditionSecurity=measured-uki).
May 28 07:31:46.893160 localhost kernel: loop: module loaded
May 28 07:31:46.893167 localhost systemd[1]: Starting Coldplug All udev Devices...
May 28 07:31:46.893175 localhost systemd[1]: Mounted Huge Pages File System.
May 28 07:31:46.893183 localhost systemd[1]: Mounted POSIX Message Queue File System.
May 28 07:31:46.893193 localhost systemd[1]: Mounted Kernel Debug File System.
May 28 07:31:46.893201 localhost systemd[1]: Mounted Kernel Trace File System.
May 28 07:31:46.893209 localhost systemd[1]: Mounted Temporary Directory /tmp.
May 28 07:31:46.893217 localhost systemd[1]: Finished Create List of Static Device Nodes.
May 28 07:31:46.893225 localhost systemd[1]: modprobe@configfs.service: Deactivated successfully.
May 28 07:31:46.893233 localhost systemd[1]: Finished Load Kernel Module configfs.
May 28 07:31:46.893240 localhost systemd[1]: modprobe@dm_mod.service: Deactivated successfully.
May 28 07:31:46.893248 localhost systemd[1]: Finished Load Kernel Module dm_mod.
May 28 07:31:46.893256 localhost systemd[1]: modprobe@drm.service: Deactivated successfully.
May 28 07:31:46.893264 localhost systemd[1]: Finished Load Kernel Module drm.
May 28 07:31:46.893272 localhost systemd[1]: modprobe@efi_pstore.service: Deactivated successfully.
May 28 07:31:46.893280 localhost systemd[1]: Finished Load Kernel Module efi_pstore.
May 28 07:31:46.893290 localhost systemd[1]: modprobe@fuse.service: Deactivated successfully.
May 28 07:31:46.893298 localhost systemd[1]: Finished Load Kernel Module fuse.
May 28 07:31:46.893306 localhost systemd[1]: modprobe@loop.service: Deactivated successfully.
May 28 07:31:46.893314 localhost systemd[1]: Finished Load Kernel Module loop.
May 28 07:31:46.893322 localhost systemd[1]: root-relabel.service: Deactivated successfully.
May 28 07:31:46.893330 localhost systemd[1]: Finished Relabel /root.
May 28 07:31:46.893338 localhost systemd[1]: Finished Apply Kernel Variables for 6.9.1-1-default.
May 28 07:31:46.893346 localhost systemd[1]: Mounting FUSE Control File System...
May 28 07:31:46.893369 localhost systemd-journald[3677]: Collecting audit messages is disabled.
May 28 07:31:46.893393 localhost systemd[1]: Mounting Kernel Configuration File System...
May 28 07:31:46.893402 localhost systemd[1]: Repartition Root Disk was skipped because no trigger condition checks were met.
May 28 07:31:46.893410 localhost systemd[1]: Starting Apply Kernel Variables...
May 28 07:31:46.893419 localhost systemd-journald[3677]: Journal started
May 28 07:31:46.893434 localhost systemd-journald[3677]: Runtime Journal (/run/log/journal/6a61b1be152349db87cee435626124a7) is 2.4M, max 19.2M, 16.8M free.
May 28 07:31:46.549108 localhost systemd[1]: Queued start job for default target Multi-User System.
May 28 07:31:46.913759 localhost systemd[1]: Starting Create Static Device Nodes in /dev gracefully...
May 28 07:31:46.913783 localhost systemd[1]: Started Journal Service.
May 28 07:31:46.587808 localhost systemd[1]: systemd-journald.service: Deactivated successfully.
May 28 07:31:46.905167 localhost systemd[1]: Finished Monitoring of LVM2 mirrors, snapshots etc. using dmeventd or progress polling.
May 28 07:31:46.906290 localhost systemd[1]: Mounted FUSE Control File System.
May 28 07:31:46.906601 localhost systemd[1]: Mounted Kernel Configuration File System.
May 28 07:31:46.977838 localhost systemd[1]: Finished Remount Root and Kernel File Systems.
May 28 07:31:47.011820 localhost systemd[1]: Rebuild Hardware Database was skipped because of an unmet condition check (ConditionNeedsUpdate=/etc).
May 28 07:31:47.017177 localhost systemd[1]: Platform Persistent Storage Archival was skipped because of an unmet condition check (ConditionDirectoryNotEmpty=/sys/fs/pstore).
May 28 07:31:47.033896 localhost systemd[1]: Starting Load/Save OS Random Seed...
May 28 07:31:47.034147 localhost systemd[1]: TPM2 SRK Setup was skipped because of an unmet condition check (ConditionSecurity=measured-uki).
May 28 07:31:47.044163 localhost systemd[1]: Finished Apply Kernel Variables.
May 28 07:31:47.047297 localhost systemd[1]: Finished Load/Save OS Random Seed.
May 28 07:31:47.075434 localhost systemd[1]: Finished Create Static Device Nodes in /dev gracefully.
May 28 07:31:47.076019 localhost systemd[1]: Create System Users was skipped because no trigger condition checks were met.
May 28 07:31:47.090480 localhost systemd[1]: Starting Create Static Device Nodes in /dev...
May 28 07:31:47.160854 localhost systemd[1]: Finished Coldplug All udev Devices.
May 28 07:31:47.167601 localhost systemd[1]: Finished Create Static Device Nodes in /dev.
May 28 07:31:47.169979 localhost systemd[1]: Reached target Preparation for Local File Systems.
May 28 07:31:47.183836 localhost systemd[1]: Mounting /.snapshots...
May 28 07:31:47.189745 localhost systemd[1]: Mounting /home...
May 28 07:31:47.196186 localhost systemd[1]: Mounting /opt...
May 28 07:31:47.200477 localhost systemd[1]: Mounting /srv...
May 28 07:31:47.206323 localhost systemd[1]: Mounting /usr/local...
May 28 07:31:47.220627 localhost systemd[1]: Starting Rule-based Manager for Device Events and Files...
May 28 07:31:47.232754 localhost systemd[1]: Mounted /.snapshots.
May 28 07:31:47.236044 localhost systemd[1]: Mounted /home.
May 28 07:31:47.240751 localhost systemd[1]: Mounted /opt.
May 28 07:31:47.241067 localhost systemd[1]: Mounted /srv.
May 28 07:31:47.241375 localhost systemd[1]: Mounted /usr/local.
May 28 07:31:47.263818 localhost systemd[1]: Starting Relabel /.snapshots...
May 28 07:31:47.270488 localhost systemd[1]: Starting Relabel /home...
May 28 07:31:47.277159 localhost systemd[1]: Starting Relabel /opt...
May 28 07:31:47.290496 localhost systemd[1]: Starting Relabel /srv...
May 28 07:31:47.297183 localhost systemd[1]: Starting Relabel /usr/local...
May 28 07:31:47.340632 localhost systemd[1]: \x2esnapshots-relabel.service: Deactivated successfully.
May 28 07:31:47.340756 localhost systemd[1]: Finished Relabel /.snapshots.
May 28 07:31:47.357287 localhost systemd[1]: home-relabel.service: Deactivated successfully.
May 28 07:31:47.361107 localhost systemd[1]: Finished Relabel /home.
May 28 07:31:47.363477 localhost systemd-udevd[3722]: Using default interface naming scheme 'v255'.
May 28 07:31:47.367370 localhost systemd[1]: opt-relabel.service: Deactivated successfully.
May 28 07:31:47.367504 localhost systemd[1]: Finished Relabel /opt.
May 28 07:31:47.370263 localhost systemd[1]: srv-relabel.service: Deactivated successfully.
May 28 07:31:47.370792 localhost systemd[1]: Finished Relabel /srv.
May 28 07:31:47.381453 localhost systemd[1]: usr-local-relabel.service: Deactivated successfully.
May 28 07:31:47.381618 localhost systemd[1]: Finished Relabel /usr/local.
May 28 07:31:47.397376 localhost systemd[1]: Starting Mark autorelabel as done...
May 28 07:31:47.404708 localhost systemd[1]: mark-autorelabel-done.service: Deactivated successfully.
May 28 07:31:47.405557 localhost systemd[1]: Finished Mark autorelabel as done.
May 28 07:31:47.423843 localhost systemd[1]: Started Rule-based Manager for Device Events and Files.
May 28 07:31:47.497148 localhost systemd[1]: Condition check resulted in /dev/hvc0 being skipped.
May 28 07:31:47.505073 localhost systemd[1]: Condition check resulted in /dev/ttyS0 being skipped.
May 28 07:31:47.537083 localhost kernel: BTRFS info: devid 1 device path /dev/mapper/cr_root changed to /dev/dm-0 scanned by (udev-worker) (3744)
May 28 07:31:47.544371 localhost kernel: BTRFS info: devid 1 device path /dev/dm-0 changed to /dev/mapper/cr_root scanned by (udev-worker) (3744)
May 28 07:31:47.615370 localhost systemd[1]: Condition check resulted in /dev/disk/by-uuid/9327db21-573a-46a2-bc81-4d7f8156363a being skipped.
May 28 07:31:47.650507 localhost systemd[1]: Starting Cryptography Setup for cr_root...
May 28 07:31:47.652257 localhost systemd[1]: Condition check resulted in /dev/disk/by-uuid/D27B-37E5 being skipped.
May 28 07:31:47.747062 localhost kernel: input: Power Button as /devices/LNXSYSTM:00/LNXPWRBN:00/input/input5
May 28 07:31:47.759754 localhost systemd-cryptsetup[3765]: Volume cr_root already active.
May 28 07:31:47.766245 localhost kernel: ACPI: button: Power Button [PWRF]
May 28 07:31:47.768063 localhost systemd[1]: Finished Cryptography Setup for cr_root.
May 28 07:31:47.778582 localhost systemd[1]: Reached target Block Device Preparation for /dev/mapper/cr_root.
May 28 07:31:47.779676 localhost systemd[1]: Reached target Local Encrypted Volumes.
May 28 07:31:47.797155 localhost kernel: piix4_smbus 0000:00:01.3: SMBus Host Controller at 0xb100, revision 0
May 28 07:31:47.797428 localhost kernel: parport_pc 00:03: reported by Plug and Play ACPI
May 28 07:31:47.797550 localhost kernel: parport0: PC-style at 0x378, irq 7 [PCSPP,TRISTATE]
May 28 07:31:47.821501 localhost kernel: input: PC Speaker as /devices/platform/pcspkr/input/input6
May 28 07:31:47.853847 localhost systemd[1]: Mounting /boot/efi...
May 28 07:31:47.863744 localhost kernel: Console: switching to colour dummy device 80x25
May 28 07:31:47.870498 localhost kernel: bochs-drm 0000:00:02.0: vgaarb: deactivate vga console
May 28 07:31:47.870681 localhost kernel: [drm] Found bochs VGA, ID 0xb0c5.
May 28 07:31:47.870695 localhost kernel: [drm] Framebuffer size 16384 kB @ 0x80000000, mmio @ 0x81048000.
May 28 07:31:47.896448 localhost kernel: [drm] Found EDID data blob.
May 28 07:31:47.900391 localhost kernel: [drm] Initialized bochs-drm 1.0.0 20130925 for 0000:00:02.0 on minor 0
May 28 07:31:47.952134 localhost kernel: fbcon: bochs-drmdrmfb (fb0) is primary device
May 28 07:31:47.988205 localhost kernel: ppdev: user-space parallel port driver
May 28 07:31:48.027232 localhost systemd[1]: Starting Virtual Console Setup...
May 28 07:31:48.060475 localhost kernel: Console: switching to colour frame buffer device 128x48
May 28 07:31:48.189646 localhost kernel: bochs-drm 0000:00:02.0: [drm] fb0: bochs-drmdrmfb frame buffer device
May 28 07:31:48.223469 localhost systemd[1]: systemd-vconsole-setup.service: Deactivated successfully.
May 28 07:31:48.223603 localhost systemd[1]: Stopped Virtual Console Setup.
May 28 07:31:48.245217 localhost kernel: kvm_amd: Nested Virtualization enabled
May 28 07:31:48.245242 localhost kernel: kvm_amd: Nested Paging enabled
May 28 07:31:48.257054 localhost kernel: snd_hda_codec_generic hdaudioC0D0: autoconfig for Generic: line_outs=1 (0x3/0x0/0x0/0x0/0x0) type:line
May 28 07:31:48.257236 localhost kernel: snd_hda_codec_generic hdaudioC0D0:    speaker_outs=0 (0x0/0x0/0x0/0x0/0x0)
May 28 07:31:48.257360 localhost kernel: snd_hda_codec_generic hdaudioC0D0:    hp_outs=0 (0x0/0x0/0x0/0x0/0x0)
May 28 07:31:48.257477 localhost kernel: snd_hda_codec_generic hdaudioC0D0:    mono: mono_out=0x0
May 28 07:31:48.257596 localhost kernel: snd_hda_codec_generic hdaudioC0D0:    inputs:
May 28 07:31:48.257923 localhost systemd[1]: Starting Virtual Console Setup...
May 28 07:31:48.269840 localhost systemd[1]: Reached target Sound Card.
May 28 07:31:48.271305 localhost systemd[1]: systemd-vconsole-setup.service: Deactivated successfully.
May 28 07:31:48.271412 localhost systemd[1]: Stopped Virtual Console Setup.
May 28 07:31:48.290686 localhost systemd[1]: Starting Virtual Console Setup...
May 28 07:31:48.299477 localhost systemd[1]: Mounted /boot/efi.
May 28 07:31:48.302769 localhost systemd[1]: Reached target Local File Systems.
May 28 07:31:48.311917 localhost systemd[1]: Listening on System Extension Image Management (Varlink).
