[    0.000000][    T0] Linux version 6.9.1-1-default (geeko@buildhost) (gcc (SUSE Linux) 13.2.1 20240509 [revision b7a2697733d19a093cbdd0e200ffce069a4bc812], GNU ld (GNU Binutils; openSUSE Tumbleweed) 2.42.0.20240130-3) #1 SMP PREEMPT_DYNAMIC Fri May 17 11:59:46 UTC 2024 (0c0b0b5)
[    0.000000][    T0] Command line: initrd=initrd splash=silent   Y2DEBUG=1 vga=791 video=1024x768 plymouth.ignore-serial-consoles console=ttyS0 console=tty linuxrc.log=/dev/ttyS0 linuxrc.core=/dev/ttyS0 linuxrc.debug=4,trace extend=libyui-rest-api YUI_HTTP_PORT=39116 YUI_HTTP_REMOTE=1 YUI_REUSE_PORT=1 reboot_timeout=0    kernel.softlockup_panic=1
[    0.000000][    T0] BIOS-provided physical RAM map:
[    0.000000][    T0] BIOS-e820: [mem 0x0000000000000000-0x000000000009fbff] usable
[    0.000000][    T0] BIOS-e820: [mem 0x000000000009fc00-0x000000000009ffff] reserved
[    0.000000][    T0] BIOS-e820: [mem 0x00000000000f0000-0x00000000000fffff] reserved
[    0.000000][    T0] BIOS-e820: [mem 0x0000000000100000-0x000000005ffcffff] usable
[    0.000000][    T0] BIOS-e820: [mem 0x000000005ffd0000-0x000000005fffffff] reserved
[    0.000000][    T0] BIOS-e820: [mem 0x00000000feffc000-0x00000000feffffff] reserved
[    0.000000][    T0] BIOS-e820: [mem 0x00000000fffc0000-0x00000000ffffffff] reserved
[    0.000000][    T0] BIOS-e820: [mem 0x000000fd00000000-0x000000ffffffffff] reserved
[    0.000000][    T0] NX (Execute Disable) protection: active
[    0.000000][    T0] APIC: Static calls initialized
[    0.000000][    T0] SMBIOS 2.8 present.
[    0.000000][    T0] DMI: QEMU Standard PC (i440FX + PIIX, 1996), BIOS rel-1.16.0-0-gd239552c-rebuilt.opensuse.org 04/01/2014
[    0.000000][    T0] Hypervisor detected: KVM
[    0.000000][    T0] kvm-clock: Using msrs 4b564d01 and 4b564d00
[    0.000000][    T0] kvm-clock: using sched offset of 173641091646 cycles
[    0.000001][    T0] clocksource: kvm-clock: mask: 0xffffffffffffffff max_cycles: 0x1cd42e4dffb, max_idle_ns: 881590591483 ns
[    0.000003][    T0] tsc: Detected 2199.998 MHz processor
[    0.000918][    T0] last_pfn = 0x5ffd0 max_arch_pfn = 0x400000000
[    0.000975][    T0] MTRR map: 4 entries (3 fixed + 1 variable; max 19), built from 8 variable MTRRs
[    0.000979][    T0] x86/PAT: Configuration [0-7]: WB  WC  UC- UC  WB  WP  UC- WT  
[    0.003255][    T0] found SMP MP-table at [mem 0x000f5b30-0x000f5b3f]
[    0.003264][    T0] Using GB pages for direct mapping
[    0.003478][    T0] RAMDISK: [mem 0x511a4000-0x5ffcffff]
[    0.003483][    T0] ACPI: Early table checksum verification disabled
[    0.003484][    T0] ACPI: RSDP 0x00000000000F5950 000014 (v00 BOCHS )
[    0.003490][    T0] ACPI: RSDT 0x000000005FFE1902 000034 (v01 BOCHS  BXPC     00000001 BXPC 00000001)
[    0.003494][    T0] ACPI: FACP 0x000000005FFE17B6 000074 (v01 BOCHS  BXPC     00000001 BXPC 00000001)
[    0.003497][    T0] ACPI: DSDT 0x000000005FFE0040 001776 (v01 BOCHS  BXPC     00000001 BXPC 00000001)
[    0.003500][    T0] ACPI: FACS 0x000000005FFE0000 000040
[    0.003501][    T0] ACPI: APIC 0x000000005FFE182A 000078 (v01 BOCHS  BXPC     00000001 BXPC 00000001)
[    0.003504][    T0] ACPI: HPET 0x000000005FFE18A2 000038 (v01 BOCHS  BXPC     00000001 BXPC 00000001)
[    0.003506][    T0] ACPI: WAET 0x000000005FFE18DA 000028 (v01 BOCHS  BXPC     00000001 BXPC 00000001)
[    0.003508][    T0] ACPI: Reserving FACP table memory at [mem 0x5ffe17b6-0x5ffe1829]
[    0.003509][    T0] ACPI: Reserving DSDT table memory at [mem 0x5ffe0040-0x5ffe17b5]
[    0.003509][    T0] ACPI: Reserving FACS table memory at [mem 0x5ffe0000-0x5ffe003f]
[    0.003510][    T0] ACPI: Reserving APIC table memory at [mem 0x5ffe182a-0x5ffe18a1]
[    0.003511][    T0] ACPI: Reserving HPET table memory at [mem 0x5ffe18a2-0x5ffe18d9]
[    0.003511][    T0] ACPI: Reserving WAET table memory at [mem 0x5ffe18da-0x5ffe1901]
[    0.003793][    T0] No NUMA configuration found
[    0.003794][    T0] Faking a node at [mem 0x0000000000000000-0x000000005ffcffff]
[    0.003802][    T0] NODE_DATA(0) allocated [mem 0x51179000-0x511a3fff]
[    0.004013][    T0] Zone ranges:
[    0.004013][    T0]   DMA      [mem 0x0000000000001000-0x0000000000ffffff]
[    0.004015][    T0]   DMA32    [mem 0x0000000001000000-0x000000005ffcffff]
[    0.004016][    T0]   Normal   empty
[    0.004017][    T0]   Device   empty
[    0.004017][    T0] Movable zone start for each node
[    0.004019][    T0] Early memory node ranges
[    0.004020][    T0]   node   0: [mem 0x0000000000001000-0x000000000009efff]
[    0.004021][    T0]   node   0: [mem 0x0000000000100000-0x000000005ffcffff]
[    0.004022][    T0] Initmem setup node 0 [mem 0x0000000000001000-0x000000005ffcffff]
[    0.004178][    T0] On node 0, zone DMA: 1 pages in unavailable ranges
[    0.004207][    T0] On node 0, zone DMA: 97 pages in unavailable ranges
[    0.004968][    T0] On node 0, zone DMA32: 48 pages in unavailable ranges
[    0.005532][    T0] ACPI: PM-Timer IO Port: 0x608
[    0.005540][    T0] ACPI: LAPIC_NMI (acpi_id[0xff] dfl dfl lint[0x1])
[    0.005571][    T0] IOAPIC[0]: apic_id 0, version 17, address 0xfec00000, GSI 0-23
[    0.005573][    T0] ACPI: INT_SRC_OVR (bus 0 bus_irq 0 global_irq 2 dfl dfl)
[    0.005574][    T0] ACPI: INT_SRC_OVR (bus 0 bus_irq 5 global_irq 5 high level)
[    0.005575][    T0] ACPI: INT_SRC_OVR (bus 0 bus_irq 9 global_irq 9 high level)
[    0.005576][    T0] ACPI: INT_SRC_OVR (bus 0 bus_irq 10 global_irq 10 high level)
[    0.005577][    T0] ACPI: INT_SRC_OVR (bus 0 bus_irq 11 global_irq 11 high level)
[    0.005580][    T0] ACPI: Using ACPI (MADT) for SMP configuration information
[    0.005581][    T0] ACPI: HPET id: 0x8086a201 base: 0xfed00000
[    0.005583][    T0] TSC deadline timer available
[    0.005587][    T0] CPU topo: Max. logical packages:   1
[    0.005588][    T0] CPU topo: Max. logical dies:       1
[    0.005588][    T0] CPU topo: Max. dies per package:   1
[    0.005593][    T0] CPU topo: Max. threads per core:   1
[    0.005593][    T0] CPU topo: Num. cores per package:     1
[    0.005594][    T0] CPU topo: Num. threads per package:   1
[    0.005594][    T0] CPU topo: Allowing 1 present CPUs plus 0 hotplug CPUs
[    0.005608][    T0] kvm-guest: APIC: eoi() replaced with kvm_guest_apic_eoi_write()
[    0.005628][    T0] PM: hibernation: Registered nosave memory: [mem 0x00000000-0x00000fff]
[    0.005629][    T0] PM: hibernation: Registered nosave memory: [mem 0x0009f000-0x0009ffff]
[    0.005630][    T0] PM: hibernation: Registered nosave memory: [mem 0x000a0000-0x000effff]
[    0.005631][    T0] PM: hibernation: Registered nosave memory: [mem 0x000f0000-0x000fffff]
[    0.005632][    T0] [mem 0x60000000-0xfeffbfff] available for PCI devices
[    0.005633][    T0] Booting paravirtualized kernel on KVM
[    0.005634][    T0] clocksource: refined-jiffies: mask: 0xffffffff max_cycles: 0xffffffff, max_idle_ns: 6370452778343963 ns
[    0.010329][    T0] setup_percpu: NR_CPUS:8192 nr_cpumask_bits:1 nr_cpu_ids:1 nr_node_ids:1
[    0.010526][    T0] percpu: Embedded 72 pages/cpu s258048 r8192 d28672 u2097152
[    0.010563][    T0] kvm-guest: PV spinlocks disabled, single CPU
[    0.010564][    T0] Kernel command line: initrd=initrd splash=silent   Y2DEBUG=1 vga=791 video=1024x768 plymouth.ignore-serial-consoles console=ttyS0 console=tty linuxrc.log=/dev/ttyS0 linuxrc.core=/dev/ttyS0 linuxrc.debug=4,trace extend=libyui-rest-api YUI_HTTP_PORT=39116 YUI_HTTP_REMOTE=1 YUI_REUSE_PORT=1 reboot_timeout=0    kernel.softlockup_panic=1
[    0.010754][    T0] Unknown kernel command line parameters "splash=silent Y2DEBUG=1 vga=791 extend=libyui-rest-api YUI_HTTP_PORT=39116 YUI_HTTP_REMOTE=1 YUI_REUSE_PORT=1 reboot_timeout=0", will be passed to user space.
[    0.010771][    T0] random: crng init done
[    0.010955][    T0] Dentry cache hash table entries: 262144 (order: 9, 2097152 bytes, linear)
[    0.011005][    T0] Inode-cache hash table entries: 131072 (order: 8, 1048576 bytes, linear)
[    0.011023][    T0] Fallback order for Node 0: 0 
[    0.011025][    T0] Built 1 zonelists, mobility grouping on.  Total pages: 386768
[    0.011026][    T0] Policy zone: DMA32
[    0.011027][    T0] mem auto-init: stack:off, heap alloc:off, heap free:off
[    0.012794][    T0] Memory: 260860K/1572280K available (16384K kernel code, 3000K rwdata, 13020K rodata, 4224K init, 4384K bss, 319868K reserved, 0K cma-reserved)
[    0.012948][    T0] SLUB: HWalign=64, Order=0-3, MinObjects=0, CPUs=1, Nodes=1
[    0.012970][    T0] ftrace: allocating 47505 entries in 186 pages
[    0.019823][    T0] ftrace: allocated 186 pages with 5 groups
[    0.020292][    T0] Dynamic Preempt: voluntary
[    0.020312][    T0] rcu: Preemptible hierarchical RCU implementation.
[    0.020312][    T0] rcu: 	RCU event tracing is enabled.
[    0.020313][    T0] rcu: 	RCU restricting CPUs from NR_CPUS=8192 to nr_cpu_ids=1.
[    0.020314][    T0] 	Trampoline variant of Tasks RCU enabled.
[    0.020314][    T0] 	Rude variant of Tasks RCU enabled.
[    0.020314][    T0] 	Tracing variant of Tasks RCU enabled.
[    0.020315][    T0] rcu: RCU calculated value of scheduler-enlistment delay is 30 jiffies.
[    0.020315][    T0] rcu: Adjusting geometry for rcu_fanout_leaf=16, nr_cpu_ids=1
[    0.020318][    T0] RCU Tasks: Setting shift to 0 and lim to 1 rcu_task_cb_adjust=1.
[    0.020319][    T0] RCU Tasks Rude: Setting shift to 0 and lim to 1 rcu_task_cb_adjust=1.
[    0.020320][    T0] RCU Tasks Trace: Setting shift to 0 and lim to 1 rcu_task_cb_adjust=1.
[    0.023910][    T0] NR_IRQS: 524544, nr_irqs: 256, preallocated irqs: 16
[    0.024092][    T0] rcu: srcu_init: Setting srcu_struct sizes based on contention.
[    0.024135][    T0] Console: colour dummy device 80x25
[    0.024137][    T0] printk: legacy console [tty0] enabled
[    0.024381][    T0] printk: legacy console [ttyS0] enabled
[    0.156605][    T0] ACPI: Core revision 20230628
[    0.157444][    T0] clocksource: hpet: mask: 0xffffffff max_cycles: 0xffffffff, max_idle_ns: 19112604467 ns
[    0.159022][    T0] APIC: Switch to symmetric I/O mode setup
[    0.160154][    T0] x2apic enabled
[    0.161038][    T0] APIC: Switched APIC routing to: physical x2apic
[    0.163420][    T0] ..TIMER: vector=0x30 apic1=0 pin1=2 apic2=-1 pin2=-1
[    0.164448][    T0] clocksource: tsc-early: mask: 0xffffffffffffffff max_cycles: 0x1fb63109b96, max_idle_ns: 440795265316 ns
[    0.166148][    T0] Calibrating delay loop (skipped) preset value.. 4401.32 BogoMIPS (lpj=7333326)
[    0.167591][    T0] x86/cpu: User Mode Instruction Prevention (UMIP) activated
[    0.168759][    T0] Last level iTLB entries: 4KB 512, 2MB 255, 4MB 127
[    0.169481][    T0] Last level dTLB entries: 4KB 512, 2MB 255, 4MB 127, 1GB 0
[    0.170537][    T0] Spectre V1 : Mitigation: usercopy/swapgs barriers and __user pointer sanitization
[    0.171887][    T0] Spectre V2 : Mitigation: Retpolines
[    0.172814][    T0] Spectre V2 : Spectre v2 / SpectreRSB mitigation: Filling RSB on context switch
[    0.174127][    T0] Spectre V2 : Spectre v2 / SpectreRSB : Filling RSB on VMEXIT
[    0.175213][    T0] Spectre V2 : Enabling Restricted Speculation for firmware calls
[    0.176148][    T0] Spectre V2 : mitigation: Enabling conditional Indirect Branch Prediction Barrier
[    0.177493][    T0] Speculative Store Bypass: Mitigation: Speculative Store Bypass disabled via prctl
[    0.179481][    T0] Speculative Return Stack Overflow: IBPB-extending microcode not applied!
[    0.180716][    T0] Speculative Return Stack Overflow: WARNING: See https://kernel.org/doc/html/latest/admin-guide/hw-vuln/srso.html for mitigation options.
[    0.180717][    T0] Speculative Return Stack Overflow: Vulnerable: Safe RET, no microcode
[    0.184034][    T0] x86/fpu: Supporting XSAVE feature 0x001: 'x87 floating point registers'
[    0.185247][    T0] x86/fpu: Supporting XSAVE feature 0x002: 'SSE registers'
[    0.186147][    T0] x86/fpu: Supporting XSAVE feature 0x004: 'AVX registers'
[    0.187169][    T0] x86/fpu: Supporting XSAVE feature 0x200: 'Protection Keys User registers'
[    0.188403][    T0] x86/fpu: xstate_offset[2]:  576, xstate_sizes[2]:  256
[    0.189481][    T0] x86/fpu: xstate_offset[9]:  832, xstate_sizes[9]:    8
[    0.190481][    T0] x86/fpu: Enabled xstate features 0x207, context size is 840 bytes, using 'compacted' format.
[    0.216487][    T0] Freeing SMP alternatives memory: 40K
[    0.217274][    T0] pid_max: default: 32768 minimum: 301
[    0.218094][    T0] LSM: initializing lsm=lockdown,capability,landlock,yama,apparmor,tomoyo,bpf,ima,evm
[    0.219467][    T0] landlock: Up and running.
[    0.220122][    T0] Yama: becoming mindful.
[    0.220759][    T0] AppArmor: AppArmor initialized
[    0.221477][    T0] TOMOYO Linux initialized
[    0.222109][    T0] LSM support for eBPF active
[    0.222809][    T0] Mount-cache hash table entries: 4096 (order: 3, 32768 bytes, linear)
[    0.224273][    T0] Mountpoint-cache hash table entries: 4096 (order: 3, 32768 bytes, linear)
[    0.225763][    T1] smpboot: CPU0: AMD EPYC 7773X 64-Core Processor (family: 0x19, model: 0x1, stepping: 0x2)
[    0.226146][    T1] Performance Events: Fam17h+ core perfctr, AMD PMU driver.
[    0.226146][    T1] ... version:                0
[    0.226151][    T1] ... bit width:              48
[    0.226866][    T1] ... generic registers:      6
[    0.227555][    T1] ... value mask:             0000ffffffffffff
[    0.228425][    T1] ... max period:             00007fffffffffff
[    0.229296][    T1] ... fixed-purpose events:   0
[    0.229484][    T1] ... event mask:             000000000000003f
[    0.230447][    T1] signal: max sigframe size: 3376
[    0.231190][    T1] rcu: Hierarchical SRCU implementation.
[    0.232001][    T1] rcu: 	Max phase no-delay instances is 1000.
[    0.235349][    T1] smp: Bringing up secondary CPUs ...
[    0.236125][    T1] smp: Brought up 1 node, 1 CPU
[    0.236156][    T1] smpboot: Total of 1 processors activated (4401.32 BogoMIPS)
[    0.241156][   T22] node 0 deferred pages initialised in 4ms
[    0.242106][    T1] devtmpfs: initialized
[    0.242732][    T1] x86/mm: Memory block size: 128MB
[    0.243509][    T1] clocksource: jiffies: mask: 0xffffffff max_cycles: 0xffffffff, max_idle_ns: 6370867519511994 ns
[    0.245035][    T1] futex hash table entries: 256 (order: 2, 16384 bytes, linear)
[    0.246178][    T1] pinctrl core: initialized pinctrl subsystem
[    0.247178][    T1] PM: RTC time: 07:01:15, date: 2024-05-28
[    0.248366][    T1] NET: Registered PF_NETLINK/PF_ROUTE protocol family
[    0.249629][    T1] DMA: preallocated 256 KiB GFP_KERNEL pool for atomic allocations
[    0.250760][    T1] DMA: preallocated 256 KiB GFP_KERNEL|GFP_DMA pool for atomic allocations
[    0.251981][    T1] DMA: preallocated 256 KiB GFP_KERNEL|GFP_DMA32 pool for atomic allocations
[    0.252833][    T1] audit: initializing netlink subsys (disabled)
[    0.253749][   T26] audit: type=2000 audit(1716879675.836:1): state=initialized audit_enabled=0 res=1
[    0.255200][    T1] thermal_sys: Registered thermal governor 'fair_share'
[    0.255201][    T1] thermal_sys: Registered thermal governor 'bang_bang'
[    0.256153][    T1] thermal_sys: Registered thermal governor 'step_wise'
[    0.257122][    T1] thermal_sys: Registered thermal governor 'user_space'
[    0.258099][    T1] cpuidle: using governor ladder
[    0.259489][    T1] cpuidle: using governor menu
[    0.260914][    T1] acpiphp: ACPI Hot Plug PCI Controller Driver version: 0.5
[    0.262097][    T1] PCI: Using configuration type 1 for base access
[    0.262818][    T1] PCI: Using configuration type 1 for extended access
[    0.264011][    T1] kprobes: kprobe jump-optimization is enabled. All kprobes are optimized if possible.
[    0.292875][    T1] HugeTLB: registered 1.00 GiB page size, pre-allocated 0 pages
[    0.293975][    T1] HugeTLB: 16380 KiB vmemmap can be freed for a 1.00 GiB page
[    0.295040][    T1] HugeTLB: registered 2.00 MiB page size, pre-allocated 0 pages
[    0.296134][    T1] HugeTLB: 28 KiB vmemmap can be freed for a 2.00 MiB page
[    0.296745][    T1] Demotion targets for Node 0: null
[    0.297781][    T1] ACPI: Added _OSI(Module Device)
[    0.298512][    T1] ACPI: Added _OSI(Processor Device)
[    0.299265][    T1] ACPI: Added _OSI(3.0 _SCP Extensions)
[    0.299486][    T1] ACPI: Added _OSI(Processor Aggregator Device)
[    0.301860][    T1] ACPI: 1 ACPI AML tables successfully acquired and loaded
[    0.303820][    T1] ACPI: _OSC evaluation for CPUs failed, trying _PDC
[    0.304985][    T1] ACPI: Interpreter enabled
[    0.305640][    T1] ACPI: PM: (supports S0 S3 S4 S5)
[    0.306152][    T1] ACPI: Using IOAPIC for interrupt routing
[    0.307167][    T1] PCI: Using host bridge windows from ACPI; if necessary, use "pci=nocrs" and report a bug
[    0.308592][    T1] PCI: Using E820 reservations for host bridge windows
[    0.309625][    T1] ACPI: Enabled 2 GPEs in block 00 to 0F
[    0.314229][    T1] ACPI: PCI Root Bridge [PCI0] (domain 0000 [bus 00-ff])
[    0.315238][    T1] acpi PNP0A03:00: _OSC: OS supports [ExtendedConfig ASPM ClockPM Segments MSI EDR HPX-Type3]
[    0.316622][    T1] acpiphp: Slot [3] registered
[    0.317325][    T1] acpiphp: Slot [4] registered
[    0.318020][    T1] acpiphp: Slot [5] registered
[    0.318713][    T1] acpiphp: Slot [6] registered
[    0.319412][    T1] acpiphp: Slot [7] registered
[    0.319505][    T1] acpiphp: Slot [8] registered
[    0.320199][    T1] acpiphp: Slot [9] registered
[    0.320908][    T1] acpiphp: Slot [10] registered
[    0.321614][    T1] acpiphp: Slot [11] registered
[    0.322321][    T1] acpiphp: Slot [12] registered
[    0.322839][    T1] acpiphp: Slot [13] registered
[    0.323544][    T1] acpiphp: Slot [14] registered
[    0.324254][    T1] acpiphp: Slot [15] registered
[    0.324962][    T1] acpiphp: Slot [16] registered
[    0.325666][    T1] acpiphp: Slot [17] registered
[    0.326171][    T1] acpiphp: Slot [18] registered
[    0.326876][    T1] acpiphp: Slot [19] registered
[    0.327580][    T1] acpiphp: Slot [20] registered
[    0.328288][    T1] acpiphp: Slot [21] registered
[    0.328995][    T1] acpiphp: Slot [22] registered
[    0.329504][    T1] acpiphp: Slot [23] registered
[    0.330209][    T1] acpiphp: Slot [24] registered
[    0.330914][    T1] acpiphp: Slot [25] registered
[    0.331617][    T1] acpiphp: Slot [26] registered
[    0.332332][    T1] acpiphp: Slot [27] registered
[    0.332840][    T1] acpiphp: Slot [28] registered
[    0.333551][    T1] acpiphp: Slot [29] registered
[    0.334256][    T1] acpiphp: Slot [30] registered
[    0.334961][    T1] acpiphp: Slot [31] registered
[    0.335665][    T1] PCI host bridge to bus 0000:00
[    0.336151][    T1] pci_bus 0000:00: root bus resource [io  0x0000-0x0cf7 window]
[    0.337233][    T1] pci_bus 0000:00: root bus resource [io  0x0d00-0xffff window]
[    0.338314][    T1] pci_bus 0000:00: root bus resource [mem 0x000a0000-0x000bffff window]
[    0.339484][    T1] pci_bus 0000:00: root bus resource [mem 0x60000000-0xfebfffff window]
[    0.340666][    T1] pci_bus 0000:00: root bus resource [mem 0x100000000-0x17fffffff window]
[    0.341869][    T1] pci_bus 0000:00: root bus resource [bus 00-ff]
[    0.342939][    T1] pci 0000:00:00.0: [8086:1237] type 00 class 0x060000 conventional PCI endpoint
[    0.345392][    T1] pci 0000:00:01.0: [8086:7000] type 00 class 0x060100 conventional PCI endpoint
[    0.346772][    T1] pci 0000:00:01.1: [8086:7010] type 00 class 0x010180 conventional PCI endpoint
[    0.350382][    T1] pci 0000:00:01.1: BAR 4 [io  0xc2c0-0xc2cf]
[    0.352731][    T1] pci 0000:00:01.1: BAR 0 [io  0x01f0-0x01f7]: legacy IDE quirk
[    0.352818][    T1] pci 0000:00:01.1: BAR 1 [io  0x03f6]: legacy IDE quirk
[    0.353820][    T1] pci 0000:00:01.1: BAR 2 [io  0x0170-0x0177]: legacy IDE quirk
[    0.354903][    T1] pci 0000:00:01.1: BAR 3 [io  0x0376]: legacy IDE quirk
[    0.356050][    T1] pci 0000:00:01.3: [8086:7113] type 00 class 0x068000 conventional PCI endpoint
[    0.356620][    T1] pci 0000:00:01.3: quirk: [io  0x0600-0x063f] claimed by PIIX4 ACPI
[    0.357779][    T1] pci 0000:00:01.3: quirk: [io  0x0700-0x070f] claimed by PIIX4 SMB
[    0.359493][    T1] pci 0000:00:02.0: [1234:1111] type 00 class 0x030000 conventional PCI endpoint
[    0.365333][    T1] pci 0000:00:02.0: BAR 0 [mem 0xfd000000-0xfdffffff pref]
[    0.374574][    T1] pci 0000:00:02.0: BAR 2 [mem 0xfebd8000-0xfebd8fff]
[    0.394742][    T1] pci 0000:00:02.0: ROM [mem 0xfebc0000-0xfebcffff pref]
[    0.396255][    T1] pci 0000:00:02.0: Video device with shadowed ROM at [mem 0x000c0000-0x000dffff]
[    0.400189][    T1] pci 0000:00:03.0: [8086:2668] type 00 class 0x040300 conventional PCI endpoint
[    0.402822][    T1] pci 0000:00:03.0: BAR 0 [mem 0xfebd0000-0xfebd3fff]
[    0.408297][    T1] pci 0000:00:04.0: [1af4:1000] type 00 class 0x020000 conventional PCI endpoint
[    0.411778][    T1] pci 0000:00:04.0: BAR 0 [io  0xc280-0xc29f]
[    0.414561][    T1] pci 0000:00:04.0: BAR 1 [mem 0xfebd9000-0xfebd9fff]
[    0.418585][    T1] pci 0000:00:04.0: BAR 4 [mem 0xfe000000-0xfe003fff 64bit pref]
[    0.421450][    T1] pci 0000:00:04.0: ROM [mem 0xfeb80000-0xfebbffff pref]
[    0.424610][    T1] pci 0000:00:05.0: [1af4:1005] type 00 class 0x00ff00 conventional PCI endpoint
[    0.426557][    T1] pci 0000:00:05.0: BAR 0 [io  0xc2a0-0xc2bf]
[    0.430794][    T1] pci 0000:00:05.0: BAR 4 [mem 0xfe004000-0xfe007fff 64bit pref]
[    0.435796][    T1] pci 0000:00:06.0: [1b36:000d] type 00 class 0x0c0330 conventional PCI endpoint
[    0.436680][    T1] pci 0000:00:06.0: BAR 0 [mem 0xfebd4000-0xfebd7fff 64bit]
[    0.440614][    T1] pci 0000:00:07.0: [1af4:1003] type 00 class 0x078000 conventional PCI endpoint
[    0.442819][    T1] pci 0000:00:07.0: BAR 0 [io  0xc200-0xc23f]
[    0.445932][    T1] pci 0000:00:07.0: BAR 1 [mem 0xfebda000-0xfebdafff]
[    0.449485][    T1] pci 0000:00:07.0: BAR 4 [mem 0xfe008000-0xfe00bfff 64bit pref]
[    0.456021][    T1] pci 0000:00:08.0: [1af4:1004] type 00 class 0x010000 conventional PCI endpoint
[    0.462827][    T1] pci 0000:00:08.0: BAR 0 [io  0xc240-0xc27f]
[    0.469509][    T1] pci 0000:00:08.0: BAR 1 [mem 0xfebdb000-0xfebdbfff]
[    0.486156][    T1] pci 0000:00:08.0: BAR 4 [mem 0xfe00c000-0xfe00ffff 64bit pref]
[    0.495211][    T1] pci 0000:00:09.0: [1af4:1001] type 00 class 0x010000 conventional PCI endpoint
[    0.502821][    T1] pci 0000:00:09.0: BAR 0 [io  0xc000-0xc07f]
[    0.509488][    T1] pci 0000:00:09.0: BAR 1 [mem 0xfebdc000-0xfebdcfff]
[    0.529492][    T1] pci 0000:00:09.0: BAR 4 [mem 0xfe010000-0xfe013fff 64bit pref]
[    0.536573][    T1] pci 0000:00:0a.0: [1af4:1001] type 00 class 0x010000 conventional PCI endpoint
[    0.542822][    T1] pci 0000:00:0a.0: BAR 0 [io  0xc080-0xc0ff]
[    0.549485][    T1] pci 0000:00:0a.0: BAR 1 [mem 0xfebdd000-0xfebddfff]
[    0.562819][    T1] pci 0000:00:0a.0: BAR 4 [mem 0xfe014000-0xfe017fff 64bit pref]
[    0.569618][    T1] pci 0000:00:0b.0: [1af4:1001] type 00 class 0x010000 conventional PCI endpoint
[    0.573874][    T1] pci 0000:00:0b.0: BAR 0 [io  0xc100-0xc17f]
[    0.577005][    T1] pci 0000:00:0b.0: BAR 1 [mem 0xfebde000-0xfebdefff]
[    0.586012][    T1] pci 0000:00:0b.0: BAR 4 [mem 0xfe018000-0xfe01bfff 64bit pref]
[    0.591551][    T1] pci 0000:00:0c.0: [1af4:1001] type 00 class 0x010000 conventional PCI endpoint
[    0.596755][    T1] pci 0000:00:0c.0: BAR 0 [io  0xc180-0xc1ff]
[    0.599485][    T1] pci 0000:00:0c.0: BAR 1 [mem 0xfebdf000-0xfebdffff]
[    0.610696][    T1] pci 0000:00:0c.0: BAR 4 [mem 0xfe01c000-0xfe01ffff 64bit pref]
[    0.622301][    T1] ACPI: PCI: Interrupt link LNKA configured for IRQ 10
[    0.622969][    T1] ACPI: PCI: Interrupt link LNKB configured for IRQ 10
[    0.624088][    T1] ACPI: PCI: Interrupt link LNKC configured for IRQ 11
[    0.625208][    T1] ACPI: PCI: Interrupt link LNKD configured for IRQ 11
[    0.626226][    T1] ACPI: PCI: Interrupt link LNKS configured for IRQ 9
[    0.627477][    T1] iommu: Default domain type: Passthrough
[    0.628392][    T1] pps_core: LinuxPPS API ver. 1 registered
[    0.629242][    T1] pps_core: Software ver. 5.3.6 - Copyright 2005-2007 Rodolfo Giometti <giometti@linux.it>
[    0.629489][    T1] PTP clock support registered
[    0.630181][    T1] EDAC MC: Ver: 3.0.0
[    0.631316][    T1] NetLabel: Initializing
[    0.631937][    T1] NetLabel:  domain hash size = 128
[    0.632677][    T1] NetLabel:  protocols = UNLABELED CIPSOv4 CALIPSO
[    0.632839][    T1] NetLabel:  unlabeled traffic allowed by default
[    0.633762][    T1] mctp: management component transport protocol core
[    0.634716][    T1] NET: Registered PF_MCTP protocol family
[    0.635551][    T1] PCI: Using ACPI for IRQ routing
[    0.636457][    T1] pci 0000:00:02.0: vgaarb: setting as boot VGA device
[    0.637440][    T1] pci 0000:00:02.0: vgaarb: bridge control possible
[    0.638382][    T1] pci 0000:00:02.0: vgaarb: VGA device added: decodes=io+mem,owns=io+mem,locks=none
[    0.639486][    T1] vgaarb: loaded
[    0.640187][    T1] hpet0: at MMIO 0xfed00000, IRQs 2, 8, 0
[    0.641012][    T1] hpet0: 3 comparators, 64-bit 100.000000 MHz counter
[    0.644918][    T1] clocksource: Switched to clocksource kvm-clock
[    0.646146][    T1] VFS: Disk quotas dquot_6.6.0
[    0.646146][    T1] VFS: Dquot-cache hash table entries: 512 (order 0, 4096 bytes)
[    0.646701][    T1] AppArmor: AppArmor Filesystem Enabled
[    0.647392][    T1] pnp: PnP ACPI init
[    0.647392][    T1] pnp: PnP ACPI: found 6 devices
[    0.655397][    T1] clocksource: acpi_pm: mask: 0xffffff max_cycles: 0xffffff, max_idle_ns: 2085701024 ns
[    0.656905][    T1] NET: Registered PF_INET protocol family
[    0.657762][    T1] IP idents hash table entries: 32768 (order: 6, 262144 bytes, linear)
[    0.670170][    T1] tcp_listen_portaddr_hash hash table entries: 1024 (order: 2, 16384 bytes, linear)
[    0.671522][    T1] Table-perturb hash table entries: 65536 (order: 6, 262144 bytes, linear)
[    0.672784][    T1] TCP established hash table entries: 16384 (order: 5, 131072 bytes, linear)
[    0.674051][    T1] TCP bind hash table entries: 16384 (order: 7, 524288 bytes, linear)
[    0.675243][    T1] TCP: Hash tables configured (established 16384 bind 16384)
[    0.676352][    T1] MPTCP token hash table entries: 2048 (order: 3, 49152 bytes, linear)
[    0.677544][    T1] UDP hash table entries: 1024 (order: 3, 32768 bytes, linear)
[    0.678617][    T1] UDP-Lite hash table entries: 1024 (order: 3, 32768 bytes, linear)
[    0.679788][    T1] NET: Registered PF_UNIX/PF_LOCAL protocol family
[    0.680734][    T1] NET: Registered PF_XDP protocol family
[    0.681538][    T1] pci_bus 0000:00: resource 4 [io  0x0000-0x0cf7 window]
[    0.682544][    T1] pci_bus 0000:00: resource 5 [io  0x0d00-0xffff window]
[    0.683538][    T1] pci_bus 0000:00: resource 6 [mem 0x000a0000-0x000bffff window]
[    0.684637][    T1] pci_bus 0000:00: resource 7 [mem 0x60000000-0xfebfffff window]
[    0.685739][    T1] pci_bus 0000:00: resource 8 [mem 0x100000000-0x17fffffff window]
[    0.686906][    T1] pci 0000:00:01.0: PIIX3: Enabling Passive Release
[    0.687848][    T1] pci 0000:00:00.0: Limiting direct PCI/PCI transfers
[    0.727823][    T1] ACPI: \_SB_.LNKB: Enabled at IRQ 10
[    0.767718][    T1] pci 0000:00:06.0: quirk_usb_early_handoff+0x0/0x710 took 76979 usecs
[    0.768986][    T1] PCI: CLS 0 bytes, default 64
[    0.769811][    T1] clocksource: tsc: mask: 0xffffffffffffffff max_cycles: 0x1fb63109b96, max_idle_ns: 440795265316 ns
[    0.771466][   T10] Trying to unpack rootfs image as initramfs...
[    0.775705][    T1] Initialise system trusted keyrings
[    0.776497][    T1] Key type blacklist registered
[    0.777225][    T1] workingset: timestamp_bits=36 max_order=19 bucket_order=0
[    0.778269][    T1] zbud: loaded
[    0.782235][    T1] integrity: Platform Keyring initialized
[    0.783069][    T1] integrity: Machine keyring initialized
[    0.805435][    T1] Key type asymmetric registered
[    0.806156][    T1] Asymmetric key parser 'x509' registered
[    2.881746][   T10] Freeing initrd memory: 243888K
[    2.883236][    T1] Block layer SCSI generic (bsg) driver version 0.4 loaded (major 247)
[    2.884486][    T1] io scheduler mq-deadline registered
[    2.885273][    T1] io scheduler kyber registered
[    2.886003][    T1] io scheduler bfq registered
[    2.887960][    T1] shpchp: Standard Hot Plug PCI Controller Driver version: 0.4
[    2.928456][    T1] ACPI: \_SB_.LNKD: Enabled at IRQ 11
[    2.969226][    T1] ACPI: \_SB_.LNKA: Enabled at IRQ 10
[    3.010078][    T1] ACPI: \_SB_.LNKC: Enabled at IRQ 11
[    3.251226][    T1] Serial: 8250/16550 driver, 32 ports, IRQ sharing enabled
[    3.253094][    T1] 00:04: ttyS0 at I/O 0x3f8 (irq = 4, base_baud = 115200) is a 16550A
[    3.341391][    T1] Non-volatile memory driver v1.3
[    3.342155][    T1] Linux agpgart interface v0.103
[    3.342998][    T1] ACPI: bus type drm_connector registered
[    3.344114][    T1] i8042: PNP: PS/2 Controller [PNP0303:KBD,PNP0f13:MOU] at 0x60,0x64 irq 1,12
[    3.346111][    T1] serio: i8042 KBD port at 0x60,0x64 irq 1
[    3.346943][    T1] serio: i8042 AUX port at 0x60,0x64 irq 12
[    3.347898][    T1] mousedev: PS/2 mouse device common for all mice
[    3.349109][    T9] input: AT Translated Set 2 keyboard as /devices/platform/i8042/serio0/input/input0
[    3.351183][    T9] input: VirtualPS/2 VMware VMMouse as /devices/platform/i8042/serio1/input/input3
[    3.352565][    T1] rtc_cmos 00:05: RTC can wake from S4
[    3.354088][    T9] input: VirtualPS/2 VMware VMMouse as /devices/platform/i8042/serio1/input/input2
[    3.355501][    T1] rtc_cmos 00:05: registered as rtc0
[    3.356351][    T1] rtc_cmos 00:05: setting system clock to 2024-05-28T07:01:19 UTC (1716879679)
[    3.357707][    T1] rtc_cmos 00:05: alarms up to one day, y3k, 242 bytes nvram, hpet irqs
[    3.359028][    T1] amd_pstate: the _CPC object is not present in SBIOS or ACPI disabled
[    3.360222][    T1] ledtrig-cpu: registered to indicate activity on CPUs
[    3.361386][    T1] [drm] Initialized simpledrm 1.0.0 20200625 for simple-framebuffer.0 on minor 0
[    3.364724][    T1] Console: switching to colour frame buffer device 128x48
[    3.366544][    T1] simple-framebuffer simple-framebuffer.0: [drm] fb0: simpledrmdrmfb frame buffer device
[    3.368007][    T1] hid: raw HID events driver (C) Jiri Kosina
[    3.368949][    T1] drop_monitor: Initializing network drop monitor service
[    3.370159][    T1] NET: Registered PF_INET6 protocol family
[    3.372119][    T1] Segment Routing with IPv6
[    3.372782][    T1] RPL Segment Routing with IPv6
[    3.373510][    T1] In-situ OAM (IOAM) with IPv6
[    3.374534][    T1] IPI shorthand broadcast: enabled
[    3.377295][    T1] sched_clock: Marking stable (3240002870, 135382963)->(3576261751, -200875918)
[    3.378740][    T1] registered taskstats version 1
[    3.379580][    T1] Loading compiled-in X.509 certificates
[    3.380446][    T1] Loaded X.509 cert 'openSUSE Secure Boot Signkey: fd9f2c12e599d67cc7f9067541adf426b712469e'
[    3.384409][    T1] page_owner is disabled
[    3.385107][    T1] Key type .fscrypt registered
[    3.385956][    T1] Key type fscrypt-provisioning registered
[    3.387552][    T1] Key type encrypted registered
[    3.388292][    T1] AppArmor: AppArmor sha256 policy hashing enabled
[    3.389276][    T1] ima: No TPM chip found, activating TPM-bypass!
[    3.390212][    T1] Loading compiled-in module X.509 certificates
[    3.391135][    T1] Loaded X.509 cert 'openSUSE Secure Boot Signkey: fd9f2c12e599d67cc7f9067541adf426b712469e'
[    3.392645][    T1] ima: Allocated hash algorithm: sha256
[    3.393474][    T1] ima: No architecture policies found
[    3.394298][    T1] evm: Initialising EVM extended attributes:
[    3.395361][    T1] evm: security.selinux
[    3.396202][    T1] evm: security.SMACK64 (disabled)
[    3.397142][    T1] evm: security.SMACK64EXEC (disabled)
[    3.398124][    T1] evm: security.SMACK64TRANSMUTE (disabled)
[    3.399179][    T1] evm: security.SMACK64MMAP (disabled)
[    3.400165][    T1] evm: security.apparmor
[    3.400968][    T1] evm: security.ima
[    3.401715][    T1] evm: security.capability
[    3.402580][    T1] evm: HMAC attrs: 0x1
[    3.506741][    T1] PM:   Magic number: 8:799:16
[    3.512637][    T1] RAS: Correctable Errors collector initialized.
[    3.526989][    T1] clk: Disabling unused clocks
[    3.528090][    T1] PM: genpd: Disabling unused power domains
[    3.530616][    T1] Freeing unused decrypted memory: 2028K
[    3.532360][    T1] Freeing unused kernel image (initmem) memory: 4224K
[    3.533723][    T1] Write protecting the kernel read-only data: 30720k
[    3.535462][    T1] Freeing unused kernel image (rodata/data gap) memory: 1316K
[    3.536922][    T1] Run /init as init process
[    3.555090][  T131] zram: Added device: zram0
[    3.608150][  T130] zram0: detected capacity change from 0 to 2097152
[    3.616661][    T1] EXT4-fs (zram0): mounting ext2 file system using the ext4 subsystem
[    3.618548][    T1] EXT4-fs (zram0): mounted filesystem e4ab5c5c-c8de-476f-898f-8267e4a2ea45 r/w without journal. Quota mode: none.
[    4.907731][  T144] loop: module loaded
[    5.057583][  T158] squashfs: version 4.0 (2009/01/31) Phillip Lougher
[    5.191216][    T1] loop0: detected capacity change from 0 to 409344
[    5.355588][    T1] loop1: detected capacity change from 0 to 38784
[    5.451965][  T178] BIOS EDD facility v0.16 2004-Jun-25, 4 devices found
[    5.464927][  T179] SCSI subsystem initialized
[    5.466581][  T179] alua: device handler registered
[    5.469563][  T181] emc: device handler registered
[    5.472548][  T182] rdac: device handler registered
[    5.786883][  T202] piix4_smbus 0000:00:01.3: SMBus Host Controller at 0x700, revision 0
[    5.812781][  T192] input: Power Button as /devices/LNXSYSTM:00/LNXPWRBN:00/input/input4
[    5.819675][  T199] virtio_blk virtio4: 1/0/0 default/read/poll queues
[    5.821209][  T199] virtio_blk virtio4: [vda] 41943040 512-byte logical blocks (21.5 GB/20.0 GiB)
[    5.847348][  T200] Console: switching to colour dummy device 80x25
[    5.859084][  T200] bochs-drm 0000:00:02.0: vgaarb: deactivate vga console
[    5.860198][  T200] [drm] Found bochs VGA, ID 0xb0c5.
[    5.860948][  T200] [drm] Framebuffer size 16384 kB @ 0xfd000000, mmio @ 0xfebd8000.
[    5.862595][  T202] virtio_scsi virtio3: 1/0/0 default/read/poll queues
[    5.864396][  T202] scsi host0: Virtio SCSI HBA
[    5.898789][  T192] ACPI: button: Power Button [PWRF]
[    5.910526][  T200] [drm] Found EDID data blob.
[    5.920145][  T200] [drm] Initialized bochs-drm 1.0.0 20130925 for 0000:00:02.0 on minor 0
[    5.931891][  T193] parport_pc 00:03: reported by Plug and Play ACPI
[    5.933703][  T198] ACPI: bus type USB registered
[    5.934436][  T198] usbcore: registered new interface driver usbfs
[    5.935347][  T198] usbcore: registered new interface driver hub
[    5.936706][  T200] fbcon: bochs-drmdrmfb (fb0) is primary device
[    5.983662][  T197] FDC 0 is a S82078B
[    5.987006][  T198] usbcore: registered new device driver usb
[    5.987277][  T193] parport0: PC-style at 0x378, irq 7 [PCSPP,TRISTATE]
[    6.000212][   T10] scsi 0:0:0:0: CD-ROM            QEMU     QEMU CD-ROM      2.5+ PQ: 0 ANSI: 5
[    6.000433][  T199] virtio_blk virtio5: 1/0/0 default/read/poll queues
[    6.000982][  T199] virtio_blk virtio5: [vdb] 41943040 512-byte logical blocks (21.5 GB/20.0 GiB)
[    6.018818][  T194] scsi host1: ata_piix
[    6.032116][  T194] scsi host2: ata_piix
[    6.032169][  T194] ata1: PATA max MWDMA2 cmd 0x1f0 ctl 0x3f6 bmdma 0xc2c0 irq 14 lpm-pol 0
[    6.032171][  T194] ata2: PATA max MWDMA2 cmd 0x170 ctl 0x376 bmdma 0xc2c8 irq 15 lpm-pol 0
[    6.062676][  T199] virtio_blk virtio6: 1/0/0 default/read/poll queues
[    6.063756][  T199] virtio_blk virtio6: [vdc] 41943040 512-byte logical blocks (21.5 GB/20.0 GiB)
[    6.203216][  T200] Console: switching to colour frame buffer device 128x48
[    6.203325][  T199] virtio_blk virtio7: 1/0/0 default/read/poll queues
[    6.203932][  T199] virtio_blk virtio7: [vdd] 41943040 512-byte logical blocks (21.5 GB/20.0 GiB)
[    6.346649][  T200] bochs-drm 0000:00:02.0: [drm] fb0: bochs-drmdrmfb frame buffer device
[    6.366917][  T192] input: PC Speaker as /devices/platform/pcspkr/input/input5
[    6.421340][  T195] cryptd: max_cpu_qlen set to 1000
[    6.473289][  T195] AVX2 version of gcm_enc/dec engaged.
[    6.474112][  T195] AES CTR mode by8 optimization enabled
[    6.799884][  T199] virtio_net virtio0 ens4: renamed from eth0
[    6.822292][  T198] xhci_hcd 0000:00:06.0: xHCI Host Controller
[    6.823182][  T198] xhci_hcd 0000:00:06.0: new USB bus registered, assigned bus number 1
[    6.824623][  T198] xhci_hcd 0000:00:06.0: hcc params 0x00087001 hci version 0x100 quirks 0x0000000000000010
[    6.873367][  T198] xhci_hcd 0000:00:06.0: xHCI Host Controller
[    6.874276][  T198] xhci_hcd 0000:00:06.0: new USB bus registered, assigned bus number 2
[    6.888495][    C0] sr 0:0:0:0: Power-on or device reset occurred
[    6.891894][  T192] sr 0:0:0:0: [sr0] scsi3-mmc drive: 16x/50x cd/rw xa/form2 cdda tray
[    6.893108][  T192] cdrom: Uniform CD-ROM driver Revision: 3.20
[    6.896941][  T198] xhci_hcd 0000:00:06.0: Host supports USB 3.0 SuperSpeed
[    6.901060][  T198] usb usb1: New USB device found, idVendor=1d6b, idProduct=0002, bcdDevice= 6.09
[    6.902433][  T198] usb usb1: New USB device strings: Mfr=3, Product=2, SerialNumber=1
[    6.903599][  T198] usb usb1: Product: xHCI Host Controller
[    6.904431][  T198] usb usb1: Manufacturer: Linux 6.9.1-1-default xhci-hcd
[    6.905455][  T198] usb usb1: SerialNumber: 0000:00:06.0
[    6.909336][  T198] hub 1-0:1.0: USB hub found
[    6.910451][  T198] hub 1-0:1.0: 4 ports detected
[    6.915624][  T198] usb usb2: We don't know the algorithms for LPM for this host, disabling LPM.
[    6.918501][  T198] usb usb2: New USB device found, idVendor=1d6b, idProduct=0003, bcdDevice= 6.09
[    6.919844][  T198] usb usb2: New USB device strings: Mfr=3, Product=2, SerialNumber=1
[    6.921004][  T198] usb usb2: Product: xHCI Host Controller
[    6.921819][  T198] usb usb2: Manufacturer: Linux 6.9.1-1-default xhci-hcd
[    6.922830][  T198] usb usb2: SerialNumber: 0000:00:06.0
[    6.931113][  T198] hub 2-0:1.0: USB hub found
[    6.931900][  T198] hub 2-0:1.0: 4 ports detected
[    7.138942][  T456] RPC: Registered named UNIX socket transport module.
[    7.139936][  T456] RPC: Registered udp transport module.
[    7.140745][  T456] RPC: Registered tcp transport module.
[    7.141543][  T456] RPC: Registered tcp-with-tls transport module.
[    7.142469][  T456] RPC: Registered tcp NFSv4.1 backchannel transport module.
[    7.167763][  T135] usb 1-1: new high-speed USB device number 2 using xhci_hcd
[    7.314156][  T135] usb 1-1: New USB device found, idVendor=0627, idProduct=0001, bcdDevice= 0.00
[    7.315468][  T135] usb 1-1: New USB device strings: Mfr=1, Product=3, SerialNumber=10
[    7.316689][  T135] usb 1-1: Product: QEMU USB Tablet
[    7.317464][  T135] usb 1-1: Manufacturer: QEMU
[    7.318131][  T135] usb 1-1: SerialNumber: 28754-0000:00:06.0-1
[    7.341452][  T192] usbcore: registered new interface driver usbhid
[    7.342409][  T192] usbhid: USB HID core driver
[    7.349871][  T192] input: QEMU QEMU USB Tablet as /devices/pci0000:00/0000:00:06.0/usb1/1-1/1-1:1.0/0003:0627:0001.0001/input/input6
[    7.353660][  T192] hid-generic 0003:0627:0001.0001: input,hidraw0: USB HID v0.01 Mouse [QEMU QEMU USB Tablet] on usb-0000:00:06.0-1/input0
[    7.368177][  T481] No iBFT detected.
[    7.838262][  T519] st: Version 20160209, fixed bufsize 32768, s/g segs 256
[    7.860466][  T523] sr 0:0:0:0: Attached scsi generic sg0 type 5
[    8.009807][  T541] NET: Registered PF_PACKET protocol family
[    9.120923][  T691] netfs: FS-Cache loaded
[   13.753689][ T1295] 8021q: 802.1Q VLAN Support v1.8
[   14.122764][ T1345] device-mapper: uevent: version 1.0.3
[   14.124072][ T1345] device-mapper: ioctl: 4.48.0-ioctl (2023-03-01) initialised: dm-devel@lists.linux.dev
[   15.278719][ T1497] raid6: avx2x4   gen() 31151 MB/s
[   15.335386][ T1497] raid6: avx2x2   gen() 27166 MB/s
[   15.392051][ T1497] raid6: avx2x1   gen() 25831 MB/s
[   15.392775][ T1497] raid6: using algorithm avx2x4 gen() 31151 MB/s
[   15.448718][ T1497] raid6: .... xor() 4970 MB/s, rmw enabled
[   15.449551][ T1497] raid6: using avx2x2 recovery algorithm
YpuUt-0-
20240528
/.packages.initrd:
aaa_base [84.87+git20240523.10a5692-1.1.x86_64]
acpica [20240321-1.1.x86_64]
alts [1.2+30.a5431e9-1.5.x86_64] < dbus-1
autoyast2 [5.0.2-1.1.noarch]
autoyast2-installation [5.0.2-1.1.noarch]
bash [5.2.26-12.1.x86_64]
bcache-tools [1.1+git37.a5e3753-1.3.x86_64]
bcm43xx-firmware [20180314-16.3.noarch]
biosdevname [0.7.3.7.g495ab76-2.2.x86_64]
blog [2.28-1.3.x86_64]
ca-certificates [2+git20240415.3fe9324-1.1.noarch]
ca-certificates-mozilla [2.66-1.2.noarch]
chrony [4.5-1.1.x86_64]
cifs-utils [7.0-3.2.x86_64]
coreutils [9.5-1.1.x86_64]
cpio [2.15-3.1.x86_64]
cracklib [2.9.11-1.4.x86_64] < libcrack2 < libpwquality1 < cryptsetup
crypto-policies [20230920.570ea89-3.2.noarch] < krb5
cryptsetup [2.7.2-1.1.x86_64]
curl [8.8.0-1.1.x86_64]
dbus-1 [1.14.10-2.3.x86_64]
dbus-1-common [1.14.10-2.3.noarch]
dbus-1-daemon [1.14.10-2.3.x86_64]
dbus-1-tools [1.14.10-2.3.x86_64] < dbus-1
device-mapper [2.03.22_1.02.196-3.1.x86_64]
diffutils [3.10-1.7.x86_64]
dmidecode [3.5-4.2.x86_64]
e2fsprogs [1.47.0-4.2.x86_64]
ethtool [6.7-1.2.x86_64]
fcoe-utils [1.0.34-5.2.x86_64]
file-magic [5.45-2.2.noarch] < libmagic1 < util-linux
findutils [4.9.0-4.1.x86_64] < systemd
gawk [5.3.0-1.5.x86_64]
gio-branding-upstream [2.80.2-1.1.noarch] < libgio-2_0-0 < tpm2.0-abrmd
glib2-tools [2.80.2-1.1.x86_64] < libgio-2_0-0 < tpm2.0-abrmd
glibc [2.39-7.1.x86_64]
glibc-locale-base [2.39-7.1.x86_64]
gpg2 [2.4.5-1.1.x86_64]
grep [3.11-3.1.x86_64]
gzip [1.13-3.1.x86_64]
hostname [3.23-3.7.x86_64]
hwinfo [23.2-1.5.x86_64]
iproute2 [6.9-1.1.x86_64]
iputils [20240117-1.3.x86_64]
iscsiuio [0.7.8.8-104.3.x86_64]
joe [4.6-3.2.x86_64]
jq [1.7.1-1.3.x86_64] < wicked-nbft
kbd [2.6.4-4.1.x86_64]
kexec-tools [2.0.28-1.2.x86_64]
kmod [32-1.1.x86_64]
kpartx [0.9.8+88+suse.d504d83-1.1.x86_64]
krb5 [1.21.2-5.1.x86_64]
libacl1 [2.3.2-2.1.x86_64] < rpm
libalternatives1 [1.2+30.a5431e9-1.5.x86_64] < alts < dbus-1
libapparmor1 [4.0.1-1.1.x86_64] < systemd
libargon2-1 [20190702-4.1.x86_64] < libcryptsetup12 < cryptsetup
libassuan0 [2.5.7-1.1.x86_64] < gpg2
libattr1 [2.5.2-1.2.x86_64] < coreutils
libaudit1 [3.1.1-1.6.x86_64] < systemd
libblkid1 [2.40.1-2.1.x86_64] < e2fsprogs
libblogger2 [2.28-1.3.x86_64] < blog
libbpf1 [1.4.2-1.1.x86_64] < iproute2
libbrotlicommon1 [1.1.0-1.3.x86_64] < libbrotlidec1 < libcurl4 < curl
libbrotlidec1 [1.1.0-1.3.x86_64] < libcurl4 < curl
libbz2-1 [1.0.8-5.10.x86_64] < rpm
libcap-ng0 [0.8.5-1.1.x86_64] < cifs-utils
libcap2 [2.69-1.7.x86_64] < nfs-client
libcom_err2 [1.47.0-4.2.x86_64] < nfs-client
libconfig11 [1.7.3-1.11.x86_64] < open-lldp < fcoe-utils
libcrack2 [2.9.11-1.4.x86_64] < libpwquality1 < cryptsetup
libcrypt1 [4.4.36-1.6.x86_64] < systemd
libcryptsetup12 [2.7.2-1.1.x86_64] < cryptsetup
libcurl4 [8.8.0-1.1.x86_64] < curl
libdbus-1-3 [1.14.10-2.3.x86_64] < dbus-1
libdevmapper-event1_03 [2.03.22_1.02.196-3.1.x86_64] < device-mapper
libdevmapper1_03 [2.03.22_1.02.196-3.1.x86_64] < nfs-client
libdrm2 [2.4.120-1.3.x86_64] < plymouth
libdw1 [0.191-1.2.x86_64] < strace
libeconf0 [0.6.3-1.1.x86_64] < util-linux-systemd
libefivar1 [38-2.3.x86_64] < tpm2.0-tools
libelf1 [0.191-1.2.x86_64] < iproute2
libestr0 [0.1.11-1.19.x86_64] < rsyslog
libevent-2_1-7 [2.1.12-4.2.x86_64] < nfs-client
libexpat1 [2.6.2-1.1.x86_64] < dbus-1
libext2fs2 [1.47.0-4.2.x86_64] < e2fsprogs
libfastjson4 [1.2304.0-1.4.x86_64] < rsyslog
libfdisk1 [2.40.1-2.1.x86_64] < udev
libffi8 [3.4.6-1.1.x86_64] < libgobject-2_0-0 < tpm2.0-abrmd
libfuse2 [2.9.9-6.7.x86_64] < ntfs-3g
libgcc_s1 [14.1.0+git10173-1.1.x86_64] < libncurses6 < ncurses-utils
libgcrypt20 [1.10.3-3.3.x86_64] < rpm
libgio-2_0-0 [2.80.2-1.1.x86_64] < tpm2.0-abrmd
libglib-2_0-0 [2.80.2-1.1.x86_64] < tpm2.0-abrmd
libgmodule-2_0-0 [2.80.2-1.1.x86_64] < libgio-2_0-0 < tpm2.0-abrmd
libgmp10 [6.3.0-3.2.x86_64] < coreutils
libgnutls30 [3.8.5-1.1.x86_64]
libgobject-2_0-0 [2.80.2-1.1.x86_64] < tpm2.0-abrmd
libgpg-error0 [1.49-1.1.x86_64] < gpg2
libhd23 [23.2-1.5.x86_64] < hwinfo
libhogweed6 [3.9.1-2.5.x86_64] < libgnutls30
libidn2-0 [2.3.7-1.2.x86_64] < iputils
libiw30 [30.pre9-41.1.x86_64] < wireless-tools
libjitterentropy3 [3.4.1-4.2.x86_64] < libgnutls30
libjq1 [1.7.1-1.3.x86_64] < jq < wicked-nbft
libjson-c5 [0.17-2.3.x86_64] < nvme-cli
libkeyutils1 [1.6.3-7.2.x86_64] < nfs-client
libkmod2 [32-1.1.x86_64] < systemd
libksba8 [1.6.6-1.1.x86_64] < gpg2
libldap2 [2.6.7-1.1.x86_64] < libcurl4 < curl
liblldp_clif1 [1.1+106.74c0600a8692-1.3.x86_64] < open-lldp < fcoe-utils
liblogging0 [1.0.6-4.23.x86_64] < rsyslog
liblognorm5 [2.0.6-2.22.x86_64] < rsyslog
liblua5_4-5 [5.4.6-3.3.x86_64] < rpm
liblz4-1 [1.9.4-2.8.x86_64] < systemd
liblzma5 [5.6.1.revertto5.4-3.1.x86_64] < rpm
liblzo2-2 [2.10-8.6.x86_64] < squashfs
libmagic1 [5.45-2.2.x86_64] < util-linux
libmediacheck6 [6.3-1.1.x86_64] < linuxrc
libmnl0 [1.0.5-1.7.x86_64] < iproute2
libmount1 [2.40.1-2.1.x86_64] < nfs-client
libmpfr6 [4.2.1-1.4.x86_64] < gawk
libncurses6 [6.5.20240427-36.1.x86_64] < ncurses-utils
libnettle8 [3.9.1-2.5.x86_64] < libgnutls30
libnfsidmap1 [1.0-41.3.x86_64] < nfs-client
libnghttp2-14 [1.61.0-1.1.x86_64] < libcurl4 < curl
libnl-config [3.9.0-1.3.noarch] < libnl3-200 < wpa_supplicant
libnl3-200 [3.9.0-1.3.x86_64] < wpa_supplicant
libnpth0 [1.7-1.1.x86_64] < gpg2
libnss_usrfiles2 [2.27.1-1.2.x86_64] < nfs-client
libntfs-3g89 [2022.10.3-2.7.x86_64] < ntfs-3g
libnvme-mi1 [1.9+0.g80c5cf2-1.1.x86_64] < nvme-cli
libnvme1 [1.9+0.g80c5cf2-1.1.x86_64] < nvme-cli
libonig5 [6.9.9-1.3.x86_64] < libjq1 < jq < wicked-nbft
libopeniscsiusr0 [0.2.0-104.3.x86_64] < open-iscsi
libopenssl3 [3.1.4-8.1.x86_64] < tpm2.0-tools
libp11-kit0 [0.25.3-1.3.x86_64] < libgnutls30
libpci3 [3.10.0-1.5.x86_64] < biosdevname
libpciaccess0 [0.18.1-1.2.x86_64] < fcoe-utils
libpcre1 [8.45-3.1.x86_64] < liblognorm5 < rsyslog
libpcre2-8-0 [10.43-3.1.x86_64] < grep
libply-splash-core5 [22.02.122+94.4bd41a3-11.1.x86_64] < plymouth
libply-splash-graphics5 [22.02.122+94.4bd41a3-11.1.x86_64] < plymouth-plugin-script
libply5 [22.02.122+94.4bd41a3-11.1.x86_64] < plymouth
libpng16-16 [1.6.43-1.1.x86_64] < libply-splash-graphics5 < plymouth-plugin-script
libpopt0 [1.19-1.8.x86_64] < rpm
libprocps8 [3.3.17-17.1.x86_64] < procps
libpsl5 [0.21.5-1.2.x86_64] < libcurl4 < curl
libpwquality1 [1.4.5-2.3.x86_64] < cryptsetup
libreadline8 [8.2.10-1.3.x86_64] < bash
libsasl2-3 [2.1.28-8.1.x86_64] < libldap2 < libcurl4 < curl
libseccomp2 [2.5.5-1.3.x86_64] < systemd
libselinux1 [3.6-1.3.x86_64] < rpm
libsemanage-conf [3.6-1.4.x86_64] < libsemanage2 < shadow
libsemanage2 [3.6-1.4.x86_64] < shadow
libsepol2 [3.6-1.3.x86_64] < libsemanage2 < shadow
libsgutils2-1_48-2 [1.48+9.ecc03bb-1.1.x86_64] < sg3_utils
libslp1 [2.0.0-22.2.x86_64] < openslp < openslp-server
libsmartcols1 [2.40.1-2.1.x86_64] < util-linux-systemd
libsqlite3-0 [3.45.3-1.1.x86_64] < nfs-client
libssh-config [0.10.6-2.1.x86_64] < libssh4 < libcurl4 < curl
libssh4 [0.10.6-2.1.x86_64] < libcurl4 < curl
libstdc++6 [14.1.0+git10173-1.1.x86_64] < libncurses6 < ncurses-utils
libsubid4 [4.15.1-1.2.x86_64] < shadow
libsystemd0 [255.6-2.1.x86_64] < rpcbind
libtalloc2 [2.4.2-1.1.x86_64] < cifs-utils
libtasn1-6 [4.19.0-1.7.x86_64] < libgnutls30
libtirpc-netconfig [1.3.4-1.3.x86_64] < libtirpc3 < nfs-client
libtirpc3 [1.3.4-1.3.x86_64] < nfs-client
libtss2-esys0 [4.1.0-1.1.x86_64] < tpm2.0-tools
libtss2-fapi-common [4.1.0-1.1.x86_64] < libtss2-fapi1 < tpm2.0-tools
libtss2-fapi1 [4.1.0-1.1.x86_64] < tpm2.0-tools
libtss2-mu0 [4.1.0-1.1.x86_64] < tpm2.0-tools
libtss2-rc0 [4.1.0-1.1.x86_64] < tpm2.0-tools
libtss2-sys1 [4.1.0-1.1.x86_64] < tpm2.0-tools
libtss2-tcti-device0 [4.1.0-1.1.x86_64] < tpm2.0-abrmd
libtss2-tcti-tabrmd0 [3.0.0-2.7.x86_64] < tpm2.0-abrmd
libtss2-tctildr0 [4.1.0-1.1.x86_64] < tpm2.0-tools
libudev1 [255.6-2.1.x86_64] < util-linux-systemd
libunistring5 [1.2-1.1.x86_64] < libgnutls30
libusb-1_0-0 [1.0.27-1.2.x86_64] < gpg2
libuuid1 [2.40.1-2.1.x86_64] < e2fsprogs
libverto1 [0.3.2-3.3.x86_64] < krb5
libwrap0 [7.6-896.2.x86_64] < rpcbind
libx86emu3 [3.5-2.1.x86_64] < libhd23 < hwinfo
libxml2-2 [2.12.7-1.1.x86_64] < shared-mime-info < libgio-2_0-0 < tpm2.0-abrmd
libxtables12 [1.8.10-2.3.x86_64] < iproute2
libyajl2 [2.1.0-8.5.x86_64] < xen-libs < xen-tools-domU
libz1 [1.3.1-1.1.x86_64] < curl
libzstd1 [1.5.6-1.1.x86_64] < rpm
libzypp [17.34.0-1.1.x86_64]
linuxrc [9.3-1.2.x86_64]
login_defs [4.15.1-1.2.noarch] < shadow
lsscsi [0.32-1.6.x86_64]
lvm2 [2.03.22-3.1.x86_64]
mdadm [4.3-2.2.x86_64]
ncurses-utils [6.5.20240427-36.1.x86_64]
netcfg [11.6-13.3.noarch]
nfs-client [2.6.3-41.3.x86_64]
nscd [2.39-7.1.x86_64]
ntfs-3g [2022.10.3-2.7.x86_64]
nvme-cli [2.9.1-1.1.x86_64]
open-iscsi [2.1.9-104.3.x86_64]
open-isns [0.102-2.4.x86_64] < open-iscsi
open-lldp [1.1+106.74c0600a8692-1.3.x86_64] < fcoe-utils
openSUSE-release [20240527-2925.1.x86_64]
openslp [2.0.0-22.2.x86_64] < openslp-server
openslp-server [2.0.0-22.2.x86_64]
openssh-server [9.6p1-8.1.x86_64]
pam [1.6.1-1.1.x86_64]
pam-config [2.11+git.20240411-1.1.x86_64] < systemd
patch [2.7.6-7.1.x86_64]
plymouth [22.02.122+94.4bd41a3-11.1.x86_64]
plymouth-branding-openSUSE [84.87.20240405-1.2.noarch]
plymouth-plugin-script [22.02.122+94.4bd41a3-11.1.x86_64]
plymouth-plugin-tribar [22.02.122+94.4bd41a3-11.1.x86_64] < plymouth-theme-tribar
plymouth-scripts [22.02.122+94.4bd41a3-11.1.noarch]
plymouth-theme-tribar [22.02.122+94.4bd41a3-11.1.noarch]
polkit [123-2.3.x86_64]
procps [3.3.17-17.1.x86_64]
rpcbind [1.2.6-5.5.x86_64]
rpm [4.19.1.1-3.2.x86_64]
rpm-config-SUSE [20240214-1.2.noarch] < rpm
rsyslog [8.2306.0-5.2.x86_64]
samba-client-libs [4.19.5+git.342.57620c4f7e-1.2.x86_64]
sbl [3.5.0.20130317.git7a75bc29-8.1.x86_64]
sed [4.9-2.6.x86_64]
sg3_utils [1.48+9.ecc03bb-1.1.x86_64]
shadow [4.15.1-1.2.x86_64]
shared-mime-info [2.4-2.2.x86_64] < libgio-2_0-0 < tpm2.0-abrmd
sharutils [4.15.2-8.1.x86_64]
squashfs [4.6.1-2.4.x86_64]
strace [6.9-1.1.x86_64]
suse-module-tools [16.0.44-1.1.x86_64]
sysconfig [0.90.0-3.6.x86_64]
sysconfig-netconfig [0.90.0-3.6.x86_64]
syslog-service [2.0-803.2.noarch] < rsyslog
system-group-hardware [20170617-25.4.noarch]
system-group-kvm [20170617-25.4.noarch]
system-user-daemon [20170617-25.4.noarch]
system-user-lp [20170617-25.4.noarch]
system-user-root [20190513-2.16.noarch] < pam
system-user-tss [20170617-25.4.noarch]
systemd [255.6-2.1.x86_64]
systemd-default-settings [0.10-1.1.noarch] < systemd-default-settings-branding-openSUSE < systemd
systemd-default-settings-branding-openSUSE [0.10-1.1.noarch] < systemd
systemd-presets-branding-openSUSE [12.2-23.3.noarch]
systemd-presets-common-SUSE [15-32.2.noarch] < systemd-presets-branding-openSUSE
systemd-rpm-macros [24-1.6.noarch] < suse-module-tools
sysuser-shadow [3.2-2.3.noarch] < nfs-client
sysvinit-tools [3.08-2.2.x86_64]
tar [1.35-2.2.x86_64]
terminfo [6.5.20240427-36.1.x86_64]
terminfo-base [6.5.20240427-36.1.x86_64]
thin-provisioning-tools [1.0.12-3.1.x86_64] < device-mapper
tpm2-0-tss [4.1.0-1.1.x86_64] < tpm2.0-abrmd
tpm2.0-abrmd [3.0.0-2.7.x86_64]
tpm2.0-tools [5.7-2.1.x86_64]
udev [255.6-2.1.x86_64]
util-linux [2.40.1-2.1.x86_64]
util-linux-systemd [2.40.1-2.1.x86_64]
vlan [1.9-144.3.x86_64]
which [2.21-5.14.x86_64]
wicked [0.6.75-2.1.x86_64]
wicked-nbft [0.6.75-2.1.x86_64]
wicked-service [0.6.75-2.1.x86_64] < wicked
wireless-tools [30.pre9-41.1.x86_64]
wpa_supplicant [2.10-6.2.x86_64]
xen-libs [4.18.2_04-1.1.x86_64] < xen-tools-domU
xen-tools-domU [4.18.2_04-1.1.x86_64]
xf86-input-wacom [0.40.0-3.1.x86_64]
xz [5.6.1.revertto5.4-3.1.x86_64]
IsRws-0-
/.packages.root:
Mesa-dri [24.0.7-375.1.x86_64] < libglvnd < Mesa-libEGL1
Mesa-libEGL1 [24.0.7-375.1.x86_64]
Mesa-libGL1 [24.0.7-375.1.x86_64]
Mesa-libglapi0 [24.0.7-375.1.x86_64] < Mesa-libEGL1
aaa_base [84.87+git20240523.10a5692-1.1.x86_64]
adobe-sourcesans3-fonts [3.052-1.3.noarch] < yast2-qt-branding-openSUSE < skelcd-control-openSUSE
adobe-sourcesanspro-fonts [2.045-2.9.noarch]
alts [1.2+30.a5431e9-1.5.x86_64] < vim-small
augeas [1.14.1-1.3.x86_64] < ruby3.3-rubygem-ruby-augeas < ruby3.3-rubygem-cfa < yast2
augeas-lenses [1.14.1-1.3.x86_64] < yast2-installation
autoyast2 [5.0.2-1.1.noarch] < skelcd-control-openSUSE
autoyast2-installation [5.0.2-1.1.noarch] < autoyast2 < skelcd-control-openSUSE
bash [5.2.26-12.1.x86_64]
bitstream-vera-fonts [1.10-316.4.noarch] < graphviz
blog [2.28-1.3.x86_64] < sysvinit-tools
boost-license1_85_0 [1.85.0-1.2.noarch] < libboost_thread1_85_0 < snapper
btrfsprogs [6.8.1-1.1.x86_64]
btrfsprogs-udev-rules [6.8.1-1.1.noarch] < btrfsprogs
bzip2 [1.0.8-5.10.x86_64]
checkmedia [6.3-1.1.x86_64]
chrony [4.5-1.1.x86_64]
chrony-pool-openSUSE [4.5-1.1.noarch] < chrony
coreutils [9.5-1.1.x86_64]
cpio [2.15-3.1.x86_64]
cracklib [2.9.11-1.4.x86_64]
cracklib-dict-full [2.8.12-66.16.x86_64] < libpwquality1 < cryptsetup
crypto-policies [20230920.570ea89-3.2.noarch] < openssh-server
cryptsetup [2.7.2-1.1.x86_64]
dash [0.5.12-2.6.x86_64]
dbus-1 [1.14.10-2.3.x86_64] < systemd
dbus-1-common [1.14.10-2.3.noarch] < dbus-1 < systemd
dbus-1-daemon [1.14.10-2.3.x86_64] < polkit
dbus-1-tools [1.14.10-2.3.x86_64] < dbus-1 < systemd
dejavu-fonts [2.37-1.21.noarch]
device-mapper [2.03.22_1.02.196-3.1.x86_64]
diffutils [3.10-1.7.x86_64]
distribution-logos-openSUSE-Tumbleweed [20240429-1.1.noarch] < yast2-qt-branding-openSUSE < skelcd-control-openSUSE
dmz-icon-theme-cursors [11.4.0-1.2.noarch]
dosfstools [4.2-4.6.x86_64]
e2fsprogs [1.47.0-4.2.x86_64]
efibootmgr [18-1.6.x86_64]
elilo [3.16-9.2.x86_64]
exfatprogs [1.2.3-1.1.x86_64]
fcoe-utils [1.0.34-5.2.x86_64] < yast2-fcoe-client < skelcd-control-openSUSE
fdupes [2.3.0-1.1.x86_64] < ruby-common < ruby3.3 < ruby
file [5.45-2.2.x86_64]
file-magic [5.45-2.2.noarch] < libmagic1 < file
fillup [1.42-281.1.x86_64]
findutils [4.9.0-4.1.x86_64]
fontconfig [2.15.0-1.1.x86_64] < fonts-config
fonts-config [20231210+git0.f7216ba-1.3.noarch]
gawk [5.3.0-1.5.x86_64]
glib2-tools [2.80.2-1.1.x86_64] < libgio-2_0-0 < polkit
glibc [2.39-7.1.x86_64] < joe
glibc-locale-base [2.39-7.1.x86_64]
google-noto-naskharabic-fonts [20240501-1.1.noarch]
google-opensans-fonts [20210927-1.4.noarch] < yast2-qt-branding-openSUSE < skelcd-control-openSUSE
google-poppins-fonts [4.003-1.10.noarch]
google-roboto-fonts [2.138-2.7.noarch]
gpart [0.3-1.32.x86_64]
gpg2 [2.4.5-1.1.x86_64]
gpm [1.20.7-20.2.x86_64]
graphviz [2.49.3-9.2.x86_64]
graphviz-gnome [2.49.3-9.3.x86_64]
graphviz-plugins-core [2.49.3-9.2.x86_64]
grep [3.11-3.1.x86_64]
grub2 [2.12-19.1.x86_64]
gzip [1.13-3.1.x86_64]
hdparm [9.65-3.2.x86_64]
hex [1.11-1.2.x86_64]
hicolor-icon-theme [0.17-4.4.noarch] < dmz-icon-theme-cursors
hostname [3.23-3.7.x86_64] < yast2
hwdata [0.382-1.1.noarch] < pciutils
hwinfo [23.2-1.5.x86_64]
hyper-v [8-4.1.x86_64]
icewm-lite [3.5.0-1.1.x86_64]
indic-fonts [20160512-2.6.noarch]
initviocons [0.5-107.3.x86_64]
iproute2 [6.9-1.1.x86_64] < yast2-installation
iptables [1.8.10-2.3.x86_64]
iputils [20240117-1.3.x86_64]
jfsutils [1.1.15-21.2.x86_64]
joe [4.6-3.2.x86_64]
kbd [2.6.4-4.1.x86_64]
kdump [2.0.5-1.1.x86_64] < skelcd-control-openSUSE
kexec-tools [2.0.28-1.2.x86_64] < kdump < skelcd-control-openSUSE
keyutils [1.6.3-7.2.x86_64] < nfs-client
khmeros-fonts [5.0-118.26.noarch]
klogd [1.5.1-803.2.x86_64]
kpartx [0.9.8+88+suse.d504d83-1.1.x86_64] < multipath-tools
krb5 [1.21.2-5.1.x86_64]
less [643-2.3.x86_64]
libICE6 [1.1.1-1.6.x86_64] < xterm-bin
libImlib2-1 [1.12.2-1.3.x86_64] < icewm-lite
libLLVM18 [18.1.6-1.1.x86_64] < Mesa-dri < libglvnd < Mesa-libEGL1
libQt5Core5 [5.15.13+kde138-1.3.x86_64] < libyui-qt-graph16
libQt5DBus5 [5.15.13+kde138-1.3.x86_64] < libQt5Gui5 < libyui-qt-graph16
libQt5Gui5 [5.15.13+kde138-1.3.x86_64] < libyui-qt-graph16
libQt5Network5 [5.15.13+kde138-1.3.x86_64] < libQt5Gui5 < libyui-qt-graph16
libQt5Svg5 [5.15.13+kde6-1.2.x86_64] < libyui-qt-pkg16
libQt5Widgets5 [5.15.13+kde138-1.3.x86_64] < libyui-qt-graph16
libSM6 [1.2.4-2.5.x86_64] < icewm-lite
libX11-6 [1.8.9-1.1.x86_64] < xrefresh
libX11-data [1.8.9-1.1.noarch] < libX11-xcb1 < Mesa-libEGL1
libX11-xcb1 [1.8.9-1.1.x86_64] < Mesa-libEGL1
libXau6 [1.0.11-1.5.x86_64] < xorg-x11-server
libXaw7 [1.0.16-1.2.x86_64] < xterm-bin
libXcomposite1 [0.4.6-1.4.x86_64] < icewm-lite
libXcursor1 [1.2.2-1.2.x86_64] < xsetroot < xinit < xorg-x11-Xvnc
libXdamage1 [1.1.6-1.4.x86_64] < xorg-x11-Xvnc
libXdmcp6 [1.1.5-1.2.x86_64] < xorg-x11-server
libXext6 [1.3.6-1.2.x86_64] < Mesa-libGL1
libXfixes3 [6.0.1-1.3.x86_64] < Mesa-libGL1
libXfont2-2 [2.0.6-1.6.x86_64] < xorg-x11-server
libXft2 [2.3.8-1.3.x86_64] < xterm-bin
libXi6 [1.8.1-1.3.x86_64] < xf86-input-wacom
libXinerama1 [1.1.5-1.4.x86_64] < icewm-lite
libXmu6 [1.2.1-1.1.x86_64] < xterm-bin
libXmuu1 [1.2.1-1.1.x86_64] < xset
libXpm4 [3.5.17-1.3.x86_64] < xterm-bin
libXrandr2 [1.5.4-1.3.x86_64] < xrandr
libXrender1 [0.9.11-1.4.x86_64] < icewm-lite
libXt6 [1.3.0-1.5.x86_64] < xterm-bin
libXtst6 [1.2.4-1.4.x86_64] < xorg-x11-Xvnc
libXvnc1 [1.13.1-6.2.x86_64] < xorg-x11-Xvnc
libXxf86dga1 [1.1.6-1.5.x86_64] < xdpyinfo
libXxf86vm1 [1.1.5-1.4.x86_64] < Mesa-libGL1
libabsl_lite_2401_0_0 [20240116.2-2.1.x86_64] < libzypp < libyui-ncurses-pkg16
libacl1 [2.3.2-2.1.x86_64] < rpm
libaio1 [0.3.113-4.1.x86_64] < lvm2
libalternatives1 [1.2+30.a5431e9-1.5.x86_64] < alts < vim-small
libapparmor1 [4.0.1-1.1.x86_64] < systemd
libargon2-1 [20190702-4.1.x86_64] < libcryptsetup12 < cryptsetup
libassuan0 [2.5.7-1.1.x86_64] < gpg2
libattr1 [2.5.2-1.2.x86_64] < coreutils
libaudit1 [3.1.1-1.6.x86_64] < openssh-server
libaugeas0 [1.14.1-1.3.x86_64] < augeas-lenses < yast2-installation
libblkid1 [2.40.1-2.1.x86_64] < e2fsprogs
libblogger2 [2.28-1.3.x86_64] < sysvinit-tools
libboost_thread1_85_0 [1.85.0-1.2.x86_64] < snapper
libbpf1 [1.4.2-1.1.x86_64] < iproute2 < yast2-installation
libbrotlicommon1 [1.1.0-1.3.x86_64] < libbrotlidec1 < libfreetype6 < xterm-bin
libbrotlidec1 [1.1.0-1.3.x86_64] < libfreetype6 < xterm-bin
libbtrfs0 [6.8.1-1.1.x86_64] < libsnapper7 < snapper
libbtrfsutil1 [6.8.1-1.1.x86_64] < libsnapper7 < snapper
libbz2-1 [1.0.8-5.10.x86_64] < rpm
libcairo2 [1.18.0-1.3.x86_64] < pango-tools
libcap-ng0 [0.8.5-1.1.x86_64] < smartmontools
libcap2 [2.69-1.7.x86_64] < rpm
libcbor0_11 [0.11.0-1.1.x86_64] < libfido2-1 < openssh-server
libcdt5 [2.49.3-9.2.x86_64] < graphviz-plugins-core
libcgraph6 [2.49.3-9.2.x86_64] < graphviz-plugins-core
libcom_err2 [1.47.0-4.2.x86_64] < e2fsprogs
libconfig11 [1.7.3-1.11.x86_64] < open-lldp < fcoe-utils < yast2-fcoe-client < skelcd-control-openSUSE
libcrack2 [2.9.11-1.4.x86_64] < yast2-users < skelcd-control-openSUSE
libcrypt1 [4.4.36-1.6.x86_64] < openssh-server
libcryptsetup12 [2.7.2-1.1.x86_64] < cryptsetup
libcurl4 [8.8.0-1.1.x86_64] < libpxbackend-1_0
libdatrie1 [0.2.13-1.15.x86_64] < libthai0 < libpango-1_0-0 < pango-tools
libdb-4_8 [4.8.30-43.2.x86_64] < perl
libdbus-1-3 [1.14.10-2.3.x86_64] < snapper
libdevmapper-event1_03 [2.03.22_1.02.196-3.1.x86_64] < device-mapper
libdevmapper1_03 [2.03.22_1.02.196-3.1.x86_64] < nfs-client
libdouble-conversion3 [3.3.0-1.4.x86_64] < libQt5Core5 < libyui-qt-graph16
libdrm2 [2.4.120-1.3.x86_64] < Mesa-libEGL1
libdrm_amdgpu1 [2.4.120-1.3.x86_64] < Mesa-dri < libglvnd < Mesa-libEGL1
libdrm_intel1 [2.4.120-1.3.x86_64] < Mesa-dri < libglvnd < Mesa-libEGL1
libdrm_nouveau2 [2.4.120-1.3.x86_64] < Mesa-dri < libglvnd < Mesa-libEGL1
libdrm_radeon1 [2.4.120-1.3.x86_64] < Mesa-dri < libglvnd < Mesa-libEGL1
libduktape207 [2.7.0-3.3.x86_64] < polkit
libdw1 [0.191-1.2.x86_64] < strace
libeconf0 [0.6.3-1.1.x86_64] < pam
libedit0 [20210910.3.1-2.7.x86_64] < dash
libefivar1 [38-2.3.x86_64] < efibootmgr
libelf1 [0.191-1.2.x86_64] < ltrace
libepoxy0 [1.5.10-2.4.x86_64] < xorg-x11-server
libevdev2 [1.13.1-1.4.x86_64] < libinput10 < xf86-input-libinput
libevent-2_1-7 [2.1.12-4.2.x86_64] < nfs-client
libexpat1 [2.6.2-1.1.x86_64] < graphviz
libexslt0 [1.1.39-2.1.x86_64] < ruby3.3-rubygem-nokogiri < yast2
libext2fs2 [1.47.0-4.2.x86_64] < e2fsprogs
libfa1 [1.14.1-1.3.x86_64] < libaugeas0 < augeas-lenses < yast2-installation
libfdisk1 [2.40.1-2.1.x86_64] < util-linux
libffi8 [3.4.6-1.1.x86_64] < libwayland-client0 < Mesa-libEGL1
libfido2-1 [1.14.0-1.4.x86_64] < openssh-server
libfontconfig1 [2.15.0-1.1.x86_64] < xterm-bin
libfontenc1 [1.1.8-1.2.x86_64] < mkfontscale
libfreetype6 [2.13.2-2.2.x86_64] < xterm-bin
libfribidi0 [1.0.14-1.1.x86_64] < libpango-1_0-0 < pango-tools
libgbm1 [24.0.7-375.1.x86_64]
libgcc_s1 [14.1.0+git10173-1.1.x86_64] < graphviz-plugins-core
libgcrypt20 [1.10.3-3.3.x86_64] < rpm
libgdbm6 [1.23-3.3.x86_64] < perl
libgdbm_compat4 [1.23-3.3.x86_64] < perl
libgio-2_0-0 [2.80.2-1.1.x86_64] < polkit
libglib-2_0-0 [2.80.2-1.1.x86_64] < graphviz-plugins-core
libglvnd [1.7.0-1.3.x86_64] < Mesa-libEGL1
libgmodule-2_0-0 [2.80.2-1.1.x86_64] < libgio-2_0-0 < polkit
libgmp10 [6.3.0-3.2.x86_64] < coreutils
libgnutls30 [3.8.5-1.1.x86_64] < ntfsprogs
libgobject-2_0-0 [2.80.2-1.1.x86_64] < polkit
libgpg-error0 [1.49-1.1.x86_64] < gpg2
libgpgme11 [1.23.2-4.2.x86_64] < libzypp < libyui-ncurses-pkg16
libgpm2 [1.20.7-20.2.x86_64] < gpm
libgraphite2-3 [1.3.14-4.3.x86_64] < libharfbuzz0 < pango-tools
libgts-0_7-5 [0.7.6_p20121130-4.36.x86_64] < graphviz-plugins-core
libgudev-1_0-0 [238-1.4.x86_64] < libwacom9 < libinput10 < xf86-input-libinput
libgvc6 [2.49.3-9.2.x86_64] < graphviz-plugins-core
libgvpr2 [2.49.3-9.2.x86_64] < graphviz
libhandle1 [6.8.0-1.1.x86_64] < xfsdump
libharfbuzz0 [8.5.0-1.2.x86_64] < pango-tools
libhd23 [23.2-1.5.x86_64] < hwinfo
libhidapi-hidraw0 [0.14.0-1.3.x86_64] < libfido2-1 < openssh-server
libhogweed6 [3.9.1-2.5.x86_64] < xorg-x11-Xvnc
libicu75 [75.1-1.1.x86_64] < libQt5Core5 < libyui-qt-graph16
libicu75-ledata [75.1-1.1.noarch] < libicu75 < libQt5Core5 < libyui-qt-graph16
libidn2-0 [2.3.7-1.2.x86_64] < iputils
libinih0 [58-1.3.x86_64] < xfsprogs
libinput10 [1.25.0-2.2.x86_64] < xf86-input-libinput
libip4tc2 [1.8.10-2.3.x86_64] < iptables
libip6tc2 [1.8.10-2.3.x86_64] < iptables
libjitterentropy3 [3.4.1-4.2.x86_64] < libgnutls30 < ntfsprogs
libjpeg8 [8.3.2-79.2.x86_64] < xorg-x11-Xvnc
libjson-c5 [0.17-2.3.x86_64] < snapper
libkeyutils1 [1.6.3-7.2.x86_64] < nfs-client
libkmod2 [32-1.1.x86_64] < pciutils
libksba8 [1.6.6-1.1.x86_64] < gpg2
liblab_gamut1 [2.49.3-9.2.x86_64] < graphviz
libldap2 [2.6.7-1.1.x86_64] < libcurl4 < libpxbackend-1_0
libldapcpp0 [2.6.7-1.1.x86_64] < yast2-ldap < yast2-users < skelcd-control-openSUSE
liblldp_clif1 [1.1+106.74c0600a8692-1.3.x86_64] < open-lldp < fcoe-utils < yast2-fcoe-client < skelcd-control-openSUSE
libltdl7 [2.4.7-3.9.x86_64] < libgvc6 < graphviz-plugins-core
liblua5_4-5 [5.4.6-3.3.x86_64] < rpm
liblvm2cmd2_03 [2.03.22-3.1.x86_64] < lvm2
liblz4-1 [1.9.4-2.8.x86_64] < systemd
liblzma5 [5.6.1.revertto5.4-3.1.x86_64] < xz
liblzo2-2 [2.10-8.6.x86_64] < btrfsprogs
libmagic1 [5.45-2.2.x86_64] < file
libmediacheck6 [6.3-1.1.x86_64] < checkmedia
libmnl0 [1.0.5-1.7.x86_64] < iptables
libmount1 [2.40.1-2.1.x86_64] < nfs-client
libmpath0 [0.9.8+88+suse.d504d83-1.1.x86_64] < multipath-tools
libmpdec3 [2.5.1-2.19.x86_64] < python311-base < python311-websockify < novnc
libmpfr6 [4.2.1-1.4.x86_64] < gawk
libmtdev1 [1.1.6-1.15.x86_64] < libinput10 < xf86-input-libinput
libncurses6 [6.5.20240427-36.1.x86_64] < joe
libnetfilter_conntrack3 [1.0.9-1.9.x86_64] < xtables-plugins < iptables
libnettle8 [3.9.1-2.5.x86_64] < xorg-x11-Xvnc
libnfnetlink0 [1.0.2-1.9.x86_64] < xtables-plugins < iptables
libnfsidmap1 [1.0-41.3.x86_64] < nfs-client
libnftnl11 [1.2.6-1.3.x86_64] < iptables
libnghttp2-14 [1.61.0-1.1.x86_64] < libcurl4 < libpxbackend-1_0
libnl-config [3.9.0-1.3.noarch] < libnl3-200 < xen-libs < kexec-tools < kdump < skelcd-control-openSUSE
libnl3-200 [3.9.0-1.3.x86_64] < xen-libs < kexec-tools < kdump < skelcd-control-openSUSE
libnpth0 [1.7-1.1.x86_64] < gpg2
libnss_usrfiles2 [2.27.1-1.2.x86_64] < nfs-client
libntfs-3g89 [2022.10.3-2.7.x86_64] < ntfsprogs
libopenssl3 [3.1.4-8.1.x86_64] < openssh-server
libp11-kit0 [0.25.3-1.3.x86_64] < p11-kit
libpango-1_0-0 [1.52.0-2.1.x86_64] < pango-tools
libparted-fs-resize0 [3.6-2.1.x86_64] < parted
libparted2 [3.6-2.1.x86_64] < parted
libpathplan4 [2.49.3-9.2.x86_64] < graphviz-plugins-core
libpci3 [3.10.0-1.5.x86_64] < pciutils
libpciaccess0 [0.18.1-1.2.x86_64] < xorg-x11-server
libpcre2-16-0 [10.43-3.1.x86_64] < libQt5Core5 < libyui-qt-graph16
libpcre2-8-0 [10.43-3.1.x86_64] < grep
libpixman-1-0 [0.43.4-1.1.x86_64] < xorg-x11-server
libpkgconf4 [2.1.1-1.2.x86_64] < pkgconf < pkgconf-pkg-config < xorg-x11-server
libpng16-16 [1.6.43-1.1.x86_64] < libfreetype6 < xterm-bin
libpolkit-agent-1-0 [123-2.3.x86_64] < polkit
libpolkit-gobject-1-0 [123-2.3.x86_64] < polkit
libpopt0 [1.19-1.8.x86_64] < rpm
libprocps8 [3.3.17-17.1.x86_64] < procps
libprotobuf-lite25_3_0 [25.3-11.2.x86_64] < libzypp < libyui-ncurses-pkg16
libproxy1 [0.5.6-1.1.x86_64] < libzypp < libyui-ncurses-pkg16
libpsl5 [0.21.5-1.2.x86_64] < libcurl4 < libpxbackend-1_0
libpwquality1 [1.4.5-2.3.x86_64] < cryptsetup
libpxbackend-1_0 [0.5.6-1.1.x86_64]
libpython3_11-1_0 [3.11.9-2.1.x86_64] < python311-base < python311-websockify < novnc
libreadline8 [8.2.10-1.3.x86_64] < bash
libruby3_3-3_3 [3.3.1-2.1.x86_64] < yast2-ruby-bindings < yast2-widget-demo
libsasl2-3 [2.1.28-8.1.x86_64] < libldap2 < libcurl4 < libpxbackend-1_0
libseccomp2 [2.5.5-1.3.x86_64] < systemd
libselinux1 [3.6-1.3.x86_64] < rpm
libsemanage-conf [3.6-1.4.x86_64] < libsemanage2 < shadow
libsemanage2 [3.6-1.4.x86_64] < shadow
libsepol2 [3.6-1.3.x86_64] < libsemanage2 < shadow
libsgutils2-1_48-2 [1.48+9.ecc03bb-1.1.x86_64] < sg3_utils
libsigc-2_0-0 [2.12.1-2.3.x86_64] < libzypp < libyui-ncurses-pkg16
libslp1 [2.0.0-22.2.x86_64] < openslp
libsmartcols1 [2.40.1-2.1.x86_64] < util-linux
libsnapper7 [0.11.0-1.1.x86_64] < snapper
libsnappy1 [1.1.10-2.2.x86_64] < makedumpfile < kdump < skelcd-control-openSUSE
libsolv-tools [0.7.29-1.1.x86_64]
libsolv-tools-base [0.7.29-1.1.x86_64] < libsolv-tools
libsqlite3-0 [3.45.3-1.1.x86_64] < nfs-client
libssh-config [0.10.6-2.1.x86_64] < libssh4 < libcurl4 < libpxbackend-1_0
libssh4 [0.10.6-2.1.x86_64] < libcurl4 < libpxbackend-1_0
libstdc++6 [14.1.0+git10173-1.1.x86_64] < graphviz-plugins-core
libstorage-ng-lang [4.5.204-1.1.noarch]
libstorage-ng-ruby [4.5.204-1.1.x86_64] < yast2-storage-ng
libstorage-ng1 [4.5.204-1.1.x86_64] < libstorage-ng-ruby < yast2-storage-ng
libsubid4 [4.15.1-1.2.x86_64] < shadow
libsystemd0 [255.6-2.1.x86_64] < openssh-server
libtasn1-6 [4.19.0-1.7.x86_64] < p11-kit
libthai-data [0.1.29-1.8.x86_64] < libthai0 < libpango-1_0-0 < pango-tools
libthai0 [0.1.29-1.8.x86_64] < libpango-1_0-0 < pango-tools
libtirpc-netconfig [1.3.4-1.3.x86_64] < libtirpc3 < nfs-client
libtirpc3 [1.3.4-1.3.x86_64] < nfs-client
libts0 [1.22-1.15.x86_64] < libQt5Gui5 < libyui-qt-graph16
libudev1 [255.6-2.1.x86_64]
libunistring5 [1.2-1.1.x86_64] < libgnutls30 < ntfsprogs
liburcu8 [0.14.0-1.5.x86_64] < multipath-tools
libusb-1_0-0 [1.0.27-1.2.x86_64] < usbutils
libutempter0 [1.2.1-2.2.x86_64] < xterm-bin
libuuid1 [2.40.1-2.1.x86_64] < e2fsprogs
libverto1 [0.3.2-3.3.x86_64] < krb5
libvulkan1 [1.3.283.0-1.1.x86_64] < Mesa-dri < libglvnd < Mesa-libEGL1
libwacom-data [2.11.0-1.1.x86_64] < libwacom9 < libinput10 < xf86-input-libinput
libwacom9 [2.11.0-1.1.x86_64] < libinput10 < xf86-input-libinput
libwayland-client0 [1.22.0-1.5.x86_64] < Mesa-libEGL1
libwayland-server0 [1.22.0-1.5.x86_64] < Mesa-libEGL1
libwrap0 [7.6-896.2.x86_64] < rpcbind
libwtmpdb0 [0.12.0+git.20240508-1.1.x86_64] < openssh-server
libx86emu3 [3.5-2.1.x86_64] < libhd23 < hwinfo
libxcb-dri2-0 [1.17.0-1.1.x86_64] < Mesa-libEGL1
libxcb-dri3-0 [1.17.0-1.1.x86_64] < Mesa-libEGL1
libxcb-glx0 [1.17.0-1.1.x86_64] < Mesa-libGL1
libxcb-icccm4 [0.4.2-1.4.x86_64] < libQt5Gui5 < libyui-qt-graph16
libxcb-image0 [0.4.1-1.5.x86_64] < libQt5Gui5 < libyui-qt-graph16
libxcb-keysyms1 [0.4.1-1.4.x86_64] < libQt5Gui5 < libyui-qt-graph16
libxcb-present0 [1.17.0-1.1.x86_64] < Mesa-libEGL1
libxcb-randr0 [1.17.0-1.1.x86_64] < Mesa-libEGL1
libxcb-render-util0 [0.3.10-1.4.x86_64] < libQt5Gui5 < libyui-qt-graph16
libxcb-render0 [1.17.0-1.1.x86_64] < libcairo2 < pango-tools
libxcb-shape0 [1.17.0-1.1.x86_64] < libQt5Gui5 < libyui-qt-graph16
libxcb-shm0 [1.17.0-1.1.x86_64] < Mesa-libGL1
libxcb-sync1 [1.17.0-1.1.x86_64] < Mesa-libEGL1
libxcb-util1 [0.4.1-1.4.x86_64] < libxcb-image0 < libQt5Gui5 < libyui-qt-graph16
libxcb-xfixes0 [1.17.0-1.1.x86_64] < Mesa-libEGL1
libxcb-xinerama0 [1.17.0-1.1.x86_64] < libQt5Gui5 < libyui-qt-graph16
libxcb-xinput0 [1.17.0-1.1.x86_64] < libQt5Gui5 < libyui-qt-graph16
libxcb-xkb1 [1.17.0-1.1.x86_64] < libQt5Gui5 < libyui-qt-graph16
libxcb1 [1.17.0-1.1.x86_64] < Mesa-libEGL1
libxcvt0 [0.1.2-1.7.x86_64] < xorg-x11-server
libxkbcommon-x11-0 [1.7.0-1.2.x86_64] < libQt5Gui5 < libyui-qt-graph16
libxkbcommon0 [1.7.0-1.2.x86_64] < libQt5Gui5 < libyui-qt-graph16
libxkbfile1 [1.1.3-1.2.x86_64] < setxkbmap
libxml2-2 [2.12.7-1.1.x86_64] < libsolv-tools
libxshmfence1 [1.3.2-1.4.x86_64] < Mesa-libEGL1
libxslt-tools [1.1.39-2.1.x86_64] < autoyast2 < skelcd-control-openSUSE
libxslt1 [1.1.39-2.1.x86_64] < ruby3.3-rubygem-nokogiri < yast2
libxtables12 [1.8.10-2.3.x86_64] < iptables
libyajl2 [2.1.0-8.5.x86_64] < xen-libs < kexec-tools < kdump < skelcd-control-openSUSE
libyaml-0-2 [0.2.5-2.5.x86_64] < ruby3.3 < ruby
libyaml-cpp0_8 [0.8.0-1.3.x86_64] < libzypp < libyui-ncurses-pkg16
libyui-ncurses-pkg16 [4.6.1-1.6.x86_64]
libyui-ncurses16 [4.6.1-1.3.x86_64] < libyui-ncurses-pkg16
libyui-qt-graph16 [4.6.1-1.3.x86_64]
libyui-qt-pkg16 [4.6.1-1.6.x86_64]
libyui-qt16 [4.6.1-1.3.x86_64] < libyui-qt-graph16
libyui16 [4.6.1-1.3.x86_64] < libyui-ncurses-pkg16
libz1 [1.3.1-1.1.x86_64] < rpm
libzck1 [1.4.0-2.1.x86_64] < libzypp < libyui-ncurses-pkg16
libzstd1 [1.5.6-1.1.x86_64] < rpm
libzypp [17.34.0-1.1.x86_64] < libyui-ncurses-pkg16
lklug-fonts [0.6-120.25.noarch]
login_defs [4.15.1-1.2.noarch] < shadow
lsscsi [0.32-1.6.x86_64] < libstorage-ng1 < libstorage-ng-ruby < yast2-storage-ng
ltrace [0.7.91+git20230705.8eabf68-2.2.x86_64]
lvm2 [2.03.22-3.1.x86_64]
makedumpfile [1.7.5-1.1.x86_64] < kdump < skelcd-control-openSUSE
mkfontscale [1.2.3-1.2.x86_64]
multipath-tools [0.9.8+88+suse.d504d83-1.1.x86_64]
ncurses-utils [6.5.20240427-36.1.x86_64]
nfs-client [2.6.3-41.3.x86_64]
novnc [1.4.0-1.3.noarch]
nscd [2.39-7.1.x86_64]
ntfsprogs [2022.10.3-2.7.x86_64]
open-lldp [1.1+106.74c0600a8692-1.3.x86_64] < fcoe-utils < yast2-fcoe-client < skelcd-control-openSUSE
openSUSE-release [20240527-2925.1.x86_64]
openslp [2.0.0-22.2.x86_64]
openslp-server [2.0.0-22.2.x86_64]
openssh [9.6p1-8.1.x86_64]
openssh-clients [9.6p1-8.1.x86_64] < openssh
openssh-common [9.6p1-8.1.x86_64] < openssh-server
openssh-server [9.6p1-8.1.x86_64]
openssl [3.1.4-3.2.noarch] < xorg-x11-Xvnc
openssl-3 [3.1.4-8.1.x86_64] < openssl < xorg-x11-Xvnc
p11-kit [0.25.3-1.3.x86_64]
p11-kit-tools [0.25.3-1.3.x86_64]
pam [1.6.1-1.1.x86_64]
pango-tools [1.52.0-2.1.x86_64]
parted [3.6-2.1.x86_64]
pciutils [3.10.0-1.5.x86_64]
perl [5.38.2-3.1.x86_64]
perl-Digest-SHA1 [2.13-19.43.x86_64] < yast2-users < skelcd-control-openSUSE
perl-Parse-RecDescent [1.967015-1.28.x86_64] < perl-X500-DN < yast2-users < skelcd-control-openSUSE
perl-X500-DN [0.29-110.1.x86_64] < yast2-users < skelcd-control-openSUSE
perl-XML-Bare [0.53-6.1.x86_64]
perl-XML-NamespaceSupport [1.12-1.27.noarch]
perl-base [5.38.2-3.1.x86_64]
perl-gettext [1.07-2.2.x86_64]
pigz [2.8-2.3.x86_64] < yast2-update < skelcd-control-openSUSE
pkgconf [2.1.1-1.2.x86_64] < pkgconf-pkg-config < xorg-x11-server
pkgconf-m4 [2.1.1-1.2.noarch] < pkgconf-pkg-config < xorg-x11-server
pkgconf-pkg-config [2.1.1-1.2.x86_64] < xorg-x11-server
polkit [123-2.3.x86_64]
procinfo [18-226.1.x86_64]
procps [3.3.17-17.1.x86_64]
psmisc [23.6-5.2.x86_64]
python311-base [3.11.9-2.1.x86_64] < python311-websockify < novnc
python311-setuptools [69.0.3-1.4.noarch] < python311-websockify < novnc
python311-websockify [0.10.0-3.10.noarch] < novnc
release-notes-openSUSE [84.87.20180228.827b030-1.48.noarch] < skelcd-control-openSUSE
rgb [1.1.0-1.6.x86_64]
rpcbind [1.2.6-5.5.x86_64]
rpm [4.19.1.1-3.2.x86_64]
rpm-config-SUSE [20240214-1.2.noarch] < rpm
ruby [3.3-1.4.x86_64]
ruby-common [3.2.1-3.4.noarch] < ruby3.3 < ruby
ruby-solv [0.7.29-1.1.x86_64] < yast2-packager < yast2-installation
ruby3.3 [3.3.1-2.1.x86_64] < ruby
ruby3.3-rubygem-abstract_method [1.2.1-2.35.x86_64] < yast2
ruby3.3-rubygem-byebug [11.1.3-1.27.x86_64] < skelcd-control-openSUSE
ruby3.3-rubygem-cfa [1.0.2-1.22.x86_64] < yast2
ruby3.3-rubygem-cfa_grub2 [2.0.0-1.22.x86_64] < yast2-bootloader < yast2-installation
ruby3.3-rubygem-cheetah [1.0.0-1.14.x86_64] < yast2
ruby3.3-rubygem-fast_gettext [2.3.0-1.5.x86_64] < yast2-ruby-bindings < yast2-widget-demo
ruby3.3-rubygem-gem2rpm [0.10.1-23.2.x86_64] < ruby-common < ruby3.3 < ruby
ruby3.3-rubygem-nokogiri [1.15.5-1.5.x86_64] < yast2
ruby3.3-rubygem-ruby-augeas [0.5.0-3.37.x86_64] < ruby3.3-rubygem-cfa < yast2
ruby3.3-rubygem-ruby-dbus [0.23.1-2.4.x86_64] < yast2-storage-ng
ruby3.3-rubygem-simpleidn [0.2.1-1.17.x86_64] < yast2
ruby3.3-rubygem-unf [0.1.4-1.34.x86_64] < ruby3.3-rubygem-simpleidn < yast2
ruby3.3-rubygem-unf_ext [0.0.9.1-1.5.x86_64] < ruby3.3-rubygem-unf < ruby3.3-rubygem-simpleidn < yast2
screen [4.9.1-2.2.x86_64]
sed [4.9-2.6.x86_64]
setxkbmap [1.3.4-1.5.x86_64]
sg3_utils [1.48+9.ecc03bb-1.1.x86_64]
shadow [4.15.1-1.2.x86_64]
skelcd-control-openSUSE [20240516-1.1.x86_64]
smartmontools [7.4-2.3.x86_64]
snapper [0.11.0-1.1.x86_64]
strace [6.9-1.1.x86_64]
suse-module-tools [16.0.44-1.1.x86_64]
susepaste [0.6-8.2.noarch]
sysconfig [0.90.0-3.6.x86_64] < yast2
syslinux [4.04-49.3.x86_64]
system-group-hardware [20170617-25.4.noarch] < libutempter0 < xterm-bin
system-user-daemon [20170617-25.4.noarch] < openslp-server
system-user-root [20190513-2.16.noarch] < xorg-x11-Xvnc
systemd [255.6-2.1.x86_64]
systemd-default-settings [0.10-1.1.noarch] < systemd-default-settings-branding-openSUSE < systemd
systemd-default-settings-branding-openSUSE [0.10-1.1.noarch] < systemd
systemd-presets-branding-openSUSE [12.2-23.3.noarch]
systemd-presets-common-SUSE [15-32.2.noarch] < systemd-presets-branding-openSUSE
systemd-rpm-macros [24-1.6.noarch] < suse-module-tools
sysuser-shadow [3.2-2.3.noarch] < nfs-client
sysvinit-tools [3.08-2.2.x86_64]
tar [1.35-2.2.x86_64] < yast2-installation
terminfo-base [6.5.20240427-36.1.x86_64] < screen
thai-fonts [0.7.3-1.10.noarch]
thin-provisioning-tools [1.0.12-3.1.x86_64] < device-mapper
timezone [2024a-3.2.x86_64]
udftools [2.3-1.16.x86_64]
usbutils [017-3.2.x86_64]
util-linux [2.40.1-2.1.x86_64]
vim-data-common [9.1.0413-1.1.noarch] < vim-small
vim-small [9.1.0413-1.1.x86_64]
which [2.21-5.14.x86_64] < novnc
xauth [1.1.3-1.2.x86_64]
xbitmaps [1.1.3-2.3.noarch] < libXmu6 < xterm-bin
xdpyinfo [1.3.4-1.4.x86_64]
xen-libs [4.18.2_04-1.1.x86_64] < kexec-tools < kdump < skelcd-control-openSUSE
xf86-input-libinput [1.4.0-1.3.x86_64]
xf86-input-wacom [0.40.0-3.1.x86_64]
xf86-video-fbdev [0.5.0-3.7.x86_64]
xf86-video-vesa [2.6.0-2.2.x86_64]
xfsdump [3.1.12-3.2.x86_64]
xfsprogs [6.8.0-1.1.x86_64]
xhost [1.0.9-1.6.x86_64]
xinit [1.4.2-2.2.x86_64] < xorg-x11-Xvnc
xkbcomp [1.4.7-1.2.x86_64]
xkeyboard-config [2.41-1.2.noarch]
xmodmap [1.0.11-1.7.x86_64]
xorg-x11-Xvnc [1.13.1-6.2.x86_64]
xorg-x11-fonts [7.6-46.2.noarch] < xorg-x11-fonts-legacy
xorg-x11-fonts-core [7.6-46.2.noarch]
xorg-x11-fonts-legacy [7.6-46.2.noarch]
xorg-x11-server [21.1.12-2.1.x86_64]
xorg-x11-server-Xvfb [21.1.12-2.1.x86_64] < xorg-x11-server
xrandr [1.5.2-2.2.x86_64]
xrdb [1.2.2-1.4.x86_64]
xrefresh [1.1.0-1.2.x86_64]
xset [1.2.5-2.5.x86_64]
xsetroot [1.1.3-1.6.x86_64] < xinit < xorg-x11-Xvnc
xtables-plugins [1.8.10-2.3.x86_64] < iptables
xterm-bin [389-1.3.x86_64]
xterm-resize [389-1.3.x86_64] < xterm-bin
xz [5.6.1.revertto5.4-3.1.x86_64]
yast2 [5.0.8-1.1.x86_64]
yast2-add-on [5.0.0-1.4.noarch] < skelcd-control-openSUSE
yast2-bootloader [5.0.10-1.1.x86_64] < yast2-installation
yast2-buildtools [5.0.0-1.3.noarch]
yast2-configuration-management [5.0.0-1.4.noarch] < skelcd-control-openSUSE
yast2-core [5.0.2-1.3.x86_64] < yast2
yast2-country [5.0.2-1.4.x86_64] < yast2-installation
yast2-country-data [5.0.2-1.4.x86_64] < yast2-installation
yast2-devtools [5.0.0-1.3.noarch]
yast2-fcoe-client [5.0.0-1.5.noarch] < skelcd-control-openSUSE
yast2-firewall [5.0.0-1.4.noarch] < skelcd-control-openSUSE
yast2-hardware-detection [5.0.0-1.3.x86_64] < yast2
yast2-installation [5.0.10-1.1.noarch]
yast2-iscsi-client [5.0.1-1.4.noarch] < skelcd-control-openSUSE
yast2-kdump [5.0.0-1.4.x86_64] < skelcd-control-openSUSE
yast2-ldap [5.0.0-1.5.x86_64] < yast2-users < skelcd-control-openSUSE
yast2-logs [5.0.8-1.1.x86_64] < yast2
yast2-multipath [5.0.0-1.5.noarch] < skelcd-control-openSUSE
yast2-network [5.0.3-1.1.noarch] < skelcd-control-openSUSE
yast2-nfs-client [5.0.0-1.4.noarch] < skelcd-control-openSUSE
yast2-nfs-common [5.0.0-1.4.noarch] < yast2-nfs-client < skelcd-control-openSUSE
yast2-ntp-client [5.0.0-1.4.noarch] < skelcd-control-openSUSE
yast2-packager [5.0.5-1.1.x86_64] < yast2-installation
yast2-pam [5.0.0-1.4.noarch] < yast2-users < skelcd-control-openSUSE
yast2-perl-bindings [5.0.4-1.1.x86_64] < yast2
yast2-pkg-bindings [5.0.4-1.6.x86_64] < yast2-installation
yast2-proxy [5.0.0-1.4.noarch] < skelcd-control-openSUSE
yast2-qt-branding-openSUSE [84.87.20240405-1.2.noarch] < skelcd-control-openSUSE
yast2-ruby-bindings [5.0.0-1.4.x86_64] < yast2-widget-demo
yast2-schema-default [5.0.1-1.8.x86_64] < autoyast2 < skelcd-control-openSUSE
yast2-security [5.0.0-1.4.noarch] < yast2-installation
yast2-services-manager [5.0.0-1.4.noarch] < skelcd-control-openSUSE
yast2-slp [5.0.0-1.5.x86_64] < skelcd-control-openSUSE
yast2-storage-ng [5.0.14-1.1.x86_64]
yast2-theme [5.0.1-1.4.noarch] < skelcd-control-openSUSE
yast2-trans-stats [2.19.0-17.28.noarch] < skelcd-control-openSUSE
yast2-transfer [5.0.0-1.5.x86_64] < autoyast2 < skelcd-control-openSUSE
yast2-tune [5.0.0-1.5.x86_64] < skelcd-control-openSUSE
yast2-update [5.0.1-1.4.x86_64] < skelcd-control-openSUSE
yast2-users [5.0.1-1.5.x86_64] < skelcd-control-openSUSE
yast2-vm [5.0.0-1.5.x86_64] < skelcd-control-openSUSE
yast2-widget-demo [0.9.1-1.13.noarch]
yast2-x11 [5.0.2-1.3.x86_64] < skelcd-control-openSUSE
yast2-xml [5.0.0-1.3.x86_64] < autoyast2 < skelcd-control-openSUSE
yast2-ycp-ui-bindings [5.0.0-1.3.x86_64] < yast2-storage-ng
ZFAYC-0-
N06xI-0-
A99Hf-0-
KdUfq-0-
T_TZ1-0-
X5qi2-0-
4U~aA-0-
tzby~-0-
5RNha-0-
2OiFZ-0-
[  716.070942][    T1] reboot: Restarting system

Welcome to openSUSE Tumbleweed 20240527 - Kernel 6.9.1-1-default (ttyS0).

ens4: 10.0.2.15 fe80::5054:ff:fe12:3456


localhost login: 
Welcome to openSUSE Tumbleweed 20240527 - Kernel 6.9.1-1-default (ttyS0).

ens4: 10.0.2.15 fec0::b2ca:b0b9:2da:4da5


localhost login: YpuUt-0-
400Eq-0-
MAb6B-0-
CZAZ~-0-
w2fyO-0-
r8iBK-0-
YQBt_-0-
fYydE-0-
053XW
full
SCRIPT_FINISHED053XW-0-
kdpaL
DEVICE  TYPE      STATE                   CONNECTION 
ens4    ethernet  connected               ens4       
lo      loopback  connected (externally)  lo         
SCRIPT_FINISHEDkdpaL-0-
w1P11-0-

Welcome to openSUSE Tumbleweed 20240527 - Kernel 6.9.1-1-default (ttyS0).

ens4:  


susetest login: cSo4Y-0-

Welcome to openSUSE Tumbleweed 20240527 - Kernel 6.9.1-1-default (ttyS0).

ens4: 10.0.2.15 fe80::5054:ff:fe12:3456


susetest login: 
Welcome to openSUSE Tumbleweed 20240527 - Kernel 6.9.1-1-default (ttyS0).

ens4: 10.0.2.15 fec0::8ffc:7d8:72e7:bca2


susetest login: lolXI
full
SCRIPT_FINISHEDlolXI-0-
D5kNn-0-
ATJ52-0-
G6KTf-0-
SsWsG-0-
UfVk_-0-
OSm16
type=AVC msg=audit(1716880401.459:28): apparmor="STATUS" operation="profile_load" profile="unconfined" name="ghostscript" pid=907 comm="apparmor_parser"
type=AVC msg=audit(1716880401.459:29): apparmor="STATUS" operation="profile_load" profile="unconfined" name="ghostscript///usr/bin/hpijs" pid=907 comm="apparmor_parser"
type=AVC msg=audit(1716880401.459:30): apparmor="STATUS" operation="profile_load" profile="unconfined" name="github-desktop" pid=914 comm="apparmor_parser"
type=SYSCALL msg=audit(1716880401.459:30): arch=c000003e syscall=1 success=yes exit=3178 a0=7 a1=564d00f2dad0 a2=c6a a3=0 items=0 ppid=873 pid=914 auid=4294967295 uid=0 gid=0 euid=0 suid=0 fsuid=0 egid=0 sgid=0 fsgid=0 tty=(none) ses=4294967295 comm="apparmor_parser" exe="/usr/sbin/apparmor_parser" subj=unconfined key=(null)
type=PROCTITLE msg=audit(1716880401.459:30): proctitle=2F7362696E2F61707061726D6F725F706172736572002D2D7265706C616365002D2D002F6574632F61707061726D6F722E64
type=AVC msg=audit(1716880401.463:31): apparmor="STATUS" operation="profile_load" profile="unconfined" name="goldendict" pid=915 comm="apparmor_parser"
type=SYSCALL msg=audit(1716880401.463:31): arch=c000003e syscall=1 success=yes exit=2794 a0=7 a1=564d00f38820 a2=aea a3=0 items=0 ppid=873 pid=915 auid=4294967295 uid=0 gid=0 euid=0 suid=0 fsuid=0 egid=0 sgid=0 fsgid=0 tty=(none) ses=4294967295 comm="apparmor_parser" exe="/usr/sbin/apparmor_parser" subj=unconfined key=(null)
type=PROCTITLE msg=audit(1716880401.463:31): proctitle=2F7362696E2F61707061726D6F725F706172736572002D2D7265706C616365002D2D002F6574632F61707061726D6F722E64
type=AVC msg=audit(1716880401.466:32): apparmor="STATUS" operation="profile_load" profile="unconfined" name="ipa_verify" pid=916 comm="apparmor_parser"
type=SYSCALL msg=audit(1716880401.466:32): arch=c000003e syscall=1 success=yes exit=2794 a0=7 a1=564d00f38820 a2=aea a3=0 items=0 ppid=873 pid=916 auid=4294967295 uid=0 gid=0 euid=0 suid=0 fsuid=0 egid=0 sgid=0 fsgid=0 tty=(none) ses=4294967295 comm="apparmor_parser" exe="/usr/sbin/apparmor_parser" subj=unconfined key=(null)
type=PROCTITLE msg=audit(1716880401.466:32): proctitle=2F7362696E2F61707061726D6F725F706172736572002D2D7265706C616365002D2D002F6574632F61707061726D6F722E64
type=AVC msg=audit(1716880401.466:33): apparmor="STATUS" operation="profile_load" profile="unconfined" name="kchmviewer" pid=917 comm="apparmor_parser"
type=SYSCALL msg=audit(1716880401.466:33): arch=c000003e syscall=1 success=yes exit=2794 a0=7 a1=564d00f38820 a2=aea a3=0 items=0 ppid=873 pid=917 auid=4294967295 uid=0 gid=0 euid=0 suid=0 fsuid=0 egid=0 sgid=0 fsgid=0 tty=(none) ses=4294967295 comm="apparmor_parser" exe="/usr/sbin/apparmor_parser" subj=unconfined key=(null)
type=PROCTITLE msg=audit(1716880401.466:33): proctitle=2F7362696E2F61707061726D6F725F706172736572002D2D7265706C616365002D2D002F6574632F61707061726D6F722E64
type=AVC msg=audit(1716880401.466:34): apparmor="STATUS" operation="profile_load" profile="unconfined" name="keybase" pid=918 comm="apparmor_parser"
type=SYSCALL msg=audit(1716880401.466:34): arch=c000003e syscall=1 success=yes exit=2834 a0=7 a1=564d00f54c10 a2=b12 a3=0 items=0 ppid=873 pid=918 auid=4294967295 uid=0 gid=0 euid=0 suid=0 fsuid=0 egid=0 sgid=0 fsgid=0 tty=(none) ses=4294967295 comm="apparmor_parser" exe="/usr/sbin/apparmor_parser" subj=unconfined key=(null)
type=PROCTITLE msg=audit(1716880401.466:34): proctitle=2F7362696E2F61707061726D6F725F706172736572002D2D7265706C616365002D2D002F6574632F61707061726D6F722E64
type=AVC msg=audit(1716880401.473:35): apparmor="STATUS" operation="profile_load" profile="unconfined" name="lc-compliance" pid=919 comm="apparmor_parser"
type=SYSCALL msg=audit(1716880401.473:35): arch=c000003e syscall=1 success=yes exit=2874 a0=7 a1=564d00f54c10 a2=b3a a3=0 items=0 ppid=873 pid=919 auid=4294967295 uid=0 gid=0 euid=0 suid=0 fsuid=0 egid=0 sgid=0 fsgid=0 tty=(none) ses=4294967295 comm="apparmor_parser" exe="/usr/sbin/apparmor_parser" subj=unconfined key=(null)
type=PROCTITLE msg=audit(1716880401.473:35): proctitle=2F7362696E2F61707061726D6F725F706172736572002D2D7265706C616365002D2D002F6574632F61707061726D6F722E64
type=AVC msg=audit(1716880401.473:36): apparmor="STATUS" operation="profile_load" profile="unconfined" name="libcamerify" pid=920 comm="apparmor_parser"
type=SYSCALL msg=audit(1716880401.473:36): arch=c000003e syscall=1 success=yes exit=2826 a0=7 a1=564d00f54c10 a2=b0a a3=0 items=0 ppid=873 pid=920 auid=4294967295 uid=0 gid=0 euid=0 suid=0 fsuid=0 egid=0 sgid=0 fsgid=0 tty=(none) ses=4294967295 comm="apparmor_parser" exe="/usr/sbin/apparmor_parser" subj=unconfined key=(null)
type=PROCTITLE msg=audit(1716880401.473:36): proctitle=2F7362696E2F61707061726D6F725F706172736572002D2D7265706C616365002D2D002F6574632F61707061726D6F722E64
type=AVC msg=audit(1716880401.479:37): apparmor="STATUS" operation="profile_load" profile="unconfined" name="linux-sandbox" pid=921 comm="apparmor_parser"
type=SYSCALL msg=audit(1716880401.479:37): arch=c000003e syscall=1 success=yes exit=3234 a0=7 a1=564d00f35800 a2=ca2 a3=0 items=0 ppid=873 pid=921 auid=4294967295 uid=0 gid=0 euid=0 suid=0 fsuid=0 egid=0 sgid=0 fsgid=0 tty=(none) ses=4294967295 comm="apparmor_parser" exe="/usr/sbin/apparmor_parser" subj=unconfined key=(null)
type=PROCTITLE msg=audit(1716880401.479:37): proctitle=2F7362696E2F61707061726D6F725F706172736572002D2D7265706C616365002D2D002F6574632F61707061726D6F722E64
type=AVC msg=audit(1716880401.479:38): apparmor="STATUS" operation="profile_load" profile="unconfined" name="loupe" pid=922 comm="apparmor_parser"
type=SYSCALL msg=audit(1716880401.479:38): arch=c000003e syscall=1 success=yes exit=2738 a0=7 a1=564d00f36400 a2=ab2 a3=0 items=0 ppid=873 pid=922 auid=4294967295 uid=0 gid=0 euid=0 suid=0 fsuid=0 egid=0 sgid=0 fsgid=0 tty=(none) ses=4294967295 comm="apparmor_parser" exe="/usr/sbin/apparmor_parser" subj=unconfined key=(null)
type=PROCTITLE msg=audit(1716880401.479:38): proctitle=2F7362696E2F61707061726D6F725F706172736572002D2D7265706C616365002D2D002F6574632F61707061726D6F722E64
type=AVC msg=audit(1716880401.523:39): apparmor="STATUS" operation="profile_load" profile="unconfined" name="lsb_release" pid=923 comm="apparmor_parser"
type=SYSCALL msg=audit(1716880401.523:39): arch=c000003e syscall=1 success=yes exit=35593 a0=7 a1=564d01212350 a2=8b09 a3=0 items=0 ppid=873 pid=923 auid=4294967295 uid=0 gid=0 euid=0 suid=0 fsuid=0 egid=0 sgid=0 fsgid=0 tty=(none) ses=4294967295 comm="apparmor_parser" exe="/usr/sbin/apparmor_parser" subj=unconfined key=(null)
type=PROCTITLE msg=audit(1716880401.523:39): proctitle=2F7362696E2F61707061726D6F725F706172736572002D2D7265706C616365002D2D002F6574632F61707061726D6F722E64
type=AVC msg=audit(1716880401.530:40): apparmor="STATUS" operation="profile_load" profile="unconfined" name="lxc-attach" pid=924 comm="apparmor_parser"
type=SYSCALL msg=audit(1716880401.530:40): arch=c000003e syscall=1 success=yes exit=2810 a0=7 a1=564d00f51070 a2=afa a3=0 items=0 ppid=873 pid=924 auid=4294967295 uid=0 gid=0 euid=0 suid=0 fsuid=0 egid=0 sgid=0 fsgid=0 tty=(none) ses=4294967295 comm="apparmor_parser" exe="/usr/sbin/apparmor_parser" subj=unconfined key=(null)
type=PROCTITLE msg=audit(1716880401.530:40): proctitle=2F7362696E2F61707061726D6F725F706172736572002D2D7265706C616365002D2D002F6574632F61707061726D6F722E64
type=AVC msg=audit(1716880401.533:41): apparmor="STATUS" operation="profile_load" profile="unconfined" name="lxc-create" pid=925 comm="apparmor_parser"
type=SYSCALL msg=audit(1716880401.533:41): arch=c000003e syscall=1 success=yes exit=2794 a0=7 a1=564d00f51150 a2=aea a3=0 items=0 ppid=873 pid=925 auid=4294967295 uid=0 gid=0 euid=0 suid=0 fsuid=0 egid=0 sgid=0 fsgid=0 tty=(none) ses=4294967295 comm="apparmor_parser" exe="/usr/sbin/apparmor_parser" subj=unconfined key=(null)
type=PROCTITLE msg=audit(1716880401.533:41): proctitle=2F7362696E2F61707061726D6F725F706172736572002D2D7265706C616365002D2D002F6574632F61707061726D6F722E64
type=AVC msg=audit(1716880401.533:42): apparmor="STATUS" operation="profile_load" profile="unconfined" name="lxc-destroy" pid=926 comm="apparmor_parser"
type=SYSCALL msg=audit(1716880401.533:42): arch=c000003e syscall=1 success=yes exit=2842 a0=7 a1=564d00f50bb0 a2=b1a a3=0 items=0 ppid=873 pid=926 auid=4294967295 uid=0 gid=0 euid=0 suid=0 fsuid=0 egid=0 sgid=0 fsgid=0 tty=(none) ses=4294967295 comm="apparmor_parser" exe="/usr/sbin/apparmor_parser" subj=unconfined key=(null)
type=PROCTITLE msg=audit(1716880401.533:42): proctitle=2F7362696E2F61707061726D6F725F706172736572002D2D7265706C616365002D2D002F6574632F61707061726D6F722E64
type=AVC msg=audit(1716880401.533:43): apparmor="STATUS" operation="profile_load" profile="unconfined" name="lxc-execute" pid=927 comm="apparmor_parser"
type=SYSCALL msg=audit(1716880401.533:43): arch=c000003e syscall=1 success=yes exit=2826 a0=7 a1=564d00f37f50 a2=b0a a3=0 items=0 ppid=873 pid=927 auid=4294967295 uid=0 gid=0 euid=0 suid=0 fsuid=0 egid=0 sgid=0 fsgid=0 tty=(none) ses=4294967295 comm="apparmor_parser" exe="/usr/sbin/apparmor_parser" subj=unconfined key=(null)
type=PROCTITLE msg=audit(1716880401.533:43): proctitle=2F7362696E2F61707061726D6F725F706172736572002D2D7265706C616365002D2D002F6574632F61707061726D6F722E64
type=AVC msg=audit(1716880401.539:44): apparmor="STATUS" operation="profile_load" profile="unconfined" name="lxc-stop" pid=928 comm="apparmor_parser"
type=SYSCALL msg=audit(1716880401.539:44): arch=c000003e syscall=1 success=yes exit=2770 a0=7 a1=564d00f382d0 a2=ad2 a3=0 items=0 ppid=873 pid=928 auid=4294967295 uid=0 gid=0 euid=0 suid=0 fsuid=0 egid=0 sgid=0 fsgid=0 tty=(none) ses=4294967295 comm="apparmor_parser" exe="/usr/sbin/apparmor_parser" subj=unconfined key=(null)
type=PROCTITLE msg=audit(1716880401.539:44): proctitle=2F7362696E2F61707061726D6F725F706172736572002D2D7265706C616365002D2D002F6574632F61707061726D6F722E64
type=AVC msg=audit(1716880401.539:45): apparmor="STATUS" operation="profile_load" profile="unconfined" name="lxc-unshare" pid=929 comm="apparmor_parser"
type=SYSCALL msg=audit(1716880401.539:45): arch=c000003e syscall=1 success=yes exit=2842 a0=7 a1=564d00f59170 a2=b1a a3=0 items=0 ppid=873 pid=929 auid=4294967295 uid=0 gid=0 euid=0 suid=0 fsuid=0 egid=0 sgid=0 fsgid=0 tty=(none) ses=4294967295 comm="apparmor_parser" exe="/usr/sbin/apparmor_parser" subj=unconfined key=(null)
type=PROCTITLE msg=audit(1716880401.539:45): proctitle=2F7362696E2F61707061726D6F725F706172736572002D2D7265706C616365002D2D002F6574632F61707061726D6F722E64
type=AVC msg=audit(1716880401.543:46): apparmor="STATUS" operation="profile_load" profile="unconfined" name="lxc-usernsexec" pid=930 comm="apparmor_parser"
type=SYSCALL msg=audit(1716880401.543:46): arch=c000003e syscall=1 success=yes exit=2874 a0=7 a1=564d00f2db90 a2=b3a a3=0 items=0 ppid=873 pid=930 auid=4294967295 uid=0 gid=0 euid=0 suid=0 fsuid=0 egid=0 sgid=0 fsgid=0 tty=(none) ses=4294967295 comm="apparmor_parser" exe="/usr/sbin/apparmor_parser" subj=unconfined key=(null)
type=PROCTITLE msg=audit(1716880401.543:46): proctitle=2F7362696E2F61707061726D6F725F706172736572002D2D7265706C616365002D2D002F6574632F61707061726D6F722E64
type=AVC msg=audit(1716880401.546:47): apparmor="STATUS" operation="profile_load" profile="unconfined" name="mmdebstrap" pid=931 comm="apparmor_parser"
type=SYSCALL msg=audit(1716880401.546:47): arch=c000003e syscall=1 success=yes exit=2810 a0=7 a1=564d00f38130 a2=afa a3=0 items=0 ppid=873 pid=931 auid=4294967295 uid=0 gid=0 euid=0 suid=0 fsuid=0 egid=0 sgid=0 fsgid=0 tty=(none) ses=4294967295 comm="apparmor_parser" exe="/usr/sbin/apparmor_parser" subj=unconfined key=(null)
type=PROCTITLE msg=audit(1716880401.546:47): proctitle=2F7362696E2F61707061726D6F725F706172736572002D2D7265706C616365002D2D002F6574632F61707061726D6F722E64
type=AVC msg=audit(1716880401.546:48): apparmor="STATUS" operation="profile_load" profile="unconfined" name="msedge" pid=932 comm="apparmor_parser"
type=SYSCALL msg=audit(1716880401.546:48): arch=c000003e syscall=1 success=yes exit=3010 a0=7 a1=564d00f4fba0 a2=bc2 a3=0 items=0 ppid=873 pid=932 auid=4294967295 uid=0 gid=0 euid=0 suid=0 fsuid=0 egid=0 sgid=0 fsgid=0 tty=(none) ses=4294967295 comm="apparmor_parser" exe="/usr/sbin/apparmor_parser" subj=unconfined key=(null)
type=PROCTITLE msg=audit(1716880401.546:48): proctitle=2F7362696E2F61707061726D6F725F706172736572002D2D7265706C616365002D2D002F6574632F61707061726D6F722E64
type=AVC msg=audit(1716880401.553:49): apparmor="STATUS" operation="profile_load" profile="unconfined" name="nautilus" pid=933 comm="apparmor_parser"
type=SYSCALL msg=audit(1716880401.553:49): arch=c000003e syscall=1 success=yes exit=2786 a0=7 a1=564d00f382e0 a2=ae2 a3=0 items=0 ppid=873 pid=933 auid=4294967295 uid=0 gid=0 euid=0 suid=0 fsuid=0 egid=0 sgid=0 fsgid=0 tty=(none) ses=4294967295 comm="apparmor_parser" exe="/usr/sbin/apparmor_parser" subj=unconfined key=(null)
type=PROCTITLE msg=audit(1716880401.553:49): proctitle=2F7362696E2F61707061726D6F725F706172736572002D2D7265706C616365002D2D002F6574632F61707061726D6F722E64
type=AVC msg=audit(1716880401.553:50): apparmor="STATUS" operation="profile_load" profile="unconfined" name="notepadqq" pid=934 comm="apparmor_parser"
type=SYSCALL msg=audit(1716880401.553:50): arch=c000003e syscall=1 success=yes exit=3546 a0=7 a1=564d00f57c00 a2=dda a3=0 items=0 ppid=873 pid=934 auid=4294967295 uid=0 gid=0 euid=0 suid=0 fsuid=0 egid=0 sgid=0 fsgid=0 tty=(none) ses=4294967295 comm="apparmor_parser" exe="/usr/sbin/apparmor_parser" subj=unconfined key=(null)
type=PROCTITLE msg=audit(1716880401.553:50): proctitle=2F7362696E2F61707061726D6F725F706172736572002D2D7265706C616365002D2D002F6574632F61707061726D6F722E64
type=AVC msg=audit(1716880401.593:51): apparmor="STATUS" operation="profile_load" profile="unconfined" name="nvidia_modprobe" pid=935 comm="apparmor_parser"
type=SYSCALL msg=audit(1716880401.593:51): arch=c000003e syscall=1 success=yes exit=22218 a0=7 a1=564d010f43d0 a2=56ca a3=0 items=0 ppid=873 pid=935 auid=4294967295 uid=0 gid=0 euid=0 suid=0 fsuid=0 egid=0 sgid=0 fsgid=0 tty=(none) ses=4294967295 comm="apparmor_parser" exe="/usr/sbin/apparmor_parser" subj=unconfined key=(null)
type=PROCTITLE msg=audit(1716880401.593:51): proctitle=2F7362696E2F61707061726D6F725F706172736572002D2D7265706C616365002D2D002F6574632F61707061726D6F722E64
type=AVC msg=audit(1716880401.599:52): apparmor="STATUS" operation="profile_load" profile="unconfined" name="nvidia_modprobe//kmod" pid=935 comm="apparmor_parser"
type=SYSCALL msg=audit(1716880401.599:52): arch=c000003e syscall=1 success=yes exit=20513 a0=7 a1=564d00fc05e0 a2=5021 a3=0 items=0 ppid=873 pid=935 auid=4294967295 uid=0 gid=0 euid=0 suid=0 fsuid=0 egid=0 sgid=0 fsgid=0 tty=(none) ses=4294967295 comm="apparmor_parser" exe="/usr/sbin/apparmor_parser" subj=unconfined key=(null)
type=PROCTITLE msg=audit(1716880401.599:52): proctitle=2F7362696E2F61707061726D6F725F706172736572002D2D7265706C616365002D2D002F6574632F61707061726D6F722E64
type=AVC msg=audit(1716880401.599:53): apparmor="STATUS" operation="profile_load" profile="unconfined" name="obsidian" pid=936 comm="apparmor_parser"
type=SYSCALL msg=audit(1716880401.599:53): arch=c000003e syscall=1 success=yes exit=2866 a0=7 a1=564d00f35410 a2=b32 a3=0 items=0 ppid=873 pid=936 auid=4294967295 uid=0 gid=0 euid=0 suid=0 fsuid=0 egid=0 sgid=0 fsgid=0 tty=(none) ses=4294967295 comm="apparmor_parser" exe="/usr/sbin/apparmor_parser" subj=unconfined key=(null)
type=PROCTITLE msg=audit(1716880401.599:53): proctitle=2F7362696E2F61707061726D6F725F706172736572002D2D7265706C616365002D2D002F6574632F61707061726D6F722E64
type=AVC msg=audit(1716880401.599:54): apparmor="STATUS" operation="profile_load" profile="unconfined" name="opam" pid=937 comm="apparmor_parser"
type=SYSCALL msg=audit(1716880401.599:54): arch=c000003e syscall=1 success=yes exit=2714 a0=7 a1=564d00f37e10 a2=a9a a3=0 items=0 ppid=873 pid=937 auid=4294967295 uid=0 gid=0 euid=0 suid=0 fsuid=0 egid=0 sgid=0 fsgid=0 tty=(none) ses=4294967295 comm="apparmor_parser" exe="/usr/sbin/apparmor_parser" subj=unconfined key=(null)
type=PROCTITLE msg=audit(1716880401.599:54): proctitle=2F7362696E2F61707061726D6F725F706172736572002D2D7265706C616365002D2D002F6574632F61707061726D6F722E64
type=AVC msg=audit(1716880401.603:55): apparmor="STATUS" operation="profile_load" profile="unconfined" name="opera" pid=938 comm="apparmor_parser"
type=SYSCALL msg=audit(1716880401.603:55): arch=c000003e syscall=1 success=yes exit=3058 a0=7 a1=564d00f52b40 a2=bf2 a3=0 items=0 ppid=873 pid=938 auid=4294967295 uid=0 gid=0 euid=0 suid=0 fsuid=0 egid=0 sgid=0 fsgid=0 tty=(none) ses=4294967295 comm="apparmor_parser" exe="/usr/sbin/apparmor_parser" subj=unconfined key=(null)
type=PROCTITLE msg=audit(1716880401.603:55): proctitle=2F7362696E2F61707061726D6F725F706172736572002D2D7265706C616365002D2D002F6574632F61707061726D6F722E64
type=AVC msg=audit(1716880401.606:56): apparmor="STATUS" operation="profile_load" profile="unconfined" name="pageedit" pid=939 comm="apparmor_parser"
type=SYSCALL msg=audit(1716880401.606:56): arch=c000003e syscall=1 success=yes exit=2770 a0=7 a1=564d00f38710 a2=ad2 a3=0 items=0 ppid=873 pid=939 auid=4294967295 uid=0 gid=0 euid=0 suid=0 fsuid=0 egid=0 sgid=0 fsgid=0 tty=(none) ses=4294967295 comm="apparmor_parser" exe="/usr/sbin/apparmor_parser" subj=unconfined key=(null)
type=PROCTITLE msg=audit(1716880401.606:56): proctitle=2F7362696E2F61707061726D6F725F706172736572002D2D7265706C616365002D2D002F6574632F61707061726D6F722E64
type=AVC msg=audit(1716880401.669:57): apparmor="STATUS" operation="profile_load" profile="unconfined" name="php-fpm" pid=940 comm="apparmor_parser"
type=SYSCALL msg=audit(1716880401.669:57): arch=c000003e syscall=1 success=yes exit=46513 a0=7 a1=564d0125c0d0 a2=b5b1 a3=0 items=0 ppid=873 pid=940 auid=4294967295 uid=0 gid=0 euid=0 suid=0 fsuid=0 egid=0 sgid=0 fsgid=0 tty=(none) ses=4294967295 comm="apparmor_parser" exe="/usr/sbin/apparmor_parser" subj=unconfined key=(null)
type=PROCTITLE msg=audit(1716880401.669:57): proctitle=2F7362696E2F61707061726D6F725F706172736572002D2D7265706C616365002D2D002F6574632F61707061726D6F722E64
type=AVC msg=audit(1716880401.679:58): apparmor="STATUS" operation="profile_load" profile="unconfined" name="plasmashell" pid=941 comm="apparmor_parser"
