May 28 07:29:40.176952 localhost kernel: Linux version 6.9.1-1-default (geeko@buildhost) (gcc (SUSE Linux) 13.2.1 20240509 [revision b7a2697733d19a093cbdd0e200ffce069a4bc812], GNU ld (GNU Binutils; openSUSE Tumbleweed) 2.42.0.20240130-3) #1 SMP PREEMPT_DYNAMIC Fri May 17 11:59:46 UTC 2024 (0c0b0b5)
May 28 07:29:40.176971 localhost kernel: Command line: BOOT_IMAGE=/boot/vmlinuz-6.9.1-1-default root=UUID=8bc5a620-43f2-4cb4-bc93-ae33026e601c rd.timeout=60 rd.retry=45 quiet systemd.show_status=yes console=ttyS0,115200 console=tty0 ignition.platform.id=qemu security=selinux selinux=1
May 28 07:29:40.176979 localhost kernel: BIOS-provided physical RAM map:
May 28 07:29:40.176985 localhost kernel: BIOS-e820: [mem 0x0000000000000000-0x000000000009fbff] usable
May 28 07:29:40.176990 localhost kernel: BIOS-e820: [mem 0x000000000009fc00-0x000000000009ffff] reserved
May 28 07:29:40.176995 localhost kernel: BIOS-e820: [mem 0x00000000000f0000-0x00000000000fffff] reserved
May 28 07:29:40.177002 localhost kernel: BIOS-e820: [mem 0x0000000000100000-0x000000003ffdbfff] usable
May 28 07:29:40.177007 localhost kernel: BIOS-e820: [mem 0x000000003ffdc000-0x000000003fffffff] reserved
May 28 07:29:40.177011 localhost kernel: BIOS-e820: [mem 0x00000000feffc000-0x00000000feffffff] reserved
May 28 07:29:40.177016 localhost kernel: BIOS-e820: [mem 0x00000000fffc0000-0x00000000ffffffff] reserved
May 28 07:29:40.177021 localhost kernel: BIOS-e820: [mem 0x000000fd00000000-0x000000ffffffffff] reserved
May 28 07:29:40.177026 localhost kernel: NX (Execute Disable) protection: active
May 28 07:29:40.177031 localhost kernel: APIC: Static calls initialized
May 28 07:29:40.177038 localhost kernel: SMBIOS 2.8 present.
May 28 07:29:40.177044 localhost kernel: DMI: QEMU Standard PC (i440FX + PIIX, 1996), BIOS rel-1.16.0-0-gd239552c-rebuilt.opensuse.org 04/01/2014
May 28 07:29:40.177049 localhost kernel: Hypervisor detected: KVM
May 28 07:29:40.177054 localhost kernel: kvm-clock: Using msrs 4b564d01 and 4b564d00
May 28 07:29:40.177059 localhost kernel: kvm-clock: using sched offset of 18025325602 cycles
May 28 07:29:40.177064 localhost kernel: clocksource: kvm-clock: mask: 0xffffffffffffffff max_cycles: 0x1cd42e4dffb, max_idle_ns: 881590591483 ns
May 28 07:29:40.177070 localhost kernel: tsc: Detected 2199.998 MHz processor
May 28 07:29:40.177075 localhost kernel: e820: update [mem 0x00000000-0x00000fff] usable ==> reserved
May 28 07:29:40.177080 localhost kernel: e820: remove [mem 0x000a0000-0x000fffff] usable
May 28 07:29:40.177087 localhost kernel: last_pfn = 0x3ffdc max_arch_pfn = 0x400000000
May 28 07:29:40.177093 localhost kernel: MTRR map: 4 entries (3 fixed + 1 variable; max 19), built from 8 variable MTRRs
May 28 07:29:40.177098 localhost kernel: x86/PAT: Configuration [0-7]: WB  WC  UC- UC  WB  WP  UC- WT  
May 28 07:29:40.177103 localhost kernel: found SMP MP-table at [mem 0x000f5b50-0x000f5b5f]
May 28 07:29:40.177108 localhost kernel: Using GB pages for direct mapping
May 28 07:29:40.177113 localhost kernel: RAMDISK: [mem 0x2bc9b000-0x31e44fff]
May 28 07:29:40.177118 localhost kernel: ACPI: Early table checksum verification disabled
May 28 07:29:40.177123 localhost kernel: ACPI: RSDP 0x00000000000F5970 000014 (v00 BOCHS )
May 28 07:29:40.177128 localhost kernel: ACPI: RSDT 0x000000003FFE18ED 000034 (v01 BOCHS  BXPC     00000001 BXPC 00000001)
May 28 07:29:40.177134 localhost kernel: ACPI: FACP 0x000000003FFE17A1 000074 (v01 BOCHS  BXPC     00000001 BXPC 00000001)
May 28 07:29:40.177139 localhost kernel: ACPI: DSDT 0x000000003FFE0040 001761 (v01 BOCHS  BXPC     00000001 BXPC 00000001)
May 28 07:29:40.177144 localhost kernel: ACPI: FACS 0x000000003FFE0000 000040
May 28 07:29:40.177151 localhost kernel: ACPI: APIC 0x000000003FFE1815 000078 (v01 BOCHS  BXPC     00000001 BXPC 00000001)
May 28 07:29:40.177156 localhost kernel: ACPI: HPET 0x000000003FFE188D 000038 (v01 BOCHS  BXPC     00000001 BXPC 00000001)
May 28 07:29:40.177161 localhost kernel: ACPI: WAET 0x000000003FFE18C5 000028 (v01 BOCHS  BXPC     00000001 BXPC 00000001)
May 28 07:29:40.177166 localhost kernel: ACPI: Reserving FACP table memory at [mem 0x3ffe17a1-0x3ffe1814]
May 28 07:29:40.177171 localhost kernel: ACPI: Reserving DSDT table memory at [mem 0x3ffe0040-0x3ffe17a0]
May 28 07:29:40.177177 localhost kernel: ACPI: Reserving FACS table memory at [mem 0x3ffe0000-0x3ffe003f]
May 28 07:29:40.177184 localhost kernel: ACPI: Reserving APIC table memory at [mem 0x3ffe1815-0x3ffe188c]
May 28 07:29:40.177189 localhost kernel: ACPI: Reserving HPET table memory at [mem 0x3ffe188d-0x3ffe18c4]
May 28 07:29:40.177194 localhost kernel: ACPI: Reserving WAET table memory at [mem 0x3ffe18c5-0x3ffe18ec]
May 28 07:29:40.177200 localhost kernel: No NUMA configuration found
May 28 07:29:40.177206 localhost kernel: Faking a node at [mem 0x0000000000000000-0x000000003ffdbfff]
May 28 07:29:40.177211 localhost kernel: NODE_DATA(0) allocated [mem 0x3ffb1000-0x3ffdbfff]
May 28 07:29:40.177216 localhost kernel: Zone ranges:
May 28 07:29:40.177221 localhost kernel:   DMA      [mem 0x0000000000001000-0x0000000000ffffff]
May 28 07:29:40.177226 localhost kernel:   DMA32    [mem 0x0000000001000000-0x000000003ffdbfff]
May 28 07:29:40.177233 localhost kernel:   Normal   empty
May 28 07:29:40.177238 localhost kernel:   Device   empty
May 28 07:29:40.177243 localhost kernel: Movable zone start for each node
May 28 07:29:40.177248 localhost kernel: Early memory node ranges
May 28 07:29:40.177253 localhost kernel:   node   0: [mem 0x0000000000001000-0x000000000009efff]
May 28 07:29:40.177258 localhost kernel:   node   0: [mem 0x0000000000100000-0x000000003ffdbfff]
May 28 07:29:40.177263 localhost kernel: Initmem setup node 0 [mem 0x0000000000001000-0x000000003ffdbfff]
May 28 07:29:40.177268 localhost kernel: On node 0, zone DMA: 1 pages in unavailable ranges
May 28 07:29:40.177273 localhost kernel: On node 0, zone DMA: 97 pages in unavailable ranges
May 28 07:29:40.177278 localhost kernel: On node 0, zone DMA32: 36 pages in unavailable ranges
May 28 07:29:40.177283 localhost kernel: ACPI: PM-Timer IO Port: 0x608
May 28 07:29:40.177288 localhost kernel: ACPI: LAPIC_NMI (acpi_id[0xff] dfl dfl lint[0x1])
May 28 07:29:40.177293 localhost kernel: IOAPIC[0]: apic_id 0, version 17, address 0xfec00000, GSI 0-23
May 28 07:29:40.177300 localhost kernel: ACPI: INT_SRC_OVR (bus 0 bus_irq 0 global_irq 2 dfl dfl)
May 28 07:29:40.177305 localhost kernel: ACPI: INT_SRC_OVR (bus 0 bus_irq 5 global_irq 5 high level)
May 28 07:29:40.177310 localhost kernel: ACPI: INT_SRC_OVR (bus 0 bus_irq 9 global_irq 9 high level)
May 28 07:29:40.177315 localhost kernel: ACPI: INT_SRC_OVR (bus 0 bus_irq 10 global_irq 10 high level)
May 28 07:29:40.177321 localhost kernel: ACPI: INT_SRC_OVR (bus 0 bus_irq 11 global_irq 11 high level)
May 28 07:29:40.177326 localhost kernel: ACPI: Using ACPI (MADT) for SMP configuration information
May 28 07:29:40.177331 localhost kernel: ACPI: HPET id: 0x8086a201 base: 0xfed00000
May 28 07:29:40.177336 localhost kernel: TSC deadline timer available
May 28 07:29:40.177341 localhost kernel: CPU topo: Max. logical packages:   1
May 28 07:29:40.177346 localhost kernel: CPU topo: Max. logical dies:       1
May 28 07:29:40.177351 localhost kernel: CPU topo: Max. dies per package:   1
May 28 07:29:40.177356 localhost kernel: CPU topo: Max. threads per core:   1
May 28 07:29:40.177363 localhost kernel: CPU topo: Num. cores per package:     1
May 28 07:29:40.177368 localhost kernel: CPU topo: Num. threads per package:   1
May 28 07:29:40.177373 localhost kernel: CPU topo: Allowing 1 present CPUs plus 0 hotplug CPUs
May 28 07:29:40.177378 localhost kernel: kvm-guest: APIC: eoi() replaced with kvm_guest_apic_eoi_write()
May 28 07:29:40.177383 localhost kernel: PM: hibernation: Registered nosave memory: [mem 0x00000000-0x00000fff]
May 28 07:29:40.177388 localhost kernel: PM: hibernation: Registered nosave memory: [mem 0x0009f000-0x0009ffff]
May 28 07:29:40.177393 localhost kernel: PM: hibernation: Registered nosave memory: [mem 0x000a0000-0x000effff]
May 28 07:29:40.177398 localhost kernel: PM: hibernation: Registered nosave memory: [mem 0x000f0000-0x000fffff]
May 28 07:29:40.177403 localhost kernel: [mem 0x40000000-0xfeffbfff] available for PCI devices
May 28 07:29:40.177408 localhost kernel: Booting paravirtualized kernel on KVM
May 28 07:29:40.177413 localhost kernel: clocksource: refined-jiffies: mask: 0xffffffff max_cycles: 0xffffffff, max_idle_ns: 6370452778343963 ns
May 28 07:29:40.177419 localhost kernel: setup_percpu: NR_CPUS:8192 nr_cpumask_bits:1 nr_cpu_ids:1 nr_node_ids:1
May 28 07:29:40.177425 localhost kernel: percpu: Embedded 72 pages/cpu s258048 r8192 d28672 u2097152
May 28 07:29:40.177430 localhost kernel: pcpu-alloc: s258048 r8192 d28672 u2097152 alloc=1*2097152
May 28 07:29:40.177436 localhost kernel: pcpu-alloc: [0] 0 
May 28 07:29:40.177441 localhost kernel: kvm-guest: PV spinlocks disabled, single CPU
May 28 07:29:40.177446 localhost kernel: Kernel command line: BOOT_IMAGE=/boot/vmlinuz-6.9.1-1-default root=UUID=8bc5a620-43f2-4cb4-bc93-ae33026e601c rd.timeout=60 rd.retry=45 quiet systemd.show_status=yes console=ttyS0,115200 console=tty0 ignition.platform.id=qemu security=selinux selinux=1
May 28 07:29:40.177452 localhost kernel: Unknown kernel command line parameters "BOOT_IMAGE=/boot/vmlinuz-6.9.1-1-default", will be passed to user space.
May 28 07:29:40.177457 localhost kernel: random: crng init done
May 28 07:29:40.177462 localhost kernel: Dentry cache hash table entries: 131072 (order: 8, 1048576 bytes, linear)
May 28 07:29:40.177467 localhost kernel: Inode-cache hash table entries: 65536 (order: 7, 524288 bytes, linear)
May 28 07:29:40.177472 localhost kernel: Fallback order for Node 0: 0 
May 28 07:29:40.177478 localhost kernel: Built 1 zonelists, mobility grouping on.  Total pages: 257756
May 28 07:29:40.177484 localhost kernel: Policy zone: DMA32
May 28 07:29:40.177490 localhost kernel: mem auto-init: stack:off, heap alloc:off, heap free:off
May 28 07:29:40.177495 localhost kernel: Memory: 260860K/1048040K available (16384K kernel code, 3000K rwdata, 13020K rodata, 4224K init, 4384K bss, 166260K reserved, 0K cma-reserved)
May 28 07:29:40.177500 localhost kernel: SLUB: HWalign=64, Order=0-3, MinObjects=0, CPUs=1, Nodes=1
May 28 07:29:40.177505 localhost kernel: ftrace: allocating 47505 entries in 186 pages
May 28 07:29:40.177510 localhost kernel: ftrace: allocated 186 pages with 5 groups
May 28 07:29:40.177515 localhost kernel: Dynamic Preempt: voluntary
May 28 07:29:40.177521 localhost kernel: rcu: Preemptible hierarchical RCU implementation.
May 28 07:29:40.177526 localhost kernel: rcu:         RCU event tracing is enabled.
May 28 07:29:40.177532 localhost kernel: rcu:         RCU restricting CPUs from NR_CPUS=8192 to nr_cpu_ids=1.
May 28 07:29:40.177537 localhost kernel:         Trampoline variant of Tasks RCU enabled.
May 28 07:29:40.177542 localhost kernel:         Rude variant of Tasks RCU enabled.
May 28 07:29:40.177549 localhost kernel:         Tracing variant of Tasks RCU enabled.
May 28 07:29:40.177554 localhost kernel: rcu: RCU calculated value of scheduler-enlistment delay is 30 jiffies.
May 28 07:29:40.177559 localhost kernel: rcu: Adjusting geometry for rcu_fanout_leaf=16, nr_cpu_ids=1
May 28 07:29:40.177565 localhost kernel: RCU Tasks: Setting shift to 0 and lim to 1 rcu_task_cb_adjust=1.
May 28 07:29:40.177570 localhost kernel: RCU Tasks Rude: Setting shift to 0 and lim to 1 rcu_task_cb_adjust=1.
May 28 07:29:40.177575 localhost kernel: RCU Tasks Trace: Setting shift to 0 and lim to 1 rcu_task_cb_adjust=1.
May 28 07:29:40.177580 localhost kernel: NR_IRQS: 524544, nr_irqs: 256, preallocated irqs: 16
May 28 07:29:40.177585 localhost kernel: rcu: srcu_init: Setting srcu_struct sizes based on contention.
May 28 07:29:40.177590 localhost kernel: Console: colour dummy device 80x25
May 28 07:29:40.177600 localhost kernel: printk: legacy console [tty0] enabled
May 28 07:29:40.177605 localhost kernel: printk: legacy console [ttyS0] enabled
May 28 07:29:40.177610 localhost kernel: ACPI: Core revision 20230628
May 28 07:29:40.177615 localhost kernel: clocksource: hpet: mask: 0xffffffff max_cycles: 0xffffffff, max_idle_ns: 19112604467 ns
May 28 07:29:40.177620 localhost kernel: APIC: Switch to symmetric I/O mode setup
May 28 07:29:40.177627 localhost kernel: x2apic enabled
May 28 07:29:40.177632 localhost kernel: APIC: Switched APIC routing to: physical x2apic
May 28 07:29:40.177637 localhost kernel: ..TIMER: vector=0x30 apic1=0 pin1=2 apic2=-1 pin2=-1
May 28 07:29:40.177642 localhost kernel: clocksource: tsc-early: mask: 0xffffffffffffffff max_cycles: 0x1fb63109b96, max_idle_ns: 440795265316 ns
May 28 07:29:40.177648 localhost kernel: Calibrating delay loop (skipped) preset value.. 4401.32 BogoMIPS (lpj=7333326)
May 28 07:29:40.177653 localhost kernel: x86/cpu: User Mode Instruction Prevention (UMIP) activated
May 28 07:29:40.177658 localhost kernel: Last level iTLB entries: 4KB 512, 2MB 255, 4MB 127
May 28 07:29:40.177663 localhost kernel: Last level dTLB entries: 4KB 512, 2MB 255, 4MB 127, 1GB 0
May 28 07:29:40.177668 localhost kernel: Spectre V1 : Mitigation: usercopy/swapgs barriers and __user pointer sanitization
May 28 07:29:40.177675 localhost kernel: Spectre V2 : Mitigation: Retpolines
May 28 07:29:40.177680 localhost kernel: Spectre V2 : Spectre v2 / SpectreRSB mitigation: Filling RSB on context switch
May 28 07:29:40.177685 localhost kernel: Spectre V2 : Spectre v2 / SpectreRSB : Filling RSB on VMEXIT
May 28 07:29:40.177690 localhost kernel: Spectre V2 : Enabling Restricted Speculation for firmware calls
May 28 07:29:40.177695 localhost kernel: Spectre V2 : mitigation: Enabling conditional Indirect Branch Prediction Barrier
May 28 07:29:40.177700 localhost kernel: Speculative Store Bypass: Mitigation: Speculative Store Bypass disabled via prctl
May 28 07:29:40.177706 localhost kernel: Speculative Return Stack Overflow: IBPB-extending microcode not applied!
May 28 07:29:40.177711 localhost kernel: Speculative Return Stack Overflow: WARNING: See https://kernel.org/doc/html/latest/admin-guide/hw-vuln/srso.html for mitigation options.
May 28 07:29:40.177716 localhost kernel: Speculative Return Stack Overflow: Vulnerable: Safe RET, no microcode
May 28 07:29:40.177722 localhost kernel: x86/fpu: Supporting XSAVE feature 0x001: 'x87 floating point registers'
May 28 07:29:40.177728 localhost kernel: x86/fpu: Supporting XSAVE feature 0x002: 'SSE registers'
May 28 07:29:40.177734 localhost kernel: x86/fpu: Supporting XSAVE feature 0x004: 'AVX registers'
May 28 07:29:40.177739 localhost kernel: x86/fpu: Supporting XSAVE feature 0x200: 'Protection Keys User registers'
May 28 07:29:40.177744 localhost kernel: x86/fpu: xstate_offset[2]:  576, xstate_sizes[2]:  256
May 28 07:29:40.177749 localhost kernel: x86/fpu: xstate_offset[9]:  832, xstate_sizes[9]:    8
May 28 07:29:40.177754 localhost kernel: x86/fpu: Enabled xstate features 0x207, context size is 840 bytes, using 'compacted' format.
May 28 07:29:40.177759 localhost kernel: Freeing SMP alternatives memory: 40K
May 28 07:29:40.177764 localhost kernel: pid_max: default: 32768 minimum: 301
May 28 07:29:40.177770 localhost kernel: LSM: initializing lsm=lockdown,capability,landlock,yama,selinux,bpf,ima,evm
May 28 07:29:40.177775 localhost kernel: landlock: Up and running.
May 28 07:29:40.177780 localhost kernel: Yama: becoming mindful.
May 28 07:29:40.177793 localhost kernel: SELinux:  Initializing.
May 28 07:29:40.177801 localhost kernel: LSM support for eBPF active
May 28 07:29:40.177806 localhost kernel: Mount-cache hash table entries: 2048 (order: 2, 16384 bytes, linear)
May 28 07:29:40.177811 localhost kernel: Mountpoint-cache hash table entries: 2048 (order: 2, 16384 bytes, linear)
May 28 07:29:40.177816 localhost kernel: smpboot: CPU0: AMD EPYC 7773X 64-Core Processor (family: 0x19, model: 0x1, stepping: 0x2)
May 28 07:29:40.177821 localhost kernel: Performance Events: Fam17h+ core perfctr, AMD PMU driver.
May 28 07:29:40.177826 localhost kernel: ... version:                0
May 28 07:29:40.177831 localhost kernel: ... bit width:              48
May 28 07:29:40.177836 localhost kernel: ... generic registers:      6
May 28 07:29:40.177841 localhost kernel: ... value mask:             0000ffffffffffff
May 28 07:29:40.177847 localhost kernel: ... max period:             00007fffffffffff
May 28 07:29:40.177852 localhost kernel: ... fixed-purpose events:   0
May 28 07:29:40.177857 localhost kernel: ... event mask:             000000000000003f
May 28 07:29:40.177863 localhost kernel: signal: max sigframe size: 3376
May 28 07:29:40.177868 localhost kernel: rcu: Hierarchical SRCU implementation.
May 28 07:29:40.177874 localhost kernel: rcu:         Max phase no-delay instances is 1000.
May 28 07:29:40.177879 localhost kernel: smp: Bringing up secondary CPUs ...
May 28 07:29:40.177884 localhost kernel: smp: Brought up 1 node, 1 CPU
May 28 07:29:40.177889 localhost kernel: smpboot: Total of 1 processors activated (4401.32 BogoMIPS)
May 28 07:29:40.177894 localhost kernel: node 0 deferred pages initialised in 4ms
May 28 07:29:40.177899 localhost kernel: devtmpfs: initialized
May 28 07:29:40.177904 localhost kernel: x86/mm: Memory block size: 128MB
May 28 07:29:40.177909 localhost kernel: clocksource: jiffies: mask: 0xffffffff max_cycles: 0xffffffff, max_idle_ns: 6370867519511994 ns
May 28 07:29:40.177915 localhost kernel: futex hash table entries: 256 (order: 2, 16384 bytes, linear)
May 28 07:29:40.177920 localhost kernel: pinctrl core: initialized pinctrl subsystem
May 28 07:29:40.177926 localhost kernel: PM: RTC time: 07:29:39, date: 2024-05-28
May 28 07:29:40.177932 localhost kernel: NET: Registered PF_NETLINK/PF_ROUTE protocol family
May 28 07:29:40.177937 localhost kernel: DMA: preallocated 128 KiB GFP_KERNEL pool for atomic allocations
May 28 07:29:40.177942 localhost kernel: DMA: preallocated 128 KiB GFP_KERNEL|GFP_DMA pool for atomic allocations
May 28 07:29:40.177947 localhost kernel: DMA: preallocated 128 KiB GFP_KERNEL|GFP_DMA32 pool for atomic allocations
May 28 07:29:40.177952 localhost kernel: audit: initializing netlink subsys (disabled)
May 28 07:29:40.177958 localhost kernel: audit: type=2000 audit(1716881379.621:1): state=initialized audit_enabled=0 res=1
May 28 07:29:40.177963 localhost kernel: thermal_sys: Registered thermal governor 'fair_share'
May 28 07:29:40.177968 localhost kernel: thermal_sys: Registered thermal governor 'bang_bang'
May 28 07:29:40.177973 localhost kernel: thermal_sys: Registered thermal governor 'step_wise'
May 28 07:29:40.177978 localhost kernel: thermal_sys: Registered thermal governor 'user_space'
May 28 07:29:40.177983 localhost kernel: cpuidle: using governor ladder
May 28 07:29:40.177990 localhost kernel: cpuidle: using governor menu
May 28 07:29:40.177995 localhost kernel: acpiphp: ACPI Hot Plug PCI Controller Driver version: 0.5
May 28 07:29:40.178000 localhost kernel: PCI: Using configuration type 1 for base access
May 28 07:29:40.178005 localhost kernel: PCI: Using configuration type 1 for extended access
May 28 07:29:40.178010 localhost kernel: kprobes: kprobe jump-optimization is enabled. All kprobes are optimized if possible.
May 28 07:29:40.178016 localhost kernel: HugeTLB: registered 1.00 GiB page size, pre-allocated 0 pages
May 28 07:29:40.178021 localhost kernel: HugeTLB: 16380 KiB vmemmap can be freed for a 1.00 GiB page
May 28 07:29:40.178026 localhost kernel: HugeTLB: registered 2.00 MiB page size, pre-allocated 0 pages
May 28 07:29:40.178031 localhost kernel: HugeTLB: 28 KiB vmemmap can be freed for a 2.00 MiB page
May 28 07:29:40.178036 localhost kernel: Demotion targets for Node 0: null
May 28 07:29:40.178041 localhost kernel: ACPI: Added _OSI(Module Device)
May 28 07:29:40.178046 localhost kernel: ACPI: Added _OSI(Processor Device)
May 28 07:29:40.178053 localhost kernel: ACPI: Added _OSI(3.0 _SCP Extensions)
May 28 07:29:40.178058 localhost kernel: ACPI: Added _OSI(Processor Aggregator Device)
May 28 07:29:40.178063 localhost kernel: ACPI: 1 ACPI AML tables successfully acquired and loaded
May 28 07:29:40.178068 localhost kernel: ACPI: _OSC evaluation for CPUs failed, trying _PDC
May 28 07:29:40.178073 localhost kernel: ACPI: Interpreter enabled
May 28 07:29:40.178078 localhost kernel: ACPI: PM: (supports S0 S3 S4 S5)
May 28 07:29:40.178083 localhost kernel: ACPI: Using IOAPIC for interrupt routing
May 28 07:29:40.178088 localhost kernel: PCI: Using host bridge windows from ACPI; if necessary, use "pci=nocrs" and report a bug
May 28 07:29:40.178094 localhost kernel: PCI: Using E820 reservations for host bridge windows
May 28 07:29:40.178099 localhost kernel: ACPI: Enabled 2 GPEs in block 00 to 0F
May 28 07:29:40.178104 localhost kernel: ACPI: PCI Root Bridge [PCI0] (domain 0000 [bus 00-ff])
May 28 07:29:40.178278 localhost kernel: acpi PNP0A03:00: _OSC: OS supports [ExtendedConfig ASPM ClockPM Segments MSI EDR HPX-Type3]
May 28 07:29:40.178292 localhost kernel: acpiphp: Slot [3] registered
May 28 07:29:40.178298 localhost kernel: acpiphp: Slot [4] registered
May 28 07:29:40.178303 localhost kernel: acpiphp: Slot [5] registered
May 28 07:29:40.178308 localhost kernel: acpiphp: Slot [6] registered
May 28 07:29:40.178313 localhost kernel: acpiphp: Slot [7] registered
May 28 07:29:40.178318 localhost kernel: acpiphp: Slot [8] registered
May 28 07:29:40.178323 localhost kernel: acpiphp: Slot [9] registered
May 28 07:29:40.178328 localhost kernel: acpiphp: Slot [10] registered
May 28 07:29:40.178333 localhost kernel: acpiphp: Slot [11] registered
May 28 07:29:40.178338 localhost kernel: acpiphp: Slot [12] registered
May 28 07:29:40.178345 localhost kernel: acpiphp: Slot [13] registered
May 28 07:29:40.178350 localhost kernel: acpiphp: Slot [14] registered
May 28 07:29:40.178355 localhost kernel: acpiphp: Slot [15] registered
May 28 07:29:40.178360 localhost kernel: acpiphp: Slot [16] registered
May 28 07:29:40.178365 localhost kernel: acpiphp: Slot [17] registered
May 28 07:29:40.178370 localhost kernel: acpiphp: Slot [18] registered
May 28 07:29:40.178375 localhost kernel: acpiphp: Slot [19] registered
May 28 07:29:40.178380 localhost kernel: acpiphp: Slot [20] registered
May 28 07:29:40.178385 localhost kernel: acpiphp: Slot [21] registered
May 28 07:29:40.178390 localhost kernel: acpiphp: Slot [22] registered
May 28 07:29:40.178395 localhost kernel: acpiphp: Slot [23] registered
May 28 07:29:40.178400 localhost kernel: acpiphp: Slot [24] registered
May 28 07:29:40.178405 localhost kernel: acpiphp: Slot [25] registered
May 28 07:29:40.178411 localhost kernel: acpiphp: Slot [26] registered
May 28 07:29:40.178416 localhost kernel: acpiphp: Slot [27] registered
May 28 07:29:40.178421 localhost kernel: acpiphp: Slot [28] registered
May 28 07:29:40.178426 localhost kernel: acpiphp: Slot [29] registered
May 28 07:29:40.178431 localhost kernel: acpiphp: Slot [30] registered
May 28 07:29:40.178436 localhost kernel: acpiphp: Slot [31] registered
May 28 07:29:40.178441 localhost kernel: PCI host bridge to bus 0000:00
May 28 07:29:40.178564 localhost kernel: pci_bus 0000:00: root bus resource [io  0x0000-0x0cf7 window]
May 28 07:29:40.178669 localhost kernel: pci_bus 0000:00: root bus resource [io  0x0d00-0xffff window]
May 28 07:29:40.178770 localhost kernel: pci_bus 0000:00: root bus resource [mem 0x000a0000-0x000bffff window]
May 28 07:29:40.178869 localhost kernel: pci_bus 0000:00: root bus resource [mem 0x40000000-0xfebfffff window]
May 28 07:29:40.178973 localhost kernel: pci_bus 0000:00: root bus resource [mem 0x100000000-0x17fffffff window]
May 28 07:29:40.179071 localhost kernel: pci_bus 0000:00: root bus resource [bus 00-ff]
May 28 07:29:40.186204 localhost kernel: pci 0000:00:00.0: [8086:1237] type 00 class 0x060000 conventional PCI endpoint
May 28 07:29:40.186346 localhost kernel: pci 0000:00:01.0: [8086:7000] type 00 class 0x060100 conventional PCI endpoint
May 28 07:29:40.186487 localhost kernel: pci 0000:00:01.1: [8086:7010] type 00 class 0x010180 conventional PCI endpoint
May 28 07:29:40.186603 localhost kernel: pci 0000:00:01.1: BAR 4 [io  0xc140-0xc14f]
May 28 07:29:40.186713 localhost kernel: pci 0000:00:01.1: BAR 0 [io  0x01f0-0x01f7]: legacy IDE quirk
May 28 07:29:40.186821 localhost kernel: pci 0000:00:01.1: BAR 1 [io  0x03f6]: legacy IDE quirk
May 28 07:29:40.186938 localhost kernel: pci 0000:00:01.1: BAR 2 [io  0x0170-0x0177]: legacy IDE quirk
May 28 07:29:40.187047 localhost kernel: pci 0000:00:01.1: BAR 3 [io  0x0376]: legacy IDE quirk
May 28 07:29:40.187166 localhost kernel: pci 0000:00:01.3: [8086:7113] type 00 class 0x068000 conventional PCI endpoint
May 28 07:29:40.187275 localhost kernel: pci 0000:00:01.3: quirk: [io  0x0600-0x063f] claimed by PIIX4 ACPI
May 28 07:29:40.187383 localhost kernel: pci 0000:00:01.3: quirk: [io  0x0700-0x070f] claimed by PIIX4 SMB
May 28 07:29:40.187503 localhost kernel: pci 0000:00:02.0: [1234:1111] type 00 class 0x030000 conventional PCI endpoint
May 28 07:29:40.187614 localhost kernel: pci 0000:00:02.0: BAR 0 [mem 0xfd000000-0xfdffffff pref]
May 28 07:29:40.187724 localhost kernel: pci 0000:00:02.0: BAR 2 [mem 0xfebd8000-0xfebd8fff]
May 28 07:29:40.187842 localhost kernel: pci 0000:00:02.0: ROM [mem 0xfebc0000-0xfebcffff pref]
May 28 07:29:40.187957 localhost kernel: pci 0000:00:02.0: Video device with shadowed ROM at [mem 0x000c0000-0x000dffff]
May 28 07:29:40.188076 localhost kernel: pci 0000:00:03.0: [8086:2668] type 00 class 0x040300 conventional PCI endpoint
May 28 07:29:40.188186 localhost kernel: pci 0000:00:03.0: BAR 0 [mem 0xfebd0000-0xfebd3fff]
May 28 07:29:40.188316 localhost kernel: pci 0000:00:04.0: [1af4:1000] type 00 class 0x020000 conventional PCI endpoint
May 28 07:29:40.188427 localhost kernel: pci 0000:00:04.0: BAR 0 [io  0xc100-0xc11f]
May 28 07:29:40.188536 localhost kernel: pci 0000:00:04.0: BAR 1 [mem 0xfebd9000-0xfebd9fff]
May 28 07:29:40.188648 localhost kernel: pci 0000:00:04.0: BAR 4 [mem 0xfe000000-0xfe003fff 64bit pref]
May 28 07:29:40.188757 localhost kernel: pci 0000:00:04.0: ROM [mem 0xfeb80000-0xfebbffff pref]
May 28 07:29:40.188877 localhost kernel: pci 0000:00:05.0: [1af4:1005] type 00 class 0x00ff00 conventional PCI endpoint
May 28 07:29:40.188995 localhost kernel: pci 0000:00:05.0: BAR 0 [io  0xc120-0xc13f]
May 28 07:29:40.189107 localhost kernel: pci 0000:00:05.0: BAR 4 [mem 0xfe004000-0xfe007fff 64bit pref]
May 28 07:29:40.198351 localhost kernel: pci 0000:00:06.0: [1b36:000d] type 00 class 0x0c0330 conventional PCI endpoint
May 28 07:29:40.198480 localhost kernel: pci 0000:00:06.0: BAR 0 [mem 0xfebd4000-0xfebd7fff 64bit]
May 28 07:29:40.198608 localhost kernel: pci 0000:00:07.0: [1af4:1003] type 00 class 0x078000 conventional PCI endpoint
May 28 07:29:40.198726 localhost kernel: pci 0000:00:07.0: BAR 0 [io  0xc080-0xc0bf]
May 28 07:29:40.198839 localhost kernel: pci 0000:00:07.0: BAR 1 [mem 0xfebda000-0xfebdafff]
May 28 07:29:40.198951 localhost kernel: pci 0000:00:07.0: BAR 4 [mem 0xfe008000-0xfe00bfff 64bit pref]
May 28 07:29:40.199079 localhost kernel: pci 0000:00:08.0: [1af4:1004] type 00 class 0x010000 conventional PCI endpoint
May 28 07:29:40.199630 localhost kernel: pci 0000:00:08.0: BAR 0 [io  0xc0c0-0xc0ff]
May 28 07:29:40.199779 localhost kernel: pci 0000:00:08.0: BAR 1 [mem 0xfebdb000-0xfebdbfff]
May 28 07:29:40.199900 localhost kernel: pci 0000:00:08.0: BAR 4 [mem 0xfe00c000-0xfe00ffff 64bit pref]
May 28 07:29:40.200024 localhost kernel: pci 0000:00:09.0: [1af4:1001] type 00 class 0x010000 conventional PCI endpoint
May 28 07:29:40.200136 localhost kernel: pci 0000:00:09.0: BAR 0 [io  0xc000-0xc07f]
May 28 07:29:40.200248 localhost kernel: pci 0000:00:09.0: BAR 1 [mem 0xfebdc000-0xfebdcfff]
May 28 07:29:40.200359 localhost kernel: pci 0000:00:09.0: BAR 4 [mem 0xfe010000-0xfe013fff 64bit pref]
May 28 07:29:40.200368 localhost kernel: ACPI: PCI: Interrupt link LNKA configured for IRQ 10
May 28 07:29:40.200378 localhost kernel: ACPI: PCI: Interrupt link LNKB configured for IRQ 10
May 28 07:29:40.200383 localhost kernel: ACPI: PCI: Interrupt link LNKC configured for IRQ 11
May 28 07:29:40.200388 localhost kernel: ACPI: PCI: Interrupt link LNKD configured for IRQ 11
May 28 07:29:40.200393 localhost kernel: ACPI: PCI: Interrupt link LNKS configured for IRQ 9
May 28 07:29:40.200399 localhost kernel: iommu: Default domain type: Passthrough
May 28 07:29:40.200404 localhost kernel: pps_core: LinuxPPS API ver. 1 registered
May 28 07:29:40.200409 localhost kernel: pps_core: Software ver. 5.3.6 - Copyright 2005-2007 Rodolfo Giometti <giometti@linux.it>
May 28 07:29:40.200414 localhost kernel: PTP clock support registered
May 28 07:29:40.200420 localhost kernel: EDAC MC: Ver: 3.0.0
May 28 07:29:40.200425 localhost kernel: NetLabel: Initializing
May 28 07:29:40.200430 localhost kernel: NetLabel:  domain hash size = 128
May 28 07:29:40.200435 localhost kernel: NetLabel:  protocols = UNLABELED CIPSOv4 CALIPSO
May 28 07:29:40.200443 localhost kernel: NetLabel:  unlabeled traffic allowed by default
May 28 07:29:40.200448 localhost kernel: mctp: management component transport protocol core
May 28 07:29:40.200453 localhost kernel: NET: Registered PF_MCTP protocol family
May 28 07:29:40.200458 localhost kernel: PCI: Using ACPI for IRQ routing
May 28 07:29:40.200463 localhost kernel: PCI: pci_cache_line_size set to 64 bytes
May 28 07:29:40.200469 localhost kernel: e820: reserve RAM buffer [mem 0x0009fc00-0x0009ffff]
May 28 07:29:40.200474 localhost kernel: e820: reserve RAM buffer [mem 0x3ffdc000-0x3fffffff]
May 28 07:29:40.200585 localhost kernel: pci 0000:00:02.0: vgaarb: setting as boot VGA device
May 28 07:29:40.200696 localhost kernel: pci 0000:00:02.0: vgaarb: bridge control possible
May 28 07:29:40.200807 localhost kernel: pci 0000:00:02.0: vgaarb: VGA device added: decodes=io+mem,owns=io+mem,locks=none
May 28 07:29:40.200815 localhost kernel: vgaarb: loaded
May 28 07:29:40.200823 localhost kernel: hpet0: at MMIO 0xfed00000, IRQs 2, 8, 0
May 28 07:29:40.200829 localhost kernel: hpet0: 3 comparators, 64-bit 100.000000 MHz counter
May 28 07:29:40.200834 localhost kernel: clocksource: Switched to clocksource kvm-clock
May 28 07:29:40.200839 localhost kernel: VFS: Disk quotas dquot_6.6.0
May 28 07:29:40.200844 localhost kernel: VFS: Dquot-cache hash table entries: 512 (order 0, 4096 bytes)
May 28 07:29:40.200850 localhost kernel: pnp: PnP ACPI init
May 28 07:29:40.200974 localhost kernel: pnp 00:02: [dma 2]
May 28 07:29:40.200983 localhost kernel: pnp: PnP ACPI: found 6 devices
May 28 07:29:40.200988 localhost kernel: clocksource: acpi_pm: mask: 0xffffff max_cycles: 0xffffff, max_idle_ns: 2085701024 ns
May 28 07:29:40.200994 localhost kernel: NET: Registered PF_INET protocol family
May 28 07:29:40.200999 localhost kernel: IP idents hash table entries: 16384 (order: 5, 131072 bytes, linear)
May 28 07:29:40.201007 localhost kernel: tcp_listen_portaddr_hash hash table entries: 512 (order: 1, 8192 bytes, linear)
May 28 07:29:40.201012 localhost kernel: Table-perturb hash table entries: 65536 (order: 6, 262144 bytes, linear)
May 28 07:29:40.201017 localhost kernel: TCP established hash table entries: 8192 (order: 4, 65536 bytes, linear)
May 28 07:29:40.201023 localhost kernel: TCP bind hash table entries: 8192 (order: 6, 262144 bytes, linear)
May 28 07:29:40.201028 localhost kernel: TCP: Hash tables configured (established 8192 bind 8192)
May 28 07:29:40.201033 localhost kernel: MPTCP token hash table entries: 1024 (order: 2, 24576 bytes, linear)
May 28 07:29:40.201038 localhost kernel: UDP hash table entries: 512 (order: 2, 16384 bytes, linear)
May 28 07:29:40.201043 localhost kernel: UDP-Lite hash table entries: 512 (order: 2, 16384 bytes, linear)
May 28 07:29:40.201048 localhost kernel: NET: Registered PF_UNIX/PF_LOCAL protocol family
May 28 07:29:40.201053 localhost kernel: NET: Registered PF_XDP protocol family
May 28 07:29:40.201158 localhost kernel: pci_bus 0000:00: resource 4 [io  0x0000-0x0cf7 window]
May 28 07:29:40.201263 localhost kernel: pci_bus 0000:00: resource 5 [io  0x0d00-0xffff window]
May 28 07:29:40.201363 localhost kernel: pci_bus 0000:00: resource 6 [mem 0x000a0000-0x000bffff window]
May 28 07:29:40.201464 localhost kernel: pci_bus 0000:00: resource 7 [mem 0x40000000-0xfebfffff window]
May 28 07:29:40.201590 localhost kernel: pci_bus 0000:00: resource 8 [mem 0x100000000-0x17fffffff window]
May 28 07:29:40.201710 localhost kernel: pci 0000:00:01.0: PIIX3: Enabling Passive Release
May 28 07:29:40.201833 localhost kernel: pci 0000:00:00.0: Limiting direct PCI/PCI transfers
May 28 07:29:40.201843 localhost kernel: ACPI: \_SB_.LNKB: Enabled at IRQ 10
May 28 07:29:40.201952 localhost kernel: pci 0000:00:06.0: quirk_usb_early_handoff+0x0/0x710 took 76669 usecs
May 28 07:29:40.201960 localhost kernel: PCI: CLS 0 bytes, default 64
May 28 07:29:40.201966 localhost kernel: clocksource: tsc: mask: 0xffffffffffffffff max_cycles: 0x1fb63109b96, max_idle_ns: 440795265316 ns
May 28 07:29:40.201971 localhost kernel: Initialise system trusted keyrings
May 28 07:29:40.201979 localhost kernel: Key type blacklist registered
May 28 07:29:40.201985 localhost kernel: workingset: timestamp_bits=36 max_order=18 bucket_order=0
May 28 07:29:40.201990 localhost kernel: zbud: loaded
May 28 07:29:40.201995 localhost kernel: Trying to unpack rootfs image as initramfs...
May 28 07:29:40.202000 localhost kernel: integrity: Platform Keyring initialized
May 28 07:29:40.202015 localhost kernel: integrity: Machine keyring initialized
May 28 07:29:40.202022 localhost kernel: Key type asymmetric registered
May 28 07:29:40.202027 localhost kernel: Asymmetric key parser 'x509' registered
May 28 07:29:40.202032 localhost kernel: Freeing initrd memory: 100008K
May 28 07:29:40.202037 localhost kernel: Block layer SCSI generic (bsg) driver version 0.4 loaded (major 247)
May 28 07:29:40.202042 localhost kernel: io scheduler mq-deadline registered
May 28 07:29:40.202047 localhost kernel: io scheduler kyber registered
May 28 07:29:40.202052 localhost kernel: io scheduler bfq registered
May 28 07:29:40.202058 localhost kernel: shpchp: Standard Hot Plug PCI Controller Driver version: 0.4
May 28 07:29:40.202063 localhost kernel: ACPI: \_SB_.LNKD: Enabled at IRQ 11
May 28 07:29:40.202068 localhost kernel: ACPI: \_SB_.LNKA: Enabled at IRQ 10
May 28 07:29:40.202073 localhost kernel: ACPI: \_SB_.LNKC: Enabled at IRQ 11
May 28 07:29:40.202079 localhost kernel: Serial: 8250/16550 driver, 32 ports, IRQ sharing enabled
May 28 07:29:40.202086 localhost kernel: 00:04: ttyS0 at I/O 0x3f8 (irq = 4, base_baud = 115200) is a 16550A
May 28 07:29:40.202091 localhost kernel: Non-volatile memory driver v1.3
May 28 07:29:40.202096 localhost kernel: Linux agpgart interface v0.103
May 28 07:29:40.202101 localhost kernel: ACPI: bus type drm_connector registered
May 28 07:29:40.202106 localhost kernel: i8042: PNP: PS/2 Controller [PNP0303:KBD,PNP0f13:MOU] at 0x60,0x64 irq 1,12
May 28 07:29:40.202111 localhost kernel: serio: i8042 KBD port at 0x60,0x64 irq 1
May 28 07:29:40.202117 localhost kernel: serio: i8042 AUX port at 0x60,0x64 irq 12
May 28 07:29:40.202122 localhost kernel: mousedev: PS/2 mouse device common for all mice
May 28 07:29:40.202127 localhost kernel: input: AT Translated Set 2 keyboard as /devices/platform/i8042/serio0/input/input0
May 28 07:29:40.202132 localhost kernel: input: VirtualPS/2 VMware VMMouse as /devices/platform/i8042/serio1/input/input3
May 28 07:29:40.202139 localhost kernel: input: VirtualPS/2 VMware VMMouse as /devices/platform/i8042/serio1/input/input2
May 28 07:29:40.202266 localhost kernel: rtc_cmos 00:05: RTC can wake from S4
May 28 07:29:40.202372 localhost kernel: rtc_cmos 00:05: registered as rtc0
May 28 07:29:40.202476 localhost kernel: rtc_cmos 00:05: setting system clock to 2024-05-28T07:29:39 UTC (1716881379)
May 28 07:29:40.207091 localhost kernel: rtc_cmos 00:05: alarms up to one day, y3k, 242 bytes nvram, hpet irqs
May 28 07:29:40.207106 localhost kernel: amd_pstate: the _CPC object is not present in SBIOS or ACPI disabled
May 28 07:29:40.207112 localhost kernel: ledtrig-cpu: registered to indicate activity on CPUs
May 28 07:29:40.207118 localhost kernel: [drm] Initialized simpledrm 1.0.0 20200625 for simple-framebuffer.0 on minor 0
May 28 07:29:40.207123 localhost kernel: Console: switching to colour frame buffer device 100x37
May 28 07:29:40.207260 localhost kernel: simple-framebuffer simple-framebuffer.0: [drm] fb0: simpledrmdrmfb frame buffer device
May 28 07:29:40.207270 localhost kernel: hid: raw HID events driver (C) Jiri Kosina
May 28 07:29:40.207276 localhost kernel: drop_monitor: Initializing network drop monitor service
May 28 07:29:40.207281 localhost kernel: NET: Registered PF_INET6 protocol family
May 28 07:29:40.207286 localhost kernel: Segment Routing with IPv6
May 28 07:29:40.207296 localhost kernel: RPL Segment Routing with IPv6
May 28 07:29:40.207301 localhost kernel: In-situ OAM (IOAM) with IPv6
May 28 07:29:40.207306 localhost kernel: IPI shorthand broadcast: enabled
May 28 07:29:40.207311 localhost kernel: sched_clock: Marking stable (883337165, -935532)->(940886137, -58484504)
May 28 07:29:40.207316 localhost kernel: registered taskstats version 1
May 28 07:29:40.207322 localhost kernel: Loading compiled-in X.509 certificates
May 28 07:29:40.207327 localhost kernel: Loaded X.509 cert 'openSUSE Secure Boot Signkey: fd9f2c12e599d67cc7f9067541adf426b712469e'
May 28 07:29:40.207332 localhost kernel: page_owner is disabled
May 28 07:29:40.207338 localhost kernel: Key type .fscrypt registered
May 28 07:29:40.207343 localhost kernel: Key type fscrypt-provisioning registered
May 28 07:29:40.207348 localhost kernel: Key type encrypted registered
May 28 07:29:40.207353 localhost kernel: ima: No TPM chip found, activating TPM-bypass!
May 28 07:29:40.207360 localhost kernel: Loading compiled-in module X.509 certificates
May 28 07:29:40.207366 localhost kernel: Loaded X.509 cert 'openSUSE Secure Boot Signkey: fd9f2c12e599d67cc7f9067541adf426b712469e'
May 28 07:29:40.207371 localhost kernel: ima: Allocated hash algorithm: sha256
May 28 07:29:40.207376 localhost kernel: ima: No architecture policies found
May 28 07:29:40.207381 localhost kernel: evm: Initialising EVM extended attributes:
May 28 07:29:40.207386 localhost kernel: evm: security.selinux
May 28 07:29:40.207391 localhost kernel: evm: security.SMACK64 (disabled)
May 28 07:29:40.207396 localhost kernel: evm: security.SMACK64EXEC (disabled)
May 28 07:29:40.207402 localhost kernel: evm: security.SMACK64TRANSMUTE (disabled)
May 28 07:29:40.207407 localhost kernel: evm: security.SMACK64MMAP (disabled)
May 28 07:29:40.207412 localhost kernel: evm: security.apparmor
May 28 07:29:40.207417 localhost kernel: evm: security.ima
May 28 07:29:40.207424 localhost kernel: evm: security.capability
May 28 07:29:40.207429 localhost kernel: evm: HMAC attrs: 0x1
May 28 07:29:40.207434 localhost kernel: PM:   Magic number: 8:764:471
May 28 07:29:40.207440 localhost kernel: RAS: Correctable Errors collector initialized.
May 28 07:29:40.207445 localhost kernel: clk: Disabling unused clocks
May 28 07:29:40.207450 localhost kernel: PM: genpd: Disabling unused power domains
May 28 07:29:40.207455 localhost kernel: Freeing unused decrypted memory: 2028K
May 28 07:29:40.207460 localhost kernel: Freeing unused kernel image (initmem) memory: 4224K
May 28 07:29:40.207466 localhost kernel: Write protecting the kernel read-only data: 30720k
May 28 07:29:40.207471 localhost kernel: Freeing unused kernel image (rodata/data gap) memory: 1316K
May 28 07:29:40.207476 localhost kernel: Run /init as init process
May 28 07:29:40.207482 localhost kernel:   with arguments:
May 28 07:29:40.207487 localhost kernel:     /init
May 28 07:29:40.207494 localhost kernel:   with environment:
May 28 07:29:40.207499 localhost kernel:     HOME=/
May 28 07:29:40.207504 localhost kernel:     TERM=linux
May 28 07:29:40.207509 localhost kernel:     BOOT_IMAGE=/boot/vmlinuz-6.9.1-1-default
May 28 07:29:40.207517 localhost systemd[1]: systemd 255.6+suse.30.g3ea0e1dff3 running in system mode (+PAM +AUDIT +SELINUX +APPARMOR +IMA -SMACK +SECCOMP +GCRYPT +GNUTLS +OPENSSL +ACL +BLKID +CURL +ELFUTILS +FIDO2 +IDN2 -IDN +IPTC +KMOD +LIBCRYPTSETUP +LIBFDISK +PCRE2 +PWQUALITY +P11KIT +QRENCODE +TPM2 +BZIP2 +LZ4 +XZ +ZLIB +ZSTD +BPF_FRAMEWORK -XKBCOMMON -UTMP +SYSVINIT default-hierarchy=unified)
May 28 07:29:40.207524 localhost systemd[1]: Detected virtualization kvm.
May 28 07:29:40.207530 localhost systemd[1]: Detected architecture x86-64.
May 28 07:29:40.207536 localhost systemd[1]: Running in initrd.
May 28 07:29:40.207542 localhost systemd[1]: No hostname configured, using default hostname.
May 28 07:29:40.207549 localhost systemd[1]: Hostname set to <localhost>.
May 28 07:29:40.207556 localhost systemd[1]: Initializing machine ID from random generator.
May 28 07:29:40.207562 localhost systemd[1]: bpf-lsm: LSM BPF program attached
May 28 07:29:40.207567 localhost systemd[1]: Queued start job for default target Initrd Default Target.
May 28 07:29:40.207573 localhost systemd[1]: Started Dispatch Password Requests to Console Directory Watch.
May 28 07:29:40.207579 localhost systemd[1]: Expecting device /dev/disk/by-uuid/8bc5a620-43f2-4cb4-bc93-ae33026e601c...
May 28 07:29:40.207584 localhost systemd[1]: Reached target Local Encrypted Volumes.
May 28 07:29:40.207590 localhost systemd[1]: Reached target Initrd /usr File System.
May 28 07:29:40.207596 localhost systemd[1]: Reached target Path Units.
May 28 07:29:40.207602 localhost systemd[1]: Reached target Slice Units.
May 28 07:29:40.207609 localhost systemd[1]: Reached target Swaps.
May 28 07:29:40.207615 localhost systemd[1]: Reached target Timer Units.
May 28 07:29:40.207621 localhost systemd[1]: Listening on D-Bus System Message Bus Socket.
May 28 07:29:40.207627 localhost systemd[1]: Listening on Journal Socket (/dev/log).
May 28 07:29:40.207632 localhost systemd[1]: Listening on Journal Socket.
May 28 07:29:40.207638 localhost systemd[1]: Listening on udev Control Socket.
May 28 07:29:40.207643 localhost systemd[1]: Listening on udev Kernel Socket.
May 28 07:29:40.207648 localhost systemd[1]: Reached target Socket Units.
May 28 07:29:40.207654 localhost systemd[1]: Starting Create List of Static Device Nodes...
May 28 07:29:40.207660 localhost systemd[1]: Starting Journal Service...
May 28 07:29:40.207665 localhost systemd[1]: Load Kernel Modules was skipped because no trigger condition checks were met.
May 28 07:29:40.207671 localhost systemd[1]: Starting Apply Kernel Variables...
May 28 07:29:40.207678 localhost systemd[1]: Starting Virtual Console Setup...
May 28 07:29:40.207684 localhost systemd[1]: Finished Create List of Static Device Nodes.
May 28 07:29:40.207689 localhost systemd[1]: Starting Create Static Device Nodes in /dev gracefully...
May 28 07:29:40.207724 localhost systemd-journald[185]: Collecting audit messages is disabled.
May 28 07:29:40.207745 localhost systemd[1]: Finished Apply Kernel Variables.
May 28 07:29:40.207751 localhost systemd[1]: Finished Create Static Device Nodes in /dev gracefully.
May 28 07:29:40.207760 localhost systemd[1]: Starting Create Static Device Nodes in /dev...
May 28 07:29:40.207767 localhost systemd-journald[185]: Journal started
May 28 07:29:40.207782 localhost systemd-journald[185]: Runtime Journal (/run/log/journal/6fadd5ab1b594f5f9214bc283bca59e1) is 2.4M, max 19.3M, 16.9M free.
May 28 07:29:40.219213 localhost systemd[1]: Started Journal Service.
May 28 07:29:40.209343 localhost systemd[1]: Starting Create Volatile Files and Directories...
May 28 07:29:40.226396 localhost systemd[1]: Finished Create Static Device Nodes in /dev.
May 28 07:29:40.226795 localhost systemd[1]: Reached target Preparation for Local File Systems.
May 28 07:29:40.226865 localhost systemd[1]: Reached target Local File Systems.
May 28 07:29:40.241529 localhost systemd[1]: Finished Create Volatile Files and Directories.
May 28 07:29:40.255575 localhost systemd[1]: Finished Virtual Console Setup.
May 28 07:29:40.269339 localhost systemd[1]: Starting dracut ask for additional cmdline parameters...
May 28 07:29:40.294912 localhost systemd[1]: Finished dracut ask for additional cmdline parameters.
May 28 07:29:40.302716 localhost systemd[1]: Starting dracut cmdline hook...
May 28 07:29:40.312996 localhost dracut-cmdline[220]: dracut-059+suse.588.g528264be-1.1
May 28 07:29:40.315935 localhost dracut-cmdline[220]: Using kernel command line parameters:  rd.driver.pre=btrfs rd.driver.pre=overlay   BOOT_IMAGE=/boot/vmlinuz-6.9.1-1-default root=UUID=8bc5a620-43f2-4cb4-bc93-ae33026e601c rd.timeout=60 rd.retry=45 quiet systemd.show_status=yes console=ttyS0,115200 console=tty0 ignition.platform.id=qemu security=selinux selinux=1
May 28 07:29:40.403312 localhost systemd[1]: Finished dracut cmdline hook.
May 28 07:29:40.416046 localhost systemd[1]: Starting dracut pre-udev hook...
May 28 07:29:40.439221 localhost kernel: device-mapper: uevent: version 1.0.3
May 28 07:29:40.439246 localhost kernel: device-mapper: ioctl: 4.48.0-ioctl (2023-03-01) initialised: dm-devel@lists.linux.dev
May 28 07:29:40.679232 localhost kernel: raid6: avx2x4   gen() 36127 MB/s
May 28 07:29:40.679271 localhost kernel: raid6: avx2x2   gen() 31174 MB/s
May 28 07:29:40.679280 localhost kernel: raid6: avx2x1   gen() 25894 MB/s
May 28 07:29:40.679288 localhost kernel: raid6: using algorithm avx2x4 gen() 36127 MB/s
May 28 07:29:40.679294 localhost kernel: raid6: .... xor() 5233 MB/s, rmw enabled
May 28 07:29:40.679301 localhost kernel: raid6: using avx2x2 recovery algorithm
May 28 07:29:40.682548 localhost kernel: xor: automatically using best checksumming function   avx       
May 28 07:29:40.799211 localhost kernel: Btrfs loaded, assert=on, zoned=yes, fsverity=yes
May 28 07:29:40.820265 localhost systemd[1]: Finished dracut pre-udev hook.
May 28 07:29:40.832818 localhost systemd[1]: Starting Rule-based Manager for Device Events and Files...
May 28 07:29:40.845218 localhost systemd-udevd[384]: Using default interface naming scheme 'v255'.
May 28 07:29:40.848839 localhost systemd[1]: Started Rule-based Manager for Device Events and Files.
May 28 07:29:40.859350 localhost systemd[1]: Starting dracut pre-trigger hook...
May 28 07:29:40.871007 localhost dracut-pre-trigger[385]: rd.md=0: removing MD RAID activation
May 28 07:29:40.896610 localhost systemd[1]: Finished dracut pre-trigger hook.
May 28 07:29:40.909408 localhost systemd[1]: Starting Coldplug All udev Devices...
May 28 07:29:40.996030 localhost systemd[1]: Finished Coldplug All udev Devices.
May 28 07:29:40.996977 localhost systemd[1]: Reached target System Initialization.
May 28 07:29:40.998274 localhost systemd[1]: Reached target Basic System.
May 28 07:29:41.075955 localhost kernel: input: Power Button as /devices/LNXSYSTM:00/LNXPWRBN:00/input/input4
May 28 07:29:41.099209 localhost kernel: ACPI: button: Power Button [PWRF]
May 28 07:29:41.130017 localhost kernel: virtio_blk virtio4: 1/0/0 default/read/poll queues
May 28 07:29:41.130393 localhost kernel: virtio_blk virtio4: [vda] 62914560 512-byte logical blocks (32.2 GB/30.0 GiB)
May 28 07:29:41.155306 localhost kernel: FDC 0 is a S82078B
May 28 07:29:41.160189 localhost kernel: cryptd: max_cpu_qlen set to 1000
May 28 07:29:41.169211 localhost kernel: SCSI subsystem initialized
May 28 07:29:41.179560 localhost kernel: Console: switching to colour dummy device 80x25
May 28 07:29:41.182544 localhost kernel: AVX2 version of gcm_enc/dec engaged.
May 28 07:29:41.182563 localhost kernel: AES CTR mode by8 optimization enabled
May 28 07:29:41.185886 localhost kernel: bochs-drm 0000:00:02.0: vgaarb: deactivate vga console
May 28 07:29:41.186055 localhost kernel: [drm] Found bochs VGA, ID 0xb0c5.
May 28 07:29:41.186065 localhost kernel: [drm] Framebuffer size 16384 kB @ 0xfd000000, mmio @ 0xfebd8000.
May 28 07:29:41.193706 localhost kernel: [drm] Found EDID data blob.
May 28 07:29:41.193725 localhost kernel: virtio_net virtio0 ens4: renamed from eth0
May 28 07:29:41.230118 localhost kernel: virtio_scsi virtio3: 1/0/0 default/read/poll queues
May 28 07:29:41.230412 localhost kernel: scsi host0: Virtio SCSI HBA
May 28 07:29:41.238888 localhost kernel: [drm] Initialized bochs-drm 1.0.0 20130925 for 0000:00:02.0 on minor 0
May 28 07:29:41.289236 localhost kernel: fbcon: bochs-drmdrmfb (fb0) is primary device
May 28 07:29:41.310582 localhost kernel: ACPI: bus type USB registered
May 28 07:29:41.310606 localhost kernel: usbcore: registered new interface driver usbfs
May 28 07:29:41.310615 localhost kernel: usbcore: registered new interface driver hub
May 28 07:29:41.310623 localhost kernel: usbcore: registered new device driver usb
May 28 07:29:41.311835 localhost systemd[1]: systemd-vconsole-setup.service: Deactivated successfully.
May 28 07:29:41.311996 localhost systemd[1]: Stopped Virtual Console Setup.
May 28 07:29:41.330347 localhost kernel: libata version 3.00 loaded.
May 28 07:29:41.339337 localhost kernel: ata_piix 0000:00:01.1: version 2.13
May 28 07:29:41.352542 localhost kernel: scsi host1: ata_piix
May 28 07:29:41.362562 localhost kernel: scsi host2: ata_piix
May 28 07:29:41.362730 localhost kernel: ata1: PATA max MWDMA2 cmd 0x1f0 ctl 0x3f6 bmdma 0xc140 irq 14 lpm-pol 0
May 28 07:29:41.362740 localhost kernel: ata2: PATA max MWDMA2 cmd 0x170 ctl 0x376 bmdma 0xc148 irq 15 lpm-pol 0
May 28 07:29:41.372575 localhost kernel: GPT:Primary header thinks Alt. header is not at the end of the disk.
May 28 07:29:41.372604 localhost kernel: GPT:41943039 != 62914559
May 28 07:29:41.372614 localhost kernel: GPT:Alternate GPT header not at the end of the disk.
May 28 07:29:41.372621 localhost kernel: GPT:41943039 != 62914559
May 28 07:29:41.372628 localhost kernel: GPT: Use GNU Parted to correct GPT errors.
May 28 07:29:41.372639 localhost kernel:  vda: vda1 vda2 vda3
May 28 07:29:41.389428 localhost kernel: Console: switching to colour frame buffer device 128x48
May 28 07:29:41.542674 localhost kernel: bochs-drm 0000:00:02.0: [drm] fb0: bochs-drmdrmfb frame buffer device
May 28 07:29:41.542863 localhost kernel: xhci_hcd 0000:00:06.0: xHCI Host Controller
May 28 07:29:41.543003 localhost kernel: xhci_hcd 0000:00:06.0: new USB bus registered, assigned bus number 1
May 28 07:29:41.543132 localhost kernel: xhci_hcd 0000:00:06.0: hcc params 0x00087001 hci version 0x100 quirks 0x0000000000000010
May 28 07:29:41.543259 localhost kernel: xhci_hcd 0000:00:06.0: xHCI Host Controller
May 28 07:29:41.543383 localhost kernel: xhci_hcd 0000:00:06.0: new USB bus registered, assigned bus number 2
May 28 07:29:41.543507 localhost kernel: xhci_hcd 0000:00:06.0: Host supports USB 3.0 SuperSpeed
May 28 07:29:41.543630 localhost kernel: ata2: found unknown device (class 0)
May 28 07:29:41.542019 localhost systemd[1]: Stopping Virtual Console Setup...
May 28 07:29:41.552796 localhost kernel: ata2.00: ATAPI: QEMU DVD-ROM, 2.5+, max UDMA/100
May 28 07:29:41.562133 localhost kernel: usb usb1: New USB device found, idVendor=1d6b, idProduct=0002, bcdDevice= 6.09
May 28 07:29:41.562305 localhost kernel: usb usb1: New USB device strings: Mfr=3, Product=2, SerialNumber=1
May 28 07:29:41.562429 localhost kernel: usb usb1: Product: xHCI Host Controller
May 28 07:29:41.562585 localhost kernel: usb usb1: Manufacturer: Linux 6.9.1-1-default xhci-hcd
May 28 07:29:41.562704 localhost kernel: usb usb1: SerialNumber: 0000:00:06.0
May 28 07:29:41.562816 localhost kernel: hub 1-0:1.0: USB hub found
May 28 07:29:41.562967 localhost kernel: hub 1-0:1.0: 4 ports detected
May 28 07:29:41.563099 localhost kernel: usb usb2: We don't know the algorithms for LPM for this host, disabling LPM.
May 28 07:29:41.563239 localhost kernel: usb usb2: New USB device found, idVendor=1d6b, idProduct=0003, bcdDevice= 6.09
May 28 07:29:41.563356 localhost kernel: usb usb2: New USB device strings: Mfr=3, Product=2, SerialNumber=1
May 28 07:29:41.563468 localhost kernel: usb usb2: Product: xHCI Host Controller
May 28 07:29:41.563578 localhost kernel: usb usb2: Manufacturer: Linux 6.9.1-1-default xhci-hcd
May 28 07:29:41.563688 localhost kernel: usb usb2: SerialNumber: 0000:00:06.0
May 28 07:29:41.563797 localhost kernel: hub 2-0:1.0: USB hub found
May 28 07:29:41.563936 localhost kernel: hub 2-0:1.0: 4 ports detected
May 28 07:29:41.556472 localhost systemd[1]: Starting Virtual Console Setup...
May 28 07:29:41.571777 localhost systemd[1]: systemd-vconsole-setup.service: Deactivated successfully.
May 28 07:29:41.571980 localhost systemd[1]: Stopped Virtual Console Setup.
May 28 07:29:41.586428 localhost kernel: scsi 2:0:0:0: CD-ROM            QEMU     QEMU DVD-ROM     2.5+ PQ: 0 ANSI: 5
May 28 07:29:41.582695 localhost systemd[1]: Starting Virtual Console Setup...
May 28 07:29:41.588381 localhost systemd[1]: systemd-vconsole-setup.service: Deactivated successfully.
May 28 07:29:41.588577 localhost systemd[1]: Stopped Virtual Console Setup.
May 28 07:29:41.612984 localhost kernel: scsi 2:0:0:0: Attached scsi generic sg0 type 5
May 28 07:29:41.639319 localhost systemd[1]: Starting Virtual Console Setup...
May 28 07:29:41.656052 localhost kernel: sr 2:0:0:0: [sr0] scsi3-mmc drive: 4x/4x cd/rw xa/form2 tray
May 28 07:29:41.656227 localhost kernel: cdrom: Uniform CD-ROM driver Revision: 3.20
May 28 07:29:41.669811 localhost kernel: sr 2:0:0:0: Attached scsi CD-ROM sr0
May 28 07:29:41.774114 localhost systemd[1]: Found device /dev/disk/by-uuid/8bc5a620-43f2-4cb4-bc93-ae33026e601c.
May 28 07:29:41.774238 localhost systemd[1]: Reached target Initrd Root Device.
May 28 07:29:41.806083 localhost systemd[1]: Starting Detect Firstboot...
May 28 07:29:41.829997 localhost systemd[1]: Finished Virtual Console Setup.
May 28 07:29:41.842555 localhost kernel: usb 1-1: new high-speed USB device number 2 using xhci_hcd
May 28 07:29:41.855904 localhost kernel: BTRFS: device label ROOT devid 1 transid 12 /dev/vda3 (253:3) scanned by mount (532)
May 28 07:29:41.859230 localhost kernel: BTRFS info (device vda3): first mount of filesystem 8bc5a620-43f2-4cb4-bc93-ae33026e601c
May 28 07:29:41.859266 localhost kernel: BTRFS info (device vda3): using crc32c (crc32c-intel) checksum algorithm
May 28 07:29:41.859276 localhost kernel: BTRFS info (device vda3): using free-space-tree
May 28 07:29:41.883679 localhost firstboot-detect[524]: Firstboot detected
May 28 07:29:41.892725 localhost systemd[1]: Reloading requested from client PID 554 ('systemctl') (unit firstboot-detect.service)...
May 28 07:29:41.892734 localhost systemd[1]: Reloading...
May 28 07:29:41.982606 localhost kernel: usb 1-1: New USB device found, idVendor=0627, idProduct=0001, bcdDevice= 0.00
May 28 07:29:41.982854 localhost kernel: usb 1-1: New USB device strings: Mfr=1, Product=3, SerialNumber=10
May 28 07:29:41.983029 localhost kernel: usb 1-1: Product: QEMU USB Tablet
May 28 07:29:41.983191 localhost kernel: usb 1-1: Manufacturer: QEMU
May 28 07:29:41.983361 localhost kernel: usb 1-1: SerialNumber: 28754-0000:00:06.0-1
May 28 07:29:41.996130 localhost kernel: usbcore: registered new interface driver usbhid
May 28 07:29:41.996154 localhost kernel: usbhid: USB HID core driver
May 28 07:29:41.999217 localhost kernel: input: QEMU QEMU USB Tablet as /devices/pci0000:00/0000:00:06.0/usb1/1-1/1-1:1.0/0003:0627:0001.0001/input/input5
May 28 07:29:41.999236 localhost kernel: hid-generic 0003:0627:0001.0001: input,hidraw0: USB HID v0.01 Mouse [QEMU QEMU USB Tablet] on usb-0000:00:06.0-1/input0
May 28 07:29:42.077850 localhost systemd[1]: Reloading finished in 184 ms.
May 28 07:29:42.091932 localhost systemd[1]: Expecting device /dev/combustion/config...
May 28 07:29:42.093193 localhost systemd[1]: Expecting device /dev/disk/by-label/ignition...
May 28 07:29:42.102545 localhost kernel: BTRFS info (device vda3): last unmount of filesystem 8bc5a620-43f2-4cb4-bc93-ae33026e601c
May 28 07:29:42.108109 localhost systemd[1]: firstboot-detect.service: Deactivated successfully.
May 28 07:29:42.108340 localhost systemd[1]: Finished Detect Firstboot.
May 28 07:29:52.340713 localhost systemd[1]: dev-disk-by\x2dlabel-ignition.device: Job dev-disk-by\x2dlabel-ignition.device/start timed out.
May 28 07:29:52.340733 localhost systemd[1]: Timed out waiting for device /dev/disk/by-label/ignition.
May 28 07:29:52.340897 localhost systemd[1]: dev-disk-by\x2dlabel-ignition.device: Job dev-disk-by\x2dlabel-ignition.device/start failed with result 'timeout'.
May 28 07:29:52.340926 localhost systemd[1]: dev-combustion-config.device: Job dev-combustion-config.device/start timed out.
May 28 07:29:52.340932 localhost systemd[1]: Timed out waiting for device /dev/combustion/config.
May 28 07:29:52.340996 localhost systemd[1]: dev-combustion-config.device: Job dev-combustion-config.device/start failed with result 'timeout'.
May 28 07:29:52.356061 localhost systemd[1]: Starting Ignition User Config Setup...
May 28 07:29:52.362268 localhost ignition-setup-user[607]: File /mnt/boot_partition/ignition/config.ign does not exist.. Skipping copy
May 28 07:29:52.363515 localhost systemd[1]: Finished Ignition User Config Setup.
May 28 07:29:52.365979 localhost systemd[1]: Starting Combustion (preparations)...
May 28 07:29:52.371282 localhost systemd[1]: Starting Ignition (fetch-offline)...
May 28 07:29:52.378020 localhost (ignition)[612]: ignition-fetch-offline.service: Referenced but unset environment variable evaluates to an empty string: IGNITION_ARGS
May 28 07:29:52.389321 localhost combustion[611]: No config source found
May 28 07:29:52.390665 localhost systemd[1]: combustion-prepare.service: Deactivated successfully.
May 28 07:29:52.390815 localhost systemd[1]: Finished Combustion (preparations).
May 28 07:29:52.399416 localhost ignition[612]: Ignition 2.18.0
May 28 07:29:52.399469 localhost ignition[612]: Stage: fetch-offline
May 28 07:29:52.399519 localhost ignition[612]: no config dir at "/usr/lib/ignition/base.d"
May 28 07:29:52.399553 localhost ignition[612]: no config dir at "/usr/lib/ignition/base.platform.d/qemu"
May 28 07:29:52.399677 localhost ignition[612]: parsed url from cmdline: ""
May 28 07:29:52.399718 localhost ignition[612]: no config URL provided
May 28 07:29:52.399745 localhost ignition[612]: reading system config file "/usr/lib/ignition/user.ign"
May 28 07:29:52.399778 localhost ignition[612]: no config at "/usr/lib/ignition/user.ign"
May 28 07:29:52.399825 localhost ignition[612]: op(1): [started]  loading QEMU firmware config module
May 28 07:29:52.399852 localhost ignition[612]: op(1): executing: "modprobe" "qemu_fw_cfg"
May 28 07:29:52.404142 localhost ignition[612]: op(1): [finished] loading QEMU firmware config module
May 28 07:29:52.404213 localhost ignition[612]: QEMU firmware config was not found. Ignoring...
May 28 07:29:52.404269 localhost ignition[612]: parsing config with SHA512: cf83e1357eefb8bdf1542850d66d8007d620e4050b5715dc83f4a921d36ce9ce47d0d13c5d85f2b0ff8318d2877eec2f63b931bd47417a81a538327af927da3e
May 28 07:29:52.404316 localhost ignition[612]: not a config (empty): provider config was empty, continuing with empty cache config
May 28 07:29:52.405118 localhost ignition[612]: fetched base config from "system"
May 28 07:29:52.405298 localhost ignition[612]: fetch-offline: fetch-offline passed
May 28 07:29:52.405546 localhost ignition[612]: Ignition finished successfully
May 28 07:29:52.407466 localhost systemd[1]: Finished Ignition (fetch-offline).
May 28 07:29:52.408734 localhost systemd[1]: Start network if needed was skipped because no trigger condition checks were met.
May 28 07:29:52.409248 localhost systemd[1]: nm-initrd.service was skipped because of an unmet condition check (ConditionPathExists=/run/NetworkManager/initrd/neednet).
May 28 07:29:52.409335 localhost systemd[1]: Reached target Network.
May 28 07:29:52.409999 localhost systemd[1]: Ignition (fetch) was skipped because of an unmet condition check (ConditionPathExists=!/run/ignition.json).
May 28 07:29:52.422680 localhost systemd[1]: Starting Ignition (kargs)...
May 28 07:29:52.423081 localhost systemd[1]: nm-wait-online-initrd.service was skipped because of an unmet condition check (ConditionPathExists=/run/NetworkManager/initrd/neednet).
May 28 07:29:52.512651 localhost systemd[1]: Starting dracut initqueue hook...
May 28 07:29:52.520663 localhost (ignition)[623]: ignition-kargs.service: Referenced but unset environment variable evaluates to an empty string: IGNITION_ARGS
May 28 07:29:52.533901 localhost ignition[623]: Ignition 2.18.0
May 28 07:29:52.533908 localhost ignition[623]: Stage: kargs
May 28 07:29:52.534031 localhost ignition[623]: no config dir at "/usr/lib/ignition/base.d"
May 28 07:29:52.534041 localhost ignition[623]: no config dir at "/usr/lib/ignition/base.platform.d/qemu"
May 28 07:29:52.534387 localhost ignition[623]: kargs: kargs passed
May 28 07:29:52.534427 localhost ignition[623]: Ignition finished successfully
May 28 07:29:52.536239 localhost systemd[1]: Finished Ignition (kargs).
May 28 07:29:52.633837 localhost systemd[1]: Starting Ignition (disks)...
May 28 07:29:52.634369 localhost systemd[1]: Finished dracut initqueue hook.
May 28 07:29:52.635376 localhost systemd[1]: Reached target Preparation for Remote File Systems.
May 28 07:29:52.635665 localhost systemd[1]: Reached target Remote Encrypted Volumes.
May 28 07:29:52.636033 localhost systemd[1]: Reached target Remote File Systems.
May 28 07:29:52.636699 localhost (ignition)[634]: ignition-disks.service: Referenced but unset environment variable evaluates to an empty string: IGNITION_ARGS
May 28 07:29:52.647195 localhost ignition[634]: Ignition 2.18.0
May 28 07:29:52.647280 localhost ignition[634]: Stage: disks
May 28 07:29:52.647478 localhost ignition[634]: no config dir at "/usr/lib/ignition/base.d"
May 28 07:29:52.647488 localhost ignition[634]: no config dir at "/usr/lib/ignition/base.platform.d/qemu"
May 28 07:29:52.648023 localhost ignition[634]: disks: disks passed
May 28 07:29:52.648076 localhost ignition[634]: Ignition finished successfully
May 28 07:29:52.649616 localhost systemd[1]: Finished Ignition (disks).
May 28 07:29:52.756103 localhost systemd[1]: Starting dracut pre-mount hook...
May 28 07:29:52.895605 localhost dracut-pre-mount[645]: disable systemd-fsck-root.service
May 28 07:29:52.901937 localhost dracut-pre-mount[656]: Created symlink /etc/systemd/system/systemd-fsck-root.service  /dev/null.
May 28 07:29:53.016067 localhost systemd[1]: Reloading requested from client PID 656 ('systemctl') (unit dracut-pre-mount.service)...
May 28 07:29:53.016078 localhost systemd[1]: Reloading...
May 28 07:29:53.170512 localhost systemd[1]: Reloading finished in 154 ms.
May 28 07:29:53.363863 localhost dracut-pre-mount[645]: System resize is active on every reboot
May 28 07:29:53.378047 localhost dracut-pre-mount[645]: Activating resize operation
May 28 07:29:53.392548 localhost kernel:  vda: vda1 vda2 vda3
May 28 07:29:54.399094 localhost dracut-pre-mount[927]: The operation has completed successfully.
May 28 07:29:54.399846 localhost kernel:  vda: vda1 vda2 vda3
May 28 07:29:55.505933 localhost kernel:  vda: vda1 vda2
May 28 07:29:56.512857 localhost kernel:  vda: vda1 vda2
May 28 07:29:56.512914 localhost dracut-pre-mount[968]: The operation has completed successfully.
May 28 07:29:57.524837 localhost dracut-pre-mount[972]: The operation has completed successfully.
May 28 07:29:57.529483 localhost kernel:  vda: vda1 vda2 vda3
May 28 07:29:58.536227 localhost kernel:  vda: vda1 vda2 vda3
May 28 07:29:58.536280 localhost dracut-pre-mount[973]: The operation has completed successfully.
May 28 07:29:58.648224 localhost dracut-pre-mount[645]: Checking btrfs filesystem on /dev/vda3...
May 28 07:29:58.652823 localhost dracut-pre-mount[1002]: [1/7] checking root items
May 28 07:29:58.755867 localhost dracut-pre-mount[1002]: [2/7] checking extents
May 28 07:29:58.907859 localhost dracut-pre-mount[1002]: [3/7] checking free space tree
May 28 07:29:59.035865 localhost dracut-pre-mount[1002]: [4/7] checking fs roots
May 28 07:29:59.035865 localhost dracut-pre-mount[1002]: [5/7] checking only csums items (without verifying data)
May 28 07:29:59.035865 localhost dracut-pre-mount[1002]: [6/7] checking root refs
May 28 07:29:59.035865 localhost dracut-pre-mount[1002]: [7/7] checking quota groups
May 28 07:29:59.043021 localhost dracut-pre-mount[1002]: Opening filesystem to check...
May 28 07:29:59.043021 localhost dracut-pre-mount[1002]: Checking filesystem on /dev/vda3
May 28 07:29:59.043021 localhost dracut-pre-mount[1002]: UUID: 8bc5a620-43f2-4cb4-bc93-ae33026e601c
May 28 07:29:59.043021 localhost dracut-pre-mount[1002]: found 770760704 bytes used, no error found
May 28 07:29:59.043021 localhost dracut-pre-mount[1002]: total csum bytes: 709036
May 28 07:29:59.043021 localhost dracut-pre-mount[1002]: total tree bytes: 18825216
May 28 07:29:59.043021 localhost dracut-pre-mount[1002]: total fs tree bytes: 16777216
May 28 07:29:59.043021 localhost dracut-pre-mount[1002]: total extent tree bytes: 1097728
May 28 07:29:59.043021 localhost dracut-pre-mount[1002]: btree space waste bytes: 3178630
May 28 07:29:59.043021 localhost dracut-pre-mount[1002]: file data blocks allocated: 751935488
May 28 07:29:59.043021 localhost dracut-pre-mount[1002]:  referenced 751935488
May 28 07:29:59.043567 localhost dracut-pre-mount[645]: Resizing btrfs filesystem on /dev/vda3...
May 28 07:29:59.162543 localhost kernel: BTRFS: device label ROOT devid 1 transid 14 /dev/vda3 (253:3) scanned by mount (1004)
May 28 07:29:59.162571 localhost kernel: BTRFS info (device vda3): first mount of filesystem 8bc5a620-43f2-4cb4-bc93-ae33026e601c
May 28 07:29:59.162581 localhost kernel: BTRFS info (device vda3): using crc32c (crc32c-intel) checksum algorithm
May 28 07:29:59.162589 localhost kernel: BTRFS info (device vda3): using free-space-tree
May 28 07:29:59.175077 localhost dracut-pre-mount[1020]: Resize device id 1 (/dev/vda3) from 19.98GiB to max
May 28 07:29:59.175900 localhost kernel: BTRFS info (device vda3): resize device /dev/vda3 (devid 1) from 21450698752 to 32188116992
May 28 07:29:59.176885 localhost systemd[1]: fs\x2dresize.mount: Deactivated successfully.
May 28 07:29:59.183702 localhost kernel: BTRFS info (device vda3): last unmount of filesystem 8bc5a620-43f2-4cb4-bc93-ae33026e601c
May 28 07:29:59.185720 localhost dracut-pre-mount[645]: enabling systemd-fsck-root.service
May 28 07:29:59.192779 localhost dracut-pre-mount[1023]: Removed "/etc/systemd/system/systemd-fsck-root.service".
May 28 07:29:59.306017 localhost systemd[1]: Reloading requested from client PID 1023 ('systemctl') (unit dracut-pre-mount.service)...
May 28 07:29:59.306030 localhost systemd[1]: Reloading...
May 28 07:29:59.462411 localhost systemd[1]: Reloading finished in 156 ms.
May 28 07:29:59.468567 localhost systemd[1]: Finished dracut pre-mount hook.
May 28 07:29:59.596074 localhost systemd[1]: Starting File System Check on /dev/disk/by-uuid/8bc5a620-43f2-4cb4-bc93-ae33026e601c...
May 28 07:29:59.718272 localhost systemd[1]: Finished File System Check on /dev/disk/by-uuid/8bc5a620-43f2-4cb4-bc93-ae33026e601c.
May 28 07:29:59.719421 localhost systemd[1]: Mounting /sysroot...
May 28 07:29:59.842820 localhost kernel: BTRFS: device label ROOT devid 1 transid 16 /dev/vda3 (253:3) scanned by mount (1078)
May 28 07:29:59.842846 localhost kernel: BTRFS info (device vda3): first mount of filesystem 8bc5a620-43f2-4cb4-bc93-ae33026e601c
May 28 07:29:59.842855 localhost kernel: BTRFS info (device vda3): using crc32c (crc32c-intel) checksum algorithm
May 28 07:29:59.842863 localhost kernel: BTRFS info (device vda3): using free-space-tree
May 28 07:29:59.847256 localhost systemd[1]: Mounted /sysroot.
May 28 07:29:59.847699 localhost systemd[1]: Reached target Initrd Root File System.
May 28 07:29:59.957824 localhost systemd[1]: Starting Remount /sysroot read-write for Ignition...
May 28 07:29:59.959130 localhost systemd[1]: Finished Remount /sysroot read-write for Ignition.
May 28 07:30:00.038112 localhost systemd[1]: Reached target Ignition Boot Disk Setup.
May 28 07:30:00.043850 localhost (ignition)[1097]: ignition-mount.service: Referenced but unset environment variable evaluates to an empty string: IGNITION_ARGS
May 28 07:30:00.047838 localhost systemd[1]: Starting Ignition (mount)...
May 28 07:30:00.055197 localhost ignition[1097]: Ignition 2.18.0
May 28 07:30:00.055205 localhost ignition[1097]: Stage: mount
May 28 07:30:00.055319 localhost ignition[1097]: no config dir at "/usr/lib/ignition/base.d"
May 28 07:30:00.055328 localhost ignition[1097]: no config dir at "/usr/lib/ignition/base.platform.d/qemu"
May 28 07:30:00.055670 localhost ignition[1097]: mount: mount passed
May 28 07:30:00.055711 localhost ignition[1097]: Ignition finished successfully
May 28 07:30:00.057422 localhost systemd[1]: Finished Ignition (mount).
May 28 07:30:00.169393 localhost systemd[1]: Starting Mount initrd fstab entries for Ignition...
May 28 07:30:00.313331 localhost systemd[1]: ignition-mount-initrd-fstab.service: Deactivated successfully.
May 28 07:30:00.313775 localhost systemd[1]: Finished Mount initrd fstab entries for Ignition.
May 28 07:30:00.429347 localhost systemd[1]: Starting Ignition (files)...
May 28 07:30:00.429950 localhost (ignition)[1111]: ignition-files.service: Referenced but unset environment variable evaluates to an empty string: IGNITION_ARGS
May 28 07:30:00.554228 localhost ignition[1111]: Ignition 2.18.0
May 28 07:30:00.554235 localhost ignition[1111]: Stage: files
May 28 07:30:00.554364 localhost ignition[1111]: no config dir at "/usr/lib/ignition/base.d"
May 28 07:30:00.554374 localhost ignition[1111]: no config dir at "/usr/lib/ignition/base.platform.d/qemu"
May 28 07:30:00.554737 localhost ignition[1111]: files: compiled without relabeling support, skipping
May 28 07:30:00.555468 localhost ignition[1111]: files: createResultFile: createFiles: op(1): [started]  writing file "/sysroot/etc/.ignition-result.json"
May 28 07:30:00.555712 localhost ignition[1111]: files: createResultFile: createFiles: op(1): [finished] writing file "/sysroot/etc/.ignition-result.json"
May 28 07:30:00.555736 localhost ignition[1111]: files: files passed
May 28 07:30:00.555877 localhost kernel: evm: overlay not supported
May 28 07:30:00.555783 localhost ignition[1111]: Ignition finished successfully
May 28 07:30:00.565001 localhost systemd[1]: Finished Ignition (files).
May 28 07:30:00.682696 localhost systemd[1]: Starting Unmount initrd fstab entries for Ignition...
May 28 07:30:00.823873 localhost systemd[1]: ignition-umount-initrd-fstab.service: Deactivated successfully.
May 28 07:30:00.824083 localhost systemd[1]: Finished Unmount initrd fstab entries for Ignition.
May 28 07:30:00.830283 localhost systemd[1]: Reached target Ignition Complete.
May 28 07:30:01.058054 localhost systemd[1]: Starting Combustion...
May 28 07:30:01.180885 localhost kernel: BTRFS info (device vda3): last unmount of filesystem 8bc5a620-43f2-4cb4-bc93-ae33026e601c
May 28 07:30:01.297975 localhost systemd[1]: sysroot-root.mount: Deactivated successfully.
May 28 07:30:01.298194 localhost systemd[1]: sysroot.mount: Deactivated successfully.
May 28 07:30:01.717843 localhost systemd[1]: Mounting /sysroot...
May 28 07:30:01.802581 localhost kernel: BTRFS: device label ROOT devid 1 transid 18 /dev/vda3 (253:3) scanned by mount (1138)
May 28 07:30:01.802604 localhost kernel: BTRFS info (device vda3): first mount of filesystem 8bc5a620-43f2-4cb4-bc93-ae33026e601c
May 28 07:30:01.802613 localhost kernel: BTRFS info (device vda3): using crc32c (crc32c-intel) checksum algorithm
May 28 07:30:01.802620 localhost kernel: BTRFS info (device vda3): using free-space-tree
May 28 07:30:01.807633 localhost systemd[1]: Mounted /sysroot.
May 28 07:30:01.895653 localhost systemd[1]: combustion.service: Deactivated successfully.
May 28 07:30:01.895798 localhost systemd[1]: Finished Combustion.
May 28 07:30:01.897717 localhost systemd[1]: Reached target Initrd Firstboot.
May 28 07:30:02.016023 localhost systemd[1]: Starting Mountpoints Configured in the Real Root...
May 28 07:30:02.136065 localhost systemd-sysroot-fstab-check[1156]: /sysroot/root should be mounted in the initrd, will request daemon-reload.
May 28 07:30:02.137614 localhost systemd[1]: Reloading requested from client PID 1156 ('systemd-fstab-g') (unit initrd-parse-etc.service)...
May 28 07:30:02.137623 localhost systemd[1]: Reloading...
May 28 07:30:02.293232 localhost systemd[1]: Reloading finished in 155 ms.
May 28 07:30:02.298290 localhost systemd-sysroot-fstab-check[1156]: Requesting initrd-fs.target/start/replace...
May 28 07:30:02.299083 localhost systemd-sysroot-fstab-check[1156]: Requesting swap.target/start/replace...
May 28 07:30:02.312708 localhost systemd[1]: Mounting /sysroot/root...
May 28 07:30:02.429262 localhost systemd[1]: Mounting /sysroot/var...
May 28 07:30:02.444383 localhost systemd[1]: Mounted /sysroot/root.
May 28 07:30:02.446135 localhost systemd[1]: initrd-parse-etc.service: Deactivated successfully.
May 28 07:30:02.446297 localhost systemd[1]: Finished Mountpoints Configured in the Real Root.
May 28 07:30:02.572769 localhost systemd[1]: Starting dracut mount hook...
May 28 07:30:02.573959 localhost systemd[1]: Mounted /sysroot/var.
May 28 07:30:02.675382 localhost systemd[1]: sysroot-etc.mount: Directory /sysroot/etc to mount over is not empty, mounting anyway.
May 28 07:30:02.682361 localhost systemd[1]: Mounting /sysroot/etc...
May 28 07:30:02.808895 localhost systemd[1]: Mounted /sysroot/etc.
May 28 07:30:02.809589 localhost systemd[1]: Reached target Initrd File Systems.
May 28 07:30:02.928705 localhost systemd[1]: Starting Disable firstboot wizard if ignition ran...
May 28 07:30:03.026413 localhost systemd[1]: Finished dracut mount hook.
May 28 07:30:03.026981 localhost systemd[1]: Finished Disable firstboot wizard if ignition ran.
May 28 07:30:03.028190 localhost systemd[1]: Reached target Initrd Default Target.
May 28 07:30:03.038037 localhost systemd[1]: Starting dracut pre-pivot and cleanup hook...
May 28 07:30:03.142144 localhost dracut-pre-pivot[1223]: SELinux: relabeling root filesystem
May 28 07:30:03.152797 localhost dracut-pre-pivot[1223]: SELinux: mount root read-write and relabel
May 28 07:30:08.528176 localhost systemd[1]: sysroot\x2dselinux-dev-pts.mount: Deactivated successfully.
May 28 07:30:08.530058 localhost systemd[1]: sysroot\x2dselinux-dev-shm.mount: Deactivated successfully.
May 28 07:30:08.531834 localhost systemd[1]: sysroot\x2dselinux-dev.mount: Deactivated successfully.
May 28 07:30:08.533270 localhost systemd[1]: sysroot\x2dselinux-sys-fs-bpf.mount: Deactivated successfully.
May 28 07:30:08.534362 localhost systemd[1]: sysroot\x2dselinux-sys-fs-pstore.mount: Deactivated successfully.
May 28 07:30:08.535980 localhost systemd[1]: sysroot\x2dselinux-sys-fs-cgroup.mount: Deactivated successfully.
May 28 07:30:08.536049 localhost systemd[1]: sysroot\x2dselinux-sys-kernel-security.mount: Deactivated successfully.
May 28 07:30:08.536112 localhost systemd[1]: sysroot\x2dselinux-sys.mount: Deactivated successfully.
May 28 07:30:08.536182 localhost systemd[1]: sysroot\x2dselinux-proc.mount: Deactivated successfully.
May 28 07:30:08.536246 localhost systemd[1]: sysroot\x2dselinux-etc.mount: Deactivated successfully.
May 28 07:30:08.536311 localhost systemd[1]: sysroot\x2dselinux-var.mount: Deactivated successfully.
May 28 07:30:08.536367 localhost systemd[1]: sysroot\x2dselinux-root.mount: Deactivated successfully.
May 28 07:30:08.537377 localhost systemd[1]: sysroot\x2dselinux.mount: Deactivated successfully.
May 28 07:30:08.544951 localhost systemd[1]: Finished dracut pre-pivot and cleanup hook.
May 28 07:30:08.627008 localhost systemd[1]: transactional-update /etc overlay cleaner was skipped because of an unmet condition check (ConditionPathExists=/sysroot/var/lib/overlay/transactional-update.newsnapshot).
May 28 07:30:08.639469 localhost systemd[1]: Starting Cleaning Up and Shutting Down Daemons...
May 28 07:30:08.766784 localhost systemd[1]: Stopped target Network.
May 28 07:30:08.767124 localhost systemd[1]: Stopped target Remote Encrypted Volumes.
May 28 07:30:08.767458 localhost systemd[1]: Stopped target Timer Units.
May 28 07:30:08.767783 localhost systemd[1]: dbus.socket: Deactivated successfully.
May 28 07:30:08.767867 localhost systemd[1]: Closed D-Bus System Message Bus Socket.
May 28 07:30:08.768212 localhost systemd[1]: dracut-pre-pivot.service: Deactivated successfully.
May 28 07:30:08.768311 localhost systemd[1]: Stopped dracut pre-pivot and cleanup hook.
May 28 07:30:08.768645 localhost systemd[1]: dracut-pre-pivot.service: Consumed 4.989s CPU time.
May 28 07:30:08.768766 localhost systemd[1]: Stopped target Initrd Default Target.
May 28 07:30:08.769093 localhost systemd[1]: Stopped target Initrd Firstboot.
May 28 07:30:08.769454 localhost systemd[1]: Stopped target Initrd Root Device.
May 28 07:30:08.769768 localhost systemd[1]: Stopped target Initrd /usr File System.
May 28 07:30:08.770073 localhost systemd[1]: Stopped target Remote File Systems.
May 28 07:30:08.770377 localhost systemd[1]: Stopped target Preparation for Remote File Systems.
May 28 07:30:08.770661 localhost systemd[1]: dracut-mount.service: Deactivated successfully.
May 28 07:30:08.770757 localhost systemd[1]: Stopped dracut mount hook.
May 28 07:30:08.771140 localhost systemd[1]: dracut-pre-mount.service: Deactivated successfully.
May 28 07:30:08.771234 localhost systemd[1]: Stopped dracut pre-mount hook.
May 28 07:30:08.771615 localhost systemd[1]: dracut-initqueue.service: Deactivated successfully.
May 28 07:30:08.771709 localhost systemd[1]: Stopped dracut initqueue hook.
May 28 07:30:08.772093 localhost systemd[1]: ignition-remove-reconfig_system.service: Deactivated successfully.
May 28 07:30:08.772194 localhost systemd[1]: Stopped Disable firstboot wizard if ignition ran.
May 28 07:30:08.772942 localhost systemd[1]: Stopped target Ignition Complete.
May 28 07:30:08.773256 localhost systemd[1]: Stopped target Ignition Boot Disk Setup.
May 28 07:30:08.773544 localhost systemd[1]: ignition-fetch-offline.service: Deactivated successfully.
May 28 07:30:08.773643 localhost systemd[1]: Stopped Ignition (fetch-offline).
May 28 07:30:08.773988 localhost systemd[1]: Stopped target Basic System.
May 28 07:30:08.774281 localhost systemd[1]: Stopped target Path Units.
May 28 07:30:08.774568 localhost systemd[1]: Stopped target Slice Units.
May 28 07:30:08.774850 localhost systemd[1]: Stopped target Socket Units.
May 28 07:30:08.775131 localhost systemd[1]: Stopped target System Initialization.
May 28 07:30:08.775480 localhost systemd[1]: Stopped target Local Encrypted Volumes.
May 28 07:30:08.775825 localhost systemd[1]: systemd-ask-password-console.path: Deactivated successfully.
May 28 07:30:08.905925 localhost systemd[1]: Stopped Dispatch Password Requests to Console Directory Watch.
May 28 07:30:08.906392 localhost systemd[1]: Stopped target Local File Systems.
May 28 07:30:08.906704 localhost systemd[1]: Stopped target Preparation for Local File Systems.
May 28 07:30:08.907004 localhost systemd[1]: Stopped target Swaps.
May 28 07:30:08.907278 localhost systemd[1]: ignition-files.service: Deactivated successfully.
May 28 07:30:08.907402 localhost systemd[1]: Stopped Ignition (files).
May 28 07:30:08.907731 localhost systemd[1]: ignition-mount.service: Deactivated successfully.
May 28 07:30:08.907823 localhost systemd[1]: Stopped Ignition (mount).
May 28 07:30:08.908132 localhost systemd[1]: ignition-disks.service: Deactivated successfully.
May 28 07:30:08.908222 localhost systemd[1]: Stopped Ignition (disks).
May 28 07:30:08.908522 localhost systemd[1]: ignition-kargs.service: Deactivated successfully.
May 28 07:30:08.908612 localhost systemd[1]: Stopped Ignition (kargs).
May 28 07:30:08.908919 localhost systemd[1]: ignition-remount-sysroot.service: Deactivated successfully.
May 28 07:30:08.909011 localhost systemd[1]: Stopped Remount /sysroot read-write for Ignition.
May 28 07:30:08.909813 localhost systemd[1]: ignition-setup-user.service: Deactivated successfully.
May 28 07:30:08.909977 localhost systemd[1]: Stopped Ignition User Config Setup.
May 28 07:30:08.910359 localhost systemd[1]: systemd-sysctl.service: Deactivated successfully.
May 28 07:30:08.910518 localhost systemd[1]: Stopped Apply Kernel Variables.
May 28 07:30:08.910908 localhost systemd[1]: systemd-tmpfiles-setup.service: Deactivated successfully.
May 28 07:30:08.911056 localhost systemd[1]: Stopped Create Volatile Files and Directories.
May 28 07:30:08.911461 localhost systemd[1]: systemd-udev-trigger.service: Deactivated successfully.
May 28 07:30:08.911621 localhost systemd[1]: Stopped Coldplug All udev Devices.
May 28 07:30:08.912001 localhost systemd[1]: dracut-pre-trigger.service: Deactivated successfully.
May 28 07:30:08.912160 localhost systemd[1]: Stopped dracut pre-trigger hook.
May 28 07:30:08.912847 localhost systemd[1]: Stopping Rule-based Manager for Device Events and Files...
May 28 07:30:09.005610 localhost systemd[1]: initrd-cleanup.service: Deactivated successfully.
May 28 07:30:09.005758 localhost systemd[1]: Finished Cleaning Up and Shutting Down Daemons.
May 28 07:30:09.135490 localhost systemd[1]: systemd-udevd.service: Deactivated successfully.
May 28 07:30:09.135689 localhost systemd[1]: Stopped Rule-based Manager for Device Events and Files.
May 28 07:30:09.136630 localhost systemd[1]: systemd-udevd-control.socket: Deactivated successfully.
May 28 07:30:09.136717 localhost systemd[1]: Closed udev Control Socket.
May 28 07:30:09.137138 localhost systemd[1]: systemd-udevd-kernel.socket: Deactivated successfully.
May 28 07:30:09.137186 localhost systemd[1]: Closed udev Kernel Socket.
May 28 07:30:09.137454 localhost systemd[1]: dracut-pre-udev.service: Deactivated successfully.
May 28 07:30:09.137505 localhost systemd[1]: Stopped dracut pre-udev hook.
May 28 07:30:09.137878 localhost systemd[1]: dracut-cmdline.service: Deactivated successfully.
May 28 07:30:09.137927 localhost systemd[1]: Stopped dracut cmdline hook.
May 28 07:30:09.138229 localhost systemd[1]: dracut-cmdline-ask.service: Deactivated successfully.
May 28 07:30:09.138281 localhost systemd[1]: Stopped dracut ask for additional cmdline parameters.
May 28 07:30:09.275998 localhost systemd[1]: Starting Cleanup udev Database...
May 28 07:30:09.276287 localhost systemd[1]: systemd-tmpfiles-setup-dev.service: Deactivated successfully.
May 28 07:30:09.276353 localhost systemd[1]: Stopped Create Static Device Nodes in /dev.
May 28 07:30:09.276660 localhost systemd[1]: systemd-tmpfiles-setup-dev-early.service: Deactivated successfully.
May 28 07:30:09.276711 localhost systemd[1]: Stopped Create Static Device Nodes in /dev gracefully.
May 28 07:30:09.276991 localhost systemd[1]: kmod-static-nodes.service: Deactivated successfully.
May 28 07:30:09.277040 localhost systemd[1]: Stopped Create List of Static Device Nodes.
May 28 07:30:09.277326 localhost systemd[1]: systemd-vconsole-setup.service: Deactivated successfully.
May 28 07:30:09.277372 localhost systemd[1]: Stopped Virtual Console Setup.
May 28 07:30:09.402137 localhost systemd[1]: initrd-udevadm-cleanup-db.service: Deactivated successfully.
May 28 07:30:09.402283 localhost systemd[1]: Finished Cleanup udev Database.
May 28 07:30:09.403026 localhost systemd[1]: Reached target Switch Root.
May 28 07:30:09.412015 localhost systemd[1]: Starting Switch Root...
May 28 07:30:09.415182 localhost systemd[1]: Switching root.
May 28 07:30:09.582878 localhost systemd-journald[185]: Journal stopped
May 28 07:30:11.614020 localhost systemd-journald[185]: Received SIGTERM from PID 1 (systemd).
May 28 07:30:11.614044 localhost kernel: audit: type=1404 audit(1716881409.676:2): enforcing=1 old_enforcing=0 auid=4294967295 ses=4294967295 enabled=1 old-enabled=1 lsm=selinux res=1
May 28 07:30:11.614056 localhost kernel: SELinux:  policy capability network_peer_controls=1
May 28 07:30:11.614065 localhost kernel: SELinux:  policy capability open_perms=1
May 28 07:30:11.614072 localhost kernel: SELinux:  policy capability extended_socket_class=1
May 28 07:30:11.614080 localhost kernel: SELinux:  policy capability always_check_network=0
May 28 07:30:11.614088 localhost kernel: SELinux:  policy capability cgroup_seclabel=1
May 28 07:30:11.614096 localhost kernel: SELinux:  policy capability nnp_nosuid_transition=1
May 28 07:30:11.614104 localhost kernel: SELinux:  policy capability genfs_seclabel_symlinks=1
May 28 07:30:11.614113 localhost kernel: SELinux:  policy capability ioctl_skip_cloexec=0
May 28 07:30:11.614121 localhost kernel: SELinux:  policy capability userspace_initial_context=0
May 28 07:30:11.614129 localhost kernel: audit: type=1403 audit(1716881409.833:3): auid=4294967295 ses=4294967295 lsm=selinux res=1
May 28 07:30:11.614137 localhost systemd[1]: Successfully loaded SELinux policy in 158.058ms.
May 28 07:30:11.614147 localhost systemd[1]: Relabeled /dev, /dev/shm, /run, /sys/fs/cgroup in 32.297ms.
May 28 07:30:11.614157 localhost systemd[1]: systemd 255.6+suse.30.g3ea0e1dff3 running in system mode (+PAM +AUDIT +SELINUX +APPARMOR +IMA -SMACK +SECCOMP +GCRYPT +GNUTLS +OPENSSL +ACL +BLKID +CURL +ELFUTILS +FIDO2 +IDN2 -IDN +IPTC +KMOD +LIBCRYPTSETUP +LIBFDISK +PCRE2 +PWQUALITY +P11KIT +QRENCODE +TPM2 +BZIP2 +LZ4 +XZ +ZLIB +ZSTD +BPF_FRAMEWORK -XKBCOMMON -UTMP +SYSVINIT default-hierarchy=unified)
May 28 07:30:11.614165 localhost systemd[1]: Detected virtualization kvm.
May 28 07:30:11.614174 localhost systemd[1]: Detected architecture x86-64.
May 28 07:30:11.614184 localhost systemd[1]: Detected first boot.
May 28 07:30:11.614193 localhost systemd[1]: Initializing machine ID from random generator.
May 28 07:30:11.614201 localhost systemd[1]: bpf-lsm: LSM BPF program attached
May 28 07:30:11.614209 localhost kernel: audit: type=1400 audit(1716881410.406:4): avc:  denied  { map_read map_write } for  pid=1269 comm="systemd-fstab-g" scontext=system_u:system_r:systemd_fstab_generator_t:s0 tcontext=system_u:system_r:init_t:s0 tclass=bpf permissive=0
May 28 07:30:11.614217 localhost kernel: audit: type=1400 audit(1716881410.416:5): avc:  denied  { map_read map_write } for  pid=1271 comm="systemd-gpt-aut" scontext=system_u:system_r:systemd_gpt_generator_t:s0 tcontext=system_u:system_r:init_t:s0 tclass=bpf permissive=0
May 28 07:30:11.614225 localhost systemd[1]: Populated /etc with preset unit settings.
May 28 07:30:11.614234 localhost systemd[1]: initrd-switch-root.service: Deactivated successfully.
May 28 07:30:11.614242 localhost systemd[1]: Stopped Switch Root.
May 28 07:30:11.614250 localhost systemd[1]: systemd-journald.service: Scheduled restart job, restart counter is at 1.
May 28 07:30:11.614258 localhost systemd[1]: Created slice Slice /system/getty.
May 28 07:30:11.614268 localhost systemd[1]: Created slice Slice /system/modprobe.
May 28 07:30:11.614277 localhost systemd[1]: Created slice Slice /system/serial-getty.
May 28 07:30:11.614285 localhost systemd[1]: Created slice User and Session Slice.
May 28 07:30:11.614293 localhost systemd[1]: Started Dispatch Password Requests to Console Directory Watch.
May 28 07:30:11.614301 localhost systemd[1]: Set up automount Arbitrary Executable File Formats File System Automount Point.
May 28 07:30:11.614309 localhost systemd[1]: Expecting device /dev/disk/by-uuid/8bc5a620-43f2-4cb4-bc93-ae33026e601c...
May 28 07:30:11.614317 localhost systemd[1]: Expecting device /dev/disk/by-uuid/D27B-68DF...
May 28 07:30:11.614325 localhost systemd[1]: Expecting device /dev/hvc0...
May 28 07:30:11.614333 localhost systemd[1]: Expecting device /dev/ttyS0...
May 28 07:30:11.614341 localhost systemd[1]: Reached target Local Encrypted Volumes.
May 28 07:30:11.614350 localhost systemd[1]: Stopped target Switch Root.
May 28 07:30:11.614358 localhost systemd[1]: Stopped target Initrd File Systems.
May 28 07:30:11.614367 localhost systemd[1]: Stopped target Initrd Root File System.
May 28 07:30:11.614375 localhost systemd[1]: Reached target Local Integrity Protected Volumes.
May 28 07:30:11.614383 localhost systemd[1]: Reached target Remote File Systems.
May 28 07:30:11.614391 localhost systemd[1]: Reached target Slice Units.
May 28 07:30:11.614401 localhost systemd[1]: Reached target Swaps.
May 28 07:30:11.614410 localhost systemd[1]: Reached target System Time Set.
May 28 07:30:11.614418 localhost systemd[1]: Reached target Local Verity Protected Volumes.
May 28 07:30:11.614426 localhost systemd[1]: Listening on Device-mapper event daemon FIFOs.
May 28 07:30:11.614434 localhost systemd[1]: Listening on LVM2 poll daemon socket.
May 28 07:30:11.614442 localhost systemd[1]: Listening on Process Core Dump Socket.
May 28 07:30:11.614454 localhost systemd[1]: Listening on udev Control Socket.
May 28 07:30:11.614466 localhost systemd[1]: Listening on udev Kernel Socket.
May 28 07:30:11.614478 localhost systemd[1]: Mounting Huge Pages File System...
May 28 07:30:11.614489 localhost systemd[1]: Mounting POSIX Message Queue File System...
May 28 07:30:11.614499 localhost systemd[1]: Mounting Kernel Debug File System...
May 28 07:30:11.614514 localhost systemd[1]: Mounting Kernel Trace File System...
May 28 07:30:11.614525 localhost systemd[1]: Mounting Temporary Directory /tmp...
May 28 07:30:11.614536 localhost systemd[1]: Ignition (delete config) was skipped because no trigger condition checks were met.
May 28 07:30:11.614547 localhost systemd[1]: Starting Create List of Static Device Nodes...
May 28 07:30:11.614558 localhost systemd[1]: Starting Monitoring of LVM2 mirrors, snapshots etc. using dmeventd or progress polling...
May 28 07:30:11.614569 localhost systemd[1]: Starting Load Kernel Module configfs...
May 28 07:30:11.614579 localhost systemd[1]: Starting Load Kernel Module dm_mod...
May 28 07:30:11.614590 localhost systemd[1]: Starting Load Kernel Module drm...
May 28 07:30:11.614601 localhost systemd[1]: Starting Load Kernel Module efi_pstore...
May 28 07:30:11.614614 localhost systemd[1]: Starting Load Kernel Module fuse...
May 28 07:30:11.614624 localhost systemd[1]: Starting Load Kernel Module loop...
May 28 07:30:11.614637 localhost systemd[1]: Starting Relabel /root...
May 28 07:30:11.614647 localhost systemd[1]: systemd-fsck-root.service: Deactivated successfully.
May 28 07:30:11.614658 localhost systemd[1]: Stopped File System Check on Root Device.
May 28 07:30:11.614669 localhost kernel: fuse: init (API version 7.40)
May 28 07:30:11.614680 localhost kernel: loop: module loaded
May 28 07:30:11.614692 localhost systemd[1]: Starting Journal Service...
May 28 07:30:11.614703 localhost systemd[1]: Load Kernel Modules was skipped because no trigger condition checks were met.
May 28 07:30:11.614716 localhost systemd[1]: Apply Kernel Variables for 6.9.1-1-default from /boot was skipped because of an unmet condition check (ConditionPathExists=!/usr/lib/modules/6.9.1-1-default/sysctl.conf).
May 28 07:30:11.614730 localhost systemd[1]: Starting Apply Kernel Variables for 6.9.1-1-default...
May 28 07:30:11.614742 localhost systemd[1]: Starting Remount Root and Kernel File Systems...
May 28 07:30:11.614772 localhost systemd-journald[1324]: Collecting audit messages is disabled.
May 28 07:30:11.614796 localhost systemd-journald[1324]: Journal started
May 28 07:30:11.614822 localhost systemd-journald[1324]: Runtime Journal (/run/log/journal/ec3d303fc75f4f9389b2033910f31193) is 2.4M, max 19.3M, 16.9M free.
May 28 07:30:10.794566 localhost systemd[1]: Queued start job for default target Multi-User System.
May 28 07:30:10.836212 localhost systemd[1]: Unnecessary job was removed for /dev/vda3.
May 28 07:30:10.836520 localhost systemd[1]: systemd-journald.service: Deactivated successfully.
May 28 07:30:11.619257 localhost systemd[1]: Starting Coldplug All udev Devices...
May 28 07:30:11.619283 localhost systemd[1]: Started Journal Service.
May 28 07:30:11.626524 localhost systemd[1]: Mounted Huge Pages File System.
May 28 07:30:11.627041 localhost systemd[1]: Mounted POSIX Message Queue File System.
May 28 07:30:11.627356 localhost systemd[1]: Mounted Kernel Debug File System.
May 28 07:30:11.627667 localhost systemd[1]: Mounted Kernel Trace File System.
May 28 07:30:11.627970 localhost systemd[1]: Mounted Temporary Directory /tmp.
May 28 07:30:11.628856 localhost systemd[1]: Finished Create List of Static Device Nodes.
May 28 07:30:11.629465 localhost systemd[1]: Finished Monitoring of LVM2 mirrors, snapshots etc. using dmeventd or progress polling.
May 28 07:30:11.629932 localhost systemd[1]: modprobe@configfs.service: Deactivated successfully.
May 28 07:30:11.630036 localhost systemd[1]: Finished Load Kernel Module configfs.
May 28 07:30:11.630495 localhost systemd[1]: modprobe@dm_mod.service: Deactivated successfully.
May 28 07:30:11.630595 localhost systemd[1]: Finished Load Kernel Module dm_mod.
May 28 07:30:11.631038 localhost systemd[1]: modprobe@drm.service: Deactivated successfully.
May 28 07:30:11.631137 localhost systemd[1]: Finished Load Kernel Module drm.
May 28 07:30:11.631578 localhost systemd[1]: modprobe@efi_pstore.service: Deactivated successfully.
May 28 07:30:11.631678 localhost systemd[1]: Finished Load Kernel Module efi_pstore.
May 28 07:30:11.632121 localhost systemd[1]: modprobe@fuse.service: Deactivated successfully.
May 28 07:30:11.632219 localhost systemd[1]: Finished Load Kernel Module fuse.
May 28 07:30:11.632678 localhost systemd[1]: modprobe@loop.service: Deactivated successfully.
May 28 07:30:11.632780 localhost systemd[1]: Finished Load Kernel Module loop.
May 28 07:30:11.633275 localhost systemd[1]: root-relabel.service: Deactivated successfully.
May 28 07:30:11.633375 localhost systemd[1]: Finished Relabel /root.
May 28 07:30:11.633817 localhost systemd[1]: Finished Apply Kernel Variables for 6.9.1-1-default.
May 28 07:30:11.689261 localhost systemd[1]: Mounting FUSE Control File System...
May 28 07:30:11.695814 localhost systemd[1]: Mounting Kernel Configuration File System...
May 28 07:30:11.696136 localhost systemd[1]: Repartition Root Disk was skipped because no trigger condition checks were met.
May 28 07:30:11.827311 localhost systemd[1]: Starting Apply Kernel Variables...
May 28 07:30:11.869303 localhost systemd[1]: Starting Create Static Device Nodes in /dev gracefully...
May 28 07:30:11.870836 localhost systemd[1]: Mounted FUSE Control File System.
May 28 07:30:11.871155 localhost systemd[1]: Mounted Kernel Configuration File System.
May 28 07:30:11.956217 localhost systemd[1]: Finished Coldplug All udev Devices.
May 28 07:30:11.961527 localhost systemd[1]: Finished Remount Root and Kernel File Systems.
May 28 07:30:11.964242 localhost systemd[1]: Rebuild Hardware Database was skipped because of an unmet condition check (ConditionNeedsUpdate=/etc).
May 28 07:30:11.964319 localhost systemd[1]: Platform Persistent Storage Archival was skipped because of an unmet condition check (ConditionDirectoryNotEmpty=/sys/fs/pstore).
May 28 07:30:11.986794 localhost systemd[1]: Starting Load/Save OS Random Seed...
May 28 07:30:11.987377 localhost systemd[1]: Finished Apply Kernel Variables.
May 28 07:30:11.995568 localhost systemd[1]: Finished Load/Save OS Random Seed.
May 28 07:30:12.123760 localhost systemd[1]: Finished Create Static Device Nodes in /dev gracefully.
May 28 07:30:12.124696 localhost systemd[1]: Create System Users was skipped because no trigger condition checks were met.
May 28 07:30:12.236044 localhost systemd[1]: Starting Create Static Device Nodes in /dev...
May 28 07:30:12.392628 localhost systemd[1]: Finished Create Static Device Nodes in /dev.
May 28 07:30:12.393074 localhost systemd[1]: Reached target Preparation for Local File Systems.
May 28 07:30:12.522672 localhost systemd[1]: Starting Rule-based Manager for Device Events and Files...
May 28 07:30:12.661880 localhost systemd-udevd[1364]: Using default interface naming scheme 'v255'.
May 28 07:30:12.689586 localhost systemd[1]: Started Rule-based Manager for Device Events and Files.
May 28 07:30:12.853317 localhost systemd[1]: Condition check resulted in /dev/hvc0 being skipped.
May 28 07:30:12.855059 localhost systemd[1]: Condition check resulted in /dev/ttyS0 being skipped.
May 28 07:30:12.953629 localhost systemd[1]: Condition check resulted in /dev/disk/by-uuid/D27B-68DF being skipped.
May 28 07:30:13.000525 localhost systemd[1]: Mounting /boot/efi...
May 28 07:30:13.082540 localhost kernel: parport_pc 00:03: reported by Plug and Play ACPI
May 28 07:30:13.082796 localhost kernel: parport0: PC-style at 0x378, irq 7 [PCSPP,TRISTATE]
May 28 07:30:13.106046 localhost kernel: piix4_smbus 0000:00:01.3: SMBus Host Controller at 0x700, revision 0
May 28 07:30:13.201862 localhost systemd[1]: Found device /dev/disk/by-uuid/8bc5a620-43f2-4cb4-bc93-ae33026e601c.
May 28 07:30:13.216523 localhost kernel: input: PC Speaker as /devices/platform/pcspkr/input/input6
May 28 07:30:13.229373 localhost systemd[1]: Mounting /.snapshots...
May 28 07:30:13.276058 localhost systemd[1]: Mounting /boot/grub2/i386-pc...
May 28 07:30:13.322790 localhost kernel: ppdev: user-space parallel port driver
May 28 07:30:13.322877 localhost systemd[1]: Mounting /boot/grub2/x86_64-efi...
May 28 07:30:13.332111 localhost systemd[1]: Mounting /boot/writable...
May 28 07:30:13.346000 localhost systemd[1]: Mounting /home...
May 28 07:30:13.362628 localhost systemd[1]: Mounting /opt...
May 28 07:30:13.422387 localhost systemd[1]: Mounting /srv...
May 28 07:30:13.435181 localhost systemd[1]: Mounting /usr/local...
May 28 07:30:13.438298 localhost systemd[1]: Mounted /.snapshots.
May 28 07:30:13.438636 localhost systemd[1]: Mounted /boot/grub2/i386-pc.
May 28 07:30:13.438957 localhost systemd[1]: Mounted /boot/grub2/x86_64-efi.
May 28 07:30:13.525979 localhost systemd[1]: Mounted /boot/writable.
May 28 07:30:13.526302 localhost systemd[1]: Mounted /home.
May 28 07:30:13.526606 localhost systemd[1]: Mounted /opt.
May 28 07:30:13.526904 localhost systemd[1]: Mounted /srv.
May 28 07:30:13.579856 localhost systemd[1]: Starting Relabel /.snapshots...
May 28 07:30:13.593755 localhost kernel: kvm_amd: Nested Virtualization enabled
May 28 07:30:13.593782 localhost kernel: kvm_amd: Nested Paging enabled
May 28 07:30:13.594007 localhost systemd[1]: Starting Relabel /boot/grub2/i386-pc...
May 28 07:30:13.619206 localhost kernel: snd_hda_codec_generic hdaudioC0D0: autoconfig for Generic: line_outs=1 (0x3/0x0/0x0/0x0/0x0) type:line
May 28 07:30:13.619411 localhost kernel: snd_hda_codec_generic hdaudioC0D0:    speaker_outs=0 (0x0/0x0/0x0/0x0/0x0)
May 28 07:30:13.619559 localhost kernel: snd_hda_codec_generic hdaudioC0D0:    hp_outs=0 (0x0/0x0/0x0/0x0/0x0)
May 28 07:30:13.619701 localhost kernel: snd_hda_codec_generic hdaudioC0D0:    mono: mono_out=0x0
May 28 07:30:13.619845 localhost kernel: snd_hda_codec_generic hdaudioC0D0:    inputs:
May 28 07:30:13.623146 localhost systemd[1]: Starting Relabel /boot/grub2/x86_64-efi...
May 28 07:30:13.643624 localhost systemd[1]: Starting Relabel /boot/writable...
May 28 07:30:13.652556 localhost systemd[1]: Starting Relabel /home...
May 28 07:30:13.662735 localhost systemd[1]: Starting Relabel /opt...
May 28 07:30:13.669611 localhost systemd[1]: Starting Relabel /srv...
May 28 07:30:13.672982 localhost systemd[1]: Starting Virtual Console Setup...
May 28 07:30:13.709537 localhost systemd[1]: Mounted /boot/efi.
May 28 07:30:13.710030 localhost systemd[1]: Mounted /usr/local.
May 28 07:30:13.710902 localhost systemd[1]: \x2esnapshots-relabel.service: Deactivated successfully.
May 28 07:30:13.802556 localhost systemd[1]: Finished Relabel /.snapshots.
