May 28 07:43:25.811369 localhost kernel: Linux version 6.9.1-1-default (geeko@buildhost) (gcc (SUSE Linux) 13.2.1 20240509 [revision b7a2697733d19a093cbdd0e200ffce069a4bc812], GNU ld (GNU Binutils; openSUSE Tumbleweed) 2.42.0.20240130-3) #1 SMP PREEMPT_DYNAMIC Fri May 17 11:59:46 UTC 2024 (0c0b0b5)
May 28 07:43:25.811388 localhost kernel: Command line: BOOT_IMAGE=/boot/vmlinuz-6.9.1-1-default root=UUID=e39da9d8-a8b7-464b-9613-b228a5f5ac1d rd.timeout=60 rd.retry=45 splash=silent console=ttyS0 console=tty swapaccount=1 quiet security=selinux selinux=1 enforcing=1 mitigations=auto
May 28 07:43:25.811397 localhost kernel: BIOS-provided physical RAM map:
May 28 07:43:25.811403 localhost kernel: BIOS-e820: [mem 0x0000000000000000-0x000000000009ffff] usable
May 28 07:43:25.811407 localhost kernel: BIOS-e820: [mem 0x0000000000100000-0x00000000007fffff] usable
May 28 07:43:25.811412 localhost kernel: BIOS-e820: [mem 0x0000000000800000-0x0000000000807fff] ACPI NVS
May 28 07:43:25.811418 localhost kernel: BIOS-e820: [mem 0x0000000000808000-0x000000000080afff] usable
May 28 07:43:25.811422 localhost kernel: BIOS-e820: [mem 0x000000000080b000-0x000000000080bfff] ACPI NVS
May 28 07:43:25.811427 localhost kernel: BIOS-e820: [mem 0x000000000080c000-0x000000000080ffff] usable
May 28 07:43:25.811431 localhost kernel: BIOS-e820: [mem 0x0000000000810000-0x00000000008fffff] ACPI NVS
May 28 07:43:25.811437 localhost kernel: BIOS-e820: [mem 0x0000000000900000-0x000000003f8eefff] usable
May 28 07:43:25.811441 localhost kernel: BIOS-e820: [mem 0x000000003f8ef000-0x000000003fb6efff] reserved
May 28 07:43:25.811446 localhost kernel: BIOS-e820: [mem 0x000000003fb6f000-0x000000003fb7efff] ACPI data
May 28 07:43:25.811451 localhost kernel: BIOS-e820: [mem 0x000000003fb7f000-0x000000003fbfefff] ACPI NVS
May 28 07:43:25.811458 localhost kernel: BIOS-e820: [mem 0x000000003fbff000-0x000000003ff57fff] usable
May 28 07:43:25.811463 localhost kernel: BIOS-e820: [mem 0x000000003ff58000-0x000000003ff77fff] reserved
May 28 07:43:25.811467 localhost kernel: BIOS-e820: [mem 0x000000003ff78000-0x000000003fffffff] ACPI NVS
May 28 07:43:25.811472 localhost kernel: BIOS-e820: [mem 0x00000000ffe00000-0x00000000ffffffff] reserved
May 28 07:43:25.811476 localhost kernel: NX (Execute Disable) protection: active
May 28 07:43:25.811481 localhost kernel: APIC: Static calls initialized
May 28 07:43:25.811485 localhost kernel: e820: update [mem 0x3dc20018-0x3dc29c57] usable ==> usable
May 28 07:43:25.811490 localhost kernel: e820: update [mem 0x3dbf7018-0x3dc1f057] usable ==> usable
May 28 07:43:25.811494 localhost kernel: extended physical RAM map:
May 28 07:43:25.811499 localhost kernel: reserve setup_data: [mem 0x0000000000000000-0x000000000009ffff] usable
May 28 07:43:25.811503 localhost kernel: reserve setup_data: [mem 0x0000000000100000-0x00000000007fffff] usable
May 28 07:43:25.811510 localhost kernel: reserve setup_data: [mem 0x0000000000800000-0x0000000000807fff] ACPI NVS
May 28 07:43:25.811514 localhost kernel: reserve setup_data: [mem 0x0000000000808000-0x000000000080afff] usable
May 28 07:43:25.811519 localhost kernel: reserve setup_data: [mem 0x000000000080b000-0x000000000080bfff] ACPI NVS
May 28 07:43:25.811523 localhost kernel: reserve setup_data: [mem 0x000000000080c000-0x000000000080ffff] usable
May 28 07:43:25.811528 localhost kernel: reserve setup_data: [mem 0x0000000000810000-0x00000000008fffff] ACPI NVS
May 28 07:43:25.811532 localhost kernel: reserve setup_data: [mem 0x0000000000900000-0x000000003dbf7017] usable
May 28 07:43:25.811537 localhost kernel: reserve setup_data: [mem 0x000000003dbf7018-0x000000003dc1f057] usable
May 28 07:43:25.811541 localhost kernel: reserve setup_data: [mem 0x000000003dc1f058-0x000000003dc20017] usable
May 28 07:43:25.811546 localhost kernel: reserve setup_data: [mem 0x000000003dc20018-0x000000003dc29c57] usable
May 28 07:43:25.811550 localhost kernel: reserve setup_data: [mem 0x000000003dc29c58-0x000000003f8eefff] usable
May 28 07:43:25.811555 localhost kernel: reserve setup_data: [mem 0x000000003f8ef000-0x000000003fb6efff] reserved
May 28 07:43:25.811560 localhost kernel: reserve setup_data: [mem 0x000000003fb6f000-0x000000003fb7efff] ACPI data
May 28 07:43:25.811564 localhost kernel: reserve setup_data: [mem 0x000000003fb7f000-0x000000003fbfefff] ACPI NVS
May 28 07:43:25.811569 localhost kernel: reserve setup_data: [mem 0x000000003fbff000-0x000000003ff57fff] usable
May 28 07:43:25.811573 localhost kernel: reserve setup_data: [mem 0x000000003ff58000-0x000000003ff77fff] reserved
May 28 07:43:25.811581 localhost kernel: reserve setup_data: [mem 0x000000003ff78000-0x000000003fffffff] ACPI NVS
May 28 07:43:25.811585 localhost kernel: reserve setup_data: [mem 0x00000000ffe00000-0x00000000ffffffff] reserved
May 28 07:43:25.811590 localhost kernel: efi: EFI v2.7 by EDK II
May 28 07:43:25.811595 localhost kernel: efi: SMBIOS=0x3f909000 ACPI=0x3fb7e000 ACPI 2.0=0x3fb7e014 MEMATTR=0x3e76f018 MOKvar=0x3e769000 RNG=0x3fb75018 
May 28 07:43:25.811601 localhost kernel: random: crng init done
May 28 07:43:25.811605 localhost kernel: efi: Remove mem111: MMIO range=[0xffe00000-0xffffffff] (2MB) from e820 map
May 28 07:43:25.811610 localhost kernel: e820: remove [mem 0xffe00000-0xffffffff] reserved
May 28 07:43:25.811614 localhost kernel: secureboot: Secure boot enabled
May 28 07:43:25.811619 localhost kernel: Kernel is locked down from EFI Secure Boot mode; see man kernel_lockdown.7
May 28 07:43:25.811623 localhost kernel: SMBIOS 2.8 present.
May 28 07:43:25.811628 localhost kernel: DMI: QEMU Standard PC (i440FX + PIIX, 1996), BIOS 0.0.0 02/06/2015
May 28 07:43:25.811632 localhost kernel: Hypervisor detected: KVM
May 28 07:43:25.811637 localhost kernel: kvm-clock: Using msrs 4b564d01 and 4b564d00
May 28 07:43:25.811641 localhost kernel: kvm-clock: using sched offset of 1017395152133 cycles
May 28 07:43:25.811646 localhost kernel: clocksource: kvm-clock: mask: 0xffffffffffffffff max_cycles: 0x1cd42e4dffb, max_idle_ns: 881590591483 ns
May 28 07:43:25.811651 localhost kernel: tsc: Detected 2799.998 MHz processor
May 28 07:43:25.811656 localhost kernel: e820: update [mem 0x00000000-0x00000fff] usable ==> reserved
May 28 07:43:25.811661 localhost kernel: e820: remove [mem 0x000a0000-0x000fffff] usable
May 28 07:43:25.811666 localhost kernel: last_pfn = 0x3ff58 max_arch_pfn = 0x400000000
May 28 07:43:25.811673 localhost kernel: MTRR map: 4 entries (2 fixed + 2 variable; max 18), built from 8 variable MTRRs
May 28 07:43:25.811677 localhost kernel: x86/PAT: Configuration [0-7]: WB  WC  UC- UC  WB  WP  UC- WT  
May 28 07:43:25.811682 localhost kernel: e820: update [mem 0x3e769000-0x3e769fff] usable ==> reserved
May 28 07:43:25.811687 localhost kernel: Using GB pages for direct mapping
May 28 07:43:25.811692 localhost kernel: secureboot: Secure boot enabled
May 28 07:43:25.811697 localhost kernel: RAMDISK: [mem 0x3c133000-0x3d683fff]
May 28 07:43:25.811701 localhost kernel: ACPI: Early table checksum verification disabled
May 28 07:43:25.811706 localhost kernel: ACPI: RSDP 0x000000003FB7E014 000024 (v02 BOCHS )
May 28 07:43:25.811711 localhost kernel: ACPI: XSDT 0x000000003FB7D0E8 00004C (v01 BOCHS  BXPC     00000001      01000013)
May 28 07:43:25.811716 localhost kernel: ACPI: FACP 0x000000003FB7A000 000074 (v01 BOCHS  BXPC     00000001 BXPC 00000001)
May 28 07:43:25.811720 localhost kernel: ACPI: DSDT 0x000000003FB7B000 001761 (v01 BOCHS  BXPC     00000001 BXPC 00000001)
May 28 07:43:25.811725 localhost kernel: ACPI: FACS 0x000000003FBDD000 000040
May 28 07:43:25.811732 localhost kernel: ACPI: APIC 0x000000003FB79000 000078 (v01 BOCHS  BXPC     00000001 BXPC 00000001)
May 28 07:43:25.811736 localhost kernel: ACPI: HPET 0x000000003FB78000 000038 (v01 BOCHS  BXPC     00000001 BXPC 00000001)
May 28 07:43:25.811741 localhost kernel: ACPI: WAET 0x000000003FB77000 000028 (v01 BOCHS  BXPC     00000001 BXPC 00000001)
May 28 07:43:25.811746 localhost kernel: ACPI: BGRT 0x000000003FB76000 000038 (v01 INTEL  EDK2     00000002      01000013)
May 28 07:43:25.811751 localhost kernel: ACPI: Reserving FACP table memory at [mem 0x3fb7a000-0x3fb7a073]
May 28 07:43:25.811755 localhost kernel: ACPI: Reserving DSDT table memory at [mem 0x3fb7b000-0x3fb7c760]
May 28 07:43:25.811760 localhost kernel: ACPI: Reserving FACS table memory at [mem 0x3fbdd000-0x3fbdd03f]
May 28 07:43:25.811765 localhost kernel: ACPI: Reserving APIC table memory at [mem 0x3fb79000-0x3fb79077]
May 28 07:43:25.811769 localhost kernel: ACPI: Reserving HPET table memory at [mem 0x3fb78000-0x3fb78037]
May 28 07:43:25.811774 localhost kernel: ACPI: Reserving WAET table memory at [mem 0x3fb77000-0x3fb77027]
May 28 07:43:25.811779 localhost kernel: ACPI: Reserving BGRT table memory at [mem 0x3fb76000-0x3fb76037]
May 28 07:43:25.811783 localhost kernel: No NUMA configuration found
May 28 07:43:25.811790 localhost kernel: Faking a node at [mem 0x0000000000000000-0x000000003ff57fff]
May 28 07:43:25.811794 localhost kernel: NODE_DATA(0) allocated [mem 0x3fe87000-0x3feb1fff]
May 28 07:43:25.811799 localhost kernel: Zone ranges:
May 28 07:43:25.811805 localhost kernel:   DMA      [mem 0x0000000000001000-0x0000000000ffffff]
May 28 07:43:25.811809 localhost kernel:   DMA32    [mem 0x0000000001000000-0x000000003ff57fff]
May 28 07:43:25.811814 localhost kernel:   Normal   empty
May 28 07:43:25.811819 localhost kernel:   Device   empty
May 28 07:43:25.811823 localhost kernel: Movable zone start for each node
May 28 07:43:25.811828 localhost kernel: Early memory node ranges
May 28 07:43:25.811833 localhost kernel:   node   0: [mem 0x0000000000001000-0x000000000009ffff]
May 28 07:43:25.811837 localhost kernel:   node   0: [mem 0x0000000000100000-0x00000000007fffff]
May 28 07:43:25.811842 localhost kernel:   node   0: [mem 0x0000000000808000-0x000000000080afff]
May 28 07:43:25.811847 localhost kernel:   node   0: [mem 0x000000000080c000-0x000000000080ffff]
May 28 07:43:25.811853 localhost kernel:   node   0: [mem 0x0000000000900000-0x000000003f8eefff]
May 28 07:43:25.811858 localhost kernel:   node   0: [mem 0x000000003fbff000-0x000000003ff57fff]
May 28 07:43:25.811862 localhost kernel: Initmem setup node 0 [mem 0x0000000000001000-0x000000003ff57fff]
May 28 07:43:25.811867 localhost kernel: On node 0, zone DMA: 1 pages in unavailable ranges
May 28 07:43:25.811872 localhost kernel: On node 0, zone DMA: 96 pages in unavailable ranges
May 28 07:43:25.811876 localhost kernel: On node 0, zone DMA: 8 pages in unavailable ranges
May 28 07:43:25.811881 localhost kernel: On node 0, zone DMA: 1 pages in unavailable ranges
May 28 07:43:25.811886 localhost kernel: On node 0, zone DMA: 240 pages in unavailable ranges
May 28 07:43:25.811890 localhost kernel: On node 0, zone DMA32: 784 pages in unavailable ranges
May 28 07:43:25.811895 localhost kernel: On node 0, zone DMA32: 168 pages in unavailable ranges
May 28 07:43:25.811900 localhost kernel: ACPI: PM-Timer IO Port: 0xb008
May 28 07:43:25.811905 localhost kernel: ACPI: LAPIC_NMI (acpi_id[0xff] dfl dfl lint[0x1])
May 28 07:43:25.811911 localhost kernel: IOAPIC[0]: apic_id 0, version 17, address 0xfec00000, GSI 0-23
May 28 07:43:25.811916 localhost kernel: ACPI: INT_SRC_OVR (bus 0 bus_irq 0 global_irq 2 dfl dfl)
May 28 07:43:25.811921 localhost kernel: ACPI: INT_SRC_OVR (bus 0 bus_irq 5 global_irq 5 high level)
May 28 07:43:25.811925 localhost kernel: ACPI: INT_SRC_OVR (bus 0 bus_irq 9 global_irq 9 high level)
May 28 07:43:25.811930 localhost kernel: ACPI: INT_SRC_OVR (bus 0 bus_irq 10 global_irq 10 high level)
May 28 07:43:25.811935 localhost kernel: ACPI: INT_SRC_OVR (bus 0 bus_irq 11 global_irq 11 high level)
May 28 07:43:25.811939 localhost kernel: ACPI: Using ACPI (MADT) for SMP configuration information
May 28 07:43:25.811944 localhost kernel: ACPI: HPET id: 0x8086a201 base: 0xfed00000
May 28 07:43:25.811949 localhost kernel: e820: update [mem 0x3dc55000-0x3dc5dfff] usable ==> reserved
May 28 07:43:25.811954 localhost kernel: TSC deadline timer available
May 28 07:43:25.811962 localhost kernel: CPU topo: Max. logical packages:   1
May 28 07:43:25.811967 localhost kernel: CPU topo: Max. logical dies:       1
May 28 07:43:25.811972 localhost kernel: CPU topo: Max. dies per package:   1
May 28 07:43:25.811977 localhost kernel: CPU topo: Max. threads per core:   1
May 28 07:43:25.811983 localhost kernel: CPU topo: Num. cores per package:     1
May 28 07:43:25.811988 localhost kernel: CPU topo: Num. threads per package:   1
May 28 07:43:25.811993 localhost kernel: CPU topo: Allowing 1 present CPUs plus 0 hotplug CPUs
May 28 07:43:25.811997 localhost kernel: kvm-guest: APIC: eoi() replaced with kvm_guest_apic_eoi_write()
May 28 07:43:25.812002 localhost kernel: PM: hibernation: Registered nosave memory: [mem 0x00000000-0x00000fff]
May 28 07:43:25.812007 localhost kernel: PM: hibernation: Registered nosave memory: [mem 0x000a0000-0x000fffff]
May 28 07:43:25.812012 localhost kernel: PM: hibernation: Registered nosave memory: [mem 0x00800000-0x00807fff]
May 28 07:43:25.812016 localhost kernel: PM: hibernation: Registered nosave memory: [mem 0x0080b000-0x0080bfff]
May 28 07:43:25.812021 localhost kernel: PM: hibernation: Registered nosave memory: [mem 0x00810000-0x008fffff]
May 28 07:43:25.812028 localhost kernel: PM: hibernation: Registered nosave memory: [mem 0x3dbf7000-0x3dbf7fff]
May 28 07:43:25.812032 localhost kernel: PM: hibernation: Registered nosave memory: [mem 0x3dc1f000-0x3dc1ffff]
May 28 07:43:25.812037 localhost kernel: PM: hibernation: Registered nosave memory: [mem 0x3dc20000-0x3dc20fff]
May 28 07:43:25.812042 localhost kernel: PM: hibernation: Registered nosave memory: [mem 0x3dc29000-0x3dc29fff]
May 28 07:43:25.812046 localhost kernel: PM: hibernation: Registered nosave memory: [mem 0x3dc55000-0x3dc5dfff]
May 28 07:43:25.812051 localhost kernel: PM: hibernation: Registered nosave memory: [mem 0x3e769000-0x3e769fff]
May 28 07:43:25.812056 localhost kernel: PM: hibernation: Registered nosave memory: [mem 0x3f8ef000-0x3fb6efff]
May 28 07:43:25.812061 localhost kernel: PM: hibernation: Registered nosave memory: [mem 0x3fb6f000-0x3fb7efff]
May 28 07:43:25.812065 localhost kernel: PM: hibernation: Registered nosave memory: [mem 0x3fb7f000-0x3fbfefff]
May 28 07:43:25.812070 localhost kernel: [mem 0x40000000-0xffffffff] available for PCI devices
May 28 07:43:25.812075 localhost kernel: Booting paravirtualized kernel on KVM
May 28 07:43:25.812080 localhost kernel: clocksource: refined-jiffies: mask: 0xffffffff max_cycles: 0xffffffff, max_idle_ns: 6370452778343963 ns
May 28 07:43:25.812086 localhost kernel: setup_percpu: NR_CPUS:8192 nr_cpumask_bits:1 nr_cpu_ids:1 nr_node_ids:1
May 28 07:43:25.812091 localhost kernel: percpu: Embedded 72 pages/cpu s258048 r8192 d28672 u2097152
May 28 07:43:25.812096 localhost kernel: pcpu-alloc: s258048 r8192 d28672 u2097152 alloc=1*2097152
May 28 07:43:25.812100 localhost kernel: pcpu-alloc: [0] 0 
May 28 07:43:25.812105 localhost kernel: kvm-guest: PV spinlocks disabled, single CPU
May 28 07:43:25.812110 localhost kernel: Kernel command line: BOOT_IMAGE=/boot/vmlinuz-6.9.1-1-default root=UUID=e39da9d8-a8b7-464b-9613-b228a5f5ac1d rd.timeout=60 rd.retry=45 splash=silent console=ttyS0 console=tty swapaccount=1 quiet security=selinux selinux=1 enforcing=1 mitigations=auto
May 28 07:43:25.812116 localhost kernel: Unknown kernel command line parameters "BOOT_IMAGE=/boot/vmlinuz-6.9.1-1-default splash=silent", will be passed to user space.
May 28 07:43:25.812120 localhost kernel: Dentry cache hash table entries: 131072 (order: 8, 1048576 bytes, linear)
May 28 07:43:25.812125 localhost kernel: Inode-cache hash table entries: 65536 (order: 7, 524288 bytes, linear)
May 28 07:43:25.812130 localhost kernel: Fallback order for Node 0: 0 
May 28 07:43:25.812135 localhost kernel: Built 1 zonelists, mobility grouping on.  Total pages: 254806
May 28 07:43:25.812141 localhost kernel: Policy zone: DMA32
May 28 07:43:25.812146 localhost kernel: mem auto-init: stack:off, heap alloc:off, heap free:off
May 28 07:43:25.812151 localhost kernel: Memory: 247576K/1043384K available (16384K kernel code, 3000K rwdata, 13020K rodata, 4224K init, 4384K bss, 132752K reserved, 0K cma-reserved)
May 28 07:43:25.812156 localhost kernel: SLUB: HWalign=64, Order=0-3, MinObjects=0, CPUs=1, Nodes=1
May 28 07:43:25.812160 localhost kernel: ftrace: allocating 47505 entries in 186 pages
May 28 07:43:25.812165 localhost kernel: ftrace: allocated 186 pages with 5 groups
May 28 07:43:25.812170 localhost kernel: Dynamic Preempt: voluntary
May 28 07:43:25.812174 localhost kernel: rcu: Preemptible hierarchical RCU implementation.
May 28 07:43:25.812180 localhost kernel: rcu:         RCU event tracing is enabled.
May 28 07:43:25.812185 localhost kernel: rcu:         RCU restricting CPUs from NR_CPUS=8192 to nr_cpu_ids=1.
May 28 07:43:25.812190 localhost kernel:         Trampoline variant of Tasks RCU enabled.
May 28 07:43:25.812197 localhost kernel:         Rude variant of Tasks RCU enabled.
May 28 07:43:25.812202 localhost kernel:         Tracing variant of Tasks RCU enabled.
May 28 07:43:25.812206 localhost kernel: rcu: RCU calculated value of scheduler-enlistment delay is 30 jiffies.
May 28 07:43:25.812211 localhost kernel: rcu: Adjusting geometry for rcu_fanout_leaf=16, nr_cpu_ids=1
May 28 07:43:25.812216 localhost kernel: RCU Tasks: Setting shift to 0 and lim to 1 rcu_task_cb_adjust=1.
May 28 07:43:25.812220 localhost kernel: RCU Tasks Rude: Setting shift to 0 and lim to 1 rcu_task_cb_adjust=1.
May 28 07:43:25.812225 localhost kernel: RCU Tasks Trace: Setting shift to 0 and lim to 1 rcu_task_cb_adjust=1.
May 28 07:43:25.812230 localhost kernel: NR_IRQS: 524544, nr_irqs: 256, preallocated irqs: 16
May 28 07:43:25.812235 localhost kernel: rcu: srcu_init: Setting srcu_struct sizes based on contention.
May 28 07:43:25.812239 localhost kernel: Console: colour dummy device 80x25
May 28 07:43:25.812244 localhost kernel: printk: legacy console [tty0] enabled
May 28 07:43:25.812249 localhost kernel: printk: legacy console [ttyS0] enabled
May 28 07:43:25.812253 localhost kernel: ACPI: Core revision 20230628
May 28 07:43:25.812260 localhost kernel: clocksource: hpet: mask: 0xffffffff max_cycles: 0xffffffff, max_idle_ns: 19112604467 ns
May 28 07:43:25.812264 localhost kernel: APIC: Switch to symmetric I/O mode setup
May 28 07:43:25.812269 localhost kernel: x2apic enabled
May 28 07:43:25.812274 localhost kernel: APIC: Switched APIC routing to: physical x2apic
May 28 07:43:25.812279 localhost kernel: ..TIMER: vector=0x30 apic1=0 pin1=2 apic2=-1 pin2=-1
May 28 07:43:25.812284 localhost kernel: clocksource: tsc-early: mask: 0xffffffffffffffff max_cycles: 0x285c3ee517e, max_idle_ns: 440795257231 ns
May 28 07:43:25.812289 localhost kernel: Calibrating delay loop (skipped) preset value.. 5602.32 BogoMIPS (lpj=9333326)
May 28 07:43:25.812293 localhost kernel: x86/cpu: User Mode Instruction Prevention (UMIP) activated
May 28 07:43:25.812298 localhost kernel: Last level iTLB entries: 4KB 512, 2MB 255, 4MB 127
May 28 07:43:25.812303 localhost kernel: Last level dTLB entries: 4KB 512, 2MB 255, 4MB 127, 1GB 0
May 28 07:43:25.812307 localhost kernel: Spectre V1 : Mitigation: usercopy/swapgs barriers and __user pointer sanitization
May 28 07:43:25.812314 localhost kernel: Spectre V2 : Mitigation: Retpolines
May 28 07:43:25.812319 localhost kernel: Spectre V2 : Spectre v2 / SpectreRSB mitigation: Filling RSB on context switch
May 28 07:43:25.812323 localhost kernel: Spectre V2 : Spectre v2 / SpectreRSB : Filling RSB on VMEXIT
May 28 07:43:25.812328 localhost kernel: Spectre V2 : Enabling Restricted Speculation for firmware calls
May 28 07:43:25.812333 localhost kernel: Spectre V2 : mitigation: Enabling conditional Indirect Branch Prediction Barrier
May 28 07:43:25.812338 localhost kernel: Speculative Store Bypass: Mitigation: Speculative Store Bypass disabled via prctl
May 28 07:43:25.812342 localhost kernel: Speculative Return Stack Overflow: IBPB-extending microcode not applied!
May 28 07:43:25.812348 localhost kernel: Speculative Return Stack Overflow: WARNING: See https://kernel.org/doc/html/latest/admin-guide/hw-vuln/srso.html for mitigation options.
May 28 07:43:25.812353 localhost kernel: Speculative Return Stack Overflow: Vulnerable: Safe RET, no microcode
May 28 07:43:25.812357 localhost kernel: x86/fpu: Supporting XSAVE feature 0x001: 'x87 floating point registers'
May 28 07:43:25.812362 localhost kernel: x86/fpu: Supporting XSAVE feature 0x002: 'SSE registers'
May 28 07:43:25.812369 localhost kernel: x86/fpu: Supporting XSAVE feature 0x004: 'AVX registers'
May 28 07:43:25.812374 localhost kernel: x86/fpu: Supporting XSAVE feature 0x200: 'Protection Keys User registers'
May 28 07:43:25.812379 localhost kernel: x86/fpu: xstate_offset[2]:  576, xstate_sizes[2]:  256
May 28 07:43:25.812384 localhost kernel: x86/fpu: xstate_offset[9]:  832, xstate_sizes[9]:    8
May 28 07:43:25.812388 localhost kernel: x86/fpu: Enabled xstate features 0x207, context size is 840 bytes, using 'compacted' format.
May 28 07:43:25.812393 localhost kernel: Freeing SMP alternatives memory: 40K
May 28 07:43:25.812398 localhost kernel: pid_max: default: 32768 minimum: 301
May 28 07:43:25.812403 localhost kernel: LSM: initializing lsm=lockdown,capability,landlock,yama,selinux,bpf,ima,evm
May 28 07:43:25.812407 localhost kernel: landlock: Up and running.
May 28 07:43:25.812412 localhost kernel: Yama: becoming mindful.
May 28 07:43:25.812416 localhost kernel: SELinux:  Initializing.
May 28 07:43:25.812421 localhost kernel: LSM support for eBPF active
May 28 07:43:25.812428 localhost kernel: Mount-cache hash table entries: 2048 (order: 2, 16384 bytes, linear)
May 28 07:43:25.812432 localhost kernel: Mountpoint-cache hash table entries: 2048 (order: 2, 16384 bytes, linear)
May 28 07:43:25.812437 localhost kernel: smpboot: CPU0: AMD EPYC 7543 32-Core Processor (family: 0x19, model: 0x1, stepping: 0x1)
May 28 07:43:25.812442 localhost kernel: Performance Events: Fam17h+ core perfctr, AMD PMU driver.
May 28 07:43:25.812447 localhost kernel: ... version:                0
May 28 07:43:25.812451 localhost kernel: ... bit width:              48
May 28 07:43:25.812456 localhost kernel: ... generic registers:      6
May 28 07:43:25.812461 localhost kernel: ... value mask:             0000ffffffffffff
May 28 07:43:25.812465 localhost kernel: ... max period:             00007fffffffffff
May 28 07:43:25.812470 localhost kernel: ... fixed-purpose events:   0
May 28 07:43:25.812474 localhost kernel: ... event mask:             000000000000003f
May 28 07:43:25.812479 localhost kernel: signal: max sigframe size: 3376
May 28 07:43:25.812485 localhost kernel: rcu: Hierarchical SRCU implementation.
May 28 07:43:25.812490 localhost kernel: rcu:         Max phase no-delay instances is 1000.
May 28 07:43:25.812495 localhost kernel: smp: Bringing up secondary CPUs ...
May 28 07:43:25.812499 localhost kernel: smp: Brought up 1 node, 1 CPU
May 28 07:43:25.812504 localhost kernel: smpboot: Total of 1 processors activated (5602.32 BogoMIPS)
May 28 07:43:25.812509 localhost kernel: node 0 deferred pages initialised in 4ms
May 28 07:43:25.812514 localhost kernel: devtmpfs: initialized
May 28 07:43:25.812518 localhost kernel: x86/mm: Memory block size: 128MB
May 28 07:43:25.812523 localhost kernel: ACPI: PM: Registering ACPI NVS region [mem 0x00800000-0x00807fff] (32768 bytes)
May 28 07:43:25.812528 localhost kernel: ACPI: PM: Registering ACPI NVS region [mem 0x0080b000-0x0080bfff] (4096 bytes)
May 28 07:43:25.812533 localhost kernel: ACPI: PM: Registering ACPI NVS region [mem 0x00810000-0x008fffff] (983040 bytes)
May 28 07:43:25.812537 localhost kernel: ACPI: PM: Registering ACPI NVS region [mem 0x3fb7f000-0x3fbfefff] (524288 bytes)
May 28 07:43:25.812544 localhost kernel: ACPI: PM: Registering ACPI NVS region [mem 0x3ff78000-0x3fffffff] (557056 bytes)
May 28 07:43:25.812549 localhost kernel: clocksource: jiffies: mask: 0xffffffff max_cycles: 0xffffffff, max_idle_ns: 6370867519511994 ns
May 28 07:43:25.812554 localhost kernel: futex hash table entries: 256 (order: 2, 16384 bytes, linear)
May 28 07:43:25.812558 localhost kernel: pinctrl core: initialized pinctrl subsystem
May 28 07:43:25.812563 localhost kernel: PM: RTC time: 07:43:25, date: 2024-05-28
May 28 07:43:25.812568 localhost kernel: NET: Registered PF_NETLINK/PF_ROUTE protocol family
May 28 07:43:25.812572 localhost kernel: DMA: preallocated 128 KiB GFP_KERNEL pool for atomic allocations
May 28 07:43:25.812577 localhost kernel: DMA: preallocated 128 KiB GFP_KERNEL|GFP_DMA pool for atomic allocations
May 28 07:43:25.812582 localhost kernel: DMA: preallocated 128 KiB GFP_KERNEL|GFP_DMA32 pool for atomic allocations
May 28 07:43:25.812586 localhost kernel: audit: initializing netlink subsys (disabled)
May 28 07:43:25.812591 localhost kernel: audit: type=2000 audit(1716882205.424:1): state=initialized audit_enabled=0 res=1
May 28 07:43:25.812598 localhost kernel: thermal_sys: Registered thermal governor 'fair_share'
May 28 07:43:25.812603 localhost kernel: thermal_sys: Registered thermal governor 'bang_bang'
May 28 07:43:25.812607 localhost kernel: thermal_sys: Registered thermal governor 'step_wise'
May 28 07:43:25.812612 localhost kernel: thermal_sys: Registered thermal governor 'user_space'
May 28 07:43:25.812617 localhost kernel: cpuidle: using governor ladder
May 28 07:43:25.812621 localhost kernel: cpuidle: using governor menu
May 28 07:43:25.812626 localhost kernel: acpiphp: ACPI Hot Plug PCI Controller Driver version: 0.5
May 28 07:43:25.812631 localhost kernel: PCI: Using configuration type 1 for base access
May 28 07:43:25.812636 localhost kernel: PCI: Using configuration type 1 for extended access
May 28 07:43:25.812640 localhost kernel: kprobes: kprobe jump-optimization is enabled. All kprobes are optimized if possible.
May 28 07:43:25.812645 localhost kernel: HugeTLB: registered 1.00 GiB page size, pre-allocated 0 pages
May 28 07:43:25.812650 localhost kernel: HugeTLB: 16380 KiB vmemmap can be freed for a 1.00 GiB page
May 28 07:43:25.812656 localhost kernel: HugeTLB: registered 2.00 MiB page size, pre-allocated 0 pages
May 28 07:43:25.812661 localhost kernel: HugeTLB: 28 KiB vmemmap can be freed for a 2.00 MiB page
May 28 07:43:25.812665 localhost kernel: Demotion targets for Node 0: null
May 28 07:43:25.812670 localhost kernel: ACPI: Added _OSI(Module Device)
May 28 07:43:25.812675 localhost kernel: ACPI: Added _OSI(Processor Device)
May 28 07:43:25.812679 localhost kernel: ACPI: Added _OSI(3.0 _SCP Extensions)
May 28 07:43:25.812684 localhost kernel: ACPI: Added _OSI(Processor Aggregator Device)
May 28 07:43:25.812689 localhost kernel: ACPI: 1 ACPI AML tables successfully acquired and loaded
May 28 07:43:25.812693 localhost kernel: ACPI: _OSC evaluation for CPUs failed, trying _PDC
May 28 07:43:25.812698 localhost kernel: ACPI: Interpreter enabled
May 28 07:43:25.812703 localhost kernel: ACPI: PM: (supports S0 S3 S4 S5)
May 28 07:43:25.812707 localhost kernel: ACPI: Using IOAPIC for interrupt routing
May 28 07:43:25.812714 localhost kernel: PCI: Using host bridge windows from ACPI; if necessary, use "pci=nocrs" and report a bug
May 28 07:43:25.812718 localhost kernel: PCI: Using E820 reservations for host bridge windows
May 28 07:43:25.812723 localhost kernel: ACPI: Enabled 2 GPEs in block 00 to 0F
May 28 07:43:25.812728 localhost kernel: ACPI: PCI Root Bridge [PCI0] (domain 0000 [bus 00-ff])
May 28 07:43:25.812895 localhost kernel: acpi PNP0A03:00: _OSC: OS supports [ExtendedConfig ASPM ClockPM Segments MSI EDR HPX-Type3]
May 28 07:43:25.812906 localhost kernel: acpiphp: Slot [3] registered
May 28 07:43:25.812911 localhost kernel: acpiphp: Slot [4] registered
May 28 07:43:25.812916 localhost kernel: acpiphp: Slot [5] registered
May 28 07:43:25.812920 localhost kernel: acpiphp: Slot [6] registered
May 28 07:43:25.812925 localhost kernel: acpiphp: Slot [7] registered
May 28 07:43:25.812932 localhost kernel: acpiphp: Slot [8] registered
May 28 07:43:25.812937 localhost kernel: acpiphp: Slot [9] registered
May 28 07:43:25.812942 localhost kernel: acpiphp: Slot [10] registered
May 28 07:43:25.812946 localhost kernel: acpiphp: Slot [11] registered
May 28 07:43:25.812951 localhost kernel: acpiphp: Slot [12] registered
May 28 07:43:25.812955 localhost kernel: acpiphp: Slot [13] registered
May 28 07:43:25.812960 localhost kernel: acpiphp: Slot [14] registered
May 28 07:43:25.812965 localhost kernel: acpiphp: Slot [15] registered
May 28 07:43:25.812969 localhost kernel: acpiphp: Slot [16] registered
May 28 07:43:25.812974 localhost kernel: acpiphp: Slot [17] registered
May 28 07:43:25.812979 localhost kernel: acpiphp: Slot [18] registered
May 28 07:43:25.812983 localhost kernel: acpiphp: Slot [19] registered
May 28 07:43:25.812988 localhost kernel: acpiphp: Slot [20] registered
May 28 07:43:25.812994 localhost kernel: acpiphp: Slot [21] registered
May 28 07:43:25.812999 localhost kernel: acpiphp: Slot [22] registered
May 28 07:43:25.813003 localhost kernel: acpiphp: Slot [23] registered
May 28 07:43:25.813008 localhost kernel: acpiphp: Slot [24] registered
May 28 07:43:25.813013 localhost kernel: acpiphp: Slot [25] registered
May 28 07:43:25.813017 localhost kernel: acpiphp: Slot [26] registered
May 28 07:43:25.813022 localhost kernel: acpiphp: Slot [27] registered
May 28 07:43:25.813026 localhost kernel: acpiphp: Slot [28] registered
May 28 07:43:25.813031 localhost kernel: acpiphp: Slot [29] registered
May 28 07:43:25.813036 localhost kernel: acpiphp: Slot [30] registered
May 28 07:43:25.813040 localhost kernel: acpiphp: Slot [31] registered
May 28 07:43:25.813045 localhost kernel: PCI host bridge to bus 0000:00
May 28 07:43:25.813161 localhost kernel: pci_bus 0000:00: root bus resource [io  0x0000-0x0cf7 window]
May 28 07:43:25.813258 localhost kernel: pci_bus 0000:00: root bus resource [io  0x0d00-0xffff window]
May 28 07:43:25.813350 localhost kernel: pci_bus 0000:00: root bus resource [mem 0x000a0000-0x000bffff window]
May 28 07:43:25.813442 localhost kernel: pci_bus 0000:00: root bus resource [mem 0x40000000-0xfebfffff window]
May 28 07:43:25.813533 localhost kernel: pci_bus 0000:00: root bus resource [mem 0x800000000-0x87fffffff window]
May 28 07:43:25.813628 localhost kernel: pci_bus 0000:00: root bus resource [bus 00-ff]
May 28 07:43:25.813747 localhost kernel: pci 0000:00:00.0: [8086:1237] type 00 class 0x060000 conventional PCI endpoint
May 28 07:43:25.813860 localhost kernel: pci 0000:00:01.0: [8086:7000] type 00 class 0x060100 conventional PCI endpoint
May 28 07:43:25.813976 localhost kernel: pci 0000:00:01.1: [8086:7010] type 00 class 0x010180 conventional PCI endpoint
May 28 07:43:25.814078 localhost kernel: pci 0000:00:01.1: BAR 4 [io  0xc140-0xc14f]
May 28 07:43:25.814178 localhost kernel: pci 0000:00:01.1: BAR 0 [io  0x01f0-0x01f7]: legacy IDE quirk
May 28 07:43:25.814277 localhost kernel: pci 0000:00:01.1: BAR 1 [io  0x03f6]: legacy IDE quirk
May 28 07:43:25.819273 localhost kernel: pci 0000:00:01.1: BAR 2 [io  0x0170-0x0177]: legacy IDE quirk
May 28 07:43:25.819389 localhost kernel: pci 0000:00:01.1: BAR 3 [io  0x0376]: legacy IDE quirk
May 28 07:43:25.819502 localhost kernel: pci 0000:00:01.3: [8086:7113] type 00 class 0x068000 conventional PCI endpoint
May 28 07:43:25.819608 localhost kernel: pci 0000:00:01.3: quirk: [io  0xb000-0xb03f] claimed by PIIX4 ACPI
May 28 07:43:25.819708 localhost kernel: pci 0000:00:01.3: quirk: [io  0xb100-0xb10f] claimed by PIIX4 SMB
May 28 07:43:25.819824 localhost kernel: pci 0000:00:02.0: [1234:1111] type 00 class 0x030000 conventional PCI endpoint
May 28 07:43:25.819926 localhost kernel: pci 0000:00:02.0: BAR 0 [mem 0x80000000-0x80ffffff pref]
May 28 07:43:25.820024 localhost kernel: pci 0000:00:02.0: BAR 2 [mem 0x81048000-0x81048fff]
May 28 07:43:25.820124 localhost kernel: pci 0000:00:02.0: ROM [mem 0xffff0000-0xffffffff pref]
May 28 07:43:25.820222 localhost kernel: pci 0000:00:02.0: Video device with shadowed ROM at [mem 0x000c0000-0x000dffff]
May 28 07:43:25.820332 localhost kernel: pci 0000:00:03.0: [8086:2668] type 00 class 0x040300 conventional PCI endpoint
May 28 07:43:25.820432 localhost kernel: pci 0000:00:03.0: BAR 0 [mem 0x81040000-0x81043fff]
May 28 07:43:25.820545 localhost kernel: pci 0000:00:04.0: [1af4:1000] type 00 class 0x020000 conventional PCI endpoint
May 28 07:43:25.820650 localhost kernel: pci 0000:00:04.0: BAR 0 [io  0xc120-0xc13f]
May 28 07:43:25.820753 localhost kernel: pci 0000:00:04.0: BAR 1 [mem 0x81047000-0x81047fff]
May 28 07:43:25.820875 localhost kernel: pci 0000:00:04.0: BAR 4 [mem 0x800000000-0x800003fff 64bit pref]
May 28 07:43:25.820978 localhost kernel: pci 0000:00:04.0: ROM [mem 0xfffc0000-0xffffffff pref]
May 28 07:43:25.827922 localhost kernel: pci 0000:00:05.0: [1af4:1005] type 00 class 0x00ff00 conventional PCI endpoint
May 28 07:43:25.828038 localhost kernel: pci 0000:00:05.0: BAR 0 [io  0xc100-0xc11f]
May 28 07:43:25.828141 localhost kernel: pci 0000:00:05.0: BAR 4 [mem 0x800004000-0x800007fff 64bit pref]
May 28 07:43:25.828253 localhost kernel: pci 0000:00:06.0: [1b36:000d] type 00 class 0x0c0330 conventional PCI endpoint
May 28 07:43:25.828356 localhost kernel: pci 0000:00:06.0: BAR 0 [mem 0x800014000-0x800017fff 64bit]
May 28 07:43:25.828471 localhost kernel: pci 0000:00:07.0: [1af4:1003] type 00 class 0x078000 conventional PCI endpoint
May 28 07:43:25.828572 localhost kernel: pci 0000:00:07.0: BAR 0 [io  0xc0c0-0xc0ff]
May 28 07:43:25.828672 localhost kernel: pci 0000:00:07.0: BAR 1 [mem 0x81046000-0x81046fff]
May 28 07:43:25.828775 localhost kernel: pci 0000:00:07.0: BAR 4 [mem 0x800008000-0x80000bfff 64bit pref]
May 28 07:43:25.828899 localhost kernel: pci 0000:00:08.0: [1af4:1004] type 00 class 0x010000 conventional PCI endpoint
May 28 07:43:25.829001 localhost kernel: pci 0000:00:08.0: BAR 0 [io  0xc080-0xc0bf]
May 28 07:43:25.829100 localhost kernel: pci 0000:00:08.0: BAR 1 [mem 0x81045000-0x81045fff]
May 28 07:43:25.829198 localhost kernel: pci 0000:00:08.0: BAR 4 [mem 0x80000c000-0x80000ffff 64bit pref]
May 28 07:43:25.829307 localhost kernel: pci 0000:00:09.0: [1af4:1001] type 00 class 0x010000 conventional PCI endpoint
May 28 07:43:25.829411 localhost kernel: pci 0000:00:09.0: BAR 0 [io  0xc000-0xc07f]
May 28 07:43:25.829510 localhost kernel: pci 0000:00:09.0: BAR 1 [mem 0x81044000-0x81044fff]
May 28 07:43:25.829608 localhost kernel: pci 0000:00:09.0: BAR 4 [mem 0x800010000-0x800013fff 64bit pref]
May 28 07:43:25.829625 localhost kernel: ACPI: PCI: Interrupt link LNKA configured for IRQ 10
May 28 07:43:25.829632 localhost kernel: ACPI: PCI: Interrupt link LNKB configured for IRQ 10
May 28 07:43:25.829637 localhost kernel: ACPI: PCI: Interrupt link LNKC configured for IRQ 11
May 28 07:43:25.829642 localhost kernel: ACPI: PCI: Interrupt link LNKD configured for IRQ 11
May 28 07:43:25.829647 localhost kernel: ACPI: PCI: Interrupt link LNKS configured for IRQ 9
May 28 07:43:25.829651 localhost kernel: iommu: Default domain type: Passthrough
May 28 07:43:25.829656 localhost kernel: pps_core: LinuxPPS API ver. 1 registered
May 28 07:43:25.829661 localhost kernel: pps_core: Software ver. 5.3.6 - Copyright 2005-2007 Rodolfo Giometti <giometti@linux.it>
May 28 07:43:25.829666 localhost kernel: PTP clock support registered
May 28 07:43:25.829671 localhost kernel: EDAC MC: Ver: 3.0.0
May 28 07:43:25.829676 localhost kernel: efivars: Registered efivars operations
May 28 07:43:25.829680 localhost kernel: NetLabel: Initializing
May 28 07:43:25.829685 localhost kernel: NetLabel:  domain hash size = 128
May 28 07:43:25.829691 localhost kernel: NetLabel:  protocols = UNLABELED CIPSOv4 CALIPSO
May 28 07:43:25.829696 localhost kernel: NetLabel:  unlabeled traffic allowed by default
May 28 07:43:25.829701 localhost kernel: mctp: management component transport protocol core
May 28 07:43:25.829706 localhost kernel: NET: Registered PF_MCTP protocol family
May 28 07:43:25.829710 localhost kernel: PCI: Using ACPI for IRQ routing
May 28 07:43:25.829717 localhost kernel: PCI: pci_cache_line_size set to 64 bytes
May 28 07:43:25.829722 localhost kernel: e820: reserve RAM buffer [mem 0x0080b000-0x008fffff]
May 28 07:43:25.829727 localhost kernel: e820: reserve RAM buffer [mem 0x00810000-0x008fffff]
May 28 07:43:25.829731 localhost kernel: e820: reserve RAM buffer [mem 0x3dbf7018-0x3fffffff]
May 28 07:43:25.829736 localhost kernel: e820: reserve RAM buffer [mem 0x3dc20018-0x3fffffff]
May 28 07:43:25.829741 localhost kernel: e820: reserve RAM buffer [mem 0x3dc55000-0x3fffffff]
May 28 07:43:25.829745 localhost kernel: e820: reserve RAM buffer [mem 0x3e769000-0x3fffffff]
May 28 07:43:25.829750 localhost kernel: e820: reserve RAM buffer [mem 0x3f8ef000-0x3fffffff]
May 28 07:43:25.829755 localhost kernel: e820: reserve RAM buffer [mem 0x3ff58000-0x3fffffff]
May 28 07:43:25.829854 localhost kernel: pci 0000:00:02.0: vgaarb: setting as boot VGA device
May 28 07:43:25.829957 localhost kernel: pci 0000:00:02.0: vgaarb: bridge control possible
May 28 07:43:25.830056 localhost kernel: pci 0000:00:02.0: vgaarb: VGA device added: decodes=io+mem,owns=io+mem,locks=none
May 28 07:43:25.830063 localhost kernel: vgaarb: loaded
May 28 07:43:25.830068 localhost kernel: hpet0: at MMIO 0xfed00000, IRQs 2, 8, 0
May 28 07:43:25.830073 localhost kernel: hpet0: 3 comparators, 64-bit 100.000000 MHz counter
May 28 07:43:25.830078 localhost kernel: clocksource: Switched to clocksource kvm-clock
May 28 07:43:25.830082 localhost kernel: VFS: Disk quotas dquot_6.6.0
May 28 07:43:25.830087 localhost kernel: VFS: Dquot-cache hash table entries: 512 (order 0, 4096 bytes)
May 28 07:43:25.830092 localhost kernel: pnp: PnP ACPI init
May 28 07:43:25.830202 localhost kernel: pnp 00:02: [dma 2]
May 28 07:43:25.830211 localhost kernel: pnp: PnP ACPI: found 6 devices
May 28 07:43:25.830218 localhost kernel: clocksource: acpi_pm: mask: 0xffffff max_cycles: 0xffffff, max_idle_ns: 2085701024 ns
May 28 07:43:25.830223 localhost kernel: NET: Registered PF_INET protocol family
May 28 07:43:25.830228 localhost kernel: IP idents hash table entries: 16384 (order: 5, 131072 bytes, linear)
May 28 07:43:25.830233 localhost kernel: tcp_listen_portaddr_hash hash table entries: 512 (order: 1, 8192 bytes, linear)
May 28 07:43:25.830238 localhost kernel: Table-perturb hash table entries: 65536 (order: 6, 262144 bytes, linear)
May 28 07:43:25.830243 localhost kernel: TCP established hash table entries: 8192 (order: 4, 65536 bytes, linear)
May 28 07:43:25.830248 localhost kernel: TCP bind hash table entries: 8192 (order: 6, 262144 bytes, linear)
May 28 07:43:25.830252 localhost kernel: TCP: Hash tables configured (established 8192 bind 8192)
May 28 07:43:25.830257 localhost kernel: MPTCP token hash table entries: 1024 (order: 2, 24576 bytes, linear)
May 28 07:43:25.830262 localhost kernel: UDP hash table entries: 512 (order: 2, 16384 bytes, linear)
May 28 07:43:25.830267 localhost kernel: UDP-Lite hash table entries: 512 (order: 2, 16384 bytes, linear)
May 28 07:43:25.830273 localhost kernel: NET: Registered PF_UNIX/PF_LOCAL protocol family
May 28 07:43:25.830278 localhost kernel: NET: Registered PF_XDP protocol family
May 28 07:43:25.830378 localhost kernel: pci 0000:00:04.0: ROM [mem 0xfffc0000-0xffffffff pref]: can't claim; no compatible bridge window
May 28 07:43:25.830478 localhost kernel: pci 0000:00:04.0: ROM [mem 0x40000000-0x4003ffff pref]: assigned
May 28 07:43:25.830573 localhost kernel: pci_bus 0000:00: resource 4 [io  0x0000-0x0cf7 window]
May 28 07:43:25.830663 localhost kernel: pci_bus 0000:00: resource 5 [io  0x0d00-0xffff window]
May 28 07:43:25.830753 localhost kernel: pci_bus 0000:00: resource 6 [mem 0x000a0000-0x000bffff window]
May 28 07:43:25.830843 localhost kernel: pci_bus 0000:00: resource 7 [mem 0x40000000-0xfebfffff window]
May 28 07:43:25.830933 localhost kernel: pci_bus 0000:00: resource 8 [mem 0x800000000-0x87fffffff window]
May 28 07:43:25.837809 localhost kernel: pci 0000:00:01.0: PIIX3: Enabling Passive Release
May 28 07:43:25.837927 localhost kernel: pci 0000:00:00.0: Limiting direct PCI/PCI transfers
May 28 07:43:25.837940 localhost kernel: ACPI: \_SB_.LNKB: Enabled at IRQ 10
May 28 07:43:25.838044 localhost kernel: pci 0000:00:06.0: quirk_usb_early_handoff+0x0/0x710 took 72177 usecs
May 28 07:43:25.838053 localhost kernel: PCI: CLS 0 bytes, default 64
May 28 07:43:25.838058 localhost kernel: clocksource: tsc: mask: 0xffffffffffffffff max_cycles: 0x285c3ee517e, max_idle_ns: 440795257231 ns
May 28 07:43:25.838063 localhost kernel: Initialise system trusted keyrings
May 28 07:43:25.838068 localhost kernel: Key type blacklist registered
May 28 07:43:25.838073 localhost kernel: Trying to unpack rootfs image as initramfs...
May 28 07:43:25.838078 localhost kernel: workingset: timestamp_bits=36 max_order=18 bucket_order=0
May 28 07:43:25.838083 localhost kernel: zbud: loaded
May 28 07:43:25.838087 localhost kernel: integrity: Platform Keyring initialized
May 28 07:43:25.838092 localhost kernel: integrity: Machine keyring initialized
May 28 07:43:25.838099 localhost kernel: Key type asymmetric registered
May 28 07:43:25.838104 localhost kernel: Asymmetric key parser 'x509' registered
May 28 07:43:25.838109 localhost kernel: Freeing initrd memory: 21828K
May 28 07:43:25.838114 localhost kernel: Block layer SCSI generic (bsg) driver version 0.4 loaded (major 247)
May 28 07:43:25.838119 localhost kernel: io scheduler mq-deadline registered
May 28 07:43:25.838124 localhost kernel: io scheduler kyber registered
May 28 07:43:25.838128 localhost kernel: io scheduler bfq registered
May 28 07:43:25.838133 localhost kernel: shpchp: Standard Hot Plug PCI Controller Driver version: 0.4
May 28 07:43:25.838138 localhost kernel: ACPI: \_SB_.LNKD: Enabled at IRQ 11
May 28 07:43:25.838143 localhost kernel: ACPI: \_SB_.LNKA: Enabled at IRQ 10
May 28 07:43:25.838148 localhost kernel: ACPI: \_SB_.LNKC: Enabled at IRQ 11
May 28 07:43:25.838153 localhost kernel: Serial: 8250/16550 driver, 32 ports, IRQ sharing enabled
May 28 07:43:25.838159 localhost kernel: 00:04: ttyS0 at I/O 0x3f8 (irq = 4, base_baud = 115200) is a 16550A
May 28 07:43:25.838164 localhost kernel: Non-volatile memory driver v1.3
May 28 07:43:25.838169 localhost kernel: Linux agpgart interface v0.103
May 28 07:43:25.838174 localhost kernel: ACPI: bus type drm_connector registered
May 28 07:43:25.838178 localhost kernel: i8042: PNP: PS/2 Controller [PNP0303:KBD,PNP0f13:MOU] at 0x60,0x64 irq 1,12
May 28 07:43:25.838183 localhost kernel: serio: i8042 KBD port at 0x60,0x64 irq 1
May 28 07:43:25.838188 localhost kernel: serio: i8042 AUX port at 0x60,0x64 irq 12
May 28 07:43:25.838193 localhost kernel: mousedev: PS/2 mouse device common for all mice
May 28 07:43:25.838198 localhost kernel: input: AT Translated Set 2 keyboard as /devices/platform/i8042/serio0/input/input0
May 28 07:43:25.838202 localhost kernel: input: VirtualPS/2 VMware VMMouse as /devices/platform/i8042/serio1/input/input3
May 28 07:43:25.838207 localhost kernel: input: VirtualPS/2 VMware VMMouse as /devices/platform/i8042/serio1/input/input2
May 28 07:43:25.838316 localhost kernel: rtc_cmos 00:05: RTC can wake from S4
May 28 07:43:25.838417 localhost kernel: rtc_cmos 00:05: registered as rtc0
May 28 07:43:25.838511 localhost kernel: rtc_cmos 00:05: setting system clock to 2024-05-28T07:43:25 UTC (1716882205)
May 28 07:43:25.838606 localhost kernel: rtc_cmos 00:05: alarms up to one day, y3k, 242 bytes nvram, hpet irqs
May 28 07:43:25.838613 localhost kernel: amd_pstate: the _CPC object is not present in SBIOS or ACPI disabled
May 28 07:43:25.838618 localhost kernel: ledtrig-cpu: registered to indicate activity on CPUs
May 28 07:43:25.838623 localhost kernel: [drm] Initialized simpledrm 1.0.0 20200625 for simple-framebuffer.0 on minor 0
May 28 07:43:25.838628 localhost kernel: Console: switching to colour frame buffer device 128x48
May 28 07:43:25.838743 localhost kernel: simple-framebuffer simple-framebuffer.0: [drm] fb0: simpledrmdrmfb frame buffer device
May 28 07:43:25.838751 localhost kernel: hid: raw HID events driver (C) Jiri Kosina
May 28 07:43:25.838759 localhost kernel: drop_monitor: Initializing network drop monitor service
May 28 07:43:25.838763 localhost kernel: NET: Registered PF_INET6 protocol family
May 28 07:43:25.838768 localhost kernel: Segment Routing with IPv6
May 28 07:43:25.838773 localhost kernel: RPL Segment Routing with IPv6
May 28 07:43:25.838778 localhost kernel: In-situ OAM (IOAM) with IPv6
May 28 07:43:25.838782 localhost kernel: IPI shorthand broadcast: enabled
May 28 07:43:25.838787 localhost kernel: sched_clock: Marking stable (586670164, -1188022)->(612382618, -26900476)
May 28 07:43:25.838792 localhost kernel: registered taskstats version 1
May 28 07:43:25.838797 localhost kernel: Loading compiled-in X.509 certificates
May 28 07:43:25.838802 localhost kernel: Loaded X.509 cert 'openSUSE Secure Boot Signkey: fd9f2c12e599d67cc7f9067541adf426b712469e'
May 28 07:43:25.838807 localhost kernel: page_owner is disabled
May 28 07:43:25.838811 localhost kernel: Key type .fscrypt registered
May 28 07:43:25.838818 localhost kernel: Key type fscrypt-provisioning registered
May 28 07:43:25.838823 localhost kernel: Key type encrypted registered
May 28 07:43:25.838827 localhost kernel: integrity: Loading X.509 certificate: UEFI:db
May 28 07:43:25.838832 localhost kernel: integrity: Loaded X.509 cert 'Microsoft Windows Production PCA 2011: a92902398e16c49778cd90f99e4f9ae17c55af53'
May 28 07:43:25.838837 localhost kernel: integrity: Loading X.509 certificate: UEFI:db
May 28 07:43:25.838842 localhost kernel: integrity: Loaded X.509 cert 'Microsoft Corporation UEFI CA 2011: 13adbf4309bd82709c8cd54f316ed522988a1bd4'
May 28 07:43:25.838847 localhost kernel: integrity: Loading X.509 certificate: UEFI:MokListRT (MOKvar table)
May 28 07:43:25.838852 localhost kernel: integrity: Loaded X.509 cert 'openSUSE Secure Boot CA: 6842600de22c4c477e95be23dfea9513e5971762'
May 28 07:43:25.838856 localhost kernel: ima: No TPM chip found, activating TPM-bypass!
May 28 07:43:25.838861 localhost kernel: Loading compiled-in module X.509 certificates
May 28 07:43:25.838866 localhost kernel: Loaded X.509 cert 'openSUSE Secure Boot Signkey: fd9f2c12e599d67cc7f9067541adf426b712469e'
May 28 07:43:25.838871 localhost kernel: ima: Allocated hash algorithm: sha256
May 28 07:43:25.838877 localhost kernel: evm: Initialising EVM extended attributes:
May 28 07:43:25.838882 localhost kernel: evm: security.selinux
May 28 07:43:25.838887 localhost kernel: evm: security.SMACK64 (disabled)
May 28 07:43:25.838891 localhost kernel: evm: security.SMACK64EXEC (disabled)
May 28 07:43:25.838896 localhost kernel: evm: security.SMACK64TRANSMUTE (disabled)
May 28 07:43:25.838901 localhost kernel: evm: security.SMACK64MMAP (disabled)
May 28 07:43:25.838906 localhost kernel: evm: security.apparmor
May 28 07:43:25.838911 localhost kernel: evm: security.ima
May 28 07:43:25.838915 localhost kernel: evm: security.capability
May 28 07:43:25.838920 localhost kernel: evm: HMAC attrs: 0x1
May 28 07:43:25.838925 localhost kernel: audit: type=1807 audit(1716882205.543:2): action=measure func=KEXEC_KERNEL_CHECK res=1
May 28 07:43:25.838930 localhost kernel: audit: type=1807 audit(1716882205.543:3): action=measure func=MODULE_CHECK res=1
May 28 07:43:25.838936 localhost kernel: PM:   Magic number: 8:523:724
May 28 07:43:25.838941 localhost kernel: RAS: Correctable Errors collector initialized.
May 28 07:43:25.838946 localhost kernel: Lockdown: swapper/0: hibernation is restricted; see man kernel_lockdown.7
May 28 07:43:25.838950 localhost kernel: clk: Disabling unused clocks
May 28 07:43:25.838955 localhost kernel: PM: genpd: Disabling unused power domains
May 28 07:43:25.838960 localhost kernel: Freeing unused decrypted memory: 2028K
May 28 07:43:25.838964 localhost kernel: Freeing unused kernel image (initmem) memory: 4224K
May 28 07:43:25.838969 localhost kernel: Write protecting the kernel read-only data: 30720k
May 28 07:43:25.838974 localhost kernel: Freeing unused kernel image (rodata/data gap) memory: 1316K
May 28 07:43:25.838979 localhost kernel: Run /init as init process
May 28 07:43:25.838983 localhost kernel:   with arguments:
May 28 07:43:25.838988 localhost kernel:     /init
May 28 07:43:25.838994 localhost kernel:   with environment:
May 28 07:43:25.838999 localhost kernel:     HOME=/
May 28 07:43:25.839004 localhost kernel:     TERM=linux
May 28 07:43:25.839009 localhost kernel:     BOOT_IMAGE=/boot/vmlinuz-6.9.1-1-default
May 28 07:43:25.839013 localhost kernel:     splash=silent
May 28 07:43:25.839020 localhost systemd[1]: systemd 255.6+suse.30.g3ea0e1dff3 running in system mode (+PAM +AUDIT +SELINUX +APPARMOR +IMA -SMACK +SECCOMP +GCRYPT +GNUTLS +OPENSSL +ACL +BLKID +CURL +ELFUTILS +FIDO2 +IDN2 -IDN +IPTC +KMOD +LIBCRYPTSETUP +LIBFDISK +PCRE2 +PWQUALITY +P11KIT +QRENCODE +TPM2 +BZIP2 +LZ4 +XZ +ZLIB +ZSTD +BPF_FRAMEWORK -XKBCOMMON -UTMP +SYSVINIT default-hierarchy=unified)
May 28 07:43:25.839027 localhost systemd[1]: Detected virtualization kvm.
May 28 07:43:25.839033 localhost systemd[1]: Detected architecture x86-64.
May 28 07:43:25.839038 localhost systemd[1]: Running in initrd.
May 28 07:43:25.839044 localhost systemd[1]: No hostname configured, using default hostname.
May 28 07:43:25.839051 localhost systemd[1]: Hostname set to <localhost>.
May 28 07:43:25.839056 localhost systemd[1]: Initializing machine ID from random generator.
May 28 07:43:25.839061 localhost systemd[1]: Queued start job for default target Initrd Default Target.
May 28 07:43:25.839067 localhost systemd[1]: Started Dispatch Password Requests to Console Directory Watch.
May 28 07:43:25.839072 localhost systemd[1]: Expecting device /dev/disk/by-uuid/8AF0-9686...
May 28 07:43:25.839077 localhost systemd[1]: Expecting device /dev/disk/by-uuid/8f1d82a0-a778-433e-95ee-54d821be177a...
May 28 07:43:25.839083 localhost systemd[1]: Expecting device /dev/disk/by-uuid/e39da9d8-a8b7-464b-9613-b228a5f5ac1d...
May 28 07:43:25.839088 localhost systemd[1]: Reached target Initrd /usr File System.
May 28 07:43:25.839093 localhost systemd[1]: Reached target Path Units.
May 28 07:43:25.839099 localhost systemd[1]: Reached target Slice Units.
May 28 07:43:25.839105 localhost systemd[1]: Reached target Swaps.
May 28 07:43:25.839111 localhost systemd[1]: Reached target Timer Units.
May 28 07:43:25.839116 localhost systemd[1]: Listening on Journal Socket (/dev/log).
May 28 07:43:25.839121 localhost systemd[1]: Listening on Journal Socket.
May 28 07:43:25.839126 localhost systemd[1]: Listening on udev Control Socket.
May 28 07:43:25.839132 localhost systemd[1]: Listening on udev Kernel Socket.
May 28 07:43:25.839137 localhost systemd[1]: Reached target Socket Units.
May 28 07:43:25.839142 localhost systemd[1]: Starting Create List of Static Device Nodes...
May 28 07:43:25.839147 localhost systemd[1]: Starting Journal Service...
May 28 07:43:25.839152 localhost systemd[1]: Load Kernel Modules was skipped because no trigger condition checks were met.
May 28 07:43:25.839157 localhost systemd[1]: Starting Apply Kernel Variables...
May 28 07:43:25.839163 localhost systemd[1]: Starting Virtual Console Setup...
May 28 07:43:25.839169 localhost systemd[1]: Finished Create List of Static Device Nodes.
May 28 07:43:25.839175 localhost systemd[1]: Starting Create Static Device Nodes in /dev gracefully...
May 28 07:43:25.839180 localhost systemd[1]: Finished Apply Kernel Variables.
May 28 07:43:25.839203 localhost systemd-journald[172]: Collecting audit messages is disabled.
May 28 07:43:25.839217 localhost systemd[1]: Finished Create Static Device Nodes in /dev gracefully.
May 28 07:43:25.839225 localhost systemd[1]: Starting Create Static Device Nodes in /dev...
May 28 07:43:25.839234 localhost systemd-journald[172]: Journal started
May 28 07:43:25.839247 localhost systemd-journald[172]: Runtime Journal (/run/log/journal/26f43bbeb21849cf873d51a5452bdf03) is 2.4M, max 19.2M, 16.8M free.
May 28 07:43:25.841400 localhost systemd[1]: Started Journal Service.
May 28 07:43:25.844882 localhost systemd[1]: Finished Create Static Device Nodes in /dev.
May 28 07:43:25.844981 localhost systemd[1]: Reached target Preparation for Local File Systems.
May 28 07:43:25.845013 localhost systemd[1]: Reached target Local File Systems.
May 28 07:43:25.854431 localhost systemd[1]: Starting Create Volatile Files and Directories...
May 28 07:43:25.864560 localhost systemd[1]: Finished Create Volatile Files and Directories.
May 28 07:43:25.871664 localhost systemd[1]: Finished Virtual Console Setup.
May 28 07:43:25.884451 localhost systemd[1]: Starting dracut ask for additional cmdline parameters...
May 28 07:43:25.895939 localhost systemd[1]: Finished dracut ask for additional cmdline parameters.
May 28 07:43:25.904505 localhost systemd[1]: Starting dracut cmdline hook...
May 28 07:43:25.914422 localhost dracut-cmdline[206]: dracut-059+suse.588.g528264be-1.1
May 28 07:43:25.917235 localhost dracut-cmdline[206]: Using kernel command line parameters:  rd.driver.pre=btrfs rd.driver.pre=overlay root=UUID=e39da9d8-a8b7-464b-9613-b228a5f5ac1d rootfstype=btrfs rootflags=rw,relatime,discard=async,space_cache=v2,subvolid=266,subvol=/@/.snapshots/1/snapshot,subvol=@/.snapshots/1/snapshot   BOOT_IMAGE=/boot/vmlinuz-6.9.1-1-default root=UUID=e39da9d8-a8b7-464b-9613-b228a5f5ac1d rd.timeout=60 rd.retry=45 splash=silent console=ttyS0 console=tty swapaccount=1 quiet security=selinux selinux=1 enforcing=1 mitigations=auto
May 28 07:43:25.963398 localhost systemd[1]: Finished dracut cmdline hook.
May 28 07:43:25.974501 localhost systemd[1]: Starting dracut pre-udev hook...
May 28 07:43:26.217792 localhost kernel: raid6: avx2x4   gen() 25905 MB/s
May 28 07:43:26.217849 localhost kernel: raid6: avx2x2   gen() 41805 MB/s
May 28 07:43:26.217868 localhost kernel: raid6: avx2x1   gen() 29558 MB/s
May 28 07:43:26.217876 localhost kernel: raid6: using algorithm avx2x2 gen() 41805 MB/s
May 28 07:43:26.217882 localhost kernel: raid6: .... xor() 32485 MB/s, rmw enabled
May 28 07:43:26.217889 localhost kernel: raid6: using avx2x2 recovery algorithm
May 28 07:43:26.221055 localhost kernel: xor: automatically using best checksumming function   avx       
May 28 07:43:26.324359 localhost kernel: Btrfs loaded, assert=on, zoned=yes, fsverity=yes
May 28 07:43:26.340398 localhost systemd[1]: Finished dracut pre-udev hook.
May 28 07:43:26.354507 localhost systemd[1]: Starting Rule-based Manager for Device Events and Files...
May 28 07:43:26.370758 localhost systemd-udevd[310]: Using default interface naming scheme 'v255'.
May 28 07:43:26.372902 localhost systemd[1]: Started Rule-based Manager for Device Events and Files.
May 28 07:43:26.373048 localhost systemd[1]: dracut pre-trigger hook was skipped because no trigger condition checks were met.
May 28 07:43:26.384496 localhost systemd[1]: Starting Coldplug All udev Devices...
May 28 07:43:26.466887 localhost systemd[1]: Finished Coldplug All udev Devices.
May 28 07:43:26.466987 localhost systemd[1]: Reached target System Initialization.
May 28 07:43:26.467000 localhost systemd[1]: Reached target Basic System.
May 28 07:43:26.481103 localhost systemd[1]: Starting dracut initqueue hook...
May 28 07:43:26.584877 localhost kernel: virtio_blk virtio4: 1/0/0 default/read/poll queues
May 28 07:43:26.585120 localhost kernel: virtio_blk virtio4: [vda] 41943040 512-byte logical blocks (21.5 GB/20.0 GiB)
May 28 07:43:26.607756 localhost kernel: FDC 0 is a S82078B
May 28 07:43:26.638883 localhost kernel: cryptd: max_cpu_qlen set to 1000
May 28 07:43:26.641017 localhost kernel: SCSI subsystem initialized
May 28 07:43:26.647715 localhost kernel: Console: switching to colour dummy device 80x25
May 28 07:43:26.647740 localhost kernel: AVX2 version of gcm_enc/dec engaged.
May 28 07:43:26.647751 localhost kernel: AES CTR mode by8 optimization enabled
May 28 07:43:26.661068 localhost kernel: bochs-drm 0000:00:02.0: vgaarb: deactivate vga console
May 28 07:43:26.661275 localhost kernel: [drm] Found bochs VGA, ID 0xb0c5.
May 28 07:43:26.661285 localhost kernel: [drm] Framebuffer size 16384 kB @ 0x80000000, mmio @ 0x81048000.
May 28 07:43:26.664374 localhost kernel: [drm] Found EDID data blob.
May 28 07:43:26.671032 localhost kernel:  vda: vda1 vda2 vda3
May 28 07:43:26.712329 localhost kernel: [drm] Initialized bochs-drm 1.0.0 20130925 for 0000:00:02.0 on minor 0
May 28 07:43:26.712385 localhost kernel: fbcon: bochs-drmdrmfb (fb0) is primary device
May 28 07:43:26.726161 localhost kernel: ACPI: bus type USB registered
May 28 07:43:26.726180 localhost kernel: usbcore: registered new interface driver usbfs
May 28 07:43:26.726188 localhost kernel: usbcore: registered new interface driver hub
May 28 07:43:26.726196 localhost kernel: usbcore: registered new device driver usb
May 28 07:43:26.732723 localhost systemd[1]: systemd-vconsole-setup.service: Deactivated successfully.
May 28 07:43:26.734890 localhost systemd[1]: Stopped Virtual Console Setup.
May 28 07:43:26.734937 localhost systemd[1]: Stopping Virtual Console Setup...
May 28 07:43:26.761014 localhost kernel: virtio_scsi virtio3: 1/0/0 default/read/poll queues
May 28 07:43:26.761190 localhost kernel: scsi host0: Virtio SCSI HBA
May 28 07:43:26.774617 localhost kernel: libata version 3.00 loaded.
May 28 07:43:26.774908 localhost systemd[1]: Starting Virtual Console Setup...
May 28 07:43:26.784362 localhost kernel: ata_piix 0000:00:01.1: version 2.13
May 28 07:43:26.794368 localhost kernel: scsi 0:0:0:0: CD-ROM            QEMU     QEMU CD-ROM      2.5+ PQ: 0 ANSI: 5
May 28 07:43:26.807699 localhost kernel: scsi host1: ata_piix
May 28 07:43:26.814746 localhost kernel: scsi host2: ata_piix
May 28 07:43:26.814906 localhost kernel: ata1: PATA max MWDMA2 cmd 0x1f0 ctl 0x3f6 bmdma 0xc140 irq 14 lpm-pol 0
May 28 07:43:26.814915 localhost kernel: ata2: PATA max MWDMA2 cmd 0x170 ctl 0x376 bmdma 0xc148 irq 15 lpm-pol 0
May 28 07:43:26.843653 localhost systemd[1]: Found device /dev/disk/by-uuid/8AF0-9686.
May 28 07:43:26.871417 localhost kernel: Console: switching to colour frame buffer device 128x48
May 28 07:43:26.882810 localhost systemd[1]: Found device /dev/disk/by-uuid/e39da9d8-a8b7-464b-9613-b228a5f5ac1d.
May 28 07:43:26.887719 localhost kernel: xhci_hcd 0000:00:06.0: xHCI Host Controller
May 28 07:43:26.887902 localhost kernel: xhci_hcd 0000:00:06.0: new USB bus registered, assigned bus number 1
May 28 07:43:26.888043 localhost kernel: xhci_hcd 0000:00:06.0: hcc params 0x00087001 hci version 0x100 quirks 0x0000000000000010
May 28 07:43:26.889662 localhost systemd[1]: Found device /dev/disk/by-uuid/8f1d82a0-a778-433e-95ee-54d821be177a.
May 28 07:43:26.891115 localhost systemd[1]: Reached target Initrd Root Device.
May 28 07:43:26.901095 localhost kernel: xhci_hcd 0000:00:06.0: xHCI Host Controller
May 28 07:43:26.901249 localhost kernel: xhci_hcd 0000:00:06.0: new USB bus registered, assigned bus number 2
May 28 07:43:26.901372 localhost kernel: xhci_hcd 0000:00:06.0: Host supports USB 3.0 SuperSpeed
May 28 07:43:26.901490 localhost kernel: usb usb1: New USB device found, idVendor=1d6b, idProduct=0002, bcdDevice= 6.09
May 28 07:43:26.901617 localhost kernel: usb usb1: New USB device strings: Mfr=3, Product=2, SerialNumber=1
May 28 07:43:26.901726 localhost kernel: usb usb1: Product: xHCI Host Controller
May 28 07:43:26.901828 localhost kernel: usb usb1: Manufacturer: Linux 6.9.1-1-default xhci-hcd
May 28 07:43:26.901929 localhost kernel: usb usb1: SerialNumber: 0000:00:06.0
May 28 07:43:26.902030 localhost kernel: hub 1-0:1.0: USB hub found
May 28 07:43:26.902162 localhost kernel: hub 1-0:1.0: 4 ports detected
May 28 07:43:26.902279 localhost kernel: usb usb2: We don't know the algorithms for LPM for this host, disabling LPM.
May 28 07:43:26.902409 localhost kernel: usb usb2: New USB device found, idVendor=1d6b, idProduct=0003, bcdDevice= 6.09
May 28 07:43:26.902516 localhost kernel: usb usb2: New USB device strings: Mfr=3, Product=2, SerialNumber=1
May 28 07:43:26.902621 localhost kernel: usb usb2: Product: xHCI Host Controller
May 28 07:43:26.902723 localhost kernel: usb usb2: Manufacturer: Linux 6.9.1-1-default xhci-hcd
May 28 07:43:26.902824 localhost kernel: usb usb2: SerialNumber: 0000:00:06.0
May 28 07:43:26.904385 localhost kernel: scsi 0:0:0:0: Attached scsi generic sg0 type 5
May 28 07:43:26.917712 localhost kernel: hub 2-0:1.0: USB hub found
May 28 07:43:26.917873 localhost kernel: hub 2-0:1.0: 4 ports detected
May 28 07:43:26.921203 localhost kernel: sr 0:0:0:0: Power-on or device reset occurred
May 28 07:43:26.924650 localhost kernel: sr 0:0:0:0: [sr0] scsi3-mmc drive: 16x/50x cd/rw xa/form2 cdda tray
May 28 07:43:26.924827 localhost kernel: cdrom: Uniform CD-ROM driver Revision: 3.20
May 28 07:43:26.924841 localhost kernel: sr 0:0:0:0: Attached scsi CD-ROM sr0
May 28 07:43:27.044812 localhost kernel: bochs-drm 0000:00:02.0: [drm] fb0: bochs-drmdrmfb frame buffer device
May 28 07:43:27.045255 localhost systemd[1]: systemd-vconsole-setup.service: Deactivated successfully.
May 28 07:43:27.045407 localhost systemd[1]: Stopped Virtual Console Setup.
May 28 07:43:27.059504 localhost systemd[1]: Starting Virtual Console Setup...
May 28 07:43:27.196744 localhost systemd[1]: Finished Virtual Console Setup.
May 28 07:43:27.254429 localhost kernel: usb 1-1: new high-speed USB device number 2 using xhci_hcd
May 28 07:43:27.257515 localhost systemd[1]: Finished dracut initqueue hook.
May 28 07:43:27.258017 localhost systemd[1]: Reached target Preparation for Remote File Systems.
May 28 07:43:27.258280 localhost systemd[1]: Reached target Remote File Systems.
May 28 07:43:27.271160 localhost systemd[1]: Starting dracut pre-mount hook...
May 28 07:43:27.281375 localhost systemd[1]: Finished dracut pre-mount hook.
May 28 07:43:27.284473 localhost systemd[1]: Starting File System Check on /dev/disk/by-uuid/e39da9d8-a8b7-464b-9613-b228a5f5ac1d...
May 28 07:43:27.297461 localhost systemd[1]: Finished File System Check on /dev/disk/by-uuid/e39da9d8-a8b7-464b-9613-b228a5f5ac1d.
May 28 07:43:27.311071 localhost systemd[1]: Mounting /sysroot...
May 28 07:43:27.317808 localhost kernel: BTRFS: device fsid e39da9d8-a8b7-464b-9613-b228a5f5ac1d devid 1 transid 47 /dev/vda2 (254:2) scanned by mount (449)
May 28 07:43:27.317830 localhost kernel: BTRFS info (device vda2): first mount of filesystem e39da9d8-a8b7-464b-9613-b228a5f5ac1d
May 28 07:43:27.317839 localhost kernel: BTRFS info (device vda2): using crc32c (crc32c-intel) checksum algorithm
May 28 07:43:27.317845 localhost kernel: BTRFS info (device vda2): using free-space-tree
May 28 07:43:27.320371 localhost systemd[1]: Mounted /sysroot.
May 28 07:43:27.320809 localhost systemd[1]: Reached target Initrd Root File System.
May 28 07:43:27.334501 localhost systemd[1]: Starting Mountpoints Configured in the Real Root...
May 28 07:43:27.340219 localhost systemd-sysroot-fstab-check[466]: /sysroot/root should be mounted in the initrd, will request daemon-reload.
May 28 07:43:27.342483 localhost systemd[1]: Reloading requested from client PID 466 ('systemd-fstab-g') (unit initrd-parse-etc.service)...
May 28 07:43:27.342540 localhost systemd[1]: Reloading...
May 28 07:43:27.394364 localhost kernel: usb 1-1: New USB device found, idVendor=0627, idProduct=0001, bcdDevice= 0.00
May 28 07:43:27.394619 localhost kernel: usb 1-1: New USB device strings: Mfr=1, Product=3, SerialNumber=10
May 28 07:43:27.394781 localhost kernel: usb 1-1: Product: QEMU USB Tablet
May 28 07:43:27.394930 localhost kernel: usb 1-1: Manufacturer: QEMU
May 28 07:43:27.395080 localhost kernel: usb 1-1: SerialNumber: 28754-0000:00:06.0-1
May 28 07:43:27.404381 localhost kernel: usbcore: registered new interface driver usbhid
May 28 07:43:27.404401 localhost kernel: usbhid: USB HID core driver
May 28 07:43:27.404410 localhost kernel: input: QEMU QEMU USB Tablet as /devices/pci0000:00/0000:00:06.0/usb1/1-1/1-1:1.0/0003:0627:0001.0001/input/input4
May 28 07:43:27.404418 localhost kernel: hid-generic 0003:0627:0001.0001: input,hidraw0: USB HID v0.01 Mouse [QEMU QEMU USB Tablet] on usb-0000:00:06.0-1/input0
May 28 07:43:27.462271 localhost systemd[1]: Reloading finished in 119 ms.
May 28 07:43:27.466155 localhost systemd-sysroot-fstab-check[466]: Requesting initrd-fs.target/start/replace...
May 28 07:43:27.466423 localhost systemd-sysroot-fstab-check[466]: Requesting swap.target/start/replace...
May 28 07:43:27.484513 localhost systemd[1]: Mounting /sysroot/root...
May 28 07:43:27.489452 localhost systemd[1]: Mounting /sysroot/var...
May 28 07:43:27.495102 localhost systemd[1]: initrd-parse-etc.service: Deactivated successfully.
May 28 07:43:27.495284 localhost systemd[1]: Finished Mountpoints Configured in the Real Root.
May 28 07:43:27.498310 localhost systemd[1]: dracut mount hook was skipped because no trigger condition checks were met.
May 28 07:43:27.499696 localhost systemd[1]: Mounted /sysroot/root.
May 28 07:43:27.501394 localhost kernel: BTRFS: device fsid 8f1d82a0-a778-433e-95ee-54d821be177a devid 1 transid 21 /dev/vda3 (254:3) scanned by mount (503)
May 28 07:43:27.501415 localhost kernel: BTRFS info (device vda3): first mount of filesystem 8f1d82a0-a778-433e-95ee-54d821be177a
May 28 07:43:27.501424 localhost kernel: BTRFS info (device vda3): using crc32c (crc32c-intel) checksum algorithm
May 28 07:43:27.501431 localhost kernel: BTRFS info (device vda3): using free-space-tree
May 28 07:43:27.504924 localhost systemd[1]: Mounted /sysroot/var.
May 28 07:43:28.295091 localhost systemd[1]: sysroot-etc.mount: Directory /sysroot/etc to mount over is not empty, mounting anyway.
May 28 07:43:28.307764 localhost systemd[1]: Mounting /sysroot/etc...
May 28 07:43:28.315385 localhost systemd[1]: Mounted /sysroot/etc.
May 28 07:43:28.315570 localhost systemd[1]: Reached target Initrd File Systems.
May 28 07:43:28.315627 localhost systemd[1]: Reached target Initrd Default Target.
May 28 07:43:28.317777 localhost systemd[1]: Starting dracut pre-pivot and cleanup hook...
May 28 07:43:28.330241 localhost dracut-pre-pivot[524]: SELinux: relabeling root filesystem
May 28 07:43:28.341953 localhost dracut-pre-pivot[524]: SELinux: mount root read-write and relabel
May 28 07:43:34.761023 localhost kernel: evm: overlay not supported
May 28 07:43:35.003543 localhost systemd[1]: sysroot\x2dselinux-dev-pts.mount: Deactivated successfully.
May 28 07:43:35.009730 localhost systemd[1]: sysroot\x2dselinux-dev-shm.mount: Deactivated successfully.
May 28 07:43:35.009885 localhost systemd[1]: sysroot\x2dselinux-dev.mount: Deactivated successfully.
May 28 07:43:35.011131 localhost systemd[1]: sysroot\x2dselinux-sys-fs-bpf.mount: Deactivated successfully.
May 28 07:43:35.011215 localhost systemd[1]: sysroot\x2dselinux-sys-firmware-efi-efivars.mount: Deactivated successfully.
May 28 07:43:35.011299 localhost systemd[1]: sysroot\x2dselinux-sys-fs-pstore.mount: Deactivated successfully.
May 28 07:43:35.011380 localhost systemd[1]: sysroot\x2dselinux-sys-fs-cgroup.mount: Deactivated successfully.
May 28 07:43:35.011458 localhost systemd[1]: sysroot\x2dselinux-sys-kernel-security.mount: Deactivated successfully.
May 28 07:43:35.012881 localhost systemd[1]: sysroot\x2dselinux-sys.mount: Deactivated successfully.
May 28 07:43:35.012970 localhost systemd[1]: sysroot\x2dselinux-proc.mount: Deactivated successfully.
May 28 07:43:35.013048 localhost systemd[1]: sysroot\x2dselinux-etc.mount: Deactivated successfully.
May 28 07:43:35.013131 localhost systemd[1]: sysroot\x2dselinux-var.mount: Deactivated successfully.
May 28 07:43:35.013216 localhost systemd[1]: sysroot\x2dselinux-root.mount: Deactivated successfully.
May 28 07:43:35.013298 localhost systemd[1]: sysroot\x2dselinux.mount: Deactivated successfully.
May 28 07:43:35.022424 localhost systemd[1]: Finished dracut pre-pivot and cleanup hook.
May 28 07:43:35.023345 localhost systemd[1]: transactional-update /etc overlay cleaner was skipped because of an unmet condition check (ConditionPathExists=/sysroot/var/lib/overlay/transactional-update.newsnapshot).
May 28 07:43:35.037801 localhost systemd[1]: Starting Cleaning Up and Shutting Down Daemons...
May 28 07:43:35.047592 localhost systemd[1]: Stopped target Timer Units.
May 28 07:43:35.048429 localhost systemd[1]: dracut-pre-pivot.service: Deactivated successfully.
May 28 07:43:35.048664 localhost systemd[1]: Stopped dracut pre-pivot and cleanup hook.
May 28 07:43:35.048846 localhost systemd[1]: dracut-pre-pivot.service: Consumed 6.454s CPU time.
May 28 07:43:35.049083 localhost systemd[1]: Stopped target Initrd Default Target.
May 28 07:43:35.049262 localhost systemd[1]: Stopped target Basic System.
May 28 07:43:35.049440 localhost systemd[1]: Stopped target Initrd Root Device.
May 28 07:43:35.049729 localhost systemd[1]: Stopped target Initrd /usr File System.
May 28 07:43:35.049904 localhost systemd[1]: Stopped target Path Units.
May 28 07:43:35.050108 localhost systemd[1]: systemd-ask-password-console.path: Deactivated successfully.
May 28 07:43:35.061051 localhost systemd[1]: Stopped Dispatch Password Requests to Console Directory Watch.
May 28 07:43:35.061138 localhost systemd[1]: Stopped target Remote File Systems.
May 28 07:43:35.061196 localhost systemd[1]: Stopped target Preparation for Remote File Systems.
May 28 07:43:35.061249 localhost systemd[1]: Stopped target Slice Units.
May 28 07:43:35.061301 localhost systemd[1]: Stopped target Socket Units.
May 28 07:43:35.061354 localhost systemd[1]: Stopped target System Initialization.
May 28 07:43:35.061407 localhost systemd[1]: Stopped target Swaps.
May 28 07:43:35.061448 localhost systemd[1]: dracut-pre-mount.service: Deactivated successfully.
May 28 07:43:35.061612 localhost systemd[1]: Stopped dracut pre-mount hook.
May 28 07:43:35.061779 localhost systemd[1]: dracut-initqueue.service: Deactivated successfully.
May 28 07:43:35.061869 localhost systemd[1]: Stopped dracut initqueue hook.
May 28 07:43:35.062009 localhost systemd[1]: systemd-sysctl.service: Deactivated successfully.
May 28 07:43:35.062097 localhost systemd[1]: Stopped Apply Kernel Variables.
May 28 07:43:35.062176 localhost systemd[1]: systemd-tmpfiles-setup.service: Deactivated successfully.
May 28 07:43:35.062270 localhost systemd[1]: Stopped Create Volatile Files and Directories.
May 28 07:43:35.062445 localhost systemd[1]: Stopped target Local File Systems.
May 28 07:43:35.062504 localhost systemd[1]: Stopped target Preparation for Local File Systems.
May 28 07:43:35.062542 localhost systemd[1]: systemd-udev-trigger.service: Deactivated successfully.
May 28 07:43:35.062628 localhost systemd[1]: Stopped Coldplug All udev Devices.
May 28 07:43:35.063596 localhost systemd[1]: Stopping Rule-based Manager for Device Events and Files...
May 28 07:43:35.066221 localhost systemd[1]: initrd-cleanup.service: Deactivated successfully.
May 28 07:43:35.066478 localhost systemd[1]: Finished Cleaning Up and Shutting Down Daemons.
May 28 07:43:35.069576 localhost systemd[1]: systemd-udevd.service: Deactivated successfully.
May 28 07:43:35.069809 localhost systemd[1]: Stopped Rule-based Manager for Device Events and Files.
May 28 07:43:35.070384 localhost systemd[1]: systemd-udevd-control.socket: Deactivated successfully.
May 28 07:43:35.070686 localhost systemd[1]: Closed udev Control Socket.
May 28 07:43:35.070772 localhost systemd[1]: systemd-udevd-kernel.socket: Deactivated successfully.
May 28 07:43:35.070842 localhost systemd[1]: Closed udev Kernel Socket.
May 28 07:43:35.070902 localhost systemd[1]: dracut-pre-udev.service: Deactivated successfully.
May 28 07:43:35.070976 localhost systemd[1]: Stopped dracut pre-udev hook.
May 28 07:43:35.071162 localhost systemd[1]: dracut-cmdline.service: Deactivated successfully.
May 28 07:43:35.071209 localhost systemd[1]: Stopped dracut cmdline hook.
May 28 07:43:35.071360 localhost systemd[1]: dracut-cmdline-ask.service: Deactivated successfully.
May 28 07:43:35.071473 localhost systemd[1]: Stopped dracut ask for additional cmdline parameters.
May 28 07:43:35.081204 localhost systemd[1]: Starting Cleanup udev Database...
May 28 07:43:35.081221 localhost systemd[1]: systemd-tmpfiles-setup-dev.service: Deactivated successfully.
May 28 07:43:35.081281 localhost systemd[1]: Stopped Create Static Device Nodes in /dev.
May 28 07:43:35.081334 localhost systemd[1]: systemd-tmpfiles-setup-dev-early.service: Deactivated successfully.
May 28 07:43:35.081385 localhost systemd[1]: Stopped Create Static Device Nodes in /dev gracefully.
May 28 07:43:35.081428 localhost systemd[1]: kmod-static-nodes.service: Deactivated successfully.
May 28 07:43:35.081481 localhost systemd[1]: Stopped Create List of Static Device Nodes.
May 28 07:43:35.081519 localhost systemd[1]: systemd-vconsole-setup.service: Deactivated successfully.
May 28 07:43:35.081558 localhost systemd[1]: Stopped Virtual Console Setup.
May 28 07:43:35.088829 localhost systemd[1]: initrd-udevadm-cleanup-db.service: Deactivated successfully.
May 28 07:43:35.089019 localhost systemd[1]: Finished Cleanup udev Database.
May 28 07:43:35.089163 localhost systemd[1]: Reached target Switch Root.
May 28 07:43:35.097766 localhost systemd[1]: Starting Switch Root...
May 28 07:43:35.103811 localhost systemd[1]: Switching root.
May 28 07:43:35.135450 localhost systemd-journald[172]: Journal stopped
May 28 07:43:36.203535 localhost systemd-journald[172]: Received SIGTERM from PID 1 (systemd).
May 28 07:43:36.203556 localhost kernel: SELinux:  policy capability network_peer_controls=1
May 28 07:43:36.203568 localhost kernel: SELinux:  policy capability open_perms=1
May 28 07:43:36.203576 localhost kernel: SELinux:  policy capability extended_socket_class=1
May 28 07:43:36.203583 localhost kernel: SELinux:  policy capability always_check_network=0
May 28 07:43:36.203591 localhost kernel: SELinux:  policy capability cgroup_seclabel=1
May 28 07:43:36.203598 localhost kernel: SELinux:  policy capability nnp_nosuid_transition=1
May 28 07:43:36.203606 localhost kernel: SELinux:  policy capability genfs_seclabel_symlinks=1
May 28 07:43:36.203613 localhost kernel: SELinux:  policy capability ioctl_skip_cloexec=0
May 28 07:43:36.203620 localhost kernel: SELinux:  policy capability userspace_initial_context=0
May 28 07:43:36.203627 localhost kernel: audit: type=1403 audit(1716882215.333:4): auid=4294967295 ses=4294967295 lsm=selinux res=1
May 28 07:43:36.203637 localhost systemd[1]: Successfully loaded SELinux policy in 148.907ms.
May 28 07:43:36.203645 localhost systemd[1]: Relabeled /dev, /dev/shm, /run, /sys/fs/cgroup in 27.086ms.
May 28 07:43:36.203654 localhost systemd[1]: systemd 255.6+suse.30.g3ea0e1dff3 running in system mode (+PAM +AUDIT +SELINUX +APPARMOR +IMA -SMACK +SECCOMP +GCRYPT +GNUTLS +OPENSSL +ACL +BLKID +CURL +ELFUTILS +FIDO2 +IDN2 -IDN +IPTC +KMOD +LIBCRYPTSETUP +LIBFDISK +PCRE2 +PWQUALITY +P11KIT +QRENCODE +TPM2 +BZIP2 +LZ4 +XZ +ZLIB +ZSTD +BPF_FRAMEWORK -XKBCOMMON -UTMP +SYSVINIT default-hierarchy=unified)
May 28 07:43:36.203663 localhost systemd[1]: Detected virtualization kvm.
May 28 07:43:36.203671 localhost systemd[1]: Detected architecture x86-64.
May 28 07:43:36.203678 localhost systemd[1]: Initializing machine ID from random generator.
May 28 07:43:36.203688 localhost systemd[1]: bpf-lsm: LSM BPF program attached
May 28 07:43:36.203696 localhost kernel: audit: type=1400 audit(1716882215.746:5): avc:  denied  { map_read map_write } for  pid=569 comm="systemd-fstab-g" scontext=system_u:system_r:systemd_fstab_generator_t:s0 tcontext=system_u:system_r:init_t:s0 tclass=bpf permissive=0
May 28 07:43:36.203703 localhost kernel: audit: type=1400 audit(1716882215.756:6): avc:  denied  { map_read map_write } for  pid=571 comm="systemd-gpt-aut" scontext=system_u:system_r:systemd_gpt_generator_t:s0 tcontext=system_u:system_r:init_t:s0 tclass=bpf permissive=0
May 28 07:43:36.203711 localhost systemd[1]: initrd-switch-root.service: Deactivated successfully.
May 28 07:43:36.203718 localhost systemd[1]: Stopped Switch Root.
May 28 07:43:36.203726 localhost systemd[1]: systemd-journald.service: Scheduled restart job, restart counter is at 1.
May 28 07:43:36.203734 localhost systemd[1]: Created slice Slice /system/getty.
May 28 07:43:36.203741 localhost systemd[1]: Created slice Slice /system/modprobe.
May 28 07:43:36.203748 localhost systemd[1]: Created slice Slice /system/serial-getty.
May 28 07:43:36.203756 localhost systemd[1]: Created slice Slice /system/systemd-fsck.
May 28 07:43:36.203765 localhost systemd[1]: Created slice User and Session Slice.
May 28 07:43:36.203773 localhost systemd[1]: Started Dispatch Password Requests to Console Directory Watch.
May 28 07:43:36.203780 localhost systemd[1]: Set up automount Arbitrary Executable File Formats File System Automount Point.
May 28 07:43:36.203788 localhost systemd[1]: Expecting device /dev/disk/by-uuid/8AF0-9686...
May 28 07:43:36.203795 localhost systemd[1]: Expecting device /dev/disk/by-uuid/e39da9d8-a8b7-464b-9613-b228a5f5ac1d...
May 28 07:43:36.203802 localhost systemd[1]: Expecting device /dev/hvc0...
May 28 07:43:36.203810 localhost systemd[1]: Expecting device /dev/ttyS0...
May 28 07:43:36.203817 localhost systemd[1]: Reached target Local Encrypted Volumes.
May 28 07:43:36.203825 localhost systemd[1]: Stopped target Switch Root.
May 28 07:43:36.203832 localhost systemd[1]: Stopped target Initrd File Systems.
May 28 07:43:36.203839 localhost systemd[1]: Stopped target Initrd Root File System.
May 28 07:43:36.203848 localhost systemd[1]: Reached target Local Integrity Protected Volumes.
May 28 07:43:36.203856 localhost systemd[1]: Reached target Remote File Systems.
May 28 07:43:36.203864 localhost systemd[1]: Reached target Slice Units.
May 28 07:43:36.203871 localhost systemd[1]: Reached target Swaps.
May 28 07:43:36.203879 localhost systemd[1]: Reached target System Time Set.
May 28 07:43:36.203887 localhost systemd[1]: Reached target Local Verity Protected Volumes.
May 28 07:43:36.203896 localhost systemd[1]: Listening on Device-mapper event daemon FIFOs.
May 28 07:43:36.203903 localhost systemd[1]: Listening on Process Core Dump Socket.
May 28 07:43:36.203911 localhost systemd[1]: Listening on udev Control Socket.
May 28 07:43:36.203918 localhost systemd[1]: Listening on udev Kernel Socket.
May 28 07:43:36.203925 localhost systemd[1]: Mounting Huge Pages File System...
May 28 07:43:36.203933 localhost systemd[1]: Mounting POSIX Message Queue File System...
May 28 07:43:36.203940 localhost systemd[1]: Mounting Kernel Debug File System...
May 28 07:43:36.203948 localhost systemd[1]: Mounting Kernel Trace File System...
May 28 07:43:36.203955 localhost systemd[1]: Mounting Temporary Directory /tmp...
May 28 07:43:36.203965 localhost systemd[1]: Starting Create List of Static Device Nodes...
May 28 07:43:36.203972 localhost systemd[1]: Starting Load Kernel Module configfs...
May 28 07:43:36.203979 localhost systemd[1]: Starting Load Kernel Module dm_mod...
May 28 07:43:36.203987 localhost systemd[1]: Starting Load Kernel Module drm...
May 28 07:43:36.203994 localhost systemd[1]: Starting Load Kernel Module efi_pstore...
May 28 07:43:36.204001 localhost systemd[1]: Starting Load Kernel Module fuse...
May 28 07:43:36.204009 localhost kernel: device-mapper: uevent: version 1.0.3
May 28 07:43:36.204016 localhost kernel: device-mapper: ioctl: 4.48.0-ioctl (2023-03-01) initialised: dm-devel@lists.linux.dev
May 28 07:43:36.204023 localhost systemd[1]: Starting Load Kernel Module loop...
May 28 07:43:36.204031 localhost systemd[1]: Starting Relabel /root...
May 28 07:43:36.204040 localhost systemd[1]: systemd-fsck-root.service: Deactivated successfully.
May 28 07:43:36.204047 localhost systemd[1]: Stopped File System Check on Root Device.
May 28 07:43:36.204054 localhost systemd[1]: Starting Journal Service...
May 28 07:43:36.204062 localhost systemd[1]: Load Kernel Modules was skipped because no trigger condition checks were met.
May 28 07:43:36.204070 localhost systemd[1]: Apply Kernel Variables for 6.9.1-1-default from /boot was skipped because of an unmet condition check (ConditionPathExists=!/usr/lib/modules/6.9.1-1-default/sysctl.conf).
May 28 07:43:36.204078 localhost systemd[1]: Starting Apply Kernel Variables for 6.9.1-1-default...
May 28 07:43:36.204085 localhost kernel: loop: module loaded
May 28 07:43:36.204092 localhost kernel: fuse: init (API version 7.40)
May 28 07:43:36.204099 localhost systemd[1]: Starting Remount Root and Kernel File Systems...
May 28 07:43:36.204107 localhost systemd[1]: Starting Coldplug All udev Devices...
May 28 07:43:36.204114 localhost systemd[1]: Mounted Huge Pages File System.
May 28 07:43:36.204121 localhost systemd[1]: Mounted POSIX Message Queue File System.
May 28 07:43:36.204130 localhost systemd[1]: Mounted Kernel Debug File System.
May 28 07:43:36.204138 localhost systemd[1]: Mounted Kernel Trace File System.
May 28 07:43:36.204145 localhost systemd[1]: Mounted Temporary Directory /tmp.
May 28 07:43:36.204152 localhost systemd[1]: Finished Create List of Static Device Nodes.
May 28 07:43:36.204160 localhost systemd[1]: modprobe@configfs.service: Deactivated successfully.
May 28 07:43:36.204167 localhost systemd[1]: Finished Load Kernel Module configfs.
May 28 07:43:36.204174 localhost systemd[1]: modprobe@dm_mod.service: Deactivated successfully.
May 28 07:43:36.204182 localhost systemd[1]: Finished Load Kernel Module dm_mod.
May 28 07:43:36.204189 localhost systemd[1]: modprobe@drm.service: Deactivated successfully.
May 28 07:43:36.204197 localhost systemd[1]: Finished Load Kernel Module drm.
May 28 07:43:36.204204 localhost systemd[1]: modprobe@efi_pstore.service: Deactivated successfully.
May 28 07:43:36.204212 localhost systemd[1]: Finished Load Kernel Module efi_pstore.
May 28 07:43:36.204221 localhost systemd[1]: modprobe@fuse.service: Deactivated successfully.
May 28 07:43:36.204228 localhost systemd[1]: Finished Load Kernel Module fuse.
May 28 07:43:36.204235 localhost systemd[1]: modprobe@loop.service: Deactivated successfully.
May 28 07:43:36.204243 localhost systemd[1]: Finished Load Kernel Module loop.
May 28 07:43:36.204250 localhost systemd[1]: Finished Apply Kernel Variables for 6.9.1-1-default.
May 28 07:43:36.204258 localhost systemd[1]: root-relabel.service: Deactivated successfully.
May 28 07:43:36.204265 localhost systemd[1]: Finished Relabel /root.
May 28 07:43:36.204273 localhost systemd[1]: Mounting FUSE Control File System...
May 28 07:43:36.204281 localhost systemd[1]: Mounting Kernel Configuration File System...
May 28 07:43:36.204288 localhost systemd[1]: Repartition Root Disk was skipped because no trigger condition checks were met.
May 28 07:43:36.204309 localhost systemd-journald[622]: Collecting audit messages is disabled.
May 28 07:43:36.204327 localhost systemd-journald[622]: Journal started
May 28 07:43:36.217829 localhost systemd-journald[622]: Runtime Journal (/run/log/journal/c3a1336d2d7d453cac9bc90d35386632) is 2.4M, max 19.2M, 16.8M free.
May 28 07:43:36.217860 localhost systemd[1]: Starting Apply Kernel Variables...
May 28 07:43:36.217878 localhost systemd[1]: Starting Create Static Device Nodes in /dev gracefully...
May 28 07:43:36.217889 localhost systemd[1]: Mounted FUSE Control File System.
May 28 07:43:36.217899 localhost systemd[1]: Mounted Kernel Configuration File System.
May 28 07:43:35.945730 localhost systemd[1]: Queued start job for default target Multi-User System.
May 28 07:43:35.964727 localhost systemd[1]: Unnecessary job was removed for /dev/vda2.
May 28 07:43:35.964741 localhost systemd[1]: Unnecessary job was removed for /dev/vda3.
May 28 07:43:35.965191 localhost systemd[1]: systemd-journald.service: Deactivated successfully.
May 28 07:43:36.221754 localhost systemd[1]: Started Journal Service.
May 28 07:43:36.278310 localhost systemd[1]: Finished Remount Root and Kernel File Systems.
May 28 07:43:36.307910 localhost systemd[1]: Starting Rebuild Hardware Database...
May 28 07:43:36.307980 localhost systemd[1]: Platform Persistent Storage Archival was skipped because of an unmet condition check (ConditionDirectoryNotEmpty=/sys/fs/pstore).
May 28 07:43:36.311182 localhost systemd[1]: Starting Load/Save OS Random Seed...
May 28 07:43:36.335269 localhost systemd[1]: Finished Apply Kernel Variables.
May 28 07:43:36.355039 localhost systemd[1]: Finished Load/Save OS Random Seed.
May 28 07:43:36.411550 localhost systemd[1]: Finished Create Static Device Nodes in /dev gracefully.
May 28 07:43:36.424455 localhost systemd[1]: Starting Create System Users...
May 28 07:43:36.519902 localhost systemd[1]: Finished Coldplug All udev Devices.
May 28 07:43:36.531501 localhost systemd[1]: Finished Create System Users.
May 28 07:43:36.541185 localhost systemd[1]: Starting Create Static Device Nodes in /dev...
May 28 07:43:36.631266 localhost systemd[1]: Finished Create Static Device Nodes in /dev.
May 28 07:43:36.631381 localhost systemd[1]: Reached target Preparation for Local File Systems.
May 28 07:43:36.881653 localhost systemd[1]: Finished Rebuild Hardware Database.
May 28 07:43:36.901213 localhost systemd[1]: Starting Rule-based Manager for Device Events and Files...
May 28 07:43:36.929568 localhost systemd-udevd[666]: Using default interface naming scheme 'v255'.
May 28 07:43:36.948054 localhost systemd[1]: Started Rule-based Manager for Device Events and Files.
May 28 07:43:37.028686 localhost systemd[1]: Condition check resulted in /dev/hvc0 being skipped.
May 28 07:43:37.065659 localhost systemd[1]: Found device /dev/disk/by-uuid/8AF0-9686.
May 28 07:43:37.091123 localhost systemd[1]: Starting File System Check on /dev/disk/by-uuid/8AF0-9686...
May 28 07:43:37.123258 localhost systemd[1]: Condition check resulted in /dev/ttyS0 being skipped.
May 28 07:43:37.236611 localhost systemd[1]: Found device /dev/disk/by-uuid/e39da9d8-a8b7-464b-9613-b228a5f5ac1d.
May 28 07:43:37.247691 localhost kernel: piix4_smbus 0000:00:01.3: SMBus Host Controller at 0xb100, revision 0
May 28 07:43:37.251036 localhost kernel: input: Power Button as /devices/LNXSYSTM:00/LNXPWRBN:00/input/input5
May 28 07:43:37.267383 localhost systemd-fsck[688]: fsck.fat 4.2 (2021-01-31)
May 28 07:43:37.267383 localhost systemd-fsck[688]: /dev/vda1: 12 files, 1489/130811 clusters
May 28 07:43:37.271114 localhost systemd[1]: Mounting /.snapshots...
May 28 07:43:37.274373 localhost kernel: ACPI: button: Power Button [PWRF]
May 28 07:43:37.274464 localhost systemd[1]: Mounting /boot/grub2/i386-pc...
May 28 07:43:37.284983 localhost systemd[1]: Mounting /boot/grub2/x86_64-efi...
May 28 07:43:37.294401 localhost kernel: parport_pc 00:03: reported by Plug and Play ACPI
May 28 07:43:37.294578 localhost kernel: parport0: PC-style at 0x378, irq 7 [PCSPP,TRISTATE]
May 28 07:43:37.316279 localhost systemd[1]: Mounting /boot/writable...
May 28 07:43:37.331457 localhost systemd[1]: Mounting /home...
May 28 07:43:37.347943 localhost systemd[1]: Mounting /opt...
May 28 07:43:37.361068 localhost kernel: input: PC Speaker as /devices/platform/pcspkr/input/input6
May 28 07:43:37.366249 localhost systemd[1]: Mounting /srv...
May 28 07:43:37.386816 localhost systemd[1]: Mounting /usr/local...
May 28 07:43:37.440503 localhost systemd[1]: Finished File System Check on /dev/disk/by-uuid/8AF0-9686.
May 28 07:43:37.440709 localhost systemd[1]: Mounted /.snapshots.
May 28 07:43:37.440802 localhost systemd[1]: Mounted /boot/grub2/i386-pc.
May 28 07:43:37.440891 localhost systemd[1]: Mounted /boot/grub2/x86_64-efi.
May 28 07:43:37.440975 localhost systemd[1]: Mounted /boot/writable.
May 28 07:43:37.480481 localhost systemd[1]: Mounted /home.
May 28 07:43:37.489778 localhost systemd[1]: Mounted /opt.
May 28 07:43:37.489875 localhost systemd[1]: Mounted /srv.
May 28 07:43:37.489960 localhost systemd[1]: Mounted /usr/local.
May 28 07:43:37.497715 localhost kernel: ppdev: user-space parallel port driver
May 28 07:43:37.526198 localhost kernel: virtio_net virtio0 ens4: renamed from eth0
May 28 07:43:37.591138 localhost systemd[1]: Mounting /boot/efi...
May 28 07:43:37.604597 localhost systemd[1]: Starting Relabel /.snapshots...
May 28 07:43:37.608706 localhost systemd[1]: Starting Relabel /boot/grub2/i386-pc...
May 28 07:43:37.622821 localhost systemd[1]: Starting Relabel /boot/grub2/x86_64-efi...
May 28 07:43:37.647956 localhost systemd[1]: Starting Relabel /boot/writable...
May 28 07:43:37.651253 localhost systemd[1]: Starting Relabel /home...
May 28 07:43:37.677975 localhost systemd[1]: Starting Relabel /opt...
May 28 07:43:37.694433 localhost systemd[1]: Starting Relabel /srv...
May 28 07:43:37.704676 localhost systemd[1]: Starting Virtual Console Setup...
May 28 07:43:37.734751 localhost systemd[1]: Starting Relabel /usr/local...
May 28 07:43:37.757686 localhost kernel: audit: type=1400 audit(1716882217.753:7): avc:  denied  { getattr } for  pid=739 comm="systemd-sysctl" path="/usr/local" dev="vda2" ino=256 scontext=system_u:system_r:systemd_sysctl_t:s0-s0:c0.c1023 tcontext=system_u:object_r:unlabeled_t:s0 tclass=dir permissive=0
May 28 07:43:37.761023 localhost kernel: kvm_amd: Nested Virtualization enabled
May 28 07:43:37.761048 localhost kernel: kvm_amd: Nested Paging enabled
May 28 07:43:37.772350 localhost systemd[1]: Mounted /boot/efi.
May 28 07:43:37.777704 localhost kernel: snd_hda_codec_generic hdaudioC0D0: autoconfig for Generic: line_outs=1 (0x3/0x0/0x0/0x0/0x0) type:line
May 28 07:43:37.777930 localhost kernel: snd_hda_codec_generic hdaudioC0D0:    speaker_outs=0 (0x0/0x0/0x0/0x0/0x0)
May 28 07:43:37.778049 localhost kernel: snd_hda_codec_generic hdaudioC0D0:    hp_outs=0 (0x0/0x0/0x0/0x0/0x0)
May 28 07:43:37.778155 localhost kernel: snd_hda_codec_generic hdaudioC0D0:    mono: mono_out=0x0
May 28 07:43:37.778259 localhost kernel: snd_hda_codec_generic hdaudioC0D0:    inputs:
May 28 07:43:37.786109 localhost systemd[1]: \x2esnapshots-relabel.service: Deactivated successfully.
May 28 07:43:37.786386 localhost systemd[1]: Finished Relabel /.snapshots.
May 28 07:43:37.794669 localhost systemd[1]: boot-grub2-i386\x2dpc-relabel.service: Deactivated successfully.
May 28 07:43:37.795494 localhost systemd[1]: Finished Relabel /boot/grub2/i386-pc.
May 28 07:43:37.814466 localhost systemd[1]: boot-writable-relabel.service: Deactivated successfully.
May 28 07:43:37.814593 localhost systemd[1]: Finished Relabel /boot/writable.
May 28 07:43:37.824789 localhost systemd[1]: home-relabel.service: Deactivated successfully.
May 28 07:43:37.824895 localhost systemd[1]: Finished Relabel /home.
May 28 07:43:37.846725 localhost systemd[1]: opt-relabel.service: Deactivated successfully.
May 28 07:43:37.846833 localhost systemd[1]: Finished Relabel /opt.
May 28 07:43:37.857152 localhost systemd[1]: srv-relabel.service: Deactivated successfully.
May 28 07:43:37.857257 localhost systemd[1]: Finished Relabel /srv.
May 28 07:43:37.867492 localhost systemd[1]: usr-local-relabel.service: Deactivated successfully.
May 28 07:43:37.867644 localhost systemd[1]: Finished Relabel /usr/local.
May 28 07:43:37.869072 localhost systemd[1]: Reached target Sound Card.
May 28 07:43:37.881189 localhost systemd[1]: boot-grub2-x86_64\x2defi-relabel.service: Deactivated successfully.
May 28 07:43:37.881295 localhost systemd[1]: Finished Relabel /boot/grub2/x86_64-efi.
May 28 07:43:37.897803 localhost systemd[1]: Starting Mark autorelabel as done...
May 28 07:43:37.900616 localhost systemd[1]: mark-autorelabel-done.service: Deactivated successfully.
May 28 07:43:37.900714 localhost systemd[1]: Finished Mark autorelabel as done.
May 28 07:43:37.901608 localhost systemd[1]: Reached target Local File Systems.
May 28 07:43:37.984893 localhost systemd[1]: Listening on System Extension Image Management (Varlink).
May 28 07:43:37.995491 localhost systemd[1]: Starting Create missing directories from rpmdb...
May 28 07:43:37.995633 localhost systemd[1]: Set Up Additional Binary Formats was skipped because no trigger condition checks were met.
May 28 07:43:38.014576 localhost systemd[1]: Starting Flush Journal to Persistent Storage...
May 28 07:43:38.023599 localhost systemd-journald[622]: Time spent on flushing to /var/log/journal/c3a1336d2d7d453cac9bc90d35386632 is 20.705ms for 974 entries.
May 28 07:43:38.023599 localhost systemd-journald[622]: System Journal (/var/log/journal/c3a1336d2d7d453cac9bc90d35386632) is 8.0M, max 1.1G, 1.1G free.
May 28 07:43:38.074482 localhost systemd-journald[622]: Received client request to flush runtime journal.
May 28 07:43:38.074508 localhost systemd-journald[622]: Creating journal file /var/log/journal/c3a1336d2d7d453cac9bc90d35386632/system.journal on a btrfs file system, and copy-on-write is enabled. This is likely to slow down journal access substantially, please consider turning off the copy-on-write file attribute on the journal directory, using chattr +C.
May 28 07:43:38.075142 localhost systemd[1]: Finished Flush Journal to Persistent Storage.
May 28 07:43:38.081605 localhost systemd[1]: Finished Virtual Console Setup.
May 28 07:43:38.202853 localhost systemd[1]: Finished Create missing directories from rpmdb.
May 28 07:43:38.214519 localhost systemd[1]: Starting Create Volatile Files and Directories...
May 28 07:43:38.288431 localhost systemd[1]: Finished Create Volatile Files and Directories.
May 28 07:43:38.301108 localhost systemd[1]: Starting Security Auditing Service...
May 28 07:43:38.301140 localhost systemd[1]: First Boot Wizard was skipped because of an unmet condition check (ConditionFirstBoot=yes).
May 28 07:43:38.301157 localhost systemd[1]: First Boot Complete was skipped because of an unmet condition check (ConditionFirstBoot=yes).
May 28 07:43:38.307884 localhost systemd[1]: Starting Rebuild Journal Catalog...
May 28 07:43:38.307949 localhost systemd[1]: Commit a transient machine-id on disk was skipped because of an unmet condition check (ConditionPathIsMountPoint=/etc/machine-id).
May 28 07:43:38.311108 localhost systemd[1]: Starting Write boot and shutdown times into wtmpdb...
May 28 07:43:38.326978 localhost systemd[1]: Finished Rebuild Journal Catalog.
May 28 07:43:38.328601 localhost systemd[1]: Starting Update is Completed...
May 28 07:43:38.364648 localhost systemd[1]: Finished Update is Completed.
May 28 07:43:38.368047 localhost wtmpdb[796]: Error: cannot open dbus
May 28 07:43:38.368597 localhost systemd[1]: Finished Write boot and shutdown times into wtmpdb.
May 28 07:43:38.384950 localhost auditd[801]: Option builtin_af_unix line 10 is obsolete - using /sbin/audisp-af_unix
May 28 07:43:38.385175 localhost auditd[801]: Option builtin line 11 is obsolete - update it
May 28 07:43:38.385251 localhost auditd[801]: No plugins found, not dispatching events
May 28 07:43:38.385446 localhost auditd[801]: Init complete, auditd 3.1.1 listening for events (startup state enable)
May 28 07:43:38.386870 localhost systemd[1]: Started Security Auditing Service.
May 28 07:43:38.387108 localhost systemd[1]: Reached target System Initialization.
May 28 07:43:38.387256 localhost systemd[1]: Started Watch /etc/sysconfig/btrfsmaintenance.
May 28 07:43:38.387496 localhost systemd[1]: Started Watch for changes in CA certificates.
May 28 07:43:38.387599 localhost systemd[1]: Started Watch for changes in issue snippets.
May 28 07:43:38.387658 localhost systemd[1]: Started Daily Cleanup of Snapper Snapshots.
May 28 07:43:38.387797 localhost systemd[1]: Started Daily Cleanup of Temporary Directories.
May 28 07:43:38.387851 localhost systemd[1]: Reached target Path Units.
May 28 07:43:38.390548 localhost systemd[1]: Listening on D-Bus System Message Bus Socket.
May 28 07:43:38.390610 localhost systemd[1]: Reached target Socket Units.
May 28 07:43:38.390656 localhost systemd[1]: Reached target Basic System.
May 28 07:43:38.404533 localhost systemd[1]: Starting auditd rules generation...
May 28 07:43:38.411110 localhost systemd[1]: Starting D-Bus System Message Bus...
May 28 07:43:38.414443 localhost systemd[1]: Starting Restore /run/initramfs on shutdown...
May 28 07:43:38.414470 localhost systemd[1]: irqbalance daemon was skipped because of an unmet condition check (ConditionCPUs=>1).
May 28 07:43:38.421147 localhost systemd[1]: Starting Generate issue file for login session...
May 28 07:43:38.426262 localhost systemd[1]: Starting Apply settings from /etc/sysconfig/keyboard...
May 28 07:43:38.426389 localhost systemd[1]: Import lastlog data into lastlog2 database was skipped because of an unmet condition check (ConditionPathExists=/var/log/lastlog).
May 28 07:43:38.447567 localhost systemd[1]: Starting Authorization Manager...
May 28 07:43:38.460453 localhost dbus-daemon[806]: [system] SELinux support is enabled
May 28 07:43:38.464499 localhost systemd[1]: Starting User Login Management...
May 28 07:43:38.464960 localhost systemd[1]: Finished Restore /run/initramfs on shutdown.
May 28 07:43:38.467498 localhost systemd[1]: Started D-Bus System Message Bus.
May 28 07:43:38.477689 localhost kernel: Lockdown: numlockbios: /dev/mem,kmem,port is restricted; see man kernel_lockdown.7
May 28 07:43:38.498377 localhost kernel: Lockdown: numlockbios: /dev/mem,kmem,port is restricted; see man kernel_lockdown.7
May 28 07:43:38.497807 localhost systemd[1]: Starting Network Manager...
May 28 07:43:38.501132 localhost systemd[1]: Starting Reboot Manager...
May 28 07:43:38.527170 localhost systemd[1]: issue-generator.service: Deactivated successfully.
May 28 07:43:38.531054 localhost kernel: Lockdown: numlockbios: /dev/mem,kmem,port is restricted; see man kernel_lockdown.7
May 28 07:43:38.532050 localhost systemd[1]: Finished Generate issue file for login session.
May 28 07:43:38.541858 localhost systemd[1]: Started Reboot Manager.
May 28 07:43:38.557697 localhost kernel: Lockdown: numlockbios: /dev/mem,kmem,port is restricted; see man kernel_lockdown.7
May 28 07:43:38.574350 localhost kernel: Lockdown: numlockbios: /dev/mem,kmem,port is restricted; see man kernel_lockdown.7
May 28 07:43:38.584418 localhost kernel: Lockdown: numlockbios: /dev/mem,kmem,port is restricted; see man kernel_lockdown.7
May 28 07:43:38.706359 localhost NetworkManager[829]: <info>  [1716882218.7060] NetworkManager (version 1.44.4) is starting... (boot:05b418ae-45d4-48f0-90f6-3a767f027388)
May 28 07:43:38.706696 localhost NetworkManager[829]: <info>  [1716882218.7066] Read config: /etc/NetworkManager/NetworkManager.conf (lib: conncheck-openSUSE.conf)
May 28 07:43:38.716082 localhost systemd[1]: Finished Apply settings from /etc/sysconfig/keyboard.
May 28 07:43:38.730042 localhost NetworkManager[829]: <info>  [1716882218.7300] manager[0x55ca6316a9e0]: monitoring kernel firmware directory '/lib/firmware'.
May 28 07:43:38.730761 localhost dbus-daemon[806]: [system] Activating via systemd: service name='org.freedesktop.hostname1' unit='dbus-org.freedesktop.hostname1.service' requested by ':1.2' (uid=0 pid=829 comm="/usr/sbin/NetworkManager --no-daemon" label="system_u:system_r:NetworkManager_t:s0")
May 28 07:43:38.734911 localhost systemd-logind[813]: New seat seat0.
May 28 07:43:38.745119 localhost systemd-logind[813]: Watching system buttons on /dev/input/event4 (Power Button)
May 28 07:43:38.745234 localhost systemd-logind[813]: Watching system buttons on /dev/input/event0 (AT Translated Set 2 keyboard)
May 28 07:43:38.756064 localhost systemd[1]: Starting Hostname Service...
May 28 07:43:38.756109 localhost systemd[1]: Started User Login Management.
May 28 07:43:38.764562 localhost systemd[1]: Starting MicroOS Health Checker...
May 28 07:43:38.782818 localhost augenrules[899]: No rules
May 28 07:43:38.785060 localhost systemd[1]: Finished auditd rules generation.
May 28 07:43:38.789133 localhost health-checker[897]: Clearing GRUB flag
