May 28 07:29:18.171166 localhost kernel: Linux version 6.9.1-1-default (geeko@buildhost) (gcc (SUSE Linux) 13.2.1 20240509 [revision b7a2697733d19a093cbdd0e200ffce069a4bc812], GNU ld (GNU Binutils; openSUSE Tumbleweed) 2.42.0.20240130-3) #1 SMP PREEMPT_DYNAMIC Fri May 17 11:59:46 UTC 2024 (0c0b0b5)
May 28 07:29:18.171186 localhost kernel: Command line: BOOT_IMAGE=/boot/vmlinuz-6.9.1-1-default root=UUID=8bc5a620-43f2-4cb4-bc93-ae33026e601c rd.timeout=60 rd.retry=45 quiet systemd.show_status=yes console=ttyS0,115200 console=tty0 ignition.platform.id=qemu security=selinux selinux=1
May 28 07:29:18.171193 localhost kernel: BIOS-provided physical RAM map:
May 28 07:29:18.171199 localhost kernel: BIOS-e820: [mem 0x0000000000000000-0x000000000009fbff] usable
May 28 07:29:18.171204 localhost kernel: BIOS-e820: [mem 0x000000000009fc00-0x000000000009ffff] reserved
May 28 07:29:18.171210 localhost kernel: BIOS-e820: [mem 0x00000000000f0000-0x00000000000fffff] reserved
May 28 07:29:18.171216 localhost kernel: BIOS-e820: [mem 0x0000000000100000-0x000000003ffd8fff] usable
May 28 07:29:18.171221 localhost kernel: BIOS-e820: [mem 0x000000003ffd9000-0x000000003fffffff] reserved
May 28 07:29:18.171226 localhost kernel: BIOS-e820: [mem 0x00000000feffc000-0x00000000feffffff] reserved
May 28 07:29:18.171231 localhost kernel: BIOS-e820: [mem 0x00000000fffc0000-0x00000000ffffffff] reserved
May 28 07:29:18.171236 localhost kernel: BIOS-e820: [mem 0x000000fd00000000-0x000000ffffffffff] reserved
May 28 07:29:18.171241 localhost kernel: NX (Execute Disable) protection: active
May 28 07:29:18.171245 localhost kernel: APIC: Static calls initialized
May 28 07:29:18.171252 localhost kernel: SMBIOS 2.8 present.
May 28 07:29:18.171259 localhost kernel: DMI: QEMU Standard PC (i440FX + PIIX, 1996), BIOS rel-1.16.0-0-gd239552c-rebuilt.opensuse.org 04/01/2014
May 28 07:29:18.171264 localhost kernel: Hypervisor detected: KVM
May 28 07:29:18.171269 localhost kernel: kvm-clock: Using msrs 4b564d01 and 4b564d00
May 28 07:29:18.171273 localhost kernel: kvm-clock: using sched offset of 9693837491 cycles
May 28 07:29:18.171279 localhost kernel: clocksource: kvm-clock: mask: 0xffffffffffffffff max_cycles: 0x1cd42e4dffb, max_idle_ns: 881590591483 ns
May 28 07:29:18.171284 localhost kernel: tsc: Detected 2199.998 MHz processor
May 28 07:29:18.171289 localhost kernel: e820: update [mem 0x00000000-0x00000fff] usable ==> reserved
May 28 07:29:18.171295 localhost kernel: e820: remove [mem 0x000a0000-0x000fffff] usable
May 28 07:29:18.171302 localhost kernel: last_pfn = 0x3ffd9 max_arch_pfn = 0x400000000
May 28 07:29:18.171307 localhost kernel: MTRR map: 4 entries (3 fixed + 1 variable; max 19), built from 8 variable MTRRs
May 28 07:29:18.171312 localhost kernel: x86/PAT: Configuration [0-7]: WB  WC  UC- UC  WB  WP  UC- WT  
May 28 07:29:18.171317 localhost kernel: found SMP MP-table at [mem 0x000f5b40-0x000f5b4f]
May 28 07:29:18.171322 localhost kernel: Using GB pages for direct mapping
May 28 07:29:18.171327 localhost kernel: RAMDISK: [mem 0x2bc9b000-0x31e44fff]
May 28 07:29:18.171333 localhost kernel: ACPI: Early table checksum verification disabled
May 28 07:29:18.171338 localhost kernel: ACPI: RSDP 0x00000000000F5960 000014 (v00 BOCHS )
May 28 07:29:18.171343 localhost kernel: ACPI: RSDT 0x000000003FFE18F4 000034 (v01 BOCHS  BXPC     00000001 BXPC 00000001)
May 28 07:29:18.171348 localhost kernel: ACPI: FACP 0x000000003FFE17A8 000074 (v01 BOCHS  BXPC     00000001 BXPC 00000001)
May 28 07:29:18.171353 localhost kernel: ACPI: DSDT 0x000000003FFE0040 001768 (v01 BOCHS  BXPC     00000001 BXPC 00000001)
May 28 07:29:18.171358 localhost kernel: ACPI: FACS 0x000000003FFE0000 000040
May 28 07:29:18.171365 localhost kernel: ACPI: APIC 0x000000003FFE181C 000078 (v01 BOCHS  BXPC     00000001 BXPC 00000001)
May 28 07:29:18.171370 localhost kernel: ACPI: HPET 0x000000003FFE1894 000038 (v01 BOCHS  BXPC     00000001 BXPC 00000001)
May 28 07:29:18.171375 localhost kernel: ACPI: WAET 0x000000003FFE18CC 000028 (v01 BOCHS  BXPC     00000001 BXPC 00000001)
May 28 07:29:18.171380 localhost kernel: ACPI: Reserving FACP table memory at [mem 0x3ffe17a8-0x3ffe181b]
May 28 07:29:18.171386 localhost kernel: ACPI: Reserving DSDT table memory at [mem 0x3ffe0040-0x3ffe17a7]
May 28 07:29:18.171391 localhost kernel: ACPI: Reserving FACS table memory at [mem 0x3ffe0000-0x3ffe003f]
May 28 07:29:18.171399 localhost kernel: ACPI: Reserving APIC table memory at [mem 0x3ffe181c-0x3ffe1893]
May 28 07:29:18.171404 localhost kernel: ACPI: Reserving HPET table memory at [mem 0x3ffe1894-0x3ffe18cb]
May 28 07:29:18.171409 localhost kernel: ACPI: Reserving WAET table memory at [mem 0x3ffe18cc-0x3ffe18f3]
May 28 07:29:18.171414 localhost kernel: No NUMA configuration found
May 28 07:29:18.171419 localhost kernel: Faking a node at [mem 0x0000000000000000-0x000000003ffd8fff]
May 28 07:29:18.171424 localhost kernel: NODE_DATA(0) allocated [mem 0x3ffae000-0x3ffd8fff]
May 28 07:29:18.171429 localhost kernel: Zone ranges:
May 28 07:29:18.171435 localhost kernel:   DMA      [mem 0x0000000000001000-0x0000000000ffffff]
May 28 07:29:18.171440 localhost kernel:   DMA32    [mem 0x0000000001000000-0x000000003ffd8fff]
May 28 07:29:18.171446 localhost kernel:   Normal   empty
May 28 07:29:18.171451 localhost kernel:   Device   empty
May 28 07:29:18.171456 localhost kernel: Movable zone start for each node
May 28 07:29:18.171461 localhost kernel: Early memory node ranges
May 28 07:29:18.171467 localhost kernel:   node   0: [mem 0x0000000000001000-0x000000000009efff]
May 28 07:29:18.171472 localhost kernel:   node   0: [mem 0x0000000000100000-0x000000003ffd8fff]
May 28 07:29:18.171477 localhost kernel: Initmem setup node 0 [mem 0x0000000000001000-0x000000003ffd8fff]
May 28 07:29:18.171482 localhost kernel: On node 0, zone DMA: 1 pages in unavailable ranges
May 28 07:29:18.171487 localhost kernel: On node 0, zone DMA: 97 pages in unavailable ranges
May 28 07:29:18.171492 localhost kernel: On node 0, zone DMA32: 39 pages in unavailable ranges
May 28 07:29:18.171497 localhost kernel: ACPI: PM-Timer IO Port: 0x608
May 28 07:29:18.171502 localhost kernel: ACPI: LAPIC_NMI (acpi_id[0xff] dfl dfl lint[0x1])
May 28 07:29:18.171507 localhost kernel: IOAPIC[0]: apic_id 0, version 17, address 0xfec00000, GSI 0-23
May 28 07:29:18.171514 localhost kernel: ACPI: INT_SRC_OVR (bus 0 bus_irq 0 global_irq 2 dfl dfl)
May 28 07:29:18.171519 localhost kernel: ACPI: INT_SRC_OVR (bus 0 bus_irq 5 global_irq 5 high level)
May 28 07:29:18.171524 localhost kernel: ACPI: INT_SRC_OVR (bus 0 bus_irq 9 global_irq 9 high level)
May 28 07:29:18.171529 localhost kernel: ACPI: INT_SRC_OVR (bus 0 bus_irq 10 global_irq 10 high level)
May 28 07:29:18.171534 localhost kernel: ACPI: INT_SRC_OVR (bus 0 bus_irq 11 global_irq 11 high level)
May 28 07:29:18.171539 localhost kernel: ACPI: Using ACPI (MADT) for SMP configuration information
May 28 07:29:18.171544 localhost kernel: ACPI: HPET id: 0x8086a201 base: 0xfed00000
May 28 07:29:18.171549 localhost kernel: TSC deadline timer available
May 28 07:29:18.171554 localhost kernel: CPU topo: Max. logical packages:   1
May 28 07:29:18.171559 localhost kernel: CPU topo: Max. logical dies:       1
May 28 07:29:18.171564 localhost kernel: CPU topo: Max. dies per package:   1
May 28 07:29:18.171569 localhost kernel: CPU topo: Max. threads per core:   1
May 28 07:29:18.171576 localhost kernel: CPU topo: Num. cores per package:     1
May 28 07:29:18.171581 localhost kernel: CPU topo: Num. threads per package:   1
May 28 07:29:18.171586 localhost kernel: CPU topo: Allowing 1 present CPUs plus 0 hotplug CPUs
May 28 07:29:18.171591 localhost kernel: kvm-guest: APIC: eoi() replaced with kvm_guest_apic_eoi_write()
May 28 07:29:18.171596 localhost kernel: PM: hibernation: Registered nosave memory: [mem 0x00000000-0x00000fff]
May 28 07:29:18.171601 localhost kernel: PM: hibernation: Registered nosave memory: [mem 0x0009f000-0x0009ffff]
May 28 07:29:18.171607 localhost kernel: PM: hibernation: Registered nosave memory: [mem 0x000a0000-0x000effff]
May 28 07:29:18.171612 localhost kernel: PM: hibernation: Registered nosave memory: [mem 0x000f0000-0x000fffff]
May 28 07:29:18.171617 localhost kernel: [mem 0x40000000-0xfeffbfff] available for PCI devices
May 28 07:29:18.171622 localhost kernel: Booting paravirtualized kernel on KVM
May 28 07:29:18.171627 localhost kernel: clocksource: refined-jiffies: mask: 0xffffffff max_cycles: 0xffffffff, max_idle_ns: 6370452778343963 ns
May 28 07:29:18.171632 localhost kernel: setup_percpu: NR_CPUS:8192 nr_cpumask_bits:1 nr_cpu_ids:1 nr_node_ids:1
May 28 07:29:18.171639 localhost kernel: percpu: Embedded 72 pages/cpu s258048 r8192 d28672 u2097152
May 28 07:29:18.171644 localhost kernel: pcpu-alloc: s258048 r8192 d28672 u2097152 alloc=1*2097152
May 28 07:29:18.171649 localhost kernel: pcpu-alloc: [0] 0 
May 28 07:29:18.171654 localhost kernel: kvm-guest: PV spinlocks disabled, single CPU
May 28 07:29:18.171660 localhost kernel: Kernel command line: BOOT_IMAGE=/boot/vmlinuz-6.9.1-1-default root=UUID=8bc5a620-43f2-4cb4-bc93-ae33026e601c rd.timeout=60 rd.retry=45 quiet systemd.show_status=yes console=ttyS0,115200 console=tty0 ignition.platform.id=qemu security=selinux selinux=1
May 28 07:29:18.171665 localhost kernel: Unknown kernel command line parameters "BOOT_IMAGE=/boot/vmlinuz-6.9.1-1-default", will be passed to user space.
May 28 07:29:18.171671 localhost kernel: random: crng init done
May 28 07:29:18.171676 localhost kernel: Dentry cache hash table entries: 131072 (order: 8, 1048576 bytes, linear)
May 28 07:29:18.171681 localhost kernel: Inode-cache hash table entries: 65536 (order: 7, 524288 bytes, linear)
May 28 07:29:18.171686 localhost kernel: Fallback order for Node 0: 0 
May 28 07:29:18.171691 localhost kernel: Built 1 zonelists, mobility grouping on.  Total pages: 257753
May 28 07:29:18.171698 localhost kernel: Policy zone: DMA32
May 28 07:29:18.171703 localhost kernel: mem auto-init: stack:off, heap alloc:off, heap free:off
May 28 07:29:18.171708 localhost kernel: Memory: 213688K/1048028K available (16384K kernel code, 3000K rwdata, 13020K rodata, 4224K init, 4384K bss, 166260K reserved, 0K cma-reserved)
May 28 07:29:18.171714 localhost kernel: SLUB: HWalign=64, Order=0-3, MinObjects=0, CPUs=1, Nodes=1
May 28 07:29:18.171719 localhost kernel: ftrace: allocating 47505 entries in 186 pages
May 28 07:29:18.171724 localhost kernel: ftrace: allocated 186 pages with 5 groups
May 28 07:29:18.171729 localhost kernel: Dynamic Preempt: voluntary
May 28 07:29:18.171734 localhost kernel: rcu: Preemptible hierarchical RCU implementation.
May 28 07:29:18.171740 localhost kernel: rcu:         RCU event tracing is enabled.
May 28 07:29:18.171746 localhost kernel: rcu:         RCU restricting CPUs from NR_CPUS=8192 to nr_cpu_ids=1.
May 28 07:29:18.171751 localhost kernel:         Trampoline variant of Tasks RCU enabled.
May 28 07:29:18.171756 localhost kernel:         Rude variant of Tasks RCU enabled.
May 28 07:29:18.171763 localhost kernel:         Tracing variant of Tasks RCU enabled.
May 28 07:29:18.171768 localhost kernel: rcu: RCU calculated value of scheduler-enlistment delay is 30 jiffies.
May 28 07:29:18.171774 localhost kernel: rcu: Adjusting geometry for rcu_fanout_leaf=16, nr_cpu_ids=1
May 28 07:29:18.171779 localhost kernel: RCU Tasks: Setting shift to 0 and lim to 1 rcu_task_cb_adjust=1.
May 28 07:29:18.171784 localhost kernel: RCU Tasks Rude: Setting shift to 0 and lim to 1 rcu_task_cb_adjust=1.
May 28 07:29:18.171789 localhost kernel: RCU Tasks Trace: Setting shift to 0 and lim to 1 rcu_task_cb_adjust=1.
May 28 07:29:18.171794 localhost kernel: NR_IRQS: 524544, nr_irqs: 256, preallocated irqs: 16
May 28 07:29:18.171799 localhost kernel: rcu: srcu_init: Setting srcu_struct sizes based on contention.
May 28 07:29:18.171805 localhost kernel: Console: colour dummy device 80x25
May 28 07:29:18.171814 localhost kernel: printk: legacy console [tty0] enabled
May 28 07:29:18.171819 localhost kernel: printk: legacy console [ttyS0] enabled
May 28 07:29:18.171824 localhost kernel: ACPI: Core revision 20230628
May 28 07:29:18.171829 localhost kernel: clocksource: hpet: mask: 0xffffffff max_cycles: 0xffffffff, max_idle_ns: 19112604467 ns
May 28 07:29:18.171834 localhost kernel: APIC: Switch to symmetric I/O mode setup
May 28 07:29:18.171841 localhost kernel: x2apic enabled
May 28 07:29:18.171846 localhost kernel: APIC: Switched APIC routing to: physical x2apic
May 28 07:29:18.171851 localhost kernel: ..TIMER: vector=0x30 apic1=0 pin1=2 apic2=-1 pin2=-1
May 28 07:29:18.171857 localhost kernel: clocksource: tsc-early: mask: 0xffffffffffffffff max_cycles: 0x1fb63109b96, max_idle_ns: 440795265316 ns
May 28 07:29:18.171862 localhost kernel: Calibrating delay loop (skipped) preset value.. 4401.32 BogoMIPS (lpj=7333326)
May 28 07:29:18.171867 localhost kernel: x86/cpu: User Mode Instruction Prevention (UMIP) activated
May 28 07:29:18.171872 localhost kernel: Last level iTLB entries: 4KB 512, 2MB 255, 4MB 127
May 28 07:29:18.171877 localhost kernel: Last level dTLB entries: 4KB 512, 2MB 255, 4MB 127, 1GB 0
May 28 07:29:18.171884 localhost kernel: Spectre V1 : Mitigation: usercopy/swapgs barriers and __user pointer sanitization
May 28 07:29:18.171889 localhost kernel: Spectre V2 : Mitigation: Retpolines
May 28 07:29:18.171895 localhost kernel: Spectre V2 : Spectre v2 / SpectreRSB mitigation: Filling RSB on context switch
May 28 07:29:18.171900 localhost kernel: Spectre V2 : Spectre v2 / SpectreRSB : Filling RSB on VMEXIT
May 28 07:29:18.171905 localhost kernel: Spectre V2 : Enabling Restricted Speculation for firmware calls
May 28 07:29:18.171910 localhost kernel: Spectre V2 : mitigation: Enabling conditional Indirect Branch Prediction Barrier
May 28 07:29:18.171915 localhost kernel: Speculative Store Bypass: Mitigation: Speculative Store Bypass disabled via prctl
May 28 07:29:18.171920 localhost kernel: Speculative Return Stack Overflow: IBPB-extending microcode not applied!
May 28 07:29:18.171926 localhost kernel: Speculative Return Stack Overflow: WARNING: See https://kernel.org/doc/html/latest/admin-guide/hw-vuln/srso.html for mitigation options.
May 28 07:29:18.171931 localhost kernel: Speculative Return Stack Overflow: Vulnerable: Safe RET, no microcode
May 28 07:29:18.171936 localhost kernel: x86/fpu: Supporting XSAVE feature 0x001: 'x87 floating point registers'
May 28 07:29:18.171943 localhost kernel: x86/fpu: Supporting XSAVE feature 0x002: 'SSE registers'
May 28 07:29:18.171948 localhost kernel: x86/fpu: Supporting XSAVE feature 0x004: 'AVX registers'
May 28 07:29:18.171953 localhost kernel: x86/fpu: Supporting XSAVE feature 0x200: 'Protection Keys User registers'
May 28 07:29:18.171958 localhost kernel: x86/fpu: xstate_offset[2]:  576, xstate_sizes[2]:  256
May 28 07:29:18.171963 localhost kernel: x86/fpu: xstate_offset[9]:  832, xstate_sizes[9]:    8
May 28 07:29:18.171969 localhost kernel: x86/fpu: Enabled xstate features 0x207, context size is 840 bytes, using 'compacted' format.
May 28 07:29:18.171974 localhost kernel: Freeing SMP alternatives memory: 40K
May 28 07:29:18.171979 localhost kernel: pid_max: default: 32768 minimum: 301
May 28 07:29:18.171984 localhost kernel: LSM: initializing lsm=lockdown,capability,landlock,yama,selinux,bpf,ima,evm
May 28 07:29:18.171989 localhost kernel: landlock: Up and running.
May 28 07:29:18.171994 localhost kernel: Yama: becoming mindful.
May 28 07:29:18.171999 localhost kernel: SELinux:  Initializing.
May 28 07:29:18.172006 localhost kernel: LSM support for eBPF active
May 28 07:29:18.172011 localhost kernel: Mount-cache hash table entries: 2048 (order: 2, 16384 bytes, linear)
May 28 07:29:18.172016 localhost kernel: Mountpoint-cache hash table entries: 2048 (order: 2, 16384 bytes, linear)
May 28 07:29:18.172021 localhost kernel: smpboot: CPU0: AMD EPYC 7773X 64-Core Processor (family: 0x19, model: 0x1, stepping: 0x2)
May 28 07:29:18.172026 localhost kernel: Performance Events: Fam17h+ core perfctr, AMD PMU driver.
May 28 07:29:18.172032 localhost kernel: ... version:                0
May 28 07:29:18.172037 localhost kernel: ... bit width:              48
May 28 07:29:18.172042 localhost kernel: ... generic registers:      6
May 28 07:29:18.172047 localhost kernel: ... value mask:             0000ffffffffffff
May 28 07:29:18.172052 localhost kernel: ... max period:             00007fffffffffff
May 28 07:29:18.172057 localhost kernel: ... fixed-purpose events:   0
May 28 07:29:18.172062 localhost kernel: ... event mask:             000000000000003f
May 28 07:29:18.172069 localhost kernel: signal: max sigframe size: 3376
May 28 07:29:18.172074 localhost kernel: rcu: Hierarchical SRCU implementation.
May 28 07:29:18.172079 localhost kernel: rcu:         Max phase no-delay instances is 1000.
May 28 07:29:18.172084 localhost kernel: smp: Bringing up secondary CPUs ...
May 28 07:29:18.172089 localhost kernel: smp: Brought up 1 node, 1 CPU
May 28 07:29:18.172094 localhost kernel: smpboot: Total of 1 processors activated (4401.32 BogoMIPS)
May 28 07:29:18.172099 localhost kernel: node 0 deferred pages initialised in 4ms
May 28 07:29:18.172104 localhost kernel: devtmpfs: initialized
May 28 07:29:18.172109 localhost kernel: x86/mm: Memory block size: 128MB
May 28 07:29:18.172114 localhost kernel: clocksource: jiffies: mask: 0xffffffff max_cycles: 0xffffffff, max_idle_ns: 6370867519511994 ns
May 28 07:29:18.172120 localhost kernel: futex hash table entries: 256 (order: 2, 16384 bytes, linear)
May 28 07:29:18.172125 localhost kernel: pinctrl core: initialized pinctrl subsystem
May 28 07:29:18.172130 localhost kernel: PM: RTC time: 07:29:16, date: 2024-05-28
May 28 07:29:18.172136 localhost kernel: NET: Registered PF_NETLINK/PF_ROUTE protocol family
May 28 07:29:18.172142 localhost kernel: DMA: preallocated 128 KiB GFP_KERNEL pool for atomic allocations
May 28 07:29:18.172147 localhost kernel: DMA: preallocated 128 KiB GFP_KERNEL|GFP_DMA pool for atomic allocations
May 28 07:29:18.172152 localhost kernel: DMA: preallocated 128 KiB GFP_KERNEL|GFP_DMA32 pool for atomic allocations
May 28 07:29:18.172157 localhost kernel: audit: initializing netlink subsys (disabled)
May 28 07:29:18.172162 localhost kernel: audit: type=2000 audit(1716881356.821:1): state=initialized audit_enabled=0 res=1
May 28 07:29:18.172167 localhost kernel: thermal_sys: Registered thermal governor 'fair_share'
May 28 07:29:18.172173 localhost kernel: thermal_sys: Registered thermal governor 'bang_bang'
May 28 07:29:18.172178 localhost kernel: thermal_sys: Registered thermal governor 'step_wise'
May 28 07:29:18.172183 localhost kernel: thermal_sys: Registered thermal governor 'user_space'
May 28 07:29:18.172188 localhost kernel: cpuidle: using governor ladder
May 28 07:29:18.172194 localhost kernel: cpuidle: using governor menu
May 28 07:29:18.172200 localhost kernel: acpiphp: ACPI Hot Plug PCI Controller Driver version: 0.5
May 28 07:29:18.172205 localhost kernel: PCI: Using configuration type 1 for base access
May 28 07:29:18.172210 localhost kernel: PCI: Using configuration type 1 for extended access
May 28 07:29:18.172215 localhost kernel: kprobes: kprobe jump-optimization is enabled. All kprobes are optimized if possible.
May 28 07:29:18.172220 localhost kernel: HugeTLB: registered 1.00 GiB page size, pre-allocated 0 pages
May 28 07:29:18.172225 localhost kernel: HugeTLB: 16380 KiB vmemmap can be freed for a 1.00 GiB page
May 28 07:29:18.172230 localhost kernel: HugeTLB: registered 2.00 MiB page size, pre-allocated 0 pages
May 28 07:29:18.172235 localhost kernel: HugeTLB: 28 KiB vmemmap can be freed for a 2.00 MiB page
May 28 07:29:18.172240 localhost kernel: Demotion targets for Node 0: null
May 28 07:29:18.172245 localhost kernel: ACPI: Added _OSI(Module Device)
May 28 07:29:18.172250 localhost kernel: ACPI: Added _OSI(Processor Device)
May 28 07:29:18.172257 localhost kernel: ACPI: Added _OSI(3.0 _SCP Extensions)
May 28 07:29:18.172262 localhost kernel: ACPI: Added _OSI(Processor Aggregator Device)
May 28 07:29:18.172267 localhost kernel: ACPI: 1 ACPI AML tables successfully acquired and loaded
May 28 07:29:18.172272 localhost kernel: ACPI: _OSC evaluation for CPUs failed, trying _PDC
May 28 07:29:18.172277 localhost kernel: ACPI: Interpreter enabled
May 28 07:29:18.172282 localhost kernel: ACPI: PM: (supports S0 S3 S4 S5)
May 28 07:29:18.172287 localhost kernel: ACPI: Using IOAPIC for interrupt routing
May 28 07:29:18.172293 localhost kernel: PCI: Using host bridge windows from ACPI; if necessary, use "pci=nocrs" and report a bug
May 28 07:29:18.172298 localhost kernel: PCI: Using E820 reservations for host bridge windows
May 28 07:29:18.172303 localhost kernel: ACPI: Enabled 2 GPEs in block 00 to 0F
May 28 07:29:18.172308 localhost kernel: ACPI: PCI Root Bridge [PCI0] (domain 0000 [bus 00-ff])
May 28 07:29:18.172473 localhost kernel: acpi PNP0A03:00: _OSC: OS supports [ExtendedConfig ASPM ClockPM Segments MSI EDR HPX-Type3]
May 28 07:29:18.172488 localhost kernel: acpiphp: Slot [3] registered
May 28 07:29:18.172494 localhost kernel: acpiphp: Slot [4] registered
May 28 07:29:18.172499 localhost kernel: acpiphp: Slot [5] registered
May 28 07:29:18.172504 localhost kernel: acpiphp: Slot [6] registered
May 28 07:29:18.172509 localhost kernel: acpiphp: Slot [7] registered
May 28 07:29:18.172514 localhost kernel: acpiphp: Slot [8] registered
May 28 07:29:18.172519 localhost kernel: acpiphp: Slot [9] registered
May 28 07:29:18.172524 localhost kernel: acpiphp: Slot [10] registered
May 28 07:29:18.172530 localhost kernel: acpiphp: Slot [11] registered
May 28 07:29:18.172534 localhost kernel: acpiphp: Slot [12] registered
May 28 07:29:18.172539 localhost kernel: acpiphp: Slot [13] registered
May 28 07:29:18.172546 localhost kernel: acpiphp: Slot [14] registered
May 28 07:29:18.172551 localhost kernel: acpiphp: Slot [15] registered
May 28 07:29:18.172556 localhost kernel: acpiphp: Slot [16] registered
May 28 07:29:18.172561 localhost kernel: acpiphp: Slot [17] registered
May 28 07:29:18.172566 localhost kernel: acpiphp: Slot [18] registered
May 28 07:29:18.172571 localhost kernel: acpiphp: Slot [19] registered
May 28 07:29:18.172576 localhost kernel: acpiphp: Slot [20] registered
May 28 07:29:18.172581 localhost kernel: acpiphp: Slot [21] registered
May 28 07:29:18.172586 localhost kernel: acpiphp: Slot [22] registered
May 28 07:29:18.172591 localhost kernel: acpiphp: Slot [23] registered
May 28 07:29:18.172596 localhost kernel: acpiphp: Slot [24] registered
May 28 07:29:18.172601 localhost kernel: acpiphp: Slot [25] registered
May 28 07:29:18.172608 localhost kernel: acpiphp: Slot [26] registered
May 28 07:29:18.172613 localhost kernel: acpiphp: Slot [27] registered
May 28 07:29:18.172618 localhost kernel: acpiphp: Slot [28] registered
May 28 07:29:18.172623 localhost kernel: acpiphp: Slot [29] registered
May 28 07:29:18.172628 localhost kernel: acpiphp: Slot [30] registered
May 28 07:29:18.172633 localhost kernel: acpiphp: Slot [31] registered
May 28 07:29:18.172638 localhost kernel: PCI host bridge to bus 0000:00
May 28 07:29:18.172764 localhost kernel: pci_bus 0000:00: root bus resource [io  0x0000-0x0cf7 window]
May 28 07:29:18.182933 localhost kernel: pci_bus 0000:00: root bus resource [io  0x0d00-0xffff window]
May 28 07:29:18.183050 localhost kernel: pci_bus 0000:00: root bus resource [mem 0x000a0000-0x000bffff window]
May 28 07:29:18.183157 localhost kernel: pci_bus 0000:00: root bus resource [mem 0x40000000-0xfebfffff window]
May 28 07:29:18.183264 localhost kernel: pci_bus 0000:00: root bus resource [mem 0x100000000-0x17fffffff window]
May 28 07:29:18.183365 localhost kernel: pci_bus 0000:00: root bus resource [bus 00-ff]
May 28 07:29:18.183495 localhost kernel: pci 0000:00:00.0: [8086:1237] type 00 class 0x060000 conventional PCI endpoint
May 28 07:29:18.183618 localhost kernel: pci 0000:00:01.0: [8086:7000] type 00 class 0x060100 conventional PCI endpoint
May 28 07:29:18.183738 localhost kernel: pci 0000:00:01.1: [8086:7010] type 00 class 0x010180 conventional PCI endpoint
May 28 07:29:18.183847 localhost kernel: pci 0000:00:01.1: BAR 4 [io  0xc1c0-0xc1cf]
May 28 07:29:18.183957 localhost kernel: pci 0000:00:01.1: BAR 0 [io  0x01f0-0x01f7]: legacy IDE quirk
May 28 07:29:18.184065 localhost kernel: pci 0000:00:01.1: BAR 1 [io  0x03f6]: legacy IDE quirk
May 28 07:29:18.184182 localhost kernel: pci 0000:00:01.1: BAR 2 [io  0x0170-0x0177]: legacy IDE quirk
May 28 07:29:18.184290 localhost kernel: pci 0000:00:01.1: BAR 3 [io  0x0376]: legacy IDE quirk
May 28 07:29:18.184407 localhost kernel: pci 0000:00:01.3: [8086:7113] type 00 class 0x068000 conventional PCI endpoint
May 28 07:29:18.184516 localhost kernel: pci 0000:00:01.3: quirk: [io  0x0600-0x063f] claimed by PIIX4 ACPI
May 28 07:29:18.184622 localhost kernel: pci 0000:00:01.3: quirk: [io  0x0700-0x070f] claimed by PIIX4 SMB
May 28 07:29:18.184740 localhost kernel: pci 0000:00:02.0: [1234:1111] type 00 class 0x030000 conventional PCI endpoint
May 28 07:29:18.184860 localhost kernel: pci 0000:00:02.0: BAR 0 [mem 0xfd000000-0xfdffffff pref]
May 28 07:29:18.184971 localhost kernel: pci 0000:00:02.0: BAR 2 [mem 0xfebd8000-0xfebd8fff]
May 28 07:29:18.185079 localhost kernel: pci 0000:00:02.0: ROM [mem 0xfebc0000-0xfebcffff pref]
May 28 07:29:18.185191 localhost kernel: pci 0000:00:02.0: Video device with shadowed ROM at [mem 0x000c0000-0x000dffff]
May 28 07:29:18.185309 localhost kernel: pci 0000:00:03.0: [8086:2668] type 00 class 0x040300 conventional PCI endpoint
May 28 07:29:18.185417 localhost kernel: pci 0000:00:03.0: BAR 0 [mem 0xfebd0000-0xfebd3fff]
May 28 07:29:18.185535 localhost kernel: pci 0000:00:04.0: [1af4:1000] type 00 class 0x020000 conventional PCI endpoint
May 28 07:29:18.185647 localhost kernel: pci 0000:00:04.0: BAR 0 [io  0xc180-0xc19f]
May 28 07:29:18.185757 localhost kernel: pci 0000:00:04.0: BAR 1 [mem 0xfebd9000-0xfebd9fff]
May 28 07:29:18.185866 localhost kernel: pci 0000:00:04.0: BAR 4 [mem 0xfe000000-0xfe003fff 64bit pref]
May 28 07:29:18.185974 localhost kernel: pci 0000:00:04.0: ROM [mem 0xfeb80000-0xfebbffff pref]
May 28 07:29:18.186092 localhost kernel: pci 0000:00:05.0: [1af4:1005] type 00 class 0x00ff00 conventional PCI endpoint
May 28 07:29:18.196358 localhost kernel: pci 0000:00:05.0: BAR 0 [io  0xc1a0-0xc1bf]
May 28 07:29:18.196483 localhost kernel: pci 0000:00:05.0: BAR 4 [mem 0xfe004000-0xfe007fff 64bit pref]
May 28 07:29:18.196607 localhost kernel: pci 0000:00:06.0: [1b36:000d] type 00 class 0x0c0330 conventional PCI endpoint
May 28 07:29:18.196720 localhost kernel: pci 0000:00:06.0: BAR 0 [mem 0xfebd4000-0xfebd7fff 64bit]
May 28 07:29:18.196865 localhost kernel: pci 0000:00:07.0: [1af4:1003] type 00 class 0x078000 conventional PCI endpoint
May 28 07:29:18.196979 localhost kernel: pci 0000:00:07.0: BAR 0 [io  0xc100-0xc13f]
May 28 07:29:18.197090 localhost kernel: pci 0000:00:07.0: BAR 1 [mem 0xfebda000-0xfebdafff]
May 28 07:29:18.197201 localhost kernel: pci 0000:00:07.0: BAR 4 [mem 0xfe008000-0xfe00bfff 64bit pref]
May 28 07:29:18.197325 localhost kernel: pci 0000:00:08.0: [1af4:1004] type 00 class 0x010000 conventional PCI endpoint
May 28 07:29:18.197435 localhost kernel: pci 0000:00:08.0: BAR 0 [io  0xc140-0xc17f]
May 28 07:29:18.197543 localhost kernel: pci 0000:00:08.0: BAR 1 [mem 0xfebdb000-0xfebdbfff]
May 28 07:29:18.197654 localhost kernel: pci 0000:00:08.0: BAR 4 [mem 0xfe00c000-0xfe00ffff 64bit pref]
May 28 07:29:18.197773 localhost kernel: pci 0000:00:09.0: [1af4:1001] type 00 class 0x010000 conventional PCI endpoint
May 28 07:29:18.197882 localhost kernel: pci 0000:00:09.0: BAR 0 [io  0xc000-0xc07f]
May 28 07:29:18.197989 localhost kernel: pci 0000:00:09.0: BAR 1 [mem 0xfebdc000-0xfebdcfff]
May 28 07:29:18.198097 localhost kernel: pci 0000:00:09.0: BAR 4 [mem 0xfe010000-0xfe013fff 64bit pref]
May 28 07:29:18.198215 localhost kernel: pci 0000:00:0a.0: [1af4:1001] type 00 class 0x010000 conventional PCI endpoint
May 28 07:29:18.198328 localhost kernel: pci 0000:00:0a.0: BAR 0 [io  0xc080-0xc0ff]
May 28 07:29:18.198436 localhost kernel: pci 0000:00:0a.0: BAR 1 [mem 0xfebdd000-0xfebddfff]
May 28 07:29:18.198543 localhost kernel: pci 0000:00:0a.0: BAR 4 [mem 0xfe014000-0xfe017fff 64bit pref]
May 28 07:29:18.198551 localhost kernel: ACPI: PCI: Interrupt link LNKA configured for IRQ 10
May 28 07:29:18.198557 localhost kernel: ACPI: PCI: Interrupt link LNKB configured for IRQ 10
May 28 07:29:18.198562 localhost kernel: ACPI: PCI: Interrupt link LNKC configured for IRQ 11
May 28 07:29:18.198567 localhost kernel: ACPI: PCI: Interrupt link LNKD configured for IRQ 11
May 28 07:29:18.198572 localhost kernel: ACPI: PCI: Interrupt link LNKS configured for IRQ 9
May 28 07:29:18.198578 localhost kernel: iommu: Default domain type: Passthrough
May 28 07:29:18.198583 localhost kernel: pps_core: LinuxPPS API ver. 1 registered
May 28 07:29:18.198588 localhost kernel: pps_core: Software ver. 5.3.6 - Copyright 2005-2007 Rodolfo Giometti <giometti@linux.it>
May 28 07:29:18.198596 localhost kernel: PTP clock support registered
May 28 07:29:18.198602 localhost kernel: EDAC MC: Ver: 3.0.0
May 28 07:29:18.198607 localhost kernel: NetLabel: Initializing
May 28 07:29:18.198612 localhost kernel: NetLabel:  domain hash size = 128
May 28 07:29:18.198617 localhost kernel: NetLabel:  protocols = UNLABELED CIPSOv4 CALIPSO
May 28 07:29:18.198622 localhost kernel: NetLabel:  unlabeled traffic allowed by default
May 28 07:29:18.198627 localhost kernel: mctp: management component transport protocol core
May 28 07:29:18.198632 localhost kernel: NET: Registered PF_MCTP protocol family
May 28 07:29:18.198637 localhost kernel: PCI: Using ACPI for IRQ routing
May 28 07:29:18.198643 localhost kernel: PCI: pci_cache_line_size set to 64 bytes
May 28 07:29:18.198648 localhost kernel: e820: reserve RAM buffer [mem 0x0009fc00-0x0009ffff]
May 28 07:29:18.198655 localhost kernel: e820: reserve RAM buffer [mem 0x3ffd9000-0x3fffffff]
May 28 07:29:18.198763 localhost kernel: pci 0000:00:02.0: vgaarb: setting as boot VGA device
May 28 07:29:18.198870 localhost kernel: pci 0000:00:02.0: vgaarb: bridge control possible
May 28 07:29:18.198976 localhost kernel: pci 0000:00:02.0: vgaarb: VGA device added: decodes=io+mem,owns=io+mem,locks=none
May 28 07:29:18.198984 localhost kernel: vgaarb: loaded
May 28 07:29:18.198990 localhost kernel: hpet0: at MMIO 0xfed00000, IRQs 2, 8, 0
May 28 07:29:18.198995 localhost kernel: hpet0: 3 comparators, 64-bit 100.000000 MHz counter
May 28 07:29:18.199000 localhost kernel: clocksource: Switched to clocksource kvm-clock
May 28 07:29:18.199005 localhost kernel: VFS: Disk quotas dquot_6.6.0
May 28 07:29:18.199011 localhost kernel: VFS: Dquot-cache hash table entries: 512 (order 0, 4096 bytes)
May 28 07:29:18.199016 localhost kernel: pnp: PnP ACPI init
May 28 07:29:18.199134 localhost kernel: pnp 00:02: [dma 2]
May 28 07:29:18.199146 localhost kernel: pnp: PnP ACPI: found 6 devices
May 28 07:29:18.199151 localhost kernel: clocksource: acpi_pm: mask: 0xffffff max_cycles: 0xffffff, max_idle_ns: 2085701024 ns
May 28 07:29:18.199156 localhost kernel: NET: Registered PF_INET protocol family
May 28 07:29:18.199162 localhost kernel: IP idents hash table entries: 16384 (order: 5, 131072 bytes, linear)
May 28 07:29:18.199167 localhost kernel: tcp_listen_portaddr_hash hash table entries: 512 (order: 1, 8192 bytes, linear)
May 28 07:29:18.199172 localhost kernel: Table-perturb hash table entries: 65536 (order: 6, 262144 bytes, linear)
May 28 07:29:18.199177 localhost kernel: TCP established hash table entries: 8192 (order: 4, 65536 bytes, linear)
May 28 07:29:18.199182 localhost kernel: TCP bind hash table entries: 8192 (order: 6, 262144 bytes, linear)
May 28 07:29:18.199188 localhost kernel: TCP: Hash tables configured (established 8192 bind 8192)
May 28 07:29:18.199193 localhost kernel: MPTCP token hash table entries: 1024 (order: 2, 24576 bytes, linear)
May 28 07:29:18.199200 localhost kernel: UDP hash table entries: 512 (order: 2, 16384 bytes, linear)
May 28 07:29:18.199205 localhost kernel: UDP-Lite hash table entries: 512 (order: 2, 16384 bytes, linear)
May 28 07:29:18.199210 localhost kernel: NET: Registered PF_UNIX/PF_LOCAL protocol family
May 28 07:29:18.199215 localhost kernel: NET: Registered PF_XDP protocol family
May 28 07:29:18.199316 localhost kernel: pci_bus 0000:00: resource 4 [io  0x0000-0x0cf7 window]
May 28 07:29:18.199415 localhost kernel: pci_bus 0000:00: resource 5 [io  0x0d00-0xffff window]
May 28 07:29:18.203893 localhost kernel: pci_bus 0000:00: resource 6 [mem 0x000a0000-0x000bffff window]
May 28 07:29:18.204007 localhost kernel: pci_bus 0000:00: resource 7 [mem 0x40000000-0xfebfffff window]
May 28 07:29:18.204111 localhost kernel: pci_bus 0000:00: resource 8 [mem 0x100000000-0x17fffffff window]
May 28 07:29:18.204227 localhost kernel: pci 0000:00:01.0: PIIX3: Enabling Passive Release
May 28 07:29:18.204341 localhost kernel: pci 0000:00:00.0: Limiting direct PCI/PCI transfers
May 28 07:29:18.204354 localhost kernel: ACPI: \_SB_.LNKB: Enabled at IRQ 10
May 28 07:29:18.204465 localhost kernel: pci 0000:00:06.0: quirk_usb_early_handoff+0x0/0x710 took 81453 usecs
May 28 07:29:18.204473 localhost kernel: PCI: CLS 0 bytes, default 64
May 28 07:29:18.204479 localhost kernel: clocksource: tsc: mask: 0xffffffffffffffff max_cycles: 0x1fb63109b96, max_idle_ns: 440795265316 ns
May 28 07:29:18.204485 localhost kernel: Initialise system trusted keyrings
May 28 07:29:18.204490 localhost kernel: Key type blacklist registered
May 28 07:29:18.204506 localhost kernel: workingset: timestamp_bits=36 max_order=18 bucket_order=0
May 28 07:29:18.204513 localhost kernel: zbud: loaded
May 28 07:29:18.204518 localhost kernel: Trying to unpack rootfs image as initramfs...
May 28 07:29:18.204523 localhost kernel: integrity: Platform Keyring initialized
May 28 07:29:18.204528 localhost kernel: integrity: Machine keyring initialized
May 28 07:29:18.204533 localhost kernel: Key type asymmetric registered
May 28 07:29:18.204539 localhost kernel: Asymmetric key parser 'x509' registered
May 28 07:29:18.204544 localhost kernel: Freeing initrd memory: 100008K
May 28 07:29:18.204549 localhost kernel: Block layer SCSI generic (bsg) driver version 0.4 loaded (major 247)
May 28 07:29:18.204554 localhost kernel: io scheduler mq-deadline registered
May 28 07:29:18.204559 localhost kernel: io scheduler kyber registered
May 28 07:29:18.204565 localhost kernel: io scheduler bfq registered
May 28 07:29:18.204571 localhost kernel: shpchp: Standard Hot Plug PCI Controller Driver version: 0.4
May 28 07:29:18.204577 localhost kernel: ACPI: \_SB_.LNKD: Enabled at IRQ 11
May 28 07:29:18.204582 localhost kernel: ACPI: \_SB_.LNKA: Enabled at IRQ 10
May 28 07:29:18.204588 localhost kernel: ACPI: \_SB_.LNKC: Enabled at IRQ 11
May 28 07:29:18.204593 localhost kernel: Serial: 8250/16550 driver, 32 ports, IRQ sharing enabled
May 28 07:29:18.204598 localhost kernel: 00:04: ttyS0 at I/O 0x3f8 (irq = 4, base_baud = 115200) is a 16550A
May 28 07:29:18.204603 localhost kernel: Non-volatile memory driver v1.3
May 28 07:29:18.204608 localhost kernel: Linux agpgart interface v0.103
May 28 07:29:18.204613 localhost kernel: ACPI: bus type drm_connector registered
May 28 07:29:18.204618 localhost kernel: i8042: PNP: PS/2 Controller [PNP0303:KBD,PNP0f13:MOU] at 0x60,0x64 irq 1,12
May 28 07:29:18.204624 localhost kernel: serio: i8042 KBD port at 0x60,0x64 irq 1
May 28 07:29:18.204631 localhost kernel: serio: i8042 AUX port at 0x60,0x64 irq 12
May 28 07:29:18.204636 localhost kernel: mousedev: PS/2 mouse device common for all mice
May 28 07:29:18.204641 localhost kernel: input: AT Translated Set 2 keyboard as /devices/platform/i8042/serio0/input/input0
May 28 07:29:18.204646 localhost kernel: input: VirtualPS/2 VMware VMMouse as /devices/platform/i8042/serio1/input/input3
May 28 07:29:18.204653 localhost kernel: input: VirtualPS/2 VMware VMMouse as /devices/platform/i8042/serio1/input/input2
May 28 07:29:18.204791 localhost kernel: rtc_cmos 00:05: RTC can wake from S4
May 28 07:29:18.204902 localhost kernel: rtc_cmos 00:05: registered as rtc0
May 28 07:29:18.205005 localhost kernel: rtc_cmos 00:05: setting system clock to 2024-05-28T07:29:17 UTC (1716881357)
May 28 07:29:18.205107 localhost kernel: rtc_cmos 00:05: alarms up to one day, y3k, 242 bytes nvram, hpet irqs
May 28 07:29:18.205115 localhost kernel: amd_pstate: the _CPC object is not present in SBIOS or ACPI disabled
May 28 07:29:18.205121 localhost kernel: ledtrig-cpu: registered to indicate activity on CPUs
May 28 07:29:18.205127 localhost kernel: [drm] Initialized simpledrm 1.0.0 20200625 for simple-framebuffer.0 on minor 0
May 28 07:29:18.205132 localhost kernel: Console: switching to colour frame buffer device 100x37
May 28 07:29:18.205257 localhost kernel: simple-framebuffer simple-framebuffer.0: [drm] fb0: simpledrmdrmfb frame buffer device
May 28 07:29:18.205270 localhost kernel: hid: raw HID events driver (C) Jiri Kosina
May 28 07:29:18.205276 localhost kernel: drop_monitor: Initializing network drop monitor service
May 28 07:29:18.205281 localhost kernel: NET: Registered PF_INET6 protocol family
May 28 07:29:18.205286 localhost kernel: Segment Routing with IPv6
May 28 07:29:18.205292 localhost kernel: RPL Segment Routing with IPv6
May 28 07:29:18.205297 localhost kernel: In-situ OAM (IOAM) with IPv6
May 28 07:29:18.205302 localhost kernel: IPI shorthand broadcast: enabled
May 28 07:29:18.205307 localhost kernel: sched_clock: Marking stable (940002422, -973921)->(1003375282, -64346781)
May 28 07:29:18.205312 localhost kernel: registered taskstats version 1
May 28 07:29:18.205317 localhost kernel: Loading compiled-in X.509 certificates
May 28 07:29:18.205323 localhost kernel: Loaded X.509 cert 'openSUSE Secure Boot Signkey: fd9f2c12e599d67cc7f9067541adf426b712469e'
May 28 07:29:18.205330 localhost kernel: page_owner is disabled
May 28 07:29:18.205335 localhost kernel: Key type .fscrypt registered
May 28 07:29:18.205340 localhost kernel: Key type fscrypt-provisioning registered
May 28 07:29:18.205345 localhost kernel: Key type encrypted registered
May 28 07:29:18.205350 localhost kernel: ima: No TPM chip found, activating TPM-bypass!
May 28 07:29:18.205356 localhost kernel: Loading compiled-in module X.509 certificates
May 28 07:29:18.205361 localhost kernel: Loaded X.509 cert 'openSUSE Secure Boot Signkey: fd9f2c12e599d67cc7f9067541adf426b712469e'
May 28 07:29:18.205366 localhost kernel: ima: Allocated hash algorithm: sha256
May 28 07:29:18.205371 localhost kernel: ima: No architecture policies found
May 28 07:29:18.205376 localhost kernel: evm: Initialising EVM extended attributes:
May 28 07:29:18.205382 localhost kernel: evm: security.selinux
May 28 07:29:18.205387 localhost kernel: evm: security.SMACK64 (disabled)
May 28 07:29:18.205394 localhost kernel: evm: security.SMACK64EXEC (disabled)
May 28 07:29:18.205399 localhost kernel: evm: security.SMACK64TRANSMUTE (disabled)
May 28 07:29:18.205404 localhost kernel: evm: security.SMACK64MMAP (disabled)
May 28 07:29:18.205409 localhost kernel: evm: security.apparmor
May 28 07:29:18.205414 localhost kernel: evm: security.ima
May 28 07:29:18.205419 localhost kernel: evm: security.capability
May 28 07:29:18.205424 localhost kernel: evm: HMAC attrs: 0x1
May 28 07:29:18.205429 localhost kernel: PM:   Magic number: 8:764:471
May 28 07:29:18.205434 localhost kernel: RAS: Correctable Errors collector initialized.
May 28 07:29:18.205439 localhost kernel: clk: Disabling unused clocks
May 28 07:29:18.205444 localhost kernel: PM: genpd: Disabling unused power domains
May 28 07:29:18.205450 localhost kernel: Freeing unused decrypted memory: 2028K
May 28 07:29:18.205455 localhost kernel: Freeing unused kernel image (initmem) memory: 4224K
May 28 07:29:18.205462 localhost kernel: Write protecting the kernel read-only data: 30720k
May 28 07:29:18.205467 localhost kernel: Freeing unused kernel image (rodata/data gap) memory: 1316K
May 28 07:29:18.205472 localhost kernel: Run /init as init process
May 28 07:29:18.205477 localhost kernel:   with arguments:
May 28 07:29:18.205483 localhost kernel:     /init
May 28 07:29:18.205488 localhost kernel:   with environment:
May 28 07:29:18.205493 localhost kernel:     HOME=/
May 28 07:29:18.205498 localhost kernel:     TERM=linux
May 28 07:29:18.205503 localhost kernel:     BOOT_IMAGE=/boot/vmlinuz-6.9.1-1-default
May 28 07:29:18.205510 localhost systemd[1]: systemd 255.6+suse.30.g3ea0e1dff3 running in system mode (+PAM +AUDIT +SELINUX +APPARMOR +IMA -SMACK +SECCOMP +GCRYPT +GNUTLS +OPENSSL +ACL +BLKID +CURL +ELFUTILS +FIDO2 +IDN2 -IDN +IPTC +KMOD +LIBCRYPTSETUP +LIBFDISK +PCRE2 +PWQUALITY +P11KIT +QRENCODE +TPM2 +BZIP2 +LZ4 +XZ +ZLIB +ZSTD +BPF_FRAMEWORK -XKBCOMMON -UTMP +SYSVINIT default-hierarchy=unified)
May 28 07:29:18.205519 localhost systemd[1]: Detected virtualization kvm.
May 28 07:29:18.205525 localhost systemd[1]: Detected architecture x86-64.
May 28 07:29:18.205531 localhost systemd[1]: Running in initrd.
May 28 07:29:18.205536 localhost systemd[1]: No hostname configured, using default hostname.
May 28 07:29:18.205542 localhost systemd[1]: Hostname set to <localhost>.
May 28 07:29:18.205548 localhost systemd[1]: Initializing machine ID from random generator.
May 28 07:29:18.205553 localhost systemd[1]: bpf-lsm: LSM BPF program attached
May 28 07:29:18.205559 localhost systemd[1]: Queued start job for default target Initrd Default Target.
May 28 07:29:18.205565 localhost systemd[1]: Started Dispatch Password Requests to Console Directory Watch.
May 28 07:29:18.205570 localhost systemd[1]: Expecting device /dev/disk/by-uuid/8bc5a620-43f2-4cb4-bc93-ae33026e601c...
May 28 07:29:18.205576 localhost systemd[1]: Reached target Local Encrypted Volumes.
May 28 07:29:18.205583 localhost systemd[1]: Reached target Initrd /usr File System.
May 28 07:29:18.205589 localhost systemd[1]: Reached target Path Units.
May 28 07:29:18.205595 localhost systemd[1]: Reached target Slice Units.
May 28 07:29:18.205600 localhost systemd[1]: Reached target Swaps.
May 28 07:29:18.205606 localhost systemd[1]: Reached target Timer Units.
May 28 07:29:18.205611 localhost systemd[1]: Listening on D-Bus System Message Bus Socket.
May 28 07:29:18.205617 localhost systemd[1]: Listening on Journal Socket (/dev/log).
May 28 07:29:18.205622 localhost systemd[1]: Listening on Journal Socket.
May 28 07:29:18.205628 localhost systemd[1]: Listening on udev Control Socket.
May 28 07:29:18.205633 localhost systemd[1]: Listening on udev Kernel Socket.
May 28 07:29:18.205641 localhost systemd[1]: Reached target Socket Units.
May 28 07:29:18.205646 localhost systemd[1]: Starting Create List of Static Device Nodes...
May 28 07:29:18.205652 localhost systemd[1]: Starting Journal Service...
May 28 07:29:18.205657 localhost systemd[1]: Load Kernel Modules was skipped because no trigger condition checks were met.
May 28 07:29:18.205663 localhost systemd[1]: Starting Apply Kernel Variables...
May 28 07:29:18.205669 localhost systemd[1]: Starting Virtual Console Setup...
May 28 07:29:18.205674 localhost systemd[1]: Finished Create List of Static Device Nodes.
May 28 07:29:18.205680 localhost systemd[1]: Starting Create Static Device Nodes in /dev gracefully...
May 28 07:29:18.205685 localhost systemd[1]: Finished Apply Kernel Variables.
May 28 07:29:18.205712 localhost systemd-journald[185]: Collecting audit messages is disabled.
May 28 07:29:18.205728 localhost systemd[1]: Finished Create Static Device Nodes in /dev gracefully.
May 28 07:29:18.205734 localhost systemd[1]: Starting Create Static Device Nodes in /dev...
May 28 07:29:18.205741 localhost systemd-journald[185]: Journal started
May 28 07:29:18.205756 localhost systemd-journald[185]: Runtime Journal (/run/log/journal/1eac57fcfb384d6f99d1fc486bc9b999) is 2.4M, max 19.3M, 16.9M free.
May 28 07:29:18.216164 localhost systemd[1]: Started Journal Service.
May 28 07:29:18.209596 localhost systemd[1]: Starting Create Volatile Files and Directories...
May 28 07:29:18.226603 localhost systemd[1]: Finished Create Static Device Nodes in /dev.
May 28 07:29:18.226777 localhost systemd[1]: Reached target Preparation for Local File Systems.
May 28 07:29:18.226834 localhost systemd[1]: Reached target Local File Systems.
May 28 07:29:18.240085 localhost systemd[1]: Finished Create Volatile Files and Directories.
May 28 07:29:18.250195 localhost systemd[1]: Finished Virtual Console Setup.
May 28 07:29:18.262954 localhost systemd[1]: Starting dracut ask for additional cmdline parameters...
May 28 07:29:18.275036 localhost systemd[1]: Finished dracut ask for additional cmdline parameters.
May 28 07:29:18.286285 localhost systemd[1]: Starting dracut cmdline hook...
May 28 07:29:18.296396 localhost dracut-cmdline[222]: dracut-059+suse.588.g528264be-1.1
May 28 07:29:18.299208 localhost dracut-cmdline[222]: Using kernel command line parameters:  rd.driver.pre=btrfs rd.driver.pre=overlay   BOOT_IMAGE=/boot/vmlinuz-6.9.1-1-default root=UUID=8bc5a620-43f2-4cb4-bc93-ae33026e601c rd.timeout=60 rd.retry=45 quiet systemd.show_status=yes console=ttyS0,115200 console=tty0 ignition.platform.id=qemu security=selinux selinux=1
May 28 07:29:18.384287 localhost systemd[1]: Finished dracut cmdline hook.
May 28 07:29:18.399619 localhost systemd[1]: Starting dracut pre-udev hook...
May 28 07:29:18.422828 localhost kernel: device-mapper: uevent: version 1.0.3
May 28 07:29:18.422850 localhost kernel: device-mapper: ioctl: 4.48.0-ioctl (2023-03-01) initialised: dm-devel@lists.linux.dev
May 28 07:29:18.659492 localhost kernel: raid6: avx2x4   gen() 37509 MB/s
May 28 07:29:18.659515 localhost kernel: raid6: avx2x2   gen() 39520 MB/s
May 28 07:29:18.659524 localhost kernel: raid6: avx2x1   gen() 28607 MB/s
May 28 07:29:18.659531 localhost kernel: raid6: using algorithm avx2x2 gen() 39520 MB/s
May 28 07:29:18.659538 localhost kernel: raid6: .... xor() 31548 MB/s, rmw enabled
May 28 07:29:18.659545 localhost kernel: raid6: using avx2x2 recovery algorithm
May 28 07:29:18.662858 localhost kernel: xor: automatically using best checksumming function   avx       
May 28 07:29:18.772830 localhost kernel: Btrfs loaded, assert=on, zoned=yes, fsverity=yes
May 28 07:29:18.790343 localhost systemd[1]: Finished dracut pre-udev hook.
May 28 07:29:18.806269 localhost systemd[1]: Starting Rule-based Manager for Device Events and Files...
May 28 07:29:18.818845 localhost systemd-udevd[385]: Using default interface naming scheme 'v255'.
May 28 07:29:18.822299 localhost systemd[1]: Started Rule-based Manager for Device Events and Files.
May 28 07:29:18.832960 localhost systemd[1]: Starting dracut pre-trigger hook...
May 28 07:29:18.844339 localhost dracut-pre-trigger[386]: rd.md=0: removing MD RAID activation
May 28 07:29:18.870793 localhost systemd[1]: Finished dracut pre-trigger hook.
May 28 07:29:18.879711 localhost systemd[1]: Starting Coldplug All udev Devices...
May 28 07:29:18.980098 localhost systemd[1]: Finished Coldplug All udev Devices.
May 28 07:29:19.042849 localhost kernel: input: Power Button as /devices/LNXSYSTM:00/LNXPWRBN:00/input/input4
May 28 07:29:19.076161 localhost kernel: ACPI: button: Power Button [PWRF]
May 28 07:29:19.094497 localhost kernel: virtio_blk virtio4: 1/0/0 default/read/poll queues
May 28 07:29:19.094865 localhost kernel: virtio_blk virtio4: [vda] 62914560 512-byte logical blocks (32.2 GB/30.0 GiB)
May 28 07:29:19.115036 localhost kernel: FDC 0 is a S82078B
May 28 07:29:19.126206 localhost kernel: cryptd: max_cpu_qlen set to 1000
May 28 07:29:19.149571 localhost kernel: Console: switching to colour dummy device 80x25
May 28 07:29:19.149625 localhost kernel: SCSI subsystem initialized
May 28 07:29:19.156328 localhost kernel: AVX2 version of gcm_enc/dec engaged.
May 28 07:29:19.156347 localhost kernel: AES CTR mode by8 optimization enabled
May 28 07:29:19.167197 localhost kernel: ACPI: bus type USB registered
May 28 07:29:19.167217 localhost kernel: usbcore: registered new interface driver usbfs
May 28 07:29:19.167226 localhost kernel: usbcore: registered new interface driver hub
May 28 07:29:19.167234 localhost kernel: usbcore: registered new device driver usb
May 28 07:29:19.179489 localhost kernel: bochs-drm 0000:00:02.0: vgaarb: deactivate vga console
May 28 07:29:19.179681 localhost kernel: [drm] Found bochs VGA, ID 0xb0c5.
May 28 07:29:19.179691 localhost kernel: [drm] Framebuffer size 16384 kB @ 0xfd000000, mmio @ 0xfebd8000.
May 28 07:29:19.192836 localhost kernel: [drm] Found EDID data blob.
May 28 07:29:19.199349 localhost kernel: [drm] Initialized bochs-drm 1.0.0 20130925 for 0000:00:02.0 on minor 0
May 28 07:29:19.253074 localhost kernel: fbcon: bochs-drmdrmfb (fb0) is primary device
May 28 07:29:19.200892 localhost systemd[1]: Reached target System Initialization.
May 28 07:29:19.296162 localhost kernel: virtio_scsi virtio3: 1/0/0 default/read/poll queues
May 28 07:29:19.296377 localhost kernel: scsi host0: Virtio SCSI HBA
May 28 07:29:19.296533 localhost kernel: GPT:Primary header thinks Alt. header is not at the end of the disk.
May 28 07:29:19.296543 localhost kernel: GPT:41943039 != 62914559
May 28 07:29:19.296550 localhost kernel: GPT:Alternate GPT header not at the end of the disk.
May 28 07:29:19.296557 localhost kernel: GPT:41943039 != 62914559
May 28 07:29:19.296564 localhost kernel: GPT: Use GNU Parted to correct GPT errors.
May 28 07:29:19.296577 localhost kernel:  vda: vda1 vda2 vda3
May 28 07:29:19.317030 localhost kernel: virtio_blk virtio5: 1/0/0 default/read/poll queues
May 28 07:29:19.317189 localhost kernel: virtio_blk virtio5: [vdb] 20480 512-byte logical blocks (10.5 MB/10.0 MiB)
May 28 07:29:19.319734 localhost kernel: libata version 3.00 loaded.
May 28 07:29:19.329493 localhost kernel: virtio_net virtio0 ens4: renamed from eth0
May 28 07:29:19.332828 localhost kernel: ata_piix 0000:00:01.1: version 2.13
May 28 07:29:19.349536 localhost kernel: scsi host1: ata_piix
May 28 07:29:19.356221 localhost kernel: scsi host2: ata_piix
May 28 07:29:19.356382 localhost kernel: ata1: PATA max MWDMA2 cmd 0x1f0 ctl 0x3f6 bmdma 0xc1c0 irq 14 lpm-pol 0
May 28 07:29:19.356398 localhost kernel: ata2: PATA max MWDMA2 cmd 0x170 ctl 0x376 bmdma 0xc1c8 irq 15 lpm-pol 0
May 28 07:29:19.382881 localhost kernel: xhci_hcd 0000:00:06.0: xHCI Host Controller
May 28 07:29:19.383049 localhost kernel: xhci_hcd 0000:00:06.0: new USB bus registered, assigned bus number 1
May 28 07:29:19.404600 localhost kernel: Console: switching to colour frame buffer device 128x48
May 28 07:29:19.404655 localhost kernel: xhci_hcd 0000:00:06.0: hcc params 0x00087001 hci version 0x100 quirks 0x0000000000000010
May 28 07:29:19.404935 localhost kernel: xhci_hcd 0000:00:06.0: xHCI Host Controller
May 28 07:29:19.405099 localhost kernel: xhci_hcd 0000:00:06.0: new USB bus registered, assigned bus number 2
May 28 07:29:19.405255 localhost kernel: xhci_hcd 0000:00:06.0: Host supports USB 3.0 SuperSpeed
May 28 07:29:19.406748 localhost kernel: usb usb1: New USB device found, idVendor=1d6b, idProduct=0002, bcdDevice= 6.09
May 28 07:29:19.406963 localhost kernel: usb usb1: New USB device strings: Mfr=3, Product=2, SerialNumber=1
May 28 07:29:19.407115 localhost kernel: usb usb1: Product: xHCI Host Controller
May 28 07:29:19.407265 localhost kernel: usb usb1: Manufacturer: Linux 6.9.1-1-default xhci-hcd
May 28 07:29:19.407404 localhost kernel: usb usb1: SerialNumber: 0000:00:06.0
May 28 07:29:19.407541 localhost kernel: hub 1-0:1.0: USB hub found
May 28 07:29:19.407719 localhost kernel: hub 1-0:1.0: 4 ports detected
May 28 07:29:19.407874 localhost kernel: usb usb2: We don't know the algorithms for LPM for this host, disabling LPM.
May 28 07:29:19.410451 localhost kernel: usb usb2: New USB device found, idVendor=1d6b, idProduct=0003, bcdDevice= 6.09
May 28 07:29:19.410616 localhost kernel: usb usb2: New USB device strings: Mfr=3, Product=2, SerialNumber=1
May 28 07:29:19.410739 localhost kernel: usb usb2: Product: xHCI Host Controller
May 28 07:29:19.410853 localhost kernel: usb usb2: Manufacturer: Linux 6.9.1-1-default xhci-hcd
May 28 07:29:19.410963 localhost kernel: usb usb2: SerialNumber: 0000:00:06.0
May 28 07:29:19.411073 localhost kernel: hub 2-0:1.0: USB hub found
May 28 07:29:19.411217 localhost kernel: hub 2-0:1.0: 4 ports detected
May 28 07:29:19.555336 localhost kernel: bochs-drm 0000:00:02.0: [drm] fb0: bochs-drmdrmfb frame buffer device
May 28 07:29:19.555502 localhost kernel: ata2: found unknown device (class 0)
May 28 07:29:19.550174 localhost systemd[1]: Reached target Basic System.
May 28 07:29:19.554476 localhost systemd[1]: systemd-vconsole-setup.service: Deactivated successfully.
May 28 07:29:19.554650 localhost systemd[1]: Stopped Virtual Console Setup.
May 28 07:29:19.554755 localhost systemd[1]: Stopping Virtual Console Setup...
May 28 07:29:19.562989 localhost kernel: ata2.00: ATAPI: QEMU DVD-ROM, 2.5+, max UDMA/100
May 28 07:29:19.563009 localhost kernel: scsi 2:0:0:0: CD-ROM            QEMU     QEMU DVD-ROM     2.5+ PQ: 0 ANSI: 5
May 28 07:29:19.569139 localhost systemd[1]: Starting Virtual Console Setup...
May 28 07:29:19.582418 localhost systemd[1]: systemd-vconsole-setup.service: Deactivated successfully.
May 28 07:29:19.582615 localhost systemd[1]: Stopped Virtual Console Setup.
May 28 07:29:19.593943 localhost kernel: scsi 2:0:0:0: Attached scsi generic sg0 type 5
May 28 07:29:19.612205 localhost systemd[1]: Starting Virtual Console Setup...
May 28 07:29:19.649493 localhost kernel: sr 2:0:0:0: [sr0] scsi3-mmc drive: 4x/4x cd/rw xa/form2 tray
May 28 07:29:19.649665 localhost kernel: cdrom: Uniform CD-ROM driver Revision: 3.20
May 28 07:29:19.662877 localhost kernel: sr 2:0:0:0: Attached scsi CD-ROM sr0
May 28 07:29:19.794786 localhost systemd[1]: Found device /dev/disk/by-uuid/8bc5a620-43f2-4cb4-bc93-ae33026e601c.
May 28 07:29:19.794938 localhost systemd[1]: Reached target Initrd Root Device.
May 28 07:29:19.816522 localhost systemd[1]: Starting Detect Firstboot...
May 28 07:29:19.852829 localhost kernel: usb 1-1: new high-speed USB device number 2 using xhci_hcd
May 28 07:29:19.865372 localhost systemd[1]: Finished Virtual Console Setup.
May 28 07:29:19.872921 localhost kernel: BTRFS: device label ROOT devid 1 transid 12 /dev/vda3 (253:3) scanned by mount (534)
May 28 07:29:19.876178 localhost kernel: BTRFS info (device vda3): first mount of filesystem 8bc5a620-43f2-4cb4-bc93-ae33026e601c
May 28 07:29:19.876210 localhost kernel: BTRFS info (device vda3): using crc32c (crc32c-intel) checksum algorithm
May 28 07:29:19.876219 localhost kernel: BTRFS info (device vda3): using free-space-tree
May 28 07:29:19.904737 localhost firstboot-detect[525]: Firstboot detected
May 28 07:29:19.910958 localhost systemd[1]: Reloading requested from client PID 556 ('systemctl') (unit firstboot-detect.service)...
May 28 07:29:19.910967 localhost systemd[1]: Reloading...
May 28 07:29:19.992845 localhost kernel: usb 1-1: New USB device found, idVendor=0627, idProduct=0001, bcdDevice= 0.00
May 28 07:29:19.993053 localhost kernel: usb 1-1: New USB device strings: Mfr=1, Product=3, SerialNumber=10
May 28 07:29:19.993229 localhost kernel: usb 1-1: Product: QEMU USB Tablet
May 28 07:29:19.993389 localhost kernel: usb 1-1: Manufacturer: QEMU
May 28 07:29:19.993546 localhost kernel: usb 1-1: SerialNumber: 28754-0000:00:06.0-1
May 28 07:29:20.001047 localhost kernel: usbcore: registered new interface driver usbhid
May 28 07:29:20.001067 localhost kernel: usbhid: USB HID core driver
May 28 07:29:20.008060 localhost kernel: input: QEMU QEMU USB Tablet as /devices/pci0000:00/0000:00:06.0/usb1/1-1/1-1:1.0/0003:0627:0001.0001/input/input5
May 28 07:29:20.008079 localhost kernel: hid-generic 0003:0627:0001.0001: input,hidraw0: USB HID v0.01 Mouse [QEMU QEMU USB Tablet] on usb-0000:00:06.0-1/input0
May 28 07:29:20.095997 localhost systemd[1]: Reloading finished in 184 ms.
May 28 07:29:20.116357 localhost systemd[1]: Starting Ignition User Config Setup...
May 28 07:29:20.136275 localhost kernel: BTRFS info (device vda3): last unmount of filesystem 8bc5a620-43f2-4cb4-bc93-ae33026e601c
May 28 07:29:20.146532 localhost systemd[1]: firstboot-detect.service: Deactivated successfully.
May 28 07:29:20.146686 localhost systemd[1]: Finished Detect Firstboot.
May 28 07:29:20.182337 localhost ignition-setup-user[608]: File /mnt/boot_partition/ignition/config.ign does not exist.. Skipping copy
May 28 07:29:20.182837 localhost kernel: EXT4-fs (vdb): mounted filesystem ee8647d4-8463-436f-bec3-9a34d06f5408 r/w with ordered data mode. Quota mode: none.
May 28 07:29:20.182855 localhost kernel: ext4 filesystem being mounted at /mnt/boot_partition supports timestamps until 2038-01-19 (0x7fffffff)
May 28 07:29:20.184675 localhost systemd[1]: Finished Ignition User Config Setup.
May 28 07:29:20.186159 localhost kernel: EXT4-fs (vdb): unmounting filesystem ee8647d4-8463-436f-bec3-9a34d06f5408.
May 28 07:29:20.196338 localhost systemd[1]: Starting Combustion (preparations)...
May 28 07:29:20.202924 localhost systemd[1]: Starting Ignition (fetch-offline)...
May 28 07:29:20.210029 localhost (ignition)[619]: ignition-fetch-offline.service: Referenced but unset environment variable evaluates to an empty string: IGNITION_ARGS
May 28 07:29:20.226186 localhost kernel: EXT4-fs (vdb): mounted filesystem ee8647d4-8463-436f-bec3-9a34d06f5408 ro with ordered data mode. Quota mode: none.
May 28 07:29:20.228943 localhost systemd[1]: run-combustion-mount.mount: Deactivated successfully.
May 28 07:29:20.231432 localhost ignition[619]: Ignition 2.18.0
May 28 07:29:20.232874 localhost kernel: EXT4-fs (vdb): unmounting filesystem ee8647d4-8463-436f-bec3-9a34d06f5408.
May 28 07:29:20.232911 localhost ignition[619]: Stage: fetch-offline
May 28 07:29:20.232968 localhost ignition[619]: no config dir at "/usr/lib/ignition/base.d"
May 28 07:29:20.233004 localhost ignition[619]: no config dir at "/usr/lib/ignition/base.platform.d/qemu"
May 28 07:29:20.233114 localhost ignition[619]: parsed url from cmdline: ""
May 28 07:29:20.233636 localhost ignition[619]: no config URL provided
May 28 07:29:20.233678 localhost ignition[619]: reading system config file "/usr/lib/ignition/user.ign"
May 28 07:29:20.233717 localhost ignition[619]: no config at "/usr/lib/ignition/user.ign"
May 28 07:29:20.233765 localhost ignition[619]: op(1): [started]  loading QEMU firmware config module
May 28 07:29:20.233794 localhost ignition[619]: op(1): executing: "modprobe" "qemu_fw_cfg"
May 28 07:29:20.240548 localhost ignition[619]: op(1): [finished] loading QEMU firmware config module
May 28 07:29:20.240606 localhost ignition[619]: QEMU firmware config was not found. Ignoring...
May 28 07:29:20.240646 localhost ignition[619]: parsing config with SHA512: cf83e1357eefb8bdf1542850d66d8007d620e4050b5715dc83f4a921d36ce9ce47d0d13c5d85f2b0ff8318d2877eec2f63b931bd47417a81a538327af927da3e
May 28 07:29:20.240674 localhost ignition[619]: not a config (empty): provider config was empty, continuing with empty cache config
May 28 07:29:20.241174 localhost ignition[619]: fetched base config from "system"
May 28 07:29:20.241896 localhost ignition[619]: fetch-offline: fetch-offline passed
May 28 07:29:20.242011 localhost ignition[619]: Ignition finished successfully
May 28 07:29:20.245666 localhost systemd[1]: Finished Ignition (fetch-offline).
May 28 07:29:20.268503 localhost systemd[1]: combustion-prepare.service: Deactivated successfully.
May 28 07:29:20.268832 localhost systemd[1]: Finished Combustion (preparations).
May 28 07:29:20.270246 localhost systemd[1]: Start network if needed was skipped because no trigger condition checks were met.
May 28 07:29:20.282941 localhost systemd[1]: Starting nm-initrd.service...
May 28 07:29:20.295359 localhost NetworkManager[665]: <info>  [1716881360.2953] NetworkManager (version 1.44.4) is starting... (boot:ca31eb9a-e68e-4c73-aab9-a2a76886dcf1)
May 28 07:29:20.295601 localhost NetworkManager[665]: <info>  [1716881360.2955] Read config: /etc/NetworkManager/NetworkManager.conf (lib: initrd-no-auto-default.conf) (run: 15-carrier-timeout.conf)
May 28 07:29:20.309583 localhost systemd[1]: Starting D-Bus System Message Bus...
May 28 07:29:20.314673 localhost systemd[1]: Started D-Bus System Message Bus.
May 28 07:29:20.321304 localhost NetworkManager[665]: <info>  [1716881360.3212] manager[0x556f4bf9e150]: monitoring kernel firmware directory '/lib/firmware'.
May 28 07:29:20.322145 localhost NetworkManager[665]: <info>  [1716881360.3221] hostname: hostname: couldn't get property from hostnamed
May 28 07:29:20.322461 localhost NetworkManager[665]: <info>  [1716881360.3224] dns-mgr: init: dns=default,systemd-resolved rc-manager=symlink (auto)
May 28 07:29:20.323048 localhost NetworkManager[665]: <info>  [1716881360.3230] policy: set-hostname: set hostname to 'localhost.localdomain' (no hostname found)
May 28 07:29:20.328157 localhost.localdomain NetworkManager[665]: <info>  [1716881360.3281] manager[0x556f4bf9e150]: rfkill: Wi-Fi hardware radio set enabled
May 28 07:29:20.328218 localhost.localdomain NetworkManager[665]: <info>  [1716881360.3282] manager[0x556f4bf9e150]: rfkill: WWAN hardware radio set enabled
May 28 07:29:20.329186 localhost.localdomain NetworkManager[665]: <info>  [1716881360.3291] manager: rfkill: Wi-Fi enabled by radio killswitch; enabled by state file
May 28 07:29:20.329328 localhost.localdomain NetworkManager[665]: <info>  [1716881360.3293] manager: rfkill: WWAN enabled by radio killswitch; enabled by state file
May 28 07:29:20.329452 localhost.localdomain NetworkManager[665]: <info>  [1716881360.3294] manager: Networking is enabled by state file
May 28 07:29:20.329783 localhost.localdomain NetworkManager[665]: <info>  [1716881360.3297] settings: Loaded settings plugin: keyfile (internal)
May 28 07:29:20.331044 localhost.localdomain NetworkManager[665]: <info>  [1716881360.3310] dhcp: init: Using DHCP client 'internal'
May 28 07:29:20.331338 localhost.localdomain NetworkManager[665]: <info>  [1716881360.3312] manager: (lo): new Loopback device (/org/freedesktop/NetworkManager/Devices/1)
May 28 07:29:20.332479 localhost.localdomain NetworkManager[665]: <info>  [1716881360.3324] device (lo): state change: unmanaged -> unavailable (reason 'connection-assumed', sys-iface-state: 'external')
May 28 07:29:20.333145 localhost.localdomain NetworkManager[665]: <info>  [1716881360.3331] device (lo): state change: unavailable -> disconnected (reason 'connection-assumed', sys-iface-state: 'external')
May 28 07:29:20.333507 localhost.localdomain NetworkManager[665]: <info>  [1716881360.3334] device (lo): Activation: starting connection 'lo' (333e9f63-de27-4cc9-98ea-45f7f9d97b62)
May 28 07:29:20.334062 localhost.localdomain NetworkManager[665]: <info>  [1716881360.3340] manager: (ens4): new Ethernet device (/org/freedesktop/NetworkManager/Devices/2)
May 28 07:29:20.334201 localhost.localdomain NetworkManager[665]: <info>  [1716881360.3341] device (ens4): state change: unmanaged -> unavailable (reason 'managed', sys-iface-state: 'external')
May 28 07:29:20.336319 localhost.localdomain systemd[1]: Started nm-initrd.service.
May 28 07:29:20.337155 localhost.localdomain systemd[1]: Reached target Network.
May 28 07:29:20.337216 localhost.localdomain systemd[1]: Ignition (fetch) was skipped because of an unmet condition check (ConditionPathExists=!/run/ignition.json).
May 28 07:29:20.342664 localhost.localdomain NetworkManager[665]: <info>  [1716881360.3426] bus-manager: acquired D-Bus service "org.freedesktop.NetworkManager"
May 28 07:29:20.342880 localhost.localdomain NetworkManager[665]: <info>  [1716881360.3428] device (lo): state change: disconnected -> prepare (reason 'none', sys-iface-state: 'external')
May 28 07:29:20.343001 localhost.localdomain NetworkManager[665]: <info>  [1716881360.3429] device (lo): state change: prepare -> config (reason 'none', sys-iface-state: 'external')
May 28 07:29:20.343089 localhost.localdomain NetworkManager[665]: <info>  [1716881360.3430] device (lo): state change: config -> ip-config (reason 'none', sys-iface-state: 'external')
May 28 07:29:20.343174 localhost.localdomain NetworkManager[665]: <info>  [1716881360.3431] device (ens4): carrier: link connected
May 28 07:29:20.343285 localhost.localdomain NetworkManager[665]: <info>  [1716881360.3432] device (lo): state change: ip-config -> ip-check (reason 'none', sys-iface-state: 'external')
May 28 07:29:20.343488 localhost.localdomain NetworkManager[665]: <info>  [1716881360.3434] device (ens4): state change: unavailable -> disconnected (reason 'carrier-changed', sys-iface-state: 'managed')
May 28 07:29:20.343752 localhost.localdomain NetworkManager[665]: <info>  [1716881360.3437] policy: auto-activating connection 'Wired Connection' (8497d6a3-dfd6-458f-80e7-a80282467492)
May 28 07:29:20.343945 localhost.localdomain NetworkManager[665]: <info>  [1716881360.3439] device (ens4): Activation: starting connection 'Wired Connection' (8497d6a3-dfd6-458f-80e7-a80282467492)
May 28 07:29:20.343988 localhost.localdomain NetworkManager[665]: <info>  [1716881360.3439] device (ens4): state change: disconnected -> prepare (reason 'none', sys-iface-state: 'managed')
May 28 07:29:20.344097 localhost.localdomain NetworkManager[665]: <info>  [1716881360.3440] manager: NetworkManager state is now CONNECTING
May 28 07:29:20.344172 localhost.localdomain NetworkManager[665]: <info>  [1716881360.3441] device (ens4): state change: prepare -> config (reason 'none', sys-iface-state: 'managed')
May 28 07:29:20.344506 localhost.localdomain NetworkManager[665]: <info>  [1716881360.3444] device (ens4): state change: config -> ip-config (reason 'none', sys-iface-state: 'managed')
May 28 07:29:20.344732 localhost.localdomain NetworkManager[665]: <info>  [1716881360.3447] dhcp4 (ens4): activation: beginning transaction (timeout in 90 seconds)
May 28 07:29:20.346427 localhost.localdomain systemd[1]: Starting Ignition (kargs)...
May 28 07:29:20.349595 localhost.localdomain systemd[1]: Starting nm-wait-online-initrd.service...
May 28 07:29:20.434169 localhost.localdomain (ignition)[672]: ignition-kargs.service: Referenced but unset environment variable evaluates to an empty string: IGNITION_ARGS
May 28 07:29:20.450532 localhost.localdomain kernel: NET: Registered PF_PACKET protocol family
May 28 07:29:20.447930 localhost.localdomain NetworkManager[665]: <info>  [1716881360.4479] device (lo): state change: ip-check -> secondaries (reason 'none', sys-iface-state: 'external')
May 28 07:29:20.448055 localhost.localdomain NetworkManager[665]: <info>  [1716881360.4480] device (lo): state change: secondaries -> activated (reason 'none', sys-iface-state: 'external')
May 28 07:29:20.448324 localhost.localdomain NetworkManager[665]: <info>  [1716881360.4483] device (lo): Activation: successful, device activated.
May 28 07:29:20.448587 localhost.localdomain NetworkManager[665]: <info>  [1716881360.4485] dhcp4 (ens4): state changed new lease, address=10.0.2.15
May 28 07:29:20.448732 localhost.localdomain NetworkManager[665]: <info>  [1716881360.4487] policy: set 'Wired Connection' (ens4) as default for IPv4 routing and DNS
May 28 07:29:20.457026 localhost.localdomain NetworkManager[665]: <info>  [1716881360.4570] device (ens4): state change: ip-config -> ip-check (reason 'none', sys-iface-state: 'managed')
May 28 07:29:20.459321 localhost.localdomain ignition[672]: Ignition 2.18.0
May 28 07:29:20.459327 localhost.localdomain ignition[672]: Stage: kargs
May 28 07:29:20.460239 localhost.localdomain ignition[672]: no config dir at "/usr/lib/ignition/base.d"
May 28 07:29:20.461093 localhost.localdomain NetworkManager[665]: <info>  [1716881360.4610] device (ens4): state change: ip-check -> secondaries (reason 'none', sys-iface-state: 'managed')
May 28 07:29:20.460252 localhost.localdomain ignition[672]: no config dir at "/usr/lib/ignition/base.platform.d/qemu"
May 28 07:29:20.461185 localhost.localdomain NetworkManager[665]: <info>  [1716881360.4611] device (ens4): state change: secondaries -> activated (reason 'none', sys-iface-state: 'managed')
May 28 07:29:20.460832 localhost.localdomain ignition[672]: kargs: kargs passed
May 28 07:29:20.461358 localhost.localdomain NetworkManager[665]: <info>  [1716881360.4613] manager: NetworkManager state is now CONNECTED_SITE
May 28 07:29:20.460875 localhost.localdomain ignition[672]: Ignition finished successfully
May 28 07:29:20.461488 localhost.localdomain NetworkManager[665]: <info>  [1716881360.4614] device (ens4): Activation: successful, device activated.
May 28 07:29:20.461682 localhost.localdomain NetworkManager[665]: <info>  [1716881360.4616] manager: NetworkManager state is now CONNECTED_GLOBAL
May 28 07:29:20.461794 localhost.localdomain NetworkManager[665]: <info>  [1716881360.4617] manager: startup complete
May 28 07:29:20.464192 localhost.localdomain systemd[1]: Finished Ignition (kargs).
May 28 07:29:20.592965 localhost.localdomain systemd[1]: Starting Ignition (disks)...
May 28 07:29:20.707239 localhost.localdomain (ignition)[684]: ignition-disks.service: Referenced but unset environment variable evaluates to an empty string: IGNITION_ARGS
May 28 07:29:20.710660 localhost.localdomain systemd[1]: Finished nm-wait-online-initrd.service.
May 28 07:29:20.720777 localhost.localdomain systemd[1]: Starting dracut initqueue hook...
May 28 07:29:20.728439 localhost.localdomain ignition[684]: Ignition 2.18.0
May 28 07:29:20.728799 localhost.localdomain ignition[684]: Stage: disks
May 28 07:29:20.728971 localhost.localdomain ignition[684]: no config dir at "/usr/lib/ignition/base.d"
May 28 07:29:20.728981 localhost.localdomain ignition[684]: no config dir at "/usr/lib/ignition/base.platform.d/qemu"
May 28 07:29:20.729555 localhost.localdomain ignition[684]: disks: disks passed
May 28 07:29:20.729601 localhost.localdomain ignition[684]: Ignition finished successfully
May 28 07:29:20.731600 localhost.localdomain systemd[1]: Finished Ignition (disks).
May 28 07:29:20.933062 localhost.localdomain systemd[1]: Finished dracut initqueue hook.
May 28 07:29:20.933544 localhost.localdomain systemd[1]: Reached target Preparation for Remote File Systems.
May 28 07:29:20.933890 localhost.localdomain systemd[1]: Reached target Remote Encrypted Volumes.
May 28 07:29:20.934199 localhost.localdomain systemd[1]: Reached target Remote File Systems.
May 28 07:29:21.061093 localhost.localdomain systemd[1]: Starting dracut pre-mount hook...
May 28 07:29:21.075103 localhost.localdomain dracut-pre-mount[746]: disable systemd-fsck-root.service
May 28 07:29:21.207386 localhost.localdomain dracut-pre-mount[756]: Created symlink /etc/systemd/system/systemd-fsck-root.service  /dev/null.
May 28 07:29:21.205988 localhost.localdomain systemd[1]: Reloading requested from client PID 756 ('systemctl') (unit dracut-pre-mount.service)...
May 28 07:29:21.205995 localhost.localdomain systemd[1]: Reloading...
May 28 07:29:21.468784 localhost.localdomain systemd[1]: Reloading finished in 262 ms.
May 28 07:29:21.533322 localhost.localdomain NetworkManager[665]: <info>  [1716881361.5332] policy: set 'Wired Connection' (ens4) as default for IPv6 routing and DNS
May 28 07:29:21.667450 localhost.localdomain dracut-pre-mount[746]: System resize is active on every reboot
May 28 07:29:21.684299 localhost.localdomain dracut-pre-mount[746]: Activating resize operation
May 28 07:29:21.702829 localhost.localdomain kernel:  vda: vda1 vda2 vda3
May 28 07:29:22.709780 localhost.localdomain kernel:  vda: vda1 vda2 vda3
May 28 07:29:22.709834 localhost.localdomain dracut-pre-mount[1029]: The operation has completed successfully.
May 28 07:29:23.790545 localhost.localdomain kernel:  vda: vda1 vda2
May 28 07:29:24.793143 localhost.localdomain kernel:  vda: vda1 vda2
May 28 07:29:24.793195 localhost.localdomain dracut-pre-mount[1069]: The operation has completed successfully.
May 28 07:29:25.809548 localhost.localdomain kernel:  vda: vda1 vda2 vda3
May 28 07:29:25.810574 localhost.localdomain dracut-pre-mount[1073]: The operation has completed successfully.
May 28 07:29:26.821855 localhost.localdomain dracut-pre-mount[1074]: The operation has completed successfully.
May 28 07:29:26.824589 localhost.localdomain kernel:  vda: vda1 vda2 vda3
May 28 07:29:26.934015 localhost.localdomain dracut-pre-mount[746]: Checking btrfs filesystem on /dev/vda3...
May 28 07:29:26.938765 localhost.localdomain dracut-pre-mount[1103]: [1/7] checking root items
May 28 07:29:27.039492 localhost.localdomain dracut-pre-mount[1103]: [2/7] checking extents
May 28 07:29:27.181067 localhost.localdomain dracut-pre-mount[1103]: [3/7] checking free space tree
May 28 07:29:27.306154 localhost.localdomain dracut-pre-mount[1103]: [4/7] checking fs roots
May 28 07:29:27.306154 localhost.localdomain dracut-pre-mount[1103]: [5/7] checking only csums items (without verifying data)
May 28 07:29:27.306154 localhost.localdomain dracut-pre-mount[1103]: [6/7] checking root refs
May 28 07:29:27.306154 localhost.localdomain dracut-pre-mount[1103]: [7/7] checking quota groups
May 28 07:29:27.319188 localhost.localdomain dracut-pre-mount[1103]: Opening filesystem to check...
May 28 07:29:27.319188 localhost.localdomain dracut-pre-mount[1103]: Checking filesystem on /dev/vda3
May 28 07:29:27.319188 localhost.localdomain dracut-pre-mount[1103]: UUID: 8bc5a620-43f2-4cb4-bc93-ae33026e601c
May 28 07:29:27.319188 localhost.localdomain dracut-pre-mount[1103]: found 770760704 bytes used, no error found
May 28 07:29:27.319188 localhost.localdomain dracut-pre-mount[1103]: total csum bytes: 709036
May 28 07:29:27.319188 localhost.localdomain dracut-pre-mount[1103]: total tree bytes: 18825216
May 28 07:29:27.319188 localhost.localdomain dracut-pre-mount[1103]: total fs tree bytes: 16777216
May 28 07:29:27.319188 localhost.localdomain dracut-pre-mount[1103]: total extent tree bytes: 1097728
May 28 07:29:27.319188 localhost.localdomain dracut-pre-mount[1103]: btree space waste bytes: 3178630
May 28 07:29:27.319188 localhost.localdomain dracut-pre-mount[1103]: file data blocks allocated: 751935488
May 28 07:29:27.319188 localhost.localdomain dracut-pre-mount[1103]:  referenced 751935488
May 28 07:29:27.319772 localhost.localdomain dracut-pre-mount[746]: Resizing btrfs filesystem on /dev/vda3...
May 28 07:29:27.432881 localhost.localdomain kernel: BTRFS: device label ROOT devid 1 transid 14 /dev/vda3 (253:3) scanned by mount (1105)
May 28 07:29:27.432913 localhost.localdomain kernel: BTRFS info (device vda3): first mount of filesystem 8bc5a620-43f2-4cb4-bc93-ae33026e601c
May 28 07:29:27.432925 localhost.localdomain kernel: BTRFS info (device vda3): using crc32c (crc32c-intel) checksum algorithm
May 28 07:29:27.432936 localhost.localdomain kernel: BTRFS info (device vda3): using free-space-tree
May 28 07:29:27.446630 localhost.localdomain dracut-pre-mount[1121]: Resize device id 1 (/dev/vda3) from 19.98GiB to max
May 28 07:29:27.448335 localhost.localdomain systemd[1]: fs\x2dresize.mount: Deactivated successfully.
May 28 07:29:27.449510 localhost.localdomain kernel: BTRFS info (device vda3): resize device /dev/vda3 (devid 1) from 21450698752 to 32188116992
May 28 07:29:27.449531 localhost.localdomain kernel: BTRFS info (device vda3): last unmount of filesystem 8bc5a620-43f2-4cb4-bc93-ae33026e601c
May 28 07:29:27.456974 localhost.localdomain dracut-pre-mount[746]: enabling systemd-fsck-root.service
May 28 07:29:27.463838 localhost.localdomain dracut-pre-mount[1124]: Removed "/etc/systemd/system/systemd-fsck-root.service".
May 28 07:29:27.465315 localhost.localdomain systemd[1]: Reloading requested from client PID 1124 ('systemctl') (unit dracut-pre-mount.service)...
May 28 07:29:27.465324 localhost.localdomain systemd[1]: Reloading...
May 28 07:29:27.717766 localhost.localdomain systemd[1]: Reloading finished in 252 ms.
May 28 07:29:27.725562 localhost.localdomain systemd[1]: Finished dracut pre-mount hook.
May 28 07:29:27.842919 localhost.localdomain systemd[1]: Starting File System Check on /dev/disk/by-uuid/8bc5a620-43f2-4cb4-bc93-ae33026e601c...
May 28 07:29:27.967281 localhost.localdomain systemd[1]: Finished File System Check on /dev/disk/by-uuid/8bc5a620-43f2-4cb4-bc93-ae33026e601c.
May 28 07:29:27.968576 localhost.localdomain systemd[1]: Mounting /sysroot...
May 28 07:29:28.086201 localhost.localdomain kernel: BTRFS: device label ROOT devid 1 transid 16 /dev/vda3 (253:3) scanned by mount (1180)
May 28 07:29:28.086226 localhost.localdomain kernel: BTRFS info (device vda3): first mount of filesystem 8bc5a620-43f2-4cb4-bc93-ae33026e601c
May 28 07:29:28.086235 localhost.localdomain kernel: BTRFS info (device vda3): using crc32c (crc32c-intel) checksum algorithm
May 28 07:29:28.086243 localhost.localdomain kernel: BTRFS info (device vda3): using free-space-tree
May 28 07:29:28.093129 localhost.localdomain systemd[1]: Mounted /sysroot.
May 28 07:29:28.093517 localhost.localdomain systemd[1]: Reached target Initrd Root File System.
May 28 07:29:28.194674 localhost.localdomain systemd[1]: Starting Remount /sysroot read-write for Ignition...
May 28 07:29:28.308402 localhost.localdomain systemd[1]: Finished Remount /sysroot read-write for Ignition.
May 28 07:29:28.309083 localhost.localdomain systemd[1]: Reached target Ignition Boot Disk Setup.
May 28 07:29:28.314147 localhost.localdomain (ignition)[1199]: ignition-mount.service: Referenced but unset environment variable evaluates to an empty string: IGNITION_ARGS
May 28 07:29:28.317881 localhost.localdomain systemd[1]: Starting Ignition (mount)...
May 28 07:29:28.325400 localhost.localdomain ignition[1199]: Ignition 2.18.0
May 28 07:29:28.325499 localhost.localdomain ignition[1199]: Stage: mount
May 28 07:29:28.325649 localhost.localdomain ignition[1199]: no config dir at "/usr/lib/ignition/base.d"
May 28 07:29:28.325660 localhost.localdomain ignition[1199]: no config dir at "/usr/lib/ignition/base.platform.d/qemu"
May 28 07:29:28.326123 localhost.localdomain ignition[1199]: mount: mount passed
May 28 07:29:28.326201 localhost.localdomain ignition[1199]: Ignition finished successfully
May 28 07:29:28.327895 localhost.localdomain systemd[1]: Finished Ignition (mount).
May 28 07:29:28.409680 localhost.localdomain systemd[1]: Starting Mount initrd fstab entries for Ignition...
May 28 07:29:28.554287 localhost.localdomain systemd[1]: ignition-mount-initrd-fstab.service: Deactivated successfully.
May 28 07:29:28.554751 localhost.localdomain systemd[1]: Finished Mount initrd fstab entries for Ignition.
May 28 07:29:28.646375 localhost.localdomain systemd[1]: Starting Ignition (files)...
May 28 07:29:28.754568 localhost.localdomain (ignition)[1213]: ignition-files.service: Referenced but unset environment variable evaluates to an empty string: IGNITION_ARGS
May 28 07:29:28.764345 localhost.localdomain ignition[1213]: Ignition 2.18.0
May 28 07:29:28.764414 localhost.localdomain ignition[1213]: Stage: files
May 28 07:29:28.764583 localhost.localdomain ignition[1213]: no config dir at "/usr/lib/ignition/base.d"
May 28 07:29:28.764593 localhost.localdomain ignition[1213]: no config dir at "/usr/lib/ignition/base.platform.d/qemu"
May 28 07:29:28.765193 localhost.localdomain ignition[1213]: files: compiled without relabeling support, skipping
May 28 07:29:28.767079 localhost.localdomain ignition[1213]: files: createResultFile: createFiles: op(1): [started]  writing file "/sysroot/etc/.ignition-result.json"
May 28 07:29:28.767279 localhost.localdomain ignition[1213]: files: createResultFile: createFiles: op(1): [finished] writing file "/sysroot/etc/.ignition-result.json"
May 28 07:29:28.767300 localhost.localdomain ignition[1213]: files: files passed
May 28 07:29:28.767340 localhost.localdomain ignition[1213]: Ignition finished successfully
May 28 07:29:28.769491 localhost.localdomain kernel: evm: overlay not supported
May 28 07:29:28.784036 localhost.localdomain systemd[1]: Finished Ignition (files).
May 28 07:29:28.915403 localhost.localdomain systemd[1]: Starting Unmount initrd fstab entries for Ignition...
May 28 07:29:29.073041 localhost.localdomain systemd[1]: ignition-umount-initrd-fstab.service: Deactivated successfully.
May 28 07:29:29.073238 localhost.localdomain systemd[1]: Finished Unmount initrd fstab entries for Ignition.
May 28 07:29:29.073736 localhost.localdomain systemd[1]: Reached target Ignition Complete.
May 28 07:29:29.211574 localhost.localdomain systemd[1]: Starting Combustion...
May 28 07:29:29.537336 localhost.localdomain systemd[1]: sysroot-root.mount: Deactivated successfully.
May 28 07:29:29.596179 localhost.localdomain dracut: SELinux: relabeling root filesystem
May 28 07:29:29.602871 localhost.localdomain dracut: SELinux: mount root read-write and relabel
May 28 07:29:35.048458 localhost.localdomain systemd[1]: sysroot\x2dselinux-dev-pts.mount: Deactivated successfully.
May 28 07:29:35.051442 localhost.localdomain systemd[1]: sysroot\x2dselinux-dev-shm.mount: Deactivated successfully.
May 28 07:29:35.052926 localhost.localdomain systemd[1]: sysroot\x2dselinux-dev.mount: Deactivated successfully.
May 28 07:29:35.053028 localhost.localdomain systemd[1]: sysroot\x2dselinux-sys-fs-bpf.mount: Deactivated successfully.
May 28 07:29:35.053120 localhost.localdomain systemd[1]: sysroot\x2dselinux-sys-fs-pstore.mount: Deactivated successfully.
May 28 07:29:35.053218 localhost.localdomain systemd[1]: sysroot\x2dselinux-sys-fs-cgroup.mount: Deactivated successfully.
May 28 07:29:35.053304 localhost.localdomain systemd[1]: sysroot\x2dselinux-sys-kernel-security.mount: Deactivated successfully.
May 28 07:29:35.054898 localhost.localdomain systemd[1]: sysroot\x2dselinux-sys.mount: Deactivated successfully.
May 28 07:29:35.055000 localhost.localdomain systemd[1]: sysroot\x2dselinux-proc.mount: Deactivated successfully.
May 28 07:29:35.056020 localhost.localdomain systemd[1]: sysroot\x2dselinux-etc.mount: Deactivated successfully.
May 28 07:29:35.060736 localhost.localdomain systemd[1]: sysroot\x2dselinux-var.mount: Deactivated successfully.
May 28 07:29:35.060843 localhost.localdomain systemd[1]: sysroot\x2dselinux-root.mount: Deactivated successfully.
May 28 07:29:35.060935 localhost.localdomain systemd[1]: sysroot\x2dselinux.mount: Deactivated successfully.
May 28 07:29:35.129846 localhost.localdomain combustion[1302]: Checking for newer version.
May 28 07:29:41.203717 localhost.localdomain combustion[1302]: transactional-update 4.6.8 started
May 28 07:29:41.208702 localhost.localdomain combustion[1302]: Options: shell
May 28 07:29:41.256540 localhost.localdomain combustion[1302]: Separate /var detected.
May 28 07:29:41.398009 localhost.localdomain combustion[1302]: 2024-05-28 07:29:41 tukit 4.6.8 started
May 28 07:29:41.398045 localhost.localdomain combustion[1302]: 2024-05-28 07:29:41 Options: -c1 open
May 28 07:29:41.398065 localhost.localdomain combustion[1302]: 2024-05-28 07:29:41 Using snapshot 1 as base for new snapshot 2.
May 28 07:29:41.398082 localhost.localdomain combustion[1302]: 2024-05-28 07:29:41 /var/lib/overlay/1/etc
May 28 07:29:41.398098 localhost.localdomain combustion[1302]: 2024-05-28 07:29:41 No previous snapshot to sync with - skipping
May 28 07:29:41.398114 localhost.localdomain combustion[1302]: 2024-05-28 07:29:41 Not bind mounting directory '/run/salt-tmp' as it doesn't exist.
May 28 07:29:41.398129 localhost.localdomain combustion[1302]: ID: 2
May 28 07:29:41.398145 localhost.localdomain combustion[1302]: 2024-05-28 07:29:41 Transaction completed.
May 28 07:29:41.402027 localhost.localdomain combustion[1302]: Opening chroot in snapshot 2, continue with 'exit'
May 28 07:29:41.404176 localhost.localdomain combustion[1602]: 2024-05-28 07:29:41 tukit 4.6.8 started
May 28 07:29:41.404383 localhost.localdomain combustion[1602]: 2024-05-28 07:29:41 Options: call 2 bash
May 28 07:29:41.411101 localhost.localdomain combustion[1602]: 2024-05-28 07:29:41 Not bind mounting directory '/run/salt-tmp' as it doesn't exist.
May 28 07:29:41.412368 localhost.localdomain combustion[1602]: 2024-05-28 07:29:41 Executing `bash`:
May 28 07:29:41.429609 localhost.localdomain combustion[1606]: + echo 'root:$6$eEm2HpuzI7dfE4i7$dbYiTRLhrqVvwryR7zmMEcnrp13IqZ3mzLbsx9EeHAX7849PibGVgX5vdPuaeYYIO7hVfcboI9/JDpGiDZhHf/'
May 28 07:29:41.430217 localhost.localdomain combustion[1607]: + chpasswd -e
May 28 07:29:41.467861 localhost.localdomain combustion[1605]: + systemctl enable sshd.service
May 28 07:29:41.513163 localhost.localdomain combustion[1605]: + echo Combustion was here
May 28 07:29:41.513163 localhost.localdomain combustion[1605]: + curl conncheck.opensuse.org
May 28 07:29:41.550658 localhost.localdomain combustion[1613]:   % Total    % Received % Xferd  Average Speed   Time    Time     Time  Current
May 28 07:29:41.550658 localhost.localdomain combustion[1613]:                                  Dload  Upload   Total   Spent    Left  Speed
May 28 07:29:41.861261 localhost.localdomain combustion[1613]: [237B blob data]
May 28 07:29:41.863352 localhost.localdomain combustion[1602]: 2024-05-28 07:29:41 Application returned with exit status 0.
May 28 07:29:41.889044 localhost.localdomain combustion[1602]: 2024-05-28 07:29:41 Transaction completed.
May 28 07:29:41.896812 localhost.localdomain combustion[1619]: 2024-05-28 07:29:41 tukit 4.6.8 started
May 28 07:29:41.896812 localhost.localdomain combustion[1619]: 2024-05-28 07:29:41 Options: close 2
May 28 07:29:41.904070 localhost.localdomain combustion[1619]: 2024-05-28 07:29:41 Not bind mounting directory '/run/salt-tmp' as it doesn't exist.
May 28 07:29:41.976223 localhost.localdomain combustion[1619]: 2024-05-28 07:29:41 New default snapshot is #2 (/.snapshots/2/snapshot).
May 28 07:29:41.976307 localhost.localdomain combustion[1619]: 2024-05-28 07:29:41 Transaction completed.
May 28 07:29:41.999517 localhost.localdomain combustion[1302]: Please reboot your machine to activate the changes and avoid data loss.
May 28 07:29:42.000591 localhost.localdomain combustion[1302]: New default snapshot is #2 (/.snapshots/2/snapshot).
May 28 07:29:42.001760 localhost.localdomain combustion[1302]: transactional-update finished
May 28 07:29:42.024804 localhost.localdomain systemd[1]: sysroot-tmp.mount: Deactivated successfully.
May 28 07:29:42.026594 localhost.localdomain systemd[1]: sysroot-boot-grub2-x86_64\x2defi.mount: Deactivated successfully.
May 28 07:29:42.026736 localhost.localdomain systemd[1]: sysroot-boot-grub2-i386\x2dpc.mount: Deactivated successfully.
May 28 07:29:42.027922 localhost.localdomain systemd[1]: sysroot-run.mount: Deactivated successfully.
May 28 07:29:42.028794 localhost.localdomain systemd[1]: sysroot-usr-local.mount: Deactivated successfully.
May 28 07:29:42.029059 localhost.localdomain systemd[1]: sysroot-boot-writable.mount: Deactivated successfully.
May 28 07:29:42.029156 localhost.localdomain systemd[1]: sysroot-boot-efi.mount: Deactivated successfully.
May 28 07:29:42.029396 localhost.localdomain systemd[1]: sysroot-srv.mount: Deactivated successfully.
May 28 07:29:42.029687 localhost.localdomain systemd[1]: sysroot-opt.mount: Deactivated successfully.
May 28 07:29:42.029788 localhost.localdomain systemd[1]: sysroot-home.mount: Deactivated successfully.
May 28 07:29:42.030022 localhost.localdomain systemd[1]: sysroot-.snapshots.mount: Deactivated successfully.
May 28 07:29:42.030124 localhost.localdomain systemd[1]: sysroot-dev-pts.mount: Deactivated successfully.
May 28 07:29:42.031785 localhost.localdomain systemd[1]: sysroot-dev-shm.mount: Deactivated successfully.
May 28 07:29:42.032186 localhost.localdomain systemd[1]: sysroot-dev.mount: Deactivated successfully.
May 28 07:29:42.032316 localhost.localdomain systemd[1]: sysroot-sys-fs-bpf.mount: Deactivated successfully.
May 28 07:29:42.032441 localhost.localdomain systemd[1]: sysroot-sys-fs-pstore.mount: Deactivated successfully.
May 28 07:29:42.032559 localhost.localdomain systemd[1]: sysroot-sys-fs-cgroup.mount: Deactivated successfully.
May 28 07:29:42.032645 localhost.localdomain systemd[1]: sysroot-sys-kernel-security.mount: Deactivated successfully.
May 28 07:29:42.032736 localhost.localdomain systemd[1]: sysroot-sys.mount: Deactivated successfully.
May 28 07:29:42.034127 localhost.localdomain systemd[1]: sysroot-proc.mount: Deactivated successfully.
May 28 07:29:42.034235 localhost.localdomain systemd[1]: sysroot-etc.mount: Deactivated successfully.
May 28 07:29:42.039652 localhost.localdomain systemd[1]: sysroot-var.mount: Deactivated successfully.
May 28 07:29:42.039826 localhost.localdomain systemd[1]: sysroot-root.mount: Deactivated successfully.
May 28 07:29:42.039893 localhost.localdomain systemd[1]: sysroot.mount: Deactivated successfully.
May 28 07:29:42.123008 localhost.localdomain kernel: BTRFS info (device vda3): last unmount of filesystem 8bc5a620-43f2-4cb4-bc93-ae33026e601c
May 28 07:29:42.161580 localhost.localdomain systemd[1]: Mounting /sysroot...
May 28 07:29:42.176180 localhost.localdomain kernel: BTRFS: device label ROOT devid 1 transid 30 /dev/vda3 (253:3) scanned by mount (1682)
May 28 07:29:42.176202 localhost.localdomain kernel: BTRFS info (device vda3): first mount of filesystem 8bc5a620-43f2-4cb4-bc93-ae33026e601c
May 28 07:29:42.176212 localhost.localdomain kernel: BTRFS info (device vda3): using crc32c (crc32c-intel) checksum algorithm
May 28 07:29:42.176219 localhost.localdomain kernel: BTRFS info (device vda3): using free-space-tree
May 28 07:29:42.178741 localhost.localdomain systemd[1]: Mounted /sysroot.
May 28 07:29:42.260388 localhost.localdomain systemd[1]: combustion.service: Deactivated successfully.
May 28 07:29:42.260545 localhost.localdomain systemd[1]: Finished Combustion.
May 28 07:29:42.260913 localhost.localdomain systemd[1]: combustion.service: Consumed 10.060s CPU time.
May 28 07:29:42.261293 localhost.localdomain systemd[1]: Reached target Initrd Firstboot.
May 28 07:29:42.384008 localhost.localdomain systemd[1]: Starting Mountpoints Configured in the Real Root...
May 28 07:29:42.499445 localhost.localdomain systemd-sysroot-fstab-check[1700]: /sysroot/root should be mounted in the initrd, will request daemon-reload.
May 28 07:29:42.501179 localhost.localdomain systemd[1]: Reloading requested from client PID 1700 ('systemd-fstab-g') (unit initrd-parse-etc.service)...
May 28 07:29:42.501190 localhost.localdomain systemd[1]: Reloading...
May 28 07:29:42.669530 localhost.localdomain systemd[1]: Reloading finished in 168 ms.
May 28 07:29:42.674983 localhost.localdomain systemd-sysroot-fstab-check[1700]: Requesting initrd-fs.target/start/replace...
May 28 07:29:42.675872 localhost.localdomain systemd-sysroot-fstab-check[1700]: Requesting swap.target/start/replace...
May 28 07:29:42.701389 localhost.localdomain systemd[1]: initrd-parse-etc.service: Deactivated successfully.
May 28 07:29:42.701711 localhost.localdomain systemd[1]: Finished Mountpoints Configured in the Real Root.
May 28 07:29:42.793107 localhost.localdomain systemd[1]: Starting dracut mount hook...
May 28 07:29:42.919095 localhost.localdomain systemd[1]: Finished dracut mount hook.
May 28 07:29:43.044897 localhost.localdomain systemd[1]: Mounting /sysroot/root...
May 28 07:29:43.045253 localhost.localdomain systemd[1]: sysroot-var.mount: Directory /sysroot/var to mount over is not empty, mounting anyway.
May 28 07:29:43.169728 localhost.localdomain systemd[1]: Mounting /sysroot/var...
May 28 07:29:43.273037 localhost.localdomain systemd[1]: Mounted /sysroot/root.
May 28 07:29:43.386953 localhost.localdomain systemd[1]: Mounted /sysroot/var.
May 28 07:29:43.387684 localhost.localdomain systemd[1]: sysroot-etc.mount: Directory /sysroot/etc to mount over is not empty, mounting anyway.
May 28 07:29:43.479594 localhost.localdomain systemd[1]: Mounting /sysroot/etc...
May 28 07:29:43.599430 localhost.localdomain systemd[1]: Mounted /sysroot/etc.
May 28 07:29:43.600017 localhost.localdomain systemd[1]: Reached target Initrd File Systems.
May 28 07:29:43.681494 localhost.localdomain systemd[1]: Disable firstboot wizard if ignition ran was skipped because of an unmet condition check (ConditionPathExists=/sysroot/var/lib/YaST2/reconfig_system).
May 28 07:29:43.681528 localhost.localdomain systemd[1]: Reached target Initrd Default Target.
May 28 07:29:43.766408 localhost.localdomain systemd[1]: Starting dracut pre-pivot and cleanup hook...
May 28 07:29:43.888389 localhost.localdomain dracut-pre-pivot[1765]: SELinux: relabeling root filesystem
May 28 07:29:43.897414 localhost.localdomain dracut-pre-pivot[1765]: SELinux: mount root read-write and relabel
May 28 07:29:49.154501 localhost.localdomain systemd[1]: sysroot\x2dselinux-dev-pts.mount: Deactivated successfully.
May 28 07:29:49.157355 localhost.localdomain systemd[1]: sysroot\x2dselinux-dev-shm.mount: Deactivated successfully.
May 28 07:29:49.157958 localhost.localdomain systemd[1]: sysroot\x2dselinux-dev.mount: Deactivated successfully.
May 28 07:29:49.159375 localhost.localdomain systemd[1]: sysroot\x2dselinux-sys-fs-bpf.mount: Deactivated successfully.
May 28 07:29:49.161876 localhost.localdomain systemd[1]: sysroot\x2dselinux-sys-fs-pstore.mount: Deactivated successfully.
May 28 07:29:49.161981 localhost.localdomain systemd[1]: sysroot\x2dselinux-sys-fs-cgroup.mount: Deactivated successfully.
May 28 07:29:49.162070 localhost.localdomain systemd[1]: sysroot\x2dselinux-sys-kernel-security.mount: Deactivated successfully.
May 28 07:29:49.162159 localhost.localdomain systemd[1]: sysroot\x2dselinux-sys.mount: Deactivated successfully.
May 28 07:29:49.162248 localhost.localdomain systemd[1]: sysroot\x2dselinux-proc.mount: Deactivated successfully.
May 28 07:29:49.162332 localhost.localdomain systemd[1]: sysroot\x2dselinux-etc.mount: Deactivated successfully.
May 28 07:29:49.162417 localhost.localdomain systemd[1]: sysroot\x2dselinux-var.mount: Deactivated successfully.
May 28 07:29:49.163751 localhost.localdomain systemd[1]: sysroot\x2dselinux-root.mount: Deactivated successfully.
May 28 07:29:49.164691 localhost.localdomain systemd[1]: sysroot\x2dselinux.mount: Deactivated successfully.
May 28 07:29:49.170475 localhost.localdomain systemd[1]: Finished dracut pre-pivot and cleanup hook.
May 28 07:29:49.265602 localhost.localdomain systemd[1]: Starting transactional-update /etc overlay cleaner...
May 28 07:29:49.369497 localhost.localdomain transactional-update-etc-cleaner[1798]: Checking for conflicts between /sysroot/var/lib/overlay/1/etc/. and /sysroot/var/lib/overlay/2/etc/....
May 28 07:29:49.370493 localhost.localdomain transactional-update-etc-cleaner[1798]: Checking for conflicts between /sysroot/var/lib/overlay/1/etc/./selinux and /sysroot/var/lib/overlay/2/etc/./selinux...
May 28 07:29:49.370993 localhost.localdomain systemd[1]: transactional-update-etc-cleaner.service: Deactivated successfully.
May 28 07:29:49.371169 localhost.localdomain systemd[1]: Finished transactional-update /etc overlay cleaner.
May 28 07:29:49.479773 localhost.localdomain systemd[1]: Starting Cleaning Up and Shutting Down Daemons...
May 28 07:29:49.596367 localhost.localdomain systemd[1]: Stopped target Network.
May 28 07:29:49.596752 localhost.localdomain systemd[1]: Stopped target Remote Encrypted Volumes.
May 28 07:29:49.597102 localhost.localdomain systemd[1]: Stopped target Timer Units.
May 28 07:29:49.597421 localhost.localdomain systemd[1]: dracut-pre-pivot.service: Deactivated successfully.
May 28 07:29:49.597522 localhost.localdomain systemd[1]: Stopped dracut pre-pivot and cleanup hook.
May 28 07:29:49.597845 localhost.localdomain systemd[1]: dracut-pre-pivot.service: Consumed 4.890s CPU time.
May 28 07:29:49.597966 localhost.localdomain systemd[1]: Stopped target Initrd Default Target.
May 28 07:29:49.598284 localhost.localdomain systemd[1]: Stopped target Initrd Firstboot.
May 28 07:29:49.598591 localhost.localdomain systemd[1]: Stopped target Ignition Complete.
May 28 07:29:49.598890 localhost.localdomain systemd[1]: Stopped target Ignition Boot Disk Setup.
May 28 07:29:49.599186 localhost.localdomain systemd[1]: Stopped target Initrd Root Device.
May 28 07:29:49.599496 localhost.localdomain systemd[1]: Stopped target Initrd /usr File System.
May 28 07:29:49.599790 localhost.localdomain systemd[1]: Stopped target Remote File Systems.
May 28 07:29:49.600075 localhost.localdomain systemd[1]: Stopped target Preparation for Remote File Systems.
May 28 07:29:49.600353 localhost.localdomain systemd[1]: dracut-mount.service: Deactivated successfully.
May 28 07:29:49.600455 localhost.localdomain systemd[1]: Stopped dracut mount hook.
May 28 07:29:49.600825 localhost.localdomain systemd[1]: dracut-pre-mount.service: Deactivated successfully.
May 28 07:29:49.600919 localhost.localdomain systemd[1]: Stopped dracut pre-mount hook.
May 28 07:29:49.601280 localhost.localdomain systemd[1]: dracut-initqueue.service: Deactivated successfully.
May 28 07:29:49.601374 localhost.localdomain systemd[1]: Stopped dracut initqueue hook.
May 28 07:29:49.601738 localhost.localdomain systemd[1]: ignition-fetch-offline.service: Deactivated successfully.
May 28 07:29:49.601835 localhost.localdomain systemd[1]: Stopped Ignition (fetch-offline).
May 28 07:29:49.602168 localhost.localdomain systemd[1]: Stopped target Basic System.
May 28 07:29:49.602448 localhost.localdomain systemd[1]: Stopped target Path Units.
May 28 07:29:49.602724 localhost.localdomain systemd[1]: Stopped target Slice Units.
May 28 07:29:49.603017 localhost.localdomain systemd[1]: Stopped target Socket Units.
May 28 07:29:49.603293 localhost.localdomain systemd[1]: Stopped target System Initialization.
May 28 07:29:49.603564 localhost.localdomain systemd[1]: Stopped target Local Encrypted Volumes.
May 28 07:29:49.603809 localhost.localdomain systemd[1]: systemd-ask-password-console.path: Deactivated successfully.
May 28 07:29:49.726223 localhost.localdomain systemd[1]: Stopped Dispatch Password Requests to Console Directory Watch.
May 28 07:29:49.726667 localhost.localdomain systemd[1]: Stopped target Local File Systems.
May 28 07:29:49.727021 localhost.localdomain systemd[1]: Stopped target Preparation for Local File Systems.
May 28 07:29:49.727366 localhost.localdomain systemd[1]: Stopped target Swaps.
May 28 07:29:49.727678 localhost.localdomain systemd[1]: ignition-files.service: Deactivated successfully.
May 28 07:29:49.727798 localhost.localdomain systemd[1]: Stopped Ignition (files).
May 28 07:29:49.728172 localhost.localdomain systemd[1]: ignition-mount.service: Deactivated successfully.
May 28 07:29:49.728286 localhost.localdomain systemd[1]: Stopped Ignition (mount).
May 28 07:29:49.728667 localhost.localdomain systemd[1]: ignition-disks.service: Deactivated successfully.
May 28 07:29:49.728779 localhost.localdomain systemd[1]: Stopped Ignition (disks).
May 28 07:29:49.729137 localhost.localdomain systemd[1]: ignition-kargs.service: Deactivated successfully.
May 28 07:29:49.729244 localhost.localdomain systemd[1]: Stopped Ignition (kargs).
May 28 07:29:49.841460 localhost.localdomain systemd[1]: ignition-remount-sysroot.service: Deactivated successfully.
May 28 07:29:49.841560 localhost.localdomain systemd[1]: Stopped Remount /sysroot read-write for Ignition.
May 28 07:29:49.841912 localhost.localdomain systemd[1]: ignition-setup-user.service: Deactivated successfully.
May 28 07:29:49.842007 localhost.localdomain systemd[1]: Stopped Ignition User Config Setup.
May 28 07:29:49.842322 localhost.localdomain systemd[1]: nm-wait-online-initrd.service: Deactivated successfully.
May 28 07:29:49.842414 localhost.localdomain systemd[1]: Stopped nm-wait-online-initrd.service.
May 28 07:29:49.842840 localhost.localdomain systemd[1]: Stopping nm-initrd.service...
