May 28 07:37:44.822814 localhost kernel: Linux version 6.9.1-1-default (geeko@buildhost) (gcc (SUSE Linux) 13.2.1 20240509 [revision b7a2697733d19a093cbdd0e200ffce069a4bc812], GNU ld (GNU Binutils; openSUSE Tumbleweed) 2.42.0.20240130-3) #1 SMP PREEMPT_DYNAMIC Fri May 17 11:59:46 UTC 2024 (0c0b0b5)
May 28 07:37:44.822834 localhost kernel: Command line: BOOT_IMAGE=/boot/vmlinuz-6.9.1-1-default root=UUID=dd239eca-f1dd-4869-9e69-d387b685bc85 rd.timeout=60 rd.retry=45 splash=silent console=ttyS0 console=tty kernel.softlockup_panic=1 swapaccount=1 quiet security=selinux selinux=1 enforcing=1 mitigations=auto
May 28 07:37:44.822842 localhost kernel: BIOS-provided physical RAM map:
May 28 07:37:44.822848 localhost kernel: BIOS-e820: [mem 0x0000000000000000-0x000000000009fbff] usable
May 28 07:37:44.822853 localhost kernel: BIOS-e820: [mem 0x000000000009fc00-0x000000000009ffff] reserved
May 28 07:37:44.822858 localhost kernel: BIOS-e820: [mem 0x00000000000f0000-0x00000000000fffff] reserved
May 28 07:37:44.822864 localhost kernel: BIOS-e820: [mem 0x0000000000100000-0x000000003ffd8fff] usable
May 28 07:37:44.822869 localhost kernel: BIOS-e820: [mem 0x000000003ffd9000-0x000000003fffffff] reserved
May 28 07:37:44.822874 localhost kernel: BIOS-e820: [mem 0x00000000feffc000-0x00000000feffffff] reserved
May 28 07:37:44.822879 localhost kernel: BIOS-e820: [mem 0x00000000fffc0000-0x00000000ffffffff] reserved
May 28 07:37:44.822884 localhost kernel: BIOS-e820: [mem 0x000000fd00000000-0x000000ffffffffff] reserved
May 28 07:37:44.822889 localhost kernel: NX (Execute Disable) protection: active
May 28 07:37:44.822894 localhost kernel: APIC: Static calls initialized
May 28 07:37:44.822901 localhost kernel: SMBIOS 2.8 present.
May 28 07:37:44.822907 localhost kernel: DMI: QEMU Standard PC (i440FX + PIIX, 1996), BIOS rel-1.16.0-0-gd239552c-rebuilt.opensuse.org 04/01/2014
May 28 07:37:44.822912 localhost kernel: Hypervisor detected: KVM
May 28 07:37:44.822917 localhost kernel: kvm-clock: Using msrs 4b564d01 and 4b564d00
May 28 07:37:44.822922 localhost kernel: kvm-clock: using sched offset of 657297660452 cycles
May 28 07:37:44.822927 localhost kernel: clocksource: kvm-clock: mask: 0xffffffffffffffff max_cycles: 0x1cd42e4dffb, max_idle_ns: 881590591483 ns
May 28 07:37:44.822933 localhost kernel: tsc: Detected 2199.998 MHz processor
May 28 07:37:44.822938 localhost kernel: e820: update [mem 0x00000000-0x00000fff] usable ==> reserved
May 28 07:37:44.822944 localhost kernel: e820: remove [mem 0x000a0000-0x000fffff] usable
May 28 07:37:44.822951 localhost kernel: last_pfn = 0x3ffd9 max_arch_pfn = 0x400000000
May 28 07:37:44.822956 localhost kernel: MTRR map: 4 entries (3 fixed + 1 variable; max 19), built from 8 variable MTRRs
May 28 07:37:44.822961 localhost kernel: x86/PAT: Configuration [0-7]: WB  WC  UC- UC  WB  WP  UC- WT  
May 28 07:37:44.822966 localhost kernel: found SMP MP-table at [mem 0x000f5b50-0x000f5b5f]
May 28 07:37:44.822971 localhost kernel: Using GB pages for direct mapping
May 28 07:37:44.822977 localhost kernel: RAMDISK: [mem 0x35583000-0x36ab8fff]
May 28 07:37:44.822982 localhost kernel: ACPI: Early table checksum verification disabled
May 28 07:37:44.822987 localhost kernel: ACPI: RSDP 0x00000000000F5970 000014 (v00 BOCHS )
May 28 07:37:44.822992 localhost kernel: ACPI: RSDT 0x000000003FFE18ED 000034 (v01 BOCHS  BXPC     00000001 BXPC 00000001)
May 28 07:37:44.822997 localhost kernel: ACPI: FACP 0x000000003FFE17A1 000074 (v01 BOCHS  BXPC     00000001 BXPC 00000001)
May 28 07:37:44.823002 localhost kernel: ACPI: DSDT 0x000000003FFE0040 001761 (v01 BOCHS  BXPC     00000001 BXPC 00000001)
May 28 07:37:44.823007 localhost kernel: ACPI: FACS 0x000000003FFE0000 000040
May 28 07:37:44.823014 localhost kernel: ACPI: APIC 0x000000003FFE1815 000078 (v01 BOCHS  BXPC     00000001 BXPC 00000001)
May 28 07:37:44.823019 localhost kernel: ACPI: HPET 0x000000003FFE188D 000038 (v01 BOCHS  BXPC     00000001 BXPC 00000001)
May 28 07:37:44.823024 localhost kernel: ACPI: WAET 0x000000003FFE18C5 000028 (v01 BOCHS  BXPC     00000001 BXPC 00000001)
May 28 07:37:44.823030 localhost kernel: ACPI: Reserving FACP table memory at [mem 0x3ffe17a1-0x3ffe1814]
May 28 07:37:44.823035 localhost kernel: ACPI: Reserving DSDT table memory at [mem 0x3ffe0040-0x3ffe17a0]
May 28 07:37:44.823040 localhost kernel: ACPI: Reserving FACS table memory at [mem 0x3ffe0000-0x3ffe003f]
May 28 07:37:44.823048 localhost kernel: ACPI: Reserving APIC table memory at [mem 0x3ffe1815-0x3ffe188c]
May 28 07:37:44.823053 localhost kernel: ACPI: Reserving HPET table memory at [mem 0x3ffe188d-0x3ffe18c4]
May 28 07:37:44.823058 localhost kernel: ACPI: Reserving WAET table memory at [mem 0x3ffe18c5-0x3ffe18ec]
May 28 07:37:44.823063 localhost kernel: No NUMA configuration found
May 28 07:37:44.823068 localhost kernel: Faking a node at [mem 0x0000000000000000-0x000000003ffd8fff]
May 28 07:37:44.823074 localhost kernel: NODE_DATA(0) allocated [mem 0x3ffae000-0x3ffd8fff]
May 28 07:37:44.823079 localhost kernel: Zone ranges:
May 28 07:37:44.823084 localhost kernel:   DMA      [mem 0x0000000000001000-0x0000000000ffffff]
May 28 07:37:44.823089 localhost kernel:   DMA32    [mem 0x0000000001000000-0x000000003ffd8fff]
May 28 07:37:44.823096 localhost kernel:   Normal   empty
May 28 07:37:44.823101 localhost kernel:   Device   empty
May 28 07:37:44.823106 localhost kernel: Movable zone start for each node
May 28 07:37:44.823111 localhost kernel: Early memory node ranges
May 28 07:37:44.823117 localhost kernel:   node   0: [mem 0x0000000000001000-0x000000000009efff]
May 28 07:37:44.823122 localhost kernel:   node   0: [mem 0x0000000000100000-0x000000003ffd8fff]
May 28 07:37:44.823127 localhost kernel: Initmem setup node 0 [mem 0x0000000000001000-0x000000003ffd8fff]
May 28 07:37:44.823132 localhost kernel: On node 0, zone DMA: 1 pages in unavailable ranges
May 28 07:37:44.823137 localhost kernel: On node 0, zone DMA: 97 pages in unavailable ranges
May 28 07:37:44.823142 localhost kernel: On node 0, zone DMA32: 39 pages in unavailable ranges
May 28 07:37:44.823147 localhost kernel: ACPI: PM-Timer IO Port: 0x608
May 28 07:37:44.823152 localhost kernel: ACPI: LAPIC_NMI (acpi_id[0xff] dfl dfl lint[0x1])
May 28 07:37:44.823157 localhost kernel: IOAPIC[0]: apic_id 0, version 17, address 0xfec00000, GSI 0-23
May 28 07:37:44.823164 localhost kernel: ACPI: INT_SRC_OVR (bus 0 bus_irq 0 global_irq 2 dfl dfl)
May 28 07:37:44.823169 localhost kernel: ACPI: INT_SRC_OVR (bus 0 bus_irq 5 global_irq 5 high level)
May 28 07:37:44.823174 localhost kernel: ACPI: INT_SRC_OVR (bus 0 bus_irq 9 global_irq 9 high level)
May 28 07:37:44.823179 localhost kernel: ACPI: INT_SRC_OVR (bus 0 bus_irq 10 global_irq 10 high level)
May 28 07:37:44.823185 localhost kernel: ACPI: INT_SRC_OVR (bus 0 bus_irq 11 global_irq 11 high level)
May 28 07:37:44.823190 localhost kernel: ACPI: Using ACPI (MADT) for SMP configuration information
May 28 07:37:44.823195 localhost kernel: ACPI: HPET id: 0x8086a201 base: 0xfed00000
May 28 07:37:44.823200 localhost kernel: TSC deadline timer available
May 28 07:37:44.823205 localhost kernel: CPU topo: Max. logical packages:   1
May 28 07:37:44.823210 localhost kernel: CPU topo: Max. logical dies:       1
May 28 07:37:44.823215 localhost kernel: CPU topo: Max. dies per package:   1
May 28 07:37:44.823220 localhost kernel: CPU topo: Max. threads per core:   1
May 28 07:37:44.823226 localhost kernel: CPU topo: Num. cores per package:     1
May 28 07:37:44.823232 localhost kernel: CPU topo: Num. threads per package:   1
May 28 07:37:44.823236 localhost kernel: CPU topo: Allowing 1 present CPUs plus 0 hotplug CPUs
May 28 07:37:44.823242 localhost kernel: kvm-guest: APIC: eoi() replaced with kvm_guest_apic_eoi_write()
May 28 07:37:44.823247 localhost kernel: PM: hibernation: Registered nosave memory: [mem 0x00000000-0x00000fff]
May 28 07:37:44.823252 localhost kernel: PM: hibernation: Registered nosave memory: [mem 0x0009f000-0x0009ffff]
May 28 07:37:44.823257 localhost kernel: PM: hibernation: Registered nosave memory: [mem 0x000a0000-0x000effff]
May 28 07:37:44.823262 localhost kernel: PM: hibernation: Registered nosave memory: [mem 0x000f0000-0x000fffff]
May 28 07:37:44.823267 localhost kernel: [mem 0x40000000-0xfeffbfff] available for PCI devices
May 28 07:37:44.823272 localhost kernel: Booting paravirtualized kernel on KVM
May 28 07:37:44.823277 localhost kernel: clocksource: refined-jiffies: mask: 0xffffffff max_cycles: 0xffffffff, max_idle_ns: 6370452778343963 ns
May 28 07:37:44.823282 localhost kernel: setup_percpu: NR_CPUS:8192 nr_cpumask_bits:1 nr_cpu_ids:1 nr_node_ids:1
May 28 07:37:44.823289 localhost kernel: percpu: Embedded 72 pages/cpu s258048 r8192 d28672 u2097152
May 28 07:37:44.823295 localhost kernel: pcpu-alloc: s258048 r8192 d28672 u2097152 alloc=1*2097152
May 28 07:37:44.823300 localhost kernel: pcpu-alloc: [0] 0 
May 28 07:37:44.823305 localhost kernel: kvm-guest: PV spinlocks disabled, single CPU
May 28 07:37:44.823311 localhost kernel: Kernel command line: BOOT_IMAGE=/boot/vmlinuz-6.9.1-1-default root=UUID=dd239eca-f1dd-4869-9e69-d387b685bc85 rd.timeout=60 rd.retry=45 splash=silent console=ttyS0 console=tty kernel.softlockup_panic=1 swapaccount=1 quiet security=selinux selinux=1 enforcing=1 mitigations=auto
May 28 07:37:44.823316 localhost kernel: Unknown kernel command line parameters "BOOT_IMAGE=/boot/vmlinuz-6.9.1-1-default splash=silent", will be passed to user space.
May 28 07:37:44.823321 localhost kernel: random: crng init done
May 28 07:37:44.823327 localhost kernel: Dentry cache hash table entries: 131072 (order: 8, 1048576 bytes, linear)
May 28 07:37:44.823332 localhost kernel: Inode-cache hash table entries: 65536 (order: 7, 524288 bytes, linear)
May 28 07:37:44.823337 localhost kernel: Fallback order for Node 0: 0 
May 28 07:37:44.823342 localhost kernel: Built 1 zonelists, mobility grouping on.  Total pages: 257753
May 28 07:37:44.823349 localhost kernel: Policy zone: DMA32
May 28 07:37:44.823354 localhost kernel: mem auto-init: stack:off, heap alloc:off, heap free:off
May 28 07:37:44.823359 localhost kernel: Memory: 260860K/1048028K available (16384K kernel code, 3000K rwdata, 13020K rodata, 4224K init, 4384K bss, 87972K reserved, 0K cma-reserved)
May 28 07:37:44.823365 localhost kernel: SLUB: HWalign=64, Order=0-3, MinObjects=0, CPUs=1, Nodes=1
May 28 07:37:44.831123 localhost kernel: ftrace: allocating 47505 entries in 186 pages
May 28 07:37:44.831133 localhost kernel: ftrace: allocated 186 pages with 5 groups
May 28 07:37:44.831140 localhost kernel: Dynamic Preempt: voluntary
May 28 07:37:44.831145 localhost kernel: rcu: Preemptible hierarchical RCU implementation.
May 28 07:37:44.831151 localhost kernel: rcu:         RCU event tracing is enabled.
May 28 07:37:44.831157 localhost kernel: rcu:         RCU restricting CPUs from NR_CPUS=8192 to nr_cpu_ids=1.
May 28 07:37:44.831162 localhost kernel:         Trampoline variant of Tasks RCU enabled.
May 28 07:37:44.831168 localhost kernel:         Rude variant of Tasks RCU enabled.
May 28 07:37:44.831177 localhost kernel:         Tracing variant of Tasks RCU enabled.
May 28 07:37:44.831182 localhost kernel: rcu: RCU calculated value of scheduler-enlistment delay is 30 jiffies.
May 28 07:37:44.831188 localhost kernel: rcu: Adjusting geometry for rcu_fanout_leaf=16, nr_cpu_ids=1
May 28 07:37:44.831193 localhost kernel: RCU Tasks: Setting shift to 0 and lim to 1 rcu_task_cb_adjust=1.
May 28 07:37:44.831198 localhost kernel: RCU Tasks Rude: Setting shift to 0 and lim to 1 rcu_task_cb_adjust=1.
May 28 07:37:44.831203 localhost kernel: RCU Tasks Trace: Setting shift to 0 and lim to 1 rcu_task_cb_adjust=1.
May 28 07:37:44.831208 localhost kernel: NR_IRQS: 524544, nr_irqs: 256, preallocated irqs: 16
May 28 07:37:44.831213 localhost kernel: rcu: srcu_init: Setting srcu_struct sizes based on contention.
May 28 07:37:44.831219 localhost kernel: Console: colour dummy device 80x25
May 28 07:37:44.831229 localhost kernel: printk: legacy console [tty0] enabled
May 28 07:37:44.831234 localhost kernel: printk: legacy console [ttyS0] enabled
May 28 07:37:44.831239 localhost kernel: ACPI: Core revision 20230628
May 28 07:37:44.831244 localhost kernel: clocksource: hpet: mask: 0xffffffff max_cycles: 0xffffffff, max_idle_ns: 19112604467 ns
May 28 07:37:44.831251 localhost kernel: APIC: Switch to symmetric I/O mode setup
May 28 07:37:44.831256 localhost kernel: x2apic enabled
May 28 07:37:44.831262 localhost kernel: APIC: Switched APIC routing to: physical x2apic
May 28 07:37:44.831267 localhost kernel: ..TIMER: vector=0x30 apic1=0 pin1=2 apic2=-1 pin2=-1
May 28 07:37:44.831272 localhost kernel: clocksource: tsc-early: mask: 0xffffffffffffffff max_cycles: 0x1fb63109b96, max_idle_ns: 440795265316 ns
May 28 07:37:44.831277 localhost kernel: Calibrating delay loop (skipped) preset value.. 4401.32 BogoMIPS (lpj=7333326)
May 28 07:37:44.831283 localhost kernel: x86/cpu: User Mode Instruction Prevention (UMIP) activated
May 28 07:37:44.831288 localhost kernel: Last level iTLB entries: 4KB 512, 2MB 255, 4MB 127
May 28 07:37:44.831293 localhost kernel: Last level dTLB entries: 4KB 512, 2MB 255, 4MB 127, 1GB 0
May 28 07:37:44.831300 localhost kernel: Spectre V1 : Mitigation: usercopy/swapgs barriers and __user pointer sanitization
May 28 07:37:44.831305 localhost kernel: Spectre V2 : Mitigation: Retpolines
May 28 07:37:44.831310 localhost kernel: Spectre V2 : Spectre v2 / SpectreRSB mitigation: Filling RSB on context switch
May 28 07:37:44.831315 localhost kernel: Spectre V2 : Spectre v2 / SpectreRSB : Filling RSB on VMEXIT
May 28 07:37:44.831320 localhost kernel: Spectre V2 : Enabling Restricted Speculation for firmware calls
May 28 07:37:44.831325 localhost kernel: Spectre V2 : mitigation: Enabling conditional Indirect Branch Prediction Barrier
May 28 07:37:44.831331 localhost kernel: Speculative Store Bypass: Mitigation: Speculative Store Bypass disabled via prctl
May 28 07:37:44.831336 localhost kernel: Speculative Return Stack Overflow: IBPB-extending microcode not applied!
May 28 07:37:44.831342 localhost kernel: Speculative Return Stack Overflow: WARNING: See https://kernel.org/doc/html/latest/admin-guide/hw-vuln/srso.html for mitigation options.
May 28 07:37:44.831347 localhost kernel: Speculative Return Stack Overflow: Vulnerable: Safe RET, no microcode
May 28 07:37:44.831352 localhost kernel: x86/fpu: Supporting XSAVE feature 0x001: 'x87 floating point registers'
May 28 07:37:44.831359 localhost kernel: x86/fpu: Supporting XSAVE feature 0x002: 'SSE registers'
May 28 07:37:44.831364 localhost kernel: x86/fpu: Supporting XSAVE feature 0x004: 'AVX registers'
May 28 07:37:44.831370 localhost kernel: x86/fpu: Supporting XSAVE feature 0x200: 'Protection Keys User registers'
May 28 07:37:44.831375 localhost kernel: x86/fpu: xstate_offset[2]:  576, xstate_sizes[2]:  256
May 28 07:37:44.831380 localhost kernel: x86/fpu: xstate_offset[9]:  832, xstate_sizes[9]:    8
May 28 07:37:44.831385 localhost kernel: x86/fpu: Enabled xstate features 0x207, context size is 840 bytes, using 'compacted' format.
May 28 07:37:44.831390 localhost kernel: Freeing SMP alternatives memory: 40K
May 28 07:37:44.831395 localhost kernel: pid_max: default: 32768 minimum: 301
May 28 07:37:44.831400 localhost kernel: LSM: initializing lsm=lockdown,capability,landlock,yama,selinux,bpf,ima,evm
May 28 07:37:44.831405 localhost kernel: landlock: Up and running.
May 28 07:37:44.831411 localhost kernel: Yama: becoming mindful.
May 28 07:37:44.831416 localhost kernel: SELinux:  Initializing.
May 28 07:37:44.831423 localhost kernel: LSM support for eBPF active
May 28 07:37:44.831428 localhost kernel: Mount-cache hash table entries: 2048 (order: 2, 16384 bytes, linear)
May 28 07:37:44.831433 localhost kernel: Mountpoint-cache hash table entries: 2048 (order: 2, 16384 bytes, linear)
May 28 07:37:44.831438 localhost kernel: smpboot: CPU0: AMD EPYC 7773X 64-Core Processor (family: 0x19, model: 0x1, stepping: 0x2)
May 28 07:37:44.831443 localhost kernel: Performance Events: Fam17h+ core perfctr, AMD PMU driver.
May 28 07:37:44.831448 localhost kernel: ... version:                0
May 28 07:37:44.831453 localhost kernel: ... bit width:              48
May 28 07:37:44.831459 localhost kernel: ... generic registers:      6
May 28 07:37:44.831464 localhost kernel: ... value mask:             0000ffffffffffff
May 28 07:37:44.831469 localhost kernel: ... max period:             00007fffffffffff
May 28 07:37:44.831474 localhost kernel: ... fixed-purpose events:   0
May 28 07:37:44.831479 localhost kernel: ... event mask:             000000000000003f
May 28 07:37:44.831486 localhost kernel: signal: max sigframe size: 3376
May 28 07:37:44.831491 localhost kernel: rcu: Hierarchical SRCU implementation.
May 28 07:37:44.831496 localhost kernel: rcu:         Max phase no-delay instances is 1000.
May 28 07:37:44.831501 localhost kernel: smp: Bringing up secondary CPUs ...
May 28 07:37:44.831506 localhost kernel: smp: Brought up 1 node, 1 CPU
May 28 07:37:44.831511 localhost kernel: smpboot: Total of 1 processors activated (4401.32 BogoMIPS)
May 28 07:37:44.831516 localhost kernel: node 0 deferred pages initialised in 4ms
May 28 07:37:44.831521 localhost kernel: devtmpfs: initialized
May 28 07:37:44.831526 localhost kernel: x86/mm: Memory block size: 128MB
May 28 07:37:44.831531 localhost kernel: clocksource: jiffies: mask: 0xffffffff max_cycles: 0xffffffff, max_idle_ns: 6370867519511994 ns
May 28 07:37:44.831537 localhost kernel: futex hash table entries: 256 (order: 2, 16384 bytes, linear)
May 28 07:37:44.831542 localhost kernel: pinctrl core: initialized pinctrl subsystem
May 28 07:37:44.831549 localhost kernel: PM: RTC time: 07:37:44, date: 2024-05-28
May 28 07:37:44.831554 localhost kernel: NET: Registered PF_NETLINK/PF_ROUTE protocol family
May 28 07:37:44.831559 localhost kernel: DMA: preallocated 128 KiB GFP_KERNEL pool for atomic allocations
May 28 07:37:44.831564 localhost kernel: DMA: preallocated 128 KiB GFP_KERNEL|GFP_DMA pool for atomic allocations
May 28 07:37:44.831569 localhost kernel: DMA: preallocated 128 KiB GFP_KERNEL|GFP_DMA32 pool for atomic allocations
May 28 07:37:44.831574 localhost kernel: audit: initializing netlink subsys (disabled)
May 28 07:37:44.831579 localhost kernel: audit: type=2000 audit(1716881864.712:1): state=initialized audit_enabled=0 res=1
May 28 07:37:44.831584 localhost kernel: thermal_sys: Registered thermal governor 'fair_share'
May 28 07:37:44.831590 localhost kernel: thermal_sys: Registered thermal governor 'bang_bang'
May 28 07:37:44.831595 localhost kernel: thermal_sys: Registered thermal governor 'step_wise'
May 28 07:37:44.831600 localhost kernel: thermal_sys: Registered thermal governor 'user_space'
May 28 07:37:44.831605 localhost kernel: cpuidle: using governor ladder
May 28 07:37:44.831612 localhost kernel: cpuidle: using governor menu
May 28 07:37:44.831617 localhost kernel: acpiphp: ACPI Hot Plug PCI Controller Driver version: 0.5
May 28 07:37:44.831622 localhost kernel: PCI: Using configuration type 1 for base access
May 28 07:37:44.831627 localhost kernel: PCI: Using configuration type 1 for extended access
May 28 07:37:44.831632 localhost kernel: kprobes: kprobe jump-optimization is enabled. All kprobes are optimized if possible.
May 28 07:37:44.831637 localhost kernel: HugeTLB: registered 1.00 GiB page size, pre-allocated 0 pages
May 28 07:37:44.831642 localhost kernel: HugeTLB: 16380 KiB vmemmap can be freed for a 1.00 GiB page
May 28 07:37:44.831647 localhost kernel: HugeTLB: registered 2.00 MiB page size, pre-allocated 0 pages
May 28 07:37:44.831652 localhost kernel: HugeTLB: 28 KiB vmemmap can be freed for a 2.00 MiB page
May 28 07:37:44.831657 localhost kernel: Demotion targets for Node 0: null
May 28 07:37:44.831662 localhost kernel: ACPI: Added _OSI(Module Device)
May 28 07:37:44.831669 localhost kernel: ACPI: Added _OSI(Processor Device)
May 28 07:37:44.831674 localhost kernel: ACPI: Added _OSI(3.0 _SCP Extensions)
May 28 07:37:44.831679 localhost kernel: ACPI: Added _OSI(Processor Aggregator Device)
May 28 07:37:44.831685 localhost kernel: ACPI: 1 ACPI AML tables successfully acquired and loaded
May 28 07:37:44.831690 localhost kernel: ACPI: _OSC evaluation for CPUs failed, trying _PDC
May 28 07:37:44.831695 localhost kernel: ACPI: Interpreter enabled
May 28 07:37:44.831700 localhost kernel: ACPI: PM: (supports S0 S3 S4 S5)
May 28 07:37:44.831705 localhost kernel: ACPI: Using IOAPIC for interrupt routing
May 28 07:37:44.831710 localhost kernel: PCI: Using host bridge windows from ACPI; if necessary, use "pci=nocrs" and report a bug
May 28 07:37:44.831715 localhost kernel: PCI: Using E820 reservations for host bridge windows
May 28 07:37:44.831720 localhost kernel: ACPI: Enabled 2 GPEs in block 00 to 0F
May 28 07:37:44.831725 localhost kernel: ACPI: PCI Root Bridge [PCI0] (domain 0000 [bus 00-ff])
May 28 07:37:44.831912 localhost kernel: acpi PNP0A03:00: _OSC: OS supports [ExtendedConfig ASPM ClockPM Segments MSI EDR HPX-Type3]
May 28 07:37:44.831927 localhost kernel: acpiphp: Slot [3] registered
May 28 07:37:44.831935 localhost kernel: acpiphp: Slot [4] registered
May 28 07:37:44.831944 localhost kernel: acpiphp: Slot [5] registered
May 28 07:37:44.831953 localhost kernel: acpiphp: Slot [6] registered
May 28 07:37:44.831975 localhost kernel: acpiphp: Slot [7] registered
May 28 07:37:44.831984 localhost kernel: acpiphp: Slot [8] registered
May 28 07:37:44.831993 localhost kernel: acpiphp: Slot [9] registered
May 28 07:37:44.832000 localhost kernel: acpiphp: Slot [10] registered
May 28 07:37:44.832008 localhost kernel: acpiphp: Slot [11] registered
May 28 07:37:44.832015 localhost kernel: acpiphp: Slot [12] registered
May 28 07:37:44.832026 localhost kernel: acpiphp: Slot [13] registered
May 28 07:37:44.832033 localhost kernel: acpiphp: Slot [14] registered
May 28 07:37:44.832040 localhost kernel: acpiphp: Slot [15] registered
May 28 07:37:44.832047 localhost kernel: acpiphp: Slot [16] registered
May 28 07:37:44.832055 localhost kernel: acpiphp: Slot [17] registered
May 28 07:37:44.832062 localhost kernel: acpiphp: Slot [18] registered
May 28 07:37:44.832070 localhost kernel: acpiphp: Slot [19] registered
May 28 07:37:44.832076 localhost kernel: acpiphp: Slot [20] registered
May 28 07:37:44.832083 localhost kernel: acpiphp: Slot [21] registered
May 28 07:37:44.832091 localhost kernel: acpiphp: Slot [22] registered
May 28 07:37:44.832097 localhost kernel: acpiphp: Slot [23] registered
May 28 07:37:44.832104 localhost kernel: acpiphp: Slot [24] registered
May 28 07:37:44.832114 localhost kernel: acpiphp: Slot [25] registered
May 28 07:37:44.832121 localhost kernel: acpiphp: Slot [26] registered
May 28 07:37:44.832128 localhost kernel: acpiphp: Slot [27] registered
May 28 07:37:44.832135 localhost kernel: acpiphp: Slot [28] registered
May 28 07:37:44.832142 localhost kernel: acpiphp: Slot [29] registered
May 28 07:37:44.832149 localhost kernel: acpiphp: Slot [30] registered
May 28 07:37:44.832156 localhost kernel: acpiphp: Slot [31] registered
May 28 07:37:44.832163 localhost kernel: PCI host bridge to bus 0000:00
May 28 07:37:44.832332 localhost kernel: pci_bus 0000:00: root bus resource [io  0x0000-0x0cf7 window]
May 28 07:37:44.832458 localhost kernel: pci_bus 0000:00: root bus resource [io  0x0d00-0xffff window]
May 28 07:37:44.832562 localhost kernel: pci_bus 0000:00: root bus resource [mem 0x000a0000-0x000bffff window]
May 28 07:37:44.832667 localhost kernel: pci_bus 0000:00: root bus resource [mem 0x40000000-0xfebfffff window]
May 28 07:37:44.832770 localhost kernel: pci_bus 0000:00: root bus resource [mem 0x100000000-0x17fffffff window]
May 28 07:37:44.832873 localhost kernel: pci_bus 0000:00: root bus resource [bus 00-ff]
May 28 07:37:44.833003 localhost kernel: pci 0000:00:00.0: [8086:1237] type 00 class 0x060000 conventional PCI endpoint
May 28 07:37:44.833151 localhost kernel: pci 0000:00:01.0: [8086:7000] type 00 class 0x060100 conventional PCI endpoint
May 28 07:37:44.833276 localhost kernel: pci 0000:00:01.1: [8086:7010] type 00 class 0x010180 conventional PCI endpoint
May 28 07:37:44.833429 localhost kernel: pci 0000:00:01.1: BAR 4 [io  0xc140-0xc14f]
May 28 07:37:44.833549 localhost kernel: pci 0000:00:01.1: BAR 0 [io  0x01f0-0x01f7]: legacy IDE quirk
May 28 07:37:44.833666 localhost kernel: pci 0000:00:01.1: BAR 1 [io  0x03f6]: legacy IDE quirk
May 28 07:37:44.833776 localhost kernel: pci 0000:00:01.1: BAR 2 [io  0x0170-0x0177]: legacy IDE quirk
May 28 07:37:44.833885 localhost kernel: pci 0000:00:01.1: BAR 3 [io  0x0376]: legacy IDE quirk
May 28 07:37:44.834004 localhost kernel: pci 0000:00:01.3: [8086:7113] type 00 class 0x068000 conventional PCI endpoint
May 28 07:37:44.834113 localhost kernel: pci 0000:00:01.3: quirk: [io  0x0600-0x063f] claimed by PIIX4 ACPI
May 28 07:37:44.834222 localhost kernel: pci 0000:00:01.3: quirk: [io  0x0700-0x070f] claimed by PIIX4 SMB
May 28 07:37:44.834339 localhost kernel: pci 0000:00:02.0: [1234:1111] type 00 class 0x030000 conventional PCI endpoint
May 28 07:37:44.834449 localhost kernel: pci 0000:00:02.0: BAR 0 [mem 0xfd000000-0xfdffffff pref]
May 28 07:37:44.834556 localhost kernel: pci 0000:00:02.0: BAR 2 [mem 0xfebd8000-0xfebd8fff]
May 28 07:37:44.834670 localhost kernel: pci 0000:00:02.0: ROM [mem 0xfebc0000-0xfebcffff pref]
May 28 07:37:44.834777 localhost kernel: pci 0000:00:02.0: Video device with shadowed ROM at [mem 0x000c0000-0x000dffff]
May 28 07:37:44.834894 localhost kernel: pci 0000:00:03.0: [8086:2668] type 00 class 0x040300 conventional PCI endpoint
May 28 07:37:44.835003 localhost kernel: pci 0000:00:03.0: BAR 0 [mem 0xfebd0000-0xfebd3fff]
May 28 07:37:44.835121 localhost kernel: pci 0000:00:04.0: [1af4:1000] type 00 class 0x020000 conventional PCI endpoint
May 28 07:37:44.835234 localhost kernel: pci 0000:00:04.0: BAR 0 [io  0xc100-0xc11f]
May 28 07:37:44.835344 localhost kernel: pci 0000:00:04.0: BAR 1 [mem 0xfebd9000-0xfebd9fff]
May 28 07:37:44.835454 localhost kernel: pci 0000:00:04.0: BAR 4 [mem 0xfe000000-0xfe003fff 64bit pref]
May 28 07:37:44.835563 localhost kernel: pci 0000:00:04.0: ROM [mem 0xfeb80000-0xfebbffff pref]
May 28 07:37:44.835686 localhost kernel: pci 0000:00:05.0: [1af4:1005] type 00 class 0x00ff00 conventional PCI endpoint
May 28 07:37:44.835796 localhost kernel: pci 0000:00:05.0: BAR 0 [io  0xc120-0xc13f]
May 28 07:37:44.835904 localhost kernel: pci 0000:00:05.0: BAR 4 [mem 0xfe004000-0xfe007fff 64bit pref]
May 28 07:37:44.836025 localhost kernel: pci 0000:00:06.0: [1b36:000d] type 00 class 0x0c0330 conventional PCI endpoint
May 28 07:37:44.836134 localhost kernel: pci 0000:00:06.0: BAR 0 [mem 0xfebd4000-0xfebd7fff 64bit]
May 28 07:37:44.836253 localhost kernel: pci 0000:00:07.0: [1af4:1003] type 00 class 0x078000 conventional PCI endpoint
May 28 07:37:44.836363 localhost kernel: pci 0000:00:07.0: BAR 0 [io  0xc080-0xc0bf]
May 28 07:37:44.836471 localhost kernel: pci 0000:00:07.0: BAR 1 [mem 0xfebda000-0xfebdafff]
May 28 07:37:44.836579 localhost kernel: pci 0000:00:07.0: BAR 4 [mem 0xfe008000-0xfe00bfff 64bit pref]
May 28 07:37:44.843404 localhost kernel: pci 0000:00:08.0: [1af4:1004] type 00 class 0x010000 conventional PCI endpoint
May 28 07:37:44.843550 localhost kernel: pci 0000:00:08.0: BAR 0 [io  0xc0c0-0xc0ff]
May 28 07:37:44.843668 localhost kernel: pci 0000:00:08.0: BAR 1 [mem 0xfebdb000-0xfebdbfff]
May 28 07:37:44.843779 localhost kernel: pci 0000:00:08.0: BAR 4 [mem 0xfe00c000-0xfe00ffff 64bit pref]
May 28 07:37:44.843902 localhost kernel: pci 0000:00:09.0: [1af4:1001] type 00 class 0x010000 conventional PCI endpoint
May 28 07:37:44.844014 localhost kernel: pci 0000:00:09.0: BAR 0 [io  0xc000-0xc07f]
May 28 07:37:44.844123 localhost kernel: pci 0000:00:09.0: BAR 1 [mem 0xfebdc000-0xfebdcfff]
May 28 07:37:44.844232 localhost kernel: pci 0000:00:09.0: BAR 4 [mem 0xfe010000-0xfe013fff 64bit pref]
May 28 07:37:44.844240 localhost kernel: ACPI: PCI: Interrupt link LNKA configured for IRQ 10
May 28 07:37:44.844250 localhost kernel: ACPI: PCI: Interrupt link LNKB configured for IRQ 10
May 28 07:37:44.844255 localhost kernel: ACPI: PCI: Interrupt link LNKC configured for IRQ 11
May 28 07:37:44.844260 localhost kernel: ACPI: PCI: Interrupt link LNKD configured for IRQ 11
May 28 07:37:44.844266 localhost kernel: ACPI: PCI: Interrupt link LNKS configured for IRQ 9
May 28 07:37:44.844271 localhost kernel: iommu: Default domain type: Passthrough
May 28 07:37:44.844276 localhost kernel: pps_core: LinuxPPS API ver. 1 registered
May 28 07:37:44.844282 localhost kernel: pps_core: Software ver. 5.3.6 - Copyright 2005-2007 Rodolfo Giometti <giometti@linux.it>
May 28 07:37:44.844287 localhost kernel: PTP clock support registered
May 28 07:37:44.844292 localhost kernel: EDAC MC: Ver: 3.0.0
May 28 07:37:44.844297 localhost kernel: NetLabel: Initializing
May 28 07:37:44.844302 localhost kernel: NetLabel:  domain hash size = 128
May 28 07:37:44.844310 localhost kernel: NetLabel:  protocols = UNLABELED CIPSOv4 CALIPSO
May 28 07:37:44.844315 localhost kernel: NetLabel:  unlabeled traffic allowed by default
May 28 07:37:44.844320 localhost kernel: mctp: management component transport protocol core
May 28 07:37:44.844325 localhost kernel: NET: Registered PF_MCTP protocol family
May 28 07:37:44.844330 localhost kernel: PCI: Using ACPI for IRQ routing
May 28 07:37:44.844335 localhost kernel: PCI: pci_cache_line_size set to 64 bytes
May 28 07:37:44.844341 localhost kernel: e820: reserve RAM buffer [mem 0x0009fc00-0x0009ffff]
May 28 07:37:44.844346 localhost kernel: e820: reserve RAM buffer [mem 0x3ffd9000-0x3fffffff]
May 28 07:37:44.844457 localhost kernel: pci 0000:00:02.0: vgaarb: setting as boot VGA device
May 28 07:37:44.844566 localhost kernel: pci 0000:00:02.0: vgaarb: bridge control possible
May 28 07:37:44.844673 localhost kernel: pci 0000:00:02.0: vgaarb: VGA device added: decodes=io+mem,owns=io+mem,locks=none
May 28 07:37:44.844684 localhost kernel: vgaarb: loaded
May 28 07:37:44.844690 localhost kernel: hpet0: at MMIO 0xfed00000, IRQs 2, 8, 0
May 28 07:37:44.844695 localhost kernel: hpet0: 3 comparators, 64-bit 100.000000 MHz counter
May 28 07:37:44.844700 localhost kernel: clocksource: Switched to clocksource kvm-clock
May 28 07:37:44.844706 localhost kernel: VFS: Disk quotas dquot_6.6.0
May 28 07:37:44.844711 localhost kernel: VFS: Dquot-cache hash table entries: 512 (order 0, 4096 bytes)
May 28 07:37:44.844716 localhost kernel: pnp: PnP ACPI init
May 28 07:37:44.844839 localhost kernel: pnp 00:02: [dma 2]
May 28 07:37:44.844848 localhost kernel: pnp: PnP ACPI: found 6 devices
May 28 07:37:44.844854 localhost kernel: clocksource: acpi_pm: mask: 0xffffff max_cycles: 0xffffff, max_idle_ns: 2085701024 ns
May 28 07:37:44.844859 localhost kernel: NET: Registered PF_INET protocol family
May 28 07:37:44.844867 localhost kernel: IP idents hash table entries: 16384 (order: 5, 131072 bytes, linear)
May 28 07:37:44.844872 localhost kernel: tcp_listen_portaddr_hash hash table entries: 512 (order: 1, 8192 bytes, linear)
May 28 07:37:44.844878 localhost kernel: Table-perturb hash table entries: 65536 (order: 6, 262144 bytes, linear)
May 28 07:37:44.844883 localhost kernel: TCP established hash table entries: 8192 (order: 4, 65536 bytes, linear)
May 28 07:37:44.844888 localhost kernel: TCP bind hash table entries: 8192 (order: 6, 262144 bytes, linear)
May 28 07:37:44.844893 localhost kernel: TCP: Hash tables configured (established 8192 bind 8192)
May 28 07:37:44.844899 localhost kernel: MPTCP token hash table entries: 1024 (order: 2, 24576 bytes, linear)
May 28 07:37:44.844904 localhost kernel: UDP hash table entries: 512 (order: 2, 16384 bytes, linear)
May 28 07:37:44.844909 localhost kernel: UDP-Lite hash table entries: 512 (order: 2, 16384 bytes, linear)
May 28 07:37:44.844914 localhost kernel: NET: Registered PF_UNIX/PF_LOCAL protocol family
May 28 07:37:44.844919 localhost kernel: NET: Registered PF_XDP protocol family
May 28 07:37:44.845021 localhost kernel: pci_bus 0000:00: resource 4 [io  0x0000-0x0cf7 window]
May 28 07:37:44.845148 localhost kernel: pci_bus 0000:00: resource 5 [io  0x0d00-0xffff window]
May 28 07:37:44.845253 localhost kernel: pci_bus 0000:00: resource 6 [mem 0x000a0000-0x000bffff window]
May 28 07:37:44.845355 localhost kernel: pci_bus 0000:00: resource 7 [mem 0x40000000-0xfebfffff window]
May 28 07:37:44.845453 localhost kernel: pci_bus 0000:00: resource 8 [mem 0x100000000-0x17fffffff window]
May 28 07:37:44.845563 localhost kernel: pci 0000:00:01.0: PIIX3: Enabling Passive Release
May 28 07:37:44.845673 localhost kernel: pci 0000:00:00.0: Limiting direct PCI/PCI transfers
May 28 07:37:44.845682 localhost kernel: ACPI: \_SB_.LNKB: Enabled at IRQ 10
May 28 07:37:44.845788 localhost kernel: pci 0000:00:06.0: quirk_usb_early_handoff+0x0/0x710 took 82089 usecs
May 28 07:37:44.845796 localhost kernel: PCI: CLS 0 bytes, default 64
May 28 07:37:44.845802 localhost kernel: clocksource: tsc: mask: 0xffffffffffffffff max_cycles: 0x1fb63109b96, max_idle_ns: 440795265316 ns
May 28 07:37:44.845810 localhost kernel: Initialise system trusted keyrings
May 28 07:37:44.845816 localhost kernel: Key type blacklist registered
May 28 07:37:44.845821 localhost kernel: workingset: timestamp_bits=36 max_order=18 bucket_order=0
May 28 07:37:44.845826 localhost kernel: zbud: loaded
May 28 07:37:44.845831 localhost kernel: Trying to unpack rootfs image as initramfs...
May 28 07:37:44.845837 localhost kernel: integrity: Platform Keyring initialized
May 28 07:37:44.845851 localhost kernel: integrity: Machine keyring initialized
May 28 07:37:44.845858 localhost kernel: Key type asymmetric registered
May 28 07:37:44.845863 localhost kernel: Asymmetric key parser 'x509' registered
May 28 07:37:44.845869 localhost kernel: Freeing initrd memory: 21720K
May 28 07:37:44.845874 localhost kernel: Block layer SCSI generic (bsg) driver version 0.4 loaded (major 247)
May 28 07:37:44.845879 localhost kernel: io scheduler mq-deadline registered
May 28 07:37:44.845884 localhost kernel: io scheduler kyber registered
May 28 07:37:44.845889 localhost kernel: io scheduler bfq registered
May 28 07:37:44.845894 localhost kernel: shpchp: Standard Hot Plug PCI Controller Driver version: 0.4
May 28 07:37:44.845900 localhost kernel: ACPI: \_SB_.LNKD: Enabled at IRQ 11
May 28 07:37:44.845905 localhost kernel: ACPI: \_SB_.LNKA: Enabled at IRQ 10
May 28 07:37:44.845910 localhost kernel: ACPI: \_SB_.LNKC: Enabled at IRQ 11
May 28 07:37:44.845917 localhost kernel: Serial: 8250/16550 driver, 32 ports, IRQ sharing enabled
May 28 07:37:44.845922 localhost kernel: 00:04: ttyS0 at I/O 0x3f8 (irq = 4, base_baud = 115200) is a 16550A
May 28 07:37:44.845927 localhost kernel: Non-volatile memory driver v1.3
May 28 07:37:44.845932 localhost kernel: Linux agpgart interface v0.103
May 28 07:37:44.845938 localhost kernel: ACPI: bus type drm_connector registered
May 28 07:37:44.845943 localhost kernel: i8042: PNP: PS/2 Controller [PNP0303:KBD,PNP0f13:MOU] at 0x60,0x64 irq 1,12
May 28 07:37:44.845948 localhost kernel: serio: i8042 KBD port at 0x60,0x64 irq 1
May 28 07:37:44.845953 localhost kernel: serio: i8042 AUX port at 0x60,0x64 irq 12
May 28 07:37:44.845958 localhost kernel: mousedev: PS/2 mouse device common for all mice
May 28 07:37:44.845963 localhost kernel: input: AT Translated Set 2 keyboard as /devices/platform/i8042/serio0/input/input0
May 28 07:37:44.845969 localhost kernel: input: VirtualPS/2 VMware VMMouse as /devices/platform/i8042/serio1/input/input3
May 28 07:37:44.845976 localhost kernel: input: VirtualPS/2 VMware VMMouse as /devices/platform/i8042/serio1/input/input2
May 28 07:37:44.846090 localhost kernel: rtc_cmos 00:05: RTC can wake from S4
May 28 07:37:44.846196 localhost kernel: rtc_cmos 00:05: registered as rtc0
May 28 07:37:44.846297 localhost kernel: rtc_cmos 00:05: setting system clock to 2024-05-28T07:37:44 UTC (1716881864)
May 28 07:37:44.846402 localhost kernel: rtc_cmos 00:05: alarms up to one day, y3k, 242 bytes nvram, hpet irqs
May 28 07:37:44.846410 localhost kernel: amd_pstate: the _CPC object is not present in SBIOS or ACPI disabled
May 28 07:37:44.846416 localhost kernel: ledtrig-cpu: registered to indicate activity on CPUs
May 28 07:37:44.846421 localhost kernel: [drm] Initialized simpledrm 1.0.0 20200625 for simple-framebuffer.0 on minor 0
May 28 07:37:44.846426 localhost kernel: Console: switching to colour frame buffer device 100x37
May 28 07:37:44.846554 localhost kernel: simple-framebuffer simple-framebuffer.0: [drm] fb0: simpledrmdrmfb frame buffer device
May 28 07:37:44.846563 localhost kernel: hid: raw HID events driver (C) Jiri Kosina
May 28 07:37:44.846569 localhost kernel: drop_monitor: Initializing network drop monitor service
May 28 07:37:44.846574 localhost kernel: NET: Registered PF_INET6 protocol family
May 28 07:37:44.846579 localhost kernel: Segment Routing with IPv6
May 28 07:37:44.846587 localhost kernel: RPL Segment Routing with IPv6
May 28 07:37:44.846592 localhost kernel: In-situ OAM (IOAM) with IPv6
May 28 07:37:44.846597 localhost kernel: IPI shorthand broadcast: enabled
May 28 07:37:44.846602 localhost kernel: sched_clock: Marking stable (690002834, -951172)->(765115597, -76063935)
May 28 07:37:44.846607 localhost kernel: registered taskstats version 1
May 28 07:37:44.846612 localhost kernel: Loading compiled-in X.509 certificates
May 28 07:37:44.846618 localhost kernel: Loaded X.509 cert 'openSUSE Secure Boot Signkey: fd9f2c12e599d67cc7f9067541adf426b712469e'
May 28 07:37:44.846623 localhost kernel: page_owner is disabled
May 28 07:37:44.846628 localhost kernel: Key type .fscrypt registered
May 28 07:37:44.846634 localhost kernel: Key type fscrypt-provisioning registered
May 28 07:37:44.846639 localhost kernel: Key type encrypted registered
May 28 07:37:44.846644 localhost kernel: ima: No TPM chip found, activating TPM-bypass!
May 28 07:37:44.846651 localhost kernel: Loading compiled-in module X.509 certificates
May 28 07:37:44.846656 localhost kernel: Loaded X.509 cert 'openSUSE Secure Boot Signkey: fd9f2c12e599d67cc7f9067541adf426b712469e'
May 28 07:37:44.846661 localhost kernel: ima: Allocated hash algorithm: sha256
May 28 07:37:44.846666 localhost kernel: ima: No architecture policies found
May 28 07:37:44.846671 localhost kernel: evm: Initialising EVM extended attributes:
May 28 07:37:44.846677 localhost kernel: evm: security.selinux
May 28 07:37:44.846682 localhost kernel: evm: security.SMACK64 (disabled)
May 28 07:37:44.846687 localhost kernel: evm: security.SMACK64EXEC (disabled)
May 28 07:37:44.846692 localhost kernel: evm: security.SMACK64TRANSMUTE (disabled)
May 28 07:37:44.846697 localhost kernel: evm: security.SMACK64MMAP (disabled)
May 28 07:37:44.851946 localhost kernel: evm: security.apparmor
May 28 07:37:44.851958 localhost kernel: evm: security.ima
May 28 07:37:44.851968 localhost kernel: evm: security.capability
May 28 07:37:44.851974 localhost kernel: evm: HMAC attrs: 0x1
May 28 07:37:44.851979 localhost kernel: PM:   Magic number: 8:420:623
May 28 07:37:44.851984 localhost kernel: RAS: Correctable Errors collector initialized.
May 28 07:37:44.851990 localhost kernel: clk: Disabling unused clocks
May 28 07:37:44.851995 localhost kernel: PM: genpd: Disabling unused power domains
May 28 07:37:44.852000 localhost kernel: Freeing unused decrypted memory: 2028K
May 28 07:37:44.852005 localhost kernel: Freeing unused kernel image (initmem) memory: 4224K
May 28 07:37:44.852011 localhost kernel: Write protecting the kernel read-only data: 30720k
May 28 07:37:44.852016 localhost kernel: Freeing unused kernel image (rodata/data gap) memory: 1316K
May 28 07:37:44.852021 localhost kernel: Run /init as init process
May 28 07:37:44.852026 localhost kernel:   with arguments:
May 28 07:37:44.852034 localhost kernel:     /init
May 28 07:37:44.852039 localhost kernel:   with environment:
May 28 07:37:44.852044 localhost kernel:     HOME=/
May 28 07:37:44.852050 localhost kernel:     TERM=linux
May 28 07:37:44.852055 localhost kernel:     BOOT_IMAGE=/boot/vmlinuz-6.9.1-1-default
May 28 07:37:44.852060 localhost kernel:     splash=silent
May 28 07:37:44.852068 localhost systemd[1]: systemd 255.6+suse.30.g3ea0e1dff3 running in system mode (+PAM +AUDIT +SELINUX +APPARMOR +IMA -SMACK +SECCOMP +GCRYPT +GNUTLS +OPENSSL +ACL +BLKID +CURL +ELFUTILS +FIDO2 +IDN2 -IDN +IPTC +KMOD +LIBCRYPTSETUP +LIBFDISK +PCRE2 +PWQUALITY +P11KIT +QRENCODE +TPM2 +BZIP2 +LZ4 +XZ +ZLIB +ZSTD +BPF_FRAMEWORK -XKBCOMMON -UTMP +SYSVINIT default-hierarchy=unified)
May 28 07:37:44.852076 localhost systemd[1]: Detected virtualization kvm.
May 28 07:37:44.852082 localhost systemd[1]: Detected architecture x86-64.
May 28 07:37:44.852088 localhost systemd[1]: Running in initrd.
May 28 07:37:44.852095 localhost systemd[1]: No hostname configured, using default hostname.
May 28 07:37:44.852101 localhost systemd[1]: Hostname set to <localhost>.
May 28 07:37:44.852107 localhost systemd[1]: Initializing machine ID from random generator.
May 28 07:37:44.852112 localhost systemd[1]: Queued start job for default target Initrd Default Target.
May 28 07:37:44.852118 localhost systemd[1]: Started Dispatch Password Requests to Console Directory Watch.
May 28 07:37:44.852124 localhost systemd[1]: Expecting device /dev/disk/by-uuid/411b51a6-84a7-494c-b144-df5028fc31c0...
May 28 07:37:44.852130 localhost systemd[1]: Expecting device /dev/disk/by-uuid/dd239eca-f1dd-4869-9e69-d387b685bc85...
May 28 07:37:44.852135 localhost systemd[1]: Reached target Initrd /usr File System.
May 28 07:37:44.852141 localhost systemd[1]: Reached target Path Units.
May 28 07:37:44.852146 localhost systemd[1]: Reached target Slice Units.
May 28 07:37:44.852154 localhost systemd[1]: Reached target Swaps.
May 28 07:37:44.852160 localhost systemd[1]: Reached target Timer Units.
May 28 07:37:44.852166 localhost systemd[1]: Listening on Journal Socket (/dev/log).
May 28 07:37:44.852171 localhost systemd[1]: Listening on Journal Socket.
May 28 07:37:44.852177 localhost systemd[1]: Listening on udev Control Socket.
May 28 07:37:44.852183 localhost systemd[1]: Listening on udev Kernel Socket.
May 28 07:37:44.852188 localhost systemd[1]: Reached target Socket Units.
May 28 07:37:44.852194 localhost systemd[1]: Starting Create List of Static Device Nodes...
May 28 07:37:44.852199 localhost systemd[1]: Starting Journal Service...
May 28 07:37:44.852205 localhost systemd[1]: Load Kernel Modules was skipped because no trigger condition checks were met.
May 28 07:37:44.852210 localhost systemd[1]: Starting Apply Kernel Variables...
May 28 07:37:44.852216 localhost systemd[1]: Starting Virtual Console Setup...
May 28 07:37:44.852223 localhost systemd[1]: Finished Create List of Static Device Nodes.
May 28 07:37:44.852229 localhost systemd[1]: Starting Create Static Device Nodes in /dev gracefully...
May 28 07:37:44.852235 localhost systemd[1]: Finished Apply Kernel Variables.
May 28 07:37:44.852241 localhost systemd[1]: Finished Create Static Device Nodes in /dev gracefully.
May 28 07:37:44.852271 localhost systemd-journald[171]: Collecting audit messages is disabled.
May 28 07:37:44.852289 localhost systemd[1]: Starting Create Static Device Nodes in /dev...
May 28 07:37:44.852296 localhost systemd[1]: Finished Create Static Device Nodes in /dev.
May 28 07:37:44.852302 localhost systemd[1]: Reached target Preparation for Local File Systems.
May 28 07:37:44.852307 localhost systemd[1]: Reached target Local File Systems.
May 28 07:37:44.852314 localhost systemd-journald[171]: Journal started
May 28 07:37:44.852328 localhost systemd-journald[171]: Runtime Journal (/run/log/journal/930703f0573b40b5b6800998521e69f4) is 2.4M, max 19.3M, 16.9M free.
May 28 07:37:44.853406 localhost systemd[1]: Started Journal Service.
May 28 07:37:44.863522 localhost systemd[1]: Starting Create Volatile Files and Directories...
May 28 07:37:44.880400 localhost systemd[1]: Finished Create Volatile Files and Directories.
May 28 07:37:44.890109 localhost systemd[1]: Finished Virtual Console Setup.
May 28 07:37:44.900155 localhost systemd[1]: Starting dracut ask for additional cmdline parameters...
May 28 07:37:44.923470 localhost systemd[1]: Finished dracut ask for additional cmdline parameters.
May 28 07:37:44.933582 localhost systemd[1]: Starting dracut cmdline hook...
May 28 07:37:44.943771 localhost dracut-cmdline[205]: dracut-059+suse.588.g528264be-1.1
May 28 07:37:44.946814 localhost dracut-cmdline[205]: Using kernel command line parameters:  rd.driver.pre=btrfs rd.driver.pre=overlay root=UUID=dd239eca-f1dd-4869-9e69-d387b685bc85 rootfstype=btrfs rootflags=rw,relatime,discard=async,space_cache=v2,subvolid=266,subvol=/@/.snapshots/1/snapshot,subvol=@/.snapshots/1/snapshot   BOOT_IMAGE=/boot/vmlinuz-6.9.1-1-default root=UUID=dd239eca-f1dd-4869-9e69-d387b685bc85 rd.timeout=60 rd.retry=45 splash=silent console=ttyS0 console=tty kernel.softlockup_panic=1 swapaccount=1 quiet security=selinux selinux=1 enforcing=1 mitigations=auto
May 28 07:37:44.990412 localhost systemd[1]: Finished dracut cmdline hook.
May 28 07:37:44.996921 localhost systemd[1]: Starting dracut pre-udev hook...
May 28 07:37:45.236789 localhost kernel: raid6: avx2x4   gen() 35865 MB/s
May 28 07:37:45.236851 localhost kernel: raid6: avx2x2   gen() 36444 MB/s
May 28 07:37:45.236860 localhost kernel: raid6: avx2x1   gen() 21666 MB/s
May 28 07:37:45.236868 localhost kernel: raid6: using algorithm avx2x2 gen() 36444 MB/s
May 28 07:37:45.236874 localhost kernel: raid6: .... xor() 30731 MB/s, rmw enabled
May 28 07:37:45.236882 localhost kernel: raid6: using avx2x2 recovery algorithm
May 28 07:37:45.240094 localhost kernel: xor: automatically using best checksumming function   avx       
May 28 07:37:45.350056 localhost kernel: Btrfs loaded, assert=on, zoned=yes, fsverity=yes
May 28 07:37:45.369803 localhost systemd[1]: Finished dracut pre-udev hook.
May 28 07:37:45.383537 localhost systemd[1]: Starting Rule-based Manager for Device Events and Files...
May 28 07:37:45.399855 localhost systemd-udevd[309]: Using default interface naming scheme 'v255'.
May 28 07:37:45.402073 localhost systemd[1]: Started Rule-based Manager for Device Events and Files.
May 28 07:37:45.402179 localhost systemd[1]: dracut pre-trigger hook was skipped because no trigger condition checks were met.
May 28 07:37:45.413742 localhost systemd[1]: Starting Coldplug All udev Devices...
May 28 07:37:45.526246 localhost systemd[1]: Finished Coldplug All udev Devices.
May 28 07:37:45.646738 localhost kernel: FDC 0 is a S82078B
May 28 07:37:45.668101 localhost kernel: virtio_blk virtio4: 1/0/0 default/read/poll queues
May 28 07:37:45.668417 localhost kernel: virtio_blk virtio4: [vda] 41943040 512-byte logical blocks (21.5 GB/20.0 GiB)
May 28 07:37:45.673403 localhost kernel: SCSI subsystem initialized
May 28 07:37:45.688019 localhost kernel: cryptd: max_cpu_qlen set to 1000
May 28 07:37:45.690090 localhost kernel: Console: switching to colour dummy device 80x25
May 28 07:37:45.696731 localhost kernel: bochs-drm 0000:00:02.0: vgaarb: deactivate vga console
May 28 07:37:45.696907 localhost kernel: [drm] Found bochs VGA, ID 0xb0c5.
May 28 07:37:45.696917 localhost kernel: [drm] Framebuffer size 16384 kB @ 0xfd000000, mmio @ 0xfebd8000.
May 28 07:37:45.696925 localhost kernel: [drm] Found EDID data blob.
May 28 07:37:45.703145 localhost kernel: AVX2 version of gcm_enc/dec engaged.
May 28 07:37:45.703172 localhost kernel: AES CTR mode by8 optimization enabled
May 28 07:37:45.745508 localhost kernel: [drm] Initialized bochs-drm 1.0.0 20130925 for 0000:00:02.0 on minor 0
May 28 07:37:45.745530 localhost kernel: fbcon: bochs-drmdrmfb (fb0) is primary device
May 28 07:37:45.760868 localhost kernel: ACPI: bus type USB registered
May 28 07:37:45.760889 localhost kernel: usbcore: registered new interface driver usbfs
May 28 07:37:45.760898 localhost kernel: usbcore: registered new interface driver hub
May 28 07:37:45.760906 localhost kernel: usbcore: registered new device driver usb
May 28 07:37:45.783490 localhost kernel: virtio_scsi virtio3: 1/0/0 default/read/poll queues
May 28 07:37:45.783805 localhost kernel: scsi host0: Virtio SCSI HBA
May 28 07:37:45.820943 localhost systemd[1]: Starting dracut initqueue hook...
May 28 07:37:45.820958 localhost systemd[1]: systemd-vconsole-setup.service: Deactivated successfully.
May 28 07:37:45.821110 localhost systemd[1]: Stopped Virtual Console Setup.
May 28 07:37:45.821158 localhost systemd[1]: Stopping Virtual Console Setup...
May 28 07:37:45.823418 localhost kernel: scsi 0:0:0:0: CD-ROM            QEMU     QEMU CD-ROM      2.5+ PQ: 0 ANSI: 5
May 28 07:37:45.830124 localhost kernel: libata version 3.00 loaded.
May 28 07:37:45.833396 localhost kernel:  vda: vda1 vda2 vda3
May 28 07:37:45.840237 localhost systemd[1]: Starting Virtual Console Setup...
May 28 07:37:45.886819 localhost kernel: Console: switching to colour frame buffer device 128x48
May 28 07:37:45.910081 localhost kernel: xhci_hcd 0000:00:06.0: xHCI Host Controller
May 28 07:37:45.910304 localhost kernel: xhci_hcd 0000:00:06.0: new USB bus registered, assigned bus number 1
May 28 07:37:45.916778 localhost kernel: xhci_hcd 0000:00:06.0: hcc params 0x00087001 hci version 0x100 quirks 0x0000000000000010
May 28 07:37:45.916946 localhost kernel: xhci_hcd 0000:00:06.0: xHCI Host Controller
May 28 07:37:45.917107 localhost kernel: xhci_hcd 0000:00:06.0: new USB bus registered, assigned bus number 2
May 28 07:37:45.917240 localhost kernel: xhci_hcd 0000:00:06.0: Host supports USB 3.0 SuperSpeed
May 28 07:37:45.917368 localhost kernel: usb usb1: New USB device found, idVendor=1d6b, idProduct=0002, bcdDevice= 6.09
May 28 07:37:45.917510 localhost kernel: usb usb1: New USB device strings: Mfr=3, Product=2, SerialNumber=1
May 28 07:37:45.917630 localhost kernel: usb usb1: Product: xHCI Host Controller
May 28 07:37:45.917743 localhost kernel: usb usb1: Manufacturer: Linux 6.9.1-1-default xhci-hcd
May 28 07:37:45.917854 localhost kernel: usb usb1: SerialNumber: 0000:00:06.0
May 28 07:37:45.917963 localhost kernel: hub 1-0:1.0: USB hub found
May 28 07:37:45.923549 localhost kernel: hub 1-0:1.0: 4 ports detected
May 28 07:37:45.923711 localhost kernel: scsi 0:0:0:0: Attached scsi generic sg0 type 5
May 28 07:37:46.044276 localhost kernel: usb usb2: We don't know the algorithms for LPM for this host, disabling LPM.
May 28 07:37:46.044504 localhost kernel: usb usb2: New USB device found, idVendor=1d6b, idProduct=0003, bcdDevice= 6.09
May 28 07:37:46.044557 localhost kernel: usb usb2: New USB device strings: Mfr=3, Product=2, SerialNumber=1
May 28 07:37:46.044596 localhost kernel: usb usb2: Product: xHCI Host Controller
May 28 07:37:46.044633 localhost kernel: usb usb2: Manufacturer: Linux 6.9.1-1-default xhci-hcd
May 28 07:37:46.044668 localhost kernel: usb usb2: SerialNumber: 0000:00:06.0
May 28 07:37:46.049710 localhost kernel: bochs-drm 0000:00:02.0: [drm] fb0: bochs-drmdrmfb frame buffer device
May 28 07:37:46.049875 localhost kernel: sr 0:0:0:0: Power-on or device reset occurred
May 28 07:37:46.052423 localhost kernel: ata_piix 0000:00:01.1: version 2.13
May 28 07:37:46.057195 localhost kernel: hub 2-0:1.0: USB hub found
May 28 07:37:46.057413 localhost kernel: sr 0:0:0:0: [sr0] scsi3-mmc drive: 16x/50x cd/rw xa/form2 cdda tray
May 28 07:37:46.057571 localhost kernel: cdrom: Uniform CD-ROM driver Revision: 3.20
May 28 07:37:46.053307 localhost systemd[1]: systemd-vconsole-setup.service: Deactivated successfully.
May 28 07:37:46.060759 localhost kernel: hub 2-0:1.0: 4 ports detected
May 28 07:37:46.059450 localhost systemd[1]: Stopped Virtual Console Setup.
May 28 07:37:46.071698 localhost kernel: scsi host1: ata_piix
May 28 07:37:46.081474 localhost kernel: scsi host2: ata_piix
May 28 07:37:46.081642 localhost kernel: ata1: PATA max MWDMA2 cmd 0x1f0 ctl 0x3f6 bmdma 0xc140 irq 14 lpm-pol 0
May 28 07:37:46.081654 localhost kernel: ata2: PATA max MWDMA2 cmd 0x170 ctl 0x376 bmdma 0xc148 irq 15 lpm-pol 0
May 28 07:37:46.081662 localhost kernel: sr 0:0:0:0: Attached scsi CD-ROM sr0
May 28 07:37:46.078046 localhost systemd[1]: Starting Virtual Console Setup...
May 28 07:37:46.236053 localhost systemd[1]: Found device /dev/disk/by-uuid/411b51a6-84a7-494c-b144-df5028fc31c0.
May 28 07:37:46.241646 localhost systemd[1]: Found device /dev/disk/by-uuid/dd239eca-f1dd-4869-9e69-d387b685bc85.
May 28 07:37:46.242794 localhost systemd[1]: Finished Virtual Console Setup.
May 28 07:37:46.243211 localhost systemd[1]: Reached target Initrd Root Device.
May 28 07:37:46.243247 localhost systemd[1]: Reached target System Initialization.
May 28 07:37:46.243266 localhost systemd[1]: Reached target Basic System.
May 28 07:37:46.345377 localhost systemd[1]: Finished dracut initqueue hook.
May 28 07:37:46.346638 localhost systemd[1]: Reached target Preparation for Remote File Systems.
May 28 07:37:46.347010 localhost systemd[1]: Reached target Remote File Systems.
May 28 07:37:46.357028 localhost systemd[1]: Starting dracut pre-mount hook...
May 28 07:37:46.363475 localhost kernel: usb 1-1: new high-speed USB device number 2 using xhci_hcd
May 28 07:37:46.366229 localhost systemd[1]: Finished dracut pre-mount hook.
May 28 07:37:46.367058 localhost systemd[1]: Starting File System Check on /dev/disk/by-uuid/dd239eca-f1dd-4869-9e69-d387b685bc85...
May 28 07:37:46.382548 localhost systemd[1]: Finished File System Check on /dev/disk/by-uuid/dd239eca-f1dd-4869-9e69-d387b685bc85.
May 28 07:37:46.386828 localhost systemd[1]: Mounting /sysroot...
May 28 07:37:46.393442 localhost kernel: BTRFS: device fsid dd239eca-f1dd-4869-9e69-d387b685bc85 devid 1 transid 41 /dev/vda2 (254:2) scanned by mount (443)
May 28 07:37:46.396959 localhost kernel: BTRFS info (device vda2): first mount of filesystem dd239eca-f1dd-4869-9e69-d387b685bc85
May 28 07:37:46.396984 localhost kernel: BTRFS info (device vda2): using crc32c (crc32c-intel) checksum algorithm
May 28 07:37:46.396993 localhost kernel: BTRFS info (device vda2): using free-space-tree
May 28 07:37:46.397507 localhost systemd[1]: Mounted /sysroot.
May 28 07:37:46.397616 localhost systemd[1]: Reached target Initrd Root File System.
May 28 07:37:46.410170 localhost systemd[1]: Starting Mountpoints Configured in the Real Root...
May 28 07:37:46.415795 localhost systemd-sysroot-fstab-check[460]: /sysroot/root should be mounted in the initrd, will request daemon-reload.
May 28 07:37:46.417437 localhost systemd[1]: Reloading requested from client PID 460 ('systemd-fstab-g') (unit initrd-parse-etc.service)...
May 28 07:37:46.417486 localhost systemd[1]: Reloading...
May 28 07:37:46.506728 localhost kernel: usb 1-1: New USB device found, idVendor=0627, idProduct=0001, bcdDevice= 0.00
May 28 07:37:46.506936 localhost kernel: usb 1-1: New USB device strings: Mfr=1, Product=3, SerialNumber=10
May 28 07:37:46.507103 localhost kernel: usb 1-1: Product: QEMU USB Tablet
May 28 07:37:46.507263 localhost kernel: usb 1-1: Manufacturer: QEMU
May 28 07:37:46.507421 localhost kernel: usb 1-1: SerialNumber: 28754-0000:00:06.0-1
May 28 07:37:46.516771 localhost kernel: usbcore: registered new interface driver usbhid
May 28 07:37:46.516791 localhost kernel: usbhid: USB HID core driver
May 28 07:37:46.516804 localhost kernel: input: QEMU QEMU USB Tablet as /devices/pci0000:00/0000:00:06.0/usb1/1-1/1-1:1.0/0003:0627:0001.0001/input/input4
May 28 07:37:46.516812 localhost kernel: hid-generic 0003:0627:0001.0001: input,hidraw0: USB HID v0.01 Mouse [QEMU QEMU USB Tablet] on usb-0000:00:06.0-1/input0
May 28 07:37:46.548490 localhost systemd[1]: Reloading finished in 130 ms.
May 28 07:37:46.552328 localhost systemd-sysroot-fstab-check[460]: Requesting initrd-fs.target/start/replace...
May 28 07:37:46.552608 localhost systemd-sysroot-fstab-check[460]: Requesting swap.target/start/replace...
May 28 07:37:46.576403 localhost systemd[1]: Mounting /sysroot/root...
May 28 07:37:46.577275 localhost systemd[1]: Mounting /sysroot/var...
May 28 07:37:46.586210 localhost systemd[1]: initrd-parse-etc.service: Deactivated successfully.
May 28 07:37:46.586403 localhost systemd[1]: Finished Mountpoints Configured in the Real Root.
May 28 07:37:46.587672 localhost systemd[1]: dracut mount hook was skipped because no trigger condition checks were met.
May 28 07:37:46.589486 localhost systemd[1]: Mounted /sysroot/root.
May 28 07:37:46.593390 localhost kernel: BTRFS: device fsid 411b51a6-84a7-494c-b144-df5028fc31c0 devid 1 transid 18 /dev/vda3 (254:3) scanned by mount (497)
May 28 07:37:46.593412 localhost kernel: BTRFS info (device vda3): first mount of filesystem 411b51a6-84a7-494c-b144-df5028fc31c0
May 28 07:37:46.593426 localhost kernel: BTRFS info (device vda3): using crc32c (crc32c-intel) checksum algorithm
May 28 07:37:46.593434 localhost kernel: BTRFS info (device vda3): using free-space-tree
May 28 07:37:46.596061 localhost systemd[1]: Mounted /sysroot/var.
May 28 07:37:47.380490 localhost systemd[1]: sysroot-etc.mount: Directory /sysroot/etc to mount over is not empty, mounting anyway.
May 28 07:37:47.393471 localhost systemd[1]: Mounting /sysroot/etc...
May 28 07:37:47.398001 localhost systemd[1]: Mounted /sysroot/etc.
May 28 07:37:47.398409 localhost systemd[1]: Reached target Initrd File Systems.
May 28 07:37:47.398704 localhost systemd[1]: Reached target Initrd Default Target.
May 28 07:37:47.400188 localhost systemd[1]: Starting dracut pre-pivot and cleanup hook...
May 28 07:37:47.412369 localhost dracut-pre-pivot[518]: SELinux: relabeling root filesystem
May 28 07:37:47.423108 localhost dracut-pre-pivot[518]: SELinux: mount root read-write and relabel
May 28 07:37:54.306831 localhost kernel: evm: overlay not supported
May 28 07:37:54.567756 localhost systemd[1]: sysroot\x2dselinux-dev-pts.mount: Deactivated successfully.
May 28 07:37:54.571543 localhost systemd[1]: sysroot\x2dselinux-dev-shm.mount: Deactivated successfully.
May 28 07:37:54.573462 localhost systemd[1]: sysroot\x2dselinux-dev.mount: Deactivated successfully.
May 28 07:37:54.573568 localhost systemd[1]: sysroot\x2dselinux-sys-fs-bpf.mount: Deactivated successfully.
May 28 07:37:54.573661 localhost systemd[1]: sysroot\x2dselinux-sys-fs-pstore.mount: Deactivated successfully.
May 28 07:37:54.573751 localhost systemd[1]: sysroot\x2dselinux-sys-fs-cgroup.mount: Deactivated successfully.
May 28 07:37:54.574119 localhost systemd[1]: sysroot\x2dselinux-sys-kernel-security.mount: Deactivated successfully.
May 28 07:37:54.574216 localhost systemd[1]: sysroot\x2dselinux-sys.mount: Deactivated successfully.
May 28 07:37:54.574903 localhost systemd[1]: sysroot\x2dselinux-proc.mount: Deactivated successfully.
May 28 07:37:54.575003 localhost systemd[1]: sysroot\x2dselinux-etc.mount: Deactivated successfully.
May 28 07:37:54.576004 localhost systemd[1]: sysroot\x2dselinux-var.mount: Deactivated successfully.
May 28 07:37:54.576817 localhost systemd[1]: sysroot\x2dselinux-root.mount: Deactivated successfully.
May 28 07:37:54.576935 localhost systemd[1]: sysroot\x2dselinux.mount: Deactivated successfully.
May 28 07:37:54.582510 localhost systemd[1]: Finished dracut pre-pivot and cleanup hook.
May 28 07:37:54.583028 localhost systemd[1]: transactional-update /etc overlay cleaner was skipped because of an unmet condition check (ConditionPathExists=/sysroot/var/lib/overlay/transactional-update.newsnapshot).
May 28 07:37:54.596963 localhost systemd[1]: Starting Cleaning Up and Shutting Down Daemons...
May 28 07:37:54.606075 localhost systemd[1]: Stopped target Timer Units.
May 28 07:37:54.606589 localhost systemd[1]: dracut-pre-pivot.service: Deactivated successfully.
May 28 07:37:54.606839 localhost systemd[1]: Stopped dracut pre-pivot and cleanup hook.
May 28 07:37:54.606995 localhost systemd[1]: dracut-pre-pivot.service: Consumed 6.906s CPU time.
May 28 07:37:54.607179 localhost systemd[1]: Stopped target Initrd Default Target.
May 28 07:37:54.607328 localhost systemd[1]: Stopped target Basic System.
May 28 07:37:54.607468 localhost systemd[1]: Stopped target Initrd Root Device.
May 28 07:37:54.607603 localhost systemd[1]: Stopped target Initrd /usr File System.
May 28 07:37:54.607734 localhost systemd[1]: Stopped target Path Units.
May 28 07:37:54.607830 localhost systemd[1]: systemd-ask-password-console.path: Deactivated successfully.
May 28 07:37:54.620085 localhost systemd[1]: Stopped Dispatch Password Requests to Console Directory Watch.
May 28 07:37:54.620193 localhost systemd[1]: Stopped target Remote File Systems.
May 28 07:37:54.620267 localhost systemd[1]: Stopped target Preparation for Remote File Systems.
May 28 07:37:54.620338 localhost systemd[1]: Stopped target Slice Units.
May 28 07:37:54.620408 localhost systemd[1]: Stopped target Socket Units.
May 28 07:37:54.620478 localhost systemd[1]: Stopped target System Initialization.
May 28 07:37:54.620549 localhost systemd[1]: Stopped target Swaps.
May 28 07:37:54.620599 localhost systemd[1]: dracut-pre-mount.service: Deactivated successfully.
May 28 07:37:54.620720 localhost systemd[1]: Stopped dracut pre-mount hook.
May 28 07:37:54.620892 localhost systemd[1]: dracut-initqueue.service: Deactivated successfully.
May 28 07:37:54.621024 localhost systemd[1]: Stopped dracut initqueue hook.
May 28 07:37:54.621200 localhost systemd[1]: systemd-sysctl.service: Deactivated successfully.
May 28 07:37:54.621315 localhost systemd[1]: Stopped Apply Kernel Variables.
May 28 07:37:54.621422 localhost systemd[1]: systemd-tmpfiles-setup.service: Deactivated successfully.
May 28 07:37:54.621531 localhost systemd[1]: Stopped Create Volatile Files and Directories.
May 28 07:37:54.621663 localhost systemd[1]: Stopped target Local File Systems.
May 28 07:37:54.621737 localhost systemd[1]: Stopped target Preparation for Local File Systems.
May 28 07:37:54.621786 localhost systemd[1]: systemd-udev-trigger.service: Deactivated successfully.
May 28 07:37:54.621891 localhost systemd[1]: Stopped Coldplug All udev Devices.
May 28 07:37:54.622908 localhost systemd[1]: Stopping Rule-based Manager for Device Events and Files...
May 28 07:37:54.625314 localhost systemd[1]: initrd-cleanup.service: Deactivated successfully.
May 28 07:37:54.625542 localhost systemd[1]: Finished Cleaning Up and Shutting Down Daemons.
May 28 07:37:54.628423 localhost systemd[1]: systemd-udevd.service: Deactivated successfully.
May 28 07:37:54.628723 localhost systemd[1]: Stopped Rule-based Manager for Device Events and Files.
May 28 07:37:54.629506 localhost systemd[1]: systemd-udevd-control.socket: Deactivated successfully.
May 28 07:37:54.629892 localhost systemd[1]: Closed udev Control Socket.
May 28 07:37:54.629992 localhost systemd[1]: systemd-udevd-kernel.socket: Deactivated successfully.
May 28 07:37:54.630105 localhost systemd[1]: Closed udev Kernel Socket.
May 28 07:37:54.630169 localhost systemd[1]: dracut-pre-udev.service: Deactivated successfully.
May 28 07:37:54.630250 localhost systemd[1]: Stopped dracut pre-udev hook.
May 28 07:37:54.630405 localhost systemd[1]: dracut-cmdline.service: Deactivated successfully.
May 28 07:37:54.630487 localhost systemd[1]: Stopped dracut cmdline hook.
May 28 07:37:54.630617 localhost systemd[1]: dracut-cmdline-ask.service: Deactivated successfully.
May 28 07:37:54.630699 localhost systemd[1]: Stopped dracut ask for additional cmdline parameters.
May 28 07:37:54.643508 localhost systemd[1]: Starting Cleanup udev Database...
May 28 07:37:54.643527 localhost systemd[1]: systemd-tmpfiles-setup-dev.service: Deactivated successfully.
May 28 07:37:54.643594 localhost systemd[1]: Stopped Create Static Device Nodes in /dev.
May 28 07:37:54.643650 localhost systemd[1]: systemd-tmpfiles-setup-dev-early.service: Deactivated successfully.
May 28 07:37:54.643707 localhost systemd[1]: Stopped Create Static Device Nodes in /dev gracefully.
May 28 07:37:54.643753 localhost systemd[1]: kmod-static-nodes.service: Deactivated successfully.
May 28 07:37:54.643808 localhost systemd[1]: Stopped Create List of Static Device Nodes.
May 28 07:37:54.643852 localhost systemd[1]: systemd-vconsole-setup.service: Deactivated successfully.
May 28 07:37:54.643897 localhost systemd[1]: Stopped Virtual Console Setup.
May 28 07:37:54.651197 localhost systemd[1]: initrd-udevadm-cleanup-db.service: Deactivated successfully.
May 28 07:37:54.651398 localhost systemd[1]: Finished Cleanup udev Database.
May 28 07:37:54.651554 localhost systemd[1]: Reached target Switch Root.
May 28 07:37:54.653567 localhost systemd[1]: Starting Switch Root...
May 28 07:37:54.662689 localhost systemd[1]: Switching root.
May 28 07:37:54.700696 localhost systemd-journald[171]: Journal stopped
May 28 07:37:55.779096 localhost systemd-journald[171]: Received SIGTERM from PID 1 (systemd).
May 28 07:37:55.779118 localhost kernel: SELinux:  policy capability network_peer_controls=1
May 28 07:37:55.779128 localhost kernel: SELinux:  policy capability open_perms=1
May 28 07:37:55.779137 localhost kernel: SELinux:  policy capability extended_socket_class=1
May 28 07:37:55.779145 localhost kernel: SELinux:  policy capability always_check_network=0
May 28 07:37:55.779152 localhost kernel: SELinux:  policy capability cgroup_seclabel=1
May 28 07:37:55.779161 localhost kernel: SELinux:  policy capability nnp_nosuid_transition=1
May 28 07:37:55.779169 localhost kernel: SELinux:  policy capability genfs_seclabel_symlinks=1
May 28 07:37:55.779176 localhost kernel: SELinux:  policy capability ioctl_skip_cloexec=0
May 28 07:37:55.779184 localhost kernel: SELinux:  policy capability userspace_initial_context=0
May 28 07:37:55.779194 localhost kernel: audit: type=1403 audit(1716881874.889:2): auid=4294967295 ses=4294967295 lsm=selinux res=1
May 28 07:37:55.779202 localhost systemd[1]: Successfully loaded SELinux policy in 150.301ms.
May 28 07:37:55.779211 localhost systemd[1]: Relabeled /dev, /dev/shm, /run, /sys/fs/cgroup in 28.521ms.
May 28 07:37:55.779221 localhost systemd[1]: systemd 255.6+suse.30.g3ea0e1dff3 running in system mode (+PAM +AUDIT +SELINUX +APPARMOR +IMA -SMACK +SECCOMP +GCRYPT +GNUTLS +OPENSSL +ACL +BLKID +CURL +ELFUTILS +FIDO2 +IDN2 -IDN +IPTC +KMOD +LIBCRYPTSETUP +LIBFDISK +PCRE2 +PWQUALITY +P11KIT +QRENCODE +TPM2 +BZIP2 +LZ4 +XZ +ZLIB +ZSTD +BPF_FRAMEWORK -XKBCOMMON -UTMP +SYSVINIT default-hierarchy=unified)
May 28 07:37:55.779230 localhost systemd[1]: Detected virtualization kvm.
May 28 07:37:55.779239 localhost systemd[1]: Detected architecture x86-64.
May 28 07:37:55.779247 localhost systemd[1]: Initializing machine ID from random generator.
May 28 07:37:55.779257 localhost systemd[1]: bpf-lsm: LSM BPF program attached
May 28 07:37:55.779265 localhost kernel: audit: type=1400 audit(1716881875.306:3): avc:  denied  { map_read map_write } for  pid=564 comm="systemd-fstab-g" scontext=system_u:system_r:systemd_fstab_generator_t:s0 tcontext=system_u:system_r:init_t:s0 tclass=bpf permissive=0
May 28 07:37:55.779274 localhost kernel: audit: type=1400 audit(1716881875.319:4): avc:  denied  { map_read map_write } for  pid=567 comm="systemd-gpt-aut" scontext=system_u:system_r:systemd_gpt_generator_t:s0 tcontext=system_u:system_r:init_t:s0 tclass=bpf permissive=0
May 28 07:37:55.779282 localhost systemd[1]: initrd-switch-root.service: Deactivated successfully.
May 28 07:37:55.779290 localhost systemd[1]: Stopped Switch Root.
May 28 07:37:55.779298 localhost systemd[1]: systemd-journald.service: Scheduled restart job, restart counter is at 1.
May 28 07:37:55.779306 localhost systemd[1]: Created slice Slice /system/getty.
May 28 07:37:55.779314 localhost systemd[1]: Created slice Slice /system/modprobe.
May 28 07:37:55.779322 localhost systemd[1]: Created slice Slice /system/serial-getty.
May 28 07:37:55.779330 localhost systemd[1]: Created slice User and Session Slice.
May 28 07:37:55.779341 localhost systemd[1]: Started Dispatch Password Requests to Console Directory Watch.
May 28 07:37:55.779349 localhost systemd[1]: Set up automount Arbitrary Executable File Formats File System Automount Point.
May 28 07:37:55.779357 localhost systemd[1]: Expecting device /dev/disk/by-uuid/dd239eca-f1dd-4869-9e69-d387b685bc85...
May 28 07:37:55.779365 localhost systemd[1]: Expecting device /dev/hvc0...
May 28 07:37:55.779373 localhost systemd[1]: Expecting device /dev/ttyS0...
May 28 07:37:55.779381 localhost systemd[1]: Reached target Local Encrypted Volumes.
May 28 07:37:55.779389 localhost systemd[1]: Stopped target Switch Root.
May 28 07:37:55.779397 localhost systemd[1]: Stopped target Initrd File Systems.
May 28 07:37:55.779405 localhost systemd[1]: Stopped target Initrd Root File System.
May 28 07:37:55.779413 localhost systemd[1]: Reached target Local Integrity Protected Volumes.
May 28 07:37:55.779423 localhost systemd[1]: Reached target Remote File Systems.
May 28 07:37:55.779431 localhost systemd[1]: Reached target Slice Units.
May 28 07:37:55.779439 localhost systemd[1]: Reached target Swaps.
May 28 07:37:55.779447 localhost systemd[1]: Reached target System Time Set.
May 28 07:37:55.779455 localhost systemd[1]: Reached target Local Verity Protected Volumes.
May 28 07:37:55.779463 localhost systemd[1]: Listening on Device-mapper event daemon FIFOs.
May 28 07:37:55.779473 localhost systemd[1]: Listening on Process Core Dump Socket.
May 28 07:37:55.779481 localhost systemd[1]: Listening on udev Control Socket.
May 28 07:37:55.779489 localhost systemd[1]: Listening on udev Kernel Socket.
May 28 07:37:55.779497 localhost systemd[1]: Mounting Huge Pages File System...
May 28 07:37:55.779505 localhost systemd[1]: Mounting POSIX Message Queue File System...
May 28 07:37:55.779513 localhost systemd[1]: Mounting Kernel Debug File System...
May 28 07:37:55.779521 localhost systemd[1]: Mounting Kernel Trace File System...
May 28 07:37:55.779529 localhost systemd[1]: Mounting Temporary Directory /tmp...
May 28 07:37:55.779537 localhost systemd[1]: Starting Create List of Static Device Nodes...
May 28 07:37:55.779545 localhost systemd[1]: Starting Load Kernel Module configfs...
May 28 07:37:55.779555 localhost systemd[1]: Starting Load Kernel Module dm_mod...
May 28 07:37:55.779563 localhost systemd[1]: Starting Load Kernel Module drm...
May 28 07:37:55.779571 localhost systemd[1]: Starting Load Kernel Module efi_pstore...
May 28 07:37:55.779579 localhost systemd[1]: Starting Load Kernel Module fuse...
May 28 07:37:55.779587 localhost systemd[1]: Starting Load Kernel Module loop...
May 28 07:37:55.779595 localhost systemd[1]: Starting Relabel /root...
May 28 07:37:55.779603 localhost systemd[1]: systemd-fsck-root.service: Deactivated successfully.
May 28 07:37:55.779611 localhost systemd[1]: Stopped File System Check on Root Device.
May 28 07:37:55.779618 localhost kernel: device-mapper: uevent: version 1.0.3
May 28 07:37:55.779626 localhost kernel: device-mapper: ioctl: 4.48.0-ioctl (2023-03-01) initialised: dm-devel@lists.linux.dev
May 28 07:37:55.779636 localhost systemd[1]: Starting Journal Service...
May 28 07:37:55.779644 localhost systemd[1]: Load Kernel Modules was skipped because no trigger condition checks were met.
May 28 07:37:55.779653 localhost systemd[1]: Apply Kernel Variables for 6.9.1-1-default from /boot was skipped because of an unmet condition check (ConditionPathExists=!/usr/lib/modules/6.9.1-1-default/sysctl.conf).
May 28 07:37:55.779661 localhost systemd[1]: Starting Apply Kernel Variables for 6.9.1-1-default...
May 28 07:37:55.779669 localhost systemd[1]: Starting Remount Root and Kernel File Systems...
May 28 07:37:55.779677 localhost kernel: fuse: init (API version 7.40)
May 28 07:37:55.779684 localhost kernel: loop: module loaded
May 28 07:37:55.779692 localhost systemd[1]: Starting Coldplug All udev Devices...
May 28 07:37:55.779700 localhost systemd[1]: Mounted Huge Pages File System.
May 28 07:37:55.779708 localhost systemd[1]: Mounted POSIX Message Queue File System.
May 28 07:37:55.779716 localhost systemd[1]: Mounted Kernel Debug File System.
May 28 07:37:55.779725 localhost systemd[1]: Mounted Kernel Trace File System.
May 28 07:37:55.779733 localhost systemd[1]: Mounted Temporary Directory /tmp.
May 28 07:37:55.779742 localhost systemd[1]: Finished Create List of Static Device Nodes.
May 28 07:37:55.779750 localhost systemd[1]: modprobe@configfs.service: Deactivated successfully.
May 28 07:37:55.779758 localhost systemd[1]: Finished Load Kernel Module configfs.
May 28 07:37:55.779766 localhost systemd[1]: modprobe@dm_mod.service: Deactivated successfully.
May 28 07:37:55.779774 localhost systemd[1]: Finished Load Kernel Module dm_mod.
May 28 07:37:55.779782 localhost systemd[1]: modprobe@drm.service: Deactivated successfully.
May 28 07:37:55.779790 localhost systemd[1]: Finished Load Kernel Module drm.
May 28 07:37:55.779798 localhost systemd[1]: modprobe@efi_pstore.service: Deactivated successfully.
May 28 07:37:55.779806 localhost systemd[1]: Finished Load Kernel Module efi_pstore.
May 28 07:37:55.779814 localhost systemd[1]: modprobe@fuse.service: Deactivated successfully.
May 28 07:37:55.779824 localhost systemd[1]: Finished Load Kernel Module fuse.
May 28 07:37:55.779832 localhost systemd[1]: modprobe@loop.service: Deactivated successfully.
May 28 07:37:55.779840 localhost systemd[1]: Finished Load Kernel Module loop.
May 28 07:37:55.779848 localhost systemd[1]: Mounting FUSE Control File System...
May 28 07:37:55.779856 localhost systemd[1]: Mounting Kernel Configuration File System...
May 28 07:37:55.779864 localhost systemd[1]: Repartition Root Disk was skipped because no trigger condition checks were met.
May 28 07:37:55.779872 localhost systemd[1]: Starting Create Static Device Nodes in /dev gracefully...
May 28 07:37:55.779880 localhost systemd[1]: root-relabel.service: Deactivated successfully.
May 28 07:37:55.779888 localhost systemd[1]: Finished Relabel /root.
May 28 07:37:55.779896 localhost systemd[1]: Finished Apply Kernel Variables for 6.9.1-1-default.
May 28 07:37:55.779904 localhost systemd[1]: Mounted FUSE Control File System.
May 28 07:37:55.779914 localhost systemd[1]: Starting Apply Kernel Variables...
May 28 07:37:55.779922 localhost systemd[1]: Mounted Kernel Configuration File System.
May 28 07:37:55.779944 localhost systemd-journald[616]: Collecting audit messages is disabled.
May 28 07:37:55.779964 localhost systemd-journald[616]: Journal started
May 28 07:37:55.779982 localhost systemd-journald[616]: Runtime Journal (/run/log/journal/3237086ac49145e1947637d78162615a) is 2.4M, max 19.3M, 16.9M free.
May 28 07:37:55.796728 localhost systemd[1]: Started Journal Service.
May 28 07:37:55.503360 localhost systemd[1]: Queued start job for default target Multi-User System.
May 28 07:37:55.543549 localhost systemd[1]: Unnecessary job was removed for /dev/vda2.
May 28 07:37:55.543564 localhost systemd[1]: Unnecessary job was removed for /dev/vda3.
May 28 07:37:55.543909 localhost systemd[1]: systemd-journald.service: Deactivated successfully.
May 28 07:37:55.864119 localhost systemd[1]: Finished Remount Root and Kernel File Systems.
May 28 07:37:55.883589 localhost systemd[1]: Starting Rebuild Hardware Database...
May 28 07:37:55.883642 localhost systemd[1]: Platform Persistent Storage Archival was skipped because of an unmet condition check (ConditionDirectoryNotEmpty=/sys/fs/pstore).
May 28 07:37:55.889999 localhost systemd[1]: Starting Load/Save OS Random Seed...
May 28 07:37:55.891882 localhost systemd[1]: Finished Apply Kernel Variables.
May 28 07:37:55.927347 localhost systemd[1]: Finished Load/Save OS Random Seed.
May 28 07:37:55.947438 localhost systemd[1]: Finished Create Static Device Nodes in /dev gracefully.
May 28 07:37:55.973478 localhost systemd[1]: Starting Create System Users...
May 28 07:37:56.073558 localhost systemd[1]: Finished Create System Users.
May 28 07:37:56.086819 localhost systemd[1]: Starting Create Static Device Nodes in /dev...
May 28 07:37:56.087225 localhost systemd[1]: Finished Coldplug All udev Devices.
May 28 07:37:56.161586 localhost systemd[1]: Finished Create Static Device Nodes in /dev.
May 28 07:37:56.161753 localhost systemd[1]: Reached target Preparation for Local File Systems.
May 28 07:37:56.412164 localhost systemd[1]: Finished Rebuild Hardware Database.
May 28 07:37:56.426841 localhost systemd[1]: Starting Rule-based Manager for Device Events and Files...
May 28 07:37:56.460088 localhost systemd-udevd[660]: Using default interface naming scheme 'v255'.
May 28 07:37:56.479930 localhost systemd[1]: Started Rule-based Manager for Device Events and Files.
May 28 07:37:56.545128 localhost systemd[1]: Condition check resulted in /dev/hvc0 being skipped.
May 28 07:37:56.613992 localhost systemd[1]: Condition check resulted in /dev/ttyS0 being skipped.
May 28 07:37:56.746731 localhost kernel: input: Power Button as /devices/LNXSYSTM:00/LNXPWRBN:00/input/input5
May 28 07:37:56.760062 localhost kernel: ACPI: button: Power Button [PWRF]
May 28 07:37:56.768113 localhost systemd[1]: Found device /dev/disk/by-uuid/dd239eca-f1dd-4869-9e69-d387b685bc85.
May 28 07:37:56.776727 localhost kernel: piix4_smbus 0000:00:01.3: SMBus Host Controller at 0x700, revision 0
May 28 07:37:56.783409 localhost kernel: parport_pc 00:03: reported by Plug and Play ACPI
May 28 07:37:56.786775 localhost kernel: parport0: PC-style at 0x378, irq 7 [PCSPP,TRISTATE]
May 28 07:37:56.814290 localhost kernel: input: PC Speaker as /devices/platform/pcspkr/input/input6
May 28 07:37:56.813446 localhost systemd[1]: Mounting /.snapshots...
May 28 07:37:56.818606 localhost systemd[1]: Mounting /boot/grub2/i386-pc...
May 28 07:37:56.843474 localhost systemd[1]: Mounting /boot/grub2/x86_64-efi...
May 28 07:37:56.870917 localhost systemd[1]: Mounting /boot/writable...
May 28 07:37:56.893021 localhost systemd[1]: Mounting /home...
May 28 07:37:56.918549 localhost systemd[1]: Mounting /opt...
May 28 07:37:56.930104 localhost systemd[1]: Mounting /srv...
May 28 07:37:56.943926 localhost kernel: virtio_net virtio0 ens4: renamed from eth0
May 28 07:37:56.952648 localhost systemd[1]: Mounting /usr/local...
May 28 07:37:56.990151 localhost kernel: ppdev: user-space parallel port driver
May 28 07:37:56.994861 localhost systemd[1]: Mounted /.snapshots.
May 28 07:37:56.999958 localhost systemd[1]: Mounted /boot/grub2/i386-pc.
May 28 07:37:57.000291 localhost systemd[1]: Mounted /boot/grub2/x86_64-efi.
May 28 07:37:57.000453 localhost systemd[1]: Mounted /boot/writable.
May 28 07:37:57.000593 localhost systemd[1]: Mounted /home.
May 28 07:37:57.001326 localhost systemd[1]: Mounted /opt.
May 28 07:37:57.006983 localhost systemd[1]: Mounted /srv.
May 28 07:37:57.007090 localhost systemd[1]: Mounted /usr/local.
May 28 07:37:57.073643 localhost systemd[1]: Starting Relabel /.snapshots...
May 28 07:37:57.080262 localhost systemd[1]: Starting Relabel /boot/grub2/i386-pc...
May 28 07:37:57.096913 localhost systemd[1]: Starting Relabel /boot/grub2/x86_64-efi...
May 28 07:37:57.100351 localhost systemd[1]: Starting Relabel /boot/writable...
May 28 07:37:57.110363 localhost systemd[1]: Starting Relabel /home...
May 28 07:37:57.133650 localhost systemd[1]: Starting Relabel /opt...
May 28 07:37:57.140346 localhost systemd[1]: Starting Relabel /srv...
May 28 07:37:57.150564 localhost systemd[1]: Starting Relabel /usr/local...
May 28 07:37:57.226975 localhost systemd[1]: Starting Virtual Console Setup...
May 28 07:37:57.227516 localhost systemd[1]: \x2esnapshots-relabel.service: Deactivated successfully.
May 28 07:37:57.227855 localhost systemd[1]: Finished Relabel /.snapshots.
May 28 07:37:57.240349 localhost kernel: audit: type=1400 audit(1716881877.236:5): avc:  denied  { getattr } for  pid=724 comm="systemd-sysctl" path="/usr/local" dev="vda2" ino=256 scontext=system_u:system_r:systemd_sysctl_t:s0-s0:c0.c1023 tcontext=system_u:object_r:unlabeled_t:s0 tclass=dir permissive=0
May 28 07:37:57.257056 localhost systemd[1]: boot-grub2-x86_64\x2defi-relabel.service: Deactivated successfully.
May 28 07:37:57.257171 localhost systemd[1]: Finished Relabel /boot/grub2/x86_64-efi.
May 28 07:37:57.275381 localhost systemd[1]: boot-writable-relabel.service: Deactivated successfully.
May 28 07:37:57.275497 localhost systemd[1]: Finished Relabel /boot/writable.
May 28 07:37:57.290370 localhost systemd[1]: home-relabel.service: Deactivated successfully.
May 28 07:37:57.290506 localhost systemd[1]: Finished Relabel /home.
May 28 07:37:57.301001 localhost systemd[1]: opt-relabel.service: Deactivated successfully.
May 28 07:37:57.301123 localhost systemd[1]: Finished Relabel /opt.
May 28 07:37:57.316737 localhost kernel: kvm_amd: Nested Virtualization enabled
May 28 07:37:57.316765 localhost kernel: kvm_amd: Nested Paging enabled
May 28 07:37:57.327546 localhost systemd[1]: srv-relabel.service: Deactivated successfully.
May 28 07:37:57.327747 localhost systemd[1]: Finished Relabel /srv.
May 28 07:37:57.341587 localhost systemd[1]: usr-local-relabel.service: Deactivated successfully.
May 28 07:37:57.342259 localhost systemd[1]: Finished Relabel /usr/local.
May 28 07:37:57.356724 localhost kernel: snd_hda_codec_generic hdaudioC0D0: autoconfig for Generic: line_outs=1 (0x3/0x0/0x0/0x0/0x0) type:line
May 28 07:37:57.356928 localhost kernel: snd_hda_codec_generic hdaudioC0D0:    speaker_outs=0 (0x0/0x0/0x0/0x0/0x0)
May 28 07:37:57.357052 localhost kernel: snd_hda_codec_generic hdaudioC0D0:    hp_outs=0 (0x0/0x0/0x0/0x0/0x0)
May 28 07:37:57.357168 localhost kernel: snd_hda_codec_generic hdaudioC0D0:    mono: mono_out=0x0
May 28 07:37:57.357291 localhost kernel: snd_hda_codec_generic hdaudioC0D0:    inputs:
May 28 07:37:57.385324 localhost systemd[1]: Reached target Sound Card.
May 28 07:37:57.391181 localhost systemd[1]: boot-grub2-i386\x2dpc-relabel.service: Deactivated successfully.
May 28 07:37:57.391382 localhost systemd[1]: Finished Relabel /boot/grub2/i386-pc.
May 28 07:37:57.406855 localhost systemd[1]: Starting Mark autorelabel as done...
May 28 07:37:57.409263 localhost systemd[1]: mark-autorelabel-done.service: Deactivated successfully.
May 28 07:37:57.409375 localhost systemd[1]: Finished Mark autorelabel as done.
May 28 07:37:57.410689 localhost systemd[1]: Reached target Local File Systems.
May 28 07:37:57.413092 localhost systemd[1]: Listening on System Extension Image Management (Varlink).
May 28 07:37:57.511321 localhost systemd[1]: Starting Create missing directories from rpmdb...
May 28 07:37:57.511473 localhost systemd[1]: Set Up Additional Binary Formats was skipped because no trigger condition checks were met.
May 28 07:37:57.522342 localhost systemd[1]: Starting Flush Journal to Persistent Storage...
May 28 07:37:57.537795 localhost systemd-journald[616]: Time spent on flushing to /var/log/journal/3237086ac49145e1947637d78162615a is 20.080ms for 883 entries.
May 28 07:37:57.537795 localhost systemd-journald[616]: System Journal (/var/log/journal/3237086ac49145e1947637d78162615a) is 8.0M, max 1.1G, 1.1G free.
May 28 07:37:57.600238 localhost systemd-journald[616]: Received client request to flush runtime journal.
May 28 07:37:57.600287 localhost systemd-journald[616]: Creating journal file /var/log/journal/3237086ac49145e1947637d78162615a/system.journal on a btrfs file system, and copy-on-write is enabled. This is likely to slow down journal access substantially, please consider turning off the copy-on-write file attribute on the journal directory, using chattr +C.
May 28 07:37:57.601798 localhost systemd[1]: Finished Flush Journal to Persistent Storage.
May 28 07:37:57.620237 localhost systemd[1]: Finished Virtual Console Setup.
May 28 07:37:57.746949 localhost systemd[1]: Finished Create missing directories from rpmdb.
May 28 07:37:57.760218 localhost systemd[1]: Starting Create Volatile Files and Directories...
May 28 07:37:57.843954 localhost systemd[1]: Finished Create Volatile Files and Directories.
May 28 07:37:57.856812 localhost systemd[1]: Starting Security Auditing Service...
May 28 07:37:57.856856 localhost systemd[1]: First Boot Wizard was skipped because of an unmet condition check (ConditionFirstBoot=yes).
May 28 07:37:57.856875 localhost systemd[1]: First Boot Complete was skipped because of an unmet condition check (ConditionFirstBoot=yes).
May 28 07:37:57.860166 localhost systemd[1]: Starting Rebuild Journal Catalog...
May 28 07:37:57.860291 localhost systemd[1]: Commit a transient machine-id on disk was skipped because of an unmet condition check (ConditionPathIsMountPoint=/etc/machine-id).
May 28 07:37:57.863500 localhost systemd[1]: Starting Write boot and shutdown times into wtmpdb...
May 28 07:37:57.890491 localhost systemd[1]: Finished Rebuild Journal Catalog.
May 28 07:37:57.906852 localhost systemd[1]: Starting Update is Completed...
May 28 07:37:57.931166 localhost wtmpdb[781]: Error: cannot open dbus
May 28 07:37:57.930624 localhost systemd[1]: Finished Write boot and shutdown times into wtmpdb.
May 28 07:37:57.943808 localhost systemd[1]: Finished Update is Completed.
May 28 07:37:57.959223 localhost auditd[786]: Option builtin_af_unix line 10 is obsolete - using /sbin/audisp-af_unix
May 28 07:37:57.959603 localhost auditd[786]: Option builtin line 11 is obsolete - update it
May 28 07:37:57.959695 localhost auditd[786]: No plugins found, not dispatching events
May 28 07:37:57.959908 localhost auditd[786]: Init complete, auditd 3.1.1 listening for events (startup state enable)
May 28 07:37:57.961498 localhost systemd[1]: Started Security Auditing Service.
May 28 07:37:57.961770 localhost systemd[1]: Reached target System Initialization.
May 28 07:37:57.961987 localhost systemd[1]: Started Watch /etc/sysconfig/btrfsmaintenance.
May 28 07:37:57.962306 localhost systemd[1]: Started Watch for changes in CA certificates.
May 28 07:37:57.962457 localhost systemd[1]: Started Watch for changes in issue snippets.
May 28 07:37:57.962585 localhost systemd[1]: Started Daily Cleanup of Snapper Snapshots.
May 28 07:37:57.962673 localhost systemd[1]: Started Daily Cleanup of Temporary Directories.
May 28 07:37:57.962759 localhost systemd[1]: Reached target Path Units.
May 28 07:37:57.965369 localhost systemd[1]: Listening on D-Bus System Message Bus Socket.
May 28 07:37:57.965498 localhost systemd[1]: Reached target Socket Units.
May 28 07:37:57.965598 localhost systemd[1]: Reached target Basic System.
May 28 07:37:57.980150 localhost systemd[1]: Starting auditd rules generation...
May 28 07:37:57.986823 localhost systemd[1]: Starting D-Bus System Message Bus...
May 28 07:37:57.990158 localhost systemd[1]: Starting Restore /run/initramfs on shutdown...
May 28 07:37:57.990186 localhost systemd[1]: irqbalance daemon was skipped because of an unmet condition check (ConditionCPUs=>1).
May 28 07:37:57.996966 localhost systemd[1]: Starting Generate issue file for login session...
May 28 07:37:58.000966 localhost systemd[1]: Starting Apply settings from /etc/sysconfig/keyboard...
May 28 07:37:58.001109 localhost systemd[1]: Import lastlog data into lastlog2 database was skipped because of an unmet condition check (ConditionPathExists=/var/log/lastlog).
May 28 07:37:58.027067 localhost systemd[1]: Starting Authorization Manager...
May 28 07:37:58.033557 localhost systemd[1]: Starting User Login Management...
May 28 07:37:58.034441 localhost systemd[1]: Finished Restore /run/initramfs on shutdown.
May 28 07:37:58.047777 localhost dbus-daemon[791]: [system] SELinux support is enabled
May 28 07:37:58.054969 localhost systemd[1]: Started D-Bus System Message Bus.
May 28 07:37:58.090282 localhost systemd[1]: Starting Network Manager...
May 28 07:37:58.093534 localhost systemd[1]: Starting Reboot Manager...
May 28 07:37:58.127616 localhost systemd[1]: issue-generator.service: Deactivated successfully.
May 28 07:37:58.127777 localhost systemd[1]: Finished Generate issue file for login session.
May 28 07:37:58.156622 localhost systemd[1]: Started Reboot Manager.
May 28 07:37:58.307814 localhost NetworkManager[815]: <info>  [1716881878.3076] NetworkManager (version 1.44.4) is starting... (boot:4c61e5ce-900d-4f96-996b-df75d15e2876)
May 28 07:37:58.310197 localhost NetworkManager[815]: <info>  [1716881878.3101] Read config: /etc/NetworkManager/NetworkManager.conf (lib: conncheck-openSUSE.conf)
May 28 07:37:58.323089 localhost systemd[1]: Finished Apply settings from /etc/sysconfig/keyboard.
May 28 07:37:58.330669 localhost NetworkManager[815]: <info>  [1716881878.3306] manager[0x55a4350be2a0]: monitoring kernel firmware directory '/lib/firmware'.
May 28 07:37:58.333836 localhost dbus-daemon[791]: [system] Activating via systemd: service name='org.freedesktop.hostname1' unit='dbus-org.freedesktop.hostname1.service' requested by ':1.2' (uid=0 pid=815 comm="/usr/sbin/NetworkManager --no-daemon" label="system_u:system_r:NetworkManager_t:s0")
May 28 07:37:58.353523 localhost systemd[1]: Starting Hostname Service...
May 28 07:37:58.361289 localhost systemd-logind[796]: New seat seat0.
May 28 07:37:58.362391 localhost systemd-logind[796]: Watching system buttons on /dev/input/event4 (Power Button)
May 28 07:37:58.362412 localhost systemd-logind[796]: Watching system buttons on /dev/input/event0 (AT Translated Set 2 keyboard)
May 28 07:37:58.362515 localhost systemd[1]: Started User Login Management.
May 28 07:37:58.370185 localhost systemd[1]: Starting MicroOS Health Checker...
May 28 07:37:58.385648 localhost health-checker[882]: Clearing GRUB flag
May 28 07:37:58.386961 localhost augenrules[884]: No rules
May 28 07:37:58.390529 localhost systemd[1]: Finished auditd rules generation.
May 28 07:37:58.431253 localhost polkitd[795]: Started polkitd version 123
May 28 07:37:58.434761 localhost health-checker[889]: grub2-editenv: error: cannot open `/boot/grub2/grubenv': Read-only file system.
May 28 07:37:58.434857 localhost health-checker[882]: Starting health check
May 28 07:37:58.442900 localhost polkitd[795]: Loading rules from directory /etc/polkit-1/rules.d
May 28 07:37:58.448382 localhost polkitd[795]: Loading rules from directory /usr/share/polkit-1/rules.d
May 28 07:37:58.449651 localhost polkitd[795]: Finished loading, compiling and executing 1 rules
May 28 07:37:58.457352 localhost systemd[1]: Started Authorization Manager.
May 28 07:37:58.459129 localhost polkitd[795]: Acquired the name org.freedesktop.PolicyKit1 on the system bus
May 28 07:37:58.483578 localhost systemd[1]: Starting Modem Manager...
May 28 07:37:58.597214 localhost ModemManager[901]: <info>  ModemManager (version 1.20.6) starting in system bus...
May 28 07:37:58.618640 localhost dbus-daemon[791]: [system] Successfully activated service 'org.freedesktop.hostname1'
May 28 07:37:58.619144 localhost systemd[1]: Started Hostname Service.
May 28 07:37:58.626517 localhost NetworkManager[815]: <info>  [1716881878.6264] hostname: hostname: using hostnamed
May 28 07:37:58.626972 localhost NetworkManager[815]: <info>  [1716881878.6269] dns-mgr: init: dns=default,systemd-resolved rc-manager=symlink (auto)
May 28 07:37:58.627100 localhost NetworkManager[815]: <info>  [1716881878.6270] policy: set-hostname: set hostname to 'localhost.localdomain' (no hostname found)
May 28 07:37:58.631960 localhost.localdomain systemd-hostnamed[881]: Hostname set to <localhost.localdomain> (transient)
May 28 07:37:58.647359 localhost.localdomain NetworkManager[815]: <info>  [1716881878.6473] manager[0x55a4350be2a0]: rfkill: Wi-Fi hardware radio set enabled
May 28 07:37:58.647622 localhost.localdomain NetworkManager[815]: <info>  [1716881878.6476] manager[0x55a4350be2a0]: rfkill: WWAN hardware radio set enabled
May 28 07:37:58.648642 localhost.localdomain systemd[1]: Listening on Load/Save RF Kill Switch Status /dev/rfkill Watch.
May 28 07:37:58.655650 localhost.localdomain NetworkManager[815]: <info>  [1716881878.6556] Loaded device plugin: NMWifiFactory (/usr/lib64/NetworkManager/1.44.4/libnm-device-plugin-wifi.so)
May 28 07:37:58.657611 localhost.localdomain NetworkManager[815]: <info>  [1716881878.6575] Loaded device plugin: NMWwanFactory (/usr/lib64/NetworkManager/1.44.4/libnm-device-plugin-wwan.so)
May 28 07:37:58.659165 localhost.localdomain NetworkManager[815]: <info>  [1716881878.6591] Loaded device plugin: NMBluezManager (/usr/lib64/NetworkManager/1.44.4/libnm-device-plugin-bluetooth.so)
May 28 07:37:58.660359 localhost.localdomain NetworkManager[815]: <info>  [1716881878.6601] manager: rfkill: Wi-Fi enabled by radio killswitch; enabled by state file
May 28 07:37:58.660673 localhost.localdomain NetworkManager[815]: <info>  [1716881878.6606] manager: rfkill: WWAN enabled by radio killswitch; enabled by state file
May 28 07:37:58.660865 localhost.localdomain NetworkManager[815]: <info>  [1716881878.6608] manager: Networking is enabled by state file
May 28 07:37:58.661442 localhost.localdomain NetworkManager[815]: <info>  [1716881878.6614] settings: Loaded settings plugin: keyfile (internal)
May 28 07:37:58.664666 localhost.localdomain NetworkManager[815]: <info>  [1716881878.6646] dhcp: init: Using DHCP client 'internal'
May 28 07:37:58.664917 localhost.localdomain dbus-daemon[791]: [system] Activating via systemd: service name='org.freedesktop.nm_dispatcher' unit='dbus-org.freedesktop.nm-dispatcher.service' requested by ':1.2' (uid=0 pid=815 comm="/usr/sbin/NetworkManager --no-daemon" label="system_u:system_r:NetworkManager_t:s0")
May 28 07:37:58.667452 localhost.localdomain NetworkManager[815]: <info>  [1716881878.6674] manager: (lo): new Loopback device (/org/freedesktop/NetworkManager/Devices/1)
May 28 07:37:58.668166 localhost.localdomain NetworkManager[815]: <info>  [1716881878.6681] device (lo): state change: unmanaged -> unavailable (reason 'connection-assumed', sys-iface-state: 'external')
May 28 07:37:58.668413 localhost.localdomain NetworkManager[815]: <info>  [1716881878.6684] device (lo): state change: unavailable -> disconnected (reason 'connection-assumed', sys-iface-state: 'external')
May 28 07:37:58.668790 localhost.localdomain NetworkManager[815]: <info>  [1716881878.6687] device (lo): Activation: starting connection 'lo' (860e9f74-0eb4-41d6-be99-4f7624f9bf71)
May 28 07:37:58.669446 localhost.localdomain NetworkManager[815]: <info>  [1716881878.6694] manager: (ens4): new Ethernet device (/org/freedesktop/NetworkManager/Devices/2)
May 28 07:37:58.669583 localhost.localdomain NetworkManager[815]: <info>  [1716881878.6695] device (ens4): state change: unmanaged -> unavailable (reason 'managed', sys-iface-state: 'external')
May 28 07:37:58.676330 localhost.localdomain NetworkManager[815]: <info>  [1716881878.6763] bus-manager: acquired D-Bus service "org.freedesktop.NetworkManager"
May 28 07:37:58.676778 localhost.localdomain kernel: NET: Registered PF_QIPCRTR protocol family
May 28 07:37:58.678234 localhost.localdomain NetworkManager[815]: <info>  [1716881878.6782] device (lo): state change: disconnected -> prepare (reason 'none', sys-iface-state: 'external')
May 28 07:37:58.678693 localhost.localdomain NetworkManager[815]: <info>  [1716881878.6786] device (lo): state change: prepare -> config (reason 'none', sys-iface-state: 'external')
May 28 07:37:58.680242 localhost.localdomain systemd[1]: Starting Network Manager Script Dispatcher Service...
May 28 07:37:58.680399 localhost.localdomain systemd[1]: Started Network Manager.
May 28 07:37:58.680685 localhost.localdomain systemd[1]: Reached target Network.
May 28 07:37:58.688759 localhost.localdomain NetworkManager[815]: <info>  [1716881878.6887] device (lo): state change: config -> ip-config (reason 'none', sys-iface-state: 'external')
May 28 07:37:58.688882 localhost.localdomain NetworkManager[815]: <info>  [1716881878.6888] device (ens4): carrier: link connected
May 28 07:37:58.689069 localhost.localdomain NetworkManager[815]: <info>  [1716881878.6890] modem-manager: ModemManager not available
May 28 07:37:58.690953 localhost.localdomain NetworkManager[815]: <info>  [1716881878.6909] device (lo): state change: ip-config -> ip-check (reason 'none', sys-iface-state: 'external')
May 28 07:37:58.691188 localhost.localdomain NetworkManager[815]: <info>  [1716881878.6911] device (ens4): state change: unavailable -> disconnected (reason 'carrier-changed', sys-iface-state: 'managed')
May 28 07:37:58.692147 localhost.localdomain NetworkManager[815]: <info>  [1716881878.6921] policy: auto-activating connection 'ens4' (1b3c9373-e0e7-3266-aecb-5feee7c79597)
May 28 07:37:58.696937 localhost.localdomain systemd[1]: Starting NTP client/server...
May 28 07:37:58.700143 localhost.localdomain NetworkManager[815]: <info>  [1716881878.7001] device (ens4): Activation: starting connection 'ens4' (1b3c9373-e0e7-3266-aecb-5feee7c79597)
May 28 07:37:58.700194 localhost.localdomain NetworkManager[815]: <info>  [1716881878.7001] device (ens4): state change: disconnected -> prepare (reason 'none', sys-iface-state: 'managed')
May 28 07:37:58.700305 localhost.localdomain NetworkManager[815]: <info>  [1716881878.7002] manager: NetworkManager state is now CONNECTING
May 28 07:37:58.700380 localhost.localdomain NetworkManager[815]: <info>  [1716881878.7003] device (ens4): state change: prepare -> config (reason 'none', sys-iface-state: 'managed')
May 28 07:37:58.700750 localhost.localdomain NetworkManager[815]: <info>  [1716881878.7007] device (ens4): state change: config -> ip-config (reason 'none', sys-iface-state: 'managed')
May 28 07:37:58.701002 localhost.localdomain NetworkManager[815]: <info>  [1716881878.7009] dhcp4 (ens4): activation: beginning transaction (timeout in 45 seconds)
May 28 07:37:58.703291 localhost.localdomain systemd[1]: Starting OpenSSH Daemon...
May 28 07:37:58.703951 localhost.localdomain systemd[1]: Started Modem Manager.
May 28 07:37:58.726895 localhost.localdomain kernel: NET: Registered PF_PACKET protocol family
May 28 07:37:58.733041 localhost.localdomain sshd-gen-keys-start[930]: Checking for missing server keys in /etc/ssh
May 28 07:37:58.743914 localhost.localdomain NetworkManager[815]: <info>  [1716881878.7439] dhcp4 (ens4): state changed new lease, address=10.0.2.15
May 28 07:37:58.744084 localhost.localdomain NetworkManager[815]: <info>  [1716881878.7440] policy: set 'ens4' (ens4) as default for IPv4 routing and DNS
May 28 07:37:58.746136 localhost.localdomain dbus-daemon[791]: [system] Successfully activated service 'org.freedesktop.nm_dispatcher'
May 28 07:37:58.746327 localhost.localdomain systemd[1]: Started Network Manager Script Dispatcher Service.
May 28 07:37:58.764509 localhost.localdomain NetworkManager[815]: <info>  [1716881878.7644] device (ens4): state change: ip-config -> ip-check (reason 'none', sys-iface-state: 'managed')
May 28 07:37:58.871233 localhost.localdomain health-checker[963]: active
May 28 07:37:58.934897 localhost.localdomain NetworkManager[815]: <info>  [1716881878.9348] device (lo): state change: ip-check -> secondaries (reason 'none', sys-iface-state: 'external')
May 28 07:37:58.935016 localhost.localdomain NetworkManager[815]: <info>  [1716881878.9350] device (lo): state change: secondaries -> activated (reason 'none', sys-iface-state: 'external')
May 28 07:37:58.935318 localhost.localdomain NetworkManager[815]: <info>  [1716881878.9353] device (lo): Activation: successful, device activated.
May 28 07:37:58.962448 localhost.localdomain NetworkManager[815]: <info>  [1716881878.9624] modem-manager: ModemManager now available
May 28 07:37:59.028181 localhost.localdomain NetworkManager[815]: <info>  [1716881879.0281] device (ens4): state change: ip-check -> secondaries (reason 'none', sys-iface-state: 'managed')
May 28 07:37:59.028274 localhost.localdomain NetworkManager[815]: <info>  [1716881879.0282] device (ens4): state change: secondaries -> activated (reason 'none', sys-iface-state: 'managed')
