[    0.000000][    T0] Linux version 6.9.1-1-default (geeko@buildhost) (gcc (SUSE Linux) 13.2.1 20240509 [revision b7a2697733d19a093cbdd0e200ffce069a4bc812], GNU ld (GNU Binutils; openSUSE Tumbleweed) 2.42.0.20240130-3) #1 SMP PREEMPT_DYNAMIC Fri May 17 11:59:46 UTC 2024 (0c0b0b5)
[    0.000000][    T0] Command line: initrd=initrd splash=silent textmode=1   console=ttyS0 console=tty reboot_timeout=0    kernel.softlockup_panic=1
[    0.000000][    T0] BIOS-provided physical RAM map:
[    0.000000][    T0] BIOS-e820: [mem 0x0000000000000000-0x000000000009fbff] usable
[    0.000000][    T0] BIOS-e820: [mem 0x000000000009fc00-0x000000000009ffff] reserved
[    0.000000][    T0] BIOS-e820: [mem 0x00000000000f0000-0x00000000000fffff] reserved
[    0.000000][    T0] BIOS-e820: [mem 0x0000000000100000-0x000000003ffd8fff] usable
[    0.000000][    T0] BIOS-e820: [mem 0x000000003ffd9000-0x000000003fffffff] reserved
[    0.000000][    T0] BIOS-e820: [mem 0x00000000feffc000-0x00000000feffffff] reserved
[    0.000000][    T0] BIOS-e820: [mem 0x00000000fffc0000-0x00000000ffffffff] reserved
[    0.000000][    T0] BIOS-e820: [mem 0x000000fd00000000-0x000000ffffffffff] reserved
[    0.000000][    T0] NX (Execute Disable) protection: active
[    0.000000][    T0] APIC: Static calls initialized
[    0.000000][    T0] SMBIOS 2.8 present.
[    0.000000][    T0] DMI: QEMU Standard PC (i440FX + PIIX, 1996), BIOS rel-1.16.0-0-gd239552c-rebuilt.opensuse.org 04/01/2014
[    0.000000][    T0] Hypervisor detected: KVM
[    0.000000][    T0] kvm-clock: Using msrs 4b564d01 and 4b564d00
[    0.000000][    T0] kvm-clock: using sched offset of 52910730395 cycles
[    0.000001][    T0] clocksource: kvm-clock: mask: 0xffffffffffffffff max_cycles: 0x1cd42e4dffb, max_idle_ns: 881590591483 ns
[    0.000003][    T0] tsc: Detected 2199.998 MHz processor
[    0.000918][    T0] last_pfn = 0x3ffd9 max_arch_pfn = 0x400000000
[    0.000974][    T0] MTRR map: 4 entries (3 fixed + 1 variable; max 19), built from 8 variable MTRRs
[    0.000978][    T0] x86/PAT: Configuration [0-7]: WB  WC  UC- UC  WB  WP  UC- WT  
[    0.003266][    T0] found SMP MP-table at [mem 0x000f5b50-0x000f5b5f]
[    0.003276][    T0] Using GB pages for direct mapping
[    0.003356][    T0] RAMDISK: [mem 0x311af000-0x3ffd8fff]
[    0.003361][    T0] ACPI: Early table checksum verification disabled
[    0.003362][    T0] ACPI: RSDP 0x00000000000F5970 000014 (v00 BOCHS )
[    0.003372][    T0] ACPI: RSDT 0x000000003FFE18ED 000034 (v01 BOCHS  BXPC     00000001 BXPC 00000001)
[    0.003376][    T0] ACPI: FACP 0x000000003FFE17A1 000074 (v01 BOCHS  BXPC     00000001 BXPC 00000001)
[    0.003380][    T0] ACPI: DSDT 0x000000003FFE0040 001761 (v01 BOCHS  BXPC     00000001 BXPC 00000001)
[    0.003382][    T0] ACPI: FACS 0x000000003FFE0000 000040
[    0.003384][    T0] ACPI: APIC 0x000000003FFE1815 000078 (v01 BOCHS  BXPC     00000001 BXPC 00000001)
[    0.003386][    T0] ACPI: HPET 0x000000003FFE188D 000038 (v01 BOCHS  BXPC     00000001 BXPC 00000001)
[    0.003388][    T0] ACPI: WAET 0x000000003FFE18C5 000028 (v01 BOCHS  BXPC     00000001 BXPC 00000001)
[    0.003390][    T0] ACPI: Reserving FACP table memory at [mem 0x3ffe17a1-0x3ffe1814]
[    0.003391][    T0] ACPI: Reserving DSDT table memory at [mem 0x3ffe0040-0x3ffe17a0]
[    0.003392][    T0] ACPI: Reserving FACS table memory at [mem 0x3ffe0000-0x3ffe003f]
[    0.003393][    T0] ACPI: Reserving APIC table memory at [mem 0x3ffe1815-0x3ffe188c]
[    0.003393][    T0] ACPI: Reserving HPET table memory at [mem 0x3ffe188d-0x3ffe18c4]
[    0.003394][    T0] ACPI: Reserving WAET table memory at [mem 0x3ffe18c5-0x3ffe18ec]
[    0.003683][    T0] No NUMA configuration found
[    0.003683][    T0] Faking a node at [mem 0x0000000000000000-0x000000003ffd8fff]
[    0.003691][    T0] NODE_DATA(0) allocated [mem 0x31184000-0x311aefff]
[    0.003901][    T0] Zone ranges:
[    0.003902][    T0]   DMA      [mem 0x0000000000001000-0x0000000000ffffff]
[    0.003903][    T0]   DMA32    [mem 0x0000000001000000-0x000000003ffd8fff]
[    0.003904][    T0]   Normal   empty
[    0.003905][    T0]   Device   empty
[    0.003906][    T0] Movable zone start for each node
[    0.003908][    T0] Early memory node ranges
[    0.003908][    T0]   node   0: [mem 0x0000000000001000-0x000000000009efff]
[    0.003909][    T0]   node   0: [mem 0x0000000000100000-0x000000003ffd8fff]
[    0.003911][    T0] Initmem setup node 0 [mem 0x0000000000001000-0x000000003ffd8fff]
[    0.004064][    T0] On node 0, zone DMA: 1 pages in unavailable ranges
[    0.004092][    T0] On node 0, zone DMA: 97 pages in unavailable ranges
[    0.004845][    T0] On node 0, zone DMA32: 39 pages in unavailable ranges
[    0.005353][    T0] ACPI: PM-Timer IO Port: 0x608
[    0.005364][    T0] ACPI: LAPIC_NMI (acpi_id[0xff] dfl dfl lint[0x1])
[    0.005421][    T0] IOAPIC[0]: apic_id 0, version 17, address 0xfec00000, GSI 0-23
[    0.005423][    T0] ACPI: INT_SRC_OVR (bus 0 bus_irq 0 global_irq 2 dfl dfl)
[    0.005424][    T0] ACPI: INT_SRC_OVR (bus 0 bus_irq 5 global_irq 5 high level)
[    0.005426][    T0] ACPI: INT_SRC_OVR (bus 0 bus_irq 9 global_irq 9 high level)
[    0.005426][    T0] ACPI: INT_SRC_OVR (bus 0 bus_irq 10 global_irq 10 high level)
[    0.005427][    T0] ACPI: INT_SRC_OVR (bus 0 bus_irq 11 global_irq 11 high level)
[    0.005430][    T0] ACPI: Using ACPI (MADT) for SMP configuration information
[    0.005431][    T0] ACPI: HPET id: 0x8086a201 base: 0xfed00000
[    0.005433][    T0] TSC deadline timer available
[    0.005438][    T0] CPU topo: Max. logical packages:   1
[    0.005439][    T0] CPU topo: Max. logical dies:       1
[    0.005439][    T0] CPU topo: Max. dies per package:   1
[    0.005445][    T0] CPU topo: Max. threads per core:   1
[    0.005445][    T0] CPU topo: Num. cores per package:     1
[    0.005446][    T0] CPU topo: Num. threads per package:   1
[    0.005446][    T0] CPU topo: Allowing 1 present CPUs plus 0 hotplug CPUs
[    0.005461][    T0] kvm-guest: APIC: eoi() replaced with kvm_guest_apic_eoi_write()
[    0.005483][    T0] PM: hibernation: Registered nosave memory: [mem 0x00000000-0x00000fff]
[    0.005485][    T0] PM: hibernation: Registered nosave memory: [mem 0x0009f000-0x0009ffff]
[    0.005485][    T0] PM: hibernation: Registered nosave memory: [mem 0x000a0000-0x000effff]
[    0.005486][    T0] PM: hibernation: Registered nosave memory: [mem 0x000f0000-0x000fffff]
[    0.005487][    T0] [mem 0x40000000-0xfeffbfff] available for PCI devices
[    0.005488][    T0] Booting paravirtualized kernel on KVM
[    0.005490][    T0] clocksource: refined-jiffies: mask: 0xffffffff max_cycles: 0xffffffff, max_idle_ns: 6370452778343963 ns
[    0.010166][    T0] setup_percpu: NR_CPUS:8192 nr_cpumask_bits:1 nr_cpu_ids:1 nr_node_ids:1
[    0.010360][    T0] percpu: Embedded 72 pages/cpu s258048 r8192 d28672 u2097152
[    0.010397][    T0] kvm-guest: PV spinlocks disabled, single CPU
[    0.010398][    T0] Kernel command line: initrd=initrd splash=silent textmode=1   console=ttyS0 console=tty reboot_timeout=0    kernel.softlockup_panic=1
[    0.010481][    T0] Unknown kernel command line parameters "splash=silent textmode=1 reboot_timeout=0", will be passed to user space.
[    0.010499][    T0] random: crng init done
[    0.010566][    T0] Dentry cache hash table entries: 131072 (order: 8, 1048576 bytes, linear)
[    0.010600][    T0] Inode-cache hash table entries: 65536 (order: 7, 524288 bytes, linear)
[    0.010626][    T0] Fallback order for Node 0: 0 
[    0.010629][    T0] Built 1 zonelists, mobility grouping on.  Total pages: 257753
[    0.010630][    T0] Policy zone: DMA32
[    0.010632][    T0] mem auto-init: stack:off, heap alloc:off, heap free:off
[    0.012261][    T0] Memory: 260860K/1048028K available (16384K kernel code, 3000K rwdata, 13020K rodata, 4224K init, 4384K bss, 310128K reserved, 0K cma-reserved)
[    0.012417][    T0] SLUB: HWalign=64, Order=0-3, MinObjects=0, CPUs=1, Nodes=1
[    0.012435][    T0] ftrace: allocating 47505 entries in 186 pages
[    0.021294][    T0] ftrace: allocated 186 pages with 5 groups
[    0.021848][    T0] Dynamic Preempt: voluntary
[    0.021869][    T0] rcu: Preemptible hierarchical RCU implementation.
[    0.021869][    T0] rcu: 	RCU event tracing is enabled.
[    0.021870][    T0] rcu: 	RCU restricting CPUs from NR_CPUS=8192 to nr_cpu_ids=1.
[    0.021871][    T0] 	Trampoline variant of Tasks RCU enabled.
[    0.021871][    T0] 	Rude variant of Tasks RCU enabled.
[    0.021871][    T0] 	Tracing variant of Tasks RCU enabled.
[    0.021872][    T0] rcu: RCU calculated value of scheduler-enlistment delay is 30 jiffies.
[    0.021873][    T0] rcu: Adjusting geometry for rcu_fanout_leaf=16, nr_cpu_ids=1
[    0.021876][    T0] RCU Tasks: Setting shift to 0 and lim to 1 rcu_task_cb_adjust=1.
[    0.021877][    T0] RCU Tasks Rude: Setting shift to 0 and lim to 1 rcu_task_cb_adjust=1.
[    0.021878][    T0] RCU Tasks Trace: Setting shift to 0 and lim to 1 rcu_task_cb_adjust=1.
[    0.025570][    T0] NR_IRQS: 524544, nr_irqs: 256, preallocated irqs: 16
[    0.025758][    T0] rcu: srcu_init: Setting srcu_struct sizes based on contention.
[    0.042804][    T0] Console: colour VGA+ 80x25
[    0.042808][    T0] printk: legacy console [tty0] enabled
[    0.089126][    T0] printk: legacy console [ttyS0] enabled
[    0.216243][    T0] ACPI: Core revision 20230628
[    0.217386][    T0] clocksource: hpet: mask: 0xffffffff max_cycles: 0xffffffff, max_idle_ns: 19112604467 ns
[    0.219486][    T0] APIC: Switch to symmetric I/O mode setup
[    0.221005][    T0] x2apic enabled
[    0.222144][    T0] APIC: Switched APIC routing to: physical x2apic
[    0.225122][    T0] ..TIMER: vector=0x30 apic1=0 pin1=2 apic2=-1 pin2=-1
[    0.226536][    T0] clocksource: tsc-early: mask: 0xffffffffffffffff max_cycles: 0x1fb63109b96, max_idle_ns: 440795265316 ns
[    0.228738][    T0] Calibrating delay loop (skipped) preset value.. 4401.32 BogoMIPS (lpj=7333326)
[    0.234105][    T0] x86/cpu: User Mode Instruction Prevention (UMIP) activated
[    0.235513][    T0] Last level iTLB entries: 4KB 512, 2MB 255, 4MB 127
[    0.236843][    T0] Last level dTLB entries: 4KB 512, 2MB 255, 4MB 127, 1GB 0
[    0.238266][    T0] Spectre V1 : Mitigation: usercopy/swapgs barriers and __user pointer sanitization
[    0.240108][    T0] Spectre V2 : Mitigation: Retpolines
[    0.241196][    T0] Spectre V2 : Spectre v2 / SpectreRSB mitigation: Filling RSB on context switch
[    0.243664][    T0] Spectre V2 : Spectre v2 / SpectreRSB : Filling RSB on VMEXIT
[    0.245405][    T0] Spectre V2 : Enabling Restricted Speculation for firmware calls
[    0.247394][    T0] Spectre V2 : mitigation: Enabling conditional Indirect Branch Prediction Barrier
[    0.248738][    T0] Speculative Store Bypass: Mitigation: Speculative Store Bypass disabled via prctl
[    0.252071][    T0] Speculative Return Stack Overflow: IBPB-extending microcode not applied!
[    0.256683][    T0] Speculative Return Stack Overflow: WARNING: See https://kernel.org/doc/html/latest/admin-guide/hw-vuln/srso.html for mitigation options.
[    0.256685][    T0] Speculative Return Stack Overflow: Vulnerable: Safe RET, no microcode
[    0.262094][    T0] x86/fpu: Supporting XSAVE feature 0x001: 'x87 floating point registers'
[    0.263758][    T0] x86/fpu: Supporting XSAVE feature 0x002: 'SSE registers'
[    0.265131][    T0] x86/fpu: Supporting XSAVE feature 0x004: 'AVX registers'
[    0.266427][    T0] x86/fpu: Supporting XSAVE feature 0x200: 'Protection Keys User registers'
[    0.268137][    T0] x86/fpu: xstate_offset[2]:  576, xstate_sizes[2]:  256
[    0.268737][    T0] x86/fpu: xstate_offset[9]:  832, xstate_sizes[9]:    8
[    0.270069][    T0] x86/fpu: Enabled xstate features 0x207, context size is 840 bytes, using 'compacted' format.
[    0.299140][    T0] Freeing SMP alternatives memory: 40K
[    0.300247][    T0] pid_max: default: 32768 minimum: 301
[    0.301365][    T0] LSM: initializing lsm=lockdown,capability,landlock,yama,apparmor,tomoyo,bpf,ima,evm
[    0.302084][    T0] landlock: Up and running.
[    0.303022][    T0] Yama: becoming mindful.
[    0.303935][    T0] AppArmor: AppArmor initialized
[    0.306108][    T0] TOMOYO Linux initialized
[    0.307015][    T0] LSM support for eBPF active
[    0.308030][    T0] Mount-cache hash table entries: 2048 (order: 2, 16384 bytes, linear)
[    0.308739][    T0] Mountpoint-cache hash table entries: 2048 (order: 2, 16384 bytes, linear)
[    0.310743][    T1] smpboot: CPU0: AMD EPYC 7773X 64-Core Processor (family: 0x19, model: 0x1, stepping: 0x2)
[    0.312068][    T1] Performance Events: Fam17h+ core perfctr, AMD PMU driver.
[    0.312076][    T1] ... version:                0
[    0.313072][    T1] ... bit width:              48
[    0.314064][    T1] ... generic registers:      6
[    0.315038][    T1] ... value mask:             0000ffffffffffff
[    0.315407][    T1] ... max period:             00007fffffffffff
[    0.316607][    T1] ... fixed-purpose events:   0
[    0.317581][    T1] ... event mask:             000000000000003f
[    0.318829][    T1] signal: max sigframe size: 3376
[    0.320009][    T1] rcu: Hierarchical SRCU implementation.
[    0.321123][    T1] rcu: 	Max phase no-delay instances is 1000.
[    0.324695][    T1] smp: Bringing up secondary CPUs ...
[    0.325416][    T1] smp: Brought up 1 node, 1 CPU
[    0.326398][    T1] smpboot: Total of 1 processors activated (4401.32 BogoMIPS)
[    0.330096][   T22] node 0 deferred pages initialised in 4ms
[    0.331379][    T1] devtmpfs: initialized
[    0.332116][    T1] x86/mm: Memory block size: 128MB
[    0.333614][    T1] clocksource: jiffies: mask: 0xffffffff max_cycles: 0xffffffff, max_idle_ns: 6370867519511994 ns
[    0.335417][    T1] futex hash table entries: 256 (order: 2, 16384 bytes, linear)
[    0.337008][    T1] pinctrl core: initialized pinctrl subsystem
[    0.338339][    T1] PM: RTC time: 07:27:40, date: 2024-05-28
[    0.339161][    T1] NET: Registered PF_NETLINK/PF_ROUTE protocol family
[    0.340687][    T1] DMA: preallocated 128 KiB GFP_KERNEL pool for atomic allocations
[    0.342083][    T1] DMA: preallocated 128 KiB GFP_KERNEL|GFP_DMA pool for atomic allocations
[    0.343795][    T1] DMA: preallocated 128 KiB GFP_KERNEL|GFP_DMA32 pool for atomic allocations
[    0.345419][    T1] audit: initializing netlink subsys (disabled)
[    0.346670][   T26] audit: type=2000 audit(1716881260.407:1): state=initialized audit_enabled=0 res=1
[    0.348630][    T1] thermal_sys: Registered thermal governor 'fair_share'
[    0.348631][    T1] thermal_sys: Registered thermal governor 'bang_bang'
[    0.349723][    T1] thermal_sys: Registered thermal governor 'step_wise'
[    0.351033][    T1] thermal_sys: Registered thermal governor 'user_space'
[    0.352083][    T1] cpuidle: using governor ladder
[    0.354411][    T1] cpuidle: using governor menu
[    0.356044][    T1] acpiphp: ACPI Hot Plug PCI Controller Driver version: 0.5
[    0.357595][    T1] PCI: Using configuration type 1 for base access
[    0.358740][    T1] PCI: Using configuration type 1 for extended access
[    0.360180][    T1] kprobes: kprobe jump-optimization is enabled. All kprobes are optimized if possible.
[    0.388948][    T1] HugeTLB: registered 1.00 GiB page size, pre-allocated 0 pages
[    0.390489][    T1] HugeTLB: 16380 KiB vmemmap can be freed for a 1.00 GiB page
[    0.391982][    T1] HugeTLB: registered 2.00 MiB page size, pre-allocated 0 pages
[    0.393149][    T1] HugeTLB: 28 KiB vmemmap can be freed for a 2.00 MiB page
[    0.395931][    T1] Demotion targets for Node 0: null
[    0.397661][    T1] ACPI: Added _OSI(Module Device)
[    0.398670][    T1] ACPI: Added _OSI(Processor Device)
[    0.399478][    T1] ACPI: Added _OSI(3.0 _SCP Extensions)
[    0.400565][    T1] ACPI: Added _OSI(Processor Aggregator Device)
[    0.403245][    T1] ACPI: 1 ACPI AML tables successfully acquired and loaded
[    0.405464][    T1] ACPI: _OSC evaluation for CPUs failed, trying _PDC
[    0.406966][    T1] ACPI: Interpreter enabled
[    0.407913][    T1] ACPI: PM: (supports S0 S3 S4 S5)
[    0.408741][    T1] ACPI: Using IOAPIC for interrupt routing
[    0.410058][    T1] PCI: Using host bridge windows from ACPI; if necessary, use "pci=nocrs" and report a bug
[    0.411966][    T1] PCI: Using E820 reservations for host bridge windows
[    0.413177][    T1] ACPI: Enabled 2 GPEs in block 00 to 0F
[    0.418105][    T1] ACPI: PCI Root Bridge [PCI0] (domain 0000 [bus 00-ff])
[    0.418746][    T1] acpi PNP0A03:00: _OSC: OS supports [ExtendedConfig ASPM ClockPM Segments MSI EDR HPX-Type3]
[    0.421172][    T1] acpiphp: Slot [3] registered
[    0.422097][    T1] acpiphp: Slot [4] registered
[    0.423090][    T1] acpiphp: Slot [5] registered
[    0.424077][    T1] acpiphp: Slot [6] registered
[    0.425058][    T1] acpiphp: Slot [7] registered
[    0.425429][    T1] acpiphp: Slot [8] registered
[    0.426430][    T1] acpiphp: Slot [9] registered
[    0.427416][    T1] acpiphp: Slot [10] registered
[    0.428409][    T1] acpiphp: Slot [11] registered
[    0.428762][    T1] acpiphp: Slot [12] registered
[    0.429770][    T1] acpiphp: Slot [13] registered
[    0.430769][    T1] acpiphp: Slot [14] registered
[    0.431762][    T1] acpiphp: Slot [15] registered
[    0.432095][    T1] acpiphp: Slot [16] registered
[    0.433102][    T1] acpiphp: Slot [17] registered
[    0.434098][    T1] acpiphp: Slot [18] registered
[    0.435095][    T1] acpiphp: Slot [19] registered
[    0.435427][    T1] acpiphp: Slot [20] registered
[    0.436438][    T1] acpiphp: Slot [21] registered
[    0.437436][    T1] acpiphp: Slot [22] registered
[    0.438433][    T1] acpiphp: Slot [23] registered
[    0.438761][    T1] acpiphp: Slot [24] registered
[    0.439763][    T1] acpiphp: Slot [25] registered
[    0.440761][    T1] acpiphp: Slot [26] registered
[    0.441755][    T1] acpiphp: Slot [27] registered
[    0.442094][    T1] acpiphp: Slot [28] registered
[    0.443095][    T1] acpiphp: Slot [29] registered
[    0.444088][    T1] acpiphp: Slot [30] registered
[    0.445085][    T1] acpiphp: Slot [31] registered
[    0.445419][    T1] PCI host bridge to bus 0000:00
[    0.446426][    T1] pci_bus 0000:00: root bus resource [io  0x0000-0x0cf7 window]
[    0.447954][    T1] pci_bus 0000:00: root bus resource [io  0x0d00-0xffff window]
[    0.448740][    T1] pci_bus 0000:00: root bus resource [mem 0x000a0000-0x000bffff window]
[    0.450462][    T1] pci_bus 0000:00: root bus resource [mem 0x40000000-0xfebfffff window]
[    0.452073][    T1] pci_bus 0000:00: root bus resource [mem 0x100000000-0x17fffffff window]
[    0.453772][    T1] pci_bus 0000:00: root bus resource [bus 00-ff]
[    0.455177][    T1] pci 0000:00:00.0: [8086:1237] type 00 class 0x060000 conventional PCI endpoint
[    0.457869][    T1] pci 0000:00:01.0: [8086:7000] type 00 class 0x060100 conventional PCI endpoint
[    0.459356][    T1] pci 0000:00:01.1: [8086:7010] type 00 class 0x010180 conventional PCI endpoint
[    0.462907][    T1] pci 0000:00:01.1: BAR 4 [io  0xc140-0xc14f]
[    0.465384][    T1] pci 0000:00:01.1: BAR 0 [io  0x01f0-0x01f7]: legacy IDE quirk
[    0.466478][    T1] pci 0000:00:01.1: BAR 1 [io  0x03f6]: legacy IDE quirk
[    0.468303][    T1] pci 0000:00:01.1: BAR 2 [io  0x0170-0x0177]: legacy IDE quirk
[    0.469809][    T1] pci 0000:00:01.1: BAR 3 [io  0x0376]: legacy IDE quirk
[    0.471309][    T1] pci 0000:00:01.3: [8086:7113] type 00 class 0x068000 conventional PCI endpoint
[    0.472528][    T1] pci 0000:00:01.3: quirk: [io  0x0600-0x063f] claimed by PIIX4 ACPI
[    0.474124][    T1] pci 0000:00:01.3: quirk: [io  0x0700-0x070f] claimed by PIIX4 SMB
[    0.475616][    T1] pci 0000:00:02.0: [1234:1111] type 00 class 0x030000 conventional PCI endpoint
[    0.480446][    T1] pci 0000:00:02.0: BAR 0 [mem 0xfd000000-0xfdffffff pref]
[    0.492104][    T1] pci 0000:00:02.0: BAR 2 [mem 0xfebd8000-0xfebd8fff]
[    0.512082][    T1] pci 0000:00:02.0: ROM [mem 0xfebc0000-0xfebcffff pref]
[    0.513888][    T1] pci 0000:00:02.0: Video device with shadowed ROM at [mem 0x000c0000-0x000dffff]
[    0.516408][    T1] pci 0000:00:03.0: [8086:2668] type 00 class 0x040300 conventional PCI endpoint
[    0.518667][    T1] pci 0000:00:03.0: BAR 0 [mem 0xfebd0000-0xfebd3fff]
[    0.524008][    T1] pci 0000:00:04.0: [1af4:1000] type 00 class 0x020000 conventional PCI endpoint
[    0.526409][    T1] pci 0000:00:04.0: BAR 0 [io  0xc100-0xc11f]
[    0.528741][    T1] pci 0000:00:04.0: BAR 1 [mem 0xfebd9000-0xfebd9fff]
[    0.534932][    T1] pci 0000:00:04.0: BAR 4 [mem 0xfe000000-0xfe003fff 64bit pref]
[    0.536410][    T1] pci 0000:00:04.0: ROM [mem 0xfeb80000-0xfebbffff pref]
[    0.539162][    T1] pci 0000:00:05.0: [1af4:1005] type 00 class 0x00ff00 conventional PCI endpoint
[    0.541722][    T1] pci 0000:00:05.0: BAR 0 [io  0xc120-0xc13f]
[    0.548747][    T1] pci 0000:00:05.0: BAR 4 [mem 0xfe004000-0xfe007fff 64bit pref]
[    0.555225][    T1] pci 0000:00:06.0: [1b36:000d] type 00 class 0x0c0330 conventional PCI endpoint
[    0.557133][    T1] pci 0000:00:06.0: BAR 0 [mem 0xfebd4000-0xfebd7fff 64bit]
[    0.562043][    T1] pci 0000:00:07.0: [1af4:1003] type 00 class 0x078000 conventional PCI endpoint
[    0.564516][    T1] pci 0000:00:07.0: BAR 0 [io  0xc080-0xc0bf]
[    0.566417][    T1] pci 0000:00:07.0: BAR 1 [mem 0xfebda000-0xfebdafff]
[    0.572646][    T1] pci 0000:00:07.0: BAR 4 [mem 0xfe008000-0xfe00bfff 64bit pref]
[    0.576607][    T1] pci 0000:00:08.0: [1af4:1004] type 00 class 0x010000 conventional PCI endpoint
[    0.579938][    T1] pci 0000:00:08.0: BAR 0 [io  0xc0c0-0xc0ff]
[    0.582074][    T1] pci 0000:00:08.0: BAR 1 [mem 0xfebdb000-0xfebdbfff]
[    0.591242][    T1] pci 0000:00:08.0: BAR 4 [mem 0xfe00c000-0xfe00ffff 64bit pref]
[    0.600218][    T1] pci 0000:00:09.0: [1af4:1001] type 00 class 0x010000 conventional PCI endpoint
[    0.602621][    T1] pci 0000:00:09.0: BAR 0 [io  0xc000-0xc07f]
[    0.605357][    T1] pci 0000:00:09.0: BAR 1 [mem 0xfebdc000-0xfebdcfff]
[    0.617597][    T1] pci 0000:00:09.0: BAR 4 [mem 0xfe010000-0xfe013fff 64bit pref]
[    0.636116][    T1] ACPI: PCI: Interrupt link LNKA configured for IRQ 10
[    0.637586][    T1] ACPI: PCI: Interrupt link LNKB configured for IRQ 10
[    0.638889][    T1] ACPI: PCI: Interrupt link LNKC configured for IRQ 11
[    0.640346][    T1] ACPI: PCI: Interrupt link LNKD configured for IRQ 11
[    0.641743][    T1] ACPI: PCI: Interrupt link LNKS configured for IRQ 9
[    0.643364][    T1] iommu: Default domain type: Passthrough
[    0.644600][    T1] pps_core: LinuxPPS API ver. 1 registered
[    0.645407][    T1] pps_core: Software ver. 5.3.6 - Copyright 2005-2007 Rodolfo Giometti <giometti@linux.it>
[    0.647363][    T1] PTP clock support registered
[    0.648324][    T1] EDAC MC: Ver: 3.0.0
[    0.649248][    T1] NetLabel: Initializing
[    0.650363][    T1] NetLabel:  domain hash size = 128
[    0.651403][    T1] NetLabel:  protocols = UNLABELED CIPSOv4 CALIPSO
[    0.652102][    T1] NetLabel:  unlabeled traffic allowed by default
[    0.653389][    T1] mctp: management component transport protocol core
[    0.654681][    T1] NET: Registered PF_MCTP protocol family
[    0.655410][    T1] PCI: Using ACPI for IRQ routing
[    0.656670][    T1] pci 0000:00:02.0: vgaarb: setting as boot VGA device
[    0.658006][    T1] pci 0000:00:02.0: vgaarb: bridge control possible
[    0.658735][    T1] pci 0000:00:02.0: vgaarb: VGA device added: decodes=io+mem,owns=io+mem,locks=none
[    0.658742][    T1] vgaarb: loaded
[    0.659640][    T1] hpet0: at MMIO 0xfed00000, IRQs 2, 8, 0
[    0.660766][    T1] hpet0: 3 comparators, 64-bit 100.000000 MHz counter
[    0.665176][    T1] clocksource: Switched to clocksource kvm-clock
[    0.665402][    T1] VFS: Disk quotas dquot_6.6.0
[    0.665402][    T1] VFS: Dquot-cache hash table entries: 512 (order 0, 4096 bytes)
[    0.667043][    T1] AppArmor: AppArmor Filesystem Enabled
[    0.668216][    T1] pnp: PnP ACPI init
[    0.669491][    T1] pnp: PnP ACPI: found 6 devices
[    0.676612][    T1] clocksource: acpi_pm: mask: 0xffffff max_cycles: 0xffffff, max_idle_ns: 2085701024 ns
[    0.678607][    T1] NET: Registered PF_INET protocol family
[    0.679789][    T1] IP idents hash table entries: 16384 (order: 5, 131072 bytes, linear)
[    0.692723][    T1] tcp_listen_portaddr_hash hash table entries: 512 (order: 1, 8192 bytes, linear)
[    0.694525][    T1] Table-perturb hash table entries: 65536 (order: 6, 262144 bytes, linear)
[    0.696208][    T1] TCP established hash table entries: 8192 (order: 4, 65536 bytes, linear)
[    0.697977][    T1] TCP bind hash table entries: 8192 (order: 6, 262144 bytes, linear)
[    0.699587][    T1] TCP: Hash tables configured (established 8192 bind 8192)
[    0.701009][    T1] MPTCP token hash table entries: 1024 (order: 2, 24576 bytes, linear)
[    0.702656][    T1] UDP hash table entries: 512 (order: 2, 16384 bytes, linear)
[    0.704160][    T1] UDP-Lite hash table entries: 512 (order: 2, 16384 bytes, linear)
[    0.705764][    T1] NET: Registered PF_UNIX/PF_LOCAL protocol family
[    0.707027][    T1] NET: Registered PF_XDP protocol family
[    0.708127][    T1] pci_bus 0000:00: resource 4 [io  0x0000-0x0cf7 window]
[    0.709475][    T1] pci_bus 0000:00: resource 5 [io  0x0d00-0xffff window]
[    0.710818][    T1] pci_bus 0000:00: resource 6 [mem 0x000a0000-0x000bffff window]
[    0.712406][    T1] pci_bus 0000:00: resource 7 [mem 0x40000000-0xfebfffff window]
[    0.714005][    T1] pci_bus 0000:00: resource 8 [mem 0x100000000-0x17fffffff window]
[    0.715624][    T1] pci 0000:00:01.0: PIIX3: Enabling Passive Release
[    0.716917][    T1] pci 0000:00:00.0: Limiting direct PCI/PCI transfers
[    0.759174][    T1] ACPI: \_SB_.LNKB: Enabled at IRQ 10
[    0.800189][    T1] pci 0000:00:06.0: quirk_usb_early_handoff+0x0/0x710 took 79982 usecs
[    0.801911][    T1] PCI: CLS 0 bytes, default 64
[    0.802932][   T10] Trying to unpack rootfs image as initramfs...
[    0.806415][    T1] clocksource: tsc: mask: 0xffffffffffffffff max_cycles: 0x1fb63109b96, max_idle_ns: 440795265316 ns
[    0.810053][    T1] Initialise system trusted keyrings
[    0.811176][    T1] Key type blacklist registered
[    0.816380][    T1] workingset: timestamp_bits=36 max_order=18 bucket_order=0
[    0.817888][    T1] zbud: loaded
[    0.818789][    T1] integrity: Platform Keyring initialized
[    0.823028][    T1] integrity: Machine keyring initialized
[    0.842992][    T1] Key type asymmetric registered
[    0.844056][    T1] Asymmetric key parser 'x509' registered
[    2.903638][   T10] Freeing initrd memory: 243880K
[    2.905405][    T1] Block layer SCSI generic (bsg) driver version 0.4 loaded (major 247)
[    2.907561][    T1] io scheduler mq-deadline registered
[    2.908647][    T1] io scheduler kyber registered
[    2.909634][    T1] io scheduler bfq registered
[    2.911865][    T1] shpchp: Standard Hot Plug PCI Controller Driver version: 0.4
[    2.952613][    T1] ACPI: \_SB_.LNKD: Enabled at IRQ 11
[    2.993675][    T1] ACPI: \_SB_.LNKA: Enabled at IRQ 10
[    3.034584][    T1] ACPI: \_SB_.LNKC: Enabled at IRQ 11
[    3.129364][    T1] Serial: 8250/16550 driver, 32 ports, IRQ sharing enabled
[    3.131588][    T1] 00:04: ttyS0 at I/O 0x3f8 (irq = 4, base_baud = 115200) is a 16550A
[    3.251283][    T1] Non-volatile memory driver v1.3
[    3.252600][    T1] Linux agpgart interface v0.103
[    3.254353][    T1] ACPI: bus type drm_connector registered
[    3.256154][    T1] i8042: PNP: PS/2 Controller [PNP0303:KBD,PNP0f13:MOU] at 0x60,0x64 irq 1,12
[    3.259342][    T1] serio: i8042 KBD port at 0x60,0x64 irq 1
[    3.260864][    T1] serio: i8042 AUX port at 0x60,0x64 irq 12
[    3.262507][    T1] mousedev: PS/2 mouse device common for all mice
[    3.264515][    T9] input: AT Translated Set 2 keyboard as /devices/platform/i8042/serio0/input/input0
[    3.266934][    T1] rtc_cmos 00:05: RTC can wake from S4
[    3.269801][    T9] input: VirtualPS/2 VMware VMMouse as /devices/platform/i8042/serio1/input/input3
[    3.272138][    T1] rtc_cmos 00:05: registered as rtc0
[    3.273434][    T1] rtc_cmos 00:05: setting system clock to 2024-05-28T07:27:43 UTC (1716881263)
[    3.275294][    T1] rtc_cmos 00:05: alarms up to one day, y3k, 242 bytes nvram, hpet irqs
[    3.277220][    T9] input: VirtualPS/2 VMware VMMouse as /devices/platform/i8042/serio1/input/input2
[    3.279173][    T1] amd_pstate: the _CPC object is not present in SBIOS or ACPI disabled
[    3.280901][    T1] ledtrig-cpu: registered to indicate activity on CPUs
[    3.282619][    T1] hid: raw HID events driver (C) Jiri Kosina
[    3.284263][    T1] drop_monitor: Initializing network drop monitor service
[    3.286152][    T1] NET: Registered PF_INET6 protocol family
[    3.288807][    T1] Segment Routing with IPv6
[    3.289957][    T1] RPL Segment Routing with IPv6
[    3.290952][    T1] In-situ OAM (IOAM) with IPv6
[    3.292152][    T1] IPI shorthand broadcast: enabled
[    3.295151][    T1] sched_clock: Marking stable (3096908039, 196305066)->(3410247520, -117034415)
[    3.297087][    T1] registered taskstats version 1
[    3.298276][    T1] Loading compiled-in X.509 certificates
[    3.299417][    T1] Loaded X.509 cert 'openSUSE Secure Boot Signkey: fd9f2c12e599d67cc7f9067541adf426b712469e'
[    3.303838][    T1] page_owner is disabled
[    3.304797][    T1] Key type .fscrypt registered
[    3.305891][    T1] Key type fscrypt-provisioning registered
[    3.307862][    T1] Key type encrypted registered
[    3.308873][    T1] AppArmor: AppArmor sha256 policy hashing enabled
[    3.310165][    T1] ima: No TPM chip found, activating TPM-bypass!
[    3.311412][    T1] Loading compiled-in module X.509 certificates
[    3.312746][    T1] Loaded X.509 cert 'openSUSE Secure Boot Signkey: fd9f2c12e599d67cc7f9067541adf426b712469e'
[    3.315140][    T1] ima: Allocated hash algorithm: sha256
[    3.316257][    T1] ima: No architecture policies found
[    3.317393][    T1] evm: Initialising EVM extended attributes:
[    3.318580][    T1] evm: security.selinux
[    3.319447][    T1] evm: security.SMACK64 (disabled)
[    3.320492][    T1] evm: security.SMACK64EXEC (disabled)
[    3.321577][    T1] evm: security.SMACK64TRANSMUTE (disabled)
[    3.322737][    T1] evm: security.SMACK64MMAP (disabled)
[    3.323837][    T1] evm: security.apparmor
[    3.324754][    T1] evm: security.ima
[    3.325636][    T1] evm: security.capability
[    3.326560][    T1] evm: HMAC attrs: 0x1
[    3.430405][    T1] PM:   Magic number: 8:764:471
[    3.436407][    T1] RAS: Correctable Errors collector initialized.
[    3.450581][    T1] clk: Disabling unused clocks
[    3.451551][    T1] PM: genpd: Disabling unused power domains
[    3.454020][    T1] Freeing unused decrypted memory: 2028K
[    3.455586][    T1] Freeing unused kernel image (initmem) memory: 4224K
[    3.456972][    T1] Write protecting the kernel read-only data: 30720k
[    3.458661][    T1] Freeing unused kernel image (rodata/data gap) memory: 1316K
[    3.463770][    T1] Run /init as init process
[    3.481323][  T131] zram: Added device: zram0
[    3.533761][  T130] zram0: detected capacity change from 0 to 2097152
[    3.542315][    T1] EXT4-fs (zram0): mounting ext2 file system using the ext4 subsystem
[    3.544262][    T1] EXT4-fs (zram0): mounted filesystem 2b022ba5-0bdf-4727-8b6a-1ccb9f97cb37 r/w without journal. Quota mode: none.
[    5.029745][  T144] loop: module loaded
[    5.117620][  T158] squashfs: version 4.0 (2009/01/31) Phillip Lougher
[    5.171234][    T1] loop0: detected capacity change from 0 to 409344
[    5.350673][    T1] loop1: detected capacity change from 0 to 38784
[    5.447059][  T178] BIOS EDD facility v0.16 2004-Jun-25, 1 devices found
[    5.460073][  T179] SCSI subsystem initialized
[    5.461699][  T179] alua: device handler registered
[    5.464681][  T181] emc: device handler registered
[    5.467660][  T182] rdac: device handler registered
[    5.775802][  T198] piix4_smbus 0000:00:01.3: SMBus Host Controller at 0x700, revision 0
[    5.792492][  T196] input: Power Button as /devices/LNXSYSTM:00/LNXPWRBN:00/input/input4
[    5.803712][  T201] bochs-drm 0000:00:02.0: vgaarb: deactivate vga console
[    5.823425][  T197] virtio_scsi virtio3: 1/0/0 default/read/poll queues
[    5.824236][  T197] scsi host0: Virtio SCSI HBA
[    5.850311][  T201] Console: switching to colour dummy device 80x25
[    5.852963][  T201] [drm] Found bochs VGA, ID 0xb0c5.
[    5.853729][  T201] [drm] Framebuffer size 16384 kB @ 0xfd000000, mmio @ 0xfebd8000.
[    5.870105][  T196] ACPI: button: Power Button [PWRF]
[    5.883795][  T192] parport_pc 00:03: reported by Plug and Play ACPI
[    5.884892][  T192] parport0: PC-style at 0x378, irq 7 [PCSPP,TRISTATE]
[    5.896804][  T195] FDC 0 is a S82078B
[    5.898604][  T201] [drm] Found EDID data blob.
[    5.905044][  T191] virtio_blk virtio4: 1/0/0 default/read/poll queues
[    5.909729][  T201] [drm] Initialized bochs-drm 1.0.0 20130925 for 0000:00:02.0 on minor 0
[    5.912030][  T195] input: PC Speaker as /devices/platform/pcspkr/input/input5
[    5.913447][  T200] ACPI: bus type USB registered
[    5.914962][  T200] usbcore: registered new interface driver usbfs
[    5.915883][  T200] usbcore: registered new interface driver hub
[    5.918973][  T201] fbcon: bochs-drmdrmfb (fb0) is primary device
[    5.968406][  T191] virtio_blk virtio4: [vda] 41943040 512-byte logical blocks (21.5 GB/20.0 GiB)
[    5.976883][  T200] usbcore: registered new device driver usb
[    5.977950][   T10] scsi 0:0:0:0: CD-ROM            QEMU     QEMU CD-ROM      2.5+ PQ: 0 ANSI: 5
[    5.980917][  T199] scsi host1: ata_piix
[    5.990841][  T199] scsi host2: ata_piix
[    5.990897][  T199] ata1: PATA max MWDMA2 cmd 0x1f0 ctl 0x3f6 bmdma 0xc140 irq 14 lpm-pol 0
[    5.990899][  T199] ata2: PATA max MWDMA2 cmd 0x170 ctl 0x376 bmdma 0xc148 irq 15 lpm-pol 0
[    6.148901][  T201] Console: switching to colour frame buffer device 128x48
[    6.162498][  T195] cryptd: max_cpu_qlen set to 1000
[    6.214424][  T195] AVX2 version of gcm_enc/dec engaged.
[    6.214443][  T195] AES CTR mode by8 optimization enabled
[    6.339194][  T201] bochs-drm 0000:00:02.0: [drm] fb0: bochs-drmdrmfb frame buffer device
[    6.381276][  T200] xhci_hcd 0000:00:06.0: xHCI Host Controller
[    6.382165][  T200] xhci_hcd 0000:00:06.0: new USB bus registered, assigned bus number 1
[    6.386586][  T200] xhci_hcd 0000:00:06.0: hcc params 0x00087001 hci version 0x100 quirks 0x0000000000000010
[    6.388565][  T200] xhci_hcd 0000:00:06.0: xHCI Host Controller
[    6.389440][  T200] xhci_hcd 0000:00:06.0: new USB bus registered, assigned bus number 2
[    6.398539][  T200] xhci_hcd 0000:00:06.0: Host supports USB 3.0 SuperSpeed
[    6.417599][  T200] usb usb1: New USB device found, idVendor=1d6b, idProduct=0002, bcdDevice= 6.09
[    6.418905][  T200] usb usb1: New USB device strings: Mfr=3, Product=2, SerialNumber=1
[    6.420058][  T200] usb usb1: Product: xHCI Host Controller
[    6.420872][  T200] usb usb1: Manufacturer: Linux 6.9.1-1-default xhci-hcd
[    6.421862][  T200] usb usb1: SerialNumber: 0000:00:06.0
[    6.433765][  T200] hub 1-0:1.0: USB hub found
[    6.438652][  T200] hub 1-0:1.0: 4 ports detected
[    6.446443][  T200] usb usb2: We don't know the algorithms for LPM for this host, disabling LPM.
[    6.451692][  T200] usb usb2: New USB device found, idVendor=1d6b, idProduct=0003, bcdDevice= 6.09
[    6.453022][  T200] usb usb2: New USB device strings: Mfr=3, Product=2, SerialNumber=1
[    6.454168][  T200] usb usb2: Product: xHCI Host Controller
[    6.454975][  T200] usb usb2: Manufacturer: Linux 6.9.1-1-default xhci-hcd
[    6.455965][  T200] usb usb2: SerialNumber: 0000:00:06.0
[    6.471448][  T200] hub 2-0:1.0: USB hub found
[    6.474000][  T200] hub 2-0:1.0: 4 ports detected
[    6.671651][  T197] virtio_net virtio0 ens4: renamed from eth0
[    6.692992][  T135] usb 1-1: new high-speed USB device number 2 using xhci_hcd
[    6.725595][    C0] sr 0:0:0:0: Power-on or device reset occurred
[    6.727591][  T193] sr 0:0:0:0: [sr0] scsi3-mmc drive: 16x/50x cd/rw xa/form2 cdda tray
[    6.728771][  T193] cdrom: Uniform CD-ROM driver Revision: 3.20
[    6.833799][  T135] usb 1-1: New USB device found, idVendor=0627, idProduct=0001, bcdDevice= 0.00
[    6.836825][  T135] usb 1-1: New USB device strings: Mfr=1, Product=3, SerialNumber=10
[    6.839316][  T135] usb 1-1: Product: QEMU USB Tablet
[    6.840743][  T135] usb 1-1: Manufacturer: QEMU
[    6.841409][  T135] usb 1-1: SerialNumber: 28754-0000:00:06.0-1
[    6.848561][  T196] usbcore: registered new interface driver usbhid
[    6.849496][  T196] usbhid: USB HID core driver
[    6.851979][  T196] input: QEMU QEMU USB Tablet as /devices/pci0000:00/0000:00:06.0/usb1/1-1/1-1:1.0/0003:0627:0001.0001/input/input6
[    6.853931][  T196] hid-generic 0003:0627:0001.0001: input,hidraw0: USB HID v0.01 Mouse [QEMU QEMU USB Tablet] on usb-0000:00:06.0-1/input0
[    7.066086][  T453] RPC: Registered named UNIX socket transport module.
[    7.067110][  T453] RPC: Registered udp transport module.
[    7.067908][  T453] RPC: Registered tcp transport module.
[    7.068703][  T453] RPC: Registered tcp-with-tls transport module.
[    7.069604][  T453] RPC: Registered tcp NFSv4.1 backchannel transport module.
[    7.270171][  T477] No iBFT detected.
[9;0]Loading basic drivers...Loading basic drivers
[    7.831359][  T514] st: Version 20160209, fixed bufsize 32768, s/g segs 256
[    7.853559][  T518] sr 0:0:0:0: Attached scsi generic sg0 type 5
[    7.989269][  T530] NET: Registered PF_PACKET protocol family
[    9.008605][  T644] netfs: FS-Cache loaded
[   13.191383][ T1104] 8021q: 802.1Q VLAN Support v1.8
[   13.541335][ T1142] device-mapper: uevent: version 1.0.3
[   13.542522][ T1142] device-mapper: ioctl: 4.48.0-ioctl (2023-03-01) initialised: dm-devel@lists.linux.dev
[   14.602974][ T1258] raid6: avx2x4   gen() 33189 MB/s
[   14.659640][ T1258] raid6: avx2x2   gen() 30774 MB/s
[   14.716308][ T1258] raid6: avx2x1   gen() 22702 MB/s
[   14.716851][ T1258] raid6: using algorithm avx2x4 gen() 33189 MB/s
[   14.772974][ T1258] raid6: .... xor() 4837 MB/s, rmw enabled
[   14.773579][ T1258] raid6: using avx2x2 recovery algorithm
[   15.114217][ T1296] xor: automatically using best checksumming function   avx       
[   15.558265][ T1334] Btrfs loaded, assert=on, zoned=yes, fsverity=yes
 ok
Hardware detection
Starting hardware detection...[   22.516345][ T1612] parport0: PC-style at 0x378 [PCSPP,TRISTATE,EPP]
 ok
(If a driver is not working for you, try booting with brokenmodules=driver_name.)

Red Hat Qemu virtual machine
  drivers: ata_piix*, ata_generic, pata_acpi
Virtio Storage 0
  drivers: virtio_blk*
Activating usb devices...[   23.052820][ T1642] usbcore: registered new interface driver usb-storage
 ok
Virtio Ethernet Card 0
  drivers: virtio_net*
Loading Installation System (1/6) -            0%  1%  2%  3%  4%  5%  6%  7%  8%  9% 10% 11% 12% 13% 14% 15% 16% 17% 18% 19% 20% 21% 22% 23% 24% 25% 26% 27% 28% 29% 30% 31% 32% 33% 34% 35% 36% 37% 38% 39% 40% 41% 42% 43% 44% 45% 46% 47% 48% 49% 50% 51% 52% 53% 54% 55% 56% 57% 58% 59% 60% 61% 62% 63% 64% 65% 66% 67% 68% 69% 70% 71% 72% 73% 74% 75% 76% 77% 78% 79% 80% 81% 82% 83% 84% 85% 86% 87% 88% 89% 90% 91% 92% 93% 94% 95% 96% 97% 98% 99%100%[   32.432290][    T1] loop2: detected capacity change from 0 to 69248

Loading Installation System (2/6) -            0%  1%  2%  3%  4%  5%  6%  7%  8%  9% 10% 11% 12% 13% 14% 15% 16% 17% 18% 19% 20% 21% 22% 23% 24% 25% 26% 27% 28% 29% 30% 31% 32% 33% 34% 35% 36% 37% 38% 39% 40% 41% 42% 43% 44% 45% 46% 47% 48% 49% 50% 51% 52% 53% 54% 55% 56% 57% 58% 59% 60% 61% 62% 63% 64% 65% 66% 67% 68% 69% 70% 71% 72% 73% 74% 75% 76% 77% 78% 79% 80% 81% 82% 83% 84% 85% 86% 87% 88% 89% 90% 91% 92% 93% 94% 95% 96% 97% 98% 99%100%
[   33.770427][    T1] loop3: detected capacity change from 0 to 251520
Loading Installation System (3/6) -            0%  1%  2%  3%  4%  5%  6%  7%  8%  9% 10% 11% 12% 13% 14% 15% 16% 17% 18% 19% 20% 21% 22% 23% 24% 25% 26% 27% 28% 29% 30% 31% 32% 33% 34% 35% 36% 37% 38% 39% 40% 41% 42% 43% 44% 45% 46% 47% 48% 49% 50% 51% 52% 53% 54% 55% 56% 57% 58% 59% 60% 61% 62% 63% 64% 65% 66% 67% 68% 69% 70% 71% 72% 73% 74% 75% 76% 77% 78% 79% 80% 81% 82% 83% 84% 85% 86% 87% 88% 89% 90% 91% 92% 93% 94% 95% 96% 97% 98% 99%100%
[   35.067785][    T1] loop4: detected capacity change from 0 to 8448
Loading Installation System (4/6) -            0%  1%  2%  3%  4%  5%  6%  7%  8%  9% 10% 11% 12% 13% 14% 15% 16% 17% 18% 19% 20% 21% 22% 23% 24% 25% 26% 27% 28% 29% 30% 31% 32% 33% 34% 35% 36% 37% 38% 39% 40% 41% 42% 43% 44% 45% 46% 47% 48% 49% 50% 51% 52% 53% 54% 55% 56% 57% 58% 59% 60% 61% 62% 63% 64% 65% 66% 67% 68% 69% 70% 71% 72% 73% 74% 75% 76% 77% 78% 79% 80% 81% 82% 83% 84% 85% 86% 87% 88% 89% 90% 91% 92% 93% 94% 95% 96% 97% 98% 99%100%
[   35.121517][    T1] loop5: detected capacity change from 0 to 4224
Loading Installation System (5/6) - missing (optional)
Loading Installation System (6/6) -           25% 51% 77%100%
starting rsyslogd (logging to /dev/tty4)... ok
starting klogd... ok
starting nscd... ok
YpuUt-0-
20240528
/.packages.initrd:
MicroOS-release [20240527-2925.1.x86_64]
aaa_base [84.87+git20240523.10a5692-1.1.x86_64]
acpica [20240321-1.1.x86_64]
alts [1.2+30.a5431e9-1.5.x86_64] < dbus-1
autoyast2 [5.0.2-1.1.noarch]
autoyast2-installation [5.0.2-1.1.noarch]
bash [5.2.26-12.1.x86_64]
bcache-tools [1.1+git37.a5e3753-1.3.x86_64]
bcm43xx-firmware [20180314-16.3.noarch]
biosdevname [0.7.3.7.g495ab76-2.2.x86_64]
blog [2.28-1.3.x86_64]
ca-certificates [2+git20240415.3fe9324-1.1.noarch]
ca-certificates-mozilla [2.66-1.2.noarch]
chrony [4.5-1.1.x86_64]
cifs-utils [7.0-3.2.x86_64]
coreutils [9.5-1.1.x86_64]
cpio [2.15-3.1.x86_64]
cracklib [2.9.11-1.4.x86_64] < libcrack2 < libpwquality1 < cryptsetup
crypto-policies [20230920.570ea89-3.2.noarch] < krb5
cryptsetup [2.7.2-1.1.x86_64]
curl [8.8.0-1.1.x86_64]
dbus-1 [1.14.10-2.3.x86_64]
dbus-1-common [1.14.10-2.3.noarch]
dbus-1-daemon [1.14.10-2.3.x86_64]
dbus-1-tools [1.14.10-2.3.x86_64] < dbus-1
device-mapper [2.03.22_1.02.196-3.1.x86_64]
diffutils [3.10-1.7.x86_64]
dmidecode [3.5-4.2.x86_64]
e2fsprogs [1.47.0-4.2.x86_64]
ethtool [6.7-1.2.x86_64]
fcoe-utils [1.0.34-5.2.x86_64]
file-magic [5.45-2.2.noarch] < libmagic1 < util-linux
findutils [4.9.0-4.1.x86_64] < systemd
gawk [5.3.0-1.5.x86_64]
gio-branding-upstream [2.80.2-1.1.noarch] < libgio-2_0-0 < tpm2.0-abrmd
glib2-tools [2.80.2-1.1.x86_64] < libgio-2_0-0 < tpm2.0-abrmd
glibc [2.39-7.1.x86_64]
glibc-locale-base [2.39-7.1.x86_64]
gpg2 [2.4.5-1.1.x86_64]
grep [3.11-3.1.x86_64]
gzip [1.13-3.1.x86_64]
hostname [3.23-3.7.x86_64]
hwinfo [23.2-1.5.x86_64]
iproute2 [6.9-1.1.x86_64]
iputils [20240117-1.3.x86_64]
iscsiuio [0.7.8.8-104.3.x86_64]
joe [4.6-3.2.x86_64]
jq [1.7.1-1.3.x86_64] < wicked-nbft
kbd [2.6.4-4.1.x86_64]
kexec-tools [2.0.28-1.2.x86_64]
kmod [32-1.1.x86_64]
kpartx [0.9.8+88+suse.d504d83-1.1.x86_64]
krb5 [1.21.2-5.1.x86_64]
libacl1 [2.3.2-2.1.x86_64] < systemd
libalternatives1 [1.2+30.a5431e9-1.5.x86_64] < alts < dbus-1
libapparmor1 [4.0.1-1.1.x86_64] < systemd
libargon2-1 [20190702-4.1.x86_64] < libcryptsetup12 < udev
libassuan0 [2.5.7-1.1.x86_64] < gpg2
libattr1 [2.5.2-1.2.x86_64] < coreutils
libaudit1 [3.1.1-1.6.x86_64] < systemd
libblkid1 [2.40.1-2.1.x86_64] < systemd
libblogger2 [2.28-1.3.x86_64] < blog
libbpf1 [1.4.2-1.1.x86_64] < iproute2
libbrotlicommon1 [1.1.0-1.3.x86_64] < libbrotlidec1 < libcurl4 < curl
libbrotlidec1 [1.1.0-1.3.x86_64] < libcurl4 < curl
libbz2-1 [1.0.8-5.10.x86_64] < rpm
libcap-ng0 [0.8.5-1.1.x86_64] < cifs-utils
libcap2 [2.69-1.7.x86_64] < systemd
libcom_err2 [1.47.0-4.2.x86_64] < krb5
libconfig11 [1.7.3-1.11.x86_64] < open-lldp < fcoe-utils
libcrack2 [2.9.11-1.4.x86_64] < libpwquality1 < cryptsetup
libcrypt1 [4.4.36-1.6.x86_64] < systemd
libcryptsetup12 [2.7.2-1.1.x86_64] < udev
libcurl4 [8.8.0-1.1.x86_64] < curl
libdbus-1-3 [1.14.10-2.3.x86_64] < dbus-1
libdevmapper-event1_03 [2.03.22_1.02.196-3.1.x86_64] < device-mapper
libdevmapper1_03 [2.03.22_1.02.196-3.1.x86_64] < nfs-client
libdrm2 [2.4.120-1.3.x86_64] < plymouth
libdw1 [0.191-1.2.x86_64] < strace
libeconf0 [0.6.3-1.1.x86_64] < util-linux-systemd
libefivar1 [38-2.3.x86_64] < tpm2.0-tools
libelf1 [0.191-1.2.x86_64] < iproute2
libestr0 [0.1.11-1.19.x86_64] < rsyslog
libevent-2_1-7 [2.1.12-4.2.x86_64] < nfs-client
libexpat1 [2.6.2-1.1.x86_64] < dbus-1
libext2fs2 [1.47.0-4.2.x86_64] < e2fsprogs
libfastjson4 [1.2304.0-1.4.x86_64] < rsyslog
libfdisk1 [2.40.1-2.1.x86_64] < udev
libffi8 [3.4.6-1.1.x86_64] < libgobject-2_0-0 < tpm2.0-abrmd
libfuse2 [2.9.9-6.7.x86_64] < ntfs-3g
libgcc_s1 [14.1.0+git10173-1.1.x86_64] < libncurses6 < joe
libgcrypt20 [1.10.3-3.3.x86_64] < systemd
libgio-2_0-0 [2.80.2-1.1.x86_64] < tpm2.0-abrmd
libglib-2_0-0 [2.80.2-1.1.x86_64] < tpm2.0-abrmd
libgmodule-2_0-0 [2.80.2-1.1.x86_64] < libgio-2_0-0 < tpm2.0-abrmd
libgmp10 [6.3.0-3.2.x86_64] < coreutils
libgnutls30 [3.8.5-1.1.x86_64]
libgobject-2_0-0 [2.80.2-1.1.x86_64] < tpm2.0-abrmd
libgpg-error0 [1.49-1.1.x86_64] < gpg2
libhd23 [23.2-1.5.x86_64] < hwinfo
libhogweed6 [3.9.1-2.5.x86_64] < libgnutls30
libidn2-0 [2.3.7-1.2.x86_64] < iputils
libiw30 [30.pre9-41.1.x86_64] < wireless-tools
libjitterentropy3 [3.4.1-4.2.x86_64] < libgnutls30
libjq1 [1.7.1-1.3.x86_64] < jq < wicked-nbft
libjson-c5 [0.17-2.3.x86_64] < nvme-cli
libkeyutils1 [1.6.3-7.2.x86_64] < krb5
libkmod2 [32-1.1.x86_64] < systemd
libksba8 [1.6.6-1.1.x86_64] < gpg2
libldap2 [2.6.7-1.1.x86_64] < libcurl4 < curl
liblldp_clif1 [1.1+106.74c0600a8692-1.3.x86_64] < open-lldp < fcoe-utils
liblogging0 [1.0.6-4.23.x86_64] < rsyslog
liblognorm5 [2.0.6-2.22.x86_64] < rsyslog
liblua5_4-5 [5.4.6-3.3.x86_64] < rpm
liblz4-1 [1.9.4-2.8.x86_64] < systemd
liblzma5 [5.6.1.revertto5.4-3.1.x86_64] < systemd
liblzo2-2 [2.10-8.6.x86_64] < squashfs
libmagic1 [5.45-2.2.x86_64] < util-linux
libmediacheck6 [6.3-1.1.x86_64] < linuxrc
libmnl0 [1.0.5-1.7.x86_64] < ethtool
libmount1 [2.40.1-2.1.x86_64] < systemd
libmpfr6 [4.2.1-1.4.x86_64] < gawk
libncurses6 [6.5.20240427-36.1.x86_64] < joe
libnettle8 [3.9.1-2.5.x86_64] < libgnutls30
libnfsidmap1 [1.0-41.3.x86_64] < nfs-client
libnghttp2-14 [1.61.0-1.1.x86_64] < libcurl4 < curl
libnl-config [3.9.0-1.3.noarch] < libnl3-200 < wpa_supplicant
libnl3-200 [3.9.0-1.3.x86_64] < wpa_supplicant
libnpth0 [1.7-1.1.x86_64] < gpg2
libnss_usrfiles2 [2.27.1-1.2.x86_64] < systemd
libntfs-3g89 [2022.10.3-2.7.x86_64] < ntfs-3g
libnvme-mi1 [1.9+0.g80c5cf2-1.1.x86_64] < nvme-cli
libnvme1 [1.9+0.g80c5cf2-1.1.x86_64] < nvme-cli
libonig5 [6.9.9-1.3.x86_64] < libjq1 < jq < wicked-nbft
libopeniscsiusr0 [0.2.0-104.3.x86_64] < open-iscsi
libopenssl3 [3.1.4-8.1.x86_64] < krb5
libp11-kit0 [0.25.3-1.3.x86_64] < libgnutls30
libpci3 [3.10.0-1.5.x86_64] < biosdevname
libpciaccess0 [0.18.1-1.2.x86_64] < fcoe-utils
libpcre1 [8.45-3.1.x86_64] < liblognorm5 < rsyslog
libpcre2-8-0 [10.43-3.1.x86_64] < grep
libply-splash-core5 [22.02.122+94.4bd41a3-11.1.x86_64] < plymouth
libply-splash-graphics5 [22.02.122+94.4bd41a3-11.1.x86_64] < plymouth-plugin-script
libply5 [22.02.122+94.4bd41a3-11.1.x86_64] < plymouth
libpng16-16 [1.6.43-1.1.x86_64] < libply-splash-graphics5 < plymouth-plugin-script
libpopt0 [1.19-1.8.x86_64] < rpm
libprocps8 [3.3.17-17.1.x86_64] < procps
libpsl5 [0.21.5-1.2.x86_64] < libcurl4 < curl
libpwquality1 [1.4.5-2.3.x86_64] < cryptsetup
libreadline8 [8.2.10-1.3.x86_64] < bash
libsasl2-3 [2.1.28-8.1.x86_64] < libldap2 < libcurl4 < curl
libseccomp2 [2.5.5-1.3.x86_64] < systemd
libselinux1 [3.6-1.3.x86_64] < strace
libsemanage-conf [3.6-1.4.x86_64] < libsemanage2 < shadow
libsemanage2 [3.6-1.4.x86_64] < shadow
libsepol2 [3.6-1.3.x86_64] < libsemanage2 < shadow
libsgutils2-1_48-2 [1.48+9.ecc03bb-1.1.x86_64] < sg3_utils
libslp1 [2.0.0-22.2.x86_64] < openslp < openslp-server
libsmartcols1 [2.40.1-2.1.x86_64] < util-linux-systemd
libsqlite3-0 [3.45.3-1.1.x86_64] < nfs-client
libssh-config [0.10.6-2.1.x86_64] < libssh4 < libcurl4 < curl
libssh4 [0.10.6-2.1.x86_64] < libcurl4 < curl
libstdc++6 [14.1.0+git10173-1.1.x86_64] < libncurses6 < joe
libsubid4 [4.15.1-1.2.x86_64] < shadow
libsystemd0 [255.6-2.1.x86_64] < dbus-1
libtalloc2 [2.4.2-1.1.x86_64] < cifs-utils
libtasn1-6 [4.19.0-1.7.x86_64] < libgnutls30
libtirpc-netconfig [1.3.4-1.3.x86_64] < libtirpc3 < rpcbind
libtirpc3 [1.3.4-1.3.x86_64] < rpcbind
libtss2-esys0 [4.1.0-1.1.x86_64] < tpm2.0-tools
libtss2-fapi-common [4.1.0-1.1.x86_64] < libtss2-fapi1 < tpm2.0-tools
libtss2-fapi1 [4.1.0-1.1.x86_64] < tpm2.0-tools
libtss2-mu0 [4.1.0-1.1.x86_64] < tpm2.0-tools
libtss2-rc0 [4.1.0-1.1.x86_64] < tpm2.0-tools
libtss2-sys1 [4.1.0-1.1.x86_64] < tpm2.0-tools
libtss2-tcti-device0 [4.1.0-1.1.x86_64] < tpm2.0-abrmd
libtss2-tcti-tabrmd0 [3.0.0-2.7.x86_64] < tpm2.0-abrmd
libtss2-tctildr0 [4.1.0-1.1.x86_64] < tpm2.0-tools
libudev1 [255.6-2.1.x86_64] < util-linux-systemd
libunistring5 [1.2-1.1.x86_64] < libgnutls30
libusb-1_0-0 [1.0.27-1.2.x86_64] < gpg2
libuuid1 [2.40.1-2.1.x86_64] < bcache-tools
libverto1 [0.3.2-3.3.x86_64] < krb5
libwrap0 [7.6-896.2.x86_64] < rpcbind
libx86emu3 [3.5-2.1.x86_64] < libhd23 < hwinfo
libxml2-2 [2.12.7-1.1.x86_64] < shared-mime-info < libgio-2_0-0 < tpm2.0-abrmd
libxtables12 [1.8.10-2.3.x86_64] < iproute2
libyajl2 [2.1.0-8.5.x86_64] < xen-libs < xen-tools-domU
libz1 [1.3.1-1.1.x86_64] < squashfs
libzstd1 [1.5.6-1.1.x86_64] < systemd
libzypp [17.34.0-1.1.x86_64]
linuxrc [9.3-1.2.x86_64]
login_defs [4.15.1-1.2.noarch] < shadow
lsscsi [0.32-1.6.x86_64]
lvm2 [2.03.22-3.1.x86_64]
mdadm [4.3-2.2.x86_64]
ncurses-utils [6.5.20240427-36.1.x86_64]
netcfg [11.6-13.3.noarch]
nfs-client [2.6.3-41.3.x86_64]
nscd [2.39-7.1.x86_64]
ntfs-3g [2022.10.3-2.7.x86_64]
nvme-cli [2.9.1-1.1.x86_64]
open-iscsi [2.1.9-104.3.x86_64]
open-isns [0.102-2.4.x86_64] < open-iscsi
open-lldp [1.1+106.74c0600a8692-1.3.x86_64] < fcoe-utils
openslp [2.0.0-22.2.x86_64] < openslp-server
openslp-server [2.0.0-22.2.x86_64]
openssh-server [9.6p1-8.1.x86_64]
pam [1.6.1-1.1.x86_64]
pam-config [2.11+git.20240411-1.1.x86_64] < systemd
patch [2.7.6-7.1.x86_64]
plymouth [22.02.122+94.4bd41a3-11.1.x86_64]
plymouth-branding-openSUSE [84.87.20240405-1.2.noarch]
plymouth-plugin-script [22.02.122+94.4bd41a3-11.1.x86_64]
plymouth-plugin-tribar [22.02.122+94.4bd41a3-11.1.x86_64] < plymouth-theme-tribar
plymouth-scripts [22.02.122+94.4bd41a3-11.1.noarch]
plymouth-theme-tribar [22.02.122+94.4bd41a3-11.1.noarch]
polkit [123-2.3.x86_64]
procps [3.3.17-17.1.x86_64]
rpcbind [1.2.6-5.5.x86_64]
rpm [4.19.1.1-3.2.x86_64]
rpm-config-SUSE [20240214-1.2.noarch] < rpm
rsyslog [8.2306.0-5.2.x86_64]
samba-client-libs [4.19.5+git.342.57620c4f7e-1.2.x86_64]
sbl [3.5.0.20130317.git7a75bc29-8.1.x86_64]
sed [4.9-2.6.x86_64]
sg3_utils [1.48+9.ecc03bb-1.1.x86_64]
shadow [4.15.1-1.2.x86_64]
shared-mime-info [2.4-2.2.x86_64] < libgio-2_0-0 < tpm2.0-abrmd
sharutils [4.15.2-8.1.x86_64]
squashfs [4.6.1-2.4.x86_64]
strace [6.9-1.1.x86_64]
suse-module-tools [16.0.44-1.1.x86_64]
sysconfig [0.90.0-3.6.x86_64]
sysconfig-netconfig [0.90.0-3.6.x86_64]
syslog-service [2.0-803.2.noarch] < rsyslog
system-group-hardware [20170617-25.4.noarch]
system-group-kvm [20170617-25.4.noarch]
system-user-daemon [20170617-25.4.noarch]
system-user-lp [20170617-25.4.noarch]
system-user-root [20190513-2.16.noarch] < pam
system-user-tss [20170617-25.4.noarch]
systemd [255.6-2.1.x86_64]
systemd-default-settings [0.10-1.1.noarch] < systemd-default-settings-branding-openSUSE < systemd
systemd-default-settings-branding-openSUSE [0.10-1.1.noarch] < systemd
systemd-presets-branding-MicroOS [20230214-3.1.noarch]
systemd-presets-common-SUSE [15-32.2.noarch] < systemd-presets-branding-MicroOS
systemd-rpm-macros [24-1.6.noarch] < suse-module-tools
sysuser-shadow [3.2-2.3.noarch] < rpcbind
sysvinit-tools [3.08-2.2.x86_64]
tar [1.35-2.2.x86_64]
terminfo [6.5.20240427-36.1.x86_64]
terminfo-base [6.5.20240427-36.1.x86_64]
thin-provisioning-tools [1.0.12-3.1.x86_64] < device-mapper
tpm2-0-tss [4.1.0-1.1.x86_64] < tpm2.0-abrmd
tpm2.0-abrmd [3.0.0-2.7.x86_64]
tpm2.0-tools [5.7-2.1.x86_64]
udev [255.6-2.1.x86_64]
util-linux [2.40.1-2.1.x86_64]
util-linux-systemd [2.40.1-2.1.x86_64]
vlan [1.9-144.3.x86_64]
which [2.21-5.14.x86_64]
wicked [0.6.75-2.1.x86_64]
wicked-nbft [0.6.75-2.1.x86_64]
wicked-service [0.6.75-2.1.x86_64] < wicked
wireless-tools [30.pre9-41.1.x86_64]
wpa_supplicant [2.10-6.2.x86_64]
xen-libs [4.18.2_04-1.1.x86_64] < xen-tools-domU
xen-tools-domU [4.18.2_04-1.1.x86_64]
xf86-input-wacom [0.40.0-3.1.x86_64]
xz [5.6.1.revertto5.4-3.1.x86_64]
IsRws-0-
/.packages.root:
Mesa-dri [24.0.7-375.1.x86_64] < libglvnd < Mesa-libEGL1
Mesa-libEGL1 [24.0.7-375.1.x86_64]
Mesa-libGL1 [24.0.7-375.1.x86_64]
Mesa-libglapi0 [24.0.7-375.1.x86_64] < Mesa-libEGL1
MicroOS-release [20240527-2925.1.x86_64]
aaa_base [84.87+git20240523.10a5692-1.1.x86_64]
adobe-sourcesans3-fonts [3.052-1.3.noarch] < yast2-qt-branding-openSUSE < skelcd-control-MicroOS
adobe-sourcesanspro-fonts [2.045-2.9.noarch]
alts [1.2+30.a5431e9-1.5.x86_64] < vim-small
augeas [1.14.1-1.3.x86_64] < ruby3.3-rubygem-ruby-augeas < ruby3.3-rubygem-cfa < yast2
augeas-lenses [1.14.1-1.3.x86_64] < yast2-installation
autoyast2 [5.0.2-1.1.noarch] < skelcd-control-MicroOS
autoyast2-installation [5.0.2-1.1.noarch] < autoyast2 < skelcd-control-MicroOS
bash [5.2.26-12.1.x86_64]
bitstream-vera-fonts [1.10-316.4.noarch] < graphviz
blog [2.28-1.3.x86_64] < sysvinit-tools
boost-license1_85_0 [1.85.0-1.2.noarch] < libboost_thread1_85_0 < snapper
btrfsprogs [6.8.1-1.1.x86_64]
btrfsprogs-udev-rules [6.8.1-1.1.noarch] < btrfsprogs
bzip2 [1.0.8-5.10.x86_64]
checkmedia [6.3-1.1.x86_64]
chrony [4.5-1.1.x86_64]
chrony-pool-openSUSE [4.5-1.1.noarch] < chrony
coreutils [9.5-1.1.x86_64]
cpio [2.15-3.1.x86_64]
cracklib [2.9.11-1.4.x86_64]
cracklib-dict-full [2.8.12-66.16.x86_64] < libpwquality1 < cryptsetup
crypto-policies [20230920.570ea89-3.2.noarch] < openssh-server
cryptsetup [2.7.2-1.1.x86_64]
dash [0.5.12-2.6.x86_64]
dbus-1 [1.14.10-2.3.x86_64] < systemd
dbus-1-common [1.14.10-2.3.noarch] < dbus-1 < systemd
dbus-1-daemon [1.14.10-2.3.x86_64] < polkit
dbus-1-tools [1.14.10-2.3.x86_64] < dbus-1 < systemd
dejavu-fonts [2.37-1.21.noarch]
device-mapper [2.03.22_1.02.196-3.1.x86_64]
diffutils [3.10-1.7.x86_64]
distribution-logos-openSUSE-MicroOS [20240429-1.1.noarch] < yast2-qt-branding-openSUSE < skelcd-control-MicroOS
dmz-icon-theme-cursors [11.4.0-1.2.noarch]
dosfstools [4.2-4.6.x86_64]
e2fsprogs [1.47.0-4.2.x86_64]
efibootmgr [18-1.6.x86_64]
elilo [3.16-9.2.x86_64]
fcoe-utils [1.0.34-5.2.x86_64] < yast2-fcoe-client < skelcd-control-MicroOS
fdupes [2.3.0-1.1.x86_64] < ruby-common < ruby3.3 < ruby
file [5.45-2.2.x86_64]
file-magic [5.45-2.2.noarch] < libmagic1 < file
fillup [1.42-281.1.x86_64]
findutils [4.9.0-4.1.x86_64]
fontconfig [2.15.0-1.1.x86_64] < fonts-config
fonts-config [20231210+git0.f7216ba-1.3.noarch]
gawk [5.3.0-1.5.x86_64]
glib2-tools [2.80.2-1.1.x86_64] < libgio-2_0-0 < polkit
glibc [2.39-7.1.x86_64] < rpm
glibc-locale-base [2.39-7.1.x86_64]
google-noto-naskharabic-fonts [20240501-1.1.noarch]
google-opensans-fonts [20210927-1.4.noarch] < yast2-qt-branding-openSUSE < skelcd-control-MicroOS
google-poppins-fonts [4.003-1.10.noarch]
google-roboto-fonts [2.138-2.7.noarch]
gpart [0.3-1.32.x86_64]
gpg2 [2.4.5-1.1.x86_64]
gpm [1.20.7-20.2.x86_64]
graphviz [2.49.3-9.2.x86_64]
graphviz-gnome [2.49.3-9.3.x86_64]
graphviz-plugins-core [2.49.3-9.2.x86_64]
grep [3.11-3.1.x86_64]
grub2 [2.12-19.1.x86_64]
gzip [1.13-3.1.x86_64]
hdparm [9.65-3.2.x86_64]
hex [1.11-1.2.x86_64]
hicolor-icon-theme [0.17-4.4.noarch] < dmz-icon-theme-cursors
hostname [3.23-3.7.x86_64] < yast2
hwdata [0.382-1.1.noarch] < pciutils
hwinfo [23.2-1.5.x86_64]
hyper-v [8-4.1.x86_64]
icewm-lite [3.5.0-1.1.x86_64]
indic-fonts [20160512-2.6.noarch]
initviocons [0.5-107.3.x86_64]
iproute2 [6.9-1.1.x86_64] < yast2-installation
iptables [1.8.10-2.3.x86_64]
iputils [20240117-1.3.x86_64]
jfsutils [1.1.15-21.2.x86_64]
joe [4.6-3.2.x86_64]
kbd [2.6.4-4.1.x86_64]
kdump [2.0.5-1.1.x86_64] < skelcd-control-MicroOS
kexec-tools [2.0.28-1.2.x86_64] < kdump < skelcd-control-MicroOS
keyutils [1.6.3-7.2.x86_64] < nfs-client
khmeros-fonts [5.0-118.26.noarch]
klogd [1.5.1-803.2.x86_64]
kpartx [0.9.8+88+suse.d504d83-1.1.x86_64] < multipath-tools
krb5 [1.21.2-5.1.x86_64]
less [643-2.3.x86_64]
libICE6 [1.1.1-1.6.x86_64] < xterm-bin
libImlib2-1 [1.12.2-1.3.x86_64] < icewm-lite
libLLVM18 [18.1.6-1.1.x86_64] < Mesa-dri < libglvnd < Mesa-libEGL1
libQt5Core5 [5.15.13+kde138-1.3.x86_64] < libyui-qt-graph16
libQt5DBus5 [5.15.13+kde138-1.3.x86_64] < libQt5Gui5 < libyui-qt-graph16
libQt5Gui5 [5.15.13+kde138-1.3.x86_64] < libyui-qt-graph16
libQt5Network5 [5.15.13+kde138-1.3.x86_64] < libQt5Gui5 < libyui-qt-graph16
libQt5Svg5 [5.15.13+kde6-1.2.x86_64] < libyui-qt-pkg16
libQt5Widgets5 [5.15.13+kde138-1.3.x86_64] < libyui-qt-graph16
libSM6 [1.2.4-2.5.x86_64] < icewm-lite
libX11-6 [1.8.9-1.1.x86_64] < Mesa-libGL1
libX11-data [1.8.9-1.1.noarch] < libX11-xcb1 < Mesa-libEGL1
libX11-xcb1 [1.8.9-1.1.x86_64] < Mesa-libEGL1
libXau6 [1.0.11-1.5.x86_64] < xorg-x11-server
libXaw7 [1.0.16-1.2.x86_64] < xterm-bin
libXcomposite1 [0.4.6-1.4.x86_64] < icewm-lite
libXcursor1 [1.2.2-1.2.x86_64] < xsetroot < xinit < xorg-x11-Xvnc
libXdamage1 [1.1.6-1.4.x86_64] < icewm-lite
libXdmcp6 [1.1.5-1.2.x86_64] < xorg-x11-server
libXext6 [1.3.6-1.2.x86_64] < Mesa-libGL1
libXfixes3 [6.0.1-1.3.x86_64] < Mesa-libGL1
libXfont2-2 [2.0.6-1.6.x86_64] < xorg-x11-server
libXft2 [2.3.8-1.3.x86_64] < xterm-bin
libXi6 [1.8.1-1.3.x86_64] < xf86-input-wacom
libXinerama1 [1.1.5-1.4.x86_64] < icewm-lite
libXmu6 [1.2.1-1.1.x86_64] < xterm-bin
libXmuu1 [1.2.1-1.1.x86_64] < xset
libXpm4 [3.5.17-1.3.x86_64] < xterm-bin
libXrandr2 [1.5.4-1.3.x86_64] < setxkbmap
libXrender1 [0.9.11-1.4.x86_64] < icewm-lite
libXt6 [1.3.0-1.5.x86_64] < xterm-bin
libXtst6 [1.2.4-1.4.x86_64] < xorg-x11-Xvnc
libXvnc1 [1.13.1-6.2.x86_64] < xorg-x11-Xvnc
libXxf86dga1 [1.1.6-1.5.x86_64] < xdpyinfo
libXxf86vm1 [1.1.5-1.4.x86_64] < Mesa-libGL1
libabsl_lite_2401_0_0 [20240116.2-2.1.x86_64] < libzypp < libyui-ncurses-pkg16
libacl1 [2.3.2-2.1.x86_64] < rpm
libaio1 [0.3.113-4.1.x86_64] < lvm2
libalternatives1 [1.2+30.a5431e9-1.5.x86_64] < alts < vim-small
libapparmor1 [4.0.1-1.1.x86_64] < systemd
libargon2-1 [20190702-4.1.x86_64] < libcryptsetup12 < cryptsetup
libassuan0 [2.5.7-1.1.x86_64] < gpg2
libattr1 [2.5.2-1.2.x86_64] < coreutils
libaudit1 [3.1.1-1.6.x86_64] < openssh-server
libaugeas0 [1.14.1-1.3.x86_64] < augeas-lenses < yast2-installation
libblkid1 [2.40.1-2.1.x86_64] < e2fsprogs
libblogger2 [2.28-1.3.x86_64] < sysvinit-tools
libboost_thread1_85_0 [1.85.0-1.2.x86_64] < snapper
libbpf1 [1.4.2-1.1.x86_64] < iproute2 < yast2-installation
libbrotlicommon1 [1.1.0-1.3.x86_64] < libbrotlidec1 < libfreetype6 < xterm-bin
libbrotlidec1 [1.1.0-1.3.x86_64] < libfreetype6 < xterm-bin
libbtrfs0 [6.8.1-1.1.x86_64] < libsnapper7 < snapper
libbtrfsutil1 [6.8.1-1.1.x86_64] < libsnapper7 < snapper
libbz2-1 [1.0.8-5.10.x86_64] < rpm
libcairo2 [1.18.0-1.3.x86_64] < pango-tools
libcap-ng0 [0.8.5-1.1.x86_64] < smartmontools
libcap2 [2.69-1.7.x86_64] < rpm
libcbor0_11 [0.11.0-1.1.x86_64] < libfido2-1 < openssh-server
libcdt5 [2.49.3-9.2.x86_64] < graphviz-plugins-core
libcgraph6 [2.49.3-9.2.x86_64] < graphviz-plugins-core
libcom_err2 [1.47.0-4.2.x86_64] < e2fsprogs
libconfig11 [1.7.3-1.11.x86_64] < open-lldp < fcoe-utils < yast2-fcoe-client < skelcd-control-MicroOS
libcrack2 [2.9.11-1.4.x86_64] < yast2-users < skelcd-control-MicroOS
libcrypt1 [4.4.36-1.6.x86_64] < openssh-server
libcryptsetup12 [2.7.2-1.1.x86_64] < cryptsetup
libcurl4 [8.8.0-1.1.x86_64] < libpxbackend-1_0
libdatrie1 [0.2.13-1.15.x86_64] < libthai0 < libpango-1_0-0 < pango-tools
libdb-4_8 [4.8.30-43.2.x86_64] < perl
libdbus-1-3 [1.14.10-2.3.x86_64] < xorg-x11-server
libdevmapper-event1_03 [2.03.22_1.02.196-3.1.x86_64] < lvm2
libdevmapper1_03 [2.03.22_1.02.196-3.1.x86_64] < nfs-client
libdouble-conversion3 [3.3.0-1.4.x86_64] < libQt5Core5 < libyui-qt-graph16
libdrm2 [2.4.120-1.3.x86_64] < Mesa-libEGL1
libdrm_amdgpu1 [2.4.120-1.3.x86_64] < Mesa-dri < libglvnd < Mesa-libEGL1
libdrm_intel1 [2.4.120-1.3.x86_64] < Mesa-dri < libglvnd < Mesa-libEGL1
libdrm_nouveau2 [2.4.120-1.3.x86_64] < Mesa-dri < libglvnd < Mesa-libEGL1
libdrm_radeon1 [2.4.120-1.3.x86_64] < Mesa-dri < libglvnd < Mesa-libEGL1
libduktape207 [2.7.0-3.3.x86_64] < polkit
libdw1 [0.191-1.2.x86_64] < strace
libeconf0 [0.6.3-1.1.x86_64] < pam
libedit0 [20210910.3.1-2.7.x86_64] < dash
libefivar1 [38-2.3.x86_64] < efibootmgr
libelf1 [0.191-1.2.x86_64] < ltrace
libepoxy0 [1.5.10-2.4.x86_64] < xorg-x11-server
libevdev2 [1.13.1-1.4.x86_64] < libinput10 < xf86-input-libinput
libevent-2_1-7 [2.1.12-4.2.x86_64] < nfs-client
libexpat1 [2.6.2-1.1.x86_64] < graphviz
libexslt0 [1.1.39-2.1.x86_64] < ruby3.3-rubygem-nokogiri < yast2
libext2fs2 [1.47.0-4.2.x86_64] < e2fsprogs
libfa1 [1.14.1-1.3.x86_64] < libaugeas0 < augeas-lenses < yast2-installation
libfdisk1 [2.40.1-2.1.x86_64] < util-linux
libffi8 [3.4.6-1.1.x86_64] < libwayland-client0 < Mesa-libEGL1
libfido2-1 [1.14.0-1.4.x86_64] < openssh-server
libfontconfig1 [2.15.0-1.1.x86_64] < xterm-bin
libfontenc1 [1.1.8-1.2.x86_64] < mkfontscale
libfreetype6 [2.13.2-2.2.x86_64] < xterm-bin
libfribidi0 [1.0.14-1.1.x86_64] < libpango-1_0-0 < pango-tools
libgbm1 [24.0.7-375.1.x86_64]
libgcc_s1 [14.1.0+git10173-1.1.x86_64] < graphviz-plugins-core
libgcrypt20 [1.10.3-3.3.x86_64] < rpm
libgdbm6 [1.23-3.3.x86_64] < perl
libgdbm_compat4 [1.23-3.3.x86_64] < perl
libgio-2_0-0 [2.80.2-1.1.x86_64] < polkit
libglib-2_0-0 [2.80.2-1.1.x86_64] < graphviz-plugins-core
libglvnd [1.7.0-1.3.x86_64] < Mesa-libEGL1
libgmodule-2_0-0 [2.80.2-1.1.x86_64] < libgio-2_0-0 < polkit
libgmp10 [6.3.0-3.2.x86_64] < coreutils
libgnutls30 [3.8.5-1.1.x86_64] < ntfsprogs
libgobject-2_0-0 [2.80.2-1.1.x86_64] < pango-tools
libgpg-error0 [1.49-1.1.x86_64] < gpg2
libgpgme11 [1.23.2-4.2.x86_64] < libzypp < libyui-ncurses-pkg16
libgpm2 [1.20.7-20.2.x86_64] < gpm
libgraphite2-3 [1.3.14-4.3.x86_64] < libharfbuzz0 < pango-tools
libgts-0_7-5 [0.7.6_p20121130-4.36.x86_64] < graphviz-plugins-core
libgudev-1_0-0 [238-1.4.x86_64] < libwacom9 < libinput10 < xf86-input-libinput
libgvc6 [2.49.3-9.2.x86_64] < graphviz-plugins-core
libgvpr2 [2.49.3-9.2.x86_64] < graphviz
libhandle1 [6.8.0-1.1.x86_64] < xfsdump
libharfbuzz0 [8.5.0-1.2.x86_64] < pango-tools
libhd23 [23.2-1.5.x86_64] < hwinfo
libhidapi-hidraw0 [0.14.0-1.3.x86_64] < libfido2-1 < openssh-server
libhogweed6 [3.9.1-2.5.x86_64] < xorg-x11-Xvnc
libicu75 [75.1-1.1.x86_64] < libQt5Core5 < libyui-qt-graph16
libicu75-ledata [75.1-1.1.noarch] < libicu75 < libQt5Core5 < libyui-qt-graph16
libidn2-0 [2.3.7-1.2.x86_64] < iputils
libinih0 [58-1.3.x86_64] < xfsprogs
libinput10 [1.25.0-2.2.x86_64] < xf86-input-libinput
libip4tc2 [1.8.10-2.3.x86_64] < iptables
libip6tc2 [1.8.10-2.3.x86_64] < iptables
libjitterentropy3 [3.4.1-4.2.x86_64] < libgnutls30 < ntfsprogs
libjpeg8 [8.3.2-79.2.x86_64] < xorg-x11-Xvnc
libjson-c5 [0.17-2.3.x86_64] < snapper
libkeyutils1 [1.6.3-7.2.x86_64] < nfs-client
libkmod2 [32-1.1.x86_64] < pciutils
libksba8 [1.6.6-1.1.x86_64] < gpg2
liblab_gamut1 [2.49.3-9.2.x86_64] < graphviz
libldap2 [2.6.7-1.1.x86_64] < libcurl4 < libpxbackend-1_0
libldapcpp0 [2.6.7-1.1.x86_64] < yast2-ldap < yast2-users < skelcd-control-MicroOS
liblldp_clif1 [1.1+106.74c0600a8692-1.3.x86_64] < open-lldp < fcoe-utils < yast2-fcoe-client < skelcd-control-MicroOS
libltdl7 [2.4.7-3.9.x86_64] < libgvc6 < graphviz-plugins-core
liblua5_4-5 [5.4.6-3.3.x86_64] < rpm
liblvm2cmd2_03 [2.03.22-3.1.x86_64] < lvm2
liblz4-1 [1.9.4-2.8.x86_64] < systemd
liblzma5 [5.6.1.revertto5.4-3.1.x86_64] < rpm
liblzo2-2 [2.10-8.6.x86_64] < btrfsprogs
libmagic1 [5.45-2.2.x86_64] < file
libmediacheck6 [6.3-1.1.x86_64] < checkmedia
libmnl0 [1.0.5-1.7.x86_64] < iptables
libmount1 [2.40.1-2.1.x86_64] < nfs-client
libmpath0 [0.9.8+88+suse.d504d83-1.1.x86_64] < multipath-tools
libmpdec3 [2.5.1-2.19.x86_64] < python311-base < python311-websockify < novnc
libmpfr6 [4.2.1-1.4.x86_64] < gawk
libmtdev1 [1.1.6-1.15.x86_64] < libQt5Gui5 < libyui-qt-graph16
libncurses6 [6.5.20240427-36.1.x86_64] < joe
libnetfilter_conntrack3 [1.0.9-1.9.x86_64] < xtables-plugins < iptables
libnettle8 [3.9.1-2.5.x86_64] < xorg-x11-Xvnc
libnfnetlink0 [1.0.2-1.9.x86_64] < xtables-plugins < iptables
libnfsidmap1 [1.0-41.3.x86_64] < nfs-client
libnftnl11 [1.2.6-1.3.x86_64] < iptables
libnghttp2-14 [1.61.0-1.1.x86_64] < libcurl4 < libpxbackend-1_0
libnl-config [3.9.0-1.3.noarch] < libnl3-200 < xen-libs < kexec-tools < kdump < skelcd-control-MicroOS
libnl3-200 [3.9.0-1.3.x86_64] < xen-libs < kexec-tools < kdump < skelcd-control-MicroOS
libnpth0 [1.7-1.1.x86_64] < gpg2
libnss_usrfiles2 [2.27.1-1.2.x86_64] < nfs-client
libntfs-3g89 [2022.10.3-2.7.x86_64] < ntfsprogs
libopenssl3 [3.1.4-8.1.x86_64] < openssh-server
libp11-kit0 [0.25.3-1.3.x86_64] < p11-kit
libpango-1_0-0 [1.52.0-2.1.x86_64] < pango-tools
libparted-fs-resize0 [3.6-2.1.x86_64] < parted
libparted2 [3.6-2.1.x86_64] < parted
libpathplan4 [2.49.3-9.2.x86_64] < graphviz-plugins-core
libpci3 [3.10.0-1.5.x86_64] < pciutils
libpciaccess0 [0.18.1-1.2.x86_64] < xorg-x11-server
libpcre2-16-0 [10.43-3.1.x86_64] < libQt5Core5 < libyui-qt-graph16
libpcre2-8-0 [10.43-3.1.x86_64] < grep
libpixman-1-0 [0.43.4-1.1.x86_64] < xorg-x11-server
libpkgconf4 [2.1.1-1.2.x86_64] < pkgconf < pkgconf-pkg-config < xorg-x11-server
libpng16-16 [1.6.43-1.1.x86_64] < libfreetype6 < xterm-bin
libpolkit-agent-1-0 [123-2.3.x86_64] < polkit
libpolkit-gobject-1-0 [123-2.3.x86_64] < polkit
libpopt0 [1.19-1.8.x86_64] < rpm
libprocps8 [3.3.17-17.1.x86_64] < procps
libprotobuf-lite25_3_0 [25.3-11.2.x86_64] < libzypp < libyui-ncurses-pkg16
libproxy1 [0.5.6-1.1.x86_64] < libzypp < libyui-ncurses-pkg16
libpsl5 [0.21.5-1.2.x86_64] < libcurl4 < libpxbackend-1_0
libpwquality1 [1.4.5-2.3.x86_64] < cryptsetup
libpxbackend-1_0 [0.5.6-1.1.x86_64]
libpython3_11-1_0 [3.11.9-2.1.x86_64] < python311-base < python311-websockify < novnc
libreadline8 [8.2.10-1.3.x86_64] < bash
libruby3_3-3_3 [3.3.1-2.1.x86_64] < yast2-ruby-bindings < yast2-widget-demo
libsasl2-3 [2.1.28-8.1.x86_64] < libldap2 < libcurl4 < libpxbackend-1_0
libseccomp2 [2.5.5-1.3.x86_64] < systemd
libselinux1 [3.6-1.3.x86_64] < rpm
libsemanage-conf [3.6-1.4.x86_64] < libsemanage2 < shadow
libsemanage2 [3.6-1.4.x86_64] < shadow
libsepol2 [3.6-1.3.x86_64] < libsemanage2 < shadow
libsgutils2-1_48-2 [1.48+9.ecc03bb-1.1.x86_64] < sg3_utils
libsigc-2_0-0 [2.12.1-2.3.x86_64] < libzypp < libyui-ncurses-pkg16
libslp1 [2.0.0-22.2.x86_64] < openslp
libsmartcols1 [2.40.1-2.1.x86_64] < util-linux
libsnapper7 [0.11.0-1.1.x86_64] < snapper
libsnappy1 [1.1.10-2.2.x86_64] < makedumpfile < kdump < skelcd-control-MicroOS
libsolv-tools [0.7.29-1.1.x86_64]
libsolv-tools-base [0.7.29-1.1.x86_64] < libsolv-tools
libsqlite3-0 [3.45.3-1.1.x86_64] < nfs-client
libssh-config [0.10.6-2.1.x86_64] < libssh4 < libcurl4 < libpxbackend-1_0
libssh4 [0.10.6-2.1.x86_64] < libcurl4 < libpxbackend-1_0
libstdc++6 [14.1.0+git10173-1.1.x86_64] < graphviz-plugins-core
libstorage-ng-lang [4.5.204-1.1.noarch]
libstorage-ng-ruby [4.5.204-1.1.x86_64] < yast2-storage-ng
libstorage-ng1 [4.5.204-1.1.x86_64] < libstorage-ng-ruby < yast2-storage-ng
libsubid4 [4.15.1-1.2.x86_64] < shadow
libsystemd0 [255.6-2.1.x86_64] < openssh-server
libtasn1-6 [4.19.0-1.7.x86_64] < p11-kit
libthai-data [0.1.29-1.8.x86_64] < libthai0 < libpango-1_0-0 < pango-tools
libthai0 [0.1.29-1.8.x86_64] < libpango-1_0-0 < pango-tools
libtirpc-netconfig [1.3.4-1.3.x86_64] < libtirpc3 < nfs-client
libtirpc3 [1.3.4-1.3.x86_64] < nfs-client
libts0 [1.22-1.15.x86_64] < libQt5Gui5 < libyui-qt-graph16
libudev1 [255.6-2.1.x86_64]
libunistring5 [1.2-1.1.x86_64] < libgnutls30 < ntfsprogs
liburcu8 [0.14.0-1.5.x86_64] < multipath-tools
libusb-1_0-0 [1.0.27-1.2.x86_64] < usbutils
libutempter0 [1.2.1-2.2.x86_64] < xterm-bin
libuuid1 [2.40.1-2.1.x86_64] < e2fsprogs
libverto1 [0.3.2-3.3.x86_64] < krb5
libvulkan1 [1.3.283.0-1.1.x86_64] < Mesa-dri < libglvnd < Mesa-libEGL1
libwacom-data [2.11.0-1.1.x86_64] < libwacom9 < libinput10 < xf86-input-libinput
libwacom9 [2.11.0-1.1.x86_64] < libinput10 < xf86-input-libinput
libwayland-client0 [1.22.0-1.5.x86_64] < Mesa-libEGL1
libwayland-server0 [1.22.0-1.5.x86_64] < Mesa-libEGL1
libwrap0 [7.6-896.2.x86_64] < rpcbind
libwtmpdb0 [0.12.0+git.20240508-1.1.x86_64] < openssh-server
libx86emu3 [3.5-2.1.x86_64] < libhd23 < hwinfo
libxcb-dri2-0 [1.17.0-1.1.x86_64] < Mesa-libEGL1
libxcb-dri3-0 [1.17.0-1.1.x86_64] < Mesa-libEGL1
libxcb-glx0 [1.17.0-1.1.x86_64] < Mesa-libGL1
libxcb-icccm4 [0.4.2-1.4.x86_64] < libQt5Gui5 < libyui-qt-graph16
libxcb-image0 [0.4.1-1.5.x86_64] < libQt5Gui5 < libyui-qt-graph16
libxcb-keysyms1 [0.4.1-1.4.x86_64] < libQt5Gui5 < libyui-qt-graph16
libxcb-present0 [1.17.0-1.1.x86_64] < Mesa-libEGL1
libxcb-randr0 [1.17.0-1.1.x86_64] < Mesa-libEGL1
libxcb-render-util0 [0.3.10-1.4.x86_64] < libQt5Gui5 < libyui-qt-graph16
libxcb-render0 [1.17.0-1.1.x86_64] < libcairo2 < pango-tools
libxcb-shape0 [1.17.0-1.1.x86_64] < libQt5Gui5 < libyui-qt-graph16
libxcb-shm0 [1.17.0-1.1.x86_64] < Mesa-libGL1
libxcb-sync1 [1.17.0-1.1.x86_64] < Mesa-libEGL1
libxcb-util1 [0.4.1-1.4.x86_64] < libxcb-image0 < libQt5Gui5 < libyui-qt-graph16
libxcb-xfixes0 [1.17.0-1.1.x86_64] < Mesa-libEGL1
libxcb-xinerama0 [1.17.0-1.1.x86_64] < libQt5Gui5 < libyui-qt-graph16
libxcb-xinput0 [1.17.0-1.1.x86_64] < libQt5Gui5 < libyui-qt-graph16
libxcb-xkb1 [1.17.0-1.1.x86_64] < libQt5Gui5 < libyui-qt-graph16
libxcb1 [1.17.0-1.1.x86_64] < Mesa-libEGL1
libxcvt0 [0.1.2-1.7.x86_64] < xorg-x11-server
libxkbcommon-x11-0 [1.7.0-1.2.x86_64] < libQt5Gui5 < libyui-qt-graph16
libxkbcommon0 [1.7.0-1.2.x86_64] < libQt5Gui5 < libyui-qt-graph16
libxkbfile1 [1.1.3-1.2.x86_64] < setxkbmap
libxml2-2 [2.12.7-1.1.x86_64] < libsolv-tools
libxshmfence1 [1.3.2-1.4.x86_64] < Mesa-libEGL1
libxslt-tools [1.1.39-2.1.x86_64] < autoyast2 < skelcd-control-MicroOS
libxslt1 [1.1.39-2.1.x86_64] < ruby3.3-rubygem-nokogiri < yast2
libxtables12 [1.8.10-2.3.x86_64] < iptables
libyajl2 [2.1.0-8.5.x86_64] < xen-libs < kexec-tools < kdump < skelcd-control-MicroOS
libyaml-0-2 [0.2.5-2.5.x86_64] < ruby3.3 < ruby
libyaml-cpp0_8 [0.8.0-1.3.x86_64] < libzypp < libyui-ncurses-pkg16
libyui-ncurses-pkg16 [4.6.1-1.6.x86_64]
libyui-ncurses16 [4.6.1-1.3.x86_64] < libyui-ncurses-pkg16
libyui-qt-graph16 [4.6.1-1.3.x86_64]
libyui-qt-pkg16 [4.6.1-1.6.x86_64]
libyui-qt16 [4.6.1-1.3.x86_64] < libyui-qt-graph16
libyui16 [4.6.1-1.3.x86_64] < libyui-ncurses-pkg16
libz1 [1.3.1-1.1.x86_64] < rpm
libzck1 [1.4.0-2.1.x86_64] < libzypp < libyui-ncurses-pkg16
libzstd1 [1.5.6-1.1.x86_64] < rpm
libzypp [17.34.0-1.1.x86_64] < libyui-ncurses-pkg16
lklug-fonts [0.6-120.25.noarch]
login_defs [4.15.1-1.2.noarch] < shadow
lsscsi [0.32-1.6.x86_64] < libstorage-ng1 < libstorage-ng-ruby < yast2-storage-ng
ltrace [0.7.91+git20230705.8eabf68-2.2.x86_64]
lvm2 [2.03.22-3.1.x86_64]
makedumpfile [1.7.5-1.1.x86_64] < kdump < skelcd-control-MicroOS
mkfontscale [1.2.3-1.2.x86_64]
multipath-tools [0.9.8+88+suse.d504d83-1.1.x86_64]
ncurses-utils [6.5.20240427-36.1.x86_64]
nfs-client [2.6.3-41.3.x86_64]
novnc [1.4.0-1.3.noarch]
nscd [2.39-7.1.x86_64]
ntfsprogs [2022.10.3-2.7.x86_64]
open-lldp [1.1+106.74c0600a8692-1.3.x86_64] < fcoe-utils < yast2-fcoe-client < skelcd-control-MicroOS
openslp [2.0.0-22.2.x86_64]
openslp-server [2.0.0-22.2.x86_64]
openssh [9.6p1-8.1.x86_64]
openssh-clients [9.6p1-8.1.x86_64] < openssh
openssh-common [9.6p1-8.1.x86_64] < openssh-server
openssh-server [9.6p1-8.1.x86_64]
openssl [3.1.4-3.2.noarch] < xorg-x11-Xvnc
openssl-3 [3.1.4-8.1.x86_64] < openssl < xorg-x11-Xvnc
p11-kit [0.25.3-1.3.x86_64]
p11-kit-tools [0.25.3-1.3.x86_64]
pam [1.6.1-1.1.x86_64]
pango-tools [1.52.0-2.1.x86_64]
parted [3.6-2.1.x86_64]
pciutils [3.10.0-1.5.x86_64]
perl [5.38.2-3.1.x86_64]
perl-Digest-SHA1 [2.13-19.43.x86_64] < yast2-users < skelcd-control-MicroOS
perl-Parse-RecDescent [1.967015-1.28.x86_64] < perl-X500-DN < yast2-users < skelcd-control-MicroOS
perl-X500-DN [0.29-110.1.x86_64] < yast2-users < skelcd-control-MicroOS
perl-XML-Bare [0.53-6.1.x86_64]
perl-XML-NamespaceSupport [1.12-1.27.noarch]
perl-base [5.38.2-3.1.x86_64]
perl-gettext [1.07-2.2.x86_64]
pigz [2.8-2.3.x86_64] < yast2-update < skelcd-control-MicroOS
pkgconf [2.1.1-1.2.x86_64] < pkgconf-pkg-config < xorg-x11-server
pkgconf-m4 [2.1.1-1.2.noarch] < pkgconf-pkg-config < xorg-x11-server
pkgconf-pkg-config [2.1.1-1.2.x86_64] < xorg-x11-server
polkit [123-2.3.x86_64]
procinfo [18-226.1.x86_64]
procps [3.3.17-17.1.x86_64]
psmisc [23.6-5.2.x86_64]
python311-base [3.11.9-2.1.x86_64] < python311-websockify < novnc
python311-setuptools [69.0.3-1.4.noarch] < python311-websockify < novnc
python311-websockify [0.10.0-3.10.noarch] < novnc
rgb [1.1.0-1.6.x86_64]
rpcbind [1.2.6-5.5.x86_64]
rpm [4.19.1.1-3.2.x86_64]
rpm-config-SUSE [20240214-1.2.noarch] < rpm
ruby [3.3-1.4.x86_64]
ruby-common [3.2.1-3.4.noarch] < ruby3.3 < ruby
ruby-solv [0.7.29-1.1.x86_64] < yast2-packager < yast2-storage-ng
ruby3.3 [3.3.1-2.1.x86_64] < ruby
ruby3.3-rubygem-abstract_method [1.2.1-2.35.x86_64] < yast2
ruby3.3-rubygem-byebug [11.1.3-1.27.x86_64] < skelcd-control-MicroOS
ruby3.3-rubygem-cfa [1.0.2-1.22.x86_64] < yast2
ruby3.3-rubygem-cfa_grub2 [2.0.0-1.22.x86_64] < yast2-bootloader < yast2-installation
ruby3.3-rubygem-cheetah [1.0.0-1.14.x86_64] < yast2
ruby3.3-rubygem-fast_gettext [2.3.0-1.5.x86_64] < yast2-ruby-bindings < yast2-widget-demo
ruby3.3-rubygem-gem2rpm [0.10.1-23.2.x86_64] < ruby-common < ruby3.3 < ruby
ruby3.3-rubygem-nokogiri [1.15.5-1.5.x86_64] < yast2
ruby3.3-rubygem-ruby-augeas [0.5.0-3.37.x86_64] < ruby3.3-rubygem-cfa < yast2
ruby3.3-rubygem-ruby-dbus [0.23.1-2.4.x86_64] < yast2-storage-ng
ruby3.3-rubygem-simpleidn [0.2.1-1.17.x86_64] < yast2
ruby3.3-rubygem-unf [0.1.4-1.34.x86_64] < ruby3.3-rubygem-simpleidn < yast2
ruby3.3-rubygem-unf_ext [0.0.9.1-1.5.x86_64] < ruby3.3-rubygem-unf < ruby3.3-rubygem-simpleidn < yast2
screen [4.9.1-2.2.x86_64]
sed [4.9-2.6.x86_64]
setxkbmap [1.3.4-1.5.x86_64]
sg3_utils [1.48+9.ecc03bb-1.1.x86_64]
shadow [4.15.1-1.2.x86_64]
skelcd-control-MicroOS [20240524-1.1.x86_64]
smartmontools [7.4-2.3.x86_64]
snapper [0.11.0-1.1.x86_64]
strace [6.9-1.1.x86_64]
suse-module-tools [16.0.44-1.1.x86_64]
sysconfig [0.90.0-3.6.x86_64] < yast2
syslinux [4.04-49.3.x86_64]
system-group-hardware [20170617-25.4.noarch] < libutempter0 < xterm-bin
system-user-daemon [20170617-25.4.noarch] < openslp-server
system-user-root [20190513-2.16.noarch] < pam
systemd [255.6-2.1.x86_64]
systemd-default-settings [0.10-1.1.noarch] < systemd-default-settings-branding-openSUSE < systemd
systemd-default-settings-branding-openSUSE [0.10-1.1.noarch] < systemd
systemd-presets-branding-MicroOS [20230214-3.1.noarch]
systemd-presets-common-SUSE [15-32.2.noarch] < systemd-presets-branding-MicroOS
systemd-rpm-macros [24-1.6.noarch] < suse-module-tools
sysuser-shadow [3.2-2.3.noarch] < openssh-server
sysvinit-tools [3.08-2.2.x86_64]
tar [1.35-2.2.x86_64] < yast2-installation
terminfo-base [6.5.20240427-36.1.x86_64] < screen
thai-fonts [0.7.3-1.10.noarch]
thin-provisioning-tools [1.0.12-3.1.x86_64] < device-mapper
timezone [2024a-3.2.x86_64]
udftools [2.3-1.16.x86_64]
usbutils [017-3.2.x86_64]
util-linux [2.40.1-2.1.x86_64]
vim-data-common [9.1.0413-1.1.noarch] < vim-small
vim-small [9.1.0413-1.1.x86_64]
which [2.21-5.14.x86_64] < novnc
xauth [1.1.3-1.2.x86_64]
xbitmaps [1.1.3-2.3.noarch] < libXmu6 < xterm-bin
xdpyinfo [1.3.4-1.4.x86_64]
xen-libs [4.18.2_04-1.1.x86_64] < kexec-tools < kdump < skelcd-control-MicroOS
xf86-input-libinput [1.4.0-1.3.x86_64]
xf86-input-wacom [0.40.0-3.1.x86_64]
xf86-video-fbdev [0.5.0-3.7.x86_64]
xf86-video-vesa [2.6.0-2.2.x86_64]
xfsdump [3.1.12-3.2.x86_64]
xfsprogs [6.8.0-1.1.x86_64]
xhost [1.0.9-1.6.x86_64]
xinit [1.4.2-2.2.x86_64] < xorg-x11-Xvnc
xkbcomp [1.4.7-1.2.x86_64]
xkeyboard-config [2.41-1.2.noarch]
xmodmap [1.0.11-1.7.x86_64]
xorg-x11-Xvnc [1.13.1-6.2.x86_64]
xorg-x11-fonts [7.6-46.2.noarch] < xorg-x11-fonts-legacy
xorg-x11-fonts-core [7.6-46.2.noarch]
xorg-x11-fonts-legacy [7.6-46.2.noarch]
xorg-x11-server [21.1.12-2.1.x86_64]
xorg-x11-server-Xvfb [21.1.12-2.1.x86_64] < xorg-x11-server
xrandr [1.5.2-2.2.x86_64]
xrdb [1.2.2-1.4.x86_64]
xrefresh [1.1.0-1.2.x86_64]
xset [1.2.5-2.5.x86_64]
xsetroot [1.1.3-1.6.x86_64] < xinit < xorg-x11-Xvnc
xtables-plugins [1.8.10-2.3.x86_64] < iptables
xterm-bin [389-1.3.x86_64]
xterm-resize [389-1.3.x86_64] < xterm-bin
xz [5.6.1.revertto5.4-3.1.x86_64]
yast2 [5.0.8-1.1.x86_64]
yast2-add-on [5.0.0-1.4.noarch] < skelcd-control-MicroOS
yast2-bootloader [5.0.10-1.1.x86_64] < yast2-installation
yast2-buildtools [5.0.0-1.3.noarch]
yast2-caasp [4.6.0-1.4.noarch] < skelcd-control-MicroOS
yast2-core [5.0.2-1.3.x86_64] < yast2
yast2-country [5.0.2-1.4.x86_64] < yast2-installation
yast2-country-data [5.0.2-1.4.x86_64] < yast2-installation
yast2-devtools [5.0.0-1.3.noarch]
yast2-fcoe-client [5.0.0-1.5.noarch] < skelcd-control-MicroOS
yast2-firewall [5.0.0-1.4.noarch] < skelcd-control-MicroOS
yast2-hardware-detection [5.0.0-1.3.x86_64] < yast2
yast2-installation [5.0.10-1.1.noarch]
yast2-iscsi-client [5.0.1-1.4.noarch] < skelcd-control-MicroOS
yast2-kdump [5.0.0-1.4.x86_64] < skelcd-control-MicroOS
yast2-ldap [5.0.0-1.5.x86_64] < yast2-users < skelcd-control-MicroOS
yast2-logs [5.0.8-1.1.x86_64] < yast2
yast2-multipath [5.0.0-1.5.noarch] < skelcd-control-MicroOS
yast2-network [5.0.3-1.1.noarch] < skelcd-control-MicroOS
yast2-nfs-client [5.0.0-1.4.noarch] < skelcd-control-MicroOS
yast2-nfs-common [5.0.0-1.4.noarch] < yast2-nfs-client < skelcd-control-MicroOS
yast2-ntp-client [5.0.0-1.4.noarch] < skelcd-control-MicroOS
yast2-packager [5.0.5-1.1.x86_64] < yast2-storage-ng
yast2-pam [5.0.0-1.4.noarch] < yast2-users < skelcd-control-MicroOS
yast2-perl-bindings [5.0.4-1.1.x86_64] < yast2
yast2-pkg-bindings [5.0.4-1.6.x86_64] < yast2-installation
yast2-proxy [5.0.0-1.4.noarch] < skelcd-control-MicroOS
yast2-qt-branding-openSUSE [84.87.20240405-1.2.noarch] < skelcd-control-MicroOS
yast2-rdp [5.0.0-1.4.noarch] < skelcd-control-MicroOS
yast2-ruby-bindings [5.0.0-1.4.x86_64] < yast2-widget-demo
yast2-schema-micro [5.0.1-1.8.x86_64] < autoyast2 < skelcd-control-MicroOS
yast2-security [5.0.0-1.4.noarch] < yast2-installation
yast2-services-manager [5.0.0-1.4.noarch] < skelcd-control-MicroOS
yast2-slp [5.0.0-1.5.x86_64] < skelcd-control-MicroOS
yast2-storage-ng [5.0.14-1.1.x86_64]
yast2-theme [5.0.1-1.4.noarch] < skelcd-control-MicroOS
yast2-trans-stats [2.19.0-17.28.noarch] < skelcd-control-MicroOS
yast2-transfer [5.0.0-1.5.x86_64] < autoyast2 < skelcd-control-MicroOS
yast2-tune [5.0.0-1.5.x86_64] < skelcd-control-MicroOS
yast2-update [5.0.1-1.4.x86_64] < skelcd-control-MicroOS
yast2-users [5.0.1-1.5.x86_64] < skelcd-control-MicroOS
yast2-vm [5.0.0-1.5.x86_64] < skelcd-control-MicroOS
yast2-widget-demo [0.9.1-1.13.noarch]
yast2-x11 [5.0.2-1.3.x86_64] < skelcd-control-MicroOS
yast2-xml [5.0.0-1.3.x86_64] < autoyast2 < skelcd-control-MicroOS
yast2-ycp-ui-bindings [5.0.0-1.3.x86_64] < yast2-storage-ng
ZFAYC-0-
N06xI-0-
A99Hf-0-
KdUfq-0-
T_TZ1-0-
X5qi2-0-
4U~aA-0-
tzby~-0-
5RNha-0-
BJxk6-0-
[  600.179685][    T1] reboot: Restarting system


Welcome to openSUSE MicroOS (x86_64) - Kernel 6.9.1-1-default (ttyS0).

SSH host key: SHA256:vVEX6a92D2NAWAZNXlg8m5Qi96iKU4ZMfmV0URficFI (RSA)
SSH host key: SHA256:76acmXFw8QuvSTV6YdW4GmjClDd2oFZvrj6StWKy26Y (ECDSA)
SSH host key: SHA256:SC11a56H03GiuJ5+FFcl+YxHvZ05qtaUe37zfFgZcAY (ED25519)
ens4: 10.0.2.15 fec0::10cb:213d:f1b4:4a24


localhost login: YpuUt-0-
cqMh2-0-
EKjwm
May 28 07:37:55 localhost kernel: audit: type=1400 audit(1716881875.306:3): avc:  denied  { map_read map_write } for  pid=564 comm="systemd-fstab-g" scontext=system_u:system_r:systemd_fstab_generator_t:s0 tcontext=system_u:system_r:init_t:s0 tclass=bpf permissive=0
May 28 07:37:55 localhost kernel: audit: type=1400 audit(1716881875.319:4): avc:  denied  { map_read map_write } for  pid=567 comm="systemd-gpt-aut" scontext=system_u:system_r:systemd_gpt_generator_t:s0 tcontext=system_u:system_r:init_t:s0 tclass=bpf permissive=0
May 28 07:37:57 localhost kernel: audit: type=1400 audit(1716881877.236:5): avc:  denied  { getattr } for  pid=724 comm="systemd-sysctl" path="/usr/local" dev="vda2" ino=256 scontext=system_u:system_r:systemd_sysctl_t:s0-s0:c0.c1023 tcontext=system_u:object_r:unlabeled_t:s0 tclass=dir permissive=0
SCRIPT_FINISHEDEKjwm-0-
1w08R-0-
5ZEQr-0-
8I3L6-0-
UfVk_-0-
OSm16
SCRIPT_FINISHEDOSm16-1-
WgXp8-0-
c6eFV-0-
unneed_repos_removed
JL9pQ-0-
c6eFV-0-
UfVk_-0-
OSm16
type=AVC msg=audit(1716881945.442:104): avc:  denied  { map_read map_write } for  pid=1296 comm="systemd-fstab-g" scontext=system_u:system_r:systemd_fstab_generator_t:s0 tcontext=system_u:system_r:init_t:s0 tclass=bpf permissive=0
type=AVC msg=audit(1716881945.449:105): avc:  denied  { map_read map_write } for  pid=1298 comm="systemd-gpt-aut" scontext=system_u:system_r:systemd_gpt_generator_t:s0 tcontext=system_u:system_r:init_t:s0 tclass=bpf permissive=0
SCRIPT_FINISHEDOSm16-0-
1xBk1-0-
GfrcR-0-
fDmt2-0-
UfVk_-0-
OSm16
type=AVC msg=audit(1716881945.442:104): avc:  denied  { map_read map_write } for  pid=1296 comm="systemd-fstab-g" scontext=system_u:system_r:systemd_fstab_generator_t:s0 tcontext=system_u:system_r:init_t:s0 tclass=bpf permissive=0
type=AVC msg=audit(1716881945.449:105): avc:  denied  { map_read map_write } for  pid=1298 comm="systemd-gpt-aut" scontext=system_u:system_r:systemd_gpt_generator_t:s0 tcontext=system_u:system_r:init_t:s0 tclass=bpf permissive=0
SCRIPT_FINISHEDOSm16-0-
[  161.487944][    T1] reboot: Restarting system


Welcome to openSUSE MicroOS (x86_64) - Kernel 6.9.1-1-default (ttyS0).

SSH host key: SHA256:vVEX6a92D2NAWAZNXlg8m5Qi96iKU4ZMfmV0URficFI (RSA)
SSH host key: SHA256:76acmXFw8QuvSTV6YdW4GmjClDd2oFZvrj6StWKy26Y (ECDSA)
SSH host key: SHA256:SC11a56H03GiuJ5+FFcl+YxHvZ05qtaUe37zfFgZcAY (ED25519)
ens4: 10.0.2.15 fec0::1fd7:4b19:3f54:b30d


localhost login: YpuUt-0-
cqMh2-0-
EKjwm
May 28 07:41:03 localhost kernel: audit: type=1400 audit(1716882063.139:3): avc:  denied  { map_read map_write } for  pid=557 comm="systemd-fstab-g" scontext=system_u:system_r:systemd_fstab_generator_t:s0 tcontext=system_u:system_r:init_t:s0 tclass=bpf permissive=0
May 28 07:41:03 localhost kernel: audit: type=1400 audit(1716882063.159:4): avc:  denied  { map_read map_write } for  pid=559 comm="systemd-gpt-aut" scontext=system_u:system_r:systemd_gpt_generator_t:s0 tcontext=system_u:system_r:init_t:s0 tclass=bpf permissive=0
SCRIPT_FINISHEDEKjwm-0-
[   40.752530][    T1] reboot: Restarting system


Welcome to openSUSE MicroOS (x86_64) - Kernel 6.9.1-1-default (ttyS0).

SSH host key: SHA256:76acmXFw8QuvSTV6YdW4GmjClDd2oFZvrj6StWKy26Y (ECDSA)
SSH host key: SHA256:SC11a56H03GiuJ5+FFcl+YxHvZ05qtaUe37zfFgZcAY (ED25519)
SSH host key: SHA256:vVEX6a92D2NAWAZNXlg8m5Qi96iKU4ZMfmV0URficFI (RSA)
ens4: 10.0.2.15 fe80::5054:ff:fe12:3456


localhost login: 

Welcome to openSUSE MicroOS (x86_64) - Kernel 6.9.1-1-default (ttyS0).

SSH host key: SHA256:76acmXFw8QuvSTV6YdW4GmjClDd2oFZvrj6StWKy26Y (ECDSA)
SSH host key: SHA256:SC11a56H03GiuJ5+FFcl+YxHvZ05qtaUe37zfFgZcAY (ED25519)
SSH host key: SHA256:vVEX6a92D2NAWAZNXlg8m5Qi96iKU4ZMfmV0URficFI (RSA)
ens4: 10.0.2.15 fec0::5415:1486:4e6d:18be


localhost login: YpuUt-0-
cqMh2-0-
EKjwm
May 28 07:41:47 localhost kernel: audit: type=1400 audit(1716882107.056:3): avc:  denied  { map_read map_write } for  pid=561 comm="systemd-fstab-g" scontext=system_u:system_r:systemd_fstab_generator_t:s0 tcontext=system_u:system_r:init_t:s0 tclass=bpf permissive=0
May 28 07:41:47 localhost kernel: audit: type=1400 audit(1716882107.066:4): avc:  denied  { map_read map_write } for  pid=563 comm="systemd-gpt-aut" scontext=system_u:system_r:systemd_gpt_generator_t:s0 tcontext=system_u:system_r:init_t:s0 tclass=bpf permissive=0
SCRIPT_FINISHEDEKjwm-0-
[   35.665453][    T1] reboot: Restarting system


Welcome to openSUSE MicroOS (x86_64) - Kernel 6.9.1-1-default (ttyS0).

SSH host key: SHA256:76acmXFw8QuvSTV6YdW4GmjClDd2oFZvrj6StWKy26Y (ECDSA)
SSH host key: SHA256:SC11a56H03GiuJ5+FFcl+YxHvZ05qtaUe37zfFgZcAY (ED25519)
SSH host key: SHA256:vVEX6a92D2NAWAZNXlg8m5Qi96iKU4ZMfmV0URficFI (RSA)
ens4: 10.0.2.15 fe80::5054:ff:fe12:3456


localhost login: 

Welcome to openSUSE MicroOS (x86_64) - Kernel 6.9.1-1-default (ttyS0).

SSH host key: SHA256:76acmXFw8QuvSTV6YdW4GmjClDd2oFZvrj6StWKy26Y (ECDSA)
SSH host key: SHA256:SC11a56H03GiuJ5+FFcl+YxHvZ05qtaUe37zfFgZcAY (ED25519)
SSH host key: SHA256:vVEX6a92D2NAWAZNXlg8m5Qi96iKU4ZMfmV0URficFI (RSA)
ens4: 10.0.2.15 fec0::4a1f:9498:2d84:e014


localhost login: YpuUt-0-
[   59.827928][    T1] reboot: Restarting system


Welcome to openSUSE MicroOS (x86_64) - Kernel 6.9.1-1-default (ttyS0).

SSH host key: SHA256:76acmXFw8QuvSTV6YdW4GmjClDd2oFZvrj6StWKy26Y (ECDSA)
SSH host key: SHA256:SC11a56H03GiuJ5+FFcl+YxHvZ05qtaUe37zfFgZcAY (ED25519)
SSH host key: SHA256:vVEX6a92D2NAWAZNXlg8m5Qi96iKU4ZMfmV0URficFI (RSA)
ens4: 10.0.2.15 fec0::223f:bd28:60b9:3d15


localhost login: YpuUt-0-
cqMh2-0-
EKjwm
May 28 07:43:30 localhost kernel: audit: type=1400 audit(1716882210.073:3): avc:  denied  { map_read map_write } for  pid=560 comm="systemd-fstab-g" scontext=system_u:system_r:systemd_fstab_generator_t:s0 tcontext=system_u:system_r:init_t:s0 tclass=bpf permissive=0
May 28 07:43:30 localhost kernel: audit: type=1400 audit(1716882210.076:4): avc:  denied  { map_read map_write } for  pid=562 comm="systemd-gpt-aut" scontext=system_u:system_r:systemd_gpt_generator_t:s0 tcontext=system_u:system_r:init_t:s0 tclass=bpf permissive=0
SCRIPT_FINISHEDEKjwm-0-
[   95.562210][    T1] reboot: Restarting system


Welcome to openSUSE MicroOS (x86_64) - Kernel 6.9.1-1-default (ttyS0).

SSH host key: SHA256:76acmXFw8QuvSTV6YdW4GmjClDd2oFZvrj6StWKy26Y (ECDSA)
SSH host key: SHA256:SC11a56H03GiuJ5+FFcl+YxHvZ05qtaUe37zfFgZcAY (ED25519)
SSH host key: SHA256:vVEX6a92D2NAWAZNXlg8m5Qi96iKU4ZMfmV0URficFI (RSA)
ens4: 10.0.2.15 fec0::ff5:122f:8cf0:8bd6


localhost login: YpuUt-0-
cqMh2-0-
EKjwm
May 28 07:45:10 localhost kernel: audit: type=1400 audit(1716882310.139:3): avc:  denied  { map_read map_write } for  pid=559 comm="systemd-fstab-g" scontext=system_u:system_r:systemd_fstab_generator_t:s0 tcontext=system_u:system_r:init_t:s0 tclass=bpf permissive=0
May 28 07:45:10 localhost kernel: audit: type=1400 audit(1716882310.139:4): avc:  denied  { map_read map_write } for  pid=561 comm="systemd-gpt-aut" scontext=system_u:system_r:systemd_gpt_generator_t:s0 tcontext=system_u:system_r:init_t:s0 tclass=bpf permissive=0
SCRIPT_FINISHEDEKjwm-0-
[   50.880888][    T1] reboot: Restarting system


Welcome to openSUSE MicroOS (x86_64) - Kernel 6.9.1-1-default (ttyS0).

SSH host key: SHA256:76acmXFw8QuvSTV6YdW4GmjClDd2oFZvrj6StWKy26Y (ECDSA)
SSH host key: SHA256:SC11a56H03GiuJ5+FFcl+YxHvZ05qtaUe37zfFgZcAY (ED25519)
SSH host key: SHA256:vVEX6a92D2NAWAZNXlg8m5Qi96iKU4ZMfmV0URficFI (RSA)
ens4: 10.0.2.15 fe80::5054:ff:fe12:3456


localhost login: 

Welcome to openSUSE MicroOS (x86_64) - Kernel 6.9.1-1-default (ttyS0).

SSH host key: SHA256:76acmXFw8QuvSTV6YdW4GmjClDd2oFZvrj6StWKy26Y (ECDSA)
SSH host key: SHA256:SC11a56H03GiuJ5+FFcl+YxHvZ05qtaUe37zfFgZcAY (ED25519)
SSH host key: SHA256:vVEX6a92D2NAWAZNXlg8m5Qi96iKU4ZMfmV0URficFI (RSA)
ens4: 10.0.2.15 fec0::3842:de84:4e35:add8


localhost login: YpuUt-0-
cqMh2-0-
EKjwm
May 28 07:46:04 localhost kernel: audit: type=1400 audit(1716882364.039:3): avc:  denied  { map_read map_write } for  pid=557 comm="systemd-fstab-g" scontext=system_u:system_r:systemd_fstab_generator_t:s0 tcontext=system_u:system_r:init_t:s0 tclass=bpf permissive=0
May 28 07:46:04 localhost kernel: audit: type=1400 audit(1716882364.053:4): avc:  denied  { map_read map_write } for  pid=559 comm="systemd-gpt-aut" scontext=system_u:system_r:systemd_gpt_generator_t:s0 tcontext=system_u:system_r:init_t:s0 tclass=bpf permissive=0
SCRIPT_FINISHEDEKjwm-0-
[   37.225134][    T1] reboot: Restarting system


Welcome to openSUSE MicroOS (x86_64) - Kernel 6.9.1-1-default (ttyS0).

SSH host key: SHA256:76acmXFw8QuvSTV6YdW4GmjClDd2oFZvrj6StWKy26Y (ECDSA)
SSH host key: SHA256:SC11a56H03GiuJ5+FFcl+YxHvZ05qtaUe37zfFgZcAY (ED25519)
SSH host key: SHA256:vVEX6a92D2NAWAZNXlg8m5Qi96iKU4ZMfmV0URficFI (RSA)
ens4: 10.0.2.15 fe80::5054:ff:fe12:3456


localhost login: 

Welcome to openSUSE MicroOS (x86_64) - Kernel 6.9.1-1-default (ttyS0).

SSH host key: SHA256:76acmXFw8QuvSTV6YdW4GmjClDd2oFZvrj6StWKy26Y (ECDSA)
SSH host key: SHA256:SC11a56H03GiuJ5+FFcl+YxHvZ05qtaUe37zfFgZcAY (ED25519)
SSH host key: SHA256:vVEX6a92D2NAWAZNXlg8m5Qi96iKU4ZMfmV0URficFI (RSA)
ens4: 10.0.2.15 fec0::df14:2cb8:7b17:aaa1


localhost login: YpuUt-0-
cqMh2-0-
EKjwm
Jan 20 03:14:17 localhost kernel: audit: type=1400 audit(2147570057.036:3): avc:  denied  { map_read map_write } for  pid=544 comm="systemd-fstab-g" scontext=system_u:system_r:systemd_fstab_generator_t:s0 tcontext=system_u:system_r:init_t:s0 tclass=bpf permissive=0
Jan 20 03:14:17 localhost kernel: audit: type=1400 audit(2147570057.046:4): avc:  denied  { map_read map_write } for  pid=546 comm="systemd-gpt-aut" scontext=system_u:system_r:systemd_gpt_generator_t:s0 tcontext=system_u:system_r:init_t:s0 tclass=bpf permissive=0
SCRIPT_FINISHEDEKjwm-0-
YpuUt-0-
[  259.780941][    T1] reboot: Restarting system


Welcome to openSUSE MicroOS (x86_64) - Kernel 6.9.1-1-default (ttyS0).

SSH host key: SHA256:vVEX6a92D2NAWAZNXlg8m5Qi96iKU4ZMfmV0URficFI (RSA)
SSH host key: SHA256:76acmXFw8QuvSTV6YdW4GmjClDd2oFZvrj6StWKy26Y (ECDSA)
SSH host key: SHA256:SC11a56H03GiuJ5+FFcl+YxHvZ05qtaUe37zfFgZcAY (ED25519)
ens4: 10.0.2.15 fec0::4e88:c0ab:bd76:12d


localhost login: YpuUt-0-
cqMh2-0-
EKjwm
May 28 07:50:18 localhost kernel: audit: type=1400 audit(1716882618.319:3): avc:  denied  { map_read map_write } for  pid=556 comm="systemd-fstab-g" scontext=system_u:system_r:systemd_fstab_generator_t:s0 tcontext=system_u:system_r:init_t:s0 tclass=bpf permissive=0
May 28 07:50:18 localhost kernel: audit: type=1400 audit(1716882618.333:4): avc:  denied  { map_read map_write } for  pid=558 comm="systemd-gpt-aut" scontext=system_u:system_r:systemd_gpt_generator_t:s0 tcontext=system_u:system_r:init_t:s0 tclass=bpf permissive=0
SCRIPT_FINISHEDEKjwm-0-
[   43.481578][    T1] reboot: Restarting system


Welcome to openSUSE MicroOS (x86_64) - Kernel 6.9.1-1-default (ttyS0).

SSH host key: SHA256:76acmXFw8QuvSTV6YdW4GmjClDd2oFZvrj6StWKy26Y (ECDSA)
SSH host key: SHA256:SC11a56H03GiuJ5+FFcl+YxHvZ05qtaUe37zfFgZcAY (ED25519)
SSH host key: SHA256:vVEX6a92D2NAWAZNXlg8m5Qi96iKU4ZMfmV0URficFI (RSA)
ens4: 10.0.2.15 fec0::cf90:825a:c012:8f9e


localhost login: YpuUt-0-
cqMh2-0-
EKjwm
May 28 07:51:05 localhost kernel: audit: type=1400 audit(1716882665.103:3): avc:  denied  { map_read map_write } for  pid=554 comm="systemd-fstab-g" scontext=system_u:system_r:systemd_fstab_generator_t:s0 tcontext=system_u:system_r:init_t:s0 tclass=bpf permissive=0
May 28 07:51:05 localhost kernel: audit: type=1400 audit(1716882665.113:4): avc:  denied  { map_read map_write } for  pid=556 comm="systemd-gpt-aut" scontext=system_u:system_r:systemd_gpt_generator_t:s0 tcontext=system_u:system_r:init_t:s0 tclass=bpf permissive=0
SCRIPT_FINISHEDEKjwm-0-
[   46.570853][    T1] reboot: Restarting system


Welcome to openSUSE MicroOS (x86_64) - Kernel 6.9.1-1-default (ttyS0).

SSH host key: SHA256:76acmXFw8QuvSTV6YdW4GmjClDd2oFZvrj6StWKy26Y (ECDSA)
SSH host key: SHA256:SC11a56H03GiuJ5+FFcl+YxHvZ05qtaUe37zfFgZcAY (ED25519)
SSH host key: SHA256:vVEX6a92D2NAWAZNXlg8m5Qi96iKU4ZMfmV0URficFI (RSA)
ens4: 10.0.2.15 fe80::5054:ff:fe12:3456


localhost login: 

Welcome to openSUSE MicroOS (x86_64) - Kernel 6.9.1-1-default (ttyS0).

SSH host key: SHA256:76acmXFw8QuvSTV6YdW4GmjClDd2oFZvrj6StWKy26Y (ECDSA)
SSH host key: SHA256:SC11a56H03GiuJ5+FFcl+YxHvZ05qtaUe37zfFgZcAY (ED25519)
SSH host key: SHA256:vVEX6a92D2NAWAZNXlg8m5Qi96iKU4ZMfmV0URficFI (RSA)
ens4: 10.0.2.15 fec0::fde:2a6a:c995:11ab


localhost login: YpuUt-0-
cqMh2-0-
EKjwm
May 28 07:51:55 localhost kernel: audit: type=1400 audit(1716882715.156:3): avc:  denied  { map_read map_write } for  pid=558 comm="systemd-fstab-g" scontext=system_u:system_r:systemd_fstab_generator_t:s0 tcontext=system_u:system_r:init_t:s0 tclass=bpf permissive=0
May 28 07:51:55 localhost kernel: audit: type=1400 audit(1716882715.166:4): avc:  denied  { map_read map_write } for  pid=560 comm="systemd-gpt-aut" scontext=system_u:system_r:systemd_gpt_generator_t:s0 tcontext=system_u:system_r:init_t:s0 tclass=bpf permissive=0
SCRIPT_FINISHEDEKjwm-0-
[   54.933730][    T1] reboot: Restarting system


Welcome to openSUSE MicroOS (x86_64) - Kernel 6.9.1-1-default (ttyS0).

SSH host key: SHA256:76acmXFw8QuvSTV6YdW4GmjClDd2oFZvrj6StWKy26Y (ECDSA)
SSH host key: SHA256:SC11a56H03GiuJ5+FFcl+YxHvZ05qtaUe37zfFgZcAY (ED25519)
SSH host key: SHA256:vVEX6a92D2NAWAZNXlg8m5Qi96iKU4ZMfmV0URficFI (RSA)
ens4: 10.0.2.15 fec0::d66d:226a:4580:44cd


localhost login: YpuUt-0-
cqMh2-0-
EKjwm
May 28 07:52:54 localhost kernel: audit: type=1400 audit(1716882774.113:3): avc:  denied  { map_read map_write } for  pid=560 comm="systemd-fstab-g" scontext=system_u:system_r:systemd_fstab_generator_t:s0 tcontext=system_u:system_r:init_t:s0 tclass=bpf permissive=0
May 28 07:52:54 localhost kernel: audit: type=1400 audit(1716882774.126:4): avc:  denied  { map_read map_write } for  pid=562 comm="systemd-gpt-aut" scontext=system_u:system_r:systemd_gpt_generator_t:s0 tcontext=system_u:system_r:init_t:s0 tclass=bpf permissive=0
SCRIPT_FINISHEDEKjwm-0-
[   45.218300][    T1] reboot: Restarting system


Welcome to openSUSE MicroOS (x86_64) - Kernel 6.9.1-1-default (ttyS0).

SSH host key: SHA256:76acmXFw8QuvSTV6YdW4GmjClDd2oFZvrj6StWKy26Y (ECDSA)
SSH host key: SHA256:SC11a56H03GiuJ5+FFcl+YxHvZ05qtaUe37zfFgZcAY (ED25519)
SSH host key: SHA256:vVEX6a92D2NAWAZNXlg8m5Qi96iKU4ZMfmV0URficFI (RSA)
ens4: 10.0.2.15 fe80::5054:ff:fe12:3456


localhost login: 

Welcome to openSUSE MicroOS (x86_64) - Kernel 6.9.1-1-default (ttyS0).

SSH host key: SHA256:76acmXFw8QuvSTV6YdW4GmjClDd2oFZvrj6StWKy26Y (ECDSA)
SSH host key: SHA256:SC11a56H03GiuJ5+FFcl+YxHvZ05qtaUe37zfFgZcAY (ED25519)
SSH host key: SHA256:vVEX6a92D2NAWAZNXlg8m5Qi96iKU4ZMfmV0URficFI (RSA)
ens4: 10.0.2.15 fec0::2aa0:7df2:bd61:15c9


localhost login: YpuUt-0-
cqMh2-0-
EKjwm
May 28 07:53:43 localhost kernel: audit: type=1400 audit(1716882823.026:3): avc:  denied  { map_read map_write } for  pid=558 comm="systemd-fstab-g" scontext=system_u:system_r:systemd_fstab_generator_t:s0 tcontext=system_u:system_r:init_t:s0 tclass=bpf permissive=0
May 28 07:53:43 localhost kernel: audit: type=1400 audit(1716882823.036:4): avc:  denied  { map_read map_write } for  pid=560 comm="systemd-gpt-aut" scontext=system_u:system_r:systemd_gpt_generator_t:s0 tcontext=system_u:system_r:init_t:s0 tclass=bpf permissive=0
SCRIPT_FINISHEDEKjwm-0-
[   47.941743][    T1] reboot: Restarting system


Welcome to openSUSE MicroOS (x86_64) - Kernel 6.9.1-1-default (ttyS0).

SSH host key: SHA256:76acmXFw8QuvSTV6YdW4GmjClDd2oFZvrj6StWKy26Y (ECDSA)
SSH host key: SHA256:SC11a56H03GiuJ5+FFcl+YxHvZ05qtaUe37zfFgZcAY (ED25519)
SSH host key: SHA256:vVEX6a92D2NAWAZNXlg8m5Qi96iKU4ZMfmV0URficFI (RSA)
ens4: 10.0.2.15 fec0::c1ea:df43:fdb2:7fe3


localhost login: YpuUt-0-
cqMh2-0-
EKjwm
May 28 07:54:35 localhost kernel: audit: type=1400 audit(1716882875.106:3): avc:  denied  { map_read map_write } for  pid=560 comm="systemd-fstab-g" scontext=system_u:system_r:systemd_fstab_generator_t:s0 tcontext=system_u:system_r:init_t:s0 tclass=bpf permissive=0
May 28 07:54:35 localhost kernel: audit: type=1400 audit(1716882875.119:4): avc:  denied  { map_read map_write } for  pid=562 comm="systemd-gpt-aut" scontext=system_u:system_r:systemd_gpt_generator_t:s0 tcontext=system_u:system_r:init_t:s0 tclass=bpf permissive=0
SCRIPT_FINISHEDEKjwm-0-
[   47.365360][    T1] reboot: Restarting system


Welcome to openSUSE MicroOS (x86_64) - Kernel 6.9.1-1-default (ttyS0).

SSH host key: SHA256:76acmXFw8QuvSTV6YdW4GmjClDd2oFZvrj6StWKy26Y (ECDSA)
SSH host key: SHA256:SC11a56H03GiuJ5+FFcl+YxHvZ05qtaUe37zfFgZcAY (ED25519)
SSH host key: SHA256:vVEX6a92D2NAWAZNXlg8m5Qi96iKU4ZMfmV0URficFI (RSA)
